Archive member included because of file (symbol)

/opt/york/cs/net/sourcery-g++-lite-arm-eabi-2010.09.51-i686-1/arm-none-eabi/lib/thumb2/libc.a(lib_a-atoi.o)
                              main.o (atoi)
/opt/york/cs/net/sourcery-g++-lite-arm-eabi-2010.09.51-i686-1/arm-none-eabi/lib/thumb2/libc.a(lib_a-malloc.o)
                              source/Wave.o (malloc)
/opt/york/cs/net/sourcery-g++-lite-arm-eabi-2010.09.51-i686-1/arm-none-eabi/lib/thumb2/libc.a(lib_a-mallocr.o)
                              /opt/york/cs/net/sourcery-g++-lite-arm-eabi-2010.09.51-i686-1/arm-none-eabi/lib/thumb2/libc.a(lib_a-malloc.o) (_malloc_r)
/opt/york/cs/net/sourcery-g++-lite-arm-eabi-2010.09.51-i686-1/arm-none-eabi/lib/thumb2/libc.a(lib_a-memcpy.o)
                              main.o (memcpy)
/opt/york/cs/net/sourcery-g++-lite-arm-eabi-2010.09.51-i686-1/arm-none-eabi/lib/thumb2/libc.a(lib_a-memset.o)
                              main.o (memset)
/opt/york/cs/net/sourcery-g++-lite-arm-eabi-2010.09.51-i686-1/arm-none-eabi/lib/thumb2/libc.a(lib_a-mlock.o)
                              /opt/york/cs/net/sourcery-g++-lite-arm-eabi-2010.09.51-i686-1/arm-none-eabi/lib/thumb2/libc.a(lib_a-mallocr.o) (__malloc_lock)
/opt/york/cs/net/sourcery-g++-lite-arm-eabi-2010.09.51-i686-1/arm-none-eabi/lib/thumb2/libc.a(lib_a-sbrkr.o)
                              /opt/york/cs/net/sourcery-g++-lite-arm-eabi-2010.09.51-i686-1/arm-none-eabi/lib/thumb2/libc.a(lib_a-mallocr.o) (_sbrk_r)
/opt/york/cs/net/sourcery-g++-lite-arm-eabi-2010.09.51-i686-1/arm-none-eabi/lib/thumb2/libc.a(lib_a-sprintf.o)
                              main.o (sprintf)
/opt/york/cs/net/sourcery-g++-lite-arm-eabi-2010.09.51-i686-1/arm-none-eabi/lib/thumb2/libc.a(lib_a-strchr.o)
                              main.o (strchr)
/opt/york/cs/net/sourcery-g++-lite-arm-eabi-2010.09.51-i686-1/arm-none-eabi/lib/thumb2/libc.a(lib_a-strcpy.o)
                              source/SD.o (strcpy)
/opt/york/cs/net/sourcery-g++-lite-arm-eabi-2010.09.51-i686-1/arm-none-eabi/lib/thumb2/libc.a(lib_a-strlen.o)
                              main.o (strlen)
/opt/york/cs/net/sourcery-g++-lite-arm-eabi-2010.09.51-i686-1/arm-none-eabi/lib/thumb2/libc.a(lib_a-strncmp.o)
                              source/Wave.o (strncmp)
/opt/york/cs/net/sourcery-g++-lite-arm-eabi-2010.09.51-i686-1/arm-none-eabi/lib/thumb2/libc.a(lib_a-strncpy.o)
                              source/SerialIO.o (strncpy)
/opt/york/cs/net/sourcery-g++-lite-arm-eabi-2010.09.51-i686-1/arm-none-eabi/lib/thumb2/libc.a(lib_a-strtol.o)
                              /opt/york/cs/net/sourcery-g++-lite-arm-eabi-2010.09.51-i686-1/arm-none-eabi/lib/thumb2/libc.a(lib_a-atoi.o) (_strtol_r)
/opt/york/cs/net/sourcery-g++-lite-arm-eabi-2010.09.51-i686-1/arm-none-eabi/lib/thumb2/libc.a(lib_a-svfprintf.o)
                              /opt/york/cs/net/sourcery-g++-lite-arm-eabi-2010.09.51-i686-1/arm-none-eabi/lib/thumb2/libc.a(lib_a-sprintf.o) (_svfprintf_r)
/opt/york/cs/net/sourcery-g++-lite-arm-eabi-2010.09.51-i686-1/arm-none-eabi/lib/thumb2/libc.a(lib_a-ctype_.o)
                              /opt/york/cs/net/sourcery-g++-lite-arm-eabi-2010.09.51-i686-1/arm-none-eabi/lib/thumb2/libc.a(lib_a-strtol.o) (__ctype_ptr__)
/opt/york/cs/net/sourcery-g++-lite-arm-eabi-2010.09.51-i686-1/arm-none-eabi/lib/thumb2/libc.a(lib_a-dtoa.o)
                              /opt/york/cs/net/sourcery-g++-lite-arm-eabi-2010.09.51-i686-1/arm-none-eabi/lib/thumb2/libc.a(lib_a-svfprintf.o) (_dtoa_r)
/opt/york/cs/net/sourcery-g++-lite-arm-eabi-2010.09.51-i686-1/arm-none-eabi/lib/thumb2/libc.a(lib_a-freer.o)
                              /opt/york/cs/net/sourcery-g++-lite-arm-eabi-2010.09.51-i686-1/arm-none-eabi/lib/thumb2/libc.a(lib_a-malloc.o) (_free_r)
/opt/york/cs/net/sourcery-g++-lite-arm-eabi-2010.09.51-i686-1/arm-none-eabi/lib/thumb2/libc.a(lib_a-impure.o)
                              /opt/york/cs/net/sourcery-g++-lite-arm-eabi-2010.09.51-i686-1/arm-none-eabi/lib/thumb2/libc.a(lib_a-malloc.o) (_impure_ptr)
/opt/york/cs/net/sourcery-g++-lite-arm-eabi-2010.09.51-i686-1/arm-none-eabi/lib/thumb2/libc.a(lib_a-locale.o)
                              /opt/york/cs/net/sourcery-g++-lite-arm-eabi-2010.09.51-i686-1/arm-none-eabi/lib/thumb2/libc.a(lib_a-svfprintf.o) (_localeconv_r)
/opt/york/cs/net/sourcery-g++-lite-arm-eabi-2010.09.51-i686-1/arm-none-eabi/lib/thumb2/libc.a(lib_a-memchr.o)
                              /opt/york/cs/net/sourcery-g++-lite-arm-eabi-2010.09.51-i686-1/arm-none-eabi/lib/thumb2/libc.a(lib_a-svfprintf.o) (memchr)
/opt/york/cs/net/sourcery-g++-lite-arm-eabi-2010.09.51-i686-1/arm-none-eabi/lib/thumb2/libc.a(lib_a-mprec.o)
                              /opt/york/cs/net/sourcery-g++-lite-arm-eabi-2010.09.51-i686-1/arm-none-eabi/lib/thumb2/libc.a(lib_a-dtoa.o) (_Balloc)
/opt/york/cs/net/sourcery-g++-lite-arm-eabi-2010.09.51-i686-1/arm-none-eabi/lib/thumb2/libc.a(lib_a-reent.o)
[...]
Memory Configuration

Name             Origin             Length             Attributes
rom              0x00000000         0x00080000         xr
ram              0x10000000         0x00008000         xrw
ram1             0x2007c000         0x00004000         xrw
ram2             0x20080000         0x00004000         xrw
*default*        0x00000000         0xffffffff

Linker script and memory map

LOAD /opt/york/cs/net/sourcery-g++-lite-arm-eabi-2010.09.51-i686-1/bin/../lib/gcc/arm-none-eabi/4.5.1/thumb2/crti.o
LOAD /opt/york/cs/net/sourcery-g++-lite-arm-eabi-2010.09.51-i686-1/bin/../lib/gcc/arm-none-eabi/4.5.1/thumb2/crtbegin.o
LOAD main.o
LOAD source/KeyAccess.o
LOAD source/LCD.o
LOAD source/I2C.o
LOAD source/Wave.o
LOAD source/TLV320.o
LOAD source/Delay.o
LOAD source/NewMalloc.o
LOAD source/SerialIO.o
LOAD source/interrupt_handlers.o
LOAD source/i2s.o
LOAD source/SD.o
LOAD source/FatFS/ff.o
LOAD source/FatFS/mmc_176x_ssp.o
LOAD source/FatFS/diskio.o
LOAD /opt/york/cs/net/lpc1700-cmsis-lite-2011.01.26-i686-1/lib/core_cm3.o
LOAD /opt/york/cs/net/lpc1700-cmsis-lite-2011.01.26-i686-1/lib/system_LPC17xx.o
LOAD /opt/york/cs/net/lpc1700-cmsis-lite-2011.01.26-i686-1/lib/startup_LPC17xx.o
START GROUP
LOAD /opt/york/cs/net/sourcery-g++-lite-arm-eabi-2010.09.51-i686-1/arm-none-eabi/lib/thumb2/libc.a
LOAD /opt/york/cs/net/sourcery-g++-lite-arm-eabi-2010.09.51-i686-1/arm-none-eabi/lib/thumb2/libg.a
LOAD /opt/york/cs/net/sourcery-g++-lite-arm-eabi-2010.09.51-i686-1/arm-none-eabi/lib/thumb2/libstdc++.a
LOAD /opt/york/cs/net/sourcery-g++-lite-arm-eabi-2010.09.51-i686-1/arm-none-eabi/lib/thumb2/libsupc++.a
LOAD /opt/york/cs/net/sourcery-g++-lite-arm-eabi-2010.09.51-i686-1/bin/../lib/gcc/arm-none-eabi/4.5.1/thumb2/libgcc.a
LOAD /opt/york/cs/net/sourcery-g++-lite-arm-eabi-2010.09.51-i686-1/arm-none-eabi/lib/thumb2/libm.a
END GROUP
START GROUP
LOAD /opt/york/cs/net/sourcery-g++-lite-arm-eabi-2010.09.51-i686-1/bin/../lib/gcc/arm-none-eabi/4.5.1/thumb2/libgcc.a
LOAD /opt/york/cs/net/sourcery-g++-lite-arm-eabi-2010.09.51-i686-1/arm-none-eabi/lib/thumb2/libc.a
LOAD /opt/york/cs/net/sourcery-g++-lite-arm-eabi-2010.09.51-i686-1/arm-none-eabi/lib/thumb2/libcs3.a
LOAD /opt/york/cs/net/sourcery-g++-lite-arm-eabi-2010.09.51-i686-1/arm-none-eabi/lib/thumb2/libcs3unhosted.a
LOAD /opt/york/cs/net/sourcery-g++-lite-arm-eabi-2010.09.51-i686-1/arm-none-eabi/lib/thumb2/libcs3micro.a
END GROUP
                0x10008000                PROVIDE (__cs3_stack, (__cs3_region_start_ram + __cs3_region_size_ram))
                0x00006ec0                PROVIDE (__cs3_stack_size, ((__cs3_region_start_ram + __cs3_region_size_ram) - _end))
                0x10001140                PROVIDE (__cs3_heap_start, _end)
                0x10008000                PROVIDE (__cs3_heap_end, (__cs3_region_start_ram + __cs3_region_size_ram))

.text           0x00000000    0x18104
 CREATE_OBJECT_SYMBOLS
                0x00000000                __cs3_region_start_rom = .
 *(.cs3.region-head.rom)
                0x00000000                __cs3_interrupt_vector = __cs3_interrupt_vector_cortex_m
 *(.cs3.interrupt_vector)
 .cs3.interrupt_vector
                0x00000000       0xcc /opt/york/cs/net/lpc1700-cmsis-lite-2011.01.26-i686-1/lib/startup_LPC17xx.o
                0x00000000                __cs3_interrupt_vector_cortex_m
                0x00000001                ASSERT ((. != __cs3_interrupt_vector_cortex_m), No interrupt vector)
 *(.rom)
 *(.rom.b)
                0x000000cc                __cs3_reset = __cs3_reset_cortex_m
 *(.cs3.reset)
 .cs3.reset     0x000000cc       0x10 /opt/york/cs/net/lpc1700-cmsis-lite-2011.01.26-i686-1/lib/startup_LPC17xx.o
                0x000000cc                __cs3_reset_cortex_m
                0x00000001                ASSERT ((. != __cs3_reset), No reset code)
 *(.text .text.* .gnu.linkonce.t.*)
 .text          0x000000dc        0x0 /opt/york/cs/net/sourcery-g++-lite-arm-eabi-2010.09.51-i686-1/bin/../lib/gcc/arm-none-eabi/4.5.1/thumb2/crti.o
 .text          0x000000dc       0x30 /opt/york/cs/net/sourcery-g++-lite-arm-eabi-2010.09.51-i686-1/bin/../lib/gcc/arm-none-eabi/4.5.1/thumb2/crtbegin.o
 .text          0x0000010c        0x0 main.o
 .text.NVIC_EnableIRQ
                0x0000010c       0x38 main.o
 .text.NVIC_DisableIRQ
                0x00000144       0x3c main.o
 .text.NVIC_SetPriority
                0x00000180       0x5c main.o
 .text.EINT3_IRQHandler
                0x000001dc       0xd0 main.o
                0x000001dc                EINT3_IRQHandler
 .text.IRQInit  0x000002ac       0xd8 main.o
                0x000002ac                IRQInit
 .text.DrawMenu
                0x00000384       0xf4 main.o
                0x00000384                DrawMenu
 .text.Menu     0x00000478      0x254 main.o
                0x00000478                Menu
 .text.I2S_PassThroughLoop
                0x000006cc       0x8c main.o
                0x000006cc                I2S_PassThroughLoop
 .text.I2S_PassThroughInterrupt
                0x00000758       0xa0 main.o
                0x00000758                I2S_PassThroughInterrupt
 .text.FileInfo
                0x000007f8      0x178 main.o
                0x000007f8                FileInfo
 .text.NewFileSelection
                0x00000970       0xc0 main.o
                0x00000970                NewFileSelection
 .text.FileSelection
                0x00000a30      0x1a0 main.o
                0x00000a30                FileSelection
 .text.PassThroughLoop
                0x00000bd0       0x3c main.o
                0x00000bd0                PassThroughLoop
 .text.Play_Audio
                0x00000c0c       0x80 main.o
                0x00000c0c                Play_Audio
 .text.Play     0x00000c8c       0xac main.o
                0x00000c8c                Play
 .text.UART_Mode
                0x00000d38       0x98 main.o
                0x00000d38                UART_Mode
 .text.FatRead  0x00000dd0      0x18c main.o
                0x00000dd0                FatRead
 .text.PC_Mode  0x00000f5c      0x3c4 main.o
                0x00000f5c                PC_Mode
 .text.bytesToUInt32
                0x00001320       0x2c main.o
                0x00001320                bytesToUInt32
 .text.main     0x0000134c       0x4c main.o
                0x0000134c                main
 .text.temp     0x00001398       0x18 main.o
                0x00001398                temp
 .text.strreplace
                0x000013b0       0x50 main.o
                0x000013b0                strreplace
 .text.SelectOne
                0x00001400      0x1c0 main.o
                0x00001400                SelectOne
 .text.A2       0x000015c0       0x94 main.o
                0x000015c0                A2
 .text.A1       0x00001654       0xac main.o
                0x00001654                A1
 .text.A3       0x00001700        0xc main.o
                0x00001700                A3
 .text.A4       0x0000170c        0xc main.o
                0x0000170c                A4
 .text.TextEntry
                0x00001718       0x98 main.o
                0x00001718                TextEntry
 .text          0x000017b0        0x0 source/KeyAccess.o
 .text.GetKeyInput
                0x000017b0       0x4c source/KeyAccess.o
                0x000017b0                GetKeyInput
 .text.DecodeInput
                0x000017fc       0xc8 source/KeyAccess.o
                0x000017fc                DecodeInput
 .text.GetKeyData
                0x000018c4       0xb4 source/KeyAccess.o
                0x000018c4                GetKeyData
 .text          0x00001978        0x0 source/LCD.o
 .text.NVIC_SetPriority
                0x00001978       0x5c source/LCD.o
 .text.SysTick_Config
                0x000019d4       0x64 source/LCD.o
 .text.SendData
                0x00001a38       0x3c source/LCD.o
                0x00001a38                SendData
 .text.LCDEnable
                0x00001a74       0x34 source/LCD.o
                0x00001a74                LCDEnable
 .text.LCDDisable
                0x00001aa8       0x34 source/LCD.o
                0x00001aa8                LCDDisable
 .text.LCDGoHome
                0x00001adc       0x34 source/LCD.o
                0x00001adc                LCDGoHome
 .text.LCDNewLine
                0x00001b10       0x34 source/LCD.o
                0x00001b10                LCDNewLine
 .text.LCDCursorShift
                0x00001b44       0x58 source/LCD.o
                0x00001b44                LCDCursorShift
 .text.LCDInit  0x00001b9c       0x18 source/LCD.o
                0x00001b9c                LCDInit
 .text.LCDClear
                0x00001bb4       0x88 source/LCD.o
                0x00001bb4                LCDClear
 .text.LCDPrint
                0x00001c3c      0x114 source/LCD.o
                0x00001c3c                LCDPrint
 .text.main_LDCPrintHelloWorld
                0x00001d50       0x68 source/LCD.o
                0x00001d50                main_LDCPrintHelloWorld
 .text          0x00001db8        0x0 source/I2C.o
 .text.I2CInit  0x00001db8       0x30 source/I2C.o
                0x00001db8                I2CInit
 .text.SetupVals
                0x00001de8       0x54 source/I2C.o
                0x00001de8                SetupVals
 .text.SetupPINS
                0x00001e3c       0x44 source/I2C.o
                0x00001e3c                SetupPINS
 .text          0x00001e80        0x0 source/Wave.o
 .text.Wav_Init
                0x00001e80      0x240 source/Wave.o
                0x00001e80                Wav_Init
 .text          0x000020c0        0x0 source/TLV320.o
 .text.TLV320_ChangeInputVolume
                0x000020c0       0x38 source/TLV320.o
                0x000020c0                TLV320_ChangeInputVolume
 .text.TLV320_ChangeOutputVolume
                0x000020f8       0x40 source/TLV320.o
                0x000020f8                TLV320_ChangeOutputVolume
 .text.TLV320_EnablePassThrough
                0x00002138       0x28 source/TLV320.o
                0x00002138                TLV320_EnablePassThrough
 .text.TLV320_DisablePassThrough
                0x00002160       0x30 source/TLV320.o
                0x00002160                TLV320_DisablePassThrough
 .text.TLV320_Setup
                0x00002190       0x28 source/TLV320.o
                0x00002190                TLV320_Setup
 .text.TLV320_EnableDAC
                0x000021b8       0x2c source/TLV320.o
                0x000021b8                TLV320_EnableDAC
 .text.TLV320_EnableOutput
                0x000021e4       0x2c source/TLV320.o
                0x000021e4                TLV320_EnableOutput
 .text.TLV320_Start_I2S_Polling_Passthrough
                0x00002210       0x38 source/TLV320.o
                0x00002210                TLV320_Start_I2S_Polling_Passthrough
 .text.TLV320_PlayWav
                0x00002248       0x38 source/TLV320.o
                0x00002248                TLV320_PlayWav
 .text.TLV320_SendData
                0x00002280       0x64 source/TLV320.o
                0x00002280                TLV320_SendData
 .text          0x000022e4        0x0 source/Delay.o
 .text.NVIC_SetPriority
                0x000022e4       0x5c source/Delay.o
 .text.SysTick_Config
                0x00002340       0x64 source/Delay.o
 .text.SysTick_Handler
                0x000023a4       0x24 source/Delay.o
                0x000023a4                SysTick_Handler
 .text.Delay    0x000023c8       0x34 source/Delay.o
                0x000023c8                Delay
 .text.DelayInit
                0x000023fc       0x2c source/Delay.o
                0x000023fc                DelayInit
 .text          0x00002428        0x0 source/NewMalloc.o
 .text.assignAddress
                0x00002428       0x6c source/NewMalloc.o
                0x00002428                assignAddress
 .text.NewMalloc
                0x00002494      0x154 source/NewMalloc.o
                0x00002494                NewMalloc
 .text.insertionSort
                0x000025e8       0xb4 source/NewMalloc.o
                0x000025e8                insertionSort
 .text.NewFree  0x0000269c       0x9c source/NewMalloc.o
                0x0000269c                NewFree
 .text.initMalloc
                0x00002738       0x50 source/NewMalloc.o
                0x00002738                initMalloc
 .text          0x00002788        0x0 source/SerialIO.o
 .text.NVIC_EnableIRQ
                0x00002788       0x38 source/SerialIO.o
 .text.NVIC_DisableIRQ
                0x000027c0       0x3c source/SerialIO.o
 .text.NVIC_SetPriority
                0x000027fc       0x5c source/SerialIO.o
 .text.UART0_IRQHandler
                0x00002858       0x4c source/SerialIO.o
                0x00002858                UART0_IRQHandler
 .text.ReceiveText
                0x000028a4       0xe8 source/SerialIO.o
                0x000028a4                ReceiveText
 .text.ReadText
                0x0000298c       0xa4 source/SerialIO.o
                0x0000298c                ReadText
 .text.AddTextToBuffer
                0x00002a30       0xa4 source/SerialIO.o
                0x00002a30                AddTextToBuffer
 .text.ProcessBuffer
                0x00002ad4      0x168 source/SerialIO.o
                0x00002ad4                ProcessBuffer
 .text.TransmitText
                0x00002c3c      0x10c source/SerialIO.o
                0x00002c3c                TransmitText
 .text.InitSerial
                0x00002d48       0x90 source/SerialIO.o
                0x00002d48                InitSerial
 .text.WriteText
                0x00002dd8       0x30 source/SerialIO.o
                0x00002dd8                WriteText
 .text.write_usb_serial_blocking
                0x00002e08       0x2c source/SerialIO.o
                0x00002e08                write_usb_serial_blocking
 .text.InitSerInterrupts
                0x00002e34      0x154 source/SerialIO.o
                0x00002e34                InitSerInterrupts
 .text.EnableSerInterrupts
                0x00002f88       0x10 source/SerialIO.o
                0x00002f88                EnableSerInterrupts
 .text.DisableSerInterrupts
                0x00002f98       0x10 source/SerialIO.o
                0x00002f98                DisableSerInterrupts
 .text          0x00002fa8        0x0 source/interrupt_handlers.o
 .text.NVIC_DisableIRQ
                0x00002fa8       0x3c source/interrupt_handlers.o
 .text.I2S_PassThroughInt_Handler
                0x00002fe4       0x10 source/interrupt_handlers.o
                0x00002fe4                I2S_PassThroughInt_Handler
 .text          0x00002ff4        0x0 source/i2s.o
 .text.NVIC_EnableIRQ
                0x00002ff4       0x38 source/i2s.o
 .text.NVIC_DisableIRQ
                0x0000302c       0x3c source/i2s.o
 .text.NVIC_SetPriority
                0x00003068       0x5c source/i2s.o
 .text.I2S_IRQHandler
                0x000030c4       0x20 source/i2s.o
                0x000030c4                I2S_IRQHandler
 .text.i2s_int_Passthrough
                0x000030e4      0x154 source/i2s.o
                0x000030e4                i2s_int_Passthrough
 .text.i2s_playSound
                0x00003238       0x8c source/i2s.o
                0x00003238                i2s_playSound
 .text.i2s_wav_play_16_bit
                0x000032c4      0x160 source/i2s.o
                0x000032c4                i2s_wav_play_16_bit
 .text.Init_I2S_Wav
                0x00003424      0x1a8 source/i2s.o
                0x00003424                Init_I2S_Wav
 .text.I2S_Polling_Init
                0x000035cc      0x1f8 source/i2s.o
                0x000035cc                I2S_Polling_Init
 *fill*         0x000037c4        0x4 00
 .text.I2S_Create_Sine
                0x000037c8      0x160 source/i2s.o
                0x000037c8                I2S_Create_Sine
 .text.I2S_BaseInit
                0x00003928      0x108 source/i2s.o
                0x00003928                I2S_BaseInit
 .text.I2S_Polling_Read
                0x00003a30       0x84 source/i2s.o
                0x00003a30                I2S_Polling_Read
 .text.I2S_Polling_Write
                0x00003ab4       0x5c source/i2s.o
                0x00003ab4                I2S_Polling_Write
 .text.ConfInit
                0x00003b10       0x68 source/i2s.o
                0x00003b10                ConfInit
 .text.ClockInit
                0x00003b78       0x54 source/i2s.o
                0x00003b78                ClockInit
 .text          0x00003bcc        0x0 source/SD.o
 .text.NVIC_EnableIRQ
                0x00003bcc       0x38 source/SD.o
 .text.NVIC_DisableIRQ
                0x00003c04       0x3c source/SD.o
 .text.SDPrintFresult
                0x00003c40       0x70 source/SD.o
                0x00003c40                SDPrintFresult
 .text.indemalloc
                0x00003cb0       0x6c source/SD.o
                0x00003cb0                indemalloc
 .text.sd_init  0x00003d1c       0x50 source/SD.o
                0x00003d1c                sd_init
 .text.sd_deinit
                0x00003d6c       0x1c source/SD.o
                0x00003d6c                sd_deinit
 .text.SDMallocFilenames
                0x00003d88       0x4c source/SD.o
                0x00003d88                SDMallocFilenames
 .text.SDFreeFilenames
                0x00003dd4       0x54 source/SD.o
                0x00003dd4                SDFreeFilenames
 .text.SDGetAllFiles
                0x00003e28      0x128 source/SD.o
                0x00003e28                SDGetAllFiles
 .text.SDGetDirectories
                0x00003f50       0xfc source/SD.o
                0x00003f50                SDGetDirectories
 .text.SDGetFiles
                0x0000404c      0x160 source/SD.o
                0x0000404c                SDGetFiles
 .text.SDReadBytes
                0x000041ac       0xc0 source/SD.o
                0x000041ac                SDReadBytes
 .text.SDGetFileSize
                0x0000426c       0x80 source/SD.o
                0x0000426c                SDGetFileSize
 .text.SD_READ  0x000042ec       0x38 source/SD.o
                0x000042ec                SD_READ
 .text.SD_WRITE
                0x00004324       0x38 source/SD.o
                0x00004324                SD_WRITE
 .text          0x0000435c        0x0 source/FatFS/ff.o
 .text.ld_word  0x0000435c       0x34 source/FatFS/ff.o
 .text.ld_dword
                0x00004390       0x58 source/FatFS/ff.o
 .text.st_word  0x000043e8       0x40 source/FatFS/ff.o
 .text.st_dword
                0x00004428       0x6c source/FatFS/ff.o
 .text.mem_cpy  0x00004494       0x4c source/FatFS/ff.o
 .text.mem_set  0x000044e0       0x38 source/FatFS/ff.o
 .text.mem_cmp  0x00004518       0x5c source/FatFS/ff.o
 .text.chk_chr  0x00004574       0x38 source/FatFS/ff.o
 .text.dbc_1st  0x000045ac       0x68 source/FatFS/ff.o
 .text.dbc_2nd  0x00004614       0x8c source/FatFS/ff.o
 .text.sync_window
                0x000046a0       0x90 source/FatFS/ff.o
 .text.move_window
                0x00004730       0x68 source/FatFS/ff.o
 .text.sync_fs  0x00004798       0xf8 source/FatFS/ff.o
 .text.clst2sect
                0x00004890       0x44 source/FatFS/ff.o
 .text.get_fat  0x000048d4      0x180 source/FatFS/ff.o
 .text.put_fat  0x00004a54      0x218 source/FatFS/ff.o
 .text.remove_chain
                0x00004c6c       0xdc source/FatFS/ff.o
 .text.create_chain
                0x00004d48      0x1c4 source/FatFS/ff.o
 .text.dir_clear
                0x00004f0c       0xa4 source/FatFS/ff.o
 .text.dir_sdi  0x00004fb0      0x114 source/FatFS/ff.o
 .text.dir_next
                0x000050c4      0x164 source/FatFS/ff.o
 .text.dir_alloc
                0x00005228       0x9c source/FatFS/ff.o
 .text.ld_clust
                0x000052c4       0x48 source/FatFS/ff.o
 .text.st_clust
                0x0000530c       0x44 source/FatFS/ff.o
 .text.dir_read
                0x00005350       0xc4 source/FatFS/ff.o
 .text.dir_find
                0x00005414       0xbc source/FatFS/ff.o
 .text.dir_register
                0x000054d0       0x74 source/FatFS/ff.o
 .text.dir_remove
                0x00005544       0x44 source/FatFS/ff.o
 .text.get_fileinfo
                0x00005588       0xf4 source/FatFS/ff.o
 .text.get_achar
                0x0000567c       0x7c source/FatFS/ff.o
 .text.pattern_matching
                0x000056f8      0x128 source/FatFS/ff.o
 .text.create_name
                0x00005820      0x258 source/FatFS/ff.o
 .text.follow_path
                0x00005a78      0x140 source/FatFS/ff.o
 .text.get_ldnumber
                0x00005bb8       0x9c source/FatFS/ff.o
 .text.check_fs
                0x00005c54       0xcc source/FatFS/ff.o
 .text.find_volume
                0x00005d20      0x540 source/FatFS/ff.o
 .text.validate
                0x00006260       0x74 source/FatFS/ff.o
 .text.f_mount  0x000062d4       0x98 source/FatFS/ff.o
                0x000062d4                f_mount
 .text.f_open   0x0000636c      0x354 source/FatFS/ff.o
                0x0000636c                f_open
 .text.f_read   0x000066c0      0x2b8 source/FatFS/ff.o
                0x000066c0                f_read
 .text.f_write  0x00006978      0x324 source/FatFS/ff.o
                0x00006978                f_write
 .text.f_sync   0x00006c9c      0x11c source/FatFS/ff.o
                0x00006c9c                f_sync
 .text.f_close  0x00006db8       0x44 source/FatFS/ff.o
                0x00006db8                f_close
 .text.f_chdrive
                0x00006dfc       0x3c source/FatFS/ff.o
                0x00006dfc                f_chdrive
 .text.f_chdir  0x00006e38       0xa4 source/FatFS/ff.o
                0x00006e38                f_chdir
 .text.f_getcwd
                0x00006edc      0x220 source/FatFS/ff.o
                0x00006edc                f_getcwd
 .text.f_lseek  0x000070fc      0x2a4 source/FatFS/ff.o
                0x000070fc                f_lseek
 .text.f_opendir
                0x000073a0       0xc4 source/FatFS/ff.o
                0x000073a0                f_opendir
 .text.f_closedir
                0x00007464       0x34 source/FatFS/ff.o
                0x00007464                f_closedir
 .text.f_readdir
                0x00007498       0x88 source/FatFS/ff.o
                0x00007498                f_readdir
 .text.f_findnext
                0x00007520       0x5c source/FatFS/ff.o
                0x00007520                f_findnext
 .text.f_findfirst
                0x0000757c       0x40 source/FatFS/ff.o
                0x0000757c                f_findfirst
 .text.f_stat   0x000075bc       0x80 source/FatFS/ff.o
                0x000075bc                f_stat
 .text.f_getfree
                0x0000763c      0x198 source/FatFS/ff.o
                0x0000763c                f_getfree
 .text.f_truncate
                0x000077d4      0x148 source/FatFS/ff.o
                0x000077d4                f_truncate
 .text.f_unlink
                0x0000791c      0x18c source/FatFS/ff.o
                0x0000791c                f_unlink
 .text.f_mkdir  0x00007aa8      0x1f8 source/FatFS/ff.o
                0x00007aa8                f_mkdir
 .text.f_rename
                0x00007ca0      0x228 source/FatFS/ff.o
                0x00007ca0                f_rename
 .text.f_chmod  0x00007ec8       0xd0 source/FatFS/ff.o
                0x00007ec8                f_chmod
 .text.f_utime  0x00007f98       0xb4 source/FatFS/ff.o
                0x00007f98                f_utime
 .text.f_getlabel
                0x0000804c      0x164 source/FatFS/ff.o
                0x0000804c                f_getlabel
 .text.f_setlabel
                0x000081b0      0x270 source/FatFS/ff.o
                0x000081b0                f_setlabel
 .text.f_mkfs   0x00008420      0x9d8 source/FatFS/ff.o
                0x00008420                f_mkfs
 .text.f_gets   0x00008df8       0x8c source/FatFS/ff.o
                0x00008df8                f_gets
 .text.putc_bfd
                0x00008e84       0x80 source/FatFS/ff.o
 .text.putc_flush
                0x00008f04       0x50 source/FatFS/ff.o
 .text.putc_init
                0x00008f54       0x28 source/FatFS/ff.o
 .text.f_putc   0x00008f7c       0x3c source/FatFS/ff.o
                0x00008f7c                f_putc
 .text.f_puts   0x00008fb8       0x50 source/FatFS/ff.o
                0x00008fb8                f_puts
 .text.f_printf
                0x00009008      0x524 source/FatFS/ff.o
                0x00009008                f_printf
 .text          0x0000952c        0x0 source/FatFS/mmc_176x_ssp.o
 .text.xchg_spi
                0x0000952c       0x44 source/FatFS/mmc_176x_ssp.o
 .text.rcvr_spi_multi
                0x00009570      0x134 source/FatFS/mmc_176x_ssp.o
 .text.xmit_spi_multi
                0x000096a4      0x134 source/FatFS/mmc_176x_ssp.o
 .text.wait_ready
                0x000097d8       0x48 source/FatFS/mmc_176x_ssp.o
 .text.deselect
                0x00009820       0x1c source/FatFS/mmc_176x_ssp.o
 .text.select   0x0000983c       0x3c source/FatFS/mmc_176x_ssp.o
 .text.power_on
                0x00009878      0x104 source/FatFS/mmc_176x_ssp.o
 .text.power_off
                0x0000997c       0x10 source/FatFS/mmc_176x_ssp.o
 .text.rcvr_datablock
                0x0000998c       0x6c source/FatFS/mmc_176x_ssp.o
 .text.xmit_datablock
                0x000099f8       0x74 source/FatFS/mmc_176x_ssp.o
 .text.send_cmd
                0x00009a6c       0xfc source/FatFS/mmc_176x_ssp.o
 .text.disk_initialize
                0x00009b68      0x25c source/FatFS/mmc_176x_ssp.o
                0x00009b68                disk_initialize
 .text.disk_status
                0x00009dc4       0x30 source/FatFS/mmc_176x_ssp.o
                0x00009dc4                disk_status
 .text.disk_read
                0x00009df4       0xd0 source/FatFS/mmc_176x_ssp.o
                0x00009df4                disk_read
 .text.disk_write
                0x00009ec4      0x128 source/FatFS/mmc_176x_ssp.o
                0x00009ec4                disk_write
 .text.disk_ioctl
                0x00009fec      0x578 source/FatFS/mmc_176x_ssp.o
                0x00009fec                disk_ioctl
 .text.disk_timerproc
                0x0000a564       0xa4 source/FatFS/mmc_176x_ssp.o
                0x0000a564                disk_timerproc
 .text          0x0000a608        0x0 source/FatFS/diskio.o
 .text          0x0000a608        0x0 /opt/york/cs/net/lpc1700-cmsis-lite-2011.01.26-i686-1/lib/core_cm3.o
 .text          0x0000a608        0x0 /opt/york/cs/net/lpc1700-cmsis-lite-2011.01.26-i686-1/lib/system_LPC17xx.o
 .text.SystemCoreClockUpdate
                0x0000a608      0x228 /opt/york/cs/net/lpc1700-cmsis-lite-2011.01.26-i686-1/lib/system_LPC17xx.o
                0x0000a608                SystemCoreClockUpdate
 .text.SystemInit
                0x0000a830      0x240 /opt/york/cs/net/lpc1700-cmsis-lite-2011.01.26-i686-1/lib/system_LPC17xx.o
                0x0000a830                SystemInit
 .text          0x0000aa70       0x14 /opt/york/cs/net/lpc1700-cmsis-lite-2011.01.26-i686-1/lib/startup_LPC17xx.o
                0x0000aa70                NMI_Handler
                0x0000aa72                HardFault_Handler
                0x0000aa74                MemManage_Handler
                0x0000aa76                BusFault_Handler
                0x0000aa78                UsageFault_Handler
                0x0000aa7a                SVC_Handler
                0x0000aa7c                DebugMon_Handler
                0x0000aa7e                PendSV_Handler
                0x0000aa82                TIMER2_IRQHandler
                0x0000aa82                RIT_IRQHandler
                0x0000aa82                I2C0_IRQHandler
                0x0000aa82                USBActivity_IRQHandler
                0x0000aa82                PWM1_IRQHandler
                0x0000aa82                I2C1_IRQHandler
                0x0000aa82                EINT2_IRQHandler
                0x0000aa82                UART1_IRQHandler
                0x0000aa82                CANActivity_IRQHandler
                0x0000aa82                TIMER3_IRQHandler
                0x0000aa82                PLL0_IRQHandler
                0x0000aa82                CAN_IRQHandler
                0x0000aa82                PLL1_IRQHandler
                0x0000aa82                SSP0_IRQHandler
                0x0000aa82                I2C2_IRQHandler
                0x0000aa82                RTC_IRQHandler
                0x0000aa82                TIMER0_IRQHandler
                0x0000aa82                SPI_IRQHandler
                0x0000aa82                EINT1_IRQHandler
                0x0000aa82                TIMER1_IRQHandler
                0x0000aa82                UART2_IRQHandler
                0x0000aa82                Default_Handler
                0x0000aa82                ADC_IRQHandler
                0x0000aa82                SSP1_IRQHandler
                0x0000aa82                USB_IRQHandler
                0x0000aa82                BOD_IRQHandler
                0x0000aa82                WDT_IRQHandler
                0x0000aa82                QEI_IRQHandler
                0x0000aa82                EINT0_IRQHandler
                0x0000aa82                DMA_IRQHandler
                0x0000aa82                UART3_IRQHandler
                0x0000aa82                MCPWM_IRQHandler
                0x0000aa82                ENET_IRQHandler
 .text          0x0000aa84       0x10 /opt/york/cs/net/sourcery-g++-lite-arm-eabi-2010.09.51-i686-1/arm-none-eabi/lib/thumb2/libc.a(lib_a-atoi.o)
                0x0000aa84                atoi
                0x0000aa8c                _atoi_r
 .text          0x0000aa94       0x20 /opt/york/cs/net/sourcery-g++-lite-arm-eabi-2010.09.51-i686-1/arm-none-eabi/lib/thumb2/libc.a(lib_a-malloc.o)
                0x0000aa94                malloc
                0x0000aaa4                free
 .text          0x0000aab4      0x57c /opt/york/cs/net/sourcery-g++-lite-arm-eabi-2010.09.51-i686-1/arm-none-eabi/lib/thumb2/libc.a(lib_a-mallocr.o)
                0x0000aab4                _malloc_r
 .text          0x0000b030      0x150 /opt/york/cs/net/sourcery-g++-lite-arm-eabi-2010.09.51-i686-1/arm-none-eabi/lib/thumb2/libc.a(lib_a-memcpy.o)
                0x0000b030                memcpy
 .text          0x0000b180       0xb4 /opt/york/cs/net/sourcery-g++-lite-arm-eabi-2010.09.51-i686-1/arm-none-eabi/lib/thumb2/libc.a(lib_a-memset.o)
                0x0000b180                memset
 .text          0x0000b234        0x8 /opt/york/cs/net/sourcery-g++-lite-arm-eabi-2010.09.51-i686-1/arm-none-eabi/lib/thumb2/libc.a(lib_a-mlock.o)
                0x0000b234                __malloc_lock
                0x0000b238                __malloc_unlock
 .text          0x0000b23c       0x28 /opt/york/cs/net/sourcery-g++-lite-arm-eabi-2010.09.51-i686-1/arm-none-eabi/lib/thumb2/libc.a(lib_a-sbrkr.o)
                0x0000b23c                _sbrk_r
 .text          0x0000b264       0x94 /opt/york/cs/net/sourcery-g++-lite-arm-eabi-2010.09.51-i686-1/arm-none-eabi/lib/thumb2/libc.a(lib_a-sprintf.o)
                0x0000b264                _sprintf_r
                0x0000b2a8                sprintf
 .text          0x0000b2f8      0x10c /opt/york/cs/net/sourcery-g++-lite-arm-eabi-2010.09.51-i686-1/arm-none-eabi/lib/thumb2/libc.a(lib_a-strchr.o)
                0x0000b2f8                strchr
 .text          0x0000b404       0xbc /opt/york/cs/net/sourcery-g++-lite-arm-eabi-2010.09.51-i686-1/arm-none-eabi/lib/thumb2/libc.a(lib_a-strcpy.o)
                0x0000b404                strcpy
 .text          0x0000b4c0       0x60 /opt/york/cs/net/sourcery-g++-lite-arm-eabi-2010.09.51-i686-1/arm-none-eabi/lib/thumb2/libc.a(lib_a-strlen.o)
                0x0000b4c0                strlen
 .text          0x0000b520       0xa0 /opt/york/cs/net/sourcery-g++-lite-arm-eabi-2010.09.51-i686-1/arm-none-eabi/lib/thumb2/libc.a(lib_a-strncmp.o)
                0x0000b520                strncmp
 .text          0x0000b5c0       0x7c /opt/york/cs/net/sourcery-g++-lite-arm-eabi-2010.09.51-i686-1/arm-none-eabi/lib/thumb2/libc.a(lib_a-strncpy.o)
                0x0000b5c0                strncpy
 .text          0x0000b63c      0x17c /opt/york/cs/net/sourcery-g++-lite-arm-eabi-2010.09.51-i686-1/arm-none-eabi/lib/thumb2/libc.a(lib_a-strtol.o)
                0x0000b63c                _strtol_r
                0x0000b7a0                strtol
 .text          0x0000b7b8     0x1658 /opt/york/cs/net/sourcery-g++-lite-arm-eabi-2010.09.51-i686-1/arm-none-eabi/lib/thumb2/libc.a(lib_a-svfprintf.o)
                0x0000b7b8                _svfprintf_r
 .text          0x0000ce10        0x0 /opt/york/cs/net/sourcery-g++-lite-arm-eabi-2010.09.51-i686-1/arm-none-eabi/lib/thumb2/libc.a(lib_a-ctype_.o)
 .text          0x0000ce10     0x1000 /opt/york/cs/net/sourcery-g++-lite-arm-eabi-2010.09.51-i686-1/arm-none-eabi/lib/thumb2/libc.a(lib_a-dtoa.o)
                0x0000cf3c                _dtoa_r
 .text          0x0000de10      0x240 /opt/york/cs/net/sourcery-g++-lite-arm-eabi-2010.09.51-i686-1/arm-none-eabi/lib/thumb2/libc.a(lib_a-freer.o)
                0x0000de10                _malloc_trim_r
                0x0000deb8                _free_r
 .text          0x0000e050        0x0 /opt/york/cs/net/sourcery-g++-lite-arm-eabi-2010.09.51-i686-1/arm-none-eabi/lib/thumb2/libc.a(lib_a-impure.o)
 .text          0x0000e050       0xa0 /opt/york/cs/net/sourcery-g++-lite-arm-eabi-2010.09.51-i686-1/arm-none-eabi/lib/thumb2/libc.a(lib_a-locale.o)
                0x0000e050                _setlocale_r
                0x0000e0ac                __locale_charset
                0x0000e0b8                __locale_mb_cur_max
                0x0000e0c4                __locale_msgcharset
                0x0000e0cc                __locale_cjk_lang
                0x0000e0d0                _localeconv_r
                0x0000e0d8                setlocale
                0x0000e0e8                localeconv
 .text          0x0000e0f0       0x88 /opt/york/cs/net/sourcery-g++-lite-arm-eabi-2010.09.51-i686-1/arm-none-eabi/lib/thumb2/libc.a(lib_a-memchr.o)
                0x0000e0f0                memchr
 .text          0x0000e178      0x920 /opt/york/cs/net/sourcery-g++-lite-arm-eabi-2010.09.51-i686-1/arm-none-eabi/lib/thumb2/libc.a(lib_a-mprec.o)
                0x0000e178                _Balloc
                0x0000e1e0                _Bfree
                0x0000e218                __multadd
                0x0000e29c                __s2b
                0x0000e330                __hi0bits
                0x0000e370                __lo0bits
                0x0000e3d4                __i2b
                0x0000e3e8                __multiply
                0x0000e510                __pow5mult
                0x0000e5b4                __lshift
                0x0000e660                __mcmp
                0x0000e69c                __mdiff
                0x0000e794                __ulp
                0x0000e7dc                __b2d
                0x0000e888                __d2b
                0x0000e950                __ratio
                0x0000e9c0                _mprec_log10
                0x0000e9f4                __copybits
                0x0000ea3c                __any_on
 .text          0x0000ea98      0x114 /opt/york/cs/net/sourcery-g++-lite-arm-eabi-2010.09.51-i686-1/arm-none-eabi/lib/thumb2/libc.a(lib_a-reent.o)
                0x0000ea98                cleanup_glue
                0x0000eab4                _reclaim_reent
                0x0000eb74                _wrapup_reent
 .text          0x0000ebac       0x90 /opt/york/cs/net/sourcery-g++-lite-arm-eabi-2010.09.51-i686-1/arm-none-eabi/lib/thumb2/libc.a(lib_a-s_fpclassify.o)
                0x0000ebac                __fpclassifyd
 .text          0x0000ec3c      0x1dc /opt/york/cs/net/sourcery-g++-lite-arm-eabi-2010.09.51-i686-1/arm-none-eabi/lib/thumb2/libc.a(lib_a-strcmp.o)
                0x0000ec3c                strcmp
 .text          0x0000ee18      0xbe4 /opt/york/cs/net/sourcery-g++-lite-arm-eabi-2010.09.51-i686-1/arm-none-eabi/lib/thumb2/libc.a(lib_a-svfiprintf.o)
                0x0000ee18                __ssprint_r
                0x0000ef20                _svfiprintf_r
 .text          0x0000f9fc       0x5c /opt/york/cs/net/sourcery-g++-lite-arm-eabi-2010.09.51-i686-1/arm-none-eabi/lib/thumb2/libc.a(lib_a-callocr.o)
                0x0000f9fc                _calloc_r
 .text          0x0000fa58       0xa0 /opt/york/cs/net/sourcery-g++-lite-arm-eabi-2010.09.51-i686-1/arm-none-eabi/lib/thumb2/libc.a(lib_a-memmove.o)
                0x0000fa58                memmove
 .text          0x0000faf8      0x41c /opt/york/cs/net/sourcery-g++-lite-arm-eabi-2010.09.51-i686-1/arm-none-eabi/lib/thumb2/libc.a(lib_a-reallocr.o)
                0x0000faf8                _realloc_r
 *fill*         0x0000ff14        0x4 00
 .text          0x0000ff18      0x278 /opt/york/cs/net/sourcery-g++-lite-arm-eabi-2010.09.51-i686-1/bin/../lib/gcc/arm-none-eabi/4.5.1/thumb2/libgcc.a(_udivsi3.o)
                0x0000ff18                __udivsi3
                0x0000ff18                __aeabi_uidiv
                0x00010174                __aeabi_uidivmod
 .text          0x00010190        0x4 /opt/york/cs/net/sourcery-g++-lite-arm-eabi-2010.09.51-i686-1/bin/../lib/gcc/arm-none-eabi/4.5.1/thumb2/libgcc.a(_dvmd_tls.o)
                0x00010190                __aeabi_ldiv0
                0x00010190                __aeabi_idiv0
 .text          0x00010194      0x370 /opt/york/cs/net/sourcery-g++-lite-arm-eabi-2010.09.51-i686-1/bin/../lib/gcc/arm-none-eabi/4.5.1/thumb2/libgcc.a(_arm_addsubdf3.o)
                0x00010194                __aeabi_drsub
                0x0001019c                __aeabi_dsub
                0x0001019c                __subdf3
                0x000101a0                __adddf3
                0x000101a0                __aeabi_dadd
                0x00010418                __aeabi_ui2d
                0x00010418                __floatunsidf
                0x00010438                __floatsidf
                0x00010438                __aeabi_i2d
                0x0001045c                __extendsfdf2
                0x0001045c                __aeabi_f2d
                0x00010498                __aeabi_ul2d
                0x00010498                __floatundidf
                0x000104a8                __floatdidf
                0x000104a8                __aeabi_l2d
 .text          0x00010504      0x424 /opt/york/cs/net/sourcery-g++-lite-arm-eabi-2010.09.51-i686-1/bin/../lib/gcc/arm-none-eabi/4.5.1/thumb2/libgcc.a(_arm_muldivdf3.o)
                0x00010504                __aeabi_dmul
                0x00010504                __muldf3
                0x00010758                __aeabi_ddiv
                0x00010758                __divdf3
 .text          0x00010928      0x110 /opt/york/cs/net/sourcery-g++-lite-arm-eabi-2010.09.51-i686-1/bin/../lib/gcc/arm-none-eabi/4.5.1/thumb2/libgcc.a(_arm_cmpdf2.o)
                0x00010928                __gtdf2
                0x00010928                __gedf2
                0x00010930                __ltdf2
                0x00010930                __ledf2
                0x00010938                __cmpdf2
                0x00010938                __eqdf2
                0x00010938                __nedf2
                0x000109b4                __aeabi_cdrcmple
                0x000109c4                __aeabi_cdcmple
                0x000109c4                __aeabi_cdcmpeq
                0x000109d4                __aeabi_dcmpeq
                0x000109e8                __aeabi_dcmplt
                0x000109fc                __aeabi_dcmple
                0x00010a10                __aeabi_dcmpge
                0x00010a24                __aeabi_dcmpgt
 .text          0x00010a38       0x50 /opt/york/cs/net/sourcery-g++-lite-arm-eabi-2010.09.51-i686-1/bin/../lib/gcc/arm-none-eabi/4.5.1/thumb2/libgcc.a(_arm_fixdfsi.o)
                0x00010a38                __fixdfsi
                0x00010a38                __aeabi_d2iz
 .text          0x00010a88      0x21c /opt/york/cs/net/sourcery-g++-lite-arm-eabi-2010.09.51-i686-1/bin/../lib/gcc/arm-none-eabi/4.5.1/thumb2/libgcc.a(_arm_addsubsf3.o)
                0x00010a88                __aeabi_frsub
                0x00010a90                __subsf3
                0x00010a90                __aeabi_fsub
                0x00010a94                __aeabi_fadd
                0x00010a94                __addsf3
                0x00010bf4                __aeabi_ui2f
                0x00010bf4                __floatunsisf
                0x00010bfc                __aeabi_i2f
                0x00010bfc                __floatsisf
                0x00010c18                __floatundisf
                0x00010c18                __aeabi_ul2f
                0x00010c28                __floatdisf
                0x00010c28                __aeabi_l2f
 .text          0x00010ca4      0x2a0 /opt/york/cs/net/sourcery-g++-lite-arm-eabi-2010.09.51-i686-1/bin/../lib/gcc/arm-none-eabi/4.5.1/thumb2/libgcc.a(_arm_muldivsf3.o)
                0x00010ca4                __mulsf3
                0x00010ca4                __aeabi_fmul
                0x00010e0c                __divsf3
                0x00010e0c                __aeabi_fdiv
 .text          0x00010f44       0x2c /opt/york/cs/net/sourcery-g++-lite-arm-eabi-2010.09.51-i686-1/bin/../lib/gcc/arm-none-eabi/4.5.1/thumb2/libgcc.a(_aeabi_uldivmod.o)
                0x00010f44                __aeabi_uldivmod
 .text          0x00010f70       0x60 /opt/york/cs/net/sourcery-g++-lite-arm-eabi-2010.09.51-i686-1/bin/../lib/gcc/arm-none-eabi/4.5.1/thumb2/libgcc.a(bpabi.o)
                0x00010f70                __gnu_ldivmod_helper
                0x00010fa0                __gnu_uldivmod_helper
 .text          0x00010fd0      0x364 /opt/york/cs/net/sourcery-g++-lite-arm-eabi-2010.09.51-i686-1/bin/../lib/gcc/arm-none-eabi/4.5.1/thumb2/libgcc.a(_divdi3.o)
                0x00010fd0                __divdi3
 .text          0x00011334      0x314 /opt/york/cs/net/sourcery-g++-lite-arm-eabi-2010.09.51-i686-1/bin/../lib/gcc/arm-none-eabi/4.5.1/thumb2/libgcc.a(_udivdi3.o)
                0x00011334                __udivdi3
 .text          0x00011648       0x98 /opt/york/cs/net/sourcery-g++-lite-arm-eabi-2010.09.51-i686-1/arm-none-eabi/lib/thumb2/libm.a(lib_a-s_sin.o)
                0x00011648                sin
 .text          0x000116e0      0x448 /opt/york/cs/net/sourcery-g++-lite-arm-eabi-2010.09.51-i686-1/arm-none-eabi/lib/thumb2/libm.a(lib_a-e_rem_pio2.o)
                0x000116e0                __ieee754_rem_pio2
 .text          0x00011b28      0x250 /opt/york/cs/net/sourcery-g++-lite-arm-eabi-2010.09.51-i686-1/arm-none-eabi/lib/thumb2/libm.a(lib_a-k_cos.o)
                0x00011b28                __kernel_cos
 .text          0x00011d78      0x7a8 /opt/york/cs/net/sourcery-g++-lite-arm-eabi-2010.09.51-i686-1/arm-none-eabi/lib/thumb2/libm.a(lib_a-k_rem_pio2.o)
                0x00011d78                __kernel_rem_pio2
 .text          0x00012520      0x168 /opt/york/cs/net/sourcery-g++-lite-arm-eabi-2010.09.51-i686-1/arm-none-eabi/lib/thumb2/libm.a(lib_a-k_sin.o)
                0x00012520                __kernel_sin
 .text          0x00012688        0x8 /opt/york/cs/net/sourcery-g++-lite-arm-eabi-2010.09.51-i686-1/arm-none-eabi/lib/thumb2/libm.a(lib_a-s_fabs.o)
                0x00012688                fabs
 .text          0x00012690      0x128 /opt/york/cs/net/sourcery-g++-lite-arm-eabi-2010.09.51-i686-1/arm-none-eabi/lib/thumb2/libm.a(lib_a-s_floor.o)
                0x00012690                floor
 .text          0x000127b8      0x108 /opt/york/cs/net/sourcery-g++-lite-arm-eabi-2010.09.51-i686-1/arm-none-eabi/lib/thumb2/libm.a(lib_a-s_scalbn.o)
                0x000127b8                scalbn
 .text          0x000128c0       0x14 /opt/york/cs/net/sourcery-g++-lite-arm-eabi-2010.09.51-i686-1/arm-none-eabi/lib/thumb2/libm.a(lib_a-s_copysign.o)
                0x000128c0                copysign
 *fill*         0x000128d4        0x4 00
 .text          0x000128d8      0x2b0 /opt/york/cs/net/sourcery-g++-lite-arm-eabi-2010.09.51-i686-1/bin/../lib/gcc/arm-none-eabi/4.5.1/thumb2/libgcc.a(_divsi3.o)
                0x000128d8                __aeabi_idiv
                0x000128d8                __divsi3
                0x00012b6c                __aeabi_idivmod
 .text          0x00012b88       0x30 /opt/york/cs/net/sourcery-g++-lite-arm-eabi-2010.09.51-i686-1/arm-none-eabi/lib/thumb2/libcs3.a(start_c.o)
                0x00012b88                __cs3_premain
 .text.cs3.init
                0x00012bb8       0x50 /opt/york/cs/net/sourcery-g++-lite-arm-eabi-2010.09.51-i686-1/arm-none-eabi/lib/thumb2/libcs3.a(start_c.o)
                0x00012bb8                __cs3_start_c
 .text          0x00012c08       0x40 /opt/york/cs/net/sourcery-g++-lite-arm-eabi-2010.09.51-i686-1/arm-none-eabi/lib/thumb2/libcs3unhosted.a(unhosted-sbrk.o)
                0x00012c08                _sbrk
 .text          0x00012c48        0x0 /opt/york/cs/net/sourcery-g++-lite-arm-eabi-2010.09.51-i686-1/arm-none-eabi/lib/thumb2/libcs3unhosted.a(unhosted-start.o)
 .text.cs3.init
                0x00012c48       0x10 /opt/york/cs/net/sourcery-g++-lite-arm-eabi-2010.09.51-i686-1/arm-none-eabi/lib/thumb2/libcs3unhosted.a(unhosted-start.o)
                0x00012c48                _start
 .text          0x00012c58        0xc /opt/york/cs/net/sourcery-g++-lite-arm-eabi-2010.09.51-i686-1/arm-none-eabi/lib/thumb2/libc.a(lib_a-errno.o)
                0x00012c58                __errno
 .text          0x00012c64       0x50 /opt/york/cs/net/sourcery-g++-lite-arm-eabi-2010.09.51-i686-1/arm-none-eabi/lib/thumb2/libc.a(lib_a-init.o)
                0x00012c64                __libc_init_array
 .text          0x00012cb4        0x0 /opt/york/cs/net/sourcery-g++-lite-arm-eabi-2010.09.51-i686-1/arm-none-eabi/lib/thumb2/libcs3.a(heap.o)
 .text          0x00012cb4        0x0 /opt/york/cs/net/lpc1700-cmsis-lite-2011.01.26-i686-1/lib/libDriversLPC17xxgnu.a(lpc17xx_i2c.o)
 .text.NVIC_EnableIRQ
                0x00012cb4       0x38 /opt/york/cs/net/lpc1700-cmsis-lite-2011.01.26-i686-1/lib/libDriversLPC17xxgnu.a(lpc17xx_i2c.o)
 .text.NVIC_DisableIRQ
                0x00012cec       0x3c /opt/york/cs/net/lpc1700-cmsis-lite-2011.01.26-i686-1/lib/libDriversLPC17xxgnu.a(lpc17xx_i2c.o)
 .text.I2C_getNum
                0x00012d28       0x54 /opt/york/cs/net/lpc1700-cmsis-lite-2011.01.26-i686-1/lib/libDriversLPC17xxgnu.a(lpc17xx_i2c.o)
 .text.I2C_Start
                0x00012d7c       0x44 /opt/york/cs/net/lpc1700-cmsis-lite-2011.01.26-i686-1/lib/libDriversLPC17xxgnu.a(lpc17xx_i2c.o)
 .text.I2C_Stop
                0x00012dc0       0x38 /opt/york/cs/net/lpc1700-cmsis-lite-2011.01.26-i686-1/lib/libDriversLPC17xxgnu.a(lpc17xx_i2c.o)
 .text.I2C_SendByte
                0x00012df8       0x50 /opt/york/cs/net/lpc1700-cmsis-lite-2011.01.26-i686-1/lib/libDriversLPC17xxgnu.a(lpc17xx_i2c.o)
 .text.I2C_GetByte
                0x00012e48       0x5c /opt/york/cs/net/lpc1700-cmsis-lite-2011.01.26-i686-1/lib/libDriversLPC17xxgnu.a(lpc17xx_i2c.o)
 .text.I2C_SetClock
                0x00012ea4       0xc8 /opt/york/cs/net/lpc1700-cmsis-lite-2011.01.26-i686-1/lib/libDriversLPC17xxgnu.a(lpc17xx_i2c.o)
 .text.I2C_Init
                0x00012f6c       0xd8 /opt/york/cs/net/lpc1700-cmsis-lite-2011.01.26-i686-1/lib/libDriversLPC17xxgnu.a(lpc17xx_i2c.o)
                0x00012f6c                I2C_Init
 .text.I2C_DeInit
                0x00013044       0xa4 /opt/york/cs/net/lpc1700-cmsis-lite-2011.01.26-i686-1/lib/libDriversLPC17xxgnu.a(lpc17xx_i2c.o)
                0x00013044                I2C_DeInit
 .text.I2C_Cmd  0x000130e8       0x84 /opt/york/cs/net/lpc1700-cmsis-lite-2011.01.26-i686-1/lib/libDriversLPC17xxgnu.a(lpc17xx_i2c.o)
                0x000130e8                I2C_Cmd
 .text.I2C_IntCmd
                0x0001316c       0xa8 /opt/york/cs/net/lpc1700-cmsis-lite-2011.01.26-i686-1/lib/libDriversLPC17xxgnu.a(lpc17xx_i2c.o)
                0x0001316c                I2C_IntCmd
 .text.I2C_MasterHandler
                0x00013214      0x3d8 /opt/york/cs/net/lpc1700-cmsis-lite-2011.01.26-i686-1/lib/libDriversLPC17xxgnu.a(lpc17xx_i2c.o)
                0x00013214                I2C_MasterHandler
 .text.I2C_SlaveHandler
                0x000135ec      0x1d8 /opt/york/cs/net/lpc1700-cmsis-lite-2011.01.26-i686-1/lib/libDriversLPC17xxgnu.a(lpc17xx_i2c.o)
                0x000135ec                I2C_SlaveHandler
 .text.I2C_MasterTransferData
                0x000137c4      0x33c /opt/york/cs/net/lpc1700-cmsis-lite-2011.01.26-i686-1/lib/libDriversLPC17xxgnu.a(lpc17xx_i2c.o)
                0x000137c4                I2C_MasterTransferData
 .text.I2C_SlaveTransferData
                0x00013b00      0x268 /opt/york/cs/net/lpc1700-cmsis-lite-2011.01.26-i686-1/lib/libDriversLPC17xxgnu.a(lpc17xx_i2c.o)
                0x00013b00                I2C_SlaveTransferData
 .text.I2C_SetOwnSlaveAddr
                0x00013d68      0x118 /opt/york/cs/net/lpc1700-cmsis-lite-2011.01.26-i686-1/lib/libDriversLPC17xxgnu.a(lpc17xx_i2c.o)
                0x00013d68                I2C_SetOwnSlaveAddr
 .text.I2C_MonitorModeConfig
                0x00013e80       0x9c /opt/york/cs/net/lpc1700-cmsis-lite-2011.01.26-i686-1/lib/libDriversLPC17xxgnu.a(lpc17xx_i2c.o)
                0x00013e80                I2C_MonitorModeConfig
 .text.I2C_MonitorModeCmd
                0x00013f1c       0xb0 /opt/york/cs/net/lpc1700-cmsis-lite-2011.01.26-i686-1/lib/libDriversLPC17xxgnu.a(lpc17xx_i2c.o)
                0x00013f1c                I2C_MonitorModeCmd
 .text.I2C_MonitorGetDatabuffer
                0x00013fcc       0x54 /opt/york/cs/net/lpc1700-cmsis-lite-2011.01.26-i686-1/lib/libDriversLPC17xxgnu.a(lpc17xx_i2c.o)
                0x00013fcc                I2C_MonitorGetDatabuffer
 .text.I2C_MonitorHandler
                0x00014020       0x6c /opt/york/cs/net/lpc1700-cmsis-lite-2011.01.26-i686-1/lib/libDriversLPC17xxgnu.a(lpc17xx_i2c.o)
                0x00014020                I2C_MonitorHandler
 .text.I2C_MasterTransferComplete
                0x0001408c       0x40 /opt/york/cs/net/lpc1700-cmsis-lite-2011.01.26-i686-1/lib/libDriversLPC17xxgnu.a(lpc17xx_i2c.o)
                0x0001408c                I2C_MasterTransferComplete
 .text.I2C_SlaveTransferComplete
                0x000140cc       0x40 /opt/york/cs/net/lpc1700-cmsis-lite-2011.01.26-i686-1/lib/libDriversLPC17xxgnu.a(lpc17xx_i2c.o)
                0x000140cc                I2C_SlaveTransferComplete
 .text          0x0001410c        0x0 /opt/york/cs/net/lpc1700-cmsis-lite-2011.01.26-i686-1/lib/libDriversLPC17xxgnu.a(lpc17xx_i2s.o)
 .text.i2s_GetWordWidth
                0x0001410c       0x8c /opt/york/cs/net/lpc1700-cmsis-lite-2011.01.26-i686-1/lib/libDriversLPC17xxgnu.a(lpc17xx_i2s.o)
 .text.i2s_GetChannel
                0x00014198       0x84 /opt/york/cs/net/lpc1700-cmsis-lite-2011.01.26-i686-1/lib/libDriversLPC17xxgnu.a(lpc17xx_i2s.o)
 .text.I2S_Init
                0x0001421c       0x54 /opt/york/cs/net/lpc1700-cmsis-lite-2011.01.26-i686-1/lib/libDriversLPC17xxgnu.a(lpc17xx_i2s.o)
                0x0001421c                I2S_Init
 .text.I2S_Config
                0x00014270      0x168 /opt/york/cs/net/lpc1700-cmsis-lite-2011.01.26-i686-1/lib/libDriversLPC17xxgnu.a(lpc17xx_i2s.o)
                0x00014270                I2S_Config
 .text.I2S_DeInit
                0x000143d8       0x3c /opt/york/cs/net/lpc1700-cmsis-lite-2011.01.26-i686-1/lib/libDriversLPC17xxgnu.a(lpc17xx_i2s.o)
                0x000143d8                I2S_DeInit
 .text.I2S_GetLevel
                0x00014414       0x6c /opt/york/cs/net/lpc1700-cmsis-lite-2011.01.26-i686-1/lib/libDriversLPC17xxgnu.a(lpc17xx_i2s.o)
                0x00014414                I2S_GetLevel
 .text.I2S_Start
                0x00014480       0x50 /opt/york/cs/net/lpc1700-cmsis-lite-2011.01.26-i686-1/lib/libDriversLPC17xxgnu.a(lpc17xx_i2s.o)
                0x00014480                I2S_Start
 .text.I2S_Send
                0x000144d0       0x38 /opt/york/cs/net/lpc1700-cmsis-lite-2011.01.26-i686-1/lib/libDriversLPC17xxgnu.a(lpc17xx_i2s.o)
                0x000144d0                I2S_Send
 .text.I2S_Receive
                0x00014508       0x34 /opt/york/cs/net/lpc1700-cmsis-lite-2011.01.26-i686-1/lib/libDriversLPC17xxgnu.a(lpc17xx_i2s.o)
                0x00014508                I2S_Receive
 .text.I2S_Pause
                0x0001453c       0x70 /opt/york/cs/net/lpc1700-cmsis-lite-2011.01.26-i686-1/lib/libDriversLPC17xxgnu.a(lpc17xx_i2s.o)
                0x0001453c                I2S_Pause
 .text.I2S_Mute
                0x000145ac       0x70 /opt/york/cs/net/lpc1700-cmsis-lite-2011.01.26-i686-1/lib/libDriversLPC17xxgnu.a(lpc17xx_i2s.o)
                0x000145ac                I2S_Mute
 .text.I2S_Stop
                0x0001461c       0x94 /opt/york/cs/net/lpc1700-cmsis-lite-2011.01.26-i686-1/lib/libDriversLPC17xxgnu.a(lpc17xx_i2s.o)
                0x0001461c                I2S_Stop
 .text.I2S_FreqConfig
                0x000146b0      0x110 /opt/york/cs/net/lpc1700-cmsis-lite-2011.01.26-i686-1/lib/libDriversLPC17xxgnu.a(lpc17xx_i2s.o)
                0x000146b0                I2S_FreqConfig
 .text.I2S_SetBitRate
                0x000147c0       0x7c /opt/york/cs/net/lpc1700-cmsis-lite-2011.01.26-i686-1/lib/libDriversLPC17xxgnu.a(lpc17xx_i2s.o)
                0x000147c0                I2S_SetBitRate
 .text.I2S_ModeConfig
                0x0001483c      0x148 /opt/york/cs/net/lpc1700-cmsis-lite-2011.01.26-i686-1/lib/libDriversLPC17xxgnu.a(lpc17xx_i2s.o)
                0x0001483c                I2S_ModeConfig
 .text.I2S_DMAConfig
                0x00014984       0xd4 /opt/york/cs/net/lpc1700-cmsis-lite-2011.01.26-i686-1/lib/libDriversLPC17xxgnu.a(lpc17xx_i2s.o)
                0x00014984                I2S_DMAConfig
 .text.I2S_DMACmd
                0x00014a58      0x120 /opt/york/cs/net/lpc1700-cmsis-lite-2011.01.26-i686-1/lib/libDriversLPC17xxgnu.a(lpc17xx_i2s.o)
                0x00014a58                I2S_DMACmd
 .text.I2S_IRQConfig
                0x00014b78       0x80 /opt/york/cs/net/lpc1700-cmsis-lite-2011.01.26-i686-1/lib/libDriversLPC17xxgnu.a(lpc17xx_i2s.o)
                0x00014b78                I2S_IRQConfig
 .text.I2S_IRQCmd
                0x00014bf8       0x9c /opt/york/cs/net/lpc1700-cmsis-lite-2011.01.26-i686-1/lib/libDriversLPC17xxgnu.a(lpc17xx_i2s.o)
                0x00014bf8                I2S_IRQCmd
 .text.I2S_GetIRQStatus
                0x00014c94       0x58 /opt/york/cs/net/lpc1700-cmsis-lite-2011.01.26-i686-1/lib/libDriversLPC17xxgnu.a(lpc17xx_i2s.o)
                0x00014c94                I2S_GetIRQStatus
 .text.I2S_GetIRQDepth
                0x00014cec       0x50 /opt/york/cs/net/lpc1700-cmsis-lite-2011.01.26-i686-1/lib/libDriversLPC17xxgnu.a(lpc17xx_i2s.o)
                0x00014cec                I2S_GetIRQDepth
 .text          0x00014d3c        0x0 /opt/york/cs/net/lpc1700-cmsis-lite-2011.01.26-i686-1/lib/libDriversLPC17xxgnu.a(lpc17xx_libcfg_default.o)
 .text.check_failed
                0x00014d3c        0xc /opt/york/cs/net/lpc1700-cmsis-lite-2011.01.26-i686-1/lib/libDriversLPC17xxgnu.a(lpc17xx_libcfg_default.o)
                0x00014d3c                check_failed
 .text          0x00014d48        0x0 /opt/york/cs/net/lpc1700-cmsis-lite-2011.01.26-i686-1/lib/libDriversLPC17xxgnu.a(lpc17xx_pinsel.o)
 .text.set_PinFunc
                0x00014d48       0xa0 /opt/york/cs/net/lpc1700-cmsis-lite-2011.01.26-i686-1/lib/libDriversLPC17xxgnu.a(lpc17xx_pinsel.o)
 .text.set_ResistorMode
                0x00014de8       0xa0 /opt/york/cs/net/lpc1700-cmsis-lite-2011.01.26-i686-1/lib/libDriversLPC17xxgnu.a(lpc17xx_pinsel.o)
 .text.set_OpenDrainMode
                0x00014e88       0x80 /opt/york/cs/net/lpc1700-cmsis-lite-2011.01.26-i686-1/lib/libDriversLPC17xxgnu.a(lpc17xx_pinsel.o)
 .text.PINSEL_ConfigTraceFunc
                0x00014f08       0x54 /opt/york/cs/net/lpc1700-cmsis-lite-2011.01.26-i686-1/lib/libDriversLPC17xxgnu.a(lpc17xx_pinsel.o)
                0x00014f08                PINSEL_ConfigTraceFunc
 .text.PINSEL_SetI2C0Pins
                0x00014f5c       0x3c /opt/york/cs/net/lpc1700-cmsis-lite-2011.01.26-i686-1/lib/libDriversLPC17xxgnu.a(lpc17xx_pinsel.o)
                0x00014f5c                PINSEL_SetI2C0Pins
 .text.PINSEL_ConfigPin
                0x00014f98       0x54 /opt/york/cs/net/lpc1700-cmsis-lite-2011.01.26-i686-1/lib/libDriversLPC17xxgnu.a(lpc17xx_pinsel.o)
                0x00014f98                PINSEL_ConfigPin
 .text          0x00014fec        0x0 /opt/york/cs/net/lpc1700-cmsis-lite-2011.01.26-i686-1/lib/libDriversLPC17xxgnu.a(lpc17xx_ssp.o)
 .text.setSSPclock
                0x00014fec       0xf8 /opt/york/cs/net/lpc1700-cmsis-lite-2011.01.26-i686-1/lib/libDriversLPC17xxgnu.a(lpc17xx_ssp.o)
 .text.SSP_Init
                0x000150e4       0xbc /opt/york/cs/net/lpc1700-cmsis-lite-2011.01.26-i686-1/lib/libDriversLPC17xxgnu.a(lpc17xx_ssp.o)
                0x000150e4                SSP_Init
 .text.SSP_DeInit
                0x000151a0       0x74 /opt/york/cs/net/lpc1700-cmsis-lite-2011.01.26-i686-1/lib/libDriversLPC17xxgnu.a(lpc17xx_ssp.o)
                0x000151a0                SSP_DeInit
 .text.SSP_GetDataSize
                0x00015214       0x4c /opt/york/cs/net/lpc1700-cmsis-lite-2011.01.26-i686-1/lib/libDriversLPC17xxgnu.a(lpc17xx_ssp.o)
                0x00015214                SSP_GetDataSize
 .text.SSP_ConfigStructInit
                0x00015260       0x48 /opt/york/cs/net/lpc1700-cmsis-lite-2011.01.26-i686-1/lib/libDriversLPC17xxgnu.a(lpc17xx_ssp.o)
                0x00015260                SSP_ConfigStructInit
 .text.SSP_Cmd  0x000152a8       0x7c /opt/york/cs/net/lpc1700-cmsis-lite-2011.01.26-i686-1/lib/libDriversLPC17xxgnu.a(lpc17xx_ssp.o)
                0x000152a8                SSP_Cmd
 .text.SSP_LoopBackCmd
                0x00015324       0x7c /opt/york/cs/net/lpc1700-cmsis-lite-2011.01.26-i686-1/lib/libDriversLPC17xxgnu.a(lpc17xx_ssp.o)
                0x00015324                SSP_LoopBackCmd
 .text.SSP_SlaveOutputCmd
                0x000153a0       0x7c /opt/york/cs/net/lpc1700-cmsis-lite-2011.01.26-i686-1/lib/libDriversLPC17xxgnu.a(lpc17xx_ssp.o)
                0x000153a0                SSP_SlaveOutputCmd
 .text.SSP_SendData
                0x0001541c       0x48 /opt/york/cs/net/lpc1700-cmsis-lite-2011.01.26-i686-1/lib/libDriversLPC17xxgnu.a(lpc17xx_ssp.o)
                0x0001541c                SSP_SendData
 .text.SSP_ReceiveData
                0x00015464       0x44 /opt/york/cs/net/lpc1700-cmsis-lite-2011.01.26-i686-1/lib/libDriversLPC17xxgnu.a(lpc17xx_ssp.o)
                0x00015464                SSP_ReceiveData
 .text.SSP_ReadWrite
                0x000154a8      0x390 /opt/york/cs/net/lpc1700-cmsis-lite-2011.01.26-i686-1/lib/libDriversLPC17xxgnu.a(lpc17xx_ssp.o)
                0x000154a8                SSP_ReadWrite
 .text.SSP_GetStatus
                0x00015838       0x84 /opt/york/cs/net/lpc1700-cmsis-lite-2011.01.26-i686-1/lib/libDriversLPC17xxgnu.a(lpc17xx_ssp.o)
                0x00015838                SSP_GetStatus
 .text.SSP_IntConfig
                0x000158bc       0x70 /opt/york/cs/net/lpc1700-cmsis-lite-2011.01.26-i686-1/lib/libDriversLPC17xxgnu.a(lpc17xx_ssp.o)
                0x000158bc                SSP_IntConfig
 .text.SSP_GetRawIntStatus
                0x0001592c       0x80 /opt/york/cs/net/lpc1700-cmsis-lite-2011.01.26-i686-1/lib/libDriversLPC17xxgnu.a(lpc17xx_ssp.o)
                0x0001592c                SSP_GetRawIntStatus
 .text.SSP_GetRawIntStatusReg
                0x000159ac       0x44 /opt/york/cs/net/lpc1700-cmsis-lite-2011.01.26-i686-1/lib/libDriversLPC17xxgnu.a(lpc17xx_ssp.o)
                0x000159ac                SSP_GetRawIntStatusReg
 .text.SSP_GetIntStatus
                0x000159f0       0x80 /opt/york/cs/net/lpc1700-cmsis-lite-2011.01.26-i686-1/lib/libDriversLPC17xxgnu.a(lpc17xx_ssp.o)
                0x000159f0                SSP_GetIntStatus
 .text.SSP_ClearIntPending
                0x00015a70       0x60 /opt/york/cs/net/lpc1700-cmsis-lite-2011.01.26-i686-1/lib/libDriversLPC17xxgnu.a(lpc17xx_ssp.o)
                0x00015a70                SSP_ClearIntPending
 .text.SSP_DMACmd
                0x00015ad0       0xa8 /opt/york/cs/net/lpc1700-cmsis-lite-2011.01.26-i686-1/lib/libDriversLPC17xxgnu.a(lpc17xx_ssp.o)
                0x00015ad0                SSP_DMACmd
 .text          0x00015b78        0x0 /opt/york/cs/net/lpc1700-cmsis-lite-2011.01.26-i686-1/lib/libDriversLPC17xxgnu.a(lpc17xx_uart.o)
 .text.uart_set_divisors
                0x00015b78      0x26c /opt/york/cs/net/lpc1700-cmsis-lite-2011.01.26-i686-1/lib/libDriversLPC17xxgnu.a(lpc17xx_uart.o)
 .text.UART_Init
                0x00015de4      0x368 /opt/york/cs/net/lpc1700-cmsis-lite-2011.01.26-i686-1/lib/libDriversLPC17xxgnu.a(lpc17xx_uart.o)
                0x00015de4                UART_Init
 .text.UART_DeInit
                0x0001614c       0xcc /opt/york/cs/net/lpc1700-cmsis-lite-2011.01.26-i686-1/lib/libDriversLPC17xxgnu.a(lpc17xx_uart.o)
                0x0001614c                UART_DeInit
 .text.UART_ConfigStructInit
                0x00016218       0x34 /opt/york/cs/net/lpc1700-cmsis-lite-2011.01.26-i686-1/lib/libDriversLPC17xxgnu.a(lpc17xx_uart.o)
                0x00016218                UART_ConfigStructInit
 .text.UART_SendByte
                0x0001624c       0x78 /opt/york/cs/net/lpc1700-cmsis-lite-2011.01.26-i686-1/lib/libDriversLPC17xxgnu.a(lpc17xx_uart.o)
                0x0001624c                UART_SendByte
 .text.UART_ReceiveByte
                0x000162c4       0x78 /opt/york/cs/net/lpc1700-cmsis-lite-2011.01.26-i686-1/lib/libDriversLPC17xxgnu.a(lpc17xx_uart.o)
                0x000162c4                UART_ReceiveByte
 .text.UART_Send
                0x0001633c      0x10c /opt/york/cs/net/lpc1700-cmsis-lite-2011.01.26-i686-1/lib/libDriversLPC17xxgnu.a(lpc17xx_uart.o)
                0x0001633c                UART_Send
 .text.UART_Receive
                0x00016448       0xd8 /opt/york/cs/net/lpc1700-cmsis-lite-2011.01.26-i686-1/lib/libDriversLPC17xxgnu.a(lpc17xx_uart.o)
                0x00016448                UART_Receive
 .text.UART_ForceBreak
                0x00016520       0x88 /opt/york/cs/net/lpc1700-cmsis-lite-2011.01.26-i686-1/lib/libDriversLPC17xxgnu.a(lpc17xx_uart.o)
                0x00016520                UART_ForceBreak
 .text.UART_IntConfig
                0x000165a8      0x1d0 /opt/york/cs/net/lpc1700-cmsis-lite-2011.01.26-i686-1/lib/libDriversLPC17xxgnu.a(lpc17xx_uart.o)
                0x000165a8                UART_IntConfig
 .text.UART_GetLineStatus
                0x00016778       0x7c /opt/york/cs/net/lpc1700-cmsis-lite-2011.01.26-i686-1/lib/libDriversLPC17xxgnu.a(lpc17xx_uart.o)
                0x00016778                UART_GetLineStatus
 .text.UART_GetIntId
                0x000167f4       0x68 /opt/york/cs/net/lpc1700-cmsis-lite-2011.01.26-i686-1/lib/libDriversLPC17xxgnu.a(lpc17xx_uart.o)
                0x000167f4                UART_GetIntId
 .text.UART_CheckBusy
                0x0001685c       0x2c /opt/york/cs/net/lpc1700-cmsis-lite-2011.01.26-i686-1/lib/libDriversLPC17xxgnu.a(lpc17xx_uart.o)
                0x0001685c                UART_CheckBusy
 .text.UART_FIFOConfig
                0x00016888      0x184 /opt/york/cs/net/lpc1700-cmsis-lite-2011.01.26-i686-1/lib/libDriversLPC17xxgnu.a(lpc17xx_uart.o)
                0x00016888                UART_FIFOConfig
 .text.UART_FIFOConfigStructInit
                0x00016a0c       0x34 /opt/york/cs/net/lpc1700-cmsis-lite-2011.01.26-i686-1/lib/libDriversLPC17xxgnu.a(lpc17xx_uart.o)
                0x00016a0c                UART_FIFOConfigStructInit
 .text.UART_ABCmd
                0x00016a40      0x15c /opt/york/cs/net/lpc1700-cmsis-lite-2011.01.26-i686-1/lib/libDriversLPC17xxgnu.a(lpc17xx_uart.o)
                0x00016a40                UART_ABCmd
 .text.UART_ABClearIntPending
                0x00016b9c       0x88 /opt/york/cs/net/lpc1700-cmsis-lite-2011.01.26-i686-1/lib/libDriversLPC17xxgnu.a(lpc17xx_uart.o)
                0x00016b9c                UART_ABClearIntPending
 .text.UART_TxCmd
                0x00016c24       0xe8 /opt/york/cs/net/lpc1700-cmsis-lite-2011.01.26-i686-1/lib/libDriversLPC17xxgnu.a(lpc17xx_uart.o)
                0x00016c24                UART_TxCmd
 .text.UART_IrDAInvtInputCmd
                0x00016d0c       0x84 /opt/york/cs/net/lpc1700-cmsis-lite-2011.01.26-i686-1/lib/libDriversLPC17xxgnu.a(lpc17xx_uart.o)
                0x00016d0c                UART_IrDAInvtInputCmd
 .text.UART_IrDACmd
                0x00016d90       0x80 /opt/york/cs/net/lpc1700-cmsis-lite-2011.01.26-i686-1/lib/libDriversLPC17xxgnu.a(lpc17xx_uart.o)
                0x00016d90                UART_IrDACmd
 .text.UART_IrDAPulseDivConfig
                0x00016e10       0xac /opt/york/cs/net/lpc1700-cmsis-lite-2011.01.26-i686-1/lib/libDriversLPC17xxgnu.a(lpc17xx_uart.o)
                0x00016e10                UART_IrDAPulseDivConfig
 .text.UART_FullModemForcePinState
                0x00016ebc       0xcc /opt/york/cs/net/lpc1700-cmsis-lite-2011.01.26-i686-1/lib/libDriversLPC17xxgnu.a(lpc17xx_uart.o)
                0x00016ebc                UART_FullModemForcePinState
 .text.UART_FullModemConfigMode
                0x00016f88       0xd8 /opt/york/cs/net/lpc1700-cmsis-lite-2011.01.26-i686-1/lib/libDriversLPC17xxgnu.a(lpc17xx_uart.o)
                0x00016f88                UART_FullModemConfigMode
 .text.UART_FullModemGetStatus
                0x00017060       0x38 /opt/york/cs/net/lpc1700-cmsis-lite-2011.01.26-i686-1/lib/libDriversLPC17xxgnu.a(lpc17xx_uart.o)
                0x00017060                UART_FullModemGetStatus
 .text.UART_RS485Config
                0x00017098      0x1bc /opt/york/cs/net/lpc1700-cmsis-lite-2011.01.26-i686-1/lib/libDriversLPC17xxgnu.a(lpc17xx_uart.o)
                0x00017098                UART_RS485Config
 .text.UART_RS485ReceiverCmd
                0x00017254       0x48 /opt/york/cs/net/lpc1700-cmsis-lite-2011.01.26-i686-1/lib/libDriversLPC17xxgnu.a(lpc17xx_uart.o)
                0x00017254                UART_RS485ReceiverCmd
 .text.UART_RS485Send
                0x0001729c       0x84 /opt/york/cs/net/lpc1700-cmsis-lite-2011.01.26-i686-1/lib/libDriversLPC17xxgnu.a(lpc17xx_uart.o)
                0x0001729c                UART_RS485Send
 .text.UART_RS485SendSlvAddr
                0x00017320       0x28 /opt/york/cs/net/lpc1700-cmsis-lite-2011.01.26-i686-1/lib/libDriversLPC17xxgnu.a(lpc17xx_uart.o)
                0x00017320                UART_RS485SendSlvAddr
 .text.UART_RS485SendData
                0x00017348       0x28 /opt/york/cs/net/lpc1700-cmsis-lite-2011.01.26-i686-1/lib/libDriversLPC17xxgnu.a(lpc17xx_uart.o)
                0x00017348                UART_RS485SendData
 .text          0x00017370        0x0 /opt/york/cs/net/lpc1700-cmsis-lite-2011.01.26-i686-1/lib/libDriversLPC17xxgnu.a(lpc17xx_clkpwr.o)
 .text.CLKPWR_SetPCLKDiv
                0x00017370       0xd4 /opt/york/cs/net/lpc1700-cmsis-lite-2011.01.26-i686-1/lib/libDriversLPC17xxgnu.a(lpc17xx_clkpwr.o)
                0x00017370                CLKPWR_SetPCLKDiv
 .text.CLKPWR_GetPCLKSEL
                0x00017444       0x54 /opt/york/cs/net/lpc1700-cmsis-lite-2011.01.26-i686-1/lib/libDriversLPC17xxgnu.a(lpc17xx_clkpwr.o)
                0x00017444                CLKPWR_GetPCLKSEL
 .text.CLKPWR_GetPCLK
                0x00017498       0x70 /opt/york/cs/net/lpc1700-cmsis-lite-2011.01.26-i686-1/lib/libDriversLPC17xxgnu.a(lpc17xx_clkpwr.o)
                0x00017498                CLKPWR_GetPCLK
 .text.CLKPWR_ConfigPPWR
                0x00017508       0x80 /opt/york/cs/net/lpc1700-cmsis-lite-2011.01.26-i686-1/lib/libDriversLPC17xxgnu.a(lpc17xx_clkpwr.o)
                0x00017508                CLKPWR_ConfigPPWR
 .text.CLKPWR_Sleep
                0x00017588       0x1c /opt/york/cs/net/lpc1700-cmsis-lite-2011.01.26-i686-1/lib/libDriversLPC17xxgnu.a(lpc17xx_clkpwr.o)
                0x00017588                CLKPWR_Sleep
 .text.CLKPWR_DeepSleep
                0x000175a4       0x2c /opt/york/cs/net/lpc1700-cmsis-lite-2011.01.26-i686-1/lib/libDriversLPC17xxgnu.a(lpc17xx_clkpwr.o)
                0x000175a4                CLKPWR_DeepSleep
 .text.CLKPWR_PowerDown
                0x000175d0       0x2c /opt/york/cs/net/lpc1700-cmsis-lite-2011.01.26-i686-1/lib/libDriversLPC17xxgnu.a(lpc17xx_clkpwr.o)
                0x000175d0                CLKPWR_PowerDown
 .text.CLKPWR_DeepPowerDown
                0x000175fc       0x2c /opt/york/cs/net/lpc1700-cmsis-lite-2011.01.26-i686-1/lib/libDriversLPC17xxgnu.a(lpc17xx_clkpwr.o)
                0x000175fc                CLKPWR_DeepPowerDown
 .text          0x00017628        0x0 /opt/york/cs/net/sourcery-g++-lite-arm-eabi-2010.09.51-i686-1/bin/../lib/gcc/arm-none-eabi/4.5.1/thumb2/crtend.o
 .text          0x00017628        0x0 /opt/york/cs/net/sourcery-g++-lite-arm-eabi-2010.09.51-i686-1/bin/../lib/gcc/arm-none-eabi/4.5.1/thumb2/crtn.o
 *(.plt)
 *(.gnu.warning)
 *(.glue_7t)
 .glue_7t       0x00000000        0x0 linker stubs
 *(.glue_7)
 .glue_7        0x00000000        0x0 linker stubs
 *(.vfp11_veneer)
 .vfp11_veneer  0x00000000        0x0 linker stubs
 *(.rodata .rodata.* .gnu.linkonce.r.*)
 .rodata        0x00017628      0x3c8 main.o
 .rodata.C.0.2899
                0x000179f0       0x10 source/KeyAccess.o
 .rodata        0x00017a00       0x14 source/LCD.o
 .rodata        0x00017a14       0x1c source/Wave.o
 .rodata.C.1.2907
                0x00017a30       0x18 source/TLV320.o
 .rodata.C.2.2908
                0x00017a48       0x18 source/TLV320.o
 .rodata.C.3.2909
                0x00017a60       0x10 source/TLV320.o
 .rodata.C.4.2910
                0x00017a70        0x8 source/TLV320.o
 .rodata.C.5.2911
                0x00017a78        0x8 source/TLV320.o
 .rodata.C.6.2912
                0x00017a80        0x4 source/TLV320.o
 .rodata        0x00017a84        0x4 source/i2s.o
 .rodata        0x00017a88       0xc8 source/SD.o
 .rodata.DbcTbl
                0x00017b50        0xc source/FatFS/ff.o
 .rodata        0x00017b5c       0x50 source/FatFS/ff.o
 .rodata.cst32.1625
                0x00017bac       0x10 source/FatFS/ff.o
 .rodata.cst.1624
                0x00017bbc       0x10 source/FatFS/ff.o
 .rodata.badchr.1608
                0x00017bcc       0x14 source/FatFS/ff.o
 .rodata        0x00017be0       0x20 /opt/york/cs/net/sourcery-g++-lite-arm-eabi-2010.09.51-i686-1/arm-none-eabi/lib/thumb2/libc.a(lib_a-svfprintf.o)
 .rodata.str1.4
                0x00017c00       0x42 /opt/york/cs/net/sourcery-g++-lite-arm-eabi-2010.09.51-i686-1/arm-none-eabi/lib/thumb2/libc.a(lib_a-svfprintf.o)
                                 0x44 (size before relaxing)
 *fill*         0x00017c42        0x2 00
 .rodata        0x00017c44      0x104 /opt/york/cs/net/sourcery-g++-lite-arm-eabi-2010.09.51-i686-1/arm-none-eabi/lib/thumb2/libc.a(lib_a-ctype_.o)
                0x00017c44                _ctype_
 .rodata.str1.4
                0x00017d48       0x10 /opt/york/cs/net/sourcery-g++-lite-arm-eabi-2010.09.51-i686-1/arm-none-eabi/lib/thumb2/libc.a(lib_a-dtoa.o)
                                 0x14 (size before relaxing)
 .rodata        0x00017d58        0x4 /opt/york/cs/net/sourcery-g++-lite-arm-eabi-2010.09.51-i686-1/arm-none-eabi/lib/thumb2/libc.a(lib_a-impure.o)
                0x00017d58                _global_impure_ptr
 .rodata.str1.4
                0x00017d5c        0x2 /opt/york/cs/net/sourcery-g++-lite-arm-eabi-2010.09.51-i686-1/arm-none-eabi/lib/thumb2/libc.a(lib_a-impure.o)
                                  0x4 (size before relaxing)
 *fill*         0x00017d5e        0x2 00
 .rodata.str1.4
                0x00017d60        0xc /opt/york/cs/net/sourcery-g++-lite-arm-eabi-2010.09.51-i686-1/arm-none-eabi/lib/thumb2/libc.a(lib_a-locale.o)
                                 0x14 (size before relaxing)
 *fill*         0x00017d6c        0x4 00
 .rodata        0x00017d70      0x128 /opt/york/cs/net/sourcery-g++-lite-arm-eabi-2010.09.51-i686-1/arm-none-eabi/lib/thumb2/libc.a(lib_a-mprec.o)
                0x00017d80                __mprec_tens
                0x00017e48                __mprec_bigtens
                0x00017e70                __mprec_tinytens
 .rodata        0x00017e98       0x20 /opt/york/cs/net/sourcery-g++-lite-arm-eabi-2010.09.51-i686-1/arm-none-eabi/lib/thumb2/libc.a(lib_a-svfiprintf.o)
 .rodata.str1.4
                0x00000000       0x30 /opt/york/cs/net/sourcery-g++-lite-arm-eabi-2010.09.51-i686-1/arm-none-eabi/lib/thumb2/libc.a(lib_a-svfiprintf.o)
 .rodata        0x00017eb8      0x188 /opt/york/cs/net/sourcery-g++-lite-arm-eabi-2010.09.51-i686-1/arm-none-eabi/lib/thumb2/libm.a(lib_a-e_rem_pio2.o)
 .rodata        0x00018040       0x50 /opt/york/cs/net/sourcery-g++-lite-arm-eabi-2010.09.51-i686-1/arm-none-eabi/lib/thumb2/libm.a(lib_a-k_rem_pio2.o)
 .rodata        0x00018090       0x10 /opt/york/cs/net/lpc1700-cmsis-lite-2011.01.26-i686-1/lib/libDriversLPC17xxgnu.a(lpc17xx_i2c.o)
 .rodata        0x000180a0       0x10 /opt/york/cs/net/lpc1700-cmsis-lite-2011.01.26-i686-1/lib/libDriversLPC17xxgnu.a(lpc17xx_i2s.o)
 .rodata        0x000180b0       0x10 /opt/york/cs/net/lpc1700-cmsis-lite-2011.01.26-i686-1/lib/libDriversLPC17xxgnu.a(lpc17xx_ssp.o)
 .rodata        0x000180c0       0x10 /opt/york/cs/net/lpc1700-cmsis-lite-2011.01.26-i686-1/lib/libDriversLPC17xxgnu.a(lpc17xx_uart.o)
 *(.ARM.extab* .gnu.linkonce.armextab.*)
 .ARM.extab.cs3.reset
                0x000180d0        0x0 /opt/york/cs/net/lpc1700-cmsis-lite-2011.01.26-i686-1/lib/startup_LPC17xx.o
 .ARM.extab     0x000180d0        0x0 /opt/york/cs/net/sourcery-g++-lite-arm-eabi-2010.09.51-i686-1/bin/../lib/gcc/arm-none-eabi/4.5.1/thumb2/libgcc.a(_divdi3.o)
 .ARM.extab     0x000180d0        0x0 /opt/york/cs/net/sourcery-g++-lite-arm-eabi-2010.09.51-i686-1/bin/../lib/gcc/arm-none-eabi/4.5.1/thumb2/libgcc.a(_udivdi3.o)
 *(.gcc_except_table)
 *(.eh_frame_hdr)
 *(.eh_frame)
                0x000180d0                . = ALIGN (0x4)
 *(.init)
 .init          0x000180d0        0x4 /opt/york/cs/net/sourcery-g++-lite-arm-eabi-2010.09.51-i686-1/bin/../lib/gcc/arm-none-eabi/4.5.1/thumb2/crti.o
                0x000180d0                _init
 .init          0x000180d4        0x8 /opt/york/cs/net/sourcery-g++-lite-arm-eabi-2010.09.51-i686-1/bin/../lib/gcc/arm-none-eabi/4.5.1/thumb2/crtn.o
                0x000180dc                . = ALIGN (0x4)
                0x000180dc                __preinit_array_start = .
 *(.preinit_array)
                0x000180dc                __preinit_array_end = .
                0x000180dc                . = ALIGN (0x4)
                0x000180dc                __init_array_start = .
 *(SORT(.init_array.*))
 *(.init_array)
 .init_array    0x000180dc        0x4 /opt/york/cs/net/sourcery-g++-lite-arm-eabi-2010.09.51-i686-1/bin/../lib/gcc/arm-none-eabi/4.5.1/thumb2/crtbegin.o
                0x000180e0                __init_array_end = .
                0x000180e0                . = ALIGN (0x4)
 *crtbegin.o(.ctors)
 *(EXCLUDE_FILE(*crtend.o) .ctors)
 *(SORT(.ctors.*))
 *crtend.o(.ctors)
                0x000180e0                . = ALIGN (0x4)
 *(.fini)
 .fini          0x000180e0        0x4 /opt/york/cs/net/sourcery-g++-lite-arm-eabi-2010.09.51-i686-1/bin/../lib/gcc/arm-none-eabi/4.5.1/thumb2/crti.o
                0x000180e0                _fini
 .fini          0x000180e4        0x8 /opt/york/cs/net/sourcery-g++-lite-arm-eabi-2010.09.51-i686-1/bin/../lib/gcc/arm-none-eabi/4.5.1/thumb2/crtn.o
                0x000180ec                . = ALIGN (0x4)
                0x000180ec                __fini_array_start = .
 *(.fini_array)
 .fini_array    0x000180ec        0x4 /opt/york/cs/net/sourcery-g++-lite-arm-eabi-2010.09.51-i686-1/bin/../lib/gcc/arm-none-eabi/4.5.1/thumb2/crtbegin.o
 *(SORT(.fini_array.*))
                0x000180f0                __fini_array_end = .
 *crtbegin.o(.dtors)
 *(EXCLUDE_FILE(*crtend.o) .dtors)
 *(SORT(.dtors.*))
 *crtend.o(.dtors)
                0x000180f0                . = ALIGN (0x4)
                0x000180f0                __cs3_regions = .
                0x000180f0        0x4 LONG 0x0
                0x000180f4        0x4 LONG 0x18110 __cs3_region_init_ram
                0x000180f8        0x4 LONG 0x10000000 __cs3_region_start_ram
                0x000180fc        0x4 LONG 0x610 __cs3_region_init_size_ram
                0x00018100        0x4 LONG 0xb30 __cs3_region_zero_size_ram
                0x00018104                __exidx_start = .

.v4_bx          0x00018104        0x0
 .v4_bx         0x00000000        0x0 linker stubs

.ARM.exidx      0x00018104        0x8
 *(.ARM.exidx* .gnu.linkonce.armexidx.*)
 .ARM.exidx.cs3.reset
                0x00018104        0x8 /opt/york/cs/net/lpc1700-cmsis-lite-2011.01.26-i686-1/lib/startup_LPC17xx.o
 .ARM.exidx     0x0001810c        0x0 /opt/york/cs/net/sourcery-g++-lite-arm-eabi-2010.09.51-i686-1/bin/../lib/gcc/arm-none-eabi/4.5.1/thumb2/libgcc.a(_divdi3.o)
                                  0x8 (size before relaxing)
 .ARM.exidx     0x0001810c        0x0 /opt/york/cs/net/sourcery-g++-lite-arm-eabi-2010.09.51-i686-1/bin/../lib/gcc/arm-none-eabi/4.5.1/thumb2/libgcc.a(_udivdi3.o)
                                  0x8 (size before relaxing)
                0x0001810c                __exidx_end = .

.text.align     0x0001810c        0x4
                0x00018110                . = ALIGN (0x8)
 *fill*         0x0001810c        0x4 00
                0x00018110                _etext = .
                0x00080000                __cs3_region_size_rom = 0x80000
                0x00000001                __cs3_region_num = 0x1

.data           0x10000000      0x610 load address 0x00018110
                0x10000000                __cs3_region_start_ram = .
 *(.cs3.region-head.ram)
 *(.jcr)
 .jcr           0x10000000        0x0 /opt/york/cs/net/sourcery-g++-lite-arm-eabi-2010.09.51-i686-1/bin/../lib/gcc/arm-none-eabi/4.5.1/thumb2/crtbegin.o
 .jcr           0x10000000        0x4 /opt/york/cs/net/sourcery-g++-lite-arm-eabi-2010.09.51-i686-1/bin/../lib/gcc/arm-none-eabi/4.5.1/thumb2/crtend.o
 *(.got.plt)
 *(.got)
 *(.shdata)
 *(.data .data.* .gnu.linkonce.d.*)
 .data          0x10000004        0x0 /opt/york/cs/net/sourcery-g++-lite-arm-eabi-2010.09.51-i686-1/bin/../lib/gcc/arm-none-eabi/4.5.1/thumb2/crti.o
 .data          0x10000004        0x4 /opt/york/cs/net/sourcery-g++-lite-arm-eabi-2010.09.51-i686-1/bin/../lib/gcc/arm-none-eabi/4.5.1/thumb2/crtbegin.o
                0x10000004                __dso_handle
 .data          0x10000008        0x0 main.o
 .data.MenuText
                0x10000008       0x1c main.o
                0x10000008                MenuText
 .data.menuFuncs
                0x10000024       0x28 main.o
                0x10000024                menuFuncs
 .data.int_Handler_Funcs
                0x1000004c        0x4 main.o
                0x1000004c                int_Handler_Funcs
 .data          0x10000050        0x0 source/KeyAccess.o
 .data          0x10000050        0x0 source/LCD.o
 .data.clrLine  0x10000050       0x14 source/LCD.o
                0x10000050                clrLine
 .data.Init     0x10000064        0xc source/LCD.o
                0x10000064                Init
 .data          0x10000070        0x0 source/I2C.o
 .data          0x10000070        0x0 source/Wave.o
 .data          0x10000070        0x0 source/TLV320.o
 .data          0x10000070        0x0 source/Delay.o
 .data          0x10000070        0x0 source/NewMalloc.o
 .data          0x10000070        0x0 source/SerialIO.o
 .data          0x10000070        0x0 source/interrupt_handlers.o
 .data          0x10000070        0x0 source/i2s.o
 .data.I2S_int_Handler_Funcs
                0x10000070        0xc source/i2s.o
 .data          0x1000007c        0x0 source/SD.o
 .data          0x1000007c        0x0 source/FatFS/ff.o
 .data          0x1000007c        0x0 source/FatFS/mmc_176x_ssp.o
 .data.Stat     0x1000007c        0x1 source/FatFS/mmc_176x_ssp.o
 .data          0x1000007d        0x0 source/FatFS/diskio.o
 .data          0x1000007d        0x0 /opt/york/cs/net/lpc1700-cmsis-lite-2011.01.26-i686-1/lib/core_cm3.o
 .data          0x1000007d        0x0 /opt/york/cs/net/lpc1700-cmsis-lite-2011.01.26-i686-1/lib/system_LPC17xx.o
 *fill*         0x1000007d        0x3 00
 .data.SystemCoreClock
                0x10000080        0x4 /opt/york/cs/net/lpc1700-cmsis-lite-2011.01.26-i686-1/lib/system_LPC17xx.o
                0x10000080                SystemCoreClock
 .data          0x10000084        0x0 /opt/york/cs/net/lpc1700-cmsis-lite-2011.01.26-i686-1/lib/startup_LPC17xx.o
 .data          0x10000084        0x0 /opt/york/cs/net/sourcery-g++-lite-arm-eabi-2010.09.51-i686-1/arm-none-eabi/lib/thumb2/libc.a(lib_a-atoi.o)
 .data          0x10000084        0x0 /opt/york/cs/net/sourcery-g++-lite-arm-eabi-2010.09.51-i686-1/arm-none-eabi/lib/thumb2/libc.a(lib_a-malloc.o)
 .data          0x10000084      0x410 /opt/york/cs/net/sourcery-g++-lite-arm-eabi-2010.09.51-i686-1/arm-none-eabi/lib/thumb2/libc.a(lib_a-mallocr.o)
                0x10000084                __malloc_av_
                0x1000048c                __malloc_sbrk_base
                0x10000490                __malloc_trim_threshold
 .data          0x10000494        0x0 /opt/york/cs/net/sourcery-g++-lite-arm-eabi-2010.09.51-i686-1/arm-none-eabi/lib/thumb2/libc.a(lib_a-memcpy.o)
 .data          0x10000494        0x0 /opt/york/cs/net/sourcery-g++-lite-arm-eabi-2010.09.51-i686-1/arm-none-eabi/lib/thumb2/libc.a(lib_a-memset.o)
 .data          0x10000494        0x0 /opt/york/cs/net/sourcery-g++-lite-arm-eabi-2010.09.51-i686-1/arm-none-eabi/lib/thumb2/libc.a(lib_a-mlock.o)
 .data          0x10000494        0x0 /opt/york/cs/net/sourcery-g++-lite-arm-eabi-2010.09.51-i686-1/arm-none-eabi/lib/thumb2/libc.a(lib_a-sbrkr.o)
 .data          0x10000494        0x0 /opt/york/cs/net/sourcery-g++-lite-arm-eabi-2010.09.51-i686-1/arm-none-eabi/lib/thumb2/libc.a(lib_a-sprintf.o)
 .data          0x10000494        0x0 /opt/york/cs/net/sourcery-g++-lite-arm-eabi-2010.09.51-i686-1/arm-none-eabi/lib/thumb2/libc.a(lib_a-strchr.o)
 .data          0x10000494        0x0 /opt/york/cs/net/sourcery-g++-lite-arm-eabi-2010.09.51-i686-1/arm-none-eabi/lib/thumb2/libc.a(lib_a-strcpy.o)
 .data          0x10000494        0x0 /opt/york/cs/net/sourcery-g++-lite-arm-eabi-2010.09.51-i686-1/arm-none-eabi/lib/thumb2/libc.a(lib_a-strlen.o)
 .data          0x10000494        0x0 /opt/york/cs/net/sourcery-g++-lite-arm-eabi-2010.09.51-i686-1/arm-none-eabi/lib/thumb2/libc.a(lib_a-strncmp.o)
 .data          0x10000494        0x0 /opt/york/cs/net/sourcery-g++-lite-arm-eabi-2010.09.51-i686-1/arm-none-eabi/lib/thumb2/libc.a(lib_a-strncpy.o)
 .data          0x10000494        0x0 /opt/york/cs/net/sourcery-g++-lite-arm-eabi-2010.09.51-i686-1/arm-none-eabi/lib/thumb2/libc.a(lib_a-strtol.o)
 .data          0x10000494        0x0 /opt/york/cs/net/sourcery-g++-lite-arm-eabi-2010.09.51-i686-1/arm-none-eabi/lib/thumb2/libc.a(lib_a-svfprintf.o)
 .data          0x10000494        0x4 /opt/york/cs/net/sourcery-g++-lite-arm-eabi-2010.09.51-i686-1/arm-none-eabi/lib/thumb2/libc.a(lib_a-ctype_.o)
                0x10000494                __ctype_ptr__
 .data          0x10000498        0x0 /opt/york/cs/net/sourcery-g++-lite-arm-eabi-2010.09.51-i686-1/arm-none-eabi/lib/thumb2/libc.a(lib_a-dtoa.o)
 .data          0x10000498        0x0 /opt/york/cs/net/sourcery-g++-lite-arm-eabi-2010.09.51-i686-1/arm-none-eabi/lib/thumb2/libc.a(lib_a-freer.o)
 .data          0x10000498       0xf4 /opt/york/cs/net/sourcery-g++-lite-arm-eabi-2010.09.51-i686-1/arm-none-eabi/lib/thumb2/libc.a(lib_a-impure.o)
                0x10000498                _impure_ptr
 .data          0x1000058c       0x7c /opt/york/cs/net/sourcery-g++-lite-arm-eabi-2010.09.51-i686-1/arm-none-eabi/lib/thumb2/libc.a(lib_a-locale.o)
                0x100005ac                __mb_cur_max
 .data          0x10000608        0x0 /opt/york/cs/net/sourcery-g++-lite-arm-eabi-2010.09.51-i686-1/arm-none-eabi/lib/thumb2/libc.a(lib_a-memchr.o)
 .data          0x10000608        0x0 /opt/york/cs/net/sourcery-g++-lite-arm-eabi-2010.09.51-i686-1/arm-none-eabi/lib/thumb2/libc.a(lib_a-mprec.o)
 .data          0x10000608        0x0 /opt/york/cs/net/sourcery-g++-lite-arm-eabi-2010.09.51-i686-1/arm-none-eabi/lib/thumb2/libc.a(lib_a-reent.o)
 .data          0x10000608        0x0 /opt/york/cs/net/sourcery-g++-lite-arm-eabi-2010.09.51-i686-1/arm-none-eabi/lib/thumb2/libc.a(lib_a-s_fpclassify.o)
 .data          0x10000608        0x0 /opt/york/cs/net/sourcery-g++-lite-arm-eabi-2010.09.51-i686-1/arm-none-eabi/lib/thumb2/libc.a(lib_a-strcmp.o)
 .data          0x10000608        0x0 /opt/york/cs/net/sourcery-g++-lite-arm-eabi-2010.09.51-i686-1/arm-none-eabi/lib/thumb2/libc.a(lib_a-svfiprintf.o)
 .data          0x10000608        0x0 /opt/york/cs/net/sourcery-g++-lite-arm-eabi-2010.09.51-i686-1/arm-none-eabi/lib/thumb2/libc.a(lib_a-callocr.o)
 .data          0x10000608        0x0 /opt/york/cs/net/sourcery-g++-lite-arm-eabi-2010.09.51-i686-1/arm-none-eabi/lib/thumb2/libc.a(lib_a-memmove.o)
 .data          0x10000608        0x0 /opt/york/cs/net/sourcery-g++-lite-arm-eabi-2010.09.51-i686-1/arm-none-eabi/lib/thumb2/libc.a(lib_a-reallocr.o)
 .data          0x10000608        0x0 /opt/york/cs/net/sourcery-g++-lite-arm-eabi-2010.09.51-i686-1/bin/../lib/gcc/arm-none-eabi/4.5.1/thumb2/libgcc.a(_udivsi3.o)
 .data          0x10000608        0x0 /opt/york/cs/net/sourcery-g++-lite-arm-eabi-2010.09.51-i686-1/bin/../lib/gcc/arm-none-eabi/4.5.1/thumb2/libgcc.a(_dvmd_tls.o)
 .data          0x10000608        0x0 /opt/york/cs/net/sourcery-g++-lite-arm-eabi-2010.09.51-i686-1/bin/../lib/gcc/arm-none-eabi/4.5.1/thumb2/libgcc.a(_arm_addsubdf3.o)
 .data          0x10000608        0x0 /opt/york/cs/net/sourcery-g++-lite-arm-eabi-2010.09.51-i686-1/bin/../lib/gcc/arm-none-eabi/4.5.1/thumb2/libgcc.a(_arm_muldivdf3.o)
 .data          0x10000608        0x0 /opt/york/cs/net/sourcery-g++-lite-arm-eabi-2010.09.51-i686-1/bin/../lib/gcc/arm-none-eabi/4.5.1/thumb2/libgcc.a(_arm_cmpdf2.o)
 .data          0x10000608        0x0 /opt/york/cs/net/sourcery-g++-lite-arm-eabi-2010.09.51-i686-1/bin/../lib/gcc/arm-none-eabi/4.5.1/thumb2/libgcc.a(_arm_fixdfsi.o)
 .data          0x10000608        0x0 /opt/york/cs/net/sourcery-g++-lite-arm-eabi-2010.09.51-i686-1/bin/../lib/gcc/arm-none-eabi/4.5.1/thumb2/libgcc.a(_arm_addsubsf3.o)
 .data          0x10000608        0x0 /opt/york/cs/net/sourcery-g++-lite-arm-eabi-2010.09.51-i686-1/bin/../lib/gcc/arm-none-eabi/4.5.1/thumb2/libgcc.a(_arm_muldivsf3.o)
 .data          0x10000608        0x0 /opt/york/cs/net/sourcery-g++-lite-arm-eabi-2010.09.51-i686-1/bin/../lib/gcc/arm-none-eabi/4.5.1/thumb2/libgcc.a(_aeabi_uldivmod.o)
 .data          0x10000608        0x0 /opt/york/cs/net/sourcery-g++-lite-arm-eabi-2010.09.51-i686-1/bin/../lib/gcc/arm-none-eabi/4.5.1/thumb2/libgcc.a(bpabi.o)
 .data          0x10000608        0x0 /opt/york/cs/net/sourcery-g++-lite-arm-eabi-2010.09.51-i686-1/bin/../lib/gcc/arm-none-eabi/4.5.1/thumb2/libgcc.a(_divdi3.o)
 .data          0x10000608        0x0 /opt/york/cs/net/sourcery-g++-lite-arm-eabi-2010.09.51-i686-1/bin/../lib/gcc/arm-none-eabi/4.5.1/thumb2/libgcc.a(_udivdi3.o)
 .data          0x10000608        0x0 /opt/york/cs/net/sourcery-g++-lite-arm-eabi-2010.09.51-i686-1/arm-none-eabi/lib/thumb2/libm.a(lib_a-s_sin.o)
 .data          0x10000608        0x0 /opt/york/cs/net/sourcery-g++-lite-arm-eabi-2010.09.51-i686-1/arm-none-eabi/lib/thumb2/libm.a(lib_a-e_rem_pio2.o)
 .data          0x10000608        0x0 /opt/york/cs/net/sourcery-g++-lite-arm-eabi-2010.09.51-i686-1/arm-none-eabi/lib/thumb2/libm.a(lib_a-k_cos.o)
 .data          0x10000608        0x0 /opt/york/cs/net/sourcery-g++-lite-arm-eabi-2010.09.51-i686-1/arm-none-eabi/lib/thumb2/libm.a(lib_a-k_rem_pio2.o)
 .data          0x10000608        0x0 /opt/york/cs/net/sourcery-g++-lite-arm-eabi-2010.09.51-i686-1/arm-none-eabi/lib/thumb2/libm.a(lib_a-k_sin.o)
 .data          0x10000608        0x0 /opt/york/cs/net/sourcery-g++-lite-arm-eabi-2010.09.51-i686-1/arm-none-eabi/lib/thumb2/libm.a(lib_a-s_fabs.o)
 .data          0x10000608        0x0 /opt/york/cs/net/sourcery-g++-lite-arm-eabi-2010.09.51-i686-1/arm-none-eabi/lib/thumb2/libm.a(lib_a-s_floor.o)
 .data          0x10000608        0x0 /opt/york/cs/net/sourcery-g++-lite-arm-eabi-2010.09.51-i686-1/arm-none-eabi/lib/thumb2/libm.a(lib_a-s_scalbn.o)
 .data          0x10000608        0x0 /opt/york/cs/net/sourcery-g++-lite-arm-eabi-2010.09.51-i686-1/arm-none-eabi/lib/thumb2/libm.a(lib_a-s_copysign.o)
 .data          0x10000608        0x0 /opt/york/cs/net/sourcery-g++-lite-arm-eabi-2010.09.51-i686-1/bin/../lib/gcc/arm-none-eabi/4.5.1/thumb2/libgcc.a(_divsi3.o)
 .data          0x10000608        0x0 /opt/york/cs/net/sourcery-g++-lite-arm-eabi-2010.09.51-i686-1/arm-none-eabi/lib/thumb2/libcs3.a(start_c.o)
 .data          0x10000608        0x4 /opt/york/cs/net/sourcery-g++-lite-arm-eabi-2010.09.51-i686-1/arm-none-eabi/lib/thumb2/libcs3unhosted.a(unhosted-sbrk.o)
 .data          0x1000060c        0x0 /opt/york/cs/net/sourcery-g++-lite-arm-eabi-2010.09.51-i686-1/arm-none-eabi/lib/thumb2/libcs3unhosted.a(unhosted-start.o)
 .data          0x1000060c        0x0 /opt/york/cs/net/sourcery-g++-lite-arm-eabi-2010.09.51-i686-1/arm-none-eabi/lib/thumb2/libc.a(lib_a-errno.o)
 .data          0x1000060c        0x0 /opt/york/cs/net/sourcery-g++-lite-arm-eabi-2010.09.51-i686-1/arm-none-eabi/lib/thumb2/libc.a(lib_a-init.o)
 .data          0x1000060c        0x4 /opt/york/cs/net/sourcery-g++-lite-arm-eabi-2010.09.51-i686-1/arm-none-eabi/lib/thumb2/libcs3.a(heap.o)
                0x1000060c                __cs3_heap_limit
 .data          0x10000610        0x0 /opt/york/cs/net/lpc1700-cmsis-lite-2011.01.26-i686-1/lib/libDriversLPC17xxgnu.a(lpc17xx_i2c.o)
 .data          0x10000610        0x0 /opt/york/cs/net/lpc1700-cmsis-lite-2011.01.26-i686-1/lib/libDriversLPC17xxgnu.a(lpc17xx_i2s.o)
 .data          0x10000610        0x0 /opt/york/cs/net/lpc1700-cmsis-lite-2011.01.26-i686-1/lib/libDriversLPC17xxgnu.a(lpc17xx_libcfg_default.o)
 .data          0x10000610        0x0 /opt/york/cs/net/lpc1700-cmsis-lite-2011.01.26-i686-1/lib/libDriversLPC17xxgnu.a(lpc17xx_pinsel.o)
 .data          0x10000610        0x0 /opt/york/cs/net/lpc1700-cmsis-lite-2011.01.26-i686-1/lib/libDriversLPC17xxgnu.a(lpc17xx_ssp.o)
 .data          0x10000610        0x0 /opt/york/cs/net/lpc1700-cmsis-lite-2011.01.26-i686-1/lib/libDriversLPC17xxgnu.a(lpc17xx_uart.o)
 .data          0x10000610        0x0 /opt/york/cs/net/lpc1700-cmsis-lite-2011.01.26-i686-1/lib/libDriversLPC17xxgnu.a(lpc17xx_clkpwr.o)
 .data          0x10000610        0x0 /opt/york/cs/net/sourcery-g++-lite-arm-eabi-2010.09.51-i686-1/bin/../lib/gcc/arm-none-eabi/4.5.1/thumb2/crtend.o
 .data          0x10000610        0x0 /opt/york/cs/net/sourcery-g++-lite-arm-eabi-2010.09.51-i686-1/bin/../lib/gcc/arm-none-eabi/4.5.1/thumb2/crtn.o
 *(.ram)
                0x10000610                . = ALIGN (0x8)
                0x10000610                _edata = .

.bss            0x10000610      0xb30 load address 0x00018720
 *(.shbss)
 *(.bss .bss.* .gnu.linkonce.b.*)
 .bss           0x10000610        0x0 /opt/york/cs/net/sourcery-g++-lite-arm-eabi-2010.09.51-i686-1/bin/../lib/gcc/arm-none-eabi/4.5.1/thumb2/crti.o
 .bss           0x10000610        0x1 /opt/york/cs/net/sourcery-g++-lite-arm-eabi-2010.09.51-i686-1/bin/../lib/gcc/arm-none-eabi/4.5.1/thumb2/crtbegin.o
 .bss           0x10000611        0x0 main.o
 .bss.int_Handler_Enable
                0x10000611        0x1 main.o
                0x10000611                int_Handler_Enable
 .bss.int_Handler_Index
                0x10000612        0x1 main.o
                0x10000612                int_Handler_Index
 .bss           0x10000613        0x0 source/KeyAccess.o
 .bss           0x10000613        0x0 source/LCD.o
 .bss           0x10000613        0x0 source/I2C.o
 .bss           0x10000613        0x0 source/Wave.o
 .bss           0x10000613        0x0 source/TLV320.o
 .bss           0x10000613        0x0 source/Delay.o
 .bss           0x10000613        0x0 source/NewMalloc.o
 *fill*         0x10000613        0x1 00
 .bss.length    0x10000614        0x4 source/NewMalloc.o
                0x10000614                length
 .bss           0x10000618        0x0 source/SerialIO.o
 .bss           0x10000618        0x0 source/interrupt_handlers.o
 .bss           0x10000618        0x0 source/i2s.o
 .bss           0x10000618        0x0 source/SD.o
 .bss           0x10000618        0x0 source/FatFS/ff.o
 .bss.FatFs     0x10000618        0x4 source/FatFS/ff.o
 .bss.Fsid      0x1000061c        0x2 source/FatFS/ff.o
 .bss.CurrVol   0x1000061e        0x1 source/FatFS/ff.o
 .bss           0x1000061f        0x0 source/FatFS/mmc_176x_ssp.o
 *fill*         0x1000061f        0x1 00
 .bss.Timer1    0x10000620        0x4 source/FatFS/mmc_176x_ssp.o
 .bss.Timer2    0x10000624        0x4 source/FatFS/mmc_176x_ssp.o
 .bss.CardType  0x10000628        0x1 source/FatFS/mmc_176x_ssp.o
 .bss           0x10000629        0x0 source/FatFS/diskio.o
 .bss           0x10000629        0x0 /opt/york/cs/net/lpc1700-cmsis-lite-2011.01.26-i686-1/lib/core_cm3.o
 .bss           0x10000629        0x0 /opt/york/cs/net/lpc1700-cmsis-lite-2011.01.26-i686-1/lib/system_LPC17xx.o
 .bss           0x10000629        0x0 /opt/york/cs/net/lpc1700-cmsis-lite-2011.01.26-i686-1/lib/startup_LPC17xx.o
 .bss           0x10000629        0x0 /opt/york/cs/net/sourcery-g++-lite-arm-eabi-2010.09.51-i686-1/arm-none-eabi/lib/thumb2/libc.a(lib_a-atoi.o)
 .bss           0x10000629        0x0 /opt/york/cs/net/sourcery-g++-lite-arm-eabi-2010.09.51-i686-1/arm-none-eabi/lib/thumb2/libc.a(lib_a-malloc.o)
 *fill*         0x10000629        0x3 00
 .bss           0x1000062c       0x34 /opt/york/cs/net/sourcery-g++-lite-arm-eabi-2010.09.51-i686-1/arm-none-eabi/lib/thumb2/libc.a(lib_a-mallocr.o)
                0x1000062c                __malloc_top_pad
                0x10000630                __malloc_current_mallinfo
                0x10000658                __malloc_max_sbrked_mem
                0x1000065c                __malloc_max_total_mem
 .bss           0x10000660        0x0 /opt/york/cs/net/sourcery-g++-lite-arm-eabi-2010.09.51-i686-1/arm-none-eabi/lib/thumb2/libc.a(lib_a-memcpy.o)
 .bss           0x10000660        0x0 /opt/york/cs/net/sourcery-g++-lite-arm-eabi-2010.09.51-i686-1/arm-none-eabi/lib/thumb2/libc.a(lib_a-memset.o)