Archive member included because of file (symbol)

/opt/york/cs/net/sourcery-g++-lite-arm-eabi-2010.09.51-i686-1/arm-none-eabi/lib/thumb2/libc.a(lib_a-malloc.o)
                              main.o (malloc)
/opt/york/cs/net/sourcery-g++-lite-arm-eabi-2010.09.51-i686-1/arm-none-eabi/lib/thumb2/libc.a(lib_a-mallocr.o)
                              /opt/york/cs/net/sourcery-g++-lite-arm-eabi-2010.09.51-i686-1/arm-none-eabi/lib/thumb2/libc.a(lib_a-malloc.o) (_malloc_r)
/opt/york/cs/net/sourcery-g++-lite-arm-eabi-2010.09.51-i686-1/arm-none-eabi/lib/thumb2/libc.a(lib_a-mlock.o)
                              /opt/york/cs/net/sourcery-g++-lite-arm-eabi-2010.09.51-i686-1/arm-none-eabi/lib/thumb2/libc.a(lib_a-mallocr.o) (__malloc_lock)
/opt/york/cs/net/sourcery-g++-lite-arm-eabi-2010.09.51-i686-1/arm-none-eabi/lib/thumb2/libc.a(lib_a-sbrkr.o)
                              /opt/york/cs/net/sourcery-g++-lite-arm-eabi-2010.09.51-i686-1/arm-none-eabi/lib/thumb2/libc.a(lib_a-mallocr.o) (_sbrk_r)
/opt/york/cs/net/sourcery-g++-lite-arm-eabi-2010.09.51-i686-1/arm-none-eabi/lib/thumb2/libc.a(lib_a-sprintf.o)
                              main.o (sprintf)
/opt/york/cs/net/sourcery-g++-lite-arm-eabi-2010.09.51-i686-1/arm-none-eabi/lib/thumb2/libc.a(lib_a-strlen.o)
                              main.o (strlen)
/opt/york/cs/net/sourcery-g++-lite-arm-eabi-2010.09.51-i686-1/arm-none-eabi/lib/thumb2/libc.a(lib_a-svfprintf.o)
                              /opt/york/cs/net/sourcery-g++-lite-arm-eabi-2010.09.51-i686-1/arm-none-eabi/lib/thumb2/libc.a(lib_a-sprintf.o) (_svfprintf_r)
/opt/york/cs/net/sourcery-g++-lite-arm-eabi-2010.09.51-i686-1/arm-none-eabi/lib/thumb2/libc.a(lib_a-dtoa.o)
                              /opt/york/cs/net/sourcery-g++-lite-arm-eabi-2010.09.51-i686-1/arm-none-eabi/lib/thumb2/libc.a(lib_a-svfprintf.o) (_dtoa_r)
/opt/york/cs/net/sourcery-g++-lite-arm-eabi-2010.09.51-i686-1/arm-none-eabi/lib/thumb2/libc.a(lib_a-freer.o)
                              /opt/york/cs/net/sourcery-g++-lite-arm-eabi-2010.09.51-i686-1/arm-none-eabi/lib/thumb2/libc.a(lib_a-malloc.o) (_free_r)
/opt/york/cs/net/sourcery-g++-lite-arm-eabi-2010.09.51-i686-1/arm-none-eabi/lib/thumb2/libc.a(lib_a-impure.o)
                              /opt/york/cs/net/sourcery-g++-lite-arm-eabi-2010.09.51-i686-1/arm-none-eabi/lib/thumb2/libc.a(lib_a-malloc.o) (_impure_ptr)
/opt/york/cs/net/sourcery-g++-lite-arm-eabi-2010.09.51-i686-1/arm-none-eabi/lib/thumb2/libc.a(lib_a-locale.o)
                              /opt/york/cs/net/sourcery-g++-lite-arm-eabi-2010.09.51-i686-1/arm-none-eabi/lib/thumb2/libc.a(lib_a-svfprintf.o) (_localeconv_r)
/opt/york/cs/net/sourcery-g++-lite-arm-eabi-2010.09.51-i686-1/arm-none-eabi/lib/thumb2/libc.a(lib_a-memchr.o)
                              /opt/york/cs/net/sourcery-g++-lite-arm-eabi-2010.09.51-i686-1/arm-none-eabi/lib/thumb2/libc.a(lib_a-svfprintf.o) (memchr)
/opt/york/cs/net/sourcery-g++-lite-arm-eabi-2010.09.51-i686-1/arm-none-eabi/lib/thumb2/libc.a(lib_a-memcpy.o)
                              /opt/york/cs/net/sourcery-g++-lite-arm-eabi-2010.09.51-i686-1/arm-none-eabi/lib/thumb2/libc.a(lib_a-dtoa.o) (memcpy)
/opt/york/cs/net/sourcery-g++-lite-arm-eabi-2010.09.51-i686-1/arm-none-eabi/lib/thumb2/libc.a(lib_a-mprec.o)
                              /opt/york/cs/net/sourcery-g++-lite-arm-eabi-2010.09.51-i686-1/arm-none-eabi/lib/thumb2/libc.a(lib_a-dtoa.o) (_Balloc)
/opt/york/cs/net/sourcery-g++-lite-arm-eabi-2010.09.51-i686-1/arm-none-eabi/lib/thumb2/libc.a(lib_a-reent.o)
                              /opt/york/cs/net/sourcery-g++-lite-arm-eabi-2010.09.51-i686-1/arm-none-eabi/lib/thumb2/libc.a(lib_a-sbrkr.o) (errno)
/opt/york/cs/net/sourcery-g++-lite-arm-eabi-2010.09.51-i686-1/arm-none-eabi/lib/thumb2/libc.a(lib_a-s_fpclassify.o)
                              /opt/york/cs/net/sourcery-g++-lite-arm-eabi-2010.09.51-i686-1/arm-none-eabi/lib/thumb2/libc.a(lib_a-svfprintf.o) (__fpclassifyd)
/opt/york/cs/net/sourcery-g++-lite-arm-eabi-2010.09.51-i686-1/arm-none-eabi/lib/thumb2/libc.a(lib_a-strcmp.o)
                              /opt/york/cs/net/sourcery-g++-lite-arm-eabi-2010.09.51-i686-1/arm-none-eabi/lib/thumb2/libc.a(lib_a-locale.o) (strcmp)
/opt/york/cs/net/sourcery-g++-lite-arm-eabi-2010.09.51-i686-1/arm-none-eabi/lib/thumb2/libc.a(lib_a-svfiprintf.o)
                              /opt/york/cs/net/sourcery-g++-lite-arm-eabi-2010.09.51-i686-1/arm-none-eabi/lib/thumb2/libc.a(lib_a-svfprintf.o) (__ssprint_r)
/opt/york/cs/net/sourcery-g++-lite-arm-eabi-2010.09.51-i686-1/arm-none-eabi/lib/thumb2/libc.a(lib_a-callocr.o)
                              /opt/york/cs/net/sourcery-g++-lite-arm-eabi-2010.09.51-i686-1/arm-none-eabi/lib/thumb2/libc.a(lib_a-mprec.o) (_calloc_r)
/opt/york/cs/net/sourcery-g++-lite-arm-eabi-2010.09.51-i686-1/arm-none-eabi/lib/thumb2/libc.a(lib_a-memmove.o)
                              /opt/york/cs/net/sourcery-g++-lite-arm-eabi-2010.09.51-i686-1/arm-none-eabi/lib/thumb2/libc.a(lib_a-svfiprintf.o) (memmove)
[...]
Memory Configuration

Name             Origin             Length             Attributes
rom              0x00000000         0x00080000         xr
ram              0x10000000         0x00008000         xrw
ram1             0x2007c000         0x00004000         xrw
ram2             0x20080000         0x00004000         xrw
*default*        0x00000000         0xffffffff

Linker script and memory map

LOAD /opt/york/cs/net/sourcery-g++-lite-arm-eabi-2010.09.51-i686-1/bin/../lib/gcc/arm-none-eabi/4.5.1/thumb2/crti.o
LOAD /opt/york/cs/net/sourcery-g++-lite-arm-eabi-2010.09.51-i686-1/bin/../lib/gcc/arm-none-eabi/4.5.1/thumb2/crtbegin.o
LOAD main.o
LOAD source/i2s_polling.o
LOAD source/KeyAccess.o
LOAD source/LCD.o
LOAD source/i2s.o
LOAD source/TLV320.o
LOAD source/Delay.o
LOAD source/SerialIO.o
LOAD source/I2C.o
LOAD source/FatFS/ff.o
LOAD source/FatFS/ffunicode.o
LOAD source/FatFS/mmc_176x_ssp.o
LOAD source/FatFS/diskio.o
LOAD /opt/york/cs/net/lpc1700-cmsis-lite-2011.01.26-i686-1/lib/core_cm3.o
LOAD /opt/york/cs/net/lpc1700-cmsis-lite-2011.01.26-i686-1/lib/system_LPC17xx.o
LOAD /opt/york/cs/net/lpc1700-cmsis-lite-2011.01.26-i686-1/lib/startup_LPC17xx.o
START GROUP
LOAD /opt/york/cs/net/sourcery-g++-lite-arm-eabi-2010.09.51-i686-1/arm-none-eabi/lib/thumb2/libc.a
LOAD /opt/york/cs/net/sourcery-g++-lite-arm-eabi-2010.09.51-i686-1/arm-none-eabi/lib/thumb2/libg.a
LOAD /opt/york/cs/net/sourcery-g++-lite-arm-eabi-2010.09.51-i686-1/arm-none-eabi/lib/thumb2/libstdc++.a
LOAD /opt/york/cs/net/sourcery-g++-lite-arm-eabi-2010.09.51-i686-1/arm-none-eabi/lib/thumb2/libsupc++.a
LOAD /opt/york/cs/net/sourcery-g++-lite-arm-eabi-2010.09.51-i686-1/bin/../lib/gcc/arm-none-eabi/4.5.1/thumb2/libgcc.a
LOAD /opt/york/cs/net/sourcery-g++-lite-arm-eabi-2010.09.51-i686-1/arm-none-eabi/lib/thumb2/libm.a
END GROUP
START GROUP
LOAD /opt/york/cs/net/sourcery-g++-lite-arm-eabi-2010.09.51-i686-1/bin/../lib/gcc/arm-none-eabi/4.5.1/thumb2/libgcc.a
LOAD /opt/york/cs/net/sourcery-g++-lite-arm-eabi-2010.09.51-i686-1/arm-none-eabi/lib/thumb2/libc.a
LOAD /opt/york/cs/net/sourcery-g++-lite-arm-eabi-2010.09.51-i686-1/arm-none-eabi/lib/thumb2/libcs3.a
LOAD /opt/york/cs/net/sourcery-g++-lite-arm-eabi-2010.09.51-i686-1/arm-none-eabi/lib/thumb2/libcs3unhosted.a
LOAD /opt/york/cs/net/sourcery-g++-lite-arm-eabi-2010.09.51-i686-1/arm-none-eabi/lib/thumb2/libcs3micro.a
END GROUP
                0x10008000                PROVIDE (__cs3_stack, (__cs3_region_start_ram + __cs3_region_size_ram))
                0x000074c8                PROVIDE (__cs3_stack_size, ((__cs3_region_start_ram + __cs3_region_size_ram) - _end))
                0x10000b38                PROVIDE (__cs3_heap_start, _end)
                0x10008000                PROVIDE (__cs3_heap_end, (__cs3_region_start_ram + __cs3_region_size_ram))

.text           0x00000000    0x142cc
 CREATE_OBJECT_SYMBOLS
                0x00000000                __cs3_region_start_rom = .
 *(.cs3.region-head.rom)
                0x00000000                __cs3_interrupt_vector = __cs3_interrupt_vector_cortex_m
 *(.cs3.interrupt_vector)
 .cs3.interrupt_vector
                0x00000000       0xcc /opt/york/cs/net/lpc1700-cmsis-lite-2011.01.26-i686-1/lib/startup_LPC17xx.o
                0x00000000                __cs3_interrupt_vector_cortex_m
                0x00000001                ASSERT ((. != __cs3_interrupt_vector_cortex_m), No interrupt vector)
 *(.rom)
 *(.rom.b)
                0x000000cc                __cs3_reset = __cs3_reset_cortex_m
 *(.cs3.reset)
 .cs3.reset     0x000000cc       0x10 /opt/york/cs/net/lpc1700-cmsis-lite-2011.01.26-i686-1/lib/startup_LPC17xx.o
                0x000000cc                __cs3_reset_cortex_m
                0x00000001                ASSERT ((. != __cs3_reset), No reset code)
 *(.text .text.* .gnu.linkonce.t.*)
 .text          0x000000dc        0x0 /opt/york/cs/net/sourcery-g++-lite-arm-eabi-2010.09.51-i686-1/bin/../lib/gcc/arm-none-eabi/4.5.1/thumb2/crti.o
 .text          0x000000dc       0x30 /opt/york/cs/net/sourcery-g++-lite-arm-eabi-2010.09.51-i686-1/bin/../lib/gcc/arm-none-eabi/4.5.1/thumb2/crtbegin.o
 .text          0x0000010c        0x0 main.o
 .text.NVIC_EnableIRQ
                0x0000010c       0x38 main.o
 .text.NVIC_DisableIRQ
                0x00000144       0x3c main.o
 .text.NVIC_SetPriority
                0x00000180       0x5c main.o
 .text.EINT3_IRQHandler
                0x000001dc       0xbc main.o
                0x000001dc                EINT3_IRQHandler
 .text.IRQInit  0x00000298       0xd8 main.o
                0x00000298                IRQInit
 .text.DrawMenu
                0x00000370      0x200 main.o
                0x00000370                DrawMenu
 .text.Menu     0x00000570      0x254 main.o
                0x00000570                Menu
 .text.PlayLoop
                0x000007c4      0x158 main.o
                0x000007c4                PlayLoop
 .text.I2S_PassThroughLoop
                0x0000091c       0x8c main.o
                0x0000091c                I2S_PassThroughLoop
 .text.I2S_PassThroughInterrupt
                0x000009a8       0xa0 main.o
                0x000009a8                I2S_PassThroughInterrupt
 .text.MASSIVE_TEST
                0x00000a48       0x64 main.o
                0x00000a48                MASSIVE_TEST
 .text.PassThroughLoop
                0x00000aac       0x3c main.o
                0x00000aac                PassThroughLoop
 .text.UART_Mode
                0x00000ae8       0x98 main.o
                0x00000ae8                UART_Mode
 .text.FatRead  0x00000b80      0x100 main.o
                0x00000b80                FatRead
 .text.main     0x00000c80       0x38 main.o
                0x00000c80                main
 .text.temp     0x00000cb8       0x18 main.o
                0x00000cb8                temp
 .text          0x00000cd0        0x0 source/i2s_polling.o
 .text.NVIC_EnableIRQ
                0x00000cd0       0x38 source/i2s_polling.o
 .text.NVIC_SetPriority
                0x00000d08       0x5c source/i2s_polling.o
 .text.I2S_IRQHandler
                0x00000d64      0x1fc source/i2s_polling.o
                0x00000d64                I2S_IRQHandler
 .text.I2S_Polling_Init
                0x00000f60      0x2d0 source/i2s_polling.o
                0x00000f60                I2S_Polling_Init
 .text.I2S_Polling_Read
                0x00001230       0x84 source/i2s_polling.o
                0x00001230                I2S_Polling_Read
 .text.I2S_Polling_Write
                0x000012b4       0x5c source/i2s_polling.o
                0x000012b4                I2S_Polling_Write
 .text          0x00001310        0x0 source/KeyAccess.o
 .text.GetKeyInput
                0x00001310       0x4c source/KeyAccess.o
                0x00001310                GetKeyInput
 .text.DecodeInput
                0x0000135c       0xc8 source/KeyAccess.o
                0x0000135c                DecodeInput
 .text.GetKeyData
                0x00001424       0xb4 source/KeyAccess.o
                0x00001424                GetKeyData
 .text          0x000014d8        0x0 source/LCD.o
 .text.NVIC_SetPriority
                0x000014d8       0x5c source/LCD.o
 .text.SysTick_Config
                0x00001534       0x64 source/LCD.o
 .text.SendData
                0x00001598       0x3c source/LCD.o
                0x00001598                SendData
 .text.LCDEnable
                0x000015d4       0x28 source/LCD.o
                0x000015d4                LCDEnable
 .text.LCDDisable
                0x000015fc       0x28 source/LCD.o
                0x000015fc                LCDDisable
 .text.LCDGoHome
                0x00001624       0x28 source/LCD.o
                0x00001624                LCDGoHome
 .text.LCDNewLine
                0x0000164c       0x28 source/LCD.o
                0x0000164c                LCDNewLine
 .text.LCDCursorShift
                0x00001674       0xb0 source/LCD.o
                0x00001674                LCDCursorShift
 .text.LCDInit  0x00001724       0x38 source/LCD.o
                0x00001724                LCDInit
 .text.LCDClear
                0x0000175c       0x70 source/LCD.o
                0x0000175c                LCDClear
 .text.LCDPrint
                0x000017cc       0xec source/LCD.o
                0x000017cc                LCDPrint
 .text.main_LDCPrintHelloWorld
                0x000018b8       0x68 source/LCD.o
                0x000018b8                main_LDCPrintHelloWorld
 .text          0x00001920        0x0 source/i2s.o
 .text.NVIC_EnableIRQ
                0x00001920       0x38 source/i2s.o
 .text.NVIC_DisableIRQ
                0x00001958       0x3c source/i2s.o
 .text.NVIC_SetPriority
                0x00001994       0x5c source/i2s.o
 .text.DMA_IRQHandler
                0x000019f0      0x104 source/i2s.o
                0x000019f0                DMA_IRQHandler
 .text.Init_I2S
                0x00001af4       0xd0 source/i2s.o
                0x00001af4                Init_I2S
 .text.ConfInit
                0x00001bc4       0x68 source/i2s.o
                0x00001bc4                ConfInit
 .text.ClockInit
                0x00001c2c       0x54 source/i2s.o
                0x00001c2c                ClockInit
 .text.InitializeGPDMA
                0x00001c80      0x150 source/i2s.o
                0x00001c80                InitializeGPDMA
 .text.EnableInput
                0x00001dd0       0x50 source/i2s.o
                0x00001dd0                EnableInput
 .text.EnableOutput
                0x00001e20       0x50 source/i2s.o
                0x00001e20                EnableOutput
 .text.DisableInput
                0x00001e70       0x50 source/i2s.o
                0x00001e70                DisableInput
 .text.DisableOutput
                0x00001ec0       0x50 source/i2s.o
                0x00001ec0                DisableOutput
 .text          0x00001f10        0x0 source/TLV320.o
 .text.TLV320_ChangeInputVolume
                0x00001f10       0x38 source/TLV320.o
                0x00001f10                TLV320_ChangeInputVolume
 .text.TLV320_ChangeOutputVolume
                0x00001f48       0x40 source/TLV320.o
                0x00001f48                TLV320_ChangeOutputVolume
 .text.TLV320_EnablePassThrough
                0x00001f88       0x28 source/TLV320.o
                0x00001f88                TLV320_EnablePassThrough
 .text.TLV320_DisablePassThrough
                0x00001fb0       0x30 source/TLV320.o
                0x00001fb0                TLV320_DisablePassThrough
 .text.TLV320_Setup
                0x00001fe0       0x28 source/TLV320.o
                0x00001fe0                TLV320_Setup
 .text.TLV320_EnableDAC
                0x00002008       0x2c source/TLV320.o
                0x00002008                TLV320_EnableDAC
 .text.TLV320_EnableOutput
                0x00002034       0x2c source/TLV320.o
                0x00002034                TLV320_EnableOutput
 .text.TLV320_Start_I2S_Polling_Passthrough
                0x00002060       0x38 source/TLV320.o
                0x00002060                TLV320_Start_I2S_Polling_Passthrough
 .text.TLV320_SendData
                0x00002098       0x64 source/TLV320.o
                0x00002098                TLV320_SendData
 .text          0x000020fc        0x0 source/Delay.o
 .text.NVIC_SetPriority
                0x000020fc       0x5c source/Delay.o
 .text.SysTick_Config
                0x00002158       0x64 source/Delay.o
 .text.SysTick_Handler
                0x000021bc       0x24 source/Delay.o
                0x000021bc                SysTick_Handler
 .text.Delay    0x000021e0       0x34 source/Delay.o
                0x000021e0                Delay
 .text.DelayInit
                0x00002214       0x2c source/Delay.o
                0x00002214                DelayInit
 .text          0x00002240        0x0 source/SerialIO.o
 .text.NVIC_EnableIRQ
                0x00002240       0x38 source/SerialIO.o
 .text.NVIC_DisableIRQ
                0x00002278       0x3c source/SerialIO.o
 .text.NVIC_SetPriority
                0x000022b4       0x5c source/SerialIO.o
 .text.UART0_IRQHandler
                0x00002310       0x4c source/SerialIO.o
                0x00002310                UART0_IRQHandler
 .text.ReceiveText
                0x0000235c       0xdc source/SerialIO.o
                0x0000235c                ReceiveText
 .text.ReadText
                0x00002438       0xa4 source/SerialIO.o
                0x00002438                ReadText
 .text.AddTextToBuffer
                0x000024dc       0xa4 source/SerialIO.o
                0x000024dc                AddTextToBuffer
 .text.ProcessBuffer
                0x00002580       0xc4 source/SerialIO.o
                0x00002580                ProcessBuffer
 .text.TransmitText
                0x00002644      0x10c source/SerialIO.o
                0x00002644                TransmitText
 .text.InitSerial
                0x00002750       0x90 source/SerialIO.o
                0x00002750                InitSerial
 .text.WriteText
                0x000027e0       0x30 source/SerialIO.o
                0x000027e0                WriteText
 .text.write_usb_serial_blocking
                0x00002810       0x2c source/SerialIO.o
                0x00002810                write_usb_serial_blocking
 .text.InitSerInterrupts
                0x0000283c       0x88 source/SerialIO.o
                0x0000283c                InitSerInterrupts
 .text.EnableSerInterrupts
                0x000028c4       0x10 source/SerialIO.o
                0x000028c4                EnableSerInterrupts
 .text.DisableSerInterrupts
                0x000028d4       0x10 source/SerialIO.o
                0x000028d4                DisableSerInterrupts
 .text          0x000028e4        0x0 source/I2C.o
 .text.I2CInit  0x000028e4       0x30 source/I2C.o
                0x000028e4                I2CInit
 .text.SetupVals
                0x00002914       0x54 source/I2C.o
                0x00002914                SetupVals
 .text.SetupPINS
                0x00002968       0x44 source/I2C.o
                0x00002968                SetupPINS
 .text          0x000029ac        0x0 source/FatFS/ff.o
 .text.ld_word  0x000029ac       0x34 source/FatFS/ff.o
 .text.ld_dword
                0x000029e0       0x58 source/FatFS/ff.o
 .text.st_word  0x00002a38       0x40 source/FatFS/ff.o
 .text.st_dword
                0x00002a78       0x6c source/FatFS/ff.o
 .text.mem_cpy  0x00002ae4       0x4c source/FatFS/ff.o
 .text.mem_set  0x00002b30       0x38 source/FatFS/ff.o
 .text.mem_cmp  0x00002b68       0x5c source/FatFS/ff.o
 .text.chk_chr  0x00002bc4       0x38 source/FatFS/ff.o
 .text.dbc_1st  0x00002bfc       0x68 source/FatFS/ff.o
 .text.dbc_2nd  0x00002c64       0x8c source/FatFS/ff.o
 .text.sync_window
                0x00002cf0       0x90 source/FatFS/ff.o
 .text.move_window
                0x00002d80       0x68 source/FatFS/ff.o
 .text.sync_fs  0x00002de8       0xf8 source/FatFS/ff.o
 .text.clst2sect
                0x00002ee0       0x44 source/FatFS/ff.o
 .text.get_fat  0x00002f24      0x180 source/FatFS/ff.o
 .text.put_fat  0x000030a4      0x218 source/FatFS/ff.o
 .text.remove_chain
                0x000032bc       0xdc source/FatFS/ff.o
 .text.create_chain
                0x00003398      0x1c4 source/FatFS/ff.o
 .text.dir_clear
                0x0000355c       0xa4 source/FatFS/ff.o
 .text.dir_sdi  0x00003600      0x114 source/FatFS/ff.o
 .text.dir_next
                0x00003714      0x164 source/FatFS/ff.o
 .text.dir_alloc
                0x00003878       0x9c source/FatFS/ff.o
 .text.ld_clust
                0x00003914       0x48 source/FatFS/ff.o
 .text.st_clust
                0x0000395c       0x44 source/FatFS/ff.o
 .text.dir_read
                0x000039a0       0xc4 source/FatFS/ff.o
 .text.dir_find
                0x00003a64       0xbc source/FatFS/ff.o
 .text.dir_register
                0x00003b20       0x74 source/FatFS/ff.o
 .text.dir_remove
                0x00003b94       0x44 source/FatFS/ff.o
 .text.get_fileinfo
                0x00003bd8       0xf4 source/FatFS/ff.o
 .text.get_achar
                0x00003ccc       0x7c source/FatFS/ff.o
 .text.pattern_matching
                0x00003d48      0x128 source/FatFS/ff.o
 .text.create_name
                0x00003e70      0x258 source/FatFS/ff.o
 .text.follow_path
                0x000040c8      0x140 source/FatFS/ff.o
 .text.get_ldnumber
                0x00004208       0x9c source/FatFS/ff.o
 .text.check_fs
                0x000042a4       0xcc source/FatFS/ff.o
 .text.find_volume
                0x00004370      0x540 source/FatFS/ff.o
 .text.validate
                0x000048b0       0x74 source/FatFS/ff.o
 .text.f_mount  0x00004924       0x98 source/FatFS/ff.o
                0x00004924                f_mount
 .text.f_open   0x000049bc      0x354 source/FatFS/ff.o
                0x000049bc                f_open
 .text.f_read   0x00004d10      0x2b8 source/FatFS/ff.o
                0x00004d10                f_read
 .text.f_write  0x00004fc8      0x324 source/FatFS/ff.o
                0x00004fc8                f_write
 .text.f_sync   0x000052ec      0x11c source/FatFS/ff.o
                0x000052ec                f_sync
 .text.f_close  0x00005408       0x44 source/FatFS/ff.o
                0x00005408                f_close
 .text.f_chdrive
                0x0000544c       0x3c source/FatFS/ff.o
                0x0000544c                f_chdrive
 .text.f_chdir  0x00005488       0xa4 source/FatFS/ff.o
                0x00005488                f_chdir
 .text.f_getcwd
                0x0000552c      0x220 source/FatFS/ff.o
                0x0000552c                f_getcwd
 .text.f_lseek  0x0000574c      0x2a4 source/FatFS/ff.o
                0x0000574c                f_lseek
 .text.f_opendir
                0x000059f0       0xc4 source/FatFS/ff.o
                0x000059f0                f_opendir
 .text.f_closedir
                0x00005ab4       0x34 source/FatFS/ff.o
                0x00005ab4                f_closedir
 .text.f_readdir
                0x00005ae8       0x88 source/FatFS/ff.o
                0x00005ae8                f_readdir
 .text.f_findnext
                0x00005b70       0x5c source/FatFS/ff.o
                0x00005b70                f_findnext
 .text.f_findfirst
                0x00005bcc       0x40 source/FatFS/ff.o
                0x00005bcc                f_findfirst
 .text.f_stat   0x00005c0c       0x80 source/FatFS/ff.o
                0x00005c0c                f_stat
 .text.f_getfree
                0x00005c8c      0x198 source/FatFS/ff.o
                0x00005c8c                f_getfree
 .text.f_truncate
                0x00005e24      0x148 source/FatFS/ff.o
                0x00005e24                f_truncate
 .text.f_unlink
                0x00005f6c      0x18c source/FatFS/ff.o
                0x00005f6c                f_unlink
 .text.f_mkdir  0x000060f8      0x1f8 source/FatFS/ff.o
                0x000060f8                f_mkdir
 .text.f_rename
                0x000062f0      0x228 source/FatFS/ff.o
                0x000062f0                f_rename
 .text.f_chmod  0x00006518       0xd0 source/FatFS/ff.o
                0x00006518                f_chmod
 .text.f_utime  0x000065e8       0xb4 source/FatFS/ff.o
                0x000065e8                f_utime
 .text.f_getlabel
                0x0000669c      0x164 source/FatFS/ff.o
                0x0000669c                f_getlabel
 .text.f_setlabel
                0x00006800      0x270 source/FatFS/ff.o
                0x00006800                f_setlabel
 .text.f_mkfs   0x00006a70      0x9d8 source/FatFS/ff.o
                0x00006a70                f_mkfs
 .text.f_gets   0x00007448       0x8c source/FatFS/ff.o
                0x00007448                f_gets
 .text.putc_bfd
                0x000074d4       0x80 source/FatFS/ff.o
 .text.putc_flush
                0x00007554       0x50 source/FatFS/ff.o
 .text.putc_init
                0x000075a4       0x28 source/FatFS/ff.o
 .text.f_putc   0x000075cc       0x3c source/FatFS/ff.o
                0x000075cc                f_putc
 .text.f_puts   0x00007608       0x50 source/FatFS/ff.o
                0x00007608                f_puts
 .text.f_printf
                0x00007658      0x524 source/FatFS/ff.o
                0x00007658                f_printf
 .text          0x00007b7c        0x0 source/FatFS/ffunicode.o
 .text          0x00007b7c        0x0 source/FatFS/mmc_176x_ssp.o
 .text.xchg_spi
                0x00007b7c       0x44 source/FatFS/mmc_176x_ssp.o
 .text.rcvr_spi_multi
                0x00007bc0      0x134 source/FatFS/mmc_176x_ssp.o
 .text.xmit_spi_multi
                0x00007cf4      0x134 source/FatFS/mmc_176x_ssp.o
 .text.wait_ready
                0x00007e28       0x48 source/FatFS/mmc_176x_ssp.o
 .text.deselect
                0x00007e70       0x1c source/FatFS/mmc_176x_ssp.o
 .text.select   0x00007e8c       0x3c source/FatFS/mmc_176x_ssp.o
 .text.power_on
                0x00007ec8      0x104 source/FatFS/mmc_176x_ssp.o
 .text.power_off
                0x00007fcc       0x10 source/FatFS/mmc_176x_ssp.o
 .text.rcvr_datablock
                0x00007fdc       0x6c source/FatFS/mmc_176x_ssp.o
 .text.xmit_datablock
                0x00008048       0x74 source/FatFS/mmc_176x_ssp.o
 .text.send_cmd
                0x000080bc       0xfc source/FatFS/mmc_176x_ssp.o
 .text.disk_initialize
                0x000081b8      0x25c source/FatFS/mmc_176x_ssp.o
                0x000081b8                disk_initialize
 .text.disk_status
                0x00008414       0x30 source/FatFS/mmc_176x_ssp.o
                0x00008414                disk_status
 .text.disk_read
                0x00008444       0xd0 source/FatFS/mmc_176x_ssp.o
                0x00008444                disk_read
 .text.disk_write
                0x00008514      0x128 source/FatFS/mmc_176x_ssp.o
                0x00008514                disk_write
 .text.disk_ioctl
                0x0000863c      0x578 source/FatFS/mmc_176x_ssp.o
                0x0000863c                disk_ioctl
 .text.disk_timerproc
                0x00008bb4       0xa4 source/FatFS/mmc_176x_ssp.o
                0x00008bb4                disk_timerproc
 .text          0x00008c58        0x0 source/FatFS/diskio.o
 .text          0x00008c58        0x0 /opt/york/cs/net/lpc1700-cmsis-lite-2011.01.26-i686-1/lib/core_cm3.o
 .text          0x00008c58        0x0 /opt/york/cs/net/lpc1700-cmsis-lite-2011.01.26-i686-1/lib/system_LPC17xx.o
 .text.SystemCoreClockUpdate
                0x00008c58      0x228 /opt/york/cs/net/lpc1700-cmsis-lite-2011.01.26-i686-1/lib/system_LPC17xx.o
                0x00008c58                SystemCoreClockUpdate
 .text.SystemInit
                0x00008e80      0x240 /opt/york/cs/net/lpc1700-cmsis-lite-2011.01.26-i686-1/lib/system_LPC17xx.o
                0x00008e80                SystemInit
 .text          0x000090c0       0x14 /opt/york/cs/net/lpc1700-cmsis-lite-2011.01.26-i686-1/lib/startup_LPC17xx.o
                0x000090c0                NMI_Handler
                0x000090c2                HardFault_Handler
                0x000090c4                MemManage_Handler
                0x000090c6                BusFault_Handler
                0x000090c8                UsageFault_Handler
                0x000090ca                SVC_Handler
                0x000090cc                DebugMon_Handler
                0x000090ce                PendSV_Handler
                0x000090d2                TIMER2_IRQHandler
                0x000090d2                RIT_IRQHandler
                0x000090d2                I2C0_IRQHandler
                0x000090d2                USBActivity_IRQHandler
                0x000090d2                PWM1_IRQHandler
                0x000090d2                I2C1_IRQHandler
                0x000090d2                EINT2_IRQHandler
                0x000090d2                UART1_IRQHandler
                0x000090d2                CANActivity_IRQHandler
                0x000090d2                TIMER3_IRQHandler
                0x000090d2                PLL0_IRQHandler
                0x000090d2                CAN_IRQHandler
                0x000090d2                PLL1_IRQHandler
                0x000090d2                SSP0_IRQHandler
                0x000090d2                I2C2_IRQHandler
                0x000090d2                RTC_IRQHandler
                0x000090d2                TIMER0_IRQHandler
                0x000090d2                SPI_IRQHandler
                0x000090d2                EINT1_IRQHandler
                0x000090d2                TIMER1_IRQHandler
                0x000090d2                UART2_IRQHandler
                0x000090d2                Default_Handler
                0x000090d2                ADC_IRQHandler
                0x000090d2                SSP1_IRQHandler
                0x000090d2                USB_IRQHandler
                0x000090d2                BOD_IRQHandler
                0x000090d2                WDT_IRQHandler
                0x000090d2                QEI_IRQHandler
                0x000090d2                EINT0_IRQHandler
                0x000090d2                UART3_IRQHandler
                0x000090d2                MCPWM_IRQHandler
                0x000090d2                ENET_IRQHandler
 .text          0x000090d4       0x20 /opt/york/cs/net/sourcery-g++-lite-arm-eabi-2010.09.51-i686-1/arm-none-eabi/lib/thumb2/libc.a(lib_a-malloc.o)
                0x000090d4                malloc
                0x000090e4                free
 .text          0x000090f4      0x57c /opt/york/cs/net/sourcery-g++-lite-arm-eabi-2010.09.51-i686-1/arm-none-eabi/lib/thumb2/libc.a(lib_a-mallocr.o)
                0x000090f4                _malloc_r
 .text          0x00009670        0x8 /opt/york/cs/net/sourcery-g++-lite-arm-eabi-2010.09.51-i686-1/arm-none-eabi/lib/thumb2/libc.a(lib_a-mlock.o)
                0x00009670                __malloc_lock
                0x00009674                __malloc_unlock
 .text          0x00009678       0x28 /opt/york/cs/net/sourcery-g++-lite-arm-eabi-2010.09.51-i686-1/arm-none-eabi/lib/thumb2/libc.a(lib_a-sbrkr.o)
                0x00009678                _sbrk_r
 .text          0x000096a0       0x94 /opt/york/cs/net/sourcery-g++-lite-arm-eabi-2010.09.51-i686-1/arm-none-eabi/lib/thumb2/libc.a(lib_a-sprintf.o)
                0x000096a0                _sprintf_r
                0x000096e4                sprintf
 .text          0x00009734       0x60 /opt/york/cs/net/sourcery-g++-lite-arm-eabi-2010.09.51-i686-1/arm-none-eabi/lib/thumb2/libc.a(lib_a-strlen.o)
                0x00009734                strlen
 .text          0x00009794     0x1658 /opt/york/cs/net/sourcery-g++-lite-arm-eabi-2010.09.51-i686-1/arm-none-eabi/lib/thumb2/libc.a(lib_a-svfprintf.o)
                0x00009794                _svfprintf_r
 *fill*         0x0000adec        0x4 00
 .text          0x0000adf0     0x1000 /opt/york/cs/net/sourcery-g++-lite-arm-eabi-2010.09.51-i686-1/arm-none-eabi/lib/thumb2/libc.a(lib_a-dtoa.o)
                0x0000af1c                _dtoa_r
 .text          0x0000bdf0      0x240 /opt/york/cs/net/sourcery-g++-lite-arm-eabi-2010.09.51-i686-1/arm-none-eabi/lib/thumb2/libc.a(lib_a-freer.o)
                0x0000bdf0                _malloc_trim_r
                0x0000be98                _free_r
 .text          0x0000c030        0x0 /opt/york/cs/net/sourcery-g++-lite-arm-eabi-2010.09.51-i686-1/arm-none-eabi/lib/thumb2/libc.a(lib_a-impure.o)
 .text          0x0000c030       0xa0 /opt/york/cs/net/sourcery-g++-lite-arm-eabi-2010.09.51-i686-1/arm-none-eabi/lib/thumb2/libc.a(lib_a-locale.o)
                0x0000c030                _setlocale_r
                0x0000c08c                __locale_charset
                0x0000c098                __locale_mb_cur_max
                0x0000c0a4                __locale_msgcharset
                0x0000c0ac                __locale_cjk_lang
                0x0000c0b0                _localeconv_r
                0x0000c0b8                setlocale
                0x0000c0c8                localeconv
 .text          0x0000c0d0       0x88 /opt/york/cs/net/sourcery-g++-lite-arm-eabi-2010.09.51-i686-1/arm-none-eabi/lib/thumb2/libc.a(lib_a-memchr.o)
                0x0000c0d0                memchr
 .text          0x0000c158      0x150 /opt/york/cs/net/sourcery-g++-lite-arm-eabi-2010.09.51-i686-1/arm-none-eabi/lib/thumb2/libc.a(lib_a-memcpy.o)
                0x0000c158                memcpy
 .text          0x0000c2a8      0x920 /opt/york/cs/net/sourcery-g++-lite-arm-eabi-2010.09.51-i686-1/arm-none-eabi/lib/thumb2/libc.a(lib_a-mprec.o)
                0x0000c2a8                _Balloc
                0x0000c310                _Bfree
                0x0000c348                __multadd
                0x0000c3cc                __s2b
                0x0000c460                __hi0bits
                0x0000c4a0                __lo0bits
                0x0000c504                __i2b
                0x0000c518                __multiply
                0x0000c640                __pow5mult
                0x0000c6e4                __lshift
                0x0000c790                __mcmp
                0x0000c7cc                __mdiff
                0x0000c8c4                __ulp
                0x0000c90c                __b2d
                0x0000c9b8                __d2b
                0x0000ca80                __ratio
                0x0000caf0                _mprec_log10
                0x0000cb24                __copybits
                0x0000cb6c                __any_on
 .text          0x0000cbc8      0x114 /opt/york/cs/net/sourcery-g++-lite-arm-eabi-2010.09.51-i686-1/arm-none-eabi/lib/thumb2/libc.a(lib_a-reent.o)
                0x0000cbc8                cleanup_glue
                0x0000cbe4                _reclaim_reent
                0x0000cca4                _wrapup_reent
 .text          0x0000ccdc       0x90 /opt/york/cs/net/sourcery-g++-lite-arm-eabi-2010.09.51-i686-1/arm-none-eabi/lib/thumb2/libc.a(lib_a-s_fpclassify.o)
                0x0000ccdc                __fpclassifyd
 .text          0x0000cd6c      0x1dc /opt/york/cs/net/sourcery-g++-lite-arm-eabi-2010.09.51-i686-1/arm-none-eabi/lib/thumb2/libc.a(lib_a-strcmp.o)
                0x0000cd6c                strcmp
 .text          0x0000cf48      0xbe4 /opt/york/cs/net/sourcery-g++-lite-arm-eabi-2010.09.51-i686-1/arm-none-eabi/lib/thumb2/libc.a(lib_a-svfiprintf.o)
                0x0000cf48                __ssprint_r
                0x0000d050                _svfiprintf_r
 .text          0x0000db2c       0x5c /opt/york/cs/net/sourcery-g++-lite-arm-eabi-2010.09.51-i686-1/arm-none-eabi/lib/thumb2/libc.a(lib_a-callocr.o)
                0x0000db2c                _calloc_r
 .text          0x0000db88       0xa0 /opt/york/cs/net/sourcery-g++-lite-arm-eabi-2010.09.51-i686-1/arm-none-eabi/lib/thumb2/libc.a(lib_a-memmove.o)
                0x0000db88                memmove
 .text          0x0000dc28       0xb4 /opt/york/cs/net/sourcery-g++-lite-arm-eabi-2010.09.51-i686-1/arm-none-eabi/lib/thumb2/libc.a(lib_a-memset.o)
                0x0000dc28                memset
 .text          0x0000dcdc      0x41c /opt/york/cs/net/sourcery-g++-lite-arm-eabi-2010.09.51-i686-1/arm-none-eabi/lib/thumb2/libc.a(lib_a-reallocr.o)
                0x0000dcdc                _realloc_r
 .text          0x0000e0f8      0x278 /opt/york/cs/net/sourcery-g++-lite-arm-eabi-2010.09.51-i686-1/bin/../lib/gcc/arm-none-eabi/4.5.1/thumb2/libgcc.a(_udivsi3.o)
                0x0000e0f8                __udivsi3
                0x0000e0f8                __aeabi_uidiv
                0x0000e354                __aeabi_uidivmod
 .text          0x0000e370        0x4 /opt/york/cs/net/sourcery-g++-lite-arm-eabi-2010.09.51-i686-1/bin/../lib/gcc/arm-none-eabi/4.5.1/thumb2/libgcc.a(_dvmd_tls.o)
                0x0000e370                __aeabi_ldiv0
                0x0000e370                __aeabi_idiv0
 .text          0x0000e374      0x370 /opt/york/cs/net/sourcery-g++-lite-arm-eabi-2010.09.51-i686-1/bin/../lib/gcc/arm-none-eabi/4.5.1/thumb2/libgcc.a(_arm_addsubdf3.o)
                0x0000e374                __aeabi_drsub
                0x0000e37c                __aeabi_dsub
                0x0000e37c                __subdf3
                0x0000e380                __adddf3
                0x0000e380                __aeabi_dadd
                0x0000e5f8                __aeabi_ui2d
                0x0000e5f8                __floatunsidf
                0x0000e618                __floatsidf
                0x0000e618                __aeabi_i2d
                0x0000e63c                __extendsfdf2
                0x0000e63c                __aeabi_f2d
                0x0000e678                __aeabi_ul2d
                0x0000e678                __floatundidf
                0x0000e688                __floatdidf
                0x0000e688                __aeabi_l2d
 .text          0x0000e6e4      0x424 /opt/york/cs/net/sourcery-g++-lite-arm-eabi-2010.09.51-i686-1/bin/../lib/gcc/arm-none-eabi/4.5.1/thumb2/libgcc.a(_arm_muldivdf3.o)
                0x0000e6e4                __aeabi_dmul
                0x0000e6e4                __muldf3
                0x0000e938                __aeabi_ddiv
                0x0000e938                __divdf3
 .text          0x0000eb08      0x110 /opt/york/cs/net/sourcery-g++-lite-arm-eabi-2010.09.51-i686-1/bin/../lib/gcc/arm-none-eabi/4.5.1/thumb2/libgcc.a(_arm_cmpdf2.o)
                0x0000eb08                __gtdf2
                0x0000eb08                __gedf2
                0x0000eb10                __ltdf2
                0x0000eb10                __ledf2
                0x0000eb18                __cmpdf2
                0x0000eb18                __eqdf2
                0x0000eb18                __nedf2
                0x0000eb94                __aeabi_cdrcmple
                0x0000eba4                __aeabi_cdcmple
                0x0000eba4                __aeabi_cdcmpeq
                0x0000ebb4                __aeabi_dcmpeq
                0x0000ebc8                __aeabi_dcmplt
                0x0000ebdc                __aeabi_dcmple
                0x0000ebf0                __aeabi_dcmpge
                0x0000ec04                __aeabi_dcmpgt
 .text          0x0000ec18       0x50 /opt/york/cs/net/sourcery-g++-lite-arm-eabi-2010.09.51-i686-1/bin/../lib/gcc/arm-none-eabi/4.5.1/thumb2/libgcc.a(_arm_fixdfsi.o)
                0x0000ec18                __fixdfsi
                0x0000ec18                __aeabi_d2iz
 .text          0x0000ec68       0x2c /opt/york/cs/net/sourcery-g++-lite-arm-eabi-2010.09.51-i686-1/bin/../lib/gcc/arm-none-eabi/4.5.1/thumb2/libgcc.a(_aeabi_uldivmod.o)
                0x0000ec68                __aeabi_uldivmod
 .text          0x0000ec94       0x60 /opt/york/cs/net/sourcery-g++-lite-arm-eabi-2010.09.51-i686-1/bin/../lib/gcc/arm-none-eabi/4.5.1/thumb2/libgcc.a(bpabi.o)
                0x0000ec94                __gnu_ldivmod_helper
                0x0000ecc4                __gnu_uldivmod_helper
 .text          0x0000ecf4      0x364 /opt/york/cs/net/sourcery-g++-lite-arm-eabi-2010.09.51-i686-1/bin/../lib/gcc/arm-none-eabi/4.5.1/thumb2/libgcc.a(_divdi3.o)
                0x0000ecf4                __divdi3
 .text          0x0000f058      0x314 /opt/york/cs/net/sourcery-g++-lite-arm-eabi-2010.09.51-i686-1/bin/../lib/gcc/arm-none-eabi/4.5.1/thumb2/libgcc.a(_udivdi3.o)
                0x0000f058                __udivdi3
 .text          0x0000f36c       0xb8 /opt/york/cs/net/sourcery-g++-lite-arm-eabi-2010.09.51-i686-1/arm-none-eabi/lib/thumb2/libm.a(lib_a-w_fmod.o)
                0x0000f36c                fmod
 .text          0x0000f424      0x2d0 /opt/york/cs/net/sourcery-g++-lite-arm-eabi-2010.09.51-i686-1/arm-none-eabi/lib/thumb2/libm.a(lib_a-e_fmod.o)
                0x0000f424                __ieee754_fmod
 .text          0x0000f6f4        0x0 /opt/york/cs/net/sourcery-g++-lite-arm-eabi-2010.09.51-i686-1/arm-none-eabi/lib/thumb2/libm.a(lib_a-s_lib_ver.o)
 .text          0x0000f6f4        0x4 /opt/york/cs/net/sourcery-g++-lite-arm-eabi-2010.09.51-i686-1/arm-none-eabi/lib/thumb2/libm.a(lib_a-s_matherr.o)
                0x0000f6f4                matherr
 .text          0x0000f6f8        0xc /opt/york/cs/net/sourcery-g++-lite-arm-eabi-2010.09.51-i686-1/arm-none-eabi/lib/thumb2/libc.a(lib_a-errno.o)
                0x0000f6f8                __errno
 .text          0x0000f704       0x30 /opt/york/cs/net/sourcery-g++-lite-arm-eabi-2010.09.51-i686-1/arm-none-eabi/lib/thumb2/libcs3.a(start_c.o)
                0x0000f704                __cs3_premain
 .text.cs3.init
                0x0000f734       0x50 /opt/york/cs/net/sourcery-g++-lite-arm-eabi-2010.09.51-i686-1/arm-none-eabi/lib/thumb2/libcs3.a(start_c.o)
                0x0000f734                __cs3_start_c
 .text          0x0000f784       0x40 /opt/york/cs/net/sourcery-g++-lite-arm-eabi-2010.09.51-i686-1/arm-none-eabi/lib/thumb2/libcs3unhosted.a(unhosted-sbrk.o)
                0x0000f784                _sbrk
 .text          0x0000f7c4        0x0 /opt/york/cs/net/sourcery-g++-lite-arm-eabi-2010.09.51-i686-1/arm-none-eabi/lib/thumb2/libcs3unhosted.a(unhosted-start.o)
 .text.cs3.init
                0x0000f7c4       0x10 /opt/york/cs/net/sourcery-g++-lite-arm-eabi-2010.09.51-i686-1/arm-none-eabi/lib/thumb2/libcs3unhosted.a(unhosted-start.o)
                0x0000f7c4                _start
 .text          0x0000f7d4       0x50 /opt/york/cs/net/sourcery-g++-lite-arm-eabi-2010.09.51-i686-1/arm-none-eabi/lib/thumb2/libc.a(lib_a-init.o)
                0x0000f7d4                __libc_init_array
 .text          0x0000f824        0x0 /opt/york/cs/net/sourcery-g++-lite-arm-eabi-2010.09.51-i686-1/arm-none-eabi/lib/thumb2/libcs3.a(heap.o)
 .text          0x0000f824        0x0 /opt/york/cs/net/lpc1700-cmsis-lite-2011.01.26-i686-1/lib/libDriversLPC17xxgnu.a(lpc17xx_gpdma.o)
 .text.GPDMA_Init
                0x0000f824       0xa0 /opt/york/cs/net/lpc1700-cmsis-lite-2011.01.26-i686-1/lib/libDriversLPC17xxgnu.a(lpc17xx_gpdma.o)
                0x0000f824                GPDMA_Init
 .text.GPDMA_Setup
                0x0000f8c4      0x41c /opt/york/cs/net/lpc1700-cmsis-lite-2011.01.26-i686-1/lib/libDriversLPC17xxgnu.a(lpc17xx_gpdma.o)
                0x0000f8c4                GPDMA_Setup
 .text.GPDMA_ChannelCmd
                0x0000fce0       0x48 /opt/york/cs/net/lpc1700-cmsis-lite-2011.01.26-i686-1/lib/libDriversLPC17xxgnu.a(lpc17xx_gpdma.o)
                0x0000fce0                GPDMA_ChannelCmd
 .text.GPDMA_IntGetStatus
                0x0000fd28      0x194 /opt/york/cs/net/lpc1700-cmsis-lite-2011.01.26-i686-1/lib/libDriversLPC17xxgnu.a(lpc17xx_gpdma.o)
                0x0000fd28                GPDMA_IntGetStatus
 .text.GPDMA_ClearIntPending
                0x0000febc       0x80 /opt/york/cs/net/lpc1700-cmsis-lite-2011.01.26-i686-1/lib/libDriversLPC17xxgnu.a(lpc17xx_gpdma.o)
                0x0000febc                GPDMA_ClearIntPending
 .text          0x0000ff3c        0x0 /opt/york/cs/net/lpc1700-cmsis-lite-2011.01.26-i686-1/lib/libDriversLPC17xxgnu.a(lpc17xx_i2c.o)
 .text.NVIC_EnableIRQ
                0x0000ff3c       0x38 /opt/york/cs/net/lpc1700-cmsis-lite-2011.01.26-i686-1/lib/libDriversLPC17xxgnu.a(lpc17xx_i2c.o)
 .text.NVIC_DisableIRQ
                0x0000ff74       0x3c /opt/york/cs/net/lpc1700-cmsis-lite-2011.01.26-i686-1/lib/libDriversLPC17xxgnu.a(lpc17xx_i2c.o)
 .text.I2C_getNum
                0x0000ffb0       0x54 /opt/york/cs/net/lpc1700-cmsis-lite-2011.01.26-i686-1/lib/libDriversLPC17xxgnu.a(lpc17xx_i2c.o)
 .text.I2C_Start
                0x00010004       0x44 /opt/york/cs/net/lpc1700-cmsis-lite-2011.01.26-i686-1/lib/libDriversLPC17xxgnu.a(lpc17xx_i2c.o)
 .text.I2C_Stop
                0x00010048       0x38 /opt/york/cs/net/lpc1700-cmsis-lite-2011.01.26-i686-1/lib/libDriversLPC17xxgnu.a(lpc17xx_i2c.o)
 .text.I2C_SendByte
                0x00010080       0x50 /opt/york/cs/net/lpc1700-cmsis-lite-2011.01.26-i686-1/lib/libDriversLPC17xxgnu.a(lpc17xx_i2c.o)
 .text.I2C_GetByte
                0x000100d0       0x5c /opt/york/cs/net/lpc1700-cmsis-lite-2011.01.26-i686-1/lib/libDriversLPC17xxgnu.a(lpc17xx_i2c.o)
 .text.I2C_SetClock
                0x0001012c       0xc8 /opt/york/cs/net/lpc1700-cmsis-lite-2011.01.26-i686-1/lib/libDriversLPC17xxgnu.a(lpc17xx_i2c.o)
 .text.I2C_Init
                0x000101f4       0xd8 /opt/york/cs/net/lpc1700-cmsis-lite-2011.01.26-i686-1/lib/libDriversLPC17xxgnu.a(lpc17xx_i2c.o)
                0x000101f4                I2C_Init
 .text.I2C_DeInit
                0x000102cc       0xa4 /opt/york/cs/net/lpc1700-cmsis-lite-2011.01.26-i686-1/lib/libDriversLPC17xxgnu.a(lpc17xx_i2c.o)
                0x000102cc                I2C_DeInit
 .text.I2C_Cmd  0x00010370       0x84 /opt/york/cs/net/lpc1700-cmsis-lite-2011.01.26-i686-1/lib/libDriversLPC17xxgnu.a(lpc17xx_i2c.o)
                0x00010370                I2C_Cmd
 .text.I2C_IntCmd
                0x000103f4       0xa8 /opt/york/cs/net/lpc1700-cmsis-lite-2011.01.26-i686-1/lib/libDriversLPC17xxgnu.a(lpc17xx_i2c.o)
                0x000103f4                I2C_IntCmd
 .text.I2C_MasterHandler
                0x0001049c      0x3d8 /opt/york/cs/net/lpc1700-cmsis-lite-2011.01.26-i686-1/lib/libDriversLPC17xxgnu.a(lpc17xx_i2c.o)
                0x0001049c                I2C_MasterHandler
 .text.I2C_SlaveHandler
                0x00010874      0x1d8 /opt/york/cs/net/lpc1700-cmsis-lite-2011.01.26-i686-1/lib/libDriversLPC17xxgnu.a(lpc17xx_i2c.o)
                0x00010874                I2C_SlaveHandler
 .text.I2C_MasterTransferData
                0x00010a4c      0x33c /opt/york/cs/net/lpc1700-cmsis-lite-2011.01.26-i686-1/lib/libDriversLPC17xxgnu.a(lpc17xx_i2c.o)
                0x00010a4c                I2C_MasterTransferData
 .text.I2C_SlaveTransferData
                0x00010d88      0x268 /opt/york/cs/net/lpc1700-cmsis-lite-2011.01.26-i686-1/lib/libDriversLPC17xxgnu.a(lpc17xx_i2c.o)
                0x00010d88                I2C_SlaveTransferData
 .text.I2C_SetOwnSlaveAddr
                0x00010ff0      0x118 /opt/york/cs/net/lpc1700-cmsis-lite-2011.01.26-i686-1/lib/libDriversLPC17xxgnu.a(lpc17xx_i2c.o)
                0x00010ff0                I2C_SetOwnSlaveAddr
 .text.I2C_MonitorModeConfig
                0x00011108       0x9c /opt/york/cs/net/lpc1700-cmsis-lite-2011.01.26-i686-1/lib/libDriversLPC17xxgnu.a(lpc17xx_i2c.o)
                0x00011108                I2C_MonitorModeConfig
 .text.I2C_MonitorModeCmd
                0x000111a4       0xb0 /opt/york/cs/net/lpc1700-cmsis-lite-2011.01.26-i686-1/lib/libDriversLPC17xxgnu.a(lpc17xx_i2c.o)
                0x000111a4                I2C_MonitorModeCmd
 .text.I2C_MonitorGetDatabuffer
                0x00011254       0x54 /opt/york/cs/net/lpc1700-cmsis-lite-2011.01.26-i686-1/lib/libDriversLPC17xxgnu.a(lpc17xx_i2c.o)
                0x00011254                I2C_MonitorGetDatabuffer
 .text.I2C_MonitorHandler
                0x000112a8       0x6c /opt/york/cs/net/lpc1700-cmsis-lite-2011.01.26-i686-1/lib/libDriversLPC17xxgnu.a(lpc17xx_i2c.o)
                0x000112a8                I2C_MonitorHandler
 .text.I2C_MasterTransferComplete
                0x00011314       0x40 /opt/york/cs/net/lpc1700-cmsis-lite-2011.01.26-i686-1/lib/libDriversLPC17xxgnu.a(lpc17xx_i2c.o)
                0x00011314                I2C_MasterTransferComplete
 .text.I2C_SlaveTransferComplete
                0x00011354       0x40 /opt/york/cs/net/lpc1700-cmsis-lite-2011.01.26-i686-1/lib/libDriversLPC17xxgnu.a(lpc17xx_i2c.o)
                0x00011354                I2C_SlaveTransferComplete
 .text          0x00011394        0x0 /opt/york/cs/net/lpc1700-cmsis-lite-2011.01.26-i686-1/lib/libDriversLPC17xxgnu.a(lpc17xx_i2s.o)
 .text.i2s_GetWordWidth
                0x00011394       0x8c /opt/york/cs/net/lpc1700-cmsis-lite-2011.01.26-i686-1/lib/libDriversLPC17xxgnu.a(lpc17xx_i2s.o)
 .text.i2s_GetChannel
                0x00011420       0x84 /opt/york/cs/net/lpc1700-cmsis-lite-2011.01.26-i686-1/lib/libDriversLPC17xxgnu.a(lpc17xx_i2s.o)
 .text.I2S_Init
                0x000114a4       0x54 /opt/york/cs/net/lpc1700-cmsis-lite-2011.01.26-i686-1/lib/libDriversLPC17xxgnu.a(lpc17xx_i2s.o)
                0x000114a4                I2S_Init
 .text.I2S_Config
                0x000114f8      0x168 /opt/york/cs/net/lpc1700-cmsis-lite-2011.01.26-i686-1/lib/libDriversLPC17xxgnu.a(lpc17xx_i2s.o)
                0x000114f8                I2S_Config
 .text.I2S_DeInit
                0x00011660       0x3c /opt/york/cs/net/lpc1700-cmsis-lite-2011.01.26-i686-1/lib/libDriversLPC17xxgnu.a(lpc17xx_i2s.o)
                0x00011660                I2S_DeInit
 .text.I2S_GetLevel
                0x0001169c       0x6c /opt/york/cs/net/lpc1700-cmsis-lite-2011.01.26-i686-1/lib/libDriversLPC17xxgnu.a(lpc17xx_i2s.o)
                0x0001169c                I2S_GetLevel
 .text.I2S_Start
                0x00011708       0x50 /opt/york/cs/net/lpc1700-cmsis-lite-2011.01.26-i686-1/lib/libDriversLPC17xxgnu.a(lpc17xx_i2s.o)
                0x00011708                I2S_Start
 .text.I2S_Send
                0x00011758       0x38 /opt/york/cs/net/lpc1700-cmsis-lite-2011.01.26-i686-1/lib/libDriversLPC17xxgnu.a(lpc17xx_i2s.o)
                0x00011758                I2S_Send
 .text.I2S_Receive
                0x00011790       0x34 /opt/york/cs/net/lpc1700-cmsis-lite-2011.01.26-i686-1/lib/libDriversLPC17xxgnu.a(lpc17xx_i2s.o)
                0x00011790                I2S_Receive
 .text.I2S_Pause
                0x000117c4       0x70 /opt/york/cs/net/lpc1700-cmsis-lite-2011.01.26-i686-1/lib/libDriversLPC17xxgnu.a(lpc17xx_i2s.o)
                0x000117c4                I2S_Pause
 .text.I2S_Mute
                0x00011834       0x70 /opt/york/cs/net/lpc1700-cmsis-lite-2011.01.26-i686-1/lib/libDriversLPC17xxgnu.a(lpc17xx_i2s.o)
                0x00011834                I2S_Mute
 .text.I2S_Stop
                0x000118a4       0x94 /opt/york/cs/net/lpc1700-cmsis-lite-2011.01.26-i686-1/lib/libDriversLPC17xxgnu.a(lpc17xx_i2s.o)
                0x000118a4                I2S_Stop
 .text.I2S_FreqConfig
                0x00011938      0x110 /opt/york/cs/net/lpc1700-cmsis-lite-2011.01.26-i686-1/lib/libDriversLPC17xxgnu.a(lpc17xx_i2s.o)
                0x00011938                I2S_FreqConfig
 .text.I2S_SetBitRate
                0x00011a48       0x7c /opt/york/cs/net/lpc1700-cmsis-lite-2011.01.26-i686-1/lib/libDriversLPC17xxgnu.a(lpc17xx_i2s.o)
                0x00011a48                I2S_SetBitRate
 .text.I2S_ModeConfig
                0x00011ac4      0x148 /opt/york/cs/net/lpc1700-cmsis-lite-2011.01.26-i686-1/lib/libDriversLPC17xxgnu.a(lpc17xx_i2s.o)
                0x00011ac4                I2S_ModeConfig
 .text.I2S_DMAConfig
                0x00011c0c       0xd4 /opt/york/cs/net/lpc1700-cmsis-lite-2011.01.26-i686-1/lib/libDriversLPC17xxgnu.a(lpc17xx_i2s.o)
                0x00011c0c                I2S_DMAConfig
 .text.I2S_DMACmd
                0x00011ce0      0x120 /opt/york/cs/net/lpc1700-cmsis-lite-2011.01.26-i686-1/lib/libDriversLPC17xxgnu.a(lpc17xx_i2s.o)
                0x00011ce0                I2S_DMACmd
 .text.I2S_IRQConfig
                0x00011e00       0x80 /opt/york/cs/net/lpc1700-cmsis-lite-2011.01.26-i686-1/lib/libDriversLPC17xxgnu.a(lpc17xx_i2s.o)
                0x00011e00                I2S_IRQConfig
 .text.I2S_IRQCmd
                0x00011e80       0x9c /opt/york/cs/net/lpc1700-cmsis-lite-2011.01.26-i686-1/lib/libDriversLPC17xxgnu.a(lpc17xx_i2s.o)
                0x00011e80                I2S_IRQCmd
 .text.I2S_GetIRQStatus
                0x00011f1c       0x58 /opt/york/cs/net/lpc1700-cmsis-lite-2011.01.26-i686-1/lib/libDriversLPC17xxgnu.a(lpc17xx_i2s.o)
                0x00011f1c                I2S_GetIRQStatus
 .text.I2S_GetIRQDepth
                0x00011f74       0x50 /opt/york/cs/net/lpc1700-cmsis-lite-2011.01.26-i686-1/lib/libDriversLPC17xxgnu.a(lpc17xx_i2s.o)
                0x00011f74                I2S_GetIRQDepth
 .text          0x00011fc4        0x0 /opt/york/cs/net/lpc1700-cmsis-lite-2011.01.26-i686-1/lib/libDriversLPC17xxgnu.a(lpc17xx_libcfg_default.o)
 .text.check_failed
                0x00011fc4        0xc /opt/york/cs/net/lpc1700-cmsis-lite-2011.01.26-i686-1/lib/libDriversLPC17xxgnu.a(lpc17xx_libcfg_default.o)
                0x00011fc4                check_failed
 .text          0x00011fd0        0x0 /opt/york/cs/net/lpc1700-cmsis-lite-2011.01.26-i686-1/lib/libDriversLPC17xxgnu.a(lpc17xx_pinsel.o)
 .text.set_PinFunc
                0x00011fd0       0xa0 /opt/york/cs/net/lpc1700-cmsis-lite-2011.01.26-i686-1/lib/libDriversLPC17xxgnu.a(lpc17xx_pinsel.o)
 .text.set_ResistorMode
                0x00012070       0xa0 /opt/york/cs/net/lpc1700-cmsis-lite-2011.01.26-i686-1/lib/libDriversLPC17xxgnu.a(lpc17xx_pinsel.o)
 .text.set_OpenDrainMode
                0x00012110       0x80 /opt/york/cs/net/lpc1700-cmsis-lite-2011.01.26-i686-1/lib/libDriversLPC17xxgnu.a(lpc17xx_pinsel.o)
 .text.PINSEL_ConfigTraceFunc
                0x00012190       0x54 /opt/york/cs/net/lpc1700-cmsis-lite-2011.01.26-i686-1/lib/libDriversLPC17xxgnu.a(lpc17xx_pinsel.o)
                0x00012190                PINSEL_ConfigTraceFunc
 .text.PINSEL_SetI2C0Pins
                0x000121e4       0x3c /opt/york/cs/net/lpc1700-cmsis-lite-2011.01.26-i686-1/lib/libDriversLPC17xxgnu.a(lpc17xx_pinsel.o)
                0x000121e4                PINSEL_SetI2C0Pins
 .text.PINSEL_ConfigPin
                0x00012220       0x54 /opt/york/cs/net/lpc1700-cmsis-lite-2011.01.26-i686-1/lib/libDriversLPC17xxgnu.a(lpc17xx_pinsel.o)
                0x00012220                PINSEL_ConfigPin
 .text          0x00012274        0x0 /opt/york/cs/net/lpc1700-cmsis-lite-2011.01.26-i686-1/lib/libDriversLPC17xxgnu.a(lpc17xx_uart.o)
 .text.uart_set_divisors
                0x00012274      0x26c /opt/york/cs/net/lpc1700-cmsis-lite-2011.01.26-i686-1/lib/libDriversLPC17xxgnu.a(lpc17xx_uart.o)
 .text.UART_Init
                0x000124e0      0x368 /opt/york/cs/net/lpc1700-cmsis-lite-2011.01.26-i686-1/lib/libDriversLPC17xxgnu.a(lpc17xx_uart.o)
                0x000124e0                UART_Init
 .text.UART_DeInit
                0x00012848       0xcc /opt/york/cs/net/lpc1700-cmsis-lite-2011.01.26-i686-1/lib/libDriversLPC17xxgnu.a(lpc17xx_uart.o)
                0x00012848                UART_DeInit
 .text.UART_ConfigStructInit
                0x00012914       0x34 /opt/york/cs/net/lpc1700-cmsis-lite-2011.01.26-i686-1/lib/libDriversLPC17xxgnu.a(lpc17xx_uart.o)
                0x00012914                UART_ConfigStructInit
 .text.UART_SendByte
                0x00012948       0x78 /opt/york/cs/net/lpc1700-cmsis-lite-2011.01.26-i686-1/lib/libDriversLPC17xxgnu.a(lpc17xx_uart.o)
                0x00012948                UART_SendByte
 .text.UART_ReceiveByte
                0x000129c0       0x78 /opt/york/cs/net/lpc1700-cmsis-lite-2011.01.26-i686-1/lib/libDriversLPC17xxgnu.a(lpc17xx_uart.o)
                0x000129c0                UART_ReceiveByte
 .text.UART_Send
                0x00012a38      0x10c /opt/york/cs/net/lpc1700-cmsis-lite-2011.01.26-i686-1/lib/libDriversLPC17xxgnu.a(lpc17xx_uart.o)
                0x00012a38                UART_Send
 .text.UART_Receive
                0x00012b44       0xd8 /opt/york/cs/net/lpc1700-cmsis-lite-2011.01.26-i686-1/lib/libDriversLPC17xxgnu.a(lpc17xx_uart.o)
                0x00012b44                UART_Receive
 .text.UART_ForceBreak
                0x00012c1c       0x88 /opt/york/cs/net/lpc1700-cmsis-lite-2011.01.26-i686-1/lib/libDriversLPC17xxgnu.a(lpc17xx_uart.o)
                0x00012c1c                UART_ForceBreak
 .text.UART_IntConfig
                0x00012ca4      0x1d0 /opt/york/cs/net/lpc1700-cmsis-lite-2011.01.26-i686-1/lib/libDriversLPC17xxgnu.a(lpc17xx_uart.o)
                0x00012ca4                UART_IntConfig
 .text.UART_GetLineStatus
                0x00012e74       0x7c /opt/york/cs/net/lpc1700-cmsis-lite-2011.01.26-i686-1/lib/libDriversLPC17xxgnu.a(lpc17xx_uart.o)
                0x00012e74                UART_GetLineStatus
 .text.UART_GetIntId
                0x00012ef0       0x68 /opt/york/cs/net/lpc1700-cmsis-lite-2011.01.26-i686-1/lib/libDriversLPC17xxgnu.a(lpc17xx_uart.o)
                0x00012ef0                UART_GetIntId
 .text.UART_CheckBusy
                0x00012f58       0x2c /opt/york/cs/net/lpc1700-cmsis-lite-2011.01.26-i686-1/lib/libDriversLPC17xxgnu.a(lpc17xx_uart.o)
                0x00012f58                UART_CheckBusy
 .text.UART_FIFOConfig
                0x00012f84      0x184 /opt/york/cs/net/lpc1700-cmsis-lite-2011.01.26-i686-1/lib/libDriversLPC17xxgnu.a(lpc17xx_uart.o)
                0x00012f84                UART_FIFOConfig
 .text.UART_FIFOConfigStructInit
                0x00013108       0x34 /opt/york/cs/net/lpc1700-cmsis-lite-2011.01.26-i686-1/lib/libDriversLPC17xxgnu.a(lpc17xx_uart.o)
                0x00013108                UART_FIFOConfigStructInit
 .text.UART_ABCmd
                0x0001313c      0x15c /opt/york/cs/net/lpc1700-cmsis-lite-2011.01.26-i686-1/lib/libDriversLPC17xxgnu.a(lpc17xx_uart.o)
                0x0001313c                UART_ABCmd
 .text.UART_ABClearIntPending
                0x00013298       0x88 /opt/york/cs/net/lpc1700-cmsis-lite-2011.01.26-i686-1/lib/libDriversLPC17xxgnu.a(lpc17xx_uart.o)
                0x00013298                UART_ABClearIntPending
 .text.UART_TxCmd
                0x00013320       0xe8 /opt/york/cs/net/lpc1700-cmsis-lite-2011.01.26-i686-1/lib/libDriversLPC17xxgnu.a(lpc17xx_uart.o)
                0x00013320                UART_TxCmd
 .text.UART_IrDAInvtInputCmd
                0x00013408       0x84 /opt/york/cs/net/lpc1700-cmsis-lite-2011.01.26-i686-1/lib/libDriversLPC17xxgnu.a(lpc17xx_uart.o)
                0x00013408                UART_IrDAInvtInputCmd
 .text.UART_IrDACmd
                0x0001348c       0x80 /opt/york/cs/net/lpc1700-cmsis-lite-2011.01.26-i686-1/lib/libDriversLPC17xxgnu.a(lpc17xx_uart.o)
                0x0001348c                UART_IrDACmd
 .text.UART_IrDAPulseDivConfig
                0x0001350c       0xac /opt/york/cs/net/lpc1700-cmsis-lite-2011.01.26-i686-1/lib/libDriversLPC17xxgnu.a(lpc17xx_uart.o)
                0x0001350c                UART_IrDAPulseDivConfig
 .text.UART_FullModemForcePinState
                0x000135b8       0xcc /opt/york/cs/net/lpc1700-cmsis-lite-2011.01.26-i686-1/lib/libDriversLPC17xxgnu.a(lpc17xx_uart.o)
                0x000135b8                UART_FullModemForcePinState
 .text.UART_FullModemConfigMode
                0x00013684       0xd8 /opt/york/cs/net/lpc1700-cmsis-lite-2011.01.26-i686-1/lib/libDriversLPC17xxgnu.a(lpc17xx_uart.o)
                0x00013684                UART_FullModemConfigMode
 .text.UART_FullModemGetStatus
                0x0001375c       0x38 /opt/york/cs/net/lpc1700-cmsis-lite-2011.01.26-i686-1/lib/libDriversLPC17xxgnu.a(lpc17xx_uart.o)
                0x0001375c                UART_FullModemGetStatus
 .text.UART_RS485Config
                0x00013794      0x1bc /opt/york/cs/net/lpc1700-cmsis-lite-2011.01.26-i686-1/lib/libDriversLPC17xxgnu.a(lpc17xx_uart.o)
                0x00013794                UART_RS485Config
 .text.UART_RS485ReceiverCmd
                0x00013950       0x48 /opt/york/cs/net/lpc1700-cmsis-lite-2011.01.26-i686-1/lib/libDriversLPC17xxgnu.a(lpc17xx_uart.o)
                0x00013950                UART_RS485ReceiverCmd
 .text.UART_RS485Send
                0x00013998       0x84 /opt/york/cs/net/lpc1700-cmsis-lite-2011.01.26-i686-1/lib/libDriversLPC17xxgnu.a(lpc17xx_uart.o)
                0x00013998                UART_RS485Send
 .text.UART_RS485SendSlvAddr
                0x00013a1c       0x28 /opt/york/cs/net/lpc1700-cmsis-lite-2011.01.26-i686-1/lib/libDriversLPC17xxgnu.a(lpc17xx_uart.o)
                0x00013a1c                UART_RS485SendSlvAddr
 .text.UART_RS485SendData
                0x00013a44       0x28 /opt/york/cs/net/lpc1700-cmsis-lite-2011.01.26-i686-1/lib/libDriversLPC17xxgnu.a(lpc17xx_uart.o)
                0x00013a44                UART_RS485SendData
 .text          0x00013a6c        0x0 /opt/york/cs/net/lpc1700-cmsis-lite-2011.01.26-i686-1/lib/libDriversLPC17xxgnu.a(lpc17xx_clkpwr.o)
 .text.CLKPWR_SetPCLKDiv
                0x00013a6c       0xd4 /opt/york/cs/net/lpc1700-cmsis-lite-2011.01.26-i686-1/lib/libDriversLPC17xxgnu.a(lpc17xx_clkpwr.o)
                0x00013a6c                CLKPWR_SetPCLKDiv
 .text.CLKPWR_GetPCLKSEL
                0x00013b40       0x54 /opt/york/cs/net/lpc1700-cmsis-lite-2011.01.26-i686-1/lib/libDriversLPC17xxgnu.a(lpc17xx_clkpwr.o)
                0x00013b40                CLKPWR_GetPCLKSEL
 .text.CLKPWR_GetPCLK
                0x00013b94       0x70 /opt/york/cs/net/lpc1700-cmsis-lite-2011.01.26-i686-1/lib/libDriversLPC17xxgnu.a(lpc17xx_clkpwr.o)
                0x00013b94                CLKPWR_GetPCLK
 .text.CLKPWR_ConfigPPWR
                0x00013c04       0x80 /opt/york/cs/net/lpc1700-cmsis-lite-2011.01.26-i686-1/lib/libDriversLPC17xxgnu.a(lpc17xx_clkpwr.o)
                0x00013c04                CLKPWR_ConfigPPWR
 .text.CLKPWR_Sleep
                0x00013c84       0x1c /opt/york/cs/net/lpc1700-cmsis-lite-2011.01.26-i686-1/lib/libDriversLPC17xxgnu.a(lpc17xx_clkpwr.o)
                0x00013c84                CLKPWR_Sleep
 .text.CLKPWR_DeepSleep
                0x00013ca0       0x2c /opt/york/cs/net/lpc1700-cmsis-lite-2011.01.26-i686-1/lib/libDriversLPC17xxgnu.a(lpc17xx_clkpwr.o)
                0x00013ca0                CLKPWR_DeepSleep
 .text.CLKPWR_PowerDown
                0x00013ccc       0x2c /opt/york/cs/net/lpc1700-cmsis-lite-2011.01.26-i686-1/lib/libDriversLPC17xxgnu.a(lpc17xx_clkpwr.o)
                0x00013ccc                CLKPWR_PowerDown
 .text.CLKPWR_DeepPowerDown
                0x00013cf8       0x2c /opt/york/cs/net/lpc1700-cmsis-lite-2011.01.26-i686-1/lib/libDriversLPC17xxgnu.a(lpc17xx_clkpwr.o)
                0x00013cf8                CLKPWR_DeepPowerDown
 .text          0x00013d24        0x0 /opt/york/cs/net/sourcery-g++-lite-arm-eabi-2010.09.51-i686-1/bin/../lib/gcc/arm-none-eabi/4.5.1/thumb2/crtend.o
 .text          0x00013d24        0x0 /opt/york/cs/net/sourcery-g++-lite-arm-eabi-2010.09.51-i686-1/bin/../lib/gcc/arm-none-eabi/4.5.1/thumb2/crtn.o
 *(.plt)
 *(.gnu.warning)
 *(.glue_7t)
 .glue_7t       0x00000000        0x0 linker stubs
 *(.glue_7)
 .glue_7        0x00000000        0x0 linker stubs
 *(.vfp11_veneer)
 .vfp11_veneer  0x00000000        0x0 linker stubs
 *(.rodata .rodata.* .gnu.linkonce.r.*)
 .rodata        0x00013d24      0x1a4 main.o
 .rodata.C.0.2899
                0x00013ec8       0x10 source/KeyAccess.o
 .rodata        0x00013ed8       0x14 source/LCD.o
 .rodata.C.12.5113
                0x00013eec        0x4 source/LCD.o
 .rodata.C.13.5114
                0x00013ef0       0x14 source/LCD.o
 .rodata.C.14.5115
                0x00013f04        0xc source/LCD.o
 .rodata.C.1.2902
                0x00013f10       0x18 source/TLV320.o
 .rodata.C.2.2903
                0x00013f28       0x10 source/TLV320.o
 .rodata.C.3.2904
                0x00013f38        0x8 source/TLV320.o
 .rodata.C.4.2905
                0x00013f40        0x8 source/TLV320.o
 .rodata.C.5.2906
                0x00013f48        0x4 source/TLV320.o
 .rodata.DbcTbl
                0x00013f4c        0xc source/FatFS/ff.o
 .rodata        0x00013f58       0x50 source/FatFS/ff.o
 .rodata.cst32.1625
                0x00013fa8       0x10 source/FatFS/ff.o
 .rodata.cst.1624
                0x00013fb8       0x10 source/FatFS/ff.o
 .rodata.badchr.1608
                0x00013fc8       0x14 source/FatFS/ff.o
 .rodata        0x00013fdc       0x20 /opt/york/cs/net/sourcery-g++-lite-arm-eabi-2010.09.51-i686-1/arm-none-eabi/lib/thumb2/libc.a(lib_a-svfprintf.o)
 .rodata.str1.4
                0x00013ffc       0x42 /opt/york/cs/net/sourcery-g++-lite-arm-eabi-2010.09.51-i686-1/arm-none-eabi/lib/thumb2/libc.a(lib_a-svfprintf.o)
                                 0x44 (size before relaxing)
 *fill*         0x0001403e        0x2 00
 .rodata.str1.4
                0x00014040       0x10 /opt/york/cs/net/sourcery-g++-lite-arm-eabi-2010.09.51-i686-1/arm-none-eabi/lib/thumb2/libc.a(lib_a-dtoa.o)
                                 0x14 (size before relaxing)
 .rodata        0x00014050        0x4 /opt/york/cs/net/sourcery-g++-lite-arm-eabi-2010.09.51-i686-1/arm-none-eabi/lib/thumb2/libc.a(lib_a-impure.o)
                0x00014050                _global_impure_ptr
 .rodata.str1.4
                0x00014054        0x2 /opt/york/cs/net/sourcery-g++-lite-arm-eabi-2010.09.51-i686-1/arm-none-eabi/lib/thumb2/libc.a(lib_a-impure.o)
                                  0x4 (size before relaxing)
 *fill*         0x00014056        0x2 00
 .rodata.str1.4
                0x00014058        0xa /opt/york/cs/net/sourcery-g++-lite-arm-eabi-2010.09.51-i686-1/arm-none-eabi/lib/thumb2/libc.a(lib_a-locale.o)
                                 0x14 (size before relaxing)
 *fill*         0x00014062        0x6 00
 .rodata        0x00014068      0x128 /opt/york/cs/net/sourcery-g++-lite-arm-eabi-2010.09.51-i686-1/arm-none-eabi/lib/thumb2/libc.a(lib_a-mprec.o)
                0x00014078                __mprec_tens
                0x00014140                __mprec_bigtens
                0x00014168                __mprec_tinytens
 .rodata        0x00014190       0x20 /opt/york/cs/net/sourcery-g++-lite-arm-eabi-2010.09.51-i686-1/arm-none-eabi/lib/thumb2/libc.a(lib_a-svfiprintf.o)
 .rodata.str1.4
                0x00000000       0x30 /opt/york/cs/net/sourcery-g++-lite-arm-eabi-2010.09.51-i686-1/arm-none-eabi/lib/thumb2/libc.a(lib_a-svfiprintf.o)
 .rodata.str1.4
                0x000141b0        0x8 /opt/york/cs/net/sourcery-g++-lite-arm-eabi-2010.09.51-i686-1/arm-none-eabi/lib/thumb2/libm.a(lib_a-w_fmod.o)
 .rodata        0x000141b8       0x10 /opt/york/cs/net/sourcery-g++-lite-arm-eabi-2010.09.51-i686-1/arm-none-eabi/lib/thumb2/libm.a(lib_a-e_fmod.o)
 .rodata.GPDMA_LUTPerAddr
                0x000141c8       0x60 /opt/york/cs/net/lpc1700-cmsis-lite-2011.01.26-i686-1/lib/libDriversLPC17xxgnu.a(lpc17xx_gpdma.o)
                0x000141c8                GPDMA_LUTPerAddr
 .rodata.GPDMA_LUTPerBurst
                0x00014228       0x18 /opt/york/cs/net/lpc1700-cmsis-lite-2011.01.26-i686-1/lib/libDriversLPC17xxgnu.a(lpc17xx_gpdma.o)
                0x00014228                GPDMA_LUTPerBurst
 .rodata.GPDMA_LUTPerWid
                0x00014240       0x18 /opt/york/cs/net/lpc1700-cmsis-lite-2011.01.26-i686-1/lib/libDriversLPC17xxgnu.a(lpc17xx_gpdma.o)
                0x00014240                GPDMA_LUTPerWid
 .rodata        0x00014258       0x10 /opt/york/cs/net/lpc1700-cmsis-lite-2011.01.26-i686-1/lib/libDriversLPC17xxgnu.a(lpc17xx_gpdma.o)
 .rodata        0x00014268       0x10 /opt/york/cs/net/lpc1700-cmsis-lite-2011.01.26-i686-1/lib/libDriversLPC17xxgnu.a(lpc17xx_i2c.o)
 .rodata        0x00014278       0x10 /opt/york/cs/net/lpc1700-cmsis-lite-2011.01.26-i686-1/lib/libDriversLPC17xxgnu.a(lpc17xx_i2s.o)
 .rodata        0x00014288       0x10 /opt/york/cs/net/lpc1700-cmsis-lite-2011.01.26-i686-1/lib/libDriversLPC17xxgnu.a(lpc17xx_uart.o)
 *(.ARM.extab* .gnu.linkonce.armextab.*)
 .ARM.extab.cs3.reset
                0x00014298        0x0 /opt/york/cs/net/lpc1700-cmsis-lite-2011.01.26-i686-1/lib/startup_LPC17xx.o
 .ARM.extab     0x00014298        0x0 /opt/york/cs/net/sourcery-g++-lite-arm-eabi-2010.09.51-i686-1/bin/../lib/gcc/arm-none-eabi/4.5.1/thumb2/libgcc.a(_divdi3.o)
 .ARM.extab     0x00014298        0x0 /opt/york/cs/net/sourcery-g++-lite-arm-eabi-2010.09.51-i686-1/bin/../lib/gcc/arm-none-eabi/4.5.1/thumb2/libgcc.a(_udivdi3.o)
 *(.gcc_except_table)
 *(.eh_frame_hdr)
 *(.eh_frame)
                0x00014298                . = ALIGN (0x4)
 *(.init)
 .init          0x00014298        0x4 /opt/york/cs/net/sourcery-g++-lite-arm-eabi-2010.09.51-i686-1/bin/../lib/gcc/arm-none-eabi/4.5.1/thumb2/crti.o
                0x00014298                _init
 .init          0x0001429c        0x8 /opt/york/cs/net/sourcery-g++-lite-arm-eabi-2010.09.51-i686-1/bin/../lib/gcc/arm-none-eabi/4.5.1/thumb2/crtn.o
                0x000142a4                . = ALIGN (0x4)
                0x000142a4                __preinit_array_start = .
 *(.preinit_array)
                0x000142a4                __preinit_array_end = .
                0x000142a4                . = ALIGN (0x4)
                0x000142a4                __init_array_start = .
 *(SORT(.init_array.*))
 *(.init_array)
 .init_array    0x000142a4        0x4 /opt/york/cs/net/sourcery-g++-lite-arm-eabi-2010.09.51-i686-1/bin/../lib/gcc/arm-none-eabi/4.5.1/thumb2/crtbegin.o
                0x000142a8                __init_array_end = .
                0x000142a8                . = ALIGN (0x4)
 *crtbegin.o(.ctors)
 *(EXCLUDE_FILE(*crtend.o) .ctors)
 *(SORT(.ctors.*))
 *crtend.o(.ctors)
                0x000142a8                . = ALIGN (0x4)
 *(.fini)
 .fini          0x000142a8        0x4 /opt/york/cs/net/sourcery-g++-lite-arm-eabi-2010.09.51-i686-1/bin/../lib/gcc/arm-none-eabi/4.5.1/thumb2/crti.o
                0x000142a8                _fini
 .fini          0x000142ac        0x8 /opt/york/cs/net/sourcery-g++-lite-arm-eabi-2010.09.51-i686-1/bin/../lib/gcc/arm-none-eabi/4.5.1/thumb2/crtn.o
                0x000142b4                . = ALIGN (0x4)
                0x000142b4                __fini_array_start = .
 *(.fini_array)
 .fini_array    0x000142b4        0x4 /opt/york/cs/net/sourcery-g++-lite-arm-eabi-2010.09.51-i686-1/bin/../lib/gcc/arm-none-eabi/4.5.1/thumb2/crtbegin.o
 *(SORT(.fini_array.*))
                0x000142b8                __fini_array_end = .
 *crtbegin.o(.dtors)
 *(EXCLUDE_FILE(*crtend.o) .dtors)
 *(SORT(.dtors.*))
 *crtend.o(.dtors)
                0x000142b8                . = ALIGN (0x4)
                0x000142b8                __cs3_regions = .
                0x000142b8        0x4 LONG 0x0
                0x000142bc        0x4 LONG 0x142d8 __cs3_region_init_ram
                0x000142c0        0x4 LONG 0x10000000 __cs3_region_start_ram
                0x000142c4        0x4 LONG 0x608 __cs3_region_init_size_ram
                0x000142c8        0x4 LONG 0x530 __cs3_region_zero_size_ram
                0x000142cc                __exidx_start = .

.v4_bx          0x000142cc        0x0
 .v4_bx         0x00000000        0x0 linker stubs

.ARM.exidx      0x000142cc        0x8
 *(.ARM.exidx* .gnu.linkonce.armexidx.*)
 .ARM.exidx.cs3.reset
                0x000142cc        0x8 /opt/york/cs/net/lpc1700-cmsis-lite-2011.01.26-i686-1/lib/startup_LPC17xx.o
 .ARM.exidx     0x000142d4        0x0 /opt/york/cs/net/sourcery-g++-lite-arm-eabi-2010.09.51-i686-1/bin/../lib/gcc/arm-none-eabi/4.5.1/thumb2/libgcc.a(_divdi3.o)
                                  0x8 (size before relaxing)
 .ARM.exidx     0x000142d4        0x0 /opt/york/cs/net/sourcery-g++-lite-arm-eabi-2010.09.51-i686-1/bin/../lib/gcc/arm-none-eabi/4.5.1/thumb2/libgcc.a(_udivdi3.o)
                                  0x8 (size before relaxing)
                0x000142d4                __exidx_end = .

.text.align     0x000142d4        0x4
                0x000142d8                . = ALIGN (0x8)
 *fill*         0x000142d4        0x4 00
                0x000142d8                _etext = .
                0x00080000                __cs3_region_size_rom = 0x80000
                0x00000001                __cs3_region_num = 0x1

.data           0x10000000      0x608 load address 0x000142d8
                0x10000000                __cs3_region_start_ram = .
 *(.cs3.region-head.ram)
 *(.jcr)
 .jcr           0x10000000        0x0 /opt/york/cs/net/sourcery-g++-lite-arm-eabi-2010.09.51-i686-1/bin/../lib/gcc/arm-none-eabi/4.5.1/thumb2/crtbegin.o
 .jcr           0x10000000        0x4 /opt/york/cs/net/sourcery-g++-lite-arm-eabi-2010.09.51-i686-1/bin/../lib/gcc/arm-none-eabi/4.5.1/thumb2/crtend.o
 *(.got.plt)
 *(.got)
 *(.shdata)
 *(.data .data.* .gnu.linkonce.d.*)
 .data          0x10000004        0x0 /opt/york/cs/net/sourcery-g++-lite-arm-eabi-2010.09.51-i686-1/bin/../lib/gcc/arm-none-eabi/4.5.1/thumb2/crti.o
 .data          0x10000004        0x4 /opt/york/cs/net/sourcery-g++-lite-arm-eabi-2010.09.51-i686-1/bin/../lib/gcc/arm-none-eabi/4.5.1/thumb2/crtbegin.o
                0x10000004                __dso_handle
 .data          0x10000008        0x0 main.o
 .data.counter  0x10000008        0x4 main.o
                0x10000008                counter
 .data.MenuText
                0x1000000c       0x1c main.o
                0x1000000c                MenuText
 .data.menuFuncs
                0x10000028       0x28 main.o
                0x10000028                menuFuncs
 .data          0x10000050        0x0 source/i2s_polling.o
 .data          0x10000050        0x0 source/KeyAccess.o
 .data          0x10000050        0x0 source/LCD.o
 .data          0x10000050        0x0 source/i2s.o
 .data          0x10000050        0x0 source/TLV320.o
 .data          0x10000050        0x0 source/Delay.o
 .data          0x10000050        0x0 source/SerialIO.o
 .data          0x10000050        0x0 source/I2C.o
 .data          0x10000050        0x0 source/FatFS/ff.o
 .data          0x10000050        0x0 source/FatFS/ffunicode.o
 .data          0x10000050        0x0 source/FatFS/mmc_176x_ssp.o
 .data.Stat     0x10000050        0x1 source/FatFS/mmc_176x_ssp.o
 .data          0x10000051        0x0 source/FatFS/diskio.o
 .data          0x10000051        0x0 /opt/york/cs/net/lpc1700-cmsis-lite-2011.01.26-i686-1/lib/core_cm3.o
 .data          0x10000051        0x0 /opt/york/cs/net/lpc1700-cmsis-lite-2011.01.26-i686-1/lib/system_LPC17xx.o
 *fill*         0x10000051        0x3 00
 .data.SystemCoreClock
                0x10000054        0x4 /opt/york/cs/net/lpc1700-cmsis-lite-2011.01.26-i686-1/lib/system_LPC17xx.o
                0x10000054                SystemCoreClock
 .data          0x10000058        0x0 /opt/york/cs/net/lpc1700-cmsis-lite-2011.01.26-i686-1/lib/startup_LPC17xx.o
 .data          0x10000058        0x0 /opt/york/cs/net/sourcery-g++-lite-arm-eabi-2010.09.51-i686-1/arm-none-eabi/lib/thumb2/libc.a(lib_a-malloc.o)
 .data          0x10000058      0x410 /opt/york/cs/net/sourcery-g++-lite-arm-eabi-2010.09.51-i686-1/arm-none-eabi/lib/thumb2/libc.a(lib_a-mallocr.o)
                0x10000058                __malloc_av_
                0x10000460                __malloc_sbrk_base
                0x10000464                __malloc_trim_threshold
 .data          0x10000468        0x0 /opt/york/cs/net/sourcery-g++-lite-arm-eabi-2010.09.51-i686-1/arm-none-eabi/lib/thumb2/libc.a(lib_a-mlock.o)
 .data          0x10000468        0x0 /opt/york/cs/net/sourcery-g++-lite-arm-eabi-2010.09.51-i686-1/arm-none-eabi/lib/thumb2/libc.a(lib_a-sbrkr.o)
 .data          0x10000468        0x0 /opt/york/cs/net/sourcery-g++-lite-arm-eabi-2010.09.51-i686-1/arm-none-eabi/lib/thumb2/libc.a(lib_a-sprintf.o)
 .data          0x10000468        0x0 /opt/york/cs/net/sourcery-g++-lite-arm-eabi-2010.09.51-i686-1/arm-none-eabi/lib/thumb2/libc.a(lib_a-strlen.o)
 .data          0x10000468        0x0 /opt/york/cs/net/sourcery-g++-lite-arm-eabi-2010.09.51-i686-1/arm-none-eabi/lib/thumb2/libc.a(lib_a-svfprintf.o)
 .data          0x10000468        0x0 /opt/york/cs/net/sourcery-g++-lite-arm-eabi-2010.09.51-i686-1/arm-none-eabi/lib/thumb2/libc.a(lib_a-dtoa.o)
 .data          0x10000468        0x0 /opt/york/cs/net/sourcery-g++-lite-arm-eabi-2010.09.51-i686-1/arm-none-eabi/lib/thumb2/libc.a(lib_a-freer.o)
 .data          0x10000468       0xf4 /opt/york/cs/net/sourcery-g++-lite-arm-eabi-2010.09.51-i686-1/arm-none-eabi/lib/thumb2/libc.a(lib_a-impure.o)
                0x10000468                _impure_ptr
 .data          0x1000055c       0x7c /opt/york/cs/net/sourcery-g++-lite-arm-eabi-2010.09.51-i686-1/arm-none-eabi/lib/thumb2/libc.a(lib_a-locale.o)
                0x1000057c                __mb_cur_max
 .data          0x100005d8        0x0 /opt/york/cs/net/sourcery-g++-lite-arm-eabi-2010.09.51-i686-1/arm-none-eabi/lib/thumb2/libc.a(lib_a-memchr.o)
 .data          0x100005d8        0x0 /opt/york/cs/net/sourcery-g++-lite-arm-eabi-2010.09.51-i686-1/arm-none-eabi/lib/thumb2/libc.a(lib_a-memcpy.o)
 .data          0x100005d8        0x0 /opt/york/cs/net/sourcery-g++-lite-arm-eabi-2010.09.51-i686-1/arm-none-eabi/lib/thumb2/libc.a(lib_a-mprec.o)
 .data          0x100005d8        0x0 /opt/york/cs/net/sourcery-g++-lite-arm-eabi-2010.09.51-i686-1/arm-none-eabi/lib/thumb2/libc.a(lib_a-reent.o)
 .data          0x100005d8        0x0 /opt/york/cs/net/sourcery-g++-lite-arm-eabi-2010.09.51-i686-1/arm-none-eabi/lib/thumb2/libc.a(lib_a-s_fpclassify.o)
 .data          0x100005d8        0x0 /opt/york/cs/net/sourcery-g++-lite-arm-eabi-2010.09.51-i686-1/arm-none-eabi/lib/thumb2/libc.a(lib_a-strcmp.o)
 .data          0x100005d8        0x0 /opt/york/cs/net/sourcery-g++-lite-arm-eabi-2010.09.51-i686-1/arm-none-eabi/lib/thumb2/libc.a(lib_a-svfiprintf.o)
 .data          0x100005d8        0x0 /opt/york/cs/net/sourcery-g++-lite-arm-eabi-2010.09.51-i686-1/arm-none-eabi/lib/thumb2/libc.a(lib_a-callocr.o)
 .data          0x100005d8        0x0 /opt/york/cs/net/sourcery-g++-lite-arm-eabi-2010.09.51-i686-1/arm-none-eabi/lib/thumb2/libc.a(lib_a-memmove.o)
 .data          0x100005d8        0x0 /opt/york/cs/net/sourcery-g++-lite-arm-eabi-2010.09.51-i686-1/arm-none-eabi/lib/thumb2/libc.a(lib_a-memset.o)
 .data          0x100005d8        0x0 /opt/york/cs/net/sourcery-g++-lite-arm-eabi-2010.09.51-i686-1/arm-none-eabi/lib/thumb2/libc.a(lib_a-reallocr.o)
 .data          0x100005d8        0x0 /opt/york/cs/net/sourcery-g++-lite-arm-eabi-2010.09.51-i686-1/bin/../lib/gcc/arm-none-eabi/4.5.1/thumb2/libgcc.a(_udivsi3.o)
 .data          0x100005d8        0x0 /opt/york/cs/net/sourcery-g++-lite-arm-eabi-2010.09.51-i686-1/bin/../lib/gcc/arm-none-eabi/4.5.1/thumb2/libgcc.a(_dvmd_tls.o)
 .data          0x100005d8        0x0 /opt/york/cs/net/sourcery-g++-lite-arm-eabi-2010.09.51-i686-1/bin/../lib/gcc/arm-none-eabi/4.5.1/thumb2/libgcc.a(_arm_addsubdf3.o)
 .data          0x100005d8        0x0 /opt/york/cs/net/sourcery-g++-lite-arm-eabi-2010.09.51-i686-1/bin/../lib/gcc/arm-none-eabi/4.5.1/thumb2/libgcc.a(_arm_muldivdf3.o)
 .data          0x100005d8        0x0 /opt/york/cs/net/sourcery-g++-lite-arm-eabi-2010.09.51-i686-1/bin/../lib/gcc/arm-none-eabi/4.5.1/thumb2/libgcc.a(_arm_cmpdf2.o)
 .data          0x100005d8        0x0 /opt/york/cs/net/sourcery-g++-lite-arm-eabi-2010.09.51-i686-1/bin/../lib/gcc/arm-none-eabi/4.5.1/thumb2/libgcc.a(_arm_fixdfsi.o)
 .data          0x100005d8        0x0 /opt/york/cs/net/sourcery-g++-lite-arm-eabi-2010.09.51-i686-1/bin/../lib/gcc/arm-none-eabi/4.5.1/thumb2/libgcc.a(_aeabi_uldivmod.o)
 .data          0x100005d8        0x0 /opt/york/cs/net/sourcery-g++-lite-arm-eabi-2010.09.51-i686-1/bin/../lib/gcc/arm-none-eabi/4.5.1/thumb2/libgcc.a(bpabi.o)
 .data          0x100005d8        0x0 /opt/york/cs/net/sourcery-g++-lite-arm-eabi-2010.09.51-i686-1/bin/../lib/gcc/arm-none-eabi/4.5.1/thumb2/libgcc.a(_divdi3.o)
 .data          0x100005d8        0x0 /opt/york/cs/net/sourcery-g++-lite-arm-eabi-2010.09.51-i686-1/bin/../lib/gcc/arm-none-eabi/4.5.1/thumb2/libgcc.a(_udivdi3.o)
 .data          0x100005d8        0x0 /opt/york/cs/net/sourcery-g++-lite-arm-eabi-2010.09.51-i686-1/arm-none-eabi/lib/thumb2/libm.a(lib_a-w_fmod.o)
 .data          0x100005d8        0x0 /opt/york/cs/net/sourcery-g++-lite-arm-eabi-2010.09.51-i686-1/arm-none-eabi/lib/thumb2/libm.a(lib_a-e_fmod.o)
 .data          0x100005d8        0x1 /opt/york/cs/net/sourcery-g++-lite-arm-eabi-2010.09.51-i686-1/arm-none-eabi/lib/thumb2/libm.a(lib_a-s_lib_ver.o)
                0x100005d8                __fdlib_version
 .data          0x100005d9        0x0 /opt/york/cs/net/sourcery-g++-lite-arm-eabi-2010.09.51-i686-1/arm-none-eabi/lib/thumb2/libm.a(lib_a-s_matherr.o)
 .data          0x100005d9        0x0 /opt/york/cs/net/sourcery-g++-lite-arm-eabi-2010.09.51-i686-1/arm-none-eabi/lib/thumb2/libc.a(lib_a-errno.o)
 .data          0x100005d9        0x0 /opt/york/cs/net/sourcery-g++-lite-arm-eabi-2010.09.51-i686-1/arm-none-eabi/lib/thumb2/libcs3.a(start_c.o)
 *fill*         0x100005d9        0x3 00
 .data          0x100005dc        0x4 /opt/york/cs/net/sourcery-g++-lite-arm-eabi-2010.09.51-i686-1/arm-none-eabi/lib/thumb2/libcs3unhosted.a(unhosted-sbrk.o)
 .data          0x100005e0        0x0 /opt/york/cs/net/sourcery-g++-lite-arm-eabi-2010.09.51-i686-1/arm-none-eabi/lib/thumb2/libcs3unhosted.a(unhosted-start.o)
 .data          0x100005e0        0x0 /opt/york/cs/net/sourcery-g++-lite-arm-eabi-2010.09.51-i686-1/arm-none-eabi/lib/thumb2/libc.a(lib_a-init.o)
 .data          0x100005e0        0x4 /opt/york/cs/net/sourcery-g++-lite-arm-eabi-2010.09.51-i686-1/arm-none-eabi/lib/thumb2/libcs3.a(heap.o)
                0x100005e0                __cs3_heap_limit
 .data          0x100005e4        0x0 /opt/york/cs/net/lpc1700-cmsis-lite-2011.01.26-i686-1/lib/libDriversLPC17xxgnu.a(lpc17xx_gpdma.o)
 .data.pGPDMACh
                0x100005e4       0x20 /opt/york/cs/net/lpc1700-cmsis-lite-2011.01.26-i686-1/lib/libDriversLPC17xxgnu.a(lpc17xx_gpdma.o)
                0x100005e4                pGPDMACh
 .data          0x10000604        0x0 /opt/york/cs/net/lpc1700-cmsis-lite-2011.01.26-i686-1/lib/libDriversLPC17xxgnu.a(lpc17xx_i2c.o)
 .data          0x10000604        0x0 /opt/york/cs/net/lpc1700-cmsis-lite-2011.01.26-i686-1/lib/libDriversLPC17xxgnu.a(lpc17xx_i2s.o)
 .data          0x10000604        0x0 /opt/york/cs/net/lpc1700-cmsis-lite-2011.01.26-i686-1/lib/libDriversLPC17xxgnu.a(lpc17xx_libcfg_default.o)
 .data          0x10000604        0x0 /opt/york/cs/net/lpc1700-cmsis-lite-2011.01.26-i686-1/lib/libDriversLPC17xxgnu.a(lpc17xx_pinsel.o)
 .data          0x10000604        0x0 /opt/york/cs/net/lpc1700-cmsis-lite-2011.01.26-i686-1/lib/libDriversLPC17xxgnu.a(lpc17xx_uart.o)
 .data          0x10000604        0x0 /opt/york/cs/net/lpc1700-cmsis-lite-2011.01.26-i686-1/lib/libDriversLPC17xxgnu.a(lpc17xx_clkpwr.o)
 .data          0x10000604        0x0 /opt/york/cs/net/sourcery-g++-lite-arm-eabi-2010.09.51-i686-1/bin/../lib/gcc/arm-none-eabi/4.5.1/thumb2/crtend.o
 .data          0x10000604        0x0 /opt/york/cs/net/sourcery-g++-lite-arm-eabi-2010.09.51-i686-1/bin/../lib/gcc/arm-none-eabi/4.5.1/thumb2/crtn.o
 *(.ram)
                0x10000608                . = ALIGN (0x8)
 *fill*         0x10000604        0x4 00
                0x10000608                _edata = .

.bss            0x10000608      0x530 load address 0x000148e0
 *(.shbss)
 *(.bss .bss.* .gnu.linkonce.b.*)
 .bss           0x10000608        0x0 /opt/york/cs/net/sourcery-g++-lite-arm-eabi-2010.09.51-i686-1/bin/../lib/gcc/arm-none-eabi/4.5.1/thumb2/crti.o
 .bss           0x10000608        0x1 /opt/york/cs/net/sourcery-g++-lite-arm-eabi-2010.09.51-i686-1/bin/../lib/gcc/arm-none-eabi/4.5.1/thumb2/crtbegin.o
 .bss           0x10000609        0x0 main.o
 *fill*         0x10000609        0x3 00
 .bss.i2s_Interrupt_Mode
                0x1000060c        0x4 main.o
                0x1000060c                i2s_Interrupt_Mode
 .bss           0x10000610        0x0 source/i2s_polling.o
 .bss           0x10000610        0x0 source/KeyAccess.o
 .bss           0x10000610        0x0 source/LCD.o
 .bss           0x10000610        0x0 source/i2s.o
 .bss           0x10000610        0x0 source/TLV320.o
 .bss           0x10000610        0x0 source/Delay.o
 .bss           0x10000610        0x0 source/SerialIO.o
 .bss           0x10000610        0x0 source/I2C.o
 .bss           0x10000610        0x0 source/FatFS/ff.o
 .bss.FatFs     0x10000610        0x4 source/FatFS/ff.o
 .bss.Fsid      0x10000614        0x2 source/FatFS/ff.o
 .bss.CurrVol   0x10000616        0x1 source/FatFS/ff.o
 .bss           0x10000617        0x0 source/FatFS/ffunicode.o
 .bss           0x10000617        0x0 source/FatFS/mmc_176x_ssp.o
 *fill*         0x10000617        0x1 00
 .bss.Timer1    0x10000618        0x4 source/FatFS/mmc_176x_ssp.o
 .bss.Timer2    0x1000061c        0x4 source/FatFS/mmc_176x_ssp.o
 .bss.CardType  0x10000620        0x1 source/FatFS/mmc_176x_ssp.o
 .bss           0x10000621        0x0 source/FatFS/diskio.o
 .bss           0x10000621        0x0 /opt/york/cs/net/lpc1700-cmsis-lite-2011.01.26-i686-1/lib/core_cm3.o
 .bss           0x10000621        0x0 /opt/york/cs/net/lpc1700-cmsis-lite-2011.01.26-i686-1/lib/system_LPC17xx.o
 .bss           0x10000621        0x0 /opt/york/cs/net/lpc1700-cmsis-lite-2011.01.26-i686-1/lib/startup_LPC17xx.o
 .bss           0x10000621        0x0 /opt/york/cs/net/sourcery-g++-lite-arm-eabi-2010.09.51-i686-1/arm-none-eabi/lib/thumb2/libc.a(lib_a-malloc.o)
 *fill*         0x10000621        0x3 00
 .bss           0x10000624       0x34 /opt/york/cs/net/sourcery-g++-lite-arm-eabi-2010.09.51-i686-1/arm-none-eabi/lib/thumb2/libc.a(lib_a-mallocr.o)
                0x10000624                __malloc_top_pad
                0x10000628                __malloc_current_mallinfo
                0x10000650                __malloc_max_sbrked_mem
                0x10000654                __malloc_max_total_mem
 .bss           0x10000658        0x0 /opt/york/cs/net/sourcery-g++-lite-arm-eabi-2010.09.51-i686-1/arm-none-eabi/lib/thumb2/libc.a(lib_a-mlock.o)
 .bss           0x10000658        0x0 /opt/york/cs/net/sourcery-g++-lite-arm-eabi-2010.09.51-i686-1/arm-none-eabi/lib/thumb2/libc.a(lib_a-sbrkr.o)
 .bss           0x10000658        0x0 /opt/york/cs/net/sourcery-g++-lite-arm-eabi-2010.09.51-i686-1/arm-none-eabi/lib/thumb2/libc.a(lib_a-sprintf.o)
 .bss           0x10000658        0x0 /opt/york/cs/net/sourcery-g++-lite-arm-eabi-2010.09.51-i686-1/arm-none-eabi/lib/thumb2/libc.a(lib_a-strlen.o)
 .bss           0x10000658        0x0 /opt/york/cs/net/sourcery-g++-lite-arm-eabi-2010.09.51-i686-1/arm-none-eabi/lib/thumb2/libc.a(lib_a-svfprintf.o)
 .bss           0x10000658        0x0 /opt/york/cs/net/sourcery-g++-lite-arm-eabi-2010.09.51-i686-1/arm-none-eabi/lib/thumb2/libc.a(lib_a-dtoa.o)
 .bss           0x10000658        0x0 /opt/york/cs/net/sourcery-g++-lite-arm-eabi-2010.09.51-i686-1/arm-none-eabi/lib/thumb2/libc.a(lib_a-freer.o)
 .bss           0x10000658        0x0 /opt/york/cs/net/sourcery-g++-lite-arm-eabi-2010.09.51-i686-1/arm-none-eabi/lib/thumb2/libc.a(lib_a-impure.o)
 .bss           0x10000658        0xc /opt/york/cs/net/sourcery-g++-lite-arm-eabi-2010.09.51-i686-1/arm-none-eabi/lib/thumb2/libc.a(lib_a-locale.o)
                0x10000658                __nlocale_changed
                0x1000065c                __mlocale_changed
                0x10000660                _PathLocale
 .bss           0x10000664        0x0 /opt/york/cs/net/sourcery-g++-lite-arm-eabi-2010.09.51-i686-1/arm-none-eabi/lib/thumb2/libc.a(lib_a-memchr.o)
 .bss           0x10000664        0x0 /opt/york/cs/net/sourcery-g++-lite-arm-eabi-2010.09.51-i686-1/arm-none-eabi/lib/thumb2/libc.a(lib_a-memcpy.o)
 .bss           0x10000664        0x0 /opt/york/cs/net/sourcery-g++-lite-arm-eabi-2010.09.51-i686-1/arm-none-eabi/lib/thumb2/libc.a(lib_a-mprec.o)
 .bss           0x10000664        0x0 /opt/york/cs/net/sourcery-g++-lite-arm-eabi-2010.09.51-i686-1/arm-none-eabi/lib/thumb2/libc.a(lib_a-reent.o)
 .bss           0x10000664        0x0 /opt/york/cs/net/sourcery-g++-lite-arm-eabi-2010.09.51-i686-1/arm-none-eabi/lib/thumb2/libc.a(lib_a-s_fpclassify.o)
 .bss           0x10000664        0x0 /opt/york/cs/net/sourcery-g++-lite-arm-eabi-2010.09.51-i686-1/arm-none-eabi/lib/thumb2/libc.a(lib_a-strcmp.o)
 .bss           0x10000664        0x0 /opt/york/cs/net/sourcery-g++-lite-arm-eabi-2010.09.51-i686-1/arm-none-eabi/lib/thumb2/libc.a(lib_a-svfiprintf.o)
 .bss           0x10000664        0x0 /opt/york/cs/net/sourcery-g++-lite-arm-eabi-2010.09.51-i686-1/arm-none-eabi/lib/thumb2/libc.a(lib_a-callocr.o)
 .bss           0x10000664        0x0 /opt/york/cs/net/sourcery-g++-lite-arm-eabi-2010.09.51-i686-1/arm-none-eabi/lib/thumb2/libc.a(lib_a-memmove.o)
 .bss           0x10000664        0x0 /opt/york/cs/net/sourcery-g++-lite-arm-eabi-2010.09.51-i686-1/arm-none-eabi/lib/thumb2/libc.a(lib_a-memset.o)
 .bss           0x10000664        0x0 /opt/york/cs/net/sourcery-g++-lite-arm-eabi-2010.09.51-i686-1/arm-none-eabi/lib/thumb2/libc.a(lib_a-reallocr.o)
 .bss           0x10000664        0x0 /opt/york/cs/net/sourcery-g++-lite-arm-eabi-2010.09.51-i686-1/bin/../lib/gcc/arm-none-eabi/4.5.1/thumb2/libgcc.a(_udivsi3.o)
 .bss           0x10000664        0x0 /opt/york/cs/net/sourcery-g++-lite-arm-eabi-2010.09.51-i686-1/bin/../lib/gcc/arm-none-eabi/4.5.1/thumb2/libgcc.a(_dvmd_tls.o)
 .bss           0x10000664        0x0 /opt/york/cs/net/sourcery-g++-lite-arm-eabi-2010.09.51-i686-1/bin/../lib/gcc/arm-none-eabi/4.5.1/thumb2/libgcc.a(_arm_addsubdf3.o)
 .bss           0x10000664        0x0 /opt/york/cs/net/sourcery-g++-lite-arm-eabi-2010.09.51-i686-1/bin/../lib/gcc/arm-none-eabi/4.5.1/thumb2/libgcc.a(_arm_muldivdf3.o)
 .bss           0x10000664        0x0 /opt/york/cs/net/sourcery-g++-lite-arm-eabi-2010.09.51-i686-1/bin/../lib/gcc/arm-none-eabi/4.5.1/thumb2/libgcc.a(_arm_cmpdf2.o)
 .bss           0x10000664        0x0 /opt/york/cs/net/sourcery-g++-lite-arm-eabi-2010.09.51-i686-1/bin/../lib/gcc/arm-none-eabi/4.5.1/thumb2/libgcc.a(_arm_fixdfsi.o)
 .bss           0x10000664        0x0 /opt/york/cs/net/sourcery-g++-lite-arm-eabi-2010.09.51-i686-1/bin/../lib/gcc/arm-none-eabi/4.5.1/thumb2/libgcc.a(_aeabi_uldivmod.o)
 .bss           0x10000664        0x0 /opt/york/cs/net/sourcery-g++-lite-arm-eabi-2010.09.51-i686-1/bin/../lib/gcc/arm-none-eabi/4.5.1/thumb2/libgcc.a(bpabi.o)
 .bss           0x10000664        0x0 /opt/york/cs/net/sourcery-g++-lite-arm-eabi-2010.09.51-i686-1/bin/../lib/gcc/arm-none-eabi/4.5.1/thumb2/libgcc.a(_divdi3.o)
 .bss           0x10000664        0x0 /opt/york/cs/net/sourcery-g++-lite-arm-eabi-2010.09.51-i686-1/bin/../lib/gcc/arm-none-eabi/4.5.1/thumb2/libgcc.a(_udivdi3.o)
 .bss           0x10000664        0x0 /opt/york/cs/net/sourcery-g++-lite-arm-eabi-2010.09.51-i686-1/arm-none-eabi/lib/thumb2/libm.a(lib_a-w_fmod.o)
 .bss           0x10000664        0x0 /opt/york/cs/net/sourcery-g++-lite-arm-eabi-2010.09.51-i686-1/arm-none-eabi/lib/thumb2/libm.a(lib_a-e_fmod.o)
 .bss           0x10000664        0x0 /opt/york/cs/net/sourcery-g++-lite-arm-eabi-2010.09.51-i686-1/arm-none-eabi/lib/thumb2/libm.a(lib_a-s_lib_ver.o)
 .bss           0x10000664        0x0 /opt/york/cs/net/sourcery-g++-lite-arm-eabi-2010.09.51-i686-1/arm-none-eabi/lib/thumb2/libm.a(lib_a-s_matherr.o)
 .bss           0x10000664        0x0 /opt/york/cs/net/sourcery-g++-lite-arm-eabi-2010.09.51-i686-1/arm-none-eabi/lib/thumb2/libc.a(lib_a-errno.o)
 .bss           0x10000664        0x0 /opt/york/cs/net/sourcery-g++-lite-arm-eabi-2010.09.51-i686-1/arm-none-eabi/lib/thumb2/libcs3.a(start_c.o)
 .bss           0x10000664        0x0 /opt/york/cs/net/sourcery-g++-lite-arm-eabi-2010.09.51-i686-1/arm-none-eabi/lib/thumb2/libcs3unhosted.a(unhosted-sbrk.o)
 .bss           0x10000664        0x0 /opt/york/cs/net/sourcery-g++-lite-arm-eabi-2010.09.51-i686-1/arm-none-eabi/lib/thumb2/libcs3unhosted.a(unhosted-start.o)
 .bss           0x10000664        0x0 /opt/york/cs/net/sourcery-g++-lite-arm-eabi-2010.09.51-i686-1/arm-none-eabi/lib/thumb2/libc.a(lib_a-init.o)
 .bss           0x10000664        0x0 /opt/york/cs/net/sourcery-g++-lite-arm-eabi-2010.09.51-i686-1/arm-none-eabi/lib/thumb2/libcs3.a(heap.o)
 .bss           0x10000664        0x0 /opt/york/cs/net/lpc1700-cmsis-lite-2011.01.26-i686-1/lib/libDriversLPC17xxgnu.a(lpc17xx_gpdma.o)
 .bss           0x10000664        0x0 /opt/york/cs/net/lpc1700-cmsis-lite-2011.01.26-i686-1/lib/libDriversLPC17xxgnu.a(lpc17xx_i2c.o)
 .bss.i2cdat    0x10000664       0x18 /opt/york/cs/net/lpc1700-cmsis-lite-2011.01.26-i686-1/lib/libDriversLPC17xxgnu.a(lpc17xx_i2c.o)
 .bss.I2C_MasterComplete
                0x1000067c        0xc /opt/york/cs/net/lpc1700-cmsis-lite-2011.01.26-i686-1/lib/libDriversLPC17xxgnu.a(lpc17xx_i2c.o)
 .bss.I2C_SlaveComplete
                0x10000688        0xc /opt/york/cs/net/lpc1700-cmsis-lite-2011.01.26-i686-1/lib/libDriversLPC17xxgnu.a(lpc17xx_i2c.o)
 .bss.I2C_MonitorBufferIndex
                0x10000694        0x4 /opt/york/cs/net/lpc1700-cmsis-lite-2011.01.26-i686-1/lib/libDriversLPC17xxgnu.a(lpc17xx_i2c.o)
 .bss           0x10000698        0x0 /opt/york/cs/net/lpc1700-cmsis-lite-2011.01.26-i686-1/lib/libDriversLPC17xxgnu.a(lpc17xx_i2s.o)
 .bss           0x10000698        0x0 /opt/york/cs/net/lpc1700-cmsis-lite-2011.01.26-i686-1/lib/libDriversLPC17xxgnu.a(lpc17xx_libcfg_default.o)
 .bss           0x10000698        0x0 /opt/york/cs/net/lpc1700-cmsis-lite-2011.01.26-i686-1/lib/libDriversLPC17xxgnu.a(lpc17xx_pinsel.o)
 .bss           0x10000698        0x0 /opt/york/cs/net/lpc1700-cmsis-lite-2011.01.26-i686-1/lib/libDriversLPC17xxgnu.a(lpc17xx_uart.o)
 .bss           0x10000698        0x0 /opt/york/cs/net/lpc1700-cmsis-lite-2011.01.26-i686-1/lib/libDriversLPC17xxgnu.a(lpc17xx_clkpwr.o)
 .bss           0x10000698        0x0 /opt/york/cs/net/sourcery-g++-lite-arm-eabi-2010.09.51-i686-1/bin/../lib/gcc/arm-none-eabi/4.5.1/thumb2/crtend.o
 .bss           0x10000698        0x0 /opt/york/cs/net/sourcery-g++-lite-arm-eabi-2010.09.51-i686-1/bin/../lib/gcc/arm-none-eabi/4.5.1/thumb2/crtn.o
 *(COMMON)
 COMMON         0x10000698      0x484 main.o
                0x10000698                Channel1_TC
                0x1000069c                BufferIn
                0x100006a0                WriteInd
                0x100006a4                Channel0_TC
                0x100006a8                SelMenuItem
                0x100006ac                FatFs
                0x100008e0                rbuf
                0x10000af0                ReadInd
                0x10000af4                BufferOut
                0x10000af8                buttonpress
                0x10000afc                Channel0_Err
                0x10000b00                buffer
                0x10000b04                Counter
                0x10000b08                Channel1_Err
                0x10000b0c                prevKey
                0x10000b10                quotient
                0x10000b14                key
                0x10000b15                TxIntStat
                0x10000b18                Audio_buf
 COMMON         0x10000b1c       0x10 source/i2s_polling.o
                0x10000b1c                counter1
                0x10000b20                extra_inc
                0x10000b24                county2
                0x10000b28                county
 COMMON         0x10000b2c        0x8 source/i2s.o
                0x10000b2c                ENAOUT
                0x10000b30                ENAINP
 COMMON         0x10000b34        0x4 /opt/york/cs/net/sourcery-g++-lite-arm-eabi-2010.09.51-i686-1/arm-none-eabi/lib/thumb2/libc.a(lib_a-reent.o)
                0x10000b34                errno
 *(.ram.b)
                0x10000b38                . = ALIGN (0x8)
                0x10000b38                _end = .
                0x10000b38                __end = .

.usb_ram
 *.o(USB_RAM)

.heap           0x10000b38     0x1000
 *(.heap)
 .heap          0x10000b38     0x1000 /opt/york/cs/net/lpc1700-cmsis-lite-2011.01.26-i686-1/lib/startup_LPC17xx.o
                0x10000b38                __cs3_heap_start
                0x10001b38                __cs3_heap_end

.stack          0x10007f00      0x100
 *(.stack)
 .stack         0x10007f00      0x100 /opt/york/cs/net/lpc1700-cmsis-lite-2011.01.26-i686-1/lib/startup_LPC17xx.o
                0x10007f00                __cs3_stack_mem
                0x10008000                _estack = .
                0x10008000                PROVIDE (estack, .)
                0x000142d8                __cs3_region_init_ram = LOADADDR (.data)
                0x00000608                __cs3_region_init_size_ram = (_edata - __cs3_region_start_ram)
                0x00000530                __cs3_region_zero_size_ram = (_end - _edata)
                0x00008000                __cs3_region_size_ram = 0x8000
                0x00000001                __cs3_region_num = 0x1

.stab
 *(.stab)

.stabstr
 *(.stabstr)

.debug
 *(.debug)

.line
 *(.line)

.debug_srcinfo
 *(.debug_srcinfo)

.debug_sfnames
 *(.debug_sfnames)

.comment        0x00000000       0x2a
 .comment       0x00000000       0x2a main.o
                                 0x2b (size before relaxing)
 .comment       0x00000000       0x2b source/i2s_polling.o
 .comment       0x00000000       0x2b source/KeyAccess.o
 .comment       0x00000000       0x2b source/LCD.o
 .comment       0x00000000       0x2b source/i2s.o
 .comment       0x00000000       0x2b source/TLV320.o
 .comment       0x00000000       0x2b source/Delay.o
 .comment       0x00000000       0x2b source/SerialIO.o
 .comment       0x00000000       0x2b source/I2C.o
 .comment       0x00000000       0x2b source/FatFS/ff.o
 .comment       0x00000000       0x2b source/FatFS/ffunicode.o
 .comment       0x00000000       0x2b source/FatFS/mmc_176x_ssp.o
 .comment       0x00000000       0x2b source/FatFS/diskio.o
 .comment       0x00000000       0x2b /opt/york/cs/net/lpc1700-cmsis-lite-2011.01.26-i686-1/lib/core_cm3.o
 .comment       0x00000000       0x2b /opt/york/cs/net/lpc1700-cmsis-lite-2011.01.26-i686-1/lib/system_LPC17xx.o
 .comment       0x00000000       0x2b /opt/york/cs/net/lpc1700-cmsis-lite-2011.01.26-i686-1/lib/libDriversLPC17xxgnu.a(lpc17xx_gpdma.o)
 .comment       0x00000000       0x2b /opt/york/cs/net/lpc1700-cmsis-lite-2011.01.26-i686-1/lib/libDriversLPC17xxgnu.a(lpc17xx_i2c.o)
 .comment       0x00000000       0x2b /opt/york/cs/net/lpc1700-cmsis-lite-2011.01.26-i686-1/lib/libDriversLPC17xxgnu.a(lpc17xx_i2s.o)
 .comment       0x00000000       0x2b /opt/york/cs/net/lpc1700-cmsis-lite-2011.01.26-i686-1/lib/libDriversLPC17xxgnu.a(lpc17xx_libcfg_default.o)
 .comment       0x00000000       0x2b /opt/york/cs/net/lpc1700-cmsis-lite-2011.01.26-i686-1/lib/libDriversLPC17xxgnu.a(lpc17xx_pinsel.o)
 .comment       0x00000000       0x2b /opt/york/cs/net/lpc1700-cmsis-lite-2011.01.26-i686-1/lib/libDriversLPC17xxgnu.a(lpc17xx_uart.o)
 .comment       0x00000000       0x2b /opt/york/cs/net/lpc1700-cmsis-lite-2011.01.26-i686-1/lib/libDriversLPC17xxgnu.a(lpc17xx_clkpwr.o)

.debug_aranges  0x00000000      0xa28
 *(.debug_aranges)
 .debug_aranges
                0x00000000       0x98 main.o
 .debug_aranges
                0x00000098       0x48 source/i2s_polling.o
 .debug_aranges
                0x000000e0       0x30 source/KeyAccess.o
 .debug_aranges
                0x00000110       0x78 source/LCD.o
 .debug_aranges
                0x00000188       0x78 source/i2s.o
 .debug_aranges