Archive member included because of file (symbol)

/opt/york/cs/net/sourcery-g++-lite-arm-eabi-2010.09.51-i686-1/arm-none-eabi/lib/thumb2/libc.a(lib_a-atoi.o)
                              main.o (atoi)
/opt/york/cs/net/sourcery-g++-lite-arm-eabi-2010.09.51-i686-1/arm-none-eabi/lib/thumb2/libc.a(lib_a-calloc.o)
                              source/SD.o (calloc)
/opt/york/cs/net/sourcery-g++-lite-arm-eabi-2010.09.51-i686-1/arm-none-eabi/lib/thumb2/libc.a(lib_a-callocr.o)
                              /opt/york/cs/net/sourcery-g++-lite-arm-eabi-2010.09.51-i686-1/arm-none-eabi/lib/thumb2/libc.a(lib_a-calloc.o) (_calloc_r)
/opt/york/cs/net/sourcery-g++-lite-arm-eabi-2010.09.51-i686-1/arm-none-eabi/lib/thumb2/libc.a(lib_a-impure.o)
                              /opt/york/cs/net/sourcery-g++-lite-arm-eabi-2010.09.51-i686-1/arm-none-eabi/lib/thumb2/libc.a(lib_a-calloc.o) (_impure_ptr)
/opt/york/cs/net/sourcery-g++-lite-arm-eabi-2010.09.51-i686-1/arm-none-eabi/lib/thumb2/libc.a(lib_a-malloc.o)
                              source/Wave.o (malloc)
/opt/york/cs/net/sourcery-g++-lite-arm-eabi-2010.09.51-i686-1/arm-none-eabi/lib/thumb2/libc.a(lib_a-mallocr.o)
                              /opt/york/cs/net/sourcery-g++-lite-arm-eabi-2010.09.51-i686-1/arm-none-eabi/lib/thumb2/libc.a(lib_a-callocr.o) (_malloc_r)
/opt/york/cs/net/sourcery-g++-lite-arm-eabi-2010.09.51-i686-1/arm-none-eabi/lib/thumb2/libc.a(lib_a-memcpy.o)
                              main.o (memcpy)
/opt/york/cs/net/sourcery-g++-lite-arm-eabi-2010.09.51-i686-1/arm-none-eabi/lib/thumb2/libc.a(lib_a-memset.o)
                              main.o (memset)
/opt/york/cs/net/sourcery-g++-lite-arm-eabi-2010.09.51-i686-1/arm-none-eabi/lib/thumb2/libc.a(lib_a-mlock.o)
                              /opt/york/cs/net/sourcery-g++-lite-arm-eabi-2010.09.51-i686-1/arm-none-eabi/lib/thumb2/libc.a(lib_a-mallocr.o) (__malloc_lock)
/opt/york/cs/net/sourcery-g++-lite-arm-eabi-2010.09.51-i686-1/arm-none-eabi/lib/thumb2/libc.a(lib_a-sbrkr.o)
                              /opt/york/cs/net/sourcery-g++-lite-arm-eabi-2010.09.51-i686-1/arm-none-eabi/lib/thumb2/libc.a(lib_a-mallocr.o) (_sbrk_r)
/opt/york/cs/net/sourcery-g++-lite-arm-eabi-2010.09.51-i686-1/arm-none-eabi/lib/thumb2/libc.a(lib_a-sprintf.o)
                              main.o (sprintf)
/opt/york/cs/net/sourcery-g++-lite-arm-eabi-2010.09.51-i686-1/arm-none-eabi/lib/thumb2/libc.a(lib_a-strchr.o)
                              main.o (strchr)
/opt/york/cs/net/sourcery-g++-lite-arm-eabi-2010.09.51-i686-1/arm-none-eabi/lib/thumb2/libc.a(lib_a-strcpy.o)
                              source/SD.o (strcpy)
/opt/york/cs/net/sourcery-g++-lite-arm-eabi-2010.09.51-i686-1/arm-none-eabi/lib/thumb2/libc.a(lib_a-strlen.o)
                              main.o (strlen)
/opt/york/cs/net/sourcery-g++-lite-arm-eabi-2010.09.51-i686-1/arm-none-eabi/lib/thumb2/libc.a(lib_a-strncmp.o)
                              source/Wave.o (strncmp)
/opt/york/cs/net/sourcery-g++-lite-arm-eabi-2010.09.51-i686-1/arm-none-eabi/lib/thumb2/libc.a(lib_a-strncpy.o)
                              source/SerialIO.o (strncpy)
/opt/york/cs/net/sourcery-g++-lite-arm-eabi-2010.09.51-i686-1/arm-none-eabi/lib/thumb2/libc.a(lib_a-strtol.o)
                              /opt/york/cs/net/sourcery-g++-lite-arm-eabi-2010.09.51-i686-1/arm-none-eabi/lib/thumb2/libc.a(lib_a-atoi.o) (_strtol_r)
/opt/york/cs/net/sourcery-g++-lite-arm-eabi-2010.09.51-i686-1/arm-none-eabi/lib/thumb2/libc.a(lib_a-svfprintf.o)
                              /opt/york/cs/net/sourcery-g++-lite-arm-eabi-2010.09.51-i686-1/arm-none-eabi/lib/thumb2/libc.a(lib_a-sprintf.o) (_svfprintf_r)
/opt/york/cs/net/sourcery-g++-lite-arm-eabi-2010.09.51-i686-1/arm-none-eabi/lib/thumb2/libc.a(lib_a-ctype_.o)
                              /opt/york/cs/net/sourcery-g++-lite-arm-eabi-2010.09.51-i686-1/arm-none-eabi/lib/thumb2/libc.a(lib_a-strtol.o) (__ctype_ptr__)
/opt/york/cs/net/sourcery-g++-lite-arm-eabi-2010.09.51-i686-1/arm-none-eabi/lib/thumb2/libc.a(lib_a-dtoa.o)
                              /opt/york/cs/net/sourcery-g++-lite-arm-eabi-2010.09.51-i686-1/arm-none-eabi/lib/thumb2/libc.a(lib_a-svfprintf.o) (_dtoa_r)
/opt/york/cs/net/sourcery-g++-lite-arm-eabi-2010.09.51-i686-1/arm-none-eabi/lib/thumb2/libc.a(lib_a-freer.o)
                              /opt/york/cs/net/sourcery-g++-lite-arm-eabi-2010.09.51-i686-1/arm-none-eabi/lib/thumb2/libc.a(lib_a-malloc.o) (_free_r)
/opt/york/cs/net/sourcery-g++-lite-arm-eabi-2010.09.51-i686-1/arm-none-eabi/lib/thumb2/libc.a(lib_a-locale.o)
                              /opt/york/cs/net/sourcery-g++-lite-arm-eabi-2010.09.51-i686-1/arm-none-eabi/lib/thumb2/libc.a(lib_a-svfprintf.o) (_localeconv_r)
/opt/york/cs/net/sourcery-g++-lite-arm-eabi-2010.09.51-i686-1/arm-none-eabi/lib/thumb2/libc.a(lib_a-memchr.o)
                              /opt/york/cs/net/sourcery-g++-lite-arm-eabi-2010.09.51-i686-1/arm-none-eabi/lib/thumb2/libc.a(lib_a-svfprintf.o) (memchr)
[...]
Memory Configuration

Name             Origin             Length             Attributes
rom              0x00000000         0x00080000         xr
ram              0x10000000         0x00008000         xrw
ram1             0x2007c000         0x00004000         xrw
ram2             0x20080000         0x00004000         xrw
*default*        0x00000000         0xffffffff

Linker script and memory map

LOAD /opt/york/cs/net/sourcery-g++-lite-arm-eabi-2010.09.51-i686-1/bin/../lib/gcc/arm-none-eabi/4.5.1/thumb2/crti.o
LOAD /opt/york/cs/net/sourcery-g++-lite-arm-eabi-2010.09.51-i686-1/bin/../lib/gcc/arm-none-eabi/4.5.1/thumb2/crtbegin.o
LOAD main.o
LOAD source/KeyAccess.o
LOAD source/LCD.o
LOAD source/i2s.o
LOAD source/Wave.o
LOAD source/Delay.o
LOAD source/SerialIO.o
LOAD source/interrupt_handlers.o
LOAD source/I2C.o
LOAD source/SD.o
LOAD source/TLV320.o
LOAD source/FatFS/ff.o
LOAD source/FatFS/spi.o
LOAD source/FatFS/mmc_176x_ssp.o
LOAD source/FatFS/mmc.o
LOAD source/FatFS/diskio.o
LOAD /opt/york/cs/net/lpc1700-cmsis-lite-2011.01.26-i686-1/lib/core_cm3.o
LOAD /opt/york/cs/net/lpc1700-cmsis-lite-2011.01.26-i686-1/lib/system_LPC17xx.o
LOAD /opt/york/cs/net/lpc1700-cmsis-lite-2011.01.26-i686-1/lib/startup_LPC17xx.o
START GROUP
LOAD /opt/york/cs/net/sourcery-g++-lite-arm-eabi-2010.09.51-i686-1/arm-none-eabi/lib/thumb2/libc.a
LOAD /opt/york/cs/net/sourcery-g++-lite-arm-eabi-2010.09.51-i686-1/arm-none-eabi/lib/thumb2/libg.a
LOAD /opt/york/cs/net/sourcery-g++-lite-arm-eabi-2010.09.51-i686-1/arm-none-eabi/lib/thumb2/libstdc++.a
LOAD /opt/york/cs/net/sourcery-g++-lite-arm-eabi-2010.09.51-i686-1/arm-none-eabi/lib/thumb2/libsupc++.a
LOAD /opt/york/cs/net/sourcery-g++-lite-arm-eabi-2010.09.51-i686-1/bin/../lib/gcc/arm-none-eabi/4.5.1/thumb2/libgcc.a
LOAD /opt/york/cs/net/sourcery-g++-lite-arm-eabi-2010.09.51-i686-1/arm-none-eabi/lib/thumb2/libm.a
END GROUP
START GROUP
LOAD /opt/york/cs/net/sourcery-g++-lite-arm-eabi-2010.09.51-i686-1/bin/../lib/gcc/arm-none-eabi/4.5.1/thumb2/libgcc.a
LOAD /opt/york/cs/net/sourcery-g++-lite-arm-eabi-2010.09.51-i686-1/arm-none-eabi/lib/thumb2/libc.a
LOAD /opt/york/cs/net/sourcery-g++-lite-arm-eabi-2010.09.51-i686-1/arm-none-eabi/lib/thumb2/libcs3.a
LOAD /opt/york/cs/net/sourcery-g++-lite-arm-eabi-2010.09.51-i686-1/arm-none-eabi/lib/thumb2/libcs3unhosted.a
LOAD /opt/york/cs/net/sourcery-g++-lite-arm-eabi-2010.09.51-i686-1/arm-none-eabi/lib/thumb2/libcs3micro.a
END GROUP
                0x10008000                PROVIDE (__cs3_stack, (__cs3_region_start_ram + __cs3_region_size_ram))
                0x00006de0                PROVIDE (__cs3_stack_size, ((__cs3_region_start_ram + __cs3_region_size_ram) - _end))
                0x10001220                PROVIDE (__cs3_heap_start, _end)
                0x10008000                PROVIDE (__cs3_heap_end, (__cs3_region_start_ram + __cs3_region_size_ram))

.text           0x00000000    0x17c74
 CREATE_OBJECT_SYMBOLS
                0x00000000                __cs3_region_start_rom = .
 *(.cs3.region-head.rom)
                0x00000000                __cs3_interrupt_vector = __cs3_interrupt_vector_cortex_m
 *(.cs3.interrupt_vector)
 .cs3.interrupt_vector
                0x00000000       0xcc /opt/york/cs/net/lpc1700-cmsis-lite-2011.01.26-i686-1/lib/startup_LPC17xx.o
                0x00000000                __cs3_interrupt_vector_cortex_m
                0x00000001                ASSERT ((. != __cs3_interrupt_vector_cortex_m), No interrupt vector)
 *(.rom)
 *(.rom.b)
                0x000000cc                __cs3_reset = __cs3_reset_cortex_m
 *(.cs3.reset)
 .cs3.reset     0x000000cc       0x10 /opt/york/cs/net/lpc1700-cmsis-lite-2011.01.26-i686-1/lib/startup_LPC17xx.o
                0x000000cc                __cs3_reset_cortex_m
                0x00000001                ASSERT ((. != __cs3_reset), No reset code)
 *(.text .text.* .gnu.linkonce.t.*)
 .text          0x000000dc        0x0 /opt/york/cs/net/sourcery-g++-lite-arm-eabi-2010.09.51-i686-1/bin/../lib/gcc/arm-none-eabi/4.5.1/thumb2/crti.o
 .text          0x000000dc       0x30 /opt/york/cs/net/sourcery-g++-lite-arm-eabi-2010.09.51-i686-1/bin/../lib/gcc/arm-none-eabi/4.5.1/thumb2/crtbegin.o
 .text          0x0000010c        0x0 main.o
 .text.NVIC_EnableIRQ
                0x0000010c       0x38 main.o
 .text.NVIC_DisableIRQ
                0x00000144       0x3c main.o
 .text.NVIC_SetPriority
                0x00000180       0x5c main.o
 .text.get_fattime
                0x000001dc       0x10 main.o
                0x000001dc                get_fattime
 .text.EINT3_IRQHandler
                0x000001ec       0xd0 main.o
                0x000001ec                EINT3_IRQHandler
 .text.IRQInit  0x000002bc       0xd8 main.o
                0x000002bc                IRQInit
 .text.DrawMenu
                0x00000394       0xf4 main.o
                0x00000394                DrawMenu
 .text.Menu     0x00000488      0x254 main.o
                0x00000488                Menu
 .text.I2S_PassThroughLoop
                0x000006dc       0x8c main.o
                0x000006dc                I2S_PassThroughLoop
 .text.I2S_PassThroughInterrupt
                0x00000768       0xa0 main.o
                0x00000768                I2S_PassThroughInterrupt
 .text.FileInfo
                0x00000808      0x170 main.o
                0x00000808                FileInfo
 .text.NewFileSelection
                0x00000978       0xc0 main.o
                0x00000978                NewFileSelection
 .text.FileSelection
                0x00000a38      0x1a0 main.o
                0x00000a38                FileSelection
 .text.PassThroughLoop
                0x00000bd8       0x3c main.o
                0x00000bd8                PassThroughLoop
 .text.Play_Audio
                0x00000c14       0x80 main.o
                0x00000c14                Play_Audio
 .text.Play     0x00000c94       0xb4 main.o
                0x00000c94                Play
 .text.UART_Mode
                0x00000d48       0x98 main.o
                0x00000d48                UART_Mode
 .text.FatRead  0x00000de0      0x184 main.o
                0x00000de0                FatRead
 .text.PC_Mode  0x00000f64      0x3c4 main.o
                0x00000f64                PC_Mode
 .text.bytesToUInt32
                0x00001328       0x2c main.o
                0x00001328                bytesToUInt32
 .text.main     0x00001354       0x3c main.o
                0x00001354                main
 .text.temp     0x00001390       0x18 main.o
                0x00001390                temp
 .text.strreplace
                0x000013a8       0x50 main.o
                0x000013a8                strreplace
 .text.SelectOne
                0x000013f8      0x1c0 main.o
                0x000013f8                SelectOne
 .text.A2       0x000015b8       0x94 main.o
                0x000015b8                A2
 .text.A1       0x0000164c       0xac main.o
                0x0000164c                A1
 .text.A3       0x000016f8        0xc main.o
                0x000016f8                A3
 .text.A4       0x00001704        0xc main.o
                0x00001704                A4
 .text.TextEntry
                0x00001710       0x98 main.o
                0x00001710                TextEntry
 .text          0x000017a8        0x0 source/KeyAccess.o
 .text.GetKeyInput
                0x000017a8       0x4c source/KeyAccess.o
                0x000017a8                GetKeyInput
 .text.DecodeInput
                0x000017f4       0xc8 source/KeyAccess.o
                0x000017f4                DecodeInput
 .text.GetKeyData
                0x000018bc       0xb4 source/KeyAccess.o
                0x000018bc                GetKeyData
 .text          0x00001970        0x0 source/LCD.o
 .text.NVIC_SetPriority
                0x00001970       0x5c source/LCD.o
 .text.SysTick_Config
                0x000019cc       0x64 source/LCD.o
 .text.SendData
                0x00001a30       0x3c source/LCD.o
                0x00001a30                SendData
 .text.LCDEnable
                0x00001a6c       0x34 source/LCD.o
                0x00001a6c                LCDEnable
 .text.LCDDisable
                0x00001aa0       0x34 source/LCD.o
                0x00001aa0                LCDDisable
 .text.LCDGoHome
                0x00001ad4       0x34 source/LCD.o
                0x00001ad4                LCDGoHome
 .text.LCDNewLine
                0x00001b08       0x34 source/LCD.o
                0x00001b08                LCDNewLine
 .text.LCDCursorShift
                0x00001b3c       0x58 source/LCD.o
                0x00001b3c                LCDCursorShift
 .text.LCDInit  0x00001b94       0x18 source/LCD.o
                0x00001b94                LCDInit
 .text.LCDClear
                0x00001bac       0x88 source/LCD.o
                0x00001bac                LCDClear
 .text.LCDPrint
                0x00001c34      0x114 source/LCD.o
                0x00001c34                LCDPrint
 .text.main_LDCPrintHelloWorld
                0x00001d48       0x68 source/LCD.o
                0x00001d48                main_LDCPrintHelloWorld
 .text          0x00001db0        0x0 source/i2s.o
 .text.NVIC_EnableIRQ
                0x00001db0       0x38 source/i2s.o
 .text.NVIC_DisableIRQ
                0x00001de8       0x3c source/i2s.o
 .text.NVIC_SetPriority
                0x00001e24       0x5c source/i2s.o
 .text.I2S_IRQHandler
                0x00001e80       0x20 source/i2s.o
                0x00001e80                I2S_IRQHandler
 .text.i2s_int_Passthrough
                0x00001ea0      0x154 source/i2s.o
                0x00001ea0                i2s_int_Passthrough
 .text.i2s_playSound
                0x00001ff4       0x8c source/i2s.o
                0x00001ff4                i2s_playSound
 .text.i2s_wav_play_16_bit
                0x00002080      0x144 source/i2s.o
                0x00002080                i2s_wav_play_16_bit
 .text.Init_I2S_Wav
                0x000021c4      0x22c source/i2s.o
                0x000021c4                Init_I2S_Wav
 .text.I2S_Polling_Init
                0x000023f0      0x1fc source/i2s.o
                0x000023f0                I2S_Polling_Init
 *fill*         0x000025ec        0x4 00
 .text.I2S_Create_Sine
                0x000025f0      0x160 source/i2s.o
                0x000025f0                I2S_Create_Sine
 .text.I2S_BaseInit
                0x00002750      0x108 source/i2s.o
                0x00002750                I2S_BaseInit
 .text.I2S_Polling_Read
                0x00002858       0x84 source/i2s.o
                0x00002858                I2S_Polling_Read
 .text.I2S_Polling_Write
                0x000028dc       0x5c source/i2s.o
                0x000028dc                I2S_Polling_Write
 .text.ConfInit
                0x00002938       0x68 source/i2s.o
                0x00002938                ConfInit
 .text.ClockInit
                0x000029a0       0x54 source/i2s.o
                0x000029a0                ClockInit
 .text          0x000029f4        0x0 source/Wave.o
 .text.Wav_Init
                0x000029f4      0x240 source/Wave.o
                0x000029f4                Wav_Init
 .text          0x00002c34        0x0 source/Delay.o
 .text.NVIC_SetPriority
                0x00002c34       0x5c source/Delay.o
 .text.SysTick_Config
                0x00002c90       0x64 source/Delay.o
 .text.SysTick_Handler
                0x00002cf4       0x24 source/Delay.o
                0x00002cf4                SysTick_Handler
 .text.Delay    0x00002d18       0x34 source/Delay.o
                0x00002d18                Delay
 .text.DelayInit
                0x00002d4c       0x2c source/Delay.o
                0x00002d4c                DelayInit
 .text          0x00002d78        0x0 source/SerialIO.o
 .text.NVIC_EnableIRQ
                0x00002d78       0x38 source/SerialIO.o
 .text.NVIC_DisableIRQ
                0x00002db0       0x3c source/SerialIO.o
 .text.NVIC_SetPriority
                0x00002dec       0x5c source/SerialIO.o
 .text.UART0_IRQHandler
                0x00002e48       0x4c source/SerialIO.o
                0x00002e48                UART0_IRQHandler
 .text.ReceiveText
                0x00002e94       0xe8 source/SerialIO.o
                0x00002e94                ReceiveText
 .text.ReadText
                0x00002f7c       0xa4 source/SerialIO.o
                0x00002f7c                ReadText
 .text.AddTextToBuffer
                0x00003020       0xa4 source/SerialIO.o
                0x00003020                AddTextToBuffer
 .text.ProcessBuffer
                0x000030c4      0x168 source/SerialIO.o
                0x000030c4                ProcessBuffer
 .text.TransmitText
                0x0000322c      0x10c source/SerialIO.o
                0x0000322c                TransmitText
 .text.InitSerial
                0x00003338       0x90 source/SerialIO.o
                0x00003338                InitSerial
 .text.WriteText
                0x000033c8       0x30 source/SerialIO.o
                0x000033c8                WriteText
 .text.write_usb_serial_blocking
                0x000033f8       0x2c source/SerialIO.o
                0x000033f8                write_usb_serial_blocking
 .text.InitSerInterrupts
                0x00003424      0x154 source/SerialIO.o
                0x00003424                InitSerInterrupts
 .text.EnableSerInterrupts
                0x00003578       0x10 source/SerialIO.o
                0x00003578                EnableSerInterrupts
 .text.DisableSerInterrupts
                0x00003588       0x10 source/SerialIO.o
                0x00003588                DisableSerInterrupts
 .text          0x00003598        0x0 source/interrupt_handlers.o
 .text.NVIC_DisableIRQ
                0x00003598       0x3c source/interrupt_handlers.o
 .text.I2S_PassThroughInt_Handler
                0x000035d4       0x10 source/interrupt_handlers.o
                0x000035d4                I2S_PassThroughInt_Handler
 .text          0x000035e4        0x0 source/I2C.o
 .text.I2CInit  0x000035e4       0x30 source/I2C.o
                0x000035e4                I2CInit
 .text.SetupVals
                0x00003614       0x54 source/I2C.o
                0x00003614                SetupVals
 .text.SetupPINS
                0x00003668       0x44 source/I2C.o
                0x00003668                SetupPINS
 .text          0x000036ac        0x0 source/SD.o
 .text.NVIC_DisableIRQ
                0x000036ac       0x3c source/SD.o
 .text.SDPrintFresult
                0x000036e8       0x70 source/SD.o
                0x000036e8                SDPrintFresult
 .text.indemalloc
                0x00003758       0x6c source/SD.o
                0x00003758                indemalloc
 .text.sd_init  0x000037c4       0x34 source/SD.o
                0x000037c4                sd_init
 .text.sd_deinit
                0x000037f8       0x1c source/SD.o
                0x000037f8                sd_deinit
 .text.SDMallocFilenames
                0x00003814       0x24 source/SD.o
                0x00003814                SDMallocFilenames
 .text.SDFreeFilenames
                0x00003838       0x54 source/SD.o
                0x00003838                SDFreeFilenames
 .text.SDGetAllFiles
                0x0000388c      0x128 source/SD.o
                0x0000388c                SDGetAllFiles
 .text.SDGetDirectories
                0x000039b4       0xfc source/SD.o
                0x000039b4                SDGetDirectories
 .text.SDGetFiles
                0x00003ab0      0x144 source/SD.o
                0x00003ab0                SDGetFiles
 .text.SDReadBytes
                0x00003bf4       0x94 source/SD.o
                0x00003bf4                SDReadBytes
 .text.SDGetFileSize
                0x00003c88       0x54 source/SD.o
                0x00003c88                SDGetFileSize
 .text.SD_READ  0x00003cdc       0x28 source/SD.o
                0x00003cdc                SD_READ
 .text.SD_WRITE
                0x00003d04       0x28 source/SD.o
                0x00003d04                SD_WRITE
 .text          0x00003d2c        0x0 source/TLV320.o
 .text.TLV320_ChangeInputVolume
                0x00003d2c       0x38 source/TLV320.o
                0x00003d2c                TLV320_ChangeInputVolume
 .text.TLV320_ChangeOutputVolume
                0x00003d64       0x40 source/TLV320.o
                0x00003d64                TLV320_ChangeOutputVolume
 .text.TLV320_EnablePassThrough
                0x00003da4       0x28 source/TLV320.o
                0x00003da4                TLV320_EnablePassThrough
 .text.TLV320_DisablePassThrough
                0x00003dcc       0x30 source/TLV320.o
                0x00003dcc                TLV320_DisablePassThrough
 .text.TLV320_Setup
                0x00003dfc       0x28 source/TLV320.o
                0x00003dfc                TLV320_Setup
 .text.TLV320_EnableDAC
                0x00003e24       0x2c source/TLV320.o
                0x00003e24                TLV320_EnableDAC
 .text.TLV320_EnableOutput
                0x00003e50       0x2c source/TLV320.o
                0x00003e50                TLV320_EnableOutput
 .text.TLV320_Start_I2S_Polling_Passthrough
                0x00003e7c       0x38 source/TLV320.o
                0x00003e7c                TLV320_Start_I2S_Polling_Passthrough
 .text.TLV320_Start_I2S_WavPlay
                0x00003eb4       0x38 source/TLV320.o
                0x00003eb4                TLV320_Start_I2S_WavPlay
 .text.TLV320_PlayWav
                0x00003eec       0x38 source/TLV320.o
                0x00003eec                TLV320_PlayWav
 .text.TLV320_SendData
                0x00003f24       0x64 source/TLV320.o
                0x00003f24                TLV320_SendData
 .text          0x00003f88        0x0 source/FatFS/ff.o
 .text.mem_cpy  0x00003f88       0x50 source/FatFS/ff.o
 .text.mem_set  0x00003fd8       0x44 source/FatFS/ff.o
 .text.mem_cmp  0x0000401c       0x70 source/FatFS/ff.o
 .text.chk_chr  0x0000408c       0x38 source/FatFS/ff.o
 .text.move_window
                0x000040c4       0xd4 source/FatFS/ff.o
 .text.sync     0x00004198      0x1d0 source/FatFS/ff.o
 .text.clust2sect
                0x00004368       0x44 source/FatFS/ff.o
                0x00004368                clust2sect
 .text.get_fat  0x000043ac      0x1a4 source/FatFS/ff.o
                0x000043ac                get_fat
 .text.put_fat  0x00004550      0x264 source/FatFS/ff.o
                0x00004550                put_fat
 .text.remove_chain
                0x000047b4       0xb0 source/FatFS/ff.o
 .text.create_chain
                0x00004864      0x12c source/FatFS/ff.o
 .text.dir_sdi  0x00004990      0x118 source/FatFS/ff.o
 .text.dir_next
                0x00004aa8      0x1dc source/FatFS/ff.o
 .text.dir_find
                0x00004c84       0xa4 source/FatFS/ff.o
 .text.dir_read
                0x00004d28       0x9c source/FatFS/ff.o
 .text.dir_register
                0x00004dc4       0xbc source/FatFS/ff.o
 .text.dir_remove
                0x00004e80       0x58 source/FatFS/ff.o
 .text.create_name
                0x00004ed8      0x21c source/FatFS/ff.o
 .text.get_fileinfo
                0x000050f4      0x15c source/FatFS/ff.o
 .text.follow_path
                0x00005250      0x15c source/FatFS/ff.o
 .text.check_fs
                0x000053ac      0x108 source/FatFS/ff.o
 .text.chk_mounted
                0x000054b4      0x67c source/FatFS/ff.o
 .text.validate
                0x00005b30       0x54 source/FatFS/ff.o
 .text.f_mount  0x00005b84       0x68 source/FatFS/ff.o
                0x00005b84                f_mount
 .text.f_open   0x00005bec      0x35c source/FatFS/ff.o
                0x00005bec                f_open
 .text.f_read   0x00005f48      0x2f4 source/FatFS/ff.o
                0x00005f48                f_read
 .text.f_write  0x0000623c      0x354 source/FatFS/ff.o
                0x0000623c                f_write
 .text.f_sync   0x00006590      0x1c0 source/FatFS/ff.o
                0x00006590                f_sync
 .text.f_close  0x00006750       0x2c source/FatFS/ff.o
                0x00006750                f_close
 .text.f_chdrive
                0x0000677c       0x34 source/FatFS/ff.o
                0x0000677c                f_chdrive
 .text.f_chdir  0x000067b0       0xdc source/FatFS/ff.o
                0x000067b0                f_chdir
 .text.f_getcwd
                0x0000688c      0x2b0 source/FatFS/ff.o
                0x0000688c                f_getcwd
 .text.f_lseek  0x00006b3c      0x2e4 source/FatFS/ff.o
                0x00006b3c                f_lseek
 .text.f_opendir
                0x00006e20       0xe8 source/FatFS/ff.o
                0x00006e20                f_opendir
 .text.f_readdir
                0x00006f08       0x9c source/FatFS/ff.o
                0x00006f08                f_readdir
 .text.f_stat   0x00006fa4       0x78 source/FatFS/ff.o
                0x00006fa4                f_stat
 .text.f_getfree
                0x0000701c      0x1dc source/FatFS/ff.o
                0x0000701c                f_getfree
 .text.f_truncate
                0x000071f8      0x128 source/FatFS/ff.o
                0x000071f8                f_truncate
 .text.f_unlink
                0x00007320      0x1d4 source/FatFS/ff.o
                0x00007320                f_unlink
 .text.f_mkdir  0x000074f4      0x384 source/FatFS/ff.o
                0x000074f4                f_mkdir
 .text.f_chmod  0x00007878       0xe4 source/FatFS/ff.o
                0x00007878                f_chmod
 .text.f_utime  0x0000795c       0xec source/FatFS/ff.o
                0x0000795c                f_utime
 .text.f_rename
                0x00007a48      0x27c source/FatFS/ff.o
                0x00007a48                f_rename
 .text.f_mkfs   0x00007cc4      0xb88 source/FatFS/ff.o
                0x00007cc4                f_mkfs
 .text          0x0000884c        0x0 source/FatFS/spi.o
 .text.CS_Set   0x0000884c       0x34 source/FatFS/spi.o
                0x0000884c                CS_Set
 .text.spiInit  0x00008880       0xbc source/FatFS/spi.o
                0x00008880                spiInit
 .text.SPIWrite
                0x0000893c       0x84 source/FatFS/spi.o
                0x0000893c                SPIWrite
 .text.SPIRead  0x000089c0       0x88 source/FatFS/spi.o
                0x000089c0                SPIRead
 .text.spiMMCChipSelect
                0x00008a48       0xa0 source/FatFS/spi.o
                0x00008a48                spiMMCChipSelect
 .text.spiSendByte
                0x00008ae8       0x54 source/FatFS/spi.o
                0x00008ae8                spiSendByte
 .text.spiReceiveByte
                0x00008b3c       0x50 source/FatFS/spi.o
                0x00008b3c                spiReceiveByte
 .text.spiReceivePtr
                0x00008b8c       0x58 source/FatFS/spi.o
                0x00008b8c                spiReceivePtr
 .text          0x00008be4        0x0 source/FatFS/mmc_176x_ssp.o
 .text          0x00008be4        0x0 source/FatFS/mmc.o
 .text.wait_ready
                0x00008be4       0x58 source/FatFS/mmc.o
 .text.deselect
                0x00008c3c       0x14 source/FatFS/mmc.o
 .text.select   0x00008c50       0x2c source/FatFS/mmc.o
 .text.power_on
                0x00008c7c        0xc source/FatFS/mmc.o
 .text.power_off
                0x00008c88        0xc source/FatFS/mmc.o
 .text.rcvr_datablock
                0x00008c94       0x84 source/FatFS/mmc.o
 .text.xmit_datablock
                0x00008d18       0x9c source/FatFS/mmc.o
 .text.send_cmd
                0x00008db4       0xec source/FatFS/mmc.o
 .text.disk_initialize
                0x00008ea0      0x20c source/FatFS/mmc.o
                0x00008ea0                disk_initialize
 .text.disk_status
                0x000090ac       0x30 source/FatFS/mmc.o
                0x000090ac                disk_status
 .text.disk_read
                0x000090dc       0xe8 source/FatFS/mmc.o
                0x000090dc                disk_read
 .text.disk_write
                0x000091c4      0x12c source/FatFS/mmc.o
                0x000091c4                disk_write
 .text.disk_ioctl
                0x000092f0      0x470 source/FatFS/mmc.o
                0x000092f0                disk_ioctl
 .text.disk_timerproc
                0x00009760       0xd8 source/FatFS/mmc.o
                0x00009760                disk_timerproc
 .text          0x00009838        0x0 source/FatFS/diskio.o
 .text          0x00009838        0x0 /opt/york/cs/net/lpc1700-cmsis-lite-2011.01.26-i686-1/lib/core_cm3.o
 .text          0x00009838        0x0 /opt/york/cs/net/lpc1700-cmsis-lite-2011.01.26-i686-1/lib/system_LPC17xx.o
 .text.SystemCoreClockUpdate
                0x00009838      0x228 /opt/york/cs/net/lpc1700-cmsis-lite-2011.01.26-i686-1/lib/system_LPC17xx.o
                0x00009838                SystemCoreClockUpdate
 .text.SystemInit
                0x00009a60      0x240 /opt/york/cs/net/lpc1700-cmsis-lite-2011.01.26-i686-1/lib/system_LPC17xx.o
                0x00009a60                SystemInit
 .text          0x00009ca0       0x14 /opt/york/cs/net/lpc1700-cmsis-lite-2011.01.26-i686-1/lib/startup_LPC17xx.o
                0x00009ca0                NMI_Handler
                0x00009ca2                HardFault_Handler
                0x00009ca4                MemManage_Handler
                0x00009ca6                BusFault_Handler
                0x00009ca8                UsageFault_Handler
                0x00009caa                SVC_Handler
                0x00009cac                DebugMon_Handler
                0x00009cae                PendSV_Handler
                0x00009cb2                TIMER2_IRQHandler
                0x00009cb2                RIT_IRQHandler
                0x00009cb2                I2C0_IRQHandler
                0x00009cb2                USBActivity_IRQHandler
                0x00009cb2                PWM1_IRQHandler
                0x00009cb2                I2C1_IRQHandler
                0x00009cb2                EINT2_IRQHandler
                0x00009cb2                UART1_IRQHandler
                0x00009cb2                CANActivity_IRQHandler
                0x00009cb2                TIMER3_IRQHandler
                0x00009cb2                PLL0_IRQHandler
                0x00009cb2                CAN_IRQHandler
                0x00009cb2                PLL1_IRQHandler
                0x00009cb2                SSP0_IRQHandler
                0x00009cb2                I2C2_IRQHandler
                0x00009cb2                RTC_IRQHandler
                0x00009cb2                TIMER0_IRQHandler
                0x00009cb2                SPI_IRQHandler
                0x00009cb2                EINT1_IRQHandler
                0x00009cb2                TIMER1_IRQHandler
                0x00009cb2                UART2_IRQHandler
                0x00009cb2                Default_Handler
                0x00009cb2                ADC_IRQHandler
                0x00009cb2                SSP1_IRQHandler
                0x00009cb2                USB_IRQHandler
                0x00009cb2                BOD_IRQHandler
                0x00009cb2                WDT_IRQHandler
                0x00009cb2                QEI_IRQHandler
                0x00009cb2                EINT0_IRQHandler
                0x00009cb2                DMA_IRQHandler
                0x00009cb2                UART3_IRQHandler
                0x00009cb2                MCPWM_IRQHandler
                0x00009cb2                ENET_IRQHandler
 .text          0x00009cb4       0x10 /opt/york/cs/net/sourcery-g++-lite-arm-eabi-2010.09.51-i686-1/arm-none-eabi/lib/thumb2/libc.a(lib_a-atoi.o)
                0x00009cb4                atoi
                0x00009cbc                _atoi_r
 .text          0x00009cc4       0x14 /opt/york/cs/net/sourcery-g++-lite-arm-eabi-2010.09.51-i686-1/arm-none-eabi/lib/thumb2/libc.a(lib_a-calloc.o)
                0x00009cc4                calloc
 .text          0x00009cd8       0x5c /opt/york/cs/net/sourcery-g++-lite-arm-eabi-2010.09.51-i686-1/arm-none-eabi/lib/thumb2/libc.a(lib_a-callocr.o)
                0x00009cd8                _calloc_r
 .text          0x00009d34        0x0 /opt/york/cs/net/sourcery-g++-lite-arm-eabi-2010.09.51-i686-1/arm-none-eabi/lib/thumb2/libc.a(lib_a-impure.o)
 .text          0x00009d34       0x20 /opt/york/cs/net/sourcery-g++-lite-arm-eabi-2010.09.51-i686-1/arm-none-eabi/lib/thumb2/libc.a(lib_a-malloc.o)
                0x00009d34                malloc
                0x00009d44                free
 .text          0x00009d54      0x57c /opt/york/cs/net/sourcery-g++-lite-arm-eabi-2010.09.51-i686-1/arm-none-eabi/lib/thumb2/libc.a(lib_a-mallocr.o)
                0x00009d54                _malloc_r
 .text          0x0000a2d0      0x150 /opt/york/cs/net/sourcery-g++-lite-arm-eabi-2010.09.51-i686-1/arm-none-eabi/lib/thumb2/libc.a(lib_a-memcpy.o)
                0x0000a2d0                memcpy
 .text          0x0000a420       0xb4 /opt/york/cs/net/sourcery-g++-lite-arm-eabi-2010.09.51-i686-1/arm-none-eabi/lib/thumb2/libc.a(lib_a-memset.o)
                0x0000a420                memset
 .text          0x0000a4d4        0x8 /opt/york/cs/net/sourcery-g++-lite-arm-eabi-2010.09.51-i686-1/arm-none-eabi/lib/thumb2/libc.a(lib_a-mlock.o)
                0x0000a4d4                __malloc_lock
                0x0000a4d8                __malloc_unlock
 .text          0x0000a4dc       0x28 /opt/york/cs/net/sourcery-g++-lite-arm-eabi-2010.09.51-i686-1/arm-none-eabi/lib/thumb2/libc.a(lib_a-sbrkr.o)
                0x0000a4dc                _sbrk_r
 .text          0x0000a504       0x94 /opt/york/cs/net/sourcery-g++-lite-arm-eabi-2010.09.51-i686-1/arm-none-eabi/lib/thumb2/libc.a(lib_a-sprintf.o)
                0x0000a504                _sprintf_r
                0x0000a548                sprintf
 .text          0x0000a598      0x10c /opt/york/cs/net/sourcery-g++-lite-arm-eabi-2010.09.51-i686-1/arm-none-eabi/lib/thumb2/libc.a(lib_a-strchr.o)
                0x0000a598                strchr
 .text          0x0000a6a4       0xbc /opt/york/cs/net/sourcery-g++-lite-arm-eabi-2010.09.51-i686-1/arm-none-eabi/lib/thumb2/libc.a(lib_a-strcpy.o)
                0x0000a6a4                strcpy
 .text          0x0000a760       0x60 /opt/york/cs/net/sourcery-g++-lite-arm-eabi-2010.09.51-i686-1/arm-none-eabi/lib/thumb2/libc.a(lib_a-strlen.o)
                0x0000a760                strlen
 .text          0x0000a7c0       0xa0 /opt/york/cs/net/sourcery-g++-lite-arm-eabi-2010.09.51-i686-1/arm-none-eabi/lib/thumb2/libc.a(lib_a-strncmp.o)
                0x0000a7c0                strncmp
 .text          0x0000a860       0x7c /opt/york/cs/net/sourcery-g++-lite-arm-eabi-2010.09.51-i686-1/arm-none-eabi/lib/thumb2/libc.a(lib_a-strncpy.o)
                0x0000a860                strncpy
 .text          0x0000a8dc      0x17c /opt/york/cs/net/sourcery-g++-lite-arm-eabi-2010.09.51-i686-1/arm-none-eabi/lib/thumb2/libc.a(lib_a-strtol.o)
                0x0000a8dc                _strtol_r
                0x0000aa40                strtol
 .text          0x0000aa58     0x1658 /opt/york/cs/net/sourcery-g++-lite-arm-eabi-2010.09.51-i686-1/arm-none-eabi/lib/thumb2/libc.a(lib_a-svfprintf.o)
                0x0000aa58                _svfprintf_r
 .text          0x0000c0b0        0x0 /opt/york/cs/net/sourcery-g++-lite-arm-eabi-2010.09.51-i686-1/arm-none-eabi/lib/thumb2/libc.a(lib_a-ctype_.o)
 .text          0x0000c0b0     0x1000 /opt/york/cs/net/sourcery-g++-lite-arm-eabi-2010.09.51-i686-1/arm-none-eabi/lib/thumb2/libc.a(lib_a-dtoa.o)
                0x0000c1dc                _dtoa_r
 .text          0x0000d0b0      0x240 /opt/york/cs/net/sourcery-g++-lite-arm-eabi-2010.09.51-i686-1/arm-none-eabi/lib/thumb2/libc.a(lib_a-freer.o)
                0x0000d0b0                _malloc_trim_r
                0x0000d158                _free_r
 .text          0x0000d2f0       0xa0 /opt/york/cs/net/sourcery-g++-lite-arm-eabi-2010.09.51-i686-1/arm-none-eabi/lib/thumb2/libc.a(lib_a-locale.o)
                0x0000d2f0                _setlocale_r
                0x0000d34c                __locale_charset
                0x0000d358                __locale_mb_cur_max
                0x0000d364                __locale_msgcharset
                0x0000d36c                __locale_cjk_lang
                0x0000d370                _localeconv_r
                0x0000d378                setlocale
                0x0000d388                localeconv
 .text          0x0000d390       0x88 /opt/york/cs/net/sourcery-g++-lite-arm-eabi-2010.09.51-i686-1/arm-none-eabi/lib/thumb2/libc.a(lib_a-memchr.o)
                0x0000d390                memchr
 .text          0x0000d418      0x920 /opt/york/cs/net/sourcery-g++-lite-arm-eabi-2010.09.51-i686-1/arm-none-eabi/lib/thumb2/libc.a(lib_a-mprec.o)
                0x0000d418                _Balloc
                0x0000d480                _Bfree
                0x0000d4b8                __multadd
                0x0000d53c                __s2b
                0x0000d5d0                __hi0bits
                0x0000d610                __lo0bits
                0x0000d674                __i2b
                0x0000d688                __multiply
                0x0000d7b0                __pow5mult
                0x0000d854                __lshift
                0x0000d900                __mcmp
                0x0000d93c                __mdiff
                0x0000da34                __ulp
                0x0000da7c                __b2d
                0x0000db28                __d2b
                0x0000dbf0                __ratio
                0x0000dc60                _mprec_log10
                0x0000dc94                __copybits
                0x0000dcdc                __any_on
 .text          0x0000dd38      0x114 /opt/york/cs/net/sourcery-g++-lite-arm-eabi-2010.09.51-i686-1/arm-none-eabi/lib/thumb2/libc.a(lib_a-reent.o)
                0x0000dd38                cleanup_glue
                0x0000dd54                _reclaim_reent
                0x0000de14                _wrapup_reent
 .text          0x0000de4c       0x90 /opt/york/cs/net/sourcery-g++-lite-arm-eabi-2010.09.51-i686-1/arm-none-eabi/lib/thumb2/libc.a(lib_a-s_fpclassify.o)
                0x0000de4c                __fpclassifyd
 .text          0x0000dedc      0x1dc /opt/york/cs/net/sourcery-g++-lite-arm-eabi-2010.09.51-i686-1/arm-none-eabi/lib/thumb2/libc.a(lib_a-strcmp.o)
                0x0000dedc                strcmp
 .text          0x0000e0b8      0xbe4 /opt/york/cs/net/sourcery-g++-lite-arm-eabi-2010.09.51-i686-1/arm-none-eabi/lib/thumb2/libc.a(lib_a-svfiprintf.o)
                0x0000e0b8                __ssprint_r
                0x0000e1c0                _svfiprintf_r
 .text          0x0000ec9c       0xa0 /opt/york/cs/net/sourcery-g++-lite-arm-eabi-2010.09.51-i686-1/arm-none-eabi/lib/thumb2/libc.a(lib_a-memmove.o)
                0x0000ec9c                memmove
 .text          0x0000ed3c      0x41c /opt/york/cs/net/sourcery-g++-lite-arm-eabi-2010.09.51-i686-1/arm-none-eabi/lib/thumb2/libc.a(lib_a-reallocr.o)
                0x0000ed3c                _realloc_r
 .text          0x0000f158      0x278 /opt/york/cs/net/sourcery-g++-lite-arm-eabi-2010.09.51-i686-1/bin/../lib/gcc/arm-none-eabi/4.5.1/thumb2/libgcc.a(_udivsi3.o)
                0x0000f158                __udivsi3
                0x0000f158                __aeabi_uidiv
                0x0000f3b4                __aeabi_uidivmod
 .text          0x0000f3d0        0x4 /opt/york/cs/net/sourcery-g++-lite-arm-eabi-2010.09.51-i686-1/bin/../lib/gcc/arm-none-eabi/4.5.1/thumb2/libgcc.a(_dvmd_tls.o)
                0x0000f3d0                __aeabi_ldiv0
                0x0000f3d0                __aeabi_idiv0
 .text          0x0000f3d4      0x370 /opt/york/cs/net/sourcery-g++-lite-arm-eabi-2010.09.51-i686-1/bin/../lib/gcc/arm-none-eabi/4.5.1/thumb2/libgcc.a(_arm_addsubdf3.o)
                0x0000f3d4                __aeabi_drsub
                0x0000f3dc                __aeabi_dsub
                0x0000f3dc                __subdf3
                0x0000f3e0                __adddf3
                0x0000f3e0                __aeabi_dadd
                0x0000f658                __aeabi_ui2d
                0x0000f658                __floatunsidf
                0x0000f678                __floatsidf
                0x0000f678                __aeabi_i2d
                0x0000f69c                __extendsfdf2
                0x0000f69c                __aeabi_f2d
                0x0000f6d8                __aeabi_ul2d
                0x0000f6d8                __floatundidf
                0x0000f6e8                __floatdidf
                0x0000f6e8                __aeabi_l2d
 .text          0x0000f744      0x424 /opt/york/cs/net/sourcery-g++-lite-arm-eabi-2010.09.51-i686-1/bin/../lib/gcc/arm-none-eabi/4.5.1/thumb2/libgcc.a(_arm_muldivdf3.o)
                0x0000f744                __aeabi_dmul
                0x0000f744                __muldf3
                0x0000f998                __aeabi_ddiv
                0x0000f998                __divdf3
 .text          0x0000fb68      0x110 /opt/york/cs/net/sourcery-g++-lite-arm-eabi-2010.09.51-i686-1/bin/../lib/gcc/arm-none-eabi/4.5.1/thumb2/libgcc.a(_arm_cmpdf2.o)
                0x0000fb68                __gtdf2
                0x0000fb68                __gedf2
                0x0000fb70                __ltdf2
                0x0000fb70                __ledf2
                0x0000fb78                __cmpdf2
                0x0000fb78                __eqdf2
                0x0000fb78                __nedf2
                0x0000fbf4                __aeabi_cdrcmple
                0x0000fc04                __aeabi_cdcmple
                0x0000fc04                __aeabi_cdcmpeq
                0x0000fc14                __aeabi_dcmpeq
                0x0000fc28                __aeabi_dcmplt
                0x0000fc3c                __aeabi_dcmple
                0x0000fc50                __aeabi_dcmpge
                0x0000fc64                __aeabi_dcmpgt
 .text          0x0000fc78       0x50 /opt/york/cs/net/sourcery-g++-lite-arm-eabi-2010.09.51-i686-1/bin/../lib/gcc/arm-none-eabi/4.5.1/thumb2/libgcc.a(_arm_fixdfsi.o)
                0x0000fc78                __fixdfsi
                0x0000fc78                __aeabi_d2iz
 .text          0x0000fcc8      0x21c /opt/york/cs/net/sourcery-g++-lite-arm-eabi-2010.09.51-i686-1/bin/../lib/gcc/arm-none-eabi/4.5.1/thumb2/libgcc.a(_arm_addsubsf3.o)
                0x0000fcc8                __aeabi_frsub
                0x0000fcd0                __subsf3
                0x0000fcd0                __aeabi_fsub
                0x0000fcd4                __aeabi_fadd
                0x0000fcd4                __addsf3
                0x0000fe34                __aeabi_ui2f
                0x0000fe34                __floatunsisf
                0x0000fe3c                __aeabi_i2f
                0x0000fe3c                __floatsisf
                0x0000fe58                __floatundisf
                0x0000fe58                __aeabi_ul2f
                0x0000fe68                __floatdisf
                0x0000fe68                __aeabi_l2f
 .text          0x0000fee4      0x2a0 /opt/york/cs/net/sourcery-g++-lite-arm-eabi-2010.09.51-i686-1/bin/../lib/gcc/arm-none-eabi/4.5.1/thumb2/libgcc.a(_arm_muldivsf3.o)
                0x0000fee4                __mulsf3
                0x0000fee4                __aeabi_fmul
                0x0001004c                __divsf3
                0x0001004c                __aeabi_fdiv
 .text          0x00010184       0x2c /opt/york/cs/net/sourcery-g++-lite-arm-eabi-2010.09.51-i686-1/bin/../lib/gcc/arm-none-eabi/4.5.1/thumb2/libgcc.a(_aeabi_uldivmod.o)
                0x00010184                __aeabi_uldivmod
 .text          0x000101b0       0x60 /opt/york/cs/net/sourcery-g++-lite-arm-eabi-2010.09.51-i686-1/bin/../lib/gcc/arm-none-eabi/4.5.1/thumb2/libgcc.a(bpabi.o)
                0x000101b0                __gnu_ldivmod_helper
                0x000101e0                __gnu_uldivmod_helper
 .text          0x00010210      0x364 /opt/york/cs/net/sourcery-g++-lite-arm-eabi-2010.09.51-i686-1/bin/../lib/gcc/arm-none-eabi/4.5.1/thumb2/libgcc.a(_divdi3.o)
                0x00010210                __divdi3
 .text          0x00010574      0x314 /opt/york/cs/net/sourcery-g++-lite-arm-eabi-2010.09.51-i686-1/bin/../lib/gcc/arm-none-eabi/4.5.1/thumb2/libgcc.a(_udivdi3.o)
                0x00010574                __udivdi3
 .text          0x00010888       0x98 /opt/york/cs/net/sourcery-g++-lite-arm-eabi-2010.09.51-i686-1/arm-none-eabi/lib/thumb2/libm.a(lib_a-s_sin.o)
                0x00010888                sin
 .text          0x00010920      0x448 /opt/york/cs/net/sourcery-g++-lite-arm-eabi-2010.09.51-i686-1/arm-none-eabi/lib/thumb2/libm.a(lib_a-e_rem_pio2.o)
                0x00010920                __ieee754_rem_pio2
 .text          0x00010d68      0x250 /opt/york/cs/net/sourcery-g++-lite-arm-eabi-2010.09.51-i686-1/arm-none-eabi/lib/thumb2/libm.a(lib_a-k_cos.o)
                0x00010d68                __kernel_cos
 .text          0x00010fb8      0x7a8 /opt/york/cs/net/sourcery-g++-lite-arm-eabi-2010.09.51-i686-1/arm-none-eabi/lib/thumb2/libm.a(lib_a-k_rem_pio2.o)
                0x00010fb8                __kernel_rem_pio2
 .text          0x00011760      0x168 /opt/york/cs/net/sourcery-g++-lite-arm-eabi-2010.09.51-i686-1/arm-none-eabi/lib/thumb2/libm.a(lib_a-k_sin.o)
                0x00011760                __kernel_sin
 .text          0x000118c8        0x8 /opt/york/cs/net/sourcery-g++-lite-arm-eabi-2010.09.51-i686-1/arm-none-eabi/lib/thumb2/libm.a(lib_a-s_fabs.o)
                0x000118c8                fabs
 .text          0x000118d0      0x128 /opt/york/cs/net/sourcery-g++-lite-arm-eabi-2010.09.51-i686-1/arm-none-eabi/lib/thumb2/libm.a(lib_a-s_floor.o)
                0x000118d0                floor
 .text          0x000119f8      0x108 /opt/york/cs/net/sourcery-g++-lite-arm-eabi-2010.09.51-i686-1/arm-none-eabi/lib/thumb2/libm.a(lib_a-s_scalbn.o)
                0x000119f8                scalbn
 .text          0x00011b00       0x14 /opt/york/cs/net/sourcery-g++-lite-arm-eabi-2010.09.51-i686-1/arm-none-eabi/lib/thumb2/libm.a(lib_a-s_copysign.o)
                0x00011b00                copysign
 *fill*         0x00011b14        0x4 00
 .text          0x00011b18      0x2b0 /opt/york/cs/net/sourcery-g++-lite-arm-eabi-2010.09.51-i686-1/bin/../lib/gcc/arm-none-eabi/4.5.1/thumb2/libgcc.a(_divsi3.o)
                0x00011b18                __aeabi_idiv
                0x00011b18                __divsi3
                0x00011dac                __aeabi_idivmod
 .text          0x00011dc8       0x30 /opt/york/cs/net/sourcery-g++-lite-arm-eabi-2010.09.51-i686-1/arm-none-eabi/lib/thumb2/libcs3.a(start_c.o)
                0x00011dc8                __cs3_premain
 .text.cs3.init
                0x00011df8       0x50 /opt/york/cs/net/sourcery-g++-lite-arm-eabi-2010.09.51-i686-1/arm-none-eabi/lib/thumb2/libcs3.a(start_c.o)
                0x00011df8                __cs3_start_c
 .text          0x00011e48       0x40 /opt/york/cs/net/sourcery-g++-lite-arm-eabi-2010.09.51-i686-1/arm-none-eabi/lib/thumb2/libcs3unhosted.a(unhosted-sbrk.o)
                0x00011e48                _sbrk
 .text          0x00011e88        0x0 /opt/york/cs/net/sourcery-g++-lite-arm-eabi-2010.09.51-i686-1/arm-none-eabi/lib/thumb2/libcs3unhosted.a(unhosted-start.o)
 .text.cs3.init
                0x00011e88       0x10 /opt/york/cs/net/sourcery-g++-lite-arm-eabi-2010.09.51-i686-1/arm-none-eabi/lib/thumb2/libcs3unhosted.a(unhosted-start.o)
                0x00011e88                _start
 .text          0x00011e98        0xc /opt/york/cs/net/sourcery-g++-lite-arm-eabi-2010.09.51-i686-1/arm-none-eabi/lib/thumb2/libc.a(lib_a-errno.o)
                0x00011e98                __errno
 .text          0x00011ea4       0x50 /opt/york/cs/net/sourcery-g++-lite-arm-eabi-2010.09.51-i686-1/arm-none-eabi/lib/thumb2/libc.a(lib_a-init.o)
                0x00011ea4                __libc_init_array
 .text          0x00011ef4        0x0 /opt/york/cs/net/sourcery-g++-lite-arm-eabi-2010.09.51-i686-1/arm-none-eabi/lib/thumb2/libcs3.a(heap.o)
 .text          0x00011ef4        0x0 /opt/york/cs/net/lpc1700-cmsis-lite-2011.01.26-i686-1/lib/libDriversLPC17xxgnu.a(lpc17xx_gpio.o)
 .text.GPIO_GetPointer
                0x00011ef4       0x7c /opt/york/cs/net/lpc1700-cmsis-lite-2011.01.26-i686-1/lib/libDriversLPC17xxgnu.a(lpc17xx_gpio.o)
 .text.FIO_HalfWordGetPointer
                0x00011f70       0x7c /opt/york/cs/net/lpc1700-cmsis-lite-2011.01.26-i686-1/lib/libDriversLPC17xxgnu.a(lpc17xx_gpio.o)
 .text.FIO_ByteGetPointer
                0x00011fec       0x7c /opt/york/cs/net/lpc1700-cmsis-lite-2011.01.26-i686-1/lib/libDriversLPC17xxgnu.a(lpc17xx_gpio.o)
 .text.GPIO_SetDir
                0x00012068       0x50 /opt/york/cs/net/lpc1700-cmsis-lite-2011.01.26-i686-1/lib/libDriversLPC17xxgnu.a(lpc17xx_gpio.o)
                0x00012068                GPIO_SetDir
 .text.GPIO_SetValue
                0x000120b8       0x2c /opt/york/cs/net/lpc1700-cmsis-lite-2011.01.26-i686-1/lib/libDriversLPC17xxgnu.a(lpc17xx_gpio.o)
                0x000120b8                GPIO_SetValue
 .text.GPIO_ClearValue
                0x000120e4       0x2c /opt/york/cs/net/lpc1700-cmsis-lite-2011.01.26-i686-1/lib/libDriversLPC17xxgnu.a(lpc17xx_gpio.o)
                0x000120e4                GPIO_ClearValue
 .text.GPIO_ReadValue
                0x00012110       0x30 /opt/york/cs/net/lpc1700-cmsis-lite-2011.01.26-i686-1/lib/libDriversLPC17xxgnu.a(lpc17xx_gpio.o)
                0x00012110                GPIO_ReadValue
 .text.GPIO_IntCmd
                0x00012140       0x84 /opt/york/cs/net/lpc1700-cmsis-lite-2011.01.26-i686-1/lib/libDriversLPC17xxgnu.a(lpc17xx_gpio.o)
                0x00012140                GPIO_IntCmd
 .text.GPIO_GetIntStatus
                0x000121c4       0xc0 /opt/york/cs/net/lpc1700-cmsis-lite-2011.01.26-i686-1/lib/libDriversLPC17xxgnu.a(lpc17xx_gpio.o)
                0x000121c4                GPIO_GetIntStatus
 .text.GPIO_ClearInt
                0x00012284       0x40 /opt/york/cs/net/lpc1700-cmsis-lite-2011.01.26-i686-1/lib/libDriversLPC17xxgnu.a(lpc17xx_gpio.o)
                0x00012284                GPIO_ClearInt
 .text.FIO_SetDir
                0x000122c4       0x28 /opt/york/cs/net/lpc1700-cmsis-lite-2011.01.26-i686-1/lib/libDriversLPC17xxgnu.a(lpc17xx_gpio.o)
                0x000122c4                FIO_SetDir
 .text.FIO_SetValue
                0x000122ec       0x20 /opt/york/cs/net/lpc1700-cmsis-lite-2011.01.26-i686-1/lib/libDriversLPC17xxgnu.a(lpc17xx_gpio.o)
                0x000122ec                FIO_SetValue
 .text.FIO_ClearValue
                0x0001230c       0x20 /opt/york/cs/net/lpc1700-cmsis-lite-2011.01.26-i686-1/lib/libDriversLPC17xxgnu.a(lpc17xx_gpio.o)
                0x0001230c                FIO_ClearValue
 .text.FIO_ReadValue
                0x0001232c       0x20 /opt/york/cs/net/lpc1700-cmsis-lite-2011.01.26-i686-1/lib/libDriversLPC17xxgnu.a(lpc17xx_gpio.o)
                0x0001232c                FIO_ReadValue
 .text.FIO_IntCmd
                0x0001234c       0x28 /opt/york/cs/net/lpc1700-cmsis-lite-2011.01.26-i686-1/lib/libDriversLPC17xxgnu.a(lpc17xx_gpio.o)
                0x0001234c                FIO_IntCmd
 .text.FIO_GetIntStatus
                0x00012374       0x2c /opt/york/cs/net/lpc1700-cmsis-lite-2011.01.26-i686-1/lib/libDriversLPC17xxgnu.a(lpc17xx_gpio.o)
                0x00012374                FIO_GetIntStatus
 .text.FIO_ClearInt
                0x000123a0       0x20 /opt/york/cs/net/lpc1700-cmsis-lite-2011.01.26-i686-1/lib/libDriversLPC17xxgnu.a(lpc17xx_gpio.o)
                0x000123a0                FIO_ClearInt
 .text.FIO_SetMask
                0x000123c0       0x50 /opt/york/cs/net/lpc1700-cmsis-lite-2011.01.26-i686-1/lib/libDriversLPC17xxgnu.a(lpc17xx_gpio.o)
                0x000123c0                FIO_SetMask
 .text.FIO_HalfWordSetDir
                0x00012410       0x9c /opt/york/cs/net/lpc1700-cmsis-lite-2011.01.26-i686-1/lib/libDriversLPC17xxgnu.a(lpc17xx_gpio.o)
                0x00012410                FIO_HalfWordSetDir
 .text.FIO_HalfWordSetMask
                0x000124ac       0x9c /opt/york/cs/net/lpc1700-cmsis-lite-2011.01.26-i686-1/lib/libDriversLPC17xxgnu.a(lpc17xx_gpio.o)
                0x000124ac                FIO_HalfWordSetMask
 .text.FIO_HalfWordSetValue
                0x00012548       0x40 /opt/york/cs/net/lpc1700-cmsis-lite-2011.01.26-i686-1/lib/libDriversLPC17xxgnu.a(lpc17xx_gpio.o)
                0x00012548                FIO_HalfWordSetValue
 .text.FIO_HalfWordClearValue
                0x00012588       0x40 /opt/york/cs/net/lpc1700-cmsis-lite-2011.01.26-i686-1/lib/libDriversLPC17xxgnu.a(lpc17xx_gpio.o)
                0x00012588                FIO_HalfWordClearValue
 .text.FIO_HalfWordReadValue
                0x000125c8       0x44 /opt/york/cs/net/lpc1700-cmsis-lite-2011.01.26-i686-1/lib/libDriversLPC17xxgnu.a(lpc17xx_gpio.o)
                0x000125c8                FIO_HalfWordReadValue
 .text.FIO_ByteSetDir
                0x0001260c       0x70 /opt/york/cs/net/lpc1700-cmsis-lite-2011.01.26-i686-1/lib/libDriversLPC17xxgnu.a(lpc17xx_gpio.o)
                0x0001260c                FIO_ByteSetDir
 .text.FIO_ByteSetMask
                0x0001267c       0x78 /opt/york/cs/net/lpc1700-cmsis-lite-2011.01.26-i686-1/lib/libDriversLPC17xxgnu.a(lpc17xx_gpio.o)
                0x0001267c                FIO_ByteSetMask
 .text.FIO_ByteSetValue
                0x000126f4       0x3c /opt/york/cs/net/lpc1700-cmsis-lite-2011.01.26-i686-1/lib/libDriversLPC17xxgnu.a(lpc17xx_gpio.o)
                0x000126f4                FIO_ByteSetValue
 .text.FIO_ByteClearValue
                0x00012730       0x3c /opt/york/cs/net/lpc1700-cmsis-lite-2011.01.26-i686-1/lib/libDriversLPC17xxgnu.a(lpc17xx_gpio.o)
                0x00012730                FIO_ByteClearValue
 .text.FIO_ByteReadValue
                0x0001276c       0x40 /opt/york/cs/net/lpc1700-cmsis-lite-2011.01.26-i686-1/lib/libDriversLPC17xxgnu.a(lpc17xx_gpio.o)
                0x0001276c                FIO_ByteReadValue
 .text          0x000127ac        0x0 /opt/york/cs/net/lpc1700-cmsis-lite-2011.01.26-i686-1/lib/libDriversLPC17xxgnu.a(lpc17xx_i2c.o)
 .text.NVIC_EnableIRQ
                0x000127ac       0x38 /opt/york/cs/net/lpc1700-cmsis-lite-2011.01.26-i686-1/lib/libDriversLPC17xxgnu.a(lpc17xx_i2c.o)
 .text.NVIC_DisableIRQ
                0x000127e4       0x3c /opt/york/cs/net/lpc1700-cmsis-lite-2011.01.26-i686-1/lib/libDriversLPC17xxgnu.a(lpc17xx_i2c.o)
 .text.I2C_getNum
                0x00012820       0x54 /opt/york/cs/net/lpc1700-cmsis-lite-2011.01.26-i686-1/lib/libDriversLPC17xxgnu.a(lpc17xx_i2c.o)
 .text.I2C_Start
                0x00012874       0x44 /opt/york/cs/net/lpc1700-cmsis-lite-2011.01.26-i686-1/lib/libDriversLPC17xxgnu.a(lpc17xx_i2c.o)
 .text.I2C_Stop
                0x000128b8       0x38 /opt/york/cs/net/lpc1700-cmsis-lite-2011.01.26-i686-1/lib/libDriversLPC17xxgnu.a(lpc17xx_i2c.o)
 .text.I2C_SendByte
                0x000128f0       0x50 /opt/york/cs/net/lpc1700-cmsis-lite-2011.01.26-i686-1/lib/libDriversLPC17xxgnu.a(lpc17xx_i2c.o)
 .text.I2C_GetByte
                0x00012940       0x5c /opt/york/cs/net/lpc1700-cmsis-lite-2011.01.26-i686-1/lib/libDriversLPC17xxgnu.a(lpc17xx_i2c.o)
 .text.I2C_SetClock
                0x0001299c       0xc8 /opt/york/cs/net/lpc1700-cmsis-lite-2011.01.26-i686-1/lib/libDriversLPC17xxgnu.a(lpc17xx_i2c.o)
 .text.I2C_Init
                0x00012a64       0xd8 /opt/york/cs/net/lpc1700-cmsis-lite-2011.01.26-i686-1/lib/libDriversLPC17xxgnu.a(lpc17xx_i2c.o)
                0x00012a64                I2C_Init
 .text.I2C_DeInit
                0x00012b3c       0xa4 /opt/york/cs/net/lpc1700-cmsis-lite-2011.01.26-i686-1/lib/libDriversLPC17xxgnu.a(lpc17xx_i2c.o)
                0x00012b3c                I2C_DeInit
 .text.I2C_Cmd  0x00012be0       0x84 /opt/york/cs/net/lpc1700-cmsis-lite-2011.01.26-i686-1/lib/libDriversLPC17xxgnu.a(lpc17xx_i2c.o)
                0x00012be0                I2C_Cmd
 .text.I2C_IntCmd
                0x00012c64       0xa8 /opt/york/cs/net/lpc1700-cmsis-lite-2011.01.26-i686-1/lib/libDriversLPC17xxgnu.a(lpc17xx_i2c.o)
                0x00012c64                I2C_IntCmd
 .text.I2C_MasterHandler
                0x00012d0c      0x3d8 /opt/york/cs/net/lpc1700-cmsis-lite-2011.01.26-i686-1/lib/libDriversLPC17xxgnu.a(lpc17xx_i2c.o)
                0x00012d0c                I2C_MasterHandler
 .text.I2C_SlaveHandler
                0x000130e4      0x1d8 /opt/york/cs/net/lpc1700-cmsis-lite-2011.01.26-i686-1/lib/libDriversLPC17xxgnu.a(lpc17xx_i2c.o)
                0x000130e4                I2C_SlaveHandler
 .text.I2C_MasterTransferData
                0x000132bc      0x33c /opt/york/cs/net/lpc1700-cmsis-lite-2011.01.26-i686-1/lib/libDriversLPC17xxgnu.a(lpc17xx_i2c.o)
                0x000132bc                I2C_MasterTransferData
 .text.I2C_SlaveTransferData
                0x000135f8      0x268 /opt/york/cs/net/lpc1700-cmsis-lite-2011.01.26-i686-1/lib/libDriversLPC17xxgnu.a(lpc17xx_i2c.o)
                0x000135f8                I2C_SlaveTransferData
 .text.I2C_SetOwnSlaveAddr
                0x00013860      0x118 /opt/york/cs/net/lpc1700-cmsis-lite-2011.01.26-i686-1/lib/libDriversLPC17xxgnu.a(lpc17xx_i2c.o)
                0x00013860                I2C_SetOwnSlaveAddr
 .text.I2C_MonitorModeConfig
                0x00013978       0x9c /opt/york/cs/net/lpc1700-cmsis-lite-2011.01.26-i686-1/lib/libDriversLPC17xxgnu.a(lpc17xx_i2c.o)
                0x00013978                I2C_MonitorModeConfig
 .text.I2C_MonitorModeCmd
                0x00013a14       0xb0 /opt/york/cs/net/lpc1700-cmsis-lite-2011.01.26-i686-1/lib/libDriversLPC17xxgnu.a(lpc17xx_i2c.o)
                0x00013a14                I2C_MonitorModeCmd
 .text.I2C_MonitorGetDatabuffer
                0x00013ac4       0x54 /opt/york/cs/net/lpc1700-cmsis-lite-2011.01.26-i686-1/lib/libDriversLPC17xxgnu.a(lpc17xx_i2c.o)
                0x00013ac4                I2C_MonitorGetDatabuffer
 .text.I2C_MonitorHandler
                0x00013b18       0x6c /opt/york/cs/net/lpc1700-cmsis-lite-2011.01.26-i686-1/lib/libDriversLPC17xxgnu.a(lpc17xx_i2c.o)
                0x00013b18                I2C_MonitorHandler
 .text.I2C_MasterTransferComplete
                0x00013b84       0x40 /opt/york/cs/net/lpc1700-cmsis-lite-2011.01.26-i686-1/lib/libDriversLPC17xxgnu.a(lpc17xx_i2c.o)
                0x00013b84                I2C_MasterTransferComplete
 .text.I2C_SlaveTransferComplete
                0x00013bc4       0x40 /opt/york/cs/net/lpc1700-cmsis-lite-2011.01.26-i686-1/lib/libDriversLPC17xxgnu.a(lpc17xx_i2c.o)
                0x00013bc4                I2C_SlaveTransferComplete
 .text          0x00013c04        0x0 /opt/york/cs/net/lpc1700-cmsis-lite-2011.01.26-i686-1/lib/libDriversLPC17xxgnu.a(lpc17xx_i2s.o)
 .text.i2s_GetWordWidth
                0x00013c04       0x8c /opt/york/cs/net/lpc1700-cmsis-lite-2011.01.26-i686-1/lib/libDriversLPC17xxgnu.a(lpc17xx_i2s.o)
 .text.i2s_GetChannel
                0x00013c90       0x84 /opt/york/cs/net/lpc1700-cmsis-lite-2011.01.26-i686-1/lib/libDriversLPC17xxgnu.a(lpc17xx_i2s.o)
 .text.I2S_Init
                0x00013d14       0x54 /opt/york/cs/net/lpc1700-cmsis-lite-2011.01.26-i686-1/lib/libDriversLPC17xxgnu.a(lpc17xx_i2s.o)
                0x00013d14                I2S_Init
 .text.I2S_Config
                0x00013d68      0x168 /opt/york/cs/net/lpc1700-cmsis-lite-2011.01.26-i686-1/lib/libDriversLPC17xxgnu.a(lpc17xx_i2s.o)
                0x00013d68                I2S_Config
 .text.I2S_DeInit
                0x00013ed0       0x3c /opt/york/cs/net/lpc1700-cmsis-lite-2011.01.26-i686-1/lib/libDriversLPC17xxgnu.a(lpc17xx_i2s.o)
                0x00013ed0                I2S_DeInit
 .text.I2S_GetLevel
                0x00013f0c       0x6c /opt/york/cs/net/lpc1700-cmsis-lite-2011.01.26-i686-1/lib/libDriversLPC17xxgnu.a(lpc17xx_i2s.o)
                0x00013f0c                I2S_GetLevel
 .text.I2S_Start
                0x00013f78       0x50 /opt/york/cs/net/lpc1700-cmsis-lite-2011.01.26-i686-1/lib/libDriversLPC17xxgnu.a(lpc17xx_i2s.o)
                0x00013f78                I2S_Start
 .text.I2S_Send
                0x00013fc8       0x38 /opt/york/cs/net/lpc1700-cmsis-lite-2011.01.26-i686-1/lib/libDriversLPC17xxgnu.a(lpc17xx_i2s.o)
                0x00013fc8                I2S_Send
 .text.I2S_Receive
                0x00014000       0x34 /opt/york/cs/net/lpc1700-cmsis-lite-2011.01.26-i686-1/lib/libDriversLPC17xxgnu.a(lpc17xx_i2s.o)
                0x00014000                I2S_Receive
 .text.I2S_Pause
                0x00014034       0x70 /opt/york/cs/net/lpc1700-cmsis-lite-2011.01.26-i686-1/lib/libDriversLPC17xxgnu.a(lpc17xx_i2s.o)
                0x00014034                I2S_Pause
 .text.I2S_Mute
                0x000140a4       0x70 /opt/york/cs/net/lpc1700-cmsis-lite-2011.01.26-i686-1/lib/libDriversLPC17xxgnu.a(lpc17xx_i2s.o)
                0x000140a4                I2S_Mute
 .text.I2S_Stop
                0x00014114       0x94 /opt/york/cs/net/lpc1700-cmsis-lite-2011.01.26-i686-1/lib/libDriversLPC17xxgnu.a(lpc17xx_i2s.o)
                0x00014114                I2S_Stop
 .text.I2S_FreqConfig
                0x000141a8      0x110 /opt/york/cs/net/lpc1700-cmsis-lite-2011.01.26-i686-1/lib/libDriversLPC17xxgnu.a(lpc17xx_i2s.o)
                0x000141a8                I2S_FreqConfig
 .text.I2S_SetBitRate
                0x000142b8       0x7c /opt/york/cs/net/lpc1700-cmsis-lite-2011.01.26-i686-1/lib/libDriversLPC17xxgnu.a(lpc17xx_i2s.o)
                0x000142b8                I2S_SetBitRate
 .text.I2S_ModeConfig
                0x00014334      0x148 /opt/york/cs/net/lpc1700-cmsis-lite-2011.01.26-i686-1/lib/libDriversLPC17xxgnu.a(lpc17xx_i2s.o)
                0x00014334                I2S_ModeConfig
 .text.I2S_DMAConfig
                0x0001447c       0xd4 /opt/york/cs/net/lpc1700-cmsis-lite-2011.01.26-i686-1/lib/libDriversLPC17xxgnu.a(lpc17xx_i2s.o)
                0x0001447c                I2S_DMAConfig
 .text.I2S_DMACmd
                0x00014550      0x120 /opt/york/cs/net/lpc1700-cmsis-lite-2011.01.26-i686-1/lib/libDriversLPC17xxgnu.a(lpc17xx_i2s.o)
                0x00014550                I2S_DMACmd
 .text.I2S_IRQConfig
                0x00014670       0x80 /opt/york/cs/net/lpc1700-cmsis-lite-2011.01.26-i686-1/lib/libDriversLPC17xxgnu.a(lpc17xx_i2s.o)
                0x00014670                I2S_IRQConfig
 .text.I2S_IRQCmd
                0x000146f0       0x9c /opt/york/cs/net/lpc1700-cmsis-lite-2011.01.26-i686-1/lib/libDriversLPC17xxgnu.a(lpc17xx_i2s.o)
                0x000146f0                I2S_IRQCmd
 .text.I2S_GetIRQStatus
                0x0001478c       0x58 /opt/york/cs/net/lpc1700-cmsis-lite-2011.01.26-i686-1/lib/libDriversLPC17xxgnu.a(lpc17xx_i2s.o)
                0x0001478c                I2S_GetIRQStatus
 .text.I2S_GetIRQDepth
                0x000147e4       0x50 /opt/york/cs/net/lpc1700-cmsis-lite-2011.01.26-i686-1/lib/libDriversLPC17xxgnu.a(lpc17xx_i2s.o)
                0x000147e4                I2S_GetIRQDepth
 .text          0x00014834        0x0 /opt/york/cs/net/lpc1700-cmsis-lite-2011.01.26-i686-1/lib/libDriversLPC17xxgnu.a(lpc17xx_libcfg_default.o)
 .text.check_failed
                0x00014834        0xc /opt/york/cs/net/lpc1700-cmsis-lite-2011.01.26-i686-1/lib/libDriversLPC17xxgnu.a(lpc17xx_libcfg_default.o)
                0x00014834                check_failed
 .text          0x00014840        0x0 /opt/york/cs/net/lpc1700-cmsis-lite-2011.01.26-i686-1/lib/libDriversLPC17xxgnu.a(lpc17xx_pinsel.o)
 .text.set_PinFunc
                0x00014840       0xa0 /opt/york/cs/net/lpc1700-cmsis-lite-2011.01.26-i686-1/lib/libDriversLPC17xxgnu.a(lpc17xx_pinsel.o)
 .text.set_ResistorMode
                0x000148e0       0xa0 /opt/york/cs/net/lpc1700-cmsis-lite-2011.01.26-i686-1/lib/libDriversLPC17xxgnu.a(lpc17xx_pinsel.o)
 .text.set_OpenDrainMode
                0x00014980       0x80 /opt/york/cs/net/lpc1700-cmsis-lite-2011.01.26-i686-1/lib/libDriversLPC17xxgnu.a(lpc17xx_pinsel.o)
 .text.PINSEL_ConfigTraceFunc
                0x00014a00       0x54 /opt/york/cs/net/lpc1700-cmsis-lite-2011.01.26-i686-1/lib/libDriversLPC17xxgnu.a(lpc17xx_pinsel.o)
                0x00014a00                PINSEL_ConfigTraceFunc
 .text.PINSEL_SetI2C0Pins
                0x00014a54       0x3c /opt/york/cs/net/lpc1700-cmsis-lite-2011.01.26-i686-1/lib/libDriversLPC17xxgnu.a(lpc17xx_pinsel.o)
                0x00014a54                PINSEL_SetI2C0Pins
 .text.PINSEL_ConfigPin
                0x00014a90       0x54 /opt/york/cs/net/lpc1700-cmsis-lite-2011.01.26-i686-1/lib/libDriversLPC17xxgnu.a(lpc17xx_pinsel.o)
                0x00014a90                PINSEL_ConfigPin
 .text          0x00014ae4        0x0 /opt/york/cs/net/lpc1700-cmsis-lite-2011.01.26-i686-1/lib/libDriversLPC17xxgnu.a(lpc17xx_ssp.o)
 .text.setSSPclock
                0x00014ae4       0xf8 /opt/york/cs/net/lpc1700-cmsis-lite-2011.01.26-i686-1/lib/libDriversLPC17xxgnu.a(lpc17xx_ssp.o)
 .text.SSP_Init
                0x00014bdc       0xbc /opt/york/cs/net/lpc1700-cmsis-lite-2011.01.26-i686-1/lib/libDriversLPC17xxgnu.a(lpc17xx_ssp.o)
                0x00014bdc                SSP_Init
 .text.SSP_DeInit
                0x00014c98       0x74 /opt/york/cs/net/lpc1700-cmsis-lite-2011.01.26-i686-1/lib/libDriversLPC17xxgnu.a(lpc17xx_ssp.o)
                0x00014c98                SSP_DeInit
 .text.SSP_GetDataSize
                0x00014d0c       0x4c /opt/york/cs/net/lpc1700-cmsis-lite-2011.01.26-i686-1/lib/libDriversLPC17xxgnu.a(lpc17xx_ssp.o)
                0x00014d0c                SSP_GetDataSize
 .text.SSP_ConfigStructInit
                0x00014d58       0x48 /opt/york/cs/net/lpc1700-cmsis-lite-2011.01.26-i686-1/lib/libDriversLPC17xxgnu.a(lpc17xx_ssp.o)
                0x00014d58                SSP_ConfigStructInit
 .text.SSP_Cmd  0x00014da0       0x7c /opt/york/cs/net/lpc1700-cmsis-lite-2011.01.26-i686-1/lib/libDriversLPC17xxgnu.a(lpc17xx_ssp.o)
                0x00014da0                SSP_Cmd
 .text.SSP_LoopBackCmd
                0x00014e1c       0x7c /opt/york/cs/net/lpc1700-cmsis-lite-2011.01.26-i686-1/lib/libDriversLPC17xxgnu.a(lpc17xx_ssp.o)
                0x00014e1c                SSP_LoopBackCmd
 .text.SSP_SlaveOutputCmd
                0x00014e98       0x7c /opt/york/cs/net/lpc1700-cmsis-lite-2011.01.26-i686-1/lib/libDriversLPC17xxgnu.a(lpc17xx_ssp.o)
                0x00014e98                SSP_SlaveOutputCmd
 .text.SSP_SendData
                0x00014f14       0x48 /opt/york/cs/net/lpc1700-cmsis-lite-2011.01.26-i686-1/lib/libDriversLPC17xxgnu.a(lpc17xx_ssp.o)
                0x00014f14                SSP_SendData
 .text.SSP_ReceiveData
                0x00014f5c       0x44 /opt/york/cs/net/lpc1700-cmsis-lite-2011.01.26-i686-1/lib/libDriversLPC17xxgnu.a(lpc17xx_ssp.o)
                0x00014f5c                SSP_ReceiveData
 .text.SSP_ReadWrite
                0x00014fa0      0x390 /opt/york/cs/net/lpc1700-cmsis-lite-2011.01.26-i686-1/lib/libDriversLPC17xxgnu.a(lpc17xx_ssp.o)
                0x00014fa0                SSP_ReadWrite
 .text.SSP_GetStatus
                0x00015330       0x84 /opt/york/cs/net/lpc1700-cmsis-lite-2011.01.26-i686-1/lib/libDriversLPC17xxgnu.a(lpc17xx_ssp.o)
                0x00015330                SSP_GetStatus
 .text.SSP_IntConfig
                0x000153b4       0x70 /opt/york/cs/net/lpc1700-cmsis-lite-2011.01.26-i686-1/lib/libDriversLPC17xxgnu.a(lpc17xx_ssp.o)
                0x000153b4                SSP_IntConfig
 .text.SSP_GetRawIntStatus
                0x00015424       0x80 /opt/york/cs/net/lpc1700-cmsis-lite-2011.01.26-i686-1/lib/libDriversLPC17xxgnu.a(lpc17xx_ssp.o)
                0x00015424                SSP_GetRawIntStatus
 .text.SSP_GetRawIntStatusReg
                0x000154a4       0x44 /opt/york/cs/net/lpc1700-cmsis-lite-2011.01.26-i686-1/lib/libDriversLPC17xxgnu.a(lpc17xx_ssp.o)
                0x000154a4                SSP_GetRawIntStatusReg
 .text.SSP_GetIntStatus
                0x000154e8       0x80 /opt/york/cs/net/lpc1700-cmsis-lite-2011.01.26-i686-1/lib/libDriversLPC17xxgnu.a(lpc17xx_ssp.o)
                0x000154e8                SSP_GetIntStatus
 .text.SSP_ClearIntPending
                0x00015568       0x60 /opt/york/cs/net/lpc1700-cmsis-lite-2011.01.26-i686-1/lib/libDriversLPC17xxgnu.a(lpc17xx_ssp.o)
                0x00015568                SSP_ClearIntPending
 .text.SSP_DMACmd
                0x000155c8       0xa8 /opt/york/cs/net/lpc1700-cmsis-lite-2011.01.26-i686-1/lib/libDriversLPC17xxgnu.a(lpc17xx_ssp.o)
                0x000155c8                SSP_DMACmd
 .text          0x00015670        0x0 /opt/york/cs/net/lpc1700-cmsis-lite-2011.01.26-i686-1/lib/libDriversLPC17xxgnu.a(lpc17xx_uart.o)
 .text.uart_set_divisors
                0x00015670      0x26c /opt/york/cs/net/lpc1700-cmsis-lite-2011.01.26-i686-1/lib/libDriversLPC17xxgnu.a(lpc17xx_uart.o)
 .text.UART_Init
                0x000158dc      0x368 /opt/york/cs/net/lpc1700-cmsis-lite-2011.01.26-i686-1/lib/libDriversLPC17xxgnu.a(lpc17xx_uart.o)
                0x000158dc                UART_Init
 .text.UART_DeInit
                0x00015c44       0xcc /opt/york/cs/net/lpc1700-cmsis-lite-2011.01.26-i686-1/lib/libDriversLPC17xxgnu.a(lpc17xx_uart.o)
                0x00015c44                UART_DeInit
 .text.UART_ConfigStructInit
                0x00015d10       0x34 /opt/york/cs/net/lpc1700-cmsis-lite-2011.01.26-i686-1/lib/libDriversLPC17xxgnu.a(lpc17xx_uart.o)
                0x00015d10                UART_ConfigStructInit
 .text.UART_SendByte
                0x00015d44       0x78 /opt/york/cs/net/lpc1700-cmsis-lite-2011.01.26-i686-1/lib/libDriversLPC17xxgnu.a(lpc17xx_uart.o)
                0x00015d44                UART_SendByte
 .text.UART_ReceiveByte
                0x00015dbc       0x78 /opt/york/cs/net/lpc1700-cmsis-lite-2011.01.26-i686-1/lib/libDriversLPC17xxgnu.a(lpc17xx_uart.o)
                0x00015dbc                UART_ReceiveByte
 .text.UART_Send
                0x00015e34      0x10c /opt/york/cs/net/lpc1700-cmsis-lite-2011.01.26-i686-1/lib/libDriversLPC17xxgnu.a(lpc17xx_uart.o)
                0x00015e34                UART_Send
 .text.UART_Receive
                0x00015f40       0xd8 /opt/york/cs/net/lpc1700-cmsis-lite-2011.01.26-i686-1/lib/libDriversLPC17xxgnu.a(lpc17xx_uart.o)
                0x00015f40                UART_Receive
 .text.UART_ForceBreak
                0x00016018       0x88 /opt/york/cs/net/lpc1700-cmsis-lite-2011.01.26-i686-1/lib/libDriversLPC17xxgnu.a(lpc17xx_uart.o)
                0x00016018                UART_ForceBreak
 .text.UART_IntConfig
                0x000160a0      0x1d0 /opt/york/cs/net/lpc1700-cmsis-lite-2011.01.26-i686-1/lib/libDriversLPC17xxgnu.a(lpc17xx_uart.o)
                0x000160a0                UART_IntConfig
 .text.UART_GetLineStatus
                0x00016270       0x7c /opt/york/cs/net/lpc1700-cmsis-lite-2011.01.26-i686-1/lib/libDriversLPC17xxgnu.a(lpc17xx_uart.o)
                0x00016270                UART_GetLineStatus
 .text.UART_GetIntId
                0x000162ec       0x68 /opt/york/cs/net/lpc1700-cmsis-lite-2011.01.26-i686-1/lib/libDriversLPC17xxgnu.a(lpc17xx_uart.o)
                0x000162ec                UART_GetIntId
 .text.UART_CheckBusy
                0x00016354       0x2c /opt/york/cs/net/lpc1700-cmsis-lite-2011.01.26-i686-1/lib/libDriversLPC17xxgnu.a(lpc17xx_uart.o)
                0x00016354                UART_CheckBusy
 .text.UART_FIFOConfig
                0x00016380      0x184 /opt/york/cs/net/lpc1700-cmsis-lite-2011.01.26-i686-1/lib/libDriversLPC17xxgnu.a(lpc17xx_uart.o)
                0x00016380                UART_FIFOConfig
 .text.UART_FIFOConfigStructInit
                0x00016504       0x34 /opt/york/cs/net/lpc1700-cmsis-lite-2011.01.26-i686-1/lib/libDriversLPC17xxgnu.a(lpc17xx_uart.o)
                0x00016504                UART_FIFOConfigStructInit
 .text.UART_ABCmd
                0x00016538      0x15c /opt/york/cs/net/lpc1700-cmsis-lite-2011.01.26-i686-1/lib/libDriversLPC17xxgnu.a(lpc17xx_uart.o)
                0x00016538                UART_ABCmd
 .text.UART_ABClearIntPending
                0x00016694       0x88 /opt/york/cs/net/lpc1700-cmsis-lite-2011.01.26-i686-1/lib/libDriversLPC17xxgnu.a(lpc17xx_uart.o)
                0x00016694                UART_ABClearIntPending
 .text.UART_TxCmd
                0x0001671c       0xe8 /opt/york/cs/net/lpc1700-cmsis-lite-2011.01.26-i686-1/lib/libDriversLPC17xxgnu.a(lpc17xx_uart.o)
                0x0001671c                UART_TxCmd
 .text.UART_IrDAInvtInputCmd
                0x00016804       0x84 /opt/york/cs/net/lpc1700-cmsis-lite-2011.01.26-i686-1/lib/libDriversLPC17xxgnu.a(lpc17xx_uart.o)
                0x00016804                UART_IrDAInvtInputCmd
 .text.UART_IrDACmd
                0x00016888       0x80 /opt/york/cs/net/lpc1700-cmsis-lite-2011.01.26-i686-1/lib/libDriversLPC17xxgnu.a(lpc17xx_uart.o)
                0x00016888                UART_IrDACmd
 .text.UART_IrDAPulseDivConfig
                0x00016908       0xac /opt/york/cs/net/lpc1700-cmsis-lite-2011.01.26-i686-1/lib/libDriversLPC17xxgnu.a(lpc17xx_uart.o)
                0x00016908                UART_IrDAPulseDivConfig
 .text.UART_FullModemForcePinState
                0x000169b4       0xcc /opt/york/cs/net/lpc1700-cmsis-lite-2011.01.26-i686-1/lib/libDriversLPC17xxgnu.a(lpc17xx_uart.o)
                0x000169b4                UART_FullModemForcePinState
 .text.UART_FullModemConfigMode
                0x00016a80       0xd8 /opt/york/cs/net/lpc1700-cmsis-lite-2011.01.26-i686-1/lib/libDriversLPC17xxgnu.a(lpc17xx_uart.o)
                0x00016a80                UART_FullModemConfigMode
 .text.UART_FullModemGetStatus
                0x00016b58       0x38 /opt/york/cs/net/lpc1700-cmsis-lite-2011.01.26-i686-1/lib/libDriversLPC17xxgnu.a(lpc17xx_uart.o)
                0x00016b58                UART_FullModemGetStatus
 .text.UART_RS485Config
                0x00016b90      0x1bc /opt/york/cs/net/lpc1700-cmsis-lite-2011.01.26-i686-1/lib/libDriversLPC17xxgnu.a(lpc17xx_uart.o)
                0x00016b90                UART_RS485Config
 .text.UART_RS485ReceiverCmd
                0x00016d4c       0x48 /opt/york/cs/net/lpc1700-cmsis-lite-2011.01.26-i686-1/lib/libDriversLPC17xxgnu.a(lpc17xx_uart.o)
                0x00016d4c                UART_RS485ReceiverCmd
 .text.UART_RS485Send
                0x00016d94       0x84 /opt/york/cs/net/lpc1700-cmsis-lite-2011.01.26-i686-1/lib/libDriversLPC17xxgnu.a(lpc17xx_uart.o)
                0x00016d94                UART_RS485Send
 .text.UART_RS485SendSlvAddr
                0x00016e18       0x28 /opt/york/cs/net/lpc1700-cmsis-lite-2011.01.26-i686-1/lib/libDriversLPC17xxgnu.a(lpc17xx_uart.o)
                0x00016e18                UART_RS485SendSlvAddr
 .text.UART_RS485SendData
                0x00016e40       0x28 /opt/york/cs/net/lpc1700-cmsis-lite-2011.01.26-i686-1/lib/libDriversLPC17xxgnu.a(lpc17xx_uart.o)
                0x00016e40                UART_RS485SendData
 .text          0x00016e68        0x0 /opt/york/cs/net/lpc1700-cmsis-lite-2011.01.26-i686-1/lib/libDriversLPC17xxgnu.a(lpc17xx_clkpwr.o)
 .text.CLKPWR_SetPCLKDiv
                0x00016e68       0xd4 /opt/york/cs/net/lpc1700-cmsis-lite-2011.01.26-i686-1/lib/libDriversLPC17xxgnu.a(lpc17xx_clkpwr.o)
                0x00016e68                CLKPWR_SetPCLKDiv
 .text.CLKPWR_GetPCLKSEL
                0x00016f3c       0x54 /opt/york/cs/net/lpc1700-cmsis-lite-2011.01.26-i686-1/lib/libDriversLPC17xxgnu.a(lpc17xx_clkpwr.o)
                0x00016f3c                CLKPWR_GetPCLKSEL
 .text.CLKPWR_GetPCLK
                0x00016f90       0x70 /opt/york/cs/net/lpc1700-cmsis-lite-2011.01.26-i686-1/lib/libDriversLPC17xxgnu.a(lpc17xx_clkpwr.o)
                0x00016f90                CLKPWR_GetPCLK
 .text.CLKPWR_ConfigPPWR
                0x00017000       0x80 /opt/york/cs/net/lpc1700-cmsis-lite-2011.01.26-i686-1/lib/libDriversLPC17xxgnu.a(lpc17xx_clkpwr.o)
                0x00017000                CLKPWR_ConfigPPWR
 .text.CLKPWR_Sleep
                0x00017080       0x1c /opt/york/cs/net/lpc1700-cmsis-lite-2011.01.26-i686-1/lib/libDriversLPC17xxgnu.a(lpc17xx_clkpwr.o)
                0x00017080                CLKPWR_Sleep
 .text.CLKPWR_DeepSleep
                0x0001709c       0x2c /opt/york/cs/net/lpc1700-cmsis-lite-2011.01.26-i686-1/lib/libDriversLPC17xxgnu.a(lpc17xx_clkpwr.o)
                0x0001709c                CLKPWR_DeepSleep
 .text.CLKPWR_PowerDown
                0x000170c8       0x2c /opt/york/cs/net/lpc1700-cmsis-lite-2011.01.26-i686-1/lib/libDriversLPC17xxgnu.a(lpc17xx_clkpwr.o)
                0x000170c8                CLKPWR_PowerDown
 .text.CLKPWR_DeepPowerDown
                0x000170f4       0x2c /opt/york/cs/net/lpc1700-cmsis-lite-2011.01.26-i686-1/lib/libDriversLPC17xxgnu.a(lpc17xx_clkpwr.o)
                0x000170f4                CLKPWR_DeepPowerDown
 .text          0x00017120        0x0 /opt/york/cs/net/sourcery-g++-lite-arm-eabi-2010.09.51-i686-1/bin/../lib/gcc/arm-none-eabi/4.5.1/thumb2/crtend.o
 .text          0x00017120        0x0 /opt/york/cs/net/sourcery-g++-lite-arm-eabi-2010.09.51-i686-1/bin/../lib/gcc/arm-none-eabi/4.5.1/thumb2/crtn.o
 *(.plt)
 *(.gnu.warning)
 *(.glue_7t)
 .glue_7t       0x00000000        0x0 linker stubs
 *(.glue_7)
 .glue_7        0x00000000        0x0 linker stubs
 *(.vfp11_veneer)
 .vfp11_veneer  0x00000000        0x0 linker stubs
 *(.rodata .rodata.* .gnu.linkonce.r.*)
 .rodata        0x00017120      0x3c0 main.o
 .rodata.C.0.2899
                0x000174e0       0x10 source/KeyAccess.o
 .rodata        0x000174f0       0x14 source/LCD.o
 .rodata        0x00017504        0x8 source/i2s.o
 .rodata        0x0001750c       0x1c source/Wave.o
 .rodata        0x00017528       0xc8 source/SD.o
 .rodata.C.1.2912
                0x000175f0       0x18 source/TLV320.o
 .rodata.C.2.2913
                0x00017608       0x18 source/TLV320.o
 .rodata.C.3.2914
                0x00017620       0x18 source/TLV320.o
 .rodata.C.4.2915
                0x00017638       0x10 source/TLV320.o
 .rodata.C.5.2916
                0x00017648        0x8 source/TLV320.o
 .rodata.C.6.2917
                0x00017650        0x8 source/TLV320.o
 .rodata.C.7.2918
                0x00017658        0x4 source/TLV320.o
 .rodata        0x0001765c       0x44 source/FatFS/ff.o
 .rodata.vst.1428
                0x000176a0       0x18 source/FatFS/ff.o
 .rodata.cst.1429
                0x000176b8       0x18 source/FatFS/ff.o
 .rodata.excvt.1153
                0x000176d0       0x80 source/FatFS/ff.o
 .rodata        0x00017750        0x4 /opt/york/cs/net/sourcery-g++-lite-arm-eabi-2010.09.51-i686-1/arm-none-eabi/lib/thumb2/libc.a(lib_a-impure.o)
                0x00017750                _global_impure_ptr
 .rodata.str1.4
                0x00017754        0x2 /opt/york/cs/net/sourcery-g++-lite-arm-eabi-2010.09.51-i686-1/arm-none-eabi/lib/thumb2/libc.a(lib_a-impure.o)
                                  0x4 (size before relaxing)
 *fill*         0x00017756        0x2 00
 .rodata        0x00017758       0x20 /opt/york/cs/net/sourcery-g++-lite-arm-eabi-2010.09.51-i686-1/arm-none-eabi/lib/thumb2/libc.a(lib_a-svfprintf.o)
 .rodata.str1.4
                0x00017778       0x42 /opt/york/cs/net/sourcery-g++-lite-arm-eabi-2010.09.51-i686-1/arm-none-eabi/lib/thumb2/libc.a(lib_a-svfprintf.o)
                                 0x44 (size before relaxing)
 *fill*         0x000177ba        0x2 00
 .rodata        0x000177bc      0x104 /opt/york/cs/net/sourcery-g++-lite-arm-eabi-2010.09.51-i686-1/arm-none-eabi/lib/thumb2/libc.a(lib_a-ctype_.o)
                0x000177bc                _ctype_
 .rodata.str1.4
                0x000178c0       0x10 /opt/york/cs/net/sourcery-g++-lite-arm-eabi-2010.09.51-i686-1/arm-none-eabi/lib/thumb2/libc.a(lib_a-dtoa.o)
                                 0x14 (size before relaxing)
 .rodata.str1.4
                0x000178d0        0xc /opt/york/cs/net/sourcery-g++-lite-arm-eabi-2010.09.51-i686-1/arm-none-eabi/lib/thumb2/libc.a(lib_a-locale.o)
                                 0x14 (size before relaxing)
 *fill*         0x000178dc        0x4 00
 .rodata        0x000178e0      0x128 /opt/york/cs/net/sourcery-g++-lite-arm-eabi-2010.09.51-i686-1/arm-none-eabi/lib/thumb2/libc.a(lib_a-mprec.o)
                0x000178f0                __mprec_tens
                0x000179b8                __mprec_bigtens
                0x000179e0                __mprec_tinytens
 .rodata        0x00017a08       0x20 /opt/york/cs/net/sourcery-g++-lite-arm-eabi-2010.09.51-i686-1/arm-none-eabi/lib/thumb2/libc.a(lib_a-svfiprintf.o)
 .rodata.str1.4
                0x00000000       0x30 /opt/york/cs/net/sourcery-g++-lite-arm-eabi-2010.09.51-i686-1/arm-none-eabi/lib/thumb2/libc.a(lib_a-svfiprintf.o)
 .rodata        0x00017a28      0x188 /opt/york/cs/net/sourcery-g++-lite-arm-eabi-2010.09.51-i686-1/arm-none-eabi/lib/thumb2/libm.a(lib_a-e_rem_pio2.o)
 .rodata        0x00017bb0       0x50 /opt/york/cs/net/sourcery-g++-lite-arm-eabi-2010.09.51-i686-1/arm-none-eabi/lib/thumb2/libm.a(lib_a-k_rem_pio2.o)
 .rodata        0x00017c00       0x10 /opt/york/cs/net/lpc1700-cmsis-lite-2011.01.26-i686-1/lib/libDriversLPC17xxgnu.a(lpc17xx_i2c.o)
 .rodata        0x00017c10       0x10 /opt/york/cs/net/lpc1700-cmsis-lite-2011.01.26-i686-1/lib/libDriversLPC17xxgnu.a(lpc17xx_i2s.o)
 .rodata        0x00017c20       0x10 /opt/york/cs/net/lpc1700-cmsis-lite-2011.01.26-i686-1/lib/libDriversLPC17xxgnu.a(lpc17xx_ssp.o)
 .rodata        0x00017c30       0x10 /opt/york/cs/net/lpc1700-cmsis-lite-2011.01.26-i686-1/lib/libDriversLPC17xxgnu.a(lpc17xx_uart.o)
 *(.ARM.extab* .gnu.linkonce.armextab.*)
 .ARM.extab.cs3.reset
                0x00017c40        0x0 /opt/york/cs/net/lpc1700-cmsis-lite-2011.01.26-i686-1/lib/startup_LPC17xx.o
 .ARM.extab     0x00017c40        0x0 /opt/york/cs/net/sourcery-g++-lite-arm-eabi-2010.09.51-i686-1/bin/../lib/gcc/arm-none-eabi/4.5.1/thumb2/libgcc.a(_divdi3.o)
 .ARM.extab     0x00017c40        0x0 /opt/york/cs/net/sourcery-g++-lite-arm-eabi-2010.09.51-i686-1/bin/../lib/gcc/arm-none-eabi/4.5.1/thumb2/libgcc.a(_udivdi3.o)
 *(.gcc_except_table)
 *(.eh_frame_hdr)
 *(.eh_frame)
                0x00017c40                . = ALIGN (0x4)
 *(.init)
 .init          0x00017c40        0x4 /opt/york/cs/net/sourcery-g++-lite-arm-eabi-2010.09.51-i686-1/bin/../lib/gcc/arm-none-eabi/4.5.1/thumb2/crti.o
                0x00017c40                _init
 .init          0x00017c44        0x8 /opt/york/cs/net/sourcery-g++-lite-arm-eabi-2010.09.51-i686-1/bin/../lib/gcc/arm-none-eabi/4.5.1/thumb2/crtn.o
                0x00017c4c                . = ALIGN (0x4)
                0x00017c4c                __preinit_array_start = .
 *(.preinit_array)
                0x00017c4c                __preinit_array_end = .
                0x00017c4c                . = ALIGN (0x4)
                0x00017c4c                __init_array_start = .
 *(SORT(.init_array.*))
 *(.init_array)
 .init_array    0x00017c4c        0x4 /opt/york/cs/net/sourcery-g++-lite-arm-eabi-2010.09.51-i686-1/bin/../lib/gcc/arm-none-eabi/4.5.1/thumb2/crtbegin.o
                0x00017c50                __init_array_end = .
                0x00017c50                . = ALIGN (0x4)
 *crtbegin.o(.ctors)
 *(EXCLUDE_FILE(*crtend.o) .ctors)
 *(SORT(.ctors.*))
 *crtend.o(.ctors)
                0x00017c50                . = ALIGN (0x4)
 *(.fini)
 .fini          0x00017c50        0x4 /opt/york/cs/net/sourcery-g++-lite-arm-eabi-2010.09.51-i686-1/bin/../lib/gcc/arm-none-eabi/4.5.1/thumb2/crti.o
                0x00017c50                _fini
 .fini          0x00017c54        0x8 /opt/york/cs/net/sourcery-g++-lite-arm-eabi-2010.09.51-i686-1/bin/../lib/gcc/arm-none-eabi/4.5.1/thumb2/crtn.o
                0x00017c5c                . = ALIGN (0x4)
                0x00017c5c                __fini_array_start = .
 *(.fini_array)
 .fini_array    0x00017c5c        0x4 /opt/york/cs/net/sourcery-g++-lite-arm-eabi-2010.09.51-i686-1/bin/../lib/gcc/arm-none-eabi/4.5.1/thumb2/crtbegin.o
 *(SORT(.fini_array.*))
                0x00017c60                __fini_array_end = .
 *crtbegin.o(.dtors)
 *(EXCLUDE_FILE(*crtend.o) .dtors)
 *(SORT(.dtors.*))
 *crtend.o(.dtors)
                0x00017c60                . = ALIGN (0x4)
                0x00017c60                __cs3_regions = .
                0x00017c60        0x4 LONG 0x0
                0x00017c64        0x4 LONG 0x17c80 __cs3_region_init_ram
                0x00017c68        0x4 LONG 0x10000000 __cs3_region_start_ram
                0x00017c6c        0x4 LONG 0x610 __cs3_region_init_size_ram
                0x00017c70        0x4 LONG 0xc10 __cs3_region_zero_size_ram
                0x00017c74                __exidx_start = .

.v4_bx          0x00017c74        0x0
 .v4_bx         0x00000000        0x0 linker stubs

.ARM.exidx      0x00017c74        0x8
 *(.ARM.exidx* .gnu.linkonce.armexidx.*)
 .ARM.exidx.cs3.reset
                0x00017c74        0x8 /opt/york/cs/net/lpc1700-cmsis-lite-2011.01.26-i686-1/lib/startup_LPC17xx.o
 .ARM.exidx     0x00017c7c        0x0 /opt/york/cs/net/sourcery-g++-lite-arm-eabi-2010.09.51-i686-1/bin/../lib/gcc/arm-none-eabi/4.5.1/thumb2/libgcc.a(_divdi3.o)
                                  0x8 (size before relaxing)
 .ARM.exidx     0x00017c7c        0x0 /opt/york/cs/net/sourcery-g++-lite-arm-eabi-2010.09.51-i686-1/bin/../lib/gcc/arm-none-eabi/4.5.1/thumb2/libgcc.a(_udivdi3.o)
                                  0x8 (size before relaxing)
                0x00017c7c                __exidx_end = .

.text.align     0x00017c7c        0x4
                0x00017c80                . = ALIGN (0x8)
 *fill*         0x00017c7c        0x4 00
                0x00017c80                _etext = .
                0x00080000                __cs3_region_size_rom = 0x80000
                0x00000001                __cs3_region_num = 0x1

.data           0x10000000      0x610 load address 0x00017c80
                0x10000000                __cs3_region_start_ram = .
 *(.cs3.region-head.ram)
 *(.jcr)
 .jcr           0x10000000        0x0 /opt/york/cs/net/sourcery-g++-lite-arm-eabi-2010.09.51-i686-1/bin/../lib/gcc/arm-none-eabi/4.5.1/thumb2/crtbegin.o
 .jcr           0x10000000        0x4 /opt/york/cs/net/sourcery-g++-lite-arm-eabi-2010.09.51-i686-1/bin/../lib/gcc/arm-none-eabi/4.5.1/thumb2/crtend.o
 *(.got.plt)
 *(.got)
 *(.shdata)
 *(.data .data.* .gnu.linkonce.d.*)
 .data          0x10000004        0x0 /opt/york/cs/net/sourcery-g++-lite-arm-eabi-2010.09.51-i686-1/bin/../lib/gcc/arm-none-eabi/4.5.1/thumb2/crti.o
 .data          0x10000004        0x4 /opt/york/cs/net/sourcery-g++-lite-arm-eabi-2010.09.51-i686-1/bin/../lib/gcc/arm-none-eabi/4.5.1/thumb2/crtbegin.o
                0x10000004                __dso_handle
 .data          0x10000008        0x0 main.o
 .data.MenuText
                0x10000008       0x1c main.o
                0x10000008                MenuText
 .data.menuFuncs
                0x10000024       0x28 main.o
                0x10000024                menuFuncs
 .data.int_Handler_Funcs
                0x1000004c        0x4 main.o
                0x1000004c                int_Handler_Funcs
 .data          0x10000050        0x0 source/KeyAccess.o
 .data          0x10000050        0x0 source/LCD.o
 .data.clrLine  0x10000050       0x14 source/LCD.o
                0x10000050                clrLine
 .data.Init     0x10000064        0xc source/LCD.o
                0x10000064                Init
 .data          0x10000070        0x0 source/i2s.o
 .data.I2S_int_Handler_Funcs
                0x10000070        0xc source/i2s.o
 .data          0x1000007c        0x0 source/Wave.o
 .data          0x1000007c        0x0 source/Delay.o
 .data          0x1000007c        0x0 source/SerialIO.o
 .data          0x1000007c        0x0 source/interrupt_handlers.o
 .data          0x1000007c        0x0 source/I2C.o
 .data          0x1000007c        0x0 source/SD.o
 .data          0x1000007c        0x0 source/TLV320.o
 .data          0x1000007c        0x0 source/FatFS/ff.o
 .data          0x1000007c        0x0 source/FatFS/spi.o
 .data          0x1000007c        0x0 source/FatFS/mmc_176x_ssp.o
 .data          0x1000007c        0x0 source/FatFS/mmc.o
 .data.Stat     0x1000007c        0x1 source/FatFS/mmc.o
 .data          0x1000007d        0x0 source/FatFS/diskio.o
 .data          0x1000007d        0x0 /opt/york/cs/net/lpc1700-cmsis-lite-2011.01.26-i686-1/lib/core_cm3.o
 .data          0x1000007d        0x0 /opt/york/cs/net/lpc1700-cmsis-lite-2011.01.26-i686-1/lib/system_LPC17xx.o
 *fill*         0x1000007d        0x3 00
 .data.SystemCoreClock
                0x10000080        0x4 /opt/york/cs/net/lpc1700-cmsis-lite-2011.01.26-i686-1/lib/system_LPC17xx.o
                0x10000080                SystemCoreClock
 .data          0x10000084        0x0 /opt/york/cs/net/lpc1700-cmsis-lite-2011.01.26-i686-1/lib/startup_LPC17xx.o
 .data          0x10000084        0x0 /opt/york/cs/net/sourcery-g++-lite-arm-eabi-2010.09.51-i686-1/arm-none-eabi/lib/thumb2/libc.a(lib_a-atoi.o)
 .data          0x10000084        0x0 /opt/york/cs/net/sourcery-g++-lite-arm-eabi-2010.09.51-i686-1/arm-none-eabi/lib/thumb2/libc.a(lib_a-calloc.o)
 .data          0x10000084        0x0 /opt/york/cs/net/sourcery-g++-lite-arm-eabi-2010.09.51-i686-1/arm-none-eabi/lib/thumb2/libc.a(lib_a-callocr.o)
 .data          0x10000084       0xf4 /opt/york/cs/net/sourcery-g++-lite-arm-eabi-2010.09.51-i686-1/arm-none-eabi/lib/thumb2/libc.a(lib_a-impure.o)
                0x10000084                _impure_ptr
 .data          0x10000178        0x0 /opt/york/cs/net/sourcery-g++-lite-arm-eabi-2010.09.51-i686-1/arm-none-eabi/lib/thumb2/libc.a(lib_a-malloc.o)
 .data          0x10000178      0x410 /opt/york/cs/net/sourcery-g++-lite-arm-eabi-2010.09.51-i686-1/arm-none-eabi/lib/thumb2/libc.a(lib_a-mallocr.o)
                0x10000178                __malloc_av_
                0x10000580                __malloc_sbrk_base
                0x10000584                __malloc_trim_threshold
 .data          0x10000588        0x0 /opt/york/cs/net/sourcery-g++-lite-arm-eabi-2010.09.51-i686-1/arm-none-eabi/lib/thumb2/libc.a(lib_a-memcpy.o)
 .data          0x10000588        0x0 /opt/york/cs/net/sourcery-g++-lite-arm-eabi-2010.09.51-i686-1/arm-none-eabi/lib/thumb2/libc.a(lib_a-memset.o)
 .data          0x10000588        0x0 /opt/york/cs/net/sourcery-g++-lite-arm-eabi-2010.09.51-i686-1/arm-none-eabi/lib/thumb2/libc.a(lib_a-mlock.o)
 .data          0x10000588        0x0 /opt/york/cs/net/sourcery-g++-lite-arm-eabi-2010.09.51-i686-1/arm-none-eabi/lib/thumb2/libc.a(lib_a-sbrkr.o)
 .data          0x10000588        0x0 /opt/york/cs/net/sourcery-g++-lite-arm-eabi-2010.09.51-i686-1/arm-none-eabi/lib/thumb2/libc.a(lib_a-sprintf.o)
 .data          0x10000588        0x0 /opt/york/cs/net/sourcery-g++-lite-arm-eabi-2010.09.51-i686-1/arm-none-eabi/lib/thumb2/libc.a(lib_a-strchr.o)
 .data          0x10000588        0x0 /opt/york/cs/net/sourcery-g++-lite-arm-eabi-2010.09.51-i686-1/arm-none-eabi/lib/thumb2/libc.a(lib_a-strcpy.o)
 .data          0x10000588        0x0 /opt/york/cs/net/sourcery-g++-lite-arm-eabi-2010.09.51-i686-1/arm-none-eabi/lib/thumb2/libc.a(lib_a-strlen.o)
 .data          0x10000588        0x0 /opt/york/cs/net/sourcery-g++-lite-arm-eabi-2010.09.51-i686-1/arm-none-eabi/lib/thumb2/libc.a(lib_a-strncmp.o)
 .data          0x10000588        0x0 /opt/york/cs/net/sourcery-g++-lite-arm-eabi-2010.09.51-i686-1/arm-none-eabi/lib/thumb2/libc.a(lib_a-strncpy.o)
 .data          0x10000588        0x0 /opt/york/cs/net/sourcery-g++-lite-arm-eabi-2010.09.51-i686-1/arm-none-eabi/lib/thumb2/libc.a(lib_a-strtol.o)
 .data          0x10000588        0x0 /opt/york/cs/net/sourcery-g++-lite-arm-eabi-2010.09.51-i686-1/arm-none-eabi/lib/thumb2/libc.a(lib_a-svfprintf.o)
 .data          0x10000588        0x4 /opt/york/cs/net/sourcery-g++-lite-arm-eabi-2010.09.51-i686-1/arm-none-eabi/lib/thumb2/libc.a(lib_a-ctype_.o)
                0x10000588                __ctype_ptr__
 .data          0x1000058c        0x0 /opt/york/cs/net/sourcery-g++-lite-arm-eabi-2010.09.51-i686-1/arm-none-eabi/lib/thumb2/libc.a(lib_a-dtoa.o)
 .data          0x1000058c        0x0 /opt/york/cs/net/sourcery-g++-lite-arm-eabi-2010.09.51-i686-1/arm-none-eabi/lib/thumb2/libc.a(lib_a-freer.o)
 .data          0x1000058c       0x7c /opt/york/cs/net/sourcery-g++-lite-arm-eabi-2010.09.51-i686-1/arm-none-eabi/lib/thumb2/libc.a(lib_a-locale.o)
                0x100005ac                __mb_cur_max
 .data          0x10000608        0x0 /opt/york/cs/net/sourcery-g++-lite-arm-eabi-2010.09.51-i686-1/arm-none-eabi/lib/thumb2/libc.a(lib_a-memchr.o)
 .data          0x10000608        0x0 /opt/york/cs/net/sourcery-g++-lite-arm-eabi-2010.09.51-i686-1/arm-none-eabi/lib/thumb2/libc.a(lib_a-mprec.o)
 .data          0x10000608        0x0 /opt/york/cs/net/sourcery-g++-lite-arm-eabi-2010.09.51-i686-1/arm-none-eabi/lib/thumb2/libc.a(lib_a-reent.o)
 .data          0x10000608        0x0 /opt/york/cs/net/sourcery-g++-lite-arm-eabi-2010.09.51-i686-1/arm-none-eabi/lib/thumb2/libc.a(lib_a-s_fpclassify.o)
 .data          0x10000608        0x0 /opt/york/cs/net/sourcery-g++-lite-arm-eabi-2010.09.51-i686-1/arm-none-eabi/lib/thumb2/libc.a(lib_a-strcmp.o)
 .data          0x10000608        0x0 /opt/york/cs/net/sourcery-g++-lite-arm-eabi-2010.09.51-i686-1/arm-none-eabi/lib/thumb2/libc.a(lib_a-svfiprintf.o)
 .data          0x10000608        0x0 /opt/york/cs/net/sourcery-g++-lite-arm-eabi-2010.09.51-i686-1/arm-none-eabi/lib/thumb2/libc.a(lib_a-memmove.o)
 .data          0x10000608        0x0 /opt/york/cs/net/sourcery-g++-lite-arm-eabi-2010.09.51-i686-1/arm-none-eabi/lib/thumb2/libc.a(lib_a-reallocr.o)
 .data          0x10000608        0x0 /opt/york/cs/net/sourcery-g++-lite-arm-eabi-2010.09.51-i686-1/bin/../lib/gcc/arm-none-eabi/4.5.1/thumb2/libgcc.a(_udivsi3.o)
 .data          0x10000608        0x0 /opt/york/cs/net/sourcery-g++-lite-arm-eabi-2010.09.51-i686-1/bin/../lib/gcc/arm-none-eabi/4.5.1/thumb2/libgcc.a(_dvmd_tls.o)
 .data          0x10000608        0x0 /opt/york/cs/net/sourcery-g++-lite-arm-eabi-2010.09.51-i686-1/bin/../lib/gcc/arm-none-eabi/4.5.1/thumb2/libgcc.a(_arm_addsubdf3.o)
 .data          0x10000608        0x0 /opt/york/cs/net/sourcery-g++-lite-arm-eabi-2010.09.51-i686-1/bin/../lib/gcc/arm-none-eabi/4.5.1/thumb2/libgcc.a(_arm_muldivdf3.o)
 .data          0x10000608        0x0 /opt/york/cs/net/sourcery-g++-lite-arm-eabi-2010.09.51-i686-1/bin/../lib/gcc/arm-none-eabi/4.5.1/thumb2/libgcc.a(_arm_cmpdf2.o)
 .data          0x10000608        0x0 /opt/york/cs/net/sourcery-g++-lite-arm-eabi-2010.09.51-i686-1/bin/../lib/gcc/arm-none-eabi/4.5.1/thumb2/libgcc.a(_arm_fixdfsi.o)
 .data          0x10000608        0x0 /opt/york/cs/net/sourcery-g++-lite-arm-eabi-2010.09.51-i686-1/bin/../lib/gcc/arm-none-eabi/4.5.1/thumb2/libgcc.a(_arm_addsubsf3.o)
 .data          0x10000608        0x0 /opt/york/cs/net/sourcery-g++-lite-arm-eabi-2010.09.51-i686-1/bin/../lib/gcc/arm-none-eabi/4.5.1/thumb2/libgcc.a(_arm_muldivsf3.o)
 .data          0x10000608        0x0 /opt/york/cs/net/sourcery-g++-lite-arm-eabi-2010.09.51-i686-1/bin/../lib/gcc/arm-none-eabi/4.5.1/thumb2/libgcc.a(_aeabi_uldivmod.o)
 .data          0x10000608        0x0 /opt/york/cs/net/sourcery-g++-lite-arm-eabi-2010.09.51-i686-1/bin/../lib/gcc/arm-none-eabi/4.5.1/thumb2/libgcc.a(bpabi.o)
 .data          0x10000608        0x0 /opt/york/cs/net/sourcery-g++-lite-arm-eabi-2010.09.51-i686-1/bin/../lib/gcc/arm-none-eabi/4.5.1/thumb2/libgcc.a(_divdi3.o)
 .data          0x10000608        0x0 /opt/york/cs/net/sourcery-g++-lite-arm-eabi-2010.09.51-i686-1/bin/../lib/gcc/arm-none-eabi/4.5.1/thumb2/libgcc.a(_udivdi3.o)
 .data          0x10000608        0x0 /opt/york/cs/net/sourcery-g++-lite-arm-eabi-2010.09.51-i686-1/arm-none-eabi/lib/thumb2/libm.a(lib_a-s_sin.o)
 .data          0x10000608        0x0 /opt/york/cs/net/sourcery-g++-lite-arm-eabi-2010.09.51-i686-1/arm-none-eabi/lib/thumb2/libm.a(lib_a-e_rem_pio2.o)
 .data          0x10000608        0x0 /opt/york/cs/net/sourcery-g++-lite-arm-eabi-2010.09.51-i686-1/arm-none-eabi/lib/thumb2/libm.a(lib_a-k_cos.o)
 .data          0x10000608        0x0 /opt/york/cs/net/sourcery-g++-lite-arm-eabi-2010.09.51-i686-1/arm-none-eabi/lib/thumb2/libm.a(lib_a-k_rem_pio2.o)
 .data          0x10000608        0x0 /opt/york/cs/net/sourcery-g++-lite-arm-eabi-2010.09.51-i686-1/arm-none-eabi/lib/thumb2/libm.a(lib_a-k_sin.o)
 .data          0x10000608        0x0 /opt/york/cs/net/sourcery-g++-lite-arm-eabi-2010.09.51-i686-1/arm-none-eabi/lib/thumb2/libm.a(lib_a-s_fabs.o)
 .data          0x10000608        0x0 /opt/york/cs/net/sourcery-g++-lite-arm-eabi-2010.09.51-i686-1/arm-none-eabi/lib/thumb2/libm.a(lib_a-s_floor.o)
 .data          0x10000608        0x0 /opt/york/cs/net/sourcery-g++-lite-arm-eabi-2010.09.51-i686-1/arm-none-eabi/lib/thumb2/libm.a(lib_a-s_scalbn.o)
 .data          0x10000608        0x0 /opt/york/cs/net/sourcery-g++-lite-arm-eabi-2010.09.51-i686-1/arm-none-eabi/lib/thumb2/libm.a(lib_a-s_copysign.o)
 .data          0x10000608        0x0 /opt/york/cs/net/sourcery-g++-lite-arm-eabi-2010.09.51-i686-1/bin/../lib/gcc/arm-none-eabi/4.5.1/thumb2/libgcc.a(_divsi3.o)
 .data          0x10000608        0x0 /opt/york/cs/net/sourcery-g++-lite-arm-eabi-2010.09.51-i686-1/arm-none-eabi/lib/thumb2/libcs3.a(start_c.o)
 .data          0x10000608        0x4 /opt/york/cs/net/sourcery-g++-lite-arm-eabi-2010.09.51-i686-1/arm-none-eabi/lib/thumb2/libcs3unhosted.a(unhosted-sbrk.o)
 .data          0x1000060c        0x0 /opt/york/cs/net/sourcery-g++-lite-arm-eabi-2010.09.51-i686-1/arm-none-eabi/lib/thumb2/libcs3unhosted.a(unhosted-start.o)
 .data          0x1000060c        0x0 /opt/york/cs/net/sourcery-g++-lite-arm-eabi-2010.09.51-i686-1/arm-none-eabi/lib/thumb2/libc.a(lib_a-errno.o)
 .data          0x1000060c        0x0 /opt/york/cs/net/sourcery-g++-lite-arm-eabi-2010.09.51-i686-1/arm-none-eabi/lib/thumb2/libc.a(lib_a-init.o)
 .data          0x1000060c        0x4 /opt/york/cs/net/sourcery-g++-lite-arm-eabi-2010.09.51-i686-1/arm-none-eabi/lib/thumb2/libcs3.a(heap.o)
                0x1000060c                __cs3_heap_limit
 .data          0x10000610        0x0 /opt/york/cs/net/lpc1700-cmsis-lite-2011.01.26-i686-1/lib/libDriversLPC17xxgnu.a(lpc17xx_gpio.o)
 .data          0x10000610        0x0 /opt/york/cs/net/lpc1700-cmsis-lite-2011.01.26-i686-1/lib/libDriversLPC17xxgnu.a(lpc17xx_i2c.o)