Archive member included because of file (symbol)

/opt/york/cs/net/sourcery-g++-lite-arm-eabi-2010.09.51-i686-1/arm-none-eabi/lib/thumb2/libc.a(lib_a-atoi.o)
                              main.o (atoi)
/opt/york/cs/net/sourcery-g++-lite-arm-eabi-2010.09.51-i686-1/arm-none-eabi/lib/thumb2/libc.a(lib_a-malloc.o)
                              source/Wave.o (malloc)
/opt/york/cs/net/sourcery-g++-lite-arm-eabi-2010.09.51-i686-1/arm-none-eabi/lib/thumb2/libc.a(lib_a-mallocr.o)
                              /opt/york/cs/net/sourcery-g++-lite-arm-eabi-2010.09.51-i686-1/arm-none-eabi/lib/thumb2/libc.a(lib_a-malloc.o) (_malloc_r)
/opt/york/cs/net/sourcery-g++-lite-arm-eabi-2010.09.51-i686-1/arm-none-eabi/lib/thumb2/libc.a(lib_a-memcpy.o)
                              source/SD.o (memcpy)
/opt/york/cs/net/sourcery-g++-lite-arm-eabi-2010.09.51-i686-1/arm-none-eabi/lib/thumb2/libc.a(lib_a-memset.o)
                              main.o (memset)
/opt/york/cs/net/sourcery-g++-lite-arm-eabi-2010.09.51-i686-1/arm-none-eabi/lib/thumb2/libc.a(lib_a-mlock.o)
                              /opt/york/cs/net/sourcery-g++-lite-arm-eabi-2010.09.51-i686-1/arm-none-eabi/lib/thumb2/libc.a(lib_a-mallocr.o) (__malloc_lock)
/opt/york/cs/net/sourcery-g++-lite-arm-eabi-2010.09.51-i686-1/arm-none-eabi/lib/thumb2/libc.a(lib_a-sbrkr.o)
                              /opt/york/cs/net/sourcery-g++-lite-arm-eabi-2010.09.51-i686-1/arm-none-eabi/lib/thumb2/libc.a(lib_a-mallocr.o) (_sbrk_r)
/opt/york/cs/net/sourcery-g++-lite-arm-eabi-2010.09.51-i686-1/arm-none-eabi/lib/thumb2/libc.a(lib_a-sprintf.o)
                              main.o (sprintf)
/opt/york/cs/net/sourcery-g++-lite-arm-eabi-2010.09.51-i686-1/arm-none-eabi/lib/thumb2/libc.a(lib_a-strchr.o)
                              main.o (strchr)
/opt/york/cs/net/sourcery-g++-lite-arm-eabi-2010.09.51-i686-1/arm-none-eabi/lib/thumb2/libc.a(lib_a-strcpy.o)
                              source/SD.o (strcpy)
/opt/york/cs/net/sourcery-g++-lite-arm-eabi-2010.09.51-i686-1/arm-none-eabi/lib/thumb2/libc.a(lib_a-strlen.o)
                              main.o (strlen)
/opt/york/cs/net/sourcery-g++-lite-arm-eabi-2010.09.51-i686-1/arm-none-eabi/lib/thumb2/libc.a(lib_a-strncmp.o)
                              source/Wave.o (strncmp)
/opt/york/cs/net/sourcery-g++-lite-arm-eabi-2010.09.51-i686-1/arm-none-eabi/lib/thumb2/libc.a(lib_a-strncpy.o)
                              source/SerialIO.o (strncpy)
/opt/york/cs/net/sourcery-g++-lite-arm-eabi-2010.09.51-i686-1/arm-none-eabi/lib/thumb2/libc.a(lib_a-strtol.o)
                              /opt/york/cs/net/sourcery-g++-lite-arm-eabi-2010.09.51-i686-1/arm-none-eabi/lib/thumb2/libc.a(lib_a-atoi.o) (_strtol_r)
/opt/york/cs/net/sourcery-g++-lite-arm-eabi-2010.09.51-i686-1/arm-none-eabi/lib/thumb2/libc.a(lib_a-svfprintf.o)
                              /opt/york/cs/net/sourcery-g++-lite-arm-eabi-2010.09.51-i686-1/arm-none-eabi/lib/thumb2/libc.a(lib_a-sprintf.o) (_svfprintf_r)
/opt/york/cs/net/sourcery-g++-lite-arm-eabi-2010.09.51-i686-1/arm-none-eabi/lib/thumb2/libc.a(lib_a-ctype_.o)
                              /opt/york/cs/net/sourcery-g++-lite-arm-eabi-2010.09.51-i686-1/arm-none-eabi/lib/thumb2/libc.a(lib_a-strtol.o) (__ctype_ptr__)
/opt/york/cs/net/sourcery-g++-lite-arm-eabi-2010.09.51-i686-1/arm-none-eabi/lib/thumb2/libc.a(lib_a-dtoa.o)
                              /opt/york/cs/net/sourcery-g++-lite-arm-eabi-2010.09.51-i686-1/arm-none-eabi/lib/thumb2/libc.a(lib_a-svfprintf.o) (_dtoa_r)
/opt/york/cs/net/sourcery-g++-lite-arm-eabi-2010.09.51-i686-1/arm-none-eabi/lib/thumb2/libc.a(lib_a-freer.o)
                              /opt/york/cs/net/sourcery-g++-lite-arm-eabi-2010.09.51-i686-1/arm-none-eabi/lib/thumb2/libc.a(lib_a-malloc.o) (_free_r)
/opt/york/cs/net/sourcery-g++-lite-arm-eabi-2010.09.51-i686-1/arm-none-eabi/lib/thumb2/libc.a(lib_a-impure.o)
                              /opt/york/cs/net/sourcery-g++-lite-arm-eabi-2010.09.51-i686-1/arm-none-eabi/lib/thumb2/libc.a(lib_a-malloc.o) (_impure_ptr)
/opt/york/cs/net/sourcery-g++-lite-arm-eabi-2010.09.51-i686-1/arm-none-eabi/lib/thumb2/libc.a(lib_a-locale.o)
                              /opt/york/cs/net/sourcery-g++-lite-arm-eabi-2010.09.51-i686-1/arm-none-eabi/lib/thumb2/libc.a(lib_a-svfprintf.o) (_localeconv_r)
/opt/york/cs/net/sourcery-g++-lite-arm-eabi-2010.09.51-i686-1/arm-none-eabi/lib/thumb2/libc.a(lib_a-memchr.o)
                              /opt/york/cs/net/sourcery-g++-lite-arm-eabi-2010.09.51-i686-1/arm-none-eabi/lib/thumb2/libc.a(lib_a-svfprintf.o) (memchr)
/opt/york/cs/net/sourcery-g++-lite-arm-eabi-2010.09.51-i686-1/arm-none-eabi/lib/thumb2/libc.a(lib_a-mprec.o)
                              /opt/york/cs/net/sourcery-g++-lite-arm-eabi-2010.09.51-i686-1/arm-none-eabi/lib/thumb2/libc.a(lib_a-dtoa.o) (_Balloc)
/opt/york/cs/net/sourcery-g++-lite-arm-eabi-2010.09.51-i686-1/arm-none-eabi/lib/thumb2/libc.a(lib_a-reent.o)
[...]
Memory Configuration

Name             Origin             Length             Attributes
rom              0x00000000         0x00080000         xr
ram              0x10000000         0x00008000         xrw
ram1             0x2007c000         0x00004000         xrw
ram2             0x20080000         0x00004000         xrw
*default*        0x00000000         0xffffffff

Linker script and memory map

LOAD /opt/york/cs/net/sourcery-g++-lite-arm-eabi-2010.09.51-i686-1/bin/../lib/gcc/arm-none-eabi/4.5.1/thumb2/crti.o
LOAD /opt/york/cs/net/sourcery-g++-lite-arm-eabi-2010.09.51-i686-1/bin/../lib/gcc/arm-none-eabi/4.5.1/thumb2/crtbegin.o
LOAD main.o
LOAD source/KeyAccess.o
LOAD source/LCD.o
LOAD source/i2s.o
LOAD source/Wave.o
LOAD source/Delay.o
LOAD source/SerialIO.o
LOAD source/interrupt_handlers.o
LOAD source/I2C.o
LOAD source/SD.o
LOAD source/TLV320.o
LOAD source/FatFS/ff.o
LOAD source/FatFS/ffunicode.o
LOAD source/FatFS/mmc_176x_ssp.o
LOAD source/FatFS/diskio.o
LOAD /opt/york/cs/net/lpc1700-cmsis-lite-2011.01.26-i686-1/lib/core_cm3.o
LOAD /opt/york/cs/net/lpc1700-cmsis-lite-2011.01.26-i686-1/lib/system_LPC17xx.o
LOAD /opt/york/cs/net/lpc1700-cmsis-lite-2011.01.26-i686-1/lib/startup_LPC17xx.o
START GROUP
LOAD /opt/york/cs/net/sourcery-g++-lite-arm-eabi-2010.09.51-i686-1/arm-none-eabi/lib/thumb2/libc.a
LOAD /opt/york/cs/net/sourcery-g++-lite-arm-eabi-2010.09.51-i686-1/arm-none-eabi/lib/thumb2/libg.a
LOAD /opt/york/cs/net/sourcery-g++-lite-arm-eabi-2010.09.51-i686-1/arm-none-eabi/lib/thumb2/libstdc++.a
LOAD /opt/york/cs/net/sourcery-g++-lite-arm-eabi-2010.09.51-i686-1/arm-none-eabi/lib/thumb2/libsupc++.a
LOAD /opt/york/cs/net/sourcery-g++-lite-arm-eabi-2010.09.51-i686-1/bin/../lib/gcc/arm-none-eabi/4.5.1/thumb2/libgcc.a
LOAD /opt/york/cs/net/sourcery-g++-lite-arm-eabi-2010.09.51-i686-1/arm-none-eabi/lib/thumb2/libm.a
END GROUP
START GROUP
LOAD /opt/york/cs/net/sourcery-g++-lite-arm-eabi-2010.09.51-i686-1/bin/../lib/gcc/arm-none-eabi/4.5.1/thumb2/libgcc.a
LOAD /opt/york/cs/net/sourcery-g++-lite-arm-eabi-2010.09.51-i686-1/arm-none-eabi/lib/thumb2/libc.a
LOAD /opt/york/cs/net/sourcery-g++-lite-arm-eabi-2010.09.51-i686-1/arm-none-eabi/lib/thumb2/libcs3.a
LOAD /opt/york/cs/net/sourcery-g++-lite-arm-eabi-2010.09.51-i686-1/arm-none-eabi/lib/thumb2/libcs3unhosted.a
LOAD /opt/york/cs/net/sourcery-g++-lite-arm-eabi-2010.09.51-i686-1/arm-none-eabi/lib/thumb2/libcs3micro.a
END GROUP
                0x10008000                PROVIDE (__cs3_stack, (__cs3_region_start_ram + __cs3_region_size_ram))
                0x00007218                PROVIDE (__cs3_stack_size, ((__cs3_region_start_ram + __cs3_region_size_ram) - _end))
                0x10000de8                PROVIDE (__cs3_heap_start, _end)
                0x10008000                PROVIDE (__cs3_heap_end, (__cs3_region_start_ram + __cs3_region_size_ram))

.text           0x00000000    0x17464
 CREATE_OBJECT_SYMBOLS
                0x00000000                __cs3_region_start_rom = .
 *(.cs3.region-head.rom)
                0x00000000                __cs3_interrupt_vector = __cs3_interrupt_vector_cortex_m
 *(.cs3.interrupt_vector)
 .cs3.interrupt_vector
                0x00000000       0xcc /opt/york/cs/net/lpc1700-cmsis-lite-2011.01.26-i686-1/lib/startup_LPC17xx.o
                0x00000000                __cs3_interrupt_vector_cortex_m
                0x00000001                ASSERT ((. != __cs3_interrupt_vector_cortex_m), No interrupt vector)
 *(.rom)
 *(.rom.b)
                0x000000cc                __cs3_reset = __cs3_reset_cortex_m
 *(.cs3.reset)
 .cs3.reset     0x000000cc       0x10 /opt/york/cs/net/lpc1700-cmsis-lite-2011.01.26-i686-1/lib/startup_LPC17xx.o
                0x000000cc                __cs3_reset_cortex_m
                0x00000001                ASSERT ((. != __cs3_reset), No reset code)
 *(.text .text.* .gnu.linkonce.t.*)
 .text          0x000000dc        0x0 /opt/york/cs/net/sourcery-g++-lite-arm-eabi-2010.09.51-i686-1/bin/../lib/gcc/arm-none-eabi/4.5.1/thumb2/crti.o
 .text          0x000000dc       0x30 /opt/york/cs/net/sourcery-g++-lite-arm-eabi-2010.09.51-i686-1/bin/../lib/gcc/arm-none-eabi/4.5.1/thumb2/crtbegin.o
 .text          0x0000010c        0x0 main.o
 .text.NVIC_EnableIRQ
                0x0000010c       0x38 main.o
 .text.NVIC_DisableIRQ
                0x00000144       0x3c main.o
 .text.NVIC_SetPriority
                0x00000180       0x5c main.o
 .text.EINT3_IRQHandler
                0x000001dc       0xd0 main.o
                0x000001dc                EINT3_IRQHandler
 .text.IRQInit  0x000002ac       0xd8 main.o
                0x000002ac                IRQInit
 .text.DrawMenu
                0x00000384       0xf4 main.o
                0x00000384                DrawMenu
 .text.Menu     0x00000478      0x254 main.o
                0x00000478                Menu
 .text.I2S_PassThroughLoop
                0x000006cc       0x8c main.o
                0x000006cc                I2S_PassThroughLoop
 .text.I2S_PassThroughInterrupt
                0x00000758       0xa0 main.o
                0x00000758                I2S_PassThroughInterrupt
 .text.NewFileSelection
                0x000007f8       0xb8 main.o
                0x000007f8                NewFileSelection
 .text.FileSelection
                0x000008b0      0x194 main.o
                0x000008b0                FileSelection
 .text.PassThroughLoop
                0x00000a44       0x3c main.o
                0x00000a44                PassThroughLoop
 .text.Play_Audio
                0x00000a80       0x78 main.o
                0x00000a80                Play_Audio
 .text.Play     0x00000af8       0xac main.o
                0x00000af8                Play
 .text.UART_Mode
                0x00000ba4       0x98 main.o
                0x00000ba4                UART_Mode
 .text.FatRead  0x00000c3c      0x18c main.o
                0x00000c3c                FatRead
 .text.PC_Mode  0x00000dc8      0x380 main.o
                0x00000dc8                PC_Mode
 .text.main     0x00001148       0x3c main.o
                0x00001148                main
 .text.temp     0x00001184       0x18 main.o
                0x00001184                temp
 .text.SelectOne
                0x0000119c      0x180 main.o
                0x0000119c                SelectOne
 .text.A2       0x0000131c       0x94 main.o
                0x0000131c                A2
 .text.A1       0x000013b0       0xac main.o
                0x000013b0                A1
 .text.A3       0x0000145c        0xc main.o
                0x0000145c                A3
 .text.A4       0x00001468        0xc main.o
                0x00001468                A4
 .text.TextEntry
                0x00001474       0x98 main.o
                0x00001474                TextEntry
 .text          0x0000150c        0x0 source/KeyAccess.o
 .text.GetKeyInput
                0x0000150c       0x4c source/KeyAccess.o
                0x0000150c                GetKeyInput
 .text.DecodeInput
                0x00001558       0xc8 source/KeyAccess.o
                0x00001558                DecodeInput
 .text.GetKeyData
                0x00001620       0xb4 source/KeyAccess.o
                0x00001620                GetKeyData
 .text          0x000016d4        0x0 source/LCD.o
 .text.NVIC_SetPriority
                0x000016d4       0x5c source/LCD.o
 .text.SysTick_Config
                0x00001730       0x64 source/LCD.o
 .text.SendData
                0x00001794       0x3c source/LCD.o
                0x00001794                SendData
 .text.LCDEnable
                0x000017d0       0x34 source/LCD.o
                0x000017d0                LCDEnable
 .text.LCDDisable
                0x00001804       0x34 source/LCD.o
                0x00001804                LCDDisable
 .text.LCDGoHome
                0x00001838       0x34 source/LCD.o
                0x00001838                LCDGoHome
 .text.LCDNewLine
                0x0000186c       0x34 source/LCD.o
                0x0000186c                LCDNewLine
 .text.LCDCursorShift
                0x000018a0       0x58 source/LCD.o
                0x000018a0                LCDCursorShift
 .text.LCDInit  0x000018f8       0x18 source/LCD.o
                0x000018f8                LCDInit
 .text.LCDClear
                0x00001910       0x88 source/LCD.o
                0x00001910                LCDClear
 .text.LCDPrint
                0x00001998      0x114 source/LCD.o
                0x00001998                LCDPrint
 .text.main_LDCPrintHelloWorld
                0x00001aac       0x68 source/LCD.o
                0x00001aac                main_LDCPrintHelloWorld
 .text          0x00001b14        0x0 source/i2s.o
 .text.NVIC_EnableIRQ
                0x00001b14       0x38 source/i2s.o
 .text.NVIC_DisableIRQ
                0x00001b4c       0x3c source/i2s.o
 .text.NVIC_SetPriority
                0x00001b88       0x5c source/i2s.o
 .text.I2S_IRQHandler
                0x00001be4       0x20 source/i2s.o
                0x00001be4                I2S_IRQHandler
 .text.i2s_int_Passthrough
                0x00001c04      0x154 source/i2s.o
                0x00001c04                i2s_int_Passthrough
 .text.i2s_playSound
                0x00001d58       0x8c source/i2s.o
                0x00001d58                i2s_playSound
 .text.i2s_wav_play_16_bit
                0x00001de4      0x160 source/i2s.o
                0x00001de4                i2s_wav_play_16_bit
 .text.Init_I2S_Wav
                0x00001f44      0x1a8 source/i2s.o
                0x00001f44                Init_I2S_Wav
 .text.I2S_Polling_Init
                0x000020ec      0x1f8 source/i2s.o
                0x000020ec                I2S_Polling_Init
 *fill*         0x000022e4        0x4 00
 .text.I2S_Create_Sine
                0x000022e8      0x160 source/i2s.o
                0x000022e8                I2S_Create_Sine
 .text.I2S_BaseInit
                0x00002448      0x108 source/i2s.o
                0x00002448                I2S_BaseInit
 .text.I2S_Polling_Read
                0x00002550       0x84 source/i2s.o
                0x00002550                I2S_Polling_Read
 .text.I2S_Polling_Write
                0x000025d4       0x5c source/i2s.o
                0x000025d4                I2S_Polling_Write
 .text.ConfInit
                0x00002630       0x68 source/i2s.o
                0x00002630                ConfInit
 .text.ClockInit
                0x00002698       0x54 source/i2s.o
                0x00002698                ClockInit
 .text          0x000026ec        0x0 source/Wave.o
 .text.Wav_Init
                0x000026ec      0x2d4 source/Wave.o
                0x000026ec                Wav_Init
 .text.Wav_Read_head_buffer
                0x000029c0       0x14 source/Wave.o
                0x000029c0                Wav_Read_head_buffer
 .text          0x000029d4        0x0 source/Delay.o
 .text.NVIC_SetPriority
                0x000029d4       0x5c source/Delay.o
 .text.SysTick_Config
                0x00002a30       0x64 source/Delay.o
 .text.SysTick_Handler
                0x00002a94       0x24 source/Delay.o
                0x00002a94                SysTick_Handler
 .text.Delay    0x00002ab8       0x34 source/Delay.o
                0x00002ab8                Delay
 .text.DelayInit
                0x00002aec       0x2c source/Delay.o
                0x00002aec                DelayInit
 .text          0x00002b18        0x0 source/SerialIO.o
 .text.NVIC_EnableIRQ
                0x00002b18       0x38 source/SerialIO.o
 .text.NVIC_DisableIRQ
                0x00002b50       0x3c source/SerialIO.o
 .text.NVIC_SetPriority
                0x00002b8c       0x5c source/SerialIO.o
 .text.UART0_IRQHandler
                0x00002be8       0x4c source/SerialIO.o
                0x00002be8                UART0_IRQHandler
 .text.ReceiveText
                0x00002c34       0xe8 source/SerialIO.o
                0x00002c34                ReceiveText
 .text.ReadText
                0x00002d1c       0xa4 source/SerialIO.o
                0x00002d1c                ReadText
 .text.AddTextToBuffer
                0x00002dc0       0xa4 source/SerialIO.o
                0x00002dc0                AddTextToBuffer
 .text.ProcessBuffer
                0x00002e64      0x168 source/SerialIO.o
                0x00002e64                ProcessBuffer
 .text.TransmitText
                0x00002fcc      0x10c source/SerialIO.o
                0x00002fcc                TransmitText
 .text.InitSerial
                0x000030d8       0x90 source/SerialIO.o
                0x000030d8                InitSerial
 .text.WriteText
                0x00003168       0x30 source/SerialIO.o
                0x00003168                WriteText
 .text.write_usb_serial_blocking
                0x00003198       0x2c source/SerialIO.o
                0x00003198                write_usb_serial_blocking
 .text.InitSerInterrupts
                0x000031c4      0x154 source/SerialIO.o
                0x000031c4                InitSerInterrupts
 .text.EnableSerInterrupts
                0x00003318       0x10 source/SerialIO.o
                0x00003318                EnableSerInterrupts
 .text.DisableSerInterrupts
                0x00003328       0x10 source/SerialIO.o
                0x00003328                DisableSerInterrupts
 .text          0x00003338        0x0 source/interrupt_handlers.o
 .text.NVIC_DisableIRQ
                0x00003338       0x3c source/interrupt_handlers.o
 .text.I2S_PassThroughInt_Handler
                0x00003374       0x10 source/interrupt_handlers.o
                0x00003374                I2S_PassThroughInt_Handler
 .text          0x00003384        0x0 source/I2C.o
 .text.I2CInit  0x00003384       0x30 source/I2C.o
                0x00003384                I2CInit
 .text.SetupVals
                0x000033b4       0x54 source/I2C.o
                0x000033b4                SetupVals
 .text.SetupPINS
                0x00003408       0x44 source/I2C.o
                0x00003408                SetupPINS
 .text          0x0000344c        0x0 source/SD.o
 .text.NVIC_EnableIRQ
                0x0000344c       0x38 source/SD.o
 .text.NVIC_DisableIRQ
                0x00003484       0x3c source/SD.o
 .text.SDPrintFresult
                0x000034c0       0x70 source/SD.o
                0x000034c0                SDPrintFresult
 .text.sd_init  0x00003530       0x50 source/SD.o
                0x00003530                sd_init
 .text.sd_deinit
                0x00003580       0x1c source/SD.o
                0x00003580                sd_deinit
 .text.SDMallocFilenames
                0x0000359c       0x50 source/SD.o
                0x0000359c                SDMallocFilenames
 .text.SDFreeFilenames
                0x000035ec       0x44 source/SD.o
                0x000035ec                SDFreeFilenames
 .text.SDGetDirectories
                0x00003630       0xd8 source/SD.o
                0x00003630                SDGetDirectories
 .text.SDGetFiles
                0x00003708      0x154 source/SD.o
                0x00003708                SDGetFiles
 .text.SD_READ  0x0000385c       0x54 source/SD.o
                0x0000385c                SD_READ
 .text.SD_WRITE
                0x000038b0       0x54 source/SD.o
                0x000038b0                SD_WRITE
 .text          0x00003904        0x0 source/TLV320.o
 .text.TLV320_ChangeInputVolume
                0x00003904       0x38 source/TLV320.o
                0x00003904                TLV320_ChangeInputVolume
 .text.TLV320_ChangeOutputVolume
                0x0000393c       0x40 source/TLV320.o
                0x0000393c                TLV320_ChangeOutputVolume
 .text.TLV320_EnablePassThrough
                0x0000397c       0x28 source/TLV320.o
                0x0000397c                TLV320_EnablePassThrough
 .text.TLV320_DisablePassThrough
                0x000039a4       0x30 source/TLV320.o
                0x000039a4                TLV320_DisablePassThrough
 .text.TLV320_Setup
                0x000039d4       0x28 source/TLV320.o
                0x000039d4                TLV320_Setup
 .text.TLV320_EnableDAC
                0x000039fc       0x2c source/TLV320.o
                0x000039fc                TLV320_EnableDAC
 .text.TLV320_EnableOutput
                0x00003a28       0x2c source/TLV320.o
                0x00003a28                TLV320_EnableOutput
 .text.TLV320_Start_I2S_Polling_Passthrough
                0x00003a54       0x38 source/TLV320.o
                0x00003a54                TLV320_Start_I2S_Polling_Passthrough
 .text.TLV320_PlayWav
                0x00003a8c       0x38 source/TLV320.o
                0x00003a8c                TLV320_PlayWav
 .text.TLV320_SendData
                0x00003ac4       0x64 source/TLV320.o
                0x00003ac4                TLV320_SendData
 .text          0x00003b28        0x0 source/FatFS/ff.o
 .text.ld_word  0x00003b28       0x34 source/FatFS/ff.o
 .text.ld_dword
                0x00003b5c       0x58 source/FatFS/ff.o
 .text.st_word  0x00003bb4       0x40 source/FatFS/ff.o
 .text.st_dword
                0x00003bf4       0x6c source/FatFS/ff.o
 .text.mem_cpy  0x00003c60       0x4c source/FatFS/ff.o
 .text.mem_set  0x00003cac       0x38 source/FatFS/ff.o
 .text.mem_cmp  0x00003ce4       0x5c source/FatFS/ff.o
 .text.chk_chr  0x00003d40       0x38 source/FatFS/ff.o
 .text.dbc_1st  0x00003d78       0x68 source/FatFS/ff.o
 .text.dbc_2nd  0x00003de0       0x8c source/FatFS/ff.o
 .text.sync_window
                0x00003e6c       0x90 source/FatFS/ff.o
 .text.move_window
                0x00003efc       0x68 source/FatFS/ff.o
 .text.sync_fs  0x00003f64       0xf8 source/FatFS/ff.o
 .text.clst2sect
                0x0000405c       0x44 source/FatFS/ff.o
 .text.get_fat  0x000040a0      0x180 source/FatFS/ff.o
 .text.put_fat  0x00004220      0x218 source/FatFS/ff.o
 .text.remove_chain
                0x00004438       0xdc source/FatFS/ff.o
 .text.create_chain
                0x00004514      0x1c4 source/FatFS/ff.o
 .text.dir_clear
                0x000046d8       0xa4 source/FatFS/ff.o
 .text.dir_sdi  0x0000477c      0x114 source/FatFS/ff.o
 .text.dir_next
                0x00004890      0x164 source/FatFS/ff.o
 .text.dir_alloc
                0x000049f4       0x9c source/FatFS/ff.o
 .text.ld_clust
                0x00004a90       0x48 source/FatFS/ff.o
 .text.st_clust
                0x00004ad8       0x44 source/FatFS/ff.o
 .text.dir_read
                0x00004b1c       0xc4 source/FatFS/ff.o
 .text.dir_find
                0x00004be0       0xbc source/FatFS/ff.o
 .text.dir_register
                0x00004c9c       0x74 source/FatFS/ff.o
 .text.dir_remove
                0x00004d10       0x44 source/FatFS/ff.o
 .text.get_fileinfo
                0x00004d54       0xf4 source/FatFS/ff.o
 .text.get_achar
                0x00004e48       0x7c source/FatFS/ff.o
 .text.pattern_matching
                0x00004ec4      0x128 source/FatFS/ff.o
 .text.create_name
                0x00004fec      0x258 source/FatFS/ff.o
 .text.follow_path
                0x00005244      0x140 source/FatFS/ff.o
 .text.get_ldnumber
                0x00005384       0x9c source/FatFS/ff.o
 .text.check_fs
                0x00005420       0xcc source/FatFS/ff.o
 .text.find_volume
                0x000054ec      0x540 source/FatFS/ff.o
 .text.validate
                0x00005a2c       0x74 source/FatFS/ff.o
 .text.f_mount  0x00005aa0       0x98 source/FatFS/ff.o
                0x00005aa0                f_mount
 .text.f_open   0x00005b38      0x354 source/FatFS/ff.o
                0x00005b38                f_open
 .text.f_read   0x00005e8c      0x2b8 source/FatFS/ff.o
                0x00005e8c                f_read
 .text.f_write  0x00006144      0x324 source/FatFS/ff.o
                0x00006144                f_write
 .text.f_sync   0x00006468      0x11c source/FatFS/ff.o
                0x00006468                f_sync
 .text.f_close  0x00006584       0x44 source/FatFS/ff.o
                0x00006584                f_close
 .text.f_chdrive
                0x000065c8       0x3c source/FatFS/ff.o
                0x000065c8                f_chdrive
 .text.f_chdir  0x00006604       0xa4 source/FatFS/ff.o
                0x00006604                f_chdir
 .text.f_getcwd
                0x000066a8      0x220 source/FatFS/ff.o
                0x000066a8                f_getcwd
 .text.f_lseek  0x000068c8      0x2a4 source/FatFS/ff.o
                0x000068c8                f_lseek
 .text.f_opendir
                0x00006b6c       0xc4 source/FatFS/ff.o
                0x00006b6c                f_opendir
 .text.f_closedir
                0x00006c30       0x34 source/FatFS/ff.o
                0x00006c30                f_closedir
 .text.f_readdir
                0x00006c64       0x88 source/FatFS/ff.o
                0x00006c64                f_readdir
 .text.f_findnext
                0x00006cec       0x5c source/FatFS/ff.o
                0x00006cec                f_findnext
 .text.f_findfirst
                0x00006d48       0x40 source/FatFS/ff.o
                0x00006d48                f_findfirst
 .text.f_stat   0x00006d88       0x80 source/FatFS/ff.o
                0x00006d88                f_stat
 .text.f_getfree
                0x00006e08      0x198 source/FatFS/ff.o
                0x00006e08                f_getfree
 .text.f_truncate
                0x00006fa0      0x148 source/FatFS/ff.o
                0x00006fa0                f_truncate
 .text.f_unlink
                0x000070e8      0x18c source/FatFS/ff.o
                0x000070e8                f_unlink
 .text.f_mkdir  0x00007274      0x1f8 source/FatFS/ff.o
                0x00007274                f_mkdir
 .text.f_rename
                0x0000746c      0x228 source/FatFS/ff.o
                0x0000746c                f_rename
 .text.f_chmod  0x00007694       0xd0 source/FatFS/ff.o
                0x00007694                f_chmod
 .text.f_utime  0x00007764       0xb4 source/FatFS/ff.o
                0x00007764                f_utime
 .text.f_getlabel
                0x00007818      0x164 source/FatFS/ff.o
                0x00007818                f_getlabel
 .text.f_setlabel
                0x0000797c      0x270 source/FatFS/ff.o
                0x0000797c                f_setlabel
 .text.f_mkfs   0x00007bec      0x9d8 source/FatFS/ff.o
                0x00007bec                f_mkfs
 .text.f_gets   0x000085c4       0x8c source/FatFS/ff.o
                0x000085c4                f_gets
 .text.putc_bfd
                0x00008650       0x80 source/FatFS/ff.o
 .text.putc_flush
                0x000086d0       0x50 source/FatFS/ff.o
 .text.putc_init
                0x00008720       0x28 source/FatFS/ff.o
 .text.f_putc   0x00008748       0x3c source/FatFS/ff.o
                0x00008748                f_putc
 .text.f_puts   0x00008784       0x50 source/FatFS/ff.o
                0x00008784                f_puts
 .text.f_printf
                0x000087d4      0x524 source/FatFS/ff.o
                0x000087d4                f_printf
 .text          0x00008cf8        0x0 source/FatFS/ffunicode.o
 .text          0x00008cf8        0x0 source/FatFS/mmc_176x_ssp.o
 .text.xchg_spi
                0x00008cf8       0x44 source/FatFS/mmc_176x_ssp.o
 .text.rcvr_spi_multi
                0x00008d3c      0x134 source/FatFS/mmc_176x_ssp.o
 .text.xmit_spi_multi
                0x00008e70      0x134 source/FatFS/mmc_176x_ssp.o
 .text.wait_ready
                0x00008fa4       0x48 source/FatFS/mmc_176x_ssp.o
 .text.deselect
                0x00008fec       0x1c source/FatFS/mmc_176x_ssp.o
 .text.select   0x00009008       0x3c source/FatFS/mmc_176x_ssp.o
 .text.power_on
                0x00009044      0x104 source/FatFS/mmc_176x_ssp.o
 .text.power_off
                0x00009148       0x10 source/FatFS/mmc_176x_ssp.o
 .text.rcvr_datablock
                0x00009158       0x6c source/FatFS/mmc_176x_ssp.o
 .text.xmit_datablock
                0x000091c4       0x74 source/FatFS/mmc_176x_ssp.o
 .text.send_cmd
                0x00009238       0xfc source/FatFS/mmc_176x_ssp.o
 .text.disk_initialize
                0x00009334      0x25c source/FatFS/mmc_176x_ssp.o
                0x00009334                disk_initialize
 .text.disk_status
                0x00009590       0x30 source/FatFS/mmc_176x_ssp.o
                0x00009590                disk_status
 .text.disk_read
                0x000095c0       0xd0 source/FatFS/mmc_176x_ssp.o
                0x000095c0                disk_read
 .text.disk_write
                0x00009690      0x128 source/FatFS/mmc_176x_ssp.o
                0x00009690                disk_write
 .text.disk_ioctl
                0x000097b8      0x578 source/FatFS/mmc_176x_ssp.o
                0x000097b8                disk_ioctl
 .text.disk_timerproc
                0x00009d30       0xa4 source/FatFS/mmc_176x_ssp.o
                0x00009d30                disk_timerproc
 .text          0x00009dd4        0x0 source/FatFS/diskio.o
 .text          0x00009dd4        0x0 /opt/york/cs/net/lpc1700-cmsis-lite-2011.01.26-i686-1/lib/core_cm3.o
 .text          0x00009dd4        0x0 /opt/york/cs/net/lpc1700-cmsis-lite-2011.01.26-i686-1/lib/system_LPC17xx.o
 .text.SystemCoreClockUpdate
                0x00009dd4      0x228 /opt/york/cs/net/lpc1700-cmsis-lite-2011.01.26-i686-1/lib/system_LPC17xx.o
                0x00009dd4                SystemCoreClockUpdate
 .text.SystemInit
                0x00009ffc      0x240 /opt/york/cs/net/lpc1700-cmsis-lite-2011.01.26-i686-1/lib/system_LPC17xx.o
                0x00009ffc                SystemInit
 .text          0x0000a23c       0x14 /opt/york/cs/net/lpc1700-cmsis-lite-2011.01.26-i686-1/lib/startup_LPC17xx.o
                0x0000a23c                NMI_Handler
                0x0000a23e                HardFault_Handler
                0x0000a240                MemManage_Handler
                0x0000a242                BusFault_Handler
                0x0000a244                UsageFault_Handler
                0x0000a246                SVC_Handler
                0x0000a248                DebugMon_Handler
                0x0000a24a                PendSV_Handler
                0x0000a24e                TIMER2_IRQHandler
                0x0000a24e                RIT_IRQHandler
                0x0000a24e                I2C0_IRQHandler
                0x0000a24e                USBActivity_IRQHandler
                0x0000a24e                PWM1_IRQHandler
                0x0000a24e                I2C1_IRQHandler
                0x0000a24e                EINT2_IRQHandler
                0x0000a24e                UART1_IRQHandler
                0x0000a24e                CANActivity_IRQHandler
                0x0000a24e                TIMER3_IRQHandler
                0x0000a24e                PLL0_IRQHandler
                0x0000a24e                CAN_IRQHandler
                0x0000a24e                PLL1_IRQHandler
                0x0000a24e                SSP0_IRQHandler
                0x0000a24e                I2C2_IRQHandler
                0x0000a24e                RTC_IRQHandler
                0x0000a24e                TIMER0_IRQHandler
                0x0000a24e                SPI_IRQHandler
                0x0000a24e                EINT1_IRQHandler
                0x0000a24e                TIMER1_IRQHandler
                0x0000a24e                UART2_IRQHandler
                0x0000a24e                Default_Handler
                0x0000a24e                ADC_IRQHandler
                0x0000a24e                SSP1_IRQHandler
                0x0000a24e                USB_IRQHandler
                0x0000a24e                BOD_IRQHandler
                0x0000a24e                WDT_IRQHandler
                0x0000a24e                QEI_IRQHandler
                0x0000a24e                EINT0_IRQHandler
                0x0000a24e                DMA_IRQHandler
                0x0000a24e                UART3_IRQHandler
                0x0000a24e                MCPWM_IRQHandler
                0x0000a24e                ENET_IRQHandler
 .text          0x0000a250       0x10 /opt/york/cs/net/sourcery-g++-lite-arm-eabi-2010.09.51-i686-1/arm-none-eabi/lib/thumb2/libc.a(lib_a-atoi.o)
                0x0000a250                atoi
                0x0000a258                _atoi_r
 .text          0x0000a260       0x20 /opt/york/cs/net/sourcery-g++-lite-arm-eabi-2010.09.51-i686-1/arm-none-eabi/lib/thumb2/libc.a(lib_a-malloc.o)
                0x0000a260                malloc
                0x0000a270                free
 .text          0x0000a280      0x57c /opt/york/cs/net/sourcery-g++-lite-arm-eabi-2010.09.51-i686-1/arm-none-eabi/lib/thumb2/libc.a(lib_a-mallocr.o)
                0x0000a280                _malloc_r
 .text          0x0000a7fc      0x150 /opt/york/cs/net/sourcery-g++-lite-arm-eabi-2010.09.51-i686-1/arm-none-eabi/lib/thumb2/libc.a(lib_a-memcpy.o)
                0x0000a7fc                memcpy
 .text          0x0000a94c       0xb4 /opt/york/cs/net/sourcery-g++-lite-arm-eabi-2010.09.51-i686-1/arm-none-eabi/lib/thumb2/libc.a(lib_a-memset.o)
                0x0000a94c                memset
 .text          0x0000aa00        0x8 /opt/york/cs/net/sourcery-g++-lite-arm-eabi-2010.09.51-i686-1/arm-none-eabi/lib/thumb2/libc.a(lib_a-mlock.o)
                0x0000aa00                __malloc_lock
                0x0000aa04                __malloc_unlock
 .text          0x0000aa08       0x28 /opt/york/cs/net/sourcery-g++-lite-arm-eabi-2010.09.51-i686-1/arm-none-eabi/lib/thumb2/libc.a(lib_a-sbrkr.o)
                0x0000aa08                _sbrk_r
 .text          0x0000aa30       0x94 /opt/york/cs/net/sourcery-g++-lite-arm-eabi-2010.09.51-i686-1/arm-none-eabi/lib/thumb2/libc.a(lib_a-sprintf.o)
                0x0000aa30                _sprintf_r
                0x0000aa74                sprintf
 .text          0x0000aac4      0x10c /opt/york/cs/net/sourcery-g++-lite-arm-eabi-2010.09.51-i686-1/arm-none-eabi/lib/thumb2/libc.a(lib_a-strchr.o)
                0x0000aac4                strchr
 .text          0x0000abd0       0xbc /opt/york/cs/net/sourcery-g++-lite-arm-eabi-2010.09.51-i686-1/arm-none-eabi/lib/thumb2/libc.a(lib_a-strcpy.o)
                0x0000abd0                strcpy
 .text          0x0000ac8c       0x60 /opt/york/cs/net/sourcery-g++-lite-arm-eabi-2010.09.51-i686-1/arm-none-eabi/lib/thumb2/libc.a(lib_a-strlen.o)
                0x0000ac8c                strlen
 .text          0x0000acec       0xa0 /opt/york/cs/net/sourcery-g++-lite-arm-eabi-2010.09.51-i686-1/arm-none-eabi/lib/thumb2/libc.a(lib_a-strncmp.o)
                0x0000acec                strncmp
 .text          0x0000ad8c       0x7c /opt/york/cs/net/sourcery-g++-lite-arm-eabi-2010.09.51-i686-1/arm-none-eabi/lib/thumb2/libc.a(lib_a-strncpy.o)
                0x0000ad8c                strncpy
 .text          0x0000ae08      0x17c /opt/york/cs/net/sourcery-g++-lite-arm-eabi-2010.09.51-i686-1/arm-none-eabi/lib/thumb2/libc.a(lib_a-strtol.o)
                0x0000ae08                _strtol_r
                0x0000af6c                strtol
 .text          0x0000af84     0x1658 /opt/york/cs/net/sourcery-g++-lite-arm-eabi-2010.09.51-i686-1/arm-none-eabi/lib/thumb2/libc.a(lib_a-svfprintf.o)
                0x0000af84                _svfprintf_r
 .text          0x0000c5dc        0x0 /opt/york/cs/net/sourcery-g++-lite-arm-eabi-2010.09.51-i686-1/arm-none-eabi/lib/thumb2/libc.a(lib_a-ctype_.o)
 *fill*         0x0000c5dc        0x4 00
 .text          0x0000c5e0     0x1000 /opt/york/cs/net/sourcery-g++-lite-arm-eabi-2010.09.51-i686-1/arm-none-eabi/lib/thumb2/libc.a(lib_a-dtoa.o)
                0x0000c70c                _dtoa_r
 .text          0x0000d5e0      0x240 /opt/york/cs/net/sourcery-g++-lite-arm-eabi-2010.09.51-i686-1/arm-none-eabi/lib/thumb2/libc.a(lib_a-freer.o)
                0x0000d5e0                _malloc_trim_r
                0x0000d688                _free_r
 .text          0x0000d820        0x0 /opt/york/cs/net/sourcery-g++-lite-arm-eabi-2010.09.51-i686-1/arm-none-eabi/lib/thumb2/libc.a(lib_a-impure.o)
 .text          0x0000d820       0xa0 /opt/york/cs/net/sourcery-g++-lite-arm-eabi-2010.09.51-i686-1/arm-none-eabi/lib/thumb2/libc.a(lib_a-locale.o)
                0x0000d820                _setlocale_r
                0x0000d87c                __locale_charset
                0x0000d888                __locale_mb_cur_max
                0x0000d894                __locale_msgcharset
                0x0000d89c                __locale_cjk_lang
                0x0000d8a0                _localeconv_r
                0x0000d8a8                setlocale
                0x0000d8b8                localeconv
 .text          0x0000d8c0       0x88 /opt/york/cs/net/sourcery-g++-lite-arm-eabi-2010.09.51-i686-1/arm-none-eabi/lib/thumb2/libc.a(lib_a-memchr.o)
                0x0000d8c0                memchr
 .text          0x0000d948      0x920 /opt/york/cs/net/sourcery-g++-lite-arm-eabi-2010.09.51-i686-1/arm-none-eabi/lib/thumb2/libc.a(lib_a-mprec.o)
                0x0000d948                _Balloc
                0x0000d9b0                _Bfree
                0x0000d9e8                __multadd
                0x0000da6c                __s2b
                0x0000db00                __hi0bits
                0x0000db40                __lo0bits
                0x0000dba4                __i2b
                0x0000dbb8                __multiply
                0x0000dce0                __pow5mult
                0x0000dd84                __lshift
                0x0000de30                __mcmp
                0x0000de6c                __mdiff
                0x0000df64                __ulp
                0x0000dfac                __b2d
                0x0000e058                __d2b
                0x0000e120                __ratio
                0x0000e190                _mprec_log10
                0x0000e1c4                __copybits
                0x0000e20c                __any_on
 .text          0x0000e268      0x114 /opt/york/cs/net/sourcery-g++-lite-arm-eabi-2010.09.51-i686-1/arm-none-eabi/lib/thumb2/libc.a(lib_a-reent.o)
                0x0000e268                cleanup_glue
                0x0000e284                _reclaim_reent
                0x0000e344                _wrapup_reent
 .text          0x0000e37c       0x90 /opt/york/cs/net/sourcery-g++-lite-arm-eabi-2010.09.51-i686-1/arm-none-eabi/lib/thumb2/libc.a(lib_a-s_fpclassify.o)
                0x0000e37c                __fpclassifyd
 .text          0x0000e40c      0x1dc /opt/york/cs/net/sourcery-g++-lite-arm-eabi-2010.09.51-i686-1/arm-none-eabi/lib/thumb2/libc.a(lib_a-strcmp.o)
                0x0000e40c                strcmp
 .text          0x0000e5e8      0xbe4 /opt/york/cs/net/sourcery-g++-lite-arm-eabi-2010.09.51-i686-1/arm-none-eabi/lib/thumb2/libc.a(lib_a-svfiprintf.o)
                0x0000e5e8                __ssprint_r
                0x0000e6f0                _svfiprintf_r
 .text          0x0000f1cc       0x5c /opt/york/cs/net/sourcery-g++-lite-arm-eabi-2010.09.51-i686-1/arm-none-eabi/lib/thumb2/libc.a(lib_a-callocr.o)
                0x0000f1cc                _calloc_r
 .text          0x0000f228       0xa0 /opt/york/cs/net/sourcery-g++-lite-arm-eabi-2010.09.51-i686-1/arm-none-eabi/lib/thumb2/libc.a(lib_a-memmove.o)
                0x0000f228                memmove
 .text          0x0000f2c8      0x41c /opt/york/cs/net/sourcery-g++-lite-arm-eabi-2010.09.51-i686-1/arm-none-eabi/lib/thumb2/libc.a(lib_a-reallocr.o)
                0x0000f2c8                _realloc_r
 *fill*         0x0000f6e4        0x4 00
 .text          0x0000f6e8      0x278 /opt/york/cs/net/sourcery-g++-lite-arm-eabi-2010.09.51-i686-1/bin/../lib/gcc/arm-none-eabi/4.5.1/thumb2/libgcc.a(_udivsi3.o)
                0x0000f6e8                __udivsi3
                0x0000f6e8                __aeabi_uidiv
                0x0000f944                __aeabi_uidivmod
 .text          0x0000f960        0x4 /opt/york/cs/net/sourcery-g++-lite-arm-eabi-2010.09.51-i686-1/bin/../lib/gcc/arm-none-eabi/4.5.1/thumb2/libgcc.a(_dvmd_tls.o)
                0x0000f960                __aeabi_ldiv0
                0x0000f960                __aeabi_idiv0
 .text          0x0000f964      0x370 /opt/york/cs/net/sourcery-g++-lite-arm-eabi-2010.09.51-i686-1/bin/../lib/gcc/arm-none-eabi/4.5.1/thumb2/libgcc.a(_arm_addsubdf3.o)
                0x0000f964                __aeabi_drsub
                0x0000f96c                __aeabi_dsub
                0x0000f96c                __subdf3
                0x0000f970                __adddf3
                0x0000f970                __aeabi_dadd
                0x0000fbe8                __aeabi_ui2d
                0x0000fbe8                __floatunsidf
                0x0000fc08                __floatsidf
                0x0000fc08                __aeabi_i2d
                0x0000fc2c                __extendsfdf2
                0x0000fc2c                __aeabi_f2d
                0x0000fc68                __aeabi_ul2d
                0x0000fc68                __floatundidf
                0x0000fc78                __floatdidf
                0x0000fc78                __aeabi_l2d
 .text          0x0000fcd4      0x424 /opt/york/cs/net/sourcery-g++-lite-arm-eabi-2010.09.51-i686-1/bin/../lib/gcc/arm-none-eabi/4.5.1/thumb2/libgcc.a(_arm_muldivdf3.o)
                0x0000fcd4                __aeabi_dmul
                0x0000fcd4                __muldf3
                0x0000ff28                __aeabi_ddiv
                0x0000ff28                __divdf3
 .text          0x000100f8      0x110 /opt/york/cs/net/sourcery-g++-lite-arm-eabi-2010.09.51-i686-1/bin/../lib/gcc/arm-none-eabi/4.5.1/thumb2/libgcc.a(_arm_cmpdf2.o)
                0x000100f8                __gtdf2
                0x000100f8                __gedf2
                0x00010100                __ltdf2
                0x00010100                __ledf2
                0x00010108                __cmpdf2
                0x00010108                __eqdf2
                0x00010108                __nedf2
                0x00010184                __aeabi_cdrcmple
                0x00010194                __aeabi_cdcmple
                0x00010194                __aeabi_cdcmpeq
                0x000101a4                __aeabi_dcmpeq
                0x000101b8                __aeabi_dcmplt
                0x000101cc                __aeabi_dcmple
                0x000101e0                __aeabi_dcmpge
                0x000101f4                __aeabi_dcmpgt
 .text          0x00010208       0x50 /opt/york/cs/net/sourcery-g++-lite-arm-eabi-2010.09.51-i686-1/bin/../lib/gcc/arm-none-eabi/4.5.1/thumb2/libgcc.a(_arm_fixdfsi.o)
                0x00010208                __fixdfsi
                0x00010208                __aeabi_d2iz
 .text          0x00010258       0x2c /opt/york/cs/net/sourcery-g++-lite-arm-eabi-2010.09.51-i686-1/bin/../lib/gcc/arm-none-eabi/4.5.1/thumb2/libgcc.a(_aeabi_uldivmod.o)
                0x00010258                __aeabi_uldivmod
 .text          0x00010284       0x60 /opt/york/cs/net/sourcery-g++-lite-arm-eabi-2010.09.51-i686-1/bin/../lib/gcc/arm-none-eabi/4.5.1/thumb2/libgcc.a(bpabi.o)
                0x00010284                __gnu_ldivmod_helper
                0x000102b4                __gnu_uldivmod_helper
 .text          0x000102e4      0x364 /opt/york/cs/net/sourcery-g++-lite-arm-eabi-2010.09.51-i686-1/bin/../lib/gcc/arm-none-eabi/4.5.1/thumb2/libgcc.a(_divdi3.o)
                0x000102e4                __divdi3
 .text          0x00010648      0x314 /opt/york/cs/net/sourcery-g++-lite-arm-eabi-2010.09.51-i686-1/bin/../lib/gcc/arm-none-eabi/4.5.1/thumb2/libgcc.a(_udivdi3.o)
                0x00010648                __udivdi3
 .text          0x0001095c       0x98 /opt/york/cs/net/sourcery-g++-lite-arm-eabi-2010.09.51-i686-1/arm-none-eabi/lib/thumb2/libm.a(lib_a-s_sin.o)
                0x0001095c                sin
 *fill*         0x000109f4        0x4 00
 .text          0x000109f8      0x448 /opt/york/cs/net/sourcery-g++-lite-arm-eabi-2010.09.51-i686-1/arm-none-eabi/lib/thumb2/libm.a(lib_a-e_rem_pio2.o)
                0x000109f8                __ieee754_rem_pio2
 .text          0x00010e40      0x250 /opt/york/cs/net/sourcery-g++-lite-arm-eabi-2010.09.51-i686-1/arm-none-eabi/lib/thumb2/libm.a(lib_a-k_cos.o)
                0x00010e40                __kernel_cos
 .text          0x00011090      0x7a8 /opt/york/cs/net/sourcery-g++-lite-arm-eabi-2010.09.51-i686-1/arm-none-eabi/lib/thumb2/libm.a(lib_a-k_rem_pio2.o)
                0x00011090                __kernel_rem_pio2
 .text          0x00011838      0x168 /opt/york/cs/net/sourcery-g++-lite-arm-eabi-2010.09.51-i686-1/arm-none-eabi/lib/thumb2/libm.a(lib_a-k_sin.o)
                0x00011838                __kernel_sin
 .text          0x000119a0        0x8 /opt/york/cs/net/sourcery-g++-lite-arm-eabi-2010.09.51-i686-1/arm-none-eabi/lib/thumb2/libm.a(lib_a-s_fabs.o)
                0x000119a0                fabs
 .text          0x000119a8      0x128 /opt/york/cs/net/sourcery-g++-lite-arm-eabi-2010.09.51-i686-1/arm-none-eabi/lib/thumb2/libm.a(lib_a-s_floor.o)
                0x000119a8                floor
 .text          0x00011ad0      0x108 /opt/york/cs/net/sourcery-g++-lite-arm-eabi-2010.09.51-i686-1/arm-none-eabi/lib/thumb2/libm.a(lib_a-s_scalbn.o)
                0x00011ad0                scalbn
 .text          0x00011bd8       0x14 /opt/york/cs/net/sourcery-g++-lite-arm-eabi-2010.09.51-i686-1/arm-none-eabi/lib/thumb2/libm.a(lib_a-s_copysign.o)
                0x00011bd8                copysign
 *fill*         0x00011bec        0x4 00
 .text          0x00011bf0      0x2b0 /opt/york/cs/net/sourcery-g++-lite-arm-eabi-2010.09.51-i686-1/bin/../lib/gcc/arm-none-eabi/4.5.1/thumb2/libgcc.a(_divsi3.o)
                0x00011bf0                __aeabi_idiv
                0x00011bf0                __divsi3
                0x00011e84                __aeabi_idivmod
 .text          0x00011ea0       0x30 /opt/york/cs/net/sourcery-g++-lite-arm-eabi-2010.09.51-i686-1/arm-none-eabi/lib/thumb2/libcs3.a(start_c.o)
                0x00011ea0                __cs3_premain
 .text.cs3.init
                0x00011ed0       0x50 /opt/york/cs/net/sourcery-g++-lite-arm-eabi-2010.09.51-i686-1/arm-none-eabi/lib/thumb2/libcs3.a(start_c.o)
                0x00011ed0                __cs3_start_c
 .text          0x00011f20       0x40 /opt/york/cs/net/sourcery-g++-lite-arm-eabi-2010.09.51-i686-1/arm-none-eabi/lib/thumb2/libcs3unhosted.a(unhosted-sbrk.o)
                0x00011f20                _sbrk
 .text          0x00011f60        0x0 /opt/york/cs/net/sourcery-g++-lite-arm-eabi-2010.09.51-i686-1/arm-none-eabi/lib/thumb2/libcs3unhosted.a(unhosted-start.o)
 .text.cs3.init
                0x00011f60       0x10 /opt/york/cs/net/sourcery-g++-lite-arm-eabi-2010.09.51-i686-1/arm-none-eabi/lib/thumb2/libcs3unhosted.a(unhosted-start.o)
                0x00011f60                _start
 .text          0x00011f70        0xc /opt/york/cs/net/sourcery-g++-lite-arm-eabi-2010.09.51-i686-1/arm-none-eabi/lib/thumb2/libc.a(lib_a-errno.o)
                0x00011f70                __errno
 .text          0x00011f7c       0x50 /opt/york/cs/net/sourcery-g++-lite-arm-eabi-2010.09.51-i686-1/arm-none-eabi/lib/thumb2/libc.a(lib_a-init.o)
                0x00011f7c                __libc_init_array
 .text          0x00011fcc        0x0 /opt/york/cs/net/sourcery-g++-lite-arm-eabi-2010.09.51-i686-1/arm-none-eabi/lib/thumb2/libcs3.a(heap.o)
 .text          0x00011fcc        0x0 /opt/york/cs/net/lpc1700-cmsis-lite-2011.01.26-i686-1/lib/libDriversLPC17xxgnu.a(lpc17xx_i2c.o)
 .text.NVIC_EnableIRQ
                0x00011fcc       0x38 /opt/york/cs/net/lpc1700-cmsis-lite-2011.01.26-i686-1/lib/libDriversLPC17xxgnu.a(lpc17xx_i2c.o)
 .text.NVIC_DisableIRQ
                0x00012004       0x3c /opt/york/cs/net/lpc1700-cmsis-lite-2011.01.26-i686-1/lib/libDriversLPC17xxgnu.a(lpc17xx_i2c.o)
 .text.I2C_getNum
                0x00012040       0x54 /opt/york/cs/net/lpc1700-cmsis-lite-2011.01.26-i686-1/lib/libDriversLPC17xxgnu.a(lpc17xx_i2c.o)
 .text.I2C_Start
                0x00012094       0x44 /opt/york/cs/net/lpc1700-cmsis-lite-2011.01.26-i686-1/lib/libDriversLPC17xxgnu.a(lpc17xx_i2c.o)
 .text.I2C_Stop
                0x000120d8       0x38 /opt/york/cs/net/lpc1700-cmsis-lite-2011.01.26-i686-1/lib/libDriversLPC17xxgnu.a(lpc17xx_i2c.o)
 .text.I2C_SendByte
                0x00012110       0x50 /opt/york/cs/net/lpc1700-cmsis-lite-2011.01.26-i686-1/lib/libDriversLPC17xxgnu.a(lpc17xx_i2c.o)
 .text.I2C_GetByte
                0x00012160       0x5c /opt/york/cs/net/lpc1700-cmsis-lite-2011.01.26-i686-1/lib/libDriversLPC17xxgnu.a(lpc17xx_i2c.o)
 .text.I2C_SetClock
                0x000121bc       0xc8 /opt/york/cs/net/lpc1700-cmsis-lite-2011.01.26-i686-1/lib/libDriversLPC17xxgnu.a(lpc17xx_i2c.o)
 .text.I2C_Init
                0x00012284       0xd8 /opt/york/cs/net/lpc1700-cmsis-lite-2011.01.26-i686-1/lib/libDriversLPC17xxgnu.a(lpc17xx_i2c.o)
                0x00012284                I2C_Init
 .text.I2C_DeInit
                0x0001235c       0xa4 /opt/york/cs/net/lpc1700-cmsis-lite-2011.01.26-i686-1/lib/libDriversLPC17xxgnu.a(lpc17xx_i2c.o)
                0x0001235c                I2C_DeInit
 .text.I2C_Cmd  0x00012400       0x84 /opt/york/cs/net/lpc1700-cmsis-lite-2011.01.26-i686-1/lib/libDriversLPC17xxgnu.a(lpc17xx_i2c.o)
                0x00012400                I2C_Cmd
 .text.I2C_IntCmd
                0x00012484       0xa8 /opt/york/cs/net/lpc1700-cmsis-lite-2011.01.26-i686-1/lib/libDriversLPC17xxgnu.a(lpc17xx_i2c.o)
                0x00012484                I2C_IntCmd
 .text.I2C_MasterHandler
                0x0001252c      0x3d8 /opt/york/cs/net/lpc1700-cmsis-lite-2011.01.26-i686-1/lib/libDriversLPC17xxgnu.a(lpc17xx_i2c.o)
                0x0001252c                I2C_MasterHandler
 .text.I2C_SlaveHandler
                0x00012904      0x1d8 /opt/york/cs/net/lpc1700-cmsis-lite-2011.01.26-i686-1/lib/libDriversLPC17xxgnu.a(lpc17xx_i2c.o)
                0x00012904                I2C_SlaveHandler
 .text.I2C_MasterTransferData
                0x00012adc      0x33c /opt/york/cs/net/lpc1700-cmsis-lite-2011.01.26-i686-1/lib/libDriversLPC17xxgnu.a(lpc17xx_i2c.o)
                0x00012adc                I2C_MasterTransferData
 .text.I2C_SlaveTransferData
                0x00012e18      0x268 /opt/york/cs/net/lpc1700-cmsis-lite-2011.01.26-i686-1/lib/libDriversLPC17xxgnu.a(lpc17xx_i2c.o)
                0x00012e18                I2C_SlaveTransferData
 .text.I2C_SetOwnSlaveAddr
                0x00013080      0x118 /opt/york/cs/net/lpc1700-cmsis-lite-2011.01.26-i686-1/lib/libDriversLPC17xxgnu.a(lpc17xx_i2c.o)
                0x00013080                I2C_SetOwnSlaveAddr
 .text.I2C_MonitorModeConfig
                0x00013198       0x9c /opt/york/cs/net/lpc1700-cmsis-lite-2011.01.26-i686-1/lib/libDriversLPC17xxgnu.a(lpc17xx_i2c.o)
                0x00013198                I2C_MonitorModeConfig
 .text.I2C_MonitorModeCmd
                0x00013234       0xb0 /opt/york/cs/net/lpc1700-cmsis-lite-2011.01.26-i686-1/lib/libDriversLPC17xxgnu.a(lpc17xx_i2c.o)
                0x00013234                I2C_MonitorModeCmd
 .text.I2C_MonitorGetDatabuffer
                0x000132e4       0x54 /opt/york/cs/net/lpc1700-cmsis-lite-2011.01.26-i686-1/lib/libDriversLPC17xxgnu.a(lpc17xx_i2c.o)
                0x000132e4                I2C_MonitorGetDatabuffer
 .text.I2C_MonitorHandler
                0x00013338       0x6c /opt/york/cs/net/lpc1700-cmsis-lite-2011.01.26-i686-1/lib/libDriversLPC17xxgnu.a(lpc17xx_i2c.o)
                0x00013338                I2C_MonitorHandler
 .text.I2C_MasterTransferComplete
                0x000133a4       0x40 /opt/york/cs/net/lpc1700-cmsis-lite-2011.01.26-i686-1/lib/libDriversLPC17xxgnu.a(lpc17xx_i2c.o)
                0x000133a4                I2C_MasterTransferComplete
 .text.I2C_SlaveTransferComplete
                0x000133e4       0x40 /opt/york/cs/net/lpc1700-cmsis-lite-2011.01.26-i686-1/lib/libDriversLPC17xxgnu.a(lpc17xx_i2c.o)
                0x000133e4                I2C_SlaveTransferComplete
 .text          0x00013424        0x0 /opt/york/cs/net/lpc1700-cmsis-lite-2011.01.26-i686-1/lib/libDriversLPC17xxgnu.a(lpc17xx_i2s.o)
 .text.i2s_GetWordWidth
                0x00013424       0x8c /opt/york/cs/net/lpc1700-cmsis-lite-2011.01.26-i686-1/lib/libDriversLPC17xxgnu.a(lpc17xx_i2s.o)
 .text.i2s_GetChannel
                0x000134b0       0x84 /opt/york/cs/net/lpc1700-cmsis-lite-2011.01.26-i686-1/lib/libDriversLPC17xxgnu.a(lpc17xx_i2s.o)
 .text.I2S_Init
                0x00013534       0x54 /opt/york/cs/net/lpc1700-cmsis-lite-2011.01.26-i686-1/lib/libDriversLPC17xxgnu.a(lpc17xx_i2s.o)
                0x00013534                I2S_Init
 .text.I2S_Config
                0x00013588      0x168 /opt/york/cs/net/lpc1700-cmsis-lite-2011.01.26-i686-1/lib/libDriversLPC17xxgnu.a(lpc17xx_i2s.o)
                0x00013588                I2S_Config
 .text.I2S_DeInit
                0x000136f0       0x3c /opt/york/cs/net/lpc1700-cmsis-lite-2011.01.26-i686-1/lib/libDriversLPC17xxgnu.a(lpc17xx_i2s.o)
                0x000136f0                I2S_DeInit
 .text.I2S_GetLevel
                0x0001372c       0x6c /opt/york/cs/net/lpc1700-cmsis-lite-2011.01.26-i686-1/lib/libDriversLPC17xxgnu.a(lpc17xx_i2s.o)
                0x0001372c                I2S_GetLevel
 .text.I2S_Start
                0x00013798       0x50 /opt/york/cs/net/lpc1700-cmsis-lite-2011.01.26-i686-1/lib/libDriversLPC17xxgnu.a(lpc17xx_i2s.o)
                0x00013798                I2S_Start
 .text.I2S_Send
                0x000137e8       0x38 /opt/york/cs/net/lpc1700-cmsis-lite-2011.01.26-i686-1/lib/libDriversLPC17xxgnu.a(lpc17xx_i2s.o)
                0x000137e8                I2S_Send
 .text.I2S_Receive
                0x00013820       0x34 /opt/york/cs/net/lpc1700-cmsis-lite-2011.01.26-i686-1/lib/libDriversLPC17xxgnu.a(lpc17xx_i2s.o)
                0x00013820                I2S_Receive
 .text.I2S_Pause
                0x00013854       0x70 /opt/york/cs/net/lpc1700-cmsis-lite-2011.01.26-i686-1/lib/libDriversLPC17xxgnu.a(lpc17xx_i2s.o)
                0x00013854                I2S_Pause
 .text.I2S_Mute
                0x000138c4       0x70 /opt/york/cs/net/lpc1700-cmsis-lite-2011.01.26-i686-1/lib/libDriversLPC17xxgnu.a(lpc17xx_i2s.o)
                0x000138c4                I2S_Mute
 .text.I2S_Stop
                0x00013934       0x94 /opt/york/cs/net/lpc1700-cmsis-lite-2011.01.26-i686-1/lib/libDriversLPC17xxgnu.a(lpc17xx_i2s.o)
                0x00013934                I2S_Stop
 .text.I2S_FreqConfig
                0x000139c8      0x110 /opt/york/cs/net/lpc1700-cmsis-lite-2011.01.26-i686-1/lib/libDriversLPC17xxgnu.a(lpc17xx_i2s.o)
                0x000139c8                I2S_FreqConfig
 .text.I2S_SetBitRate
                0x00013ad8       0x7c /opt/york/cs/net/lpc1700-cmsis-lite-2011.01.26-i686-1/lib/libDriversLPC17xxgnu.a(lpc17xx_i2s.o)
                0x00013ad8                I2S_SetBitRate
 .text.I2S_ModeConfig
                0x00013b54      0x148 /opt/york/cs/net/lpc1700-cmsis-lite-2011.01.26-i686-1/lib/libDriversLPC17xxgnu.a(lpc17xx_i2s.o)
                0x00013b54                I2S_ModeConfig
 .text.I2S_DMAConfig
                0x00013c9c       0xd4 /opt/york/cs/net/lpc1700-cmsis-lite-2011.01.26-i686-1/lib/libDriversLPC17xxgnu.a(lpc17xx_i2s.o)
                0x00013c9c                I2S_DMAConfig
 .text.I2S_DMACmd
                0x00013d70      0x120 /opt/york/cs/net/lpc1700-cmsis-lite-2011.01.26-i686-1/lib/libDriversLPC17xxgnu.a(lpc17xx_i2s.o)
                0x00013d70                I2S_DMACmd
 .text.I2S_IRQConfig
                0x00013e90       0x80 /opt/york/cs/net/lpc1700-cmsis-lite-2011.01.26-i686-1/lib/libDriversLPC17xxgnu.a(lpc17xx_i2s.o)
                0x00013e90                I2S_IRQConfig
 .text.I2S_IRQCmd
                0x00013f10       0x9c /opt/york/cs/net/lpc1700-cmsis-lite-2011.01.26-i686-1/lib/libDriversLPC17xxgnu.a(lpc17xx_i2s.o)
                0x00013f10                I2S_IRQCmd
 .text.I2S_GetIRQStatus
                0x00013fac       0x58 /opt/york/cs/net/lpc1700-cmsis-lite-2011.01.26-i686-1/lib/libDriversLPC17xxgnu.a(lpc17xx_i2s.o)
                0x00013fac                I2S_GetIRQStatus
 .text.I2S_GetIRQDepth
                0x00014004       0x50 /opt/york/cs/net/lpc1700-cmsis-lite-2011.01.26-i686-1/lib/libDriversLPC17xxgnu.a(lpc17xx_i2s.o)
                0x00014004                I2S_GetIRQDepth
 .text          0x00014054        0x0 /opt/york/cs/net/lpc1700-cmsis-lite-2011.01.26-i686-1/lib/libDriversLPC17xxgnu.a(lpc17xx_libcfg_default.o)
 .text.check_failed
                0x00014054        0xc /opt/york/cs/net/lpc1700-cmsis-lite-2011.01.26-i686-1/lib/libDriversLPC17xxgnu.a(lpc17xx_libcfg_default.o)
                0x00014054                check_failed
 .text          0x00014060        0x0 /opt/york/cs/net/lpc1700-cmsis-lite-2011.01.26-i686-1/lib/libDriversLPC17xxgnu.a(lpc17xx_pinsel.o)
 .text.set_PinFunc
                0x00014060       0xa0 /opt/york/cs/net/lpc1700-cmsis-lite-2011.01.26-i686-1/lib/libDriversLPC17xxgnu.a(lpc17xx_pinsel.o)
 .text.set_ResistorMode
                0x00014100       0xa0 /opt/york/cs/net/lpc1700-cmsis-lite-2011.01.26-i686-1/lib/libDriversLPC17xxgnu.a(lpc17xx_pinsel.o)
 .text.set_OpenDrainMode
                0x000141a0       0x80 /opt/york/cs/net/lpc1700-cmsis-lite-2011.01.26-i686-1/lib/libDriversLPC17xxgnu.a(lpc17xx_pinsel.o)
 .text.PINSEL_ConfigTraceFunc
                0x00014220       0x54 /opt/york/cs/net/lpc1700-cmsis-lite-2011.01.26-i686-1/lib/libDriversLPC17xxgnu.a(lpc17xx_pinsel.o)
                0x00014220                PINSEL_ConfigTraceFunc
 .text.PINSEL_SetI2C0Pins
                0x00014274       0x3c /opt/york/cs/net/lpc1700-cmsis-lite-2011.01.26-i686-1/lib/libDriversLPC17xxgnu.a(lpc17xx_pinsel.o)
                0x00014274                PINSEL_SetI2C0Pins
 .text.PINSEL_ConfigPin
                0x000142b0       0x54 /opt/york/cs/net/lpc1700-cmsis-lite-2011.01.26-i686-1/lib/libDriversLPC17xxgnu.a(lpc17xx_pinsel.o)
                0x000142b0                PINSEL_ConfigPin
 .text          0x00014304        0x0 /opt/york/cs/net/lpc1700-cmsis-lite-2011.01.26-i686-1/lib/libDriversLPC17xxgnu.a(lpc17xx_ssp.o)
 .text.setSSPclock
                0x00014304       0xf8 /opt/york/cs/net/lpc1700-cmsis-lite-2011.01.26-i686-1/lib/libDriversLPC17xxgnu.a(lpc17xx_ssp.o)
 .text.SSP_Init
                0x000143fc       0xbc /opt/york/cs/net/lpc1700-cmsis-lite-2011.01.26-i686-1/lib/libDriversLPC17xxgnu.a(lpc17xx_ssp.o)
                0x000143fc                SSP_Init
 .text.SSP_DeInit
                0x000144b8       0x74 /opt/york/cs/net/lpc1700-cmsis-lite-2011.01.26-i686-1/lib/libDriversLPC17xxgnu.a(lpc17xx_ssp.o)
                0x000144b8                SSP_DeInit
 .text.SSP_GetDataSize
                0x0001452c       0x4c /opt/york/cs/net/lpc1700-cmsis-lite-2011.01.26-i686-1/lib/libDriversLPC17xxgnu.a(lpc17xx_ssp.o)
                0x0001452c                SSP_GetDataSize
 .text.SSP_ConfigStructInit
                0x00014578       0x48 /opt/york/cs/net/lpc1700-cmsis-lite-2011.01.26-i686-1/lib/libDriversLPC17xxgnu.a(lpc17xx_ssp.o)
                0x00014578                SSP_ConfigStructInit
 .text.SSP_Cmd  0x000145c0       0x7c /opt/york/cs/net/lpc1700-cmsis-lite-2011.01.26-i686-1/lib/libDriversLPC17xxgnu.a(lpc17xx_ssp.o)
                0x000145c0                SSP_Cmd
 .text.SSP_LoopBackCmd
                0x0001463c       0x7c /opt/york/cs/net/lpc1700-cmsis-lite-2011.01.26-i686-1/lib/libDriversLPC17xxgnu.a(lpc17xx_ssp.o)
                0x0001463c                SSP_LoopBackCmd
 .text.SSP_SlaveOutputCmd
                0x000146b8       0x7c /opt/york/cs/net/lpc1700-cmsis-lite-2011.01.26-i686-1/lib/libDriversLPC17xxgnu.a(lpc17xx_ssp.o)
                0x000146b8                SSP_SlaveOutputCmd
 .text.SSP_SendData
                0x00014734       0x48 /opt/york/cs/net/lpc1700-cmsis-lite-2011.01.26-i686-1/lib/libDriversLPC17xxgnu.a(lpc17xx_ssp.o)
                0x00014734                SSP_SendData
 .text.SSP_ReceiveData
                0x0001477c       0x44 /opt/york/cs/net/lpc1700-cmsis-lite-2011.01.26-i686-1/lib/libDriversLPC17xxgnu.a(lpc17xx_ssp.o)
                0x0001477c                SSP_ReceiveData
 .text.SSP_ReadWrite
                0x000147c0      0x390 /opt/york/cs/net/lpc1700-cmsis-lite-2011.01.26-i686-1/lib/libDriversLPC17xxgnu.a(lpc17xx_ssp.o)
                0x000147c0                SSP_ReadWrite
 .text.SSP_GetStatus
                0x00014b50       0x84 /opt/york/cs/net/lpc1700-cmsis-lite-2011.01.26-i686-1/lib/libDriversLPC17xxgnu.a(lpc17xx_ssp.o)
                0x00014b50                SSP_GetStatus
 .text.SSP_IntConfig
                0x00014bd4       0x70 /opt/york/cs/net/lpc1700-cmsis-lite-2011.01.26-i686-1/lib/libDriversLPC17xxgnu.a(lpc17xx_ssp.o)
                0x00014bd4                SSP_IntConfig
 .text.SSP_GetRawIntStatus
                0x00014c44       0x80 /opt/york/cs/net/lpc1700-cmsis-lite-2011.01.26-i686-1/lib/libDriversLPC17xxgnu.a(lpc17xx_ssp.o)
                0x00014c44                SSP_GetRawIntStatus
 .text.SSP_GetRawIntStatusReg
                0x00014cc4       0x44 /opt/york/cs/net/lpc1700-cmsis-lite-2011.01.26-i686-1/lib/libDriversLPC17xxgnu.a(lpc17xx_ssp.o)
                0x00014cc4                SSP_GetRawIntStatusReg
 .text.SSP_GetIntStatus
                0x00014d08       0x80 /opt/york/cs/net/lpc1700-cmsis-lite-2011.01.26-i686-1/lib/libDriversLPC17xxgnu.a(lpc17xx_ssp.o)
                0x00014d08                SSP_GetIntStatus
 .text.SSP_ClearIntPending
                0x00014d88       0x60 /opt/york/cs/net/lpc1700-cmsis-lite-2011.01.26-i686-1/lib/libDriversLPC17xxgnu.a(lpc17xx_ssp.o)
                0x00014d88                SSP_ClearIntPending
 .text.SSP_DMACmd
                0x00014de8       0xa8 /opt/york/cs/net/lpc1700-cmsis-lite-2011.01.26-i686-1/lib/libDriversLPC17xxgnu.a(lpc17xx_ssp.o)
                0x00014de8                SSP_DMACmd
 .text          0x00014e90        0x0 /opt/york/cs/net/lpc1700-cmsis-lite-2011.01.26-i686-1/lib/libDriversLPC17xxgnu.a(lpc17xx_uart.o)
 .text.uart_set_divisors
                0x00014e90      0x26c /opt/york/cs/net/lpc1700-cmsis-lite-2011.01.26-i686-1/lib/libDriversLPC17xxgnu.a(lpc17xx_uart.o)
 .text.UART_Init
                0x000150fc      0x368 /opt/york/cs/net/lpc1700-cmsis-lite-2011.01.26-i686-1/lib/libDriversLPC17xxgnu.a(lpc17xx_uart.o)
                0x000150fc                UART_Init
 .text.UART_DeInit
                0x00015464       0xcc /opt/york/cs/net/lpc1700-cmsis-lite-2011.01.26-i686-1/lib/libDriversLPC17xxgnu.a(lpc17xx_uart.o)
                0x00015464                UART_DeInit
 .text.UART_ConfigStructInit
                0x00015530       0x34 /opt/york/cs/net/lpc1700-cmsis-lite-2011.01.26-i686-1/lib/libDriversLPC17xxgnu.a(lpc17xx_uart.o)
                0x00015530                UART_ConfigStructInit
 .text.UART_SendByte
                0x00015564       0x78 /opt/york/cs/net/lpc1700-cmsis-lite-2011.01.26-i686-1/lib/libDriversLPC17xxgnu.a(lpc17xx_uart.o)
                0x00015564                UART_SendByte
 .text.UART_ReceiveByte
                0x000155dc       0x78 /opt/york/cs/net/lpc1700-cmsis-lite-2011.01.26-i686-1/lib/libDriversLPC17xxgnu.a(lpc17xx_uart.o)
                0x000155dc                UART_ReceiveByte
 .text.UART_Send
                0x00015654      0x10c /opt/york/cs/net/lpc1700-cmsis-lite-2011.01.26-i686-1/lib/libDriversLPC17xxgnu.a(lpc17xx_uart.o)
                0x00015654                UART_Send
 .text.UART_Receive
                0x00015760       0xd8 /opt/york/cs/net/lpc1700-cmsis-lite-2011.01.26-i686-1/lib/libDriversLPC17xxgnu.a(lpc17xx_uart.o)
                0x00015760                UART_Receive
 .text.UART_ForceBreak
                0x00015838       0x88 /opt/york/cs/net/lpc1700-cmsis-lite-2011.01.26-i686-1/lib/libDriversLPC17xxgnu.a(lpc17xx_uart.o)
                0x00015838                UART_ForceBreak
 .text.UART_IntConfig
                0x000158c0      0x1d0 /opt/york/cs/net/lpc1700-cmsis-lite-2011.01.26-i686-1/lib/libDriversLPC17xxgnu.a(lpc17xx_uart.o)
                0x000158c0                UART_IntConfig
 .text.UART_GetLineStatus
                0x00015a90       0x7c /opt/york/cs/net/lpc1700-cmsis-lite-2011.01.26-i686-1/lib/libDriversLPC17xxgnu.a(lpc17xx_uart.o)
                0x00015a90                UART_GetLineStatus
 .text.UART_GetIntId
                0x00015b0c       0x68 /opt/york/cs/net/lpc1700-cmsis-lite-2011.01.26-i686-1/lib/libDriversLPC17xxgnu.a(lpc17xx_uart.o)
                0x00015b0c                UART_GetIntId
 .text.UART_CheckBusy
                0x00015b74       0x2c /opt/york/cs/net/lpc1700-cmsis-lite-2011.01.26-i686-1/lib/libDriversLPC17xxgnu.a(lpc17xx_uart.o)
                0x00015b74                UART_CheckBusy
 .text.UART_FIFOConfig
                0x00015ba0      0x184 /opt/york/cs/net/lpc1700-cmsis-lite-2011.01.26-i686-1/lib/libDriversLPC17xxgnu.a(lpc17xx_uart.o)
                0x00015ba0                UART_FIFOConfig
 .text.UART_FIFOConfigStructInit
                0x00015d24       0x34 /opt/york/cs/net/lpc1700-cmsis-lite-2011.01.26-i686-1/lib/libDriversLPC17xxgnu.a(lpc17xx_uart.o)
                0x00015d24                UART_FIFOConfigStructInit
 .text.UART_ABCmd
                0x00015d58      0x15c /opt/york/cs/net/lpc1700-cmsis-lite-2011.01.26-i686-1/lib/libDriversLPC17xxgnu.a(lpc17xx_uart.o)
                0x00015d58                UART_ABCmd
 .text.UART_ABClearIntPending
                0x00015eb4       0x88 /opt/york/cs/net/lpc1700-cmsis-lite-2011.01.26-i686-1/lib/libDriversLPC17xxgnu.a(lpc17xx_uart.o)
                0x00015eb4                UART_ABClearIntPending
 .text.UART_TxCmd
                0x00015f3c       0xe8 /opt/york/cs/net/lpc1700-cmsis-lite-2011.01.26-i686-1/lib/libDriversLPC17xxgnu.a(lpc17xx_uart.o)
                0x00015f3c                UART_TxCmd
 .text.UART_IrDAInvtInputCmd
                0x00016024       0x84 /opt/york/cs/net/lpc1700-cmsis-lite-2011.01.26-i686-1/lib/libDriversLPC17xxgnu.a(lpc17xx_uart.o)
                0x00016024                UART_IrDAInvtInputCmd
 .text.UART_IrDACmd
                0x000160a8       0x80 /opt/york/cs/net/lpc1700-cmsis-lite-2011.01.26-i686-1/lib/libDriversLPC17xxgnu.a(lpc17xx_uart.o)
                0x000160a8                UART_IrDACmd
 .text.UART_IrDAPulseDivConfig
                0x00016128       0xac /opt/york/cs/net/lpc1700-cmsis-lite-2011.01.26-i686-1/lib/libDriversLPC17xxgnu.a(lpc17xx_uart.o)
                0x00016128                UART_IrDAPulseDivConfig
 .text.UART_FullModemForcePinState
                0x000161d4       0xcc /opt/york/cs/net/lpc1700-cmsis-lite-2011.01.26-i686-1/lib/libDriversLPC17xxgnu.a(lpc17xx_uart.o)
                0x000161d4                UART_FullModemForcePinState
 .text.UART_FullModemConfigMode
                0x000162a0       0xd8 /opt/york/cs/net/lpc1700-cmsis-lite-2011.01.26-i686-1/lib/libDriversLPC17xxgnu.a(lpc17xx_uart.o)
                0x000162a0                UART_FullModemConfigMode
 .text.UART_FullModemGetStatus
                0x00016378       0x38 /opt/york/cs/net/lpc1700-cmsis-lite-2011.01.26-i686-1/lib/libDriversLPC17xxgnu.a(lpc17xx_uart.o)
                0x00016378                UART_FullModemGetStatus
 .text.UART_RS485Config
                0x000163b0      0x1bc /opt/york/cs/net/lpc1700-cmsis-lite-2011.01.26-i686-1/lib/libDriversLPC17xxgnu.a(lpc17xx_uart.o)
                0x000163b0                UART_RS485Config
 .text.UART_RS485ReceiverCmd
                0x0001656c       0x48 /opt/york/cs/net/lpc1700-cmsis-lite-2011.01.26-i686-1/lib/libDriversLPC17xxgnu.a(lpc17xx_uart.o)
                0x0001656c                UART_RS485ReceiverCmd
 .text.UART_RS485Send
                0x000165b4       0x84 /opt/york/cs/net/lpc1700-cmsis-lite-2011.01.26-i686-1/lib/libDriversLPC17xxgnu.a(lpc17xx_uart.o)
                0x000165b4                UART_RS485Send
 .text.UART_RS485SendSlvAddr
                0x00016638       0x28 /opt/york/cs/net/lpc1700-cmsis-lite-2011.01.26-i686-1/lib/libDriversLPC17xxgnu.a(lpc17xx_uart.o)
                0x00016638                UART_RS485SendSlvAddr
 .text.UART_RS485SendData
                0x00016660       0x28 /opt/york/cs/net/lpc1700-cmsis-lite-2011.01.26-i686-1/lib/libDriversLPC17xxgnu.a(lpc17xx_uart.o)
                0x00016660                UART_RS485SendData
 .text          0x00016688        0x0 /opt/york/cs/net/lpc1700-cmsis-lite-2011.01.26-i686-1/lib/libDriversLPC17xxgnu.a(lpc17xx_clkpwr.o)
 .text.CLKPWR_SetPCLKDiv
                0x00016688       0xd4 /opt/york/cs/net/lpc1700-cmsis-lite-2011.01.26-i686-1/lib/libDriversLPC17xxgnu.a(lpc17xx_clkpwr.o)
                0x00016688                CLKPWR_SetPCLKDiv
 .text.CLKPWR_GetPCLKSEL
                0x0001675c       0x54 /opt/york/cs/net/lpc1700-cmsis-lite-2011.01.26-i686-1/lib/libDriversLPC17xxgnu.a(lpc17xx_clkpwr.o)
                0x0001675c                CLKPWR_GetPCLKSEL
 .text.CLKPWR_GetPCLK
                0x000167b0       0x70 /opt/york/cs/net/lpc1700-cmsis-lite-2011.01.26-i686-1/lib/libDriversLPC17xxgnu.a(lpc17xx_clkpwr.o)
                0x000167b0                CLKPWR_GetPCLK
 .text.CLKPWR_ConfigPPWR
                0x00016820       0x80 /opt/york/cs/net/lpc1700-cmsis-lite-2011.01.26-i686-1/lib/libDriversLPC17xxgnu.a(lpc17xx_clkpwr.o)
                0x00016820                CLKPWR_ConfigPPWR
 .text.CLKPWR_Sleep
                0x000168a0       0x1c /opt/york/cs/net/lpc1700-cmsis-lite-2011.01.26-i686-1/lib/libDriversLPC17xxgnu.a(lpc17xx_clkpwr.o)
                0x000168a0                CLKPWR_Sleep
 .text.CLKPWR_DeepSleep
                0x000168bc       0x2c /opt/york/cs/net/lpc1700-cmsis-lite-2011.01.26-i686-1/lib/libDriversLPC17xxgnu.a(lpc17xx_clkpwr.o)
                0x000168bc                CLKPWR_DeepSleep
 .text.CLKPWR_PowerDown
                0x000168e8       0x2c /opt/york/cs/net/lpc1700-cmsis-lite-2011.01.26-i686-1/lib/libDriversLPC17xxgnu.a(lpc17xx_clkpwr.o)
                0x000168e8                CLKPWR_PowerDown
 .text.CLKPWR_DeepPowerDown
                0x00016914       0x2c /opt/york/cs/net/lpc1700-cmsis-lite-2011.01.26-i686-1/lib/libDriversLPC17xxgnu.a(lpc17xx_clkpwr.o)
                0x00016914                CLKPWR_DeepPowerDown
 .text          0x00016940        0x0 /opt/york/cs/net/sourcery-g++-lite-arm-eabi-2010.09.51-i686-1/bin/../lib/gcc/arm-none-eabi/4.5.1/thumb2/crtend.o
 .text          0x00016940        0x0 /opt/york/cs/net/sourcery-g++-lite-arm-eabi-2010.09.51-i686-1/bin/../lib/gcc/arm-none-eabi/4.5.1/thumb2/crtn.o
 *(.plt)
 *(.gnu.warning)
 *(.glue_7t)
 .glue_7t       0x00000000        0x0 linker stubs
 *(.glue_7)
 .glue_7        0x00000000        0x0 linker stubs
 *(.vfp11_veneer)
 .vfp11_veneer  0x00000000        0x0 linker stubs
 *(.rodata .rodata.* .gnu.linkonce.r.*)
 .rodata        0x00016940      0x36c main.o
 .rodata.C.0.2899
                0x00016cac       0x10 source/KeyAccess.o
 .rodata        0x00016cbc       0x14 source/LCD.o
 .rodata        0x00016cd0        0x4 source/i2s.o
 .rodata        0x00016cd4       0xe4 source/Wave.o
 .rodata        0x00016db8       0xa4 source/SD.o
 .rodata.C.1.2907
                0x00016e5c       0x18 source/TLV320.o
 .rodata.C.2.2908
                0x00016e74       0x18 source/TLV320.o
 .rodata.C.3.2909
                0x00016e8c       0x10 source/TLV320.o
 .rodata.C.4.2910
                0x00016e9c        0x8 source/TLV320.o
 .rodata.C.5.2911
                0x00016ea4        0x8 source/TLV320.o
 .rodata.C.6.2912
                0x00016eac        0x4 source/TLV320.o
 .rodata.DbcTbl
                0x00016eb0        0xc source/FatFS/ff.o
 .rodata        0x00016ebc       0x50 source/FatFS/ff.o
 .rodata.cst32.1625
                0x00016f0c       0x10 source/FatFS/ff.o
 .rodata.cst.1624
                0x00016f1c       0x10 source/FatFS/ff.o
 .rodata.badchr.1608
                0x00016f2c       0x14 source/FatFS/ff.o
 .rodata        0x00016f40       0x20 /opt/york/cs/net/sourcery-g++-lite-arm-eabi-2010.09.51-i686-1/arm-none-eabi/lib/thumb2/libc.a(lib_a-svfprintf.o)
 .rodata.str1.4
                0x00016f60       0x42 /opt/york/cs/net/sourcery-g++-lite-arm-eabi-2010.09.51-i686-1/arm-none-eabi/lib/thumb2/libc.a(lib_a-svfprintf.o)
                                 0x44 (size before relaxing)
 *fill*         0x00016fa2        0x2 00
 .rodata        0x00016fa4      0x104 /opt/york/cs/net/sourcery-g++-lite-arm-eabi-2010.09.51-i686-1/arm-none-eabi/lib/thumb2/libc.a(lib_a-ctype_.o)
                0x00016fa4                _ctype_
 .rodata.str1.4
                0x000170a8       0x10 /opt/york/cs/net/sourcery-g++-lite-arm-eabi-2010.09.51-i686-1/arm-none-eabi/lib/thumb2/libc.a(lib_a-dtoa.o)
                                 0x14 (size before relaxing)
 .rodata        0x000170b8        0x4 /opt/york/cs/net/sourcery-g++-lite-arm-eabi-2010.09.51-i686-1/arm-none-eabi/lib/thumb2/libc.a(lib_a-impure.o)
                0x000170b8                _global_impure_ptr
 .rodata.str1.4
                0x000170bc        0x2 /opt/york/cs/net/sourcery-g++-lite-arm-eabi-2010.09.51-i686-1/arm-none-eabi/lib/thumb2/libc.a(lib_a-impure.o)
                                  0x4 (size before relaxing)
 *fill*         0x000170be        0x2 00
 .rodata.str1.4
                0x000170c0        0xc /opt/york/cs/net/sourcery-g++-lite-arm-eabi-2010.09.51-i686-1/arm-none-eabi/lib/thumb2/libc.a(lib_a-locale.o)
                                 0x14 (size before relaxing)
 *fill*         0x000170cc        0x4 00
 .rodata        0x000170d0      0x128 /opt/york/cs/net/sourcery-g++-lite-arm-eabi-2010.09.51-i686-1/arm-none-eabi/lib/thumb2/libc.a(lib_a-mprec.o)
                0x000170e0                __mprec_tens
                0x000171a8                __mprec_bigtens
                0x000171d0                __mprec_tinytens
 .rodata        0x000171f8       0x20 /opt/york/cs/net/sourcery-g++-lite-arm-eabi-2010.09.51-i686-1/arm-none-eabi/lib/thumb2/libc.a(lib_a-svfiprintf.o)
 .rodata.str1.4
                0x00000000       0x30 /opt/york/cs/net/sourcery-g++-lite-arm-eabi-2010.09.51-i686-1/arm-none-eabi/lib/thumb2/libc.a(lib_a-svfiprintf.o)
 .rodata        0x00017218      0x188 /opt/york/cs/net/sourcery-g++-lite-arm-eabi-2010.09.51-i686-1/arm-none-eabi/lib/thumb2/libm.a(lib_a-e_rem_pio2.o)
 .rodata        0x000173a0       0x50 /opt/york/cs/net/sourcery-g++-lite-arm-eabi-2010.09.51-i686-1/arm-none-eabi/lib/thumb2/libm.a(lib_a-k_rem_pio2.o)
 .rodata        0x000173f0       0x10 /opt/york/cs/net/lpc1700-cmsis-lite-2011.01.26-i686-1/lib/libDriversLPC17xxgnu.a(lpc17xx_i2c.o)
 .rodata        0x00017400       0x10 /opt/york/cs/net/lpc1700-cmsis-lite-2011.01.26-i686-1/lib/libDriversLPC17xxgnu.a(lpc17xx_i2s.o)
 .rodata        0x00017410       0x10 /opt/york/cs/net/lpc1700-cmsis-lite-2011.01.26-i686-1/lib/libDriversLPC17xxgnu.a(lpc17xx_ssp.o)
 .rodata        0x00017420       0x10 /opt/york/cs/net/lpc1700-cmsis-lite-2011.01.26-i686-1/lib/libDriversLPC17xxgnu.a(lpc17xx_uart.o)
 *(.ARM.extab* .gnu.linkonce.armextab.*)
 .ARM.extab.cs3.reset
                0x00017430        0x0 /opt/york/cs/net/lpc1700-cmsis-lite-2011.01.26-i686-1/lib/startup_LPC17xx.o
 .ARM.extab     0x00017430        0x0 /opt/york/cs/net/sourcery-g++-lite-arm-eabi-2010.09.51-i686-1/bin/../lib/gcc/arm-none-eabi/4.5.1/thumb2/libgcc.a(_divdi3.o)
 .ARM.extab     0x00017430        0x0 /opt/york/cs/net/sourcery-g++-lite-arm-eabi-2010.09.51-i686-1/bin/../lib/gcc/arm-none-eabi/4.5.1/thumb2/libgcc.a(_udivdi3.o)
 *(.gcc_except_table)
 *(.eh_frame_hdr)
 *(.eh_frame)
                0x00017430                . = ALIGN (0x4)
 *(.init)
 .init          0x00017430        0x4 /opt/york/cs/net/sourcery-g++-lite-arm-eabi-2010.09.51-i686-1/bin/../lib/gcc/arm-none-eabi/4.5.1/thumb2/crti.o
                0x00017430                _init
 .init          0x00017434        0x8 /opt/york/cs/net/sourcery-g++-lite-arm-eabi-2010.09.51-i686-1/bin/../lib/gcc/arm-none-eabi/4.5.1/thumb2/crtn.o
                0x0001743c                . = ALIGN (0x4)
                0x0001743c                __preinit_array_start = .
 *(.preinit_array)
                0x0001743c                __preinit_array_end = .
                0x0001743c                . = ALIGN (0x4)
                0x0001743c                __init_array_start = .
 *(SORT(.init_array.*))
 *(.init_array)
 .init_array    0x0001743c        0x4 /opt/york/cs/net/sourcery-g++-lite-arm-eabi-2010.09.51-i686-1/bin/../lib/gcc/arm-none-eabi/4.5.1/thumb2/crtbegin.o
                0x00017440                __init_array_end = .
                0x00017440                . = ALIGN (0x4)
 *crtbegin.o(.ctors)
 *(EXCLUDE_FILE(*crtend.o) .ctors)
 *(SORT(.ctors.*))
 *crtend.o(.ctors)
                0x00017440                . = ALIGN (0x4)
 *(.fini)
 .fini          0x00017440        0x4 /opt/york/cs/net/sourcery-g++-lite-arm-eabi-2010.09.51-i686-1/bin/../lib/gcc/arm-none-eabi/4.5.1/thumb2/crti.o
                0x00017440                _fini
 .fini          0x00017444        0x8 /opt/york/cs/net/sourcery-g++-lite-arm-eabi-2010.09.51-i686-1/bin/../lib/gcc/arm-none-eabi/4.5.1/thumb2/crtn.o
                0x0001744c                . = ALIGN (0x4)
                0x0001744c                __fini_array_start = .
 *(.fini_array)
 .fini_array    0x0001744c        0x4 /opt/york/cs/net/sourcery-g++-lite-arm-eabi-2010.09.51-i686-1/bin/../lib/gcc/arm-none-eabi/4.5.1/thumb2/crtbegin.o
 *(SORT(.fini_array.*))
                0x00017450                __fini_array_end = .
 *crtbegin.o(.dtors)
 *(EXCLUDE_FILE(*crtend.o) .dtors)
 *(SORT(.dtors.*))
 *crtend.o(.dtors)
                0x00017450                . = ALIGN (0x4)
                0x00017450                __cs3_regions = .
                0x00017450        0x4 LONG 0x0
                0x00017454        0x4 LONG 0x17470 __cs3_region_init_ram
                0x00017458        0x4 LONG 0x10000000 __cs3_region_start_ram
                0x0001745c        0x4 LONG 0x610 __cs3_region_init_size_ram
                0x00017460        0x4 LONG 0x7d8 __cs3_region_zero_size_ram
                0x00017464                __exidx_start = .

.v4_bx          0x00017464        0x0
 .v4_bx         0x00000000        0x0 linker stubs

.ARM.exidx      0x00017464        0x8
 *(.ARM.exidx* .gnu.linkonce.armexidx.*)
 .ARM.exidx.cs3.reset
                0x00017464        0x8 /opt/york/cs/net/lpc1700-cmsis-lite-2011.01.26-i686-1/lib/startup_LPC17xx.o
 .ARM.exidx     0x0001746c        0x0 /opt/york/cs/net/sourcery-g++-lite-arm-eabi-2010.09.51-i686-1/bin/../lib/gcc/arm-none-eabi/4.5.1/thumb2/libgcc.a(_divdi3.o)
                                  0x8 (size before relaxing)
 .ARM.exidx     0x0001746c        0x0 /opt/york/cs/net/sourcery-g++-lite-arm-eabi-2010.09.51-i686-1/bin/../lib/gcc/arm-none-eabi/4.5.1/thumb2/libgcc.a(_udivdi3.o)
                                  0x8 (size before relaxing)
                0x0001746c                __exidx_end = .

.text.align     0x0001746c        0x4
                0x00017470                . = ALIGN (0x8)
 *fill*         0x0001746c        0x4 00
                0x00017470                _etext = .
                0x00080000                __cs3_region_size_rom = 0x80000
                0x00000001                __cs3_region_num = 0x1

.data           0x10000000      0x610 load address 0x00017470
                0x10000000                __cs3_region_start_ram = .
 *(.cs3.region-head.ram)
 *(.jcr)
 .jcr           0x10000000        0x0 /opt/york/cs/net/sourcery-g++-lite-arm-eabi-2010.09.51-i686-1/bin/../lib/gcc/arm-none-eabi/4.5.1/thumb2/crtbegin.o
 .jcr           0x10000000        0x4 /opt/york/cs/net/sourcery-g++-lite-arm-eabi-2010.09.51-i686-1/bin/../lib/gcc/arm-none-eabi/4.5.1/thumb2/crtend.o
 *(.got.plt)
 *(.got)
 *(.shdata)
 *(.data .data.* .gnu.linkonce.d.*)
 .data          0x10000004        0x0 /opt/york/cs/net/sourcery-g++-lite-arm-eabi-2010.09.51-i686-1/bin/../lib/gcc/arm-none-eabi/4.5.1/thumb2/crti.o
 .data          0x10000004        0x4 /opt/york/cs/net/sourcery-g++-lite-arm-eabi-2010.09.51-i686-1/bin/../lib/gcc/arm-none-eabi/4.5.1/thumb2/crtbegin.o
                0x10000004                __dso_handle
 .data          0x10000008        0x0 main.o
 .data.MenuText
                0x10000008       0x1c main.o
                0x10000008                MenuText
 .data.menuFuncs
                0x10000024       0x28 main.o
                0x10000024                menuFuncs
 .data.int_Handler_Funcs
                0x1000004c        0x4 main.o
                0x1000004c                int_Handler_Funcs
 .data          0x10000050        0x0 source/KeyAccess.o
 .data          0x10000050        0x0 source/LCD.o
 .data.clrLine  0x10000050       0x14 source/LCD.o
                0x10000050                clrLine
 .data.Init     0x10000064        0xc source/LCD.o
                0x10000064                Init
 .data          0x10000070        0x0 source/i2s.o
 .data.I2S_int_Handler_Funcs
                0x10000070        0xc source/i2s.o
 .data          0x1000007c        0x0 source/Wave.o
 .data          0x1000007c        0x0 source/Delay.o
 .data          0x1000007c        0x0 source/SerialIO.o
 .data          0x1000007c        0x0 source/interrupt_handlers.o
 .data          0x1000007c        0x0 source/I2C.o
 .data          0x1000007c        0x0 source/SD.o
 .data          0x1000007c        0x0 source/TLV320.o
 .data          0x1000007c        0x0 source/FatFS/ff.o
 .data          0x1000007c        0x0 source/FatFS/ffunicode.o
 .data          0x1000007c        0x0 source/FatFS/mmc_176x_ssp.o
 .data.Stat     0x1000007c        0x1 source/FatFS/mmc_176x_ssp.o
 .data          0x1000007d        0x0 source/FatFS/diskio.o
 .data          0x1000007d        0x0 /opt/york/cs/net/lpc1700-cmsis-lite-2011.01.26-i686-1/lib/core_cm3.o
 .data          0x1000007d        0x0 /opt/york/cs/net/lpc1700-cmsis-lite-2011.01.26-i686-1/lib/system_LPC17xx.o
 *fill*         0x1000007d        0x3 00
 .data.SystemCoreClock
                0x10000080        0x4 /opt/york/cs/net/lpc1700-cmsis-lite-2011.01.26-i686-1/lib/system_LPC17xx.o
                0x10000080                SystemCoreClock
 .data          0x10000084        0x0 /opt/york/cs/net/lpc1700-cmsis-lite-2011.01.26-i686-1/lib/startup_LPC17xx.o
 .data          0x10000084        0x0 /opt/york/cs/net/sourcery-g++-lite-arm-eabi-2010.09.51-i686-1/arm-none-eabi/lib/thumb2/libc.a(lib_a-atoi.o)
 .data          0x10000084        0x0 /opt/york/cs/net/sourcery-g++-lite-arm-eabi-2010.09.51-i686-1/arm-none-eabi/lib/thumb2/libc.a(lib_a-malloc.o)
 .data          0x10000084      0x410 /opt/york/cs/net/sourcery-g++-lite-arm-eabi-2010.09.51-i686-1/arm-none-eabi/lib/thumb2/libc.a(lib_a-mallocr.o)
                0x10000084                __malloc_av_
                0x1000048c                __malloc_sbrk_base
                0x10000490                __malloc_trim_threshold
 .data          0x10000494        0x0 /opt/york/cs/net/sourcery-g++-lite-arm-eabi-2010.09.51-i686-1/arm-none-eabi/lib/thumb2/libc.a(lib_a-memcpy.o)
 .data          0x10000494        0x0 /opt/york/cs/net/sourcery-g++-lite-arm-eabi-2010.09.51-i686-1/arm-none-eabi/lib/thumb2/libc.a(lib_a-memset.o)
 .data          0x10000494        0x0 /opt/york/cs/net/sourcery-g++-lite-arm-eabi-2010.09.51-i686-1/arm-none-eabi/lib/thumb2/libc.a(lib_a-mlock.o)
 .data          0x10000494        0x0 /opt/york/cs/net/sourcery-g++-lite-arm-eabi-2010.09.51-i686-1/arm-none-eabi/lib/thumb2/libc.a(lib_a-sbrkr.o)
 .data          0x10000494        0x0 /opt/york/cs/net/sourcery-g++-lite-arm-eabi-2010.09.51-i686-1/arm-none-eabi/lib/thumb2/libc.a(lib_a-sprintf.o)
 .data          0x10000494        0x0 /opt/york/cs/net/sourcery-g++-lite-arm-eabi-2010.09.51-i686-1/arm-none-eabi/lib/thumb2/libc.a(lib_a-strchr.o)
 .data          0x10000494        0x0 /opt/york/cs/net/sourcery-g++-lite-arm-eabi-2010.09.51-i686-1/arm-none-eabi/lib/thumb2/libc.a(lib_a-strcpy.o)
 .data          0x10000494        0x0 /opt/york/cs/net/sourcery-g++-lite-arm-eabi-2010.09.51-i686-1/arm-none-eabi/lib/thumb2/libc.a(lib_a-strlen.o)
 .data          0x10000494        0x0 /opt/york/cs/net/sourcery-g++-lite-arm-eabi-2010.09.51-i686-1/arm-none-eabi/lib/thumb2/libc.a(lib_a-strncmp.o)
 .data          0x10000494        0x0 /opt/york/cs/net/sourcery-g++-lite-arm-eabi-2010.09.51-i686-1/arm-none-eabi/lib/thumb2/libc.a(lib_a-strncpy.o)
 .data          0x10000494        0x0 /opt/york/cs/net/sourcery-g++-lite-arm-eabi-2010.09.51-i686-1/arm-none-eabi/lib/thumb2/libc.a(lib_a-strtol.o)
 .data          0x10000494        0x0 /opt/york/cs/net/sourcery-g++-lite-arm-eabi-2010.09.51-i686-1/arm-none-eabi/lib/thumb2/libc.a(lib_a-svfprintf.o)
 .data          0x10000494        0x4 /opt/york/cs/net/sourcery-g++-lite-arm-eabi-2010.09.51-i686-1/arm-none-eabi/lib/thumb2/libc.a(lib_a-ctype_.o)
                0x10000494                __ctype_ptr__
 .data          0x10000498        0x0 /opt/york/cs/net/sourcery-g++-lite-arm-eabi-2010.09.51-i686-1/arm-none-eabi/lib/thumb2/libc.a(lib_a-dtoa.o)
 .data          0x10000498        0x0 /opt/york/cs/net/sourcery-g++-lite-arm-eabi-2010.09.51-i686-1/arm-none-eabi/lib/thumb2/libc.a(lib_a-freer.o)
 .data          0x10000498       0xf4 /opt/york/cs/net/sourcery-g++-lite-arm-eabi-2010.09.51-i686-1/arm-none-eabi/lib/thumb2/libc.a(lib_a-impure.o)
                0x10000498                _impure_ptr
 .data          0x1000058c       0x7c /opt/york/cs/net/sourcery-g++-lite-arm-eabi-2010.09.51-i686-1/arm-none-eabi/lib/thumb2/libc.a(lib_a-locale.o)
                0x100005ac                __mb_cur_max
 .data          0x10000608        0x0 /opt/york/cs/net/sourcery-g++-lite-arm-eabi-2010.09.51-i686-1/arm-none-eabi/lib/thumb2/libc.a(lib_a-memchr.o)
 .data          0x10000608        0x0 /opt/york/cs/net/sourcery-g++-lite-arm-eabi-2010.09.51-i686-1/arm-none-eabi/lib/thumb2/libc.a(lib_a-mprec.o)
 .data          0x10000608        0x0 /opt/york/cs/net/sourcery-g++-lite-arm-eabi-2010.09.51-i686-1/arm-none-eabi/lib/thumb2/libc.a(lib_a-reent.o)
 .data          0x10000608        0x0 /opt/york/cs/net/sourcery-g++-lite-arm-eabi-2010.09.51-i686-1/arm-none-eabi/lib/thumb2/libc.a(lib_a-s_fpclassify.o)
 .data          0x10000608        0x0 /opt/york/cs/net/sourcery-g++-lite-arm-eabi-2010.09.51-i686-1/arm-none-eabi/lib/thumb2/libc.a(lib_a-strcmp.o)
 .data          0x10000608        0x0 /opt/york/cs/net/sourcery-g++-lite-arm-eabi-2010.09.51-i686-1/arm-none-eabi/lib/thumb2/libc.a(lib_a-svfiprintf.o)
 .data          0x10000608        0x0 /opt/york/cs/net/sourcery-g++-lite-arm-eabi-2010.09.51-i686-1/arm-none-eabi/lib/thumb2/libc.a(lib_a-callocr.o)
 .data          0x10000608        0x0 /opt/york/cs/net/sourcery-g++-lite-arm-eabi-2010.09.51-i686-1/arm-none-eabi/lib/thumb2/libc.a(lib_a-memmove.o)
 .data          0x10000608        0x0 /opt/york/cs/net/sourcery-g++-lite-arm-eabi-2010.09.51-i686-1/arm-none-eabi/lib/thumb2/libc.a(lib_a-reallocr.o)
 .data          0x10000608        0x0 /opt/york/cs/net/sourcery-g++-lite-arm-eabi-2010.09.51-i686-1/bin/../lib/gcc/arm-none-eabi/4.5.1/thumb2/libgcc.a(_udivsi3.o)
 .data          0x10000608        0x0 /opt/york/cs/net/sourcery-g++-lite-arm-eabi-2010.09.51-i686-1/bin/../lib/gcc/arm-none-eabi/4.5.1/thumb2/libgcc.a(_dvmd_tls.o)
 .data          0x10000608        0x0 /opt/york/cs/net/sourcery-g++-lite-arm-eabi-2010.09.51-i686-1/bin/../lib/gcc/arm-none-eabi/4.5.1/thumb2/libgcc.a(_arm_addsubdf3.o)
 .data          0x10000608        0x0 /opt/york/cs/net/sourcery-g++-lite-arm-eabi-2010.09.51-i686-1/bin/../lib/gcc/arm-none-eabi/4.5.1/thumb2/libgcc.a(_arm_muldivdf3.o)
 .data          0x10000608        0x0 /opt/york/cs/net/sourcery-g++-lite-arm-eabi-2010.09.51-i686-1/bin/../lib/gcc/arm-none-eabi/4.5.1/thumb2/libgcc.a(_arm_cmpdf2.o)
 .data          0x10000608        0x0 /opt/york/cs/net/sourcery-g++-lite-arm-eabi-2010.09.51-i686-1/bin/../lib/gcc/arm-none-eabi/4.5.1/thumb2/libgcc.a(_arm_fixdfsi.o)
 .data          0x10000608        0x0 /opt/york/cs/net/sourcery-g++-lite-arm-eabi-2010.09.51-i686-1/bin/../lib/gcc/arm-none-eabi/4.5.1/thumb2/libgcc.a(_aeabi_uldivmod.o)
 .data          0x10000608        0x0 /opt/york/cs/net/sourcery-g++-lite-arm-eabi-2010.09.51-i686-1/bin/../lib/gcc/arm-none-eabi/4.5.1/thumb2/libgcc.a(bpabi.o)
 .data          0x10000608        0x0 /opt/york/cs/net/sourcery-g++-lite-arm-eabi-2010.09.51-i686-1/bin/../lib/gcc/arm-none-eabi/4.5.1/thumb2/libgcc.a(_divdi3.o)
 .data          0x10000608        0x0 /opt/york/cs/net/sourcery-g++-lite-arm-eabi-2010.09.51-i686-1/bin/../lib/gcc/arm-none-eabi/4.5.1/thumb2/libgcc.a(_udivdi3.o)
 .data          0x10000608        0x0 /opt/york/cs/net/sourcery-g++-lite-arm-eabi-2010.09.51-i686-1/arm-none-eabi/lib/thumb2/libm.a(lib_a-s_sin.o)
 .data          0x10000608        0x0 /opt/york/cs/net/sourcery-g++-lite-arm-eabi-2010.09.51-i686-1/arm-none-eabi/lib/thumb2/libm.a(lib_a-e_rem_pio2.o)
 .data          0x10000608        0x0 /opt/york/cs/net/sourcery-g++-lite-arm-eabi-2010.09.51-i686-1/arm-none-eabi/lib/thumb2/libm.a(lib_a-k_cos.o)
 .data          0x10000608        0x0 /opt/york/cs/net/sourcery-g++-lite-arm-eabi-2010.09.51-i686-1/arm-none-eabi/lib/thumb2/libm.a(lib_a-k_rem_pio2.o)
 .data          0x10000608        0x0 /opt/york/cs/net/sourcery-g++-lite-arm-eabi-2010.09.51-i686-1/arm-none-eabi/lib/thumb2/libm.a(lib_a-k_sin.o)
 .data          0x10000608        0x0 /opt/york/cs/net/sourcery-g++-lite-arm-eabi-2010.09.51-i686-1/arm-none-eabi/lib/thumb2/libm.a(lib_a-s_fabs.o)
 .data          0x10000608        0x0 /opt/york/cs/net/sourcery-g++-lite-arm-eabi-2010.09.51-i686-1/arm-none-eabi/lib/thumb2/libm.a(lib_a-s_floor.o)
 .data          0x10000608        0x0 /opt/york/cs/net/sourcery-g++-lite-arm-eabi-2010.09.51-i686-1/arm-none-eabi/lib/thumb2/libm.a(lib_a-s_scalbn.o)
 .data          0x10000608        0x0 /opt/york/cs/net/sourcery-g++-lite-arm-eabi-2010.09.51-i686-1/arm-none-eabi/lib/thumb2/libm.a(lib_a-s_copysign.o)
 .data          0x10000608        0x0 /opt/york/cs/net/sourcery-g++-lite-arm-eabi-2010.09.51-i686-1/bin/../lib/gcc/arm-none-eabi/4.5.1/thumb2/libgcc.a(_divsi3.o)
 .data          0x10000608        0x0 /opt/york/cs/net/sourcery-g++-lite-arm-eabi-2010.09.51-i686-1/arm-none-eabi/lib/thumb2/libcs3.a(start_c.o)
 .data          0x10000608        0x4 /opt/york/cs/net/sourcery-g++-lite-arm-eabi-2010.09.51-i686-1/arm-none-eabi/lib/thumb2/libcs3unhosted.a(unhosted-sbrk.o)
 .data          0x1000060c        0x0 /opt/york/cs/net/sourcery-g++-lite-arm-eabi-2010.09.51-i686-1/arm-none-eabi/lib/thumb2/libcs3unhosted.a(unhosted-start.o)
 .data          0x1000060c        0x0 /opt/york/cs/net/sourcery-g++-lite-arm-eabi-2010.09.51-i686-1/arm-none-eabi/lib/thumb2/libc.a(lib_a-errno.o)
 .data          0x1000060c        0x0 /opt/york/cs/net/sourcery-g++-lite-arm-eabi-2010.09.51-i686-1/arm-none-eabi/lib/thumb2/libc.a(lib_a-init.o)
 .data          0x1000060c        0x4 /opt/york/cs/net/sourcery-g++-lite-arm-eabi-2010.09.51-i686-1/arm-none-eabi/lib/thumb2/libcs3.a(heap.o)
                0x1000060c                __cs3_heap_limit
 .data          0x10000610        0x0 /opt/york/cs/net/lpc1700-cmsis-lite-2011.01.26-i686-1/lib/libDriversLPC17xxgnu.a(lpc17xx_i2c.o)
 .data          0x10000610        0x0 /opt/york/cs/net/lpc1700-cmsis-lite-2011.01.26-i686-1/lib/libDriversLPC17xxgnu.a(lpc17xx_i2s.o)
 .data          0x10000610        0x0 /opt/york/cs/net/lpc1700-cmsis-lite-2011.01.26-i686-1/lib/libDriversLPC17xxgnu.a(lpc17xx_libcfg_default.o)
 .data          0x10000610        0x0 /opt/york/cs/net/lpc1700-cmsis-lite-2011.01.26-i686-1/lib/libDriversLPC17xxgnu.a(lpc17xx_pinsel.o)
 .data          0x10000610        0x0 /opt/york/cs/net/lpc1700-cmsis-lite-2011.01.26-i686-1/lib/libDriversLPC17xxgnu.a(lpc17xx_ssp.o)
 .data          0x10000610        0x0 /opt/york/cs/net/lpc1700-cmsis-lite-2011.01.26-i686-1/lib/libDriversLPC17xxgnu.a(lpc17xx_uart.o)
 .data          0x10000610        0x0 /opt/york/cs/net/lpc1700-cmsis-lite-2011.01.26-i686-1/lib/libDriversLPC17xxgnu.a(lpc17xx_clkpwr.o)
 .data          0x10000610        0x0 /opt/york/cs/net/sourcery-g++-lite-arm-eabi-2010.09.51-i686-1/bin/../lib/gcc/arm-none-eabi/4.5.1/thumb2/crtend.o
 .data          0x10000610        0x0 /opt/york/cs/net/sourcery-g++-lite-arm-eabi-2010.09.51-i686-1/bin/../lib/gcc/arm-none-eabi/4.5.1/thumb2/crtn.o
 *(.ram)
                0x10000610                . = ALIGN (0x8)
                0x10000610                _edata = .

.bss            0x10000610      0x7d8 load address 0x00017a80
 *(.shbss)
 *(.bss .bss.* .gnu.linkonce.b.*)
 .bss           0x10000610        0x0 /opt/york/cs/net/sourcery-g++-lite-arm-eabi-2010.09.51-i686-1/bin/../lib/gcc/arm-none-eabi/4.5.1/thumb2/crti.o
 .bss           0x10000610        0x1 /opt/york/cs/net/sourcery-g++-lite-arm-eabi-2010.09.51-i686-1/bin/../lib/gcc/arm-none-eabi/4.5.1/thumb2/crtbegin.o
 .bss           0x10000611        0x0 main.o
 .bss.int_Handler_Enable
                0x10000611        0x1 main.o
                0x10000611                int_Handler_Enable
 .bss.int_Handler_Index
                0x10000612        0x1 main.o
                0x10000612                int_Handler_Index
 .bss           0x10000613        0x0 source/KeyAccess.o
 .bss           0x10000613        0x0 source/LCD.o
 .bss           0x10000613        0x0 source/i2s.o
 .bss           0x10000613        0x0 source/Wave.o
 .bss           0x10000613        0x0 source/Delay.o
 .bss           0x10000613        0x0 source/SerialIO.o
 .bss           0x10000613        0x0 source/interrupt_handlers.o
 .bss           0x10000613        0x0 source/I2C.o
 .bss           0x10000613        0x0 source/SD.o
 .bss           0x10000613        0x0 source/TLV320.o
 .bss           0x10000613        0x0 source/FatFS/ff.o
 *fill*         0x10000613        0x1 00
 .bss.FatFs     0x10000614        0x4 source/FatFS/ff.o
 .bss.Fsid      0x10000618        0x2 source/FatFS/ff.o
 .bss.CurrVol   0x1000061a        0x1 source/FatFS/ff.o
 .bss           0x1000061b        0x0 source/FatFS/ffunicode.o
 .bss           0x1000061b        0x0 source/FatFS/mmc_176x_ssp.o
 *fill*         0x1000061b        0x1 00
 .bss.Timer1    0x1000061c        0x4 source/FatFS/mmc_176x_ssp.o
 .bss.Timer2    0x10000620        0x4 source/FatFS/mmc_176x_ssp.o
 .bss.CardType  0x10000624        0x1 source/FatFS/mmc_176x_ssp.o
 .bss           0x10000625        0x0 source/FatFS/diskio.o
 .bss           0x10000625        0x0 /opt/york/cs/net/lpc1700-cmsis-lite-2011.01.26-i686-1/lib/core_cm3.o
 .bss           0x10000625        0x0 /opt/york/cs/net/lpc1700-cmsis-lite-2011.01.26-i686-1/lib/system_LPC17xx.o
 .bss           0x10000625        0x0 /opt/york/cs/net/lpc1700-cmsis-lite-2011.01.26-i686-1/lib/startup_LPC17xx.o
 .bss           0x10000625        0x0 /opt/york/cs/net/sourcery-g++-lite-arm-eabi-2010.09.51-i686-1/arm-none-eabi/lib/thumb2/libc.a(lib_a-atoi.o)
 .bss           0x10000625        0x0 /opt/york/cs/net/sourcery-g++-lite-arm-eabi-2010.09.51-i686-1/arm-none-eabi/lib/thumb2/libc.a(lib_a-malloc.o)
 *fill*         0x10000625        0x3 00
 .bss           0x10000628       0x34 /opt/york/cs/net/sourcery-g++-lite-arm-eabi-2010.09.51-i686-1/arm-none-eabi/lib/thumb2/libc.a(lib_a-mallocr.o)
                0x10000628                __malloc_top_pad
                0x1000062c                __malloc_current_mallinfo
                0x10000654                __malloc_max_sbrked_mem
                0x10000658                __malloc_max_total_mem
 .bss           0x1000065c        0x0 /opt/york/cs/net/sourcery-g++-lite-arm-eabi-2010.09.51-i686-1/arm-none-eabi/lib/thumb2/libc.a(lib_a-memcpy.o)
 .bss           0x1000065c        0x0 /opt/york/cs/net/sourcery-g++-lite-arm-eabi-2010.09.51-i686-1/arm-none-eabi/lib/thumb2/libc.a(lib_a-memset.o)
 .bss           0x1000065c        0x0 /opt/york/cs/net/sourcery-g++-lite-arm-eabi-2010.09.51-i686-1/arm-none-eabi/lib/thumb2/libc.a(lib_a-mlock.o)
 .bss           0x1000065c        0x0 /opt/york/cs/net/sourcery-g++-lite-arm-eabi-2010.09.51-i686-1/arm-none-eabi/lib/thumb2/libc.a(lib_a-sbrkr.o)
 .bss           0x1000065c        0x0 /opt/york/cs/net/sourcery-g++-lite-arm-eabi-2010.09.51-i686-1/arm-none-eabi/lib/thumb2/libc.a(lib_a-sprintf.o)
 .bss           0x1000065c        0x0 /opt/york/cs/net/sourcery-g++-lite-arm-eabi-2010.09.51-i686-1/arm-none-eabi/lib/thumb2/libc.a(lib_a-strchr.o)
 .bss           0x1000065c        0x0 /opt/york/cs/net/sourcery-g++-lite-arm-eabi-2010.09.51-i686-1/arm-none-eabi/lib/thumb2/libc.a(lib_a-strcpy.o)
 .bss           0x1000065c        0x0 /opt/york/cs/net/sourcery-g++-lite-arm-eabi-2010.09.51-i686-1/arm-none-eabi/lib/thumb2/libc.a(lib_a-strlen.o)
 .bss           0x1000065c        0x0 /opt/york/cs/net/sourcery-g++-lite-arm-eabi-2010.09.51-i686-1/arm-none-eabi/lib/thumb2/libc.a(lib_a-strncmp.o)
 .bss           0x1000065c        0x0 /opt/york/cs/net/sourcery-g++-lite-arm-eabi-2010.09.51-i686-1/arm-none-eabi/lib/thumb2/libc.a(lib_a-strncpy.o)
 .bss           0x1000065c        0x0 /opt/york/cs/net/sourcery-g++-lite-arm-eabi-2010.09.51-i686-1/arm-none-eabi/lib/thumb2/libc.a(lib_a-strtol.o)
 .bss           0x1000065c        0x0 /opt/york/cs/net/sourcery-g++-lite-arm-eabi-2010.09.51-i686-1/arm-none-eabi/lib/thumb2/libc.a(lib_a-svfprintf.o)
 .bss           0x1000065c        0x0 /opt/york/cs/net/sourcery-g++-lite-arm-eabi-2010.09.51-i686-1/arm-none-eabi/lib/thumb2/libc.a(lib_a-ctype_.o)
 .bss           0x1000065c        0x0 /opt/york/cs/net/sourcery-g++-lite-arm-eabi-2010.09.51-i686-1/arm-none-eabi/lib/thumb2/libc.a(lib_a-dtoa.o)
 .bss           0x1000065c        0x0 /opt/york/cs/net/sourcery-g++-lite-arm-eabi-2010.09.51-i686-1/arm-none-eabi/lib/thumb2/libc.a(lib_a-freer.o)
 .bss           0x1000065c        0x0 /opt/york/cs/net/sourcery-g++-lite-arm-eabi-2010.09.51-i686-1/arm-none-eabi/lib/thumb2/libc.a(lib_a-impure.o)
 .bss           0x1000065c        0xc /opt/york/cs/net/sourcery-g++-lite-arm-eabi-2010.09.51-i686-1/arm-none-eabi/lib/thumb2/libc.a(lib_a-locale.o)
                0x1000065c                __nlocale_changed
                0x10000660                __mlocale_changed
                0x10000664                _PathLocale
 .bss           0x10000668        0x0 /opt/york/cs/net/sourcery-g++-lite-arm-eabi-2010.09.51-i686-1/arm-none-eabi/lib/thumb2/libc.a(lib_a-memchr.o)
 .bss           0x10000668        0x0 /opt/york/cs/net/sourcery-g++-lite-arm-eabi-2010.09.51-i686-1/arm-none-eabi/lib/thumb2/libc.a(lib_a-mprec.o)
 .bss           0x10000668        0x0 /opt/york/cs/net/sourcery-g++-lite-arm-eabi-2010.09.51-i686-1/arm-none-eabi/lib/thumb2/libc.a(lib_a-reent.o)