Archive member included because of file (symbol)

/opt/york/cs/net/sourcery-g++-lite-arm-eabi-2010.09.51-i686-1/arm-none-eabi/lib/thumb2/libc.a(lib_a-atoi.o)
                              main.o (atoi)
/opt/york/cs/net/sourcery-g++-lite-arm-eabi-2010.09.51-i686-1/arm-none-eabi/lib/thumb2/libc.a(lib_a-malloc.o)
                              source/Wave.o (malloc)
/opt/york/cs/net/sourcery-g++-lite-arm-eabi-2010.09.51-i686-1/arm-none-eabi/lib/thumb2/libc.a(lib_a-mallocr.o)
                              /opt/york/cs/net/sourcery-g++-lite-arm-eabi-2010.09.51-i686-1/arm-none-eabi/lib/thumb2/libc.a(lib_a-malloc.o) (_malloc_r)
/opt/york/cs/net/sourcery-g++-lite-arm-eabi-2010.09.51-i686-1/arm-none-eabi/lib/thumb2/libc.a(lib_a-memcpy.o)
                              main.o (memcpy)
/opt/york/cs/net/sourcery-g++-lite-arm-eabi-2010.09.51-i686-1/arm-none-eabi/lib/thumb2/libc.a(lib_a-memset.o)
                              main.o (memset)
/opt/york/cs/net/sourcery-g++-lite-arm-eabi-2010.09.51-i686-1/arm-none-eabi/lib/thumb2/libc.a(lib_a-mlock.o)
                              /opt/york/cs/net/sourcery-g++-lite-arm-eabi-2010.09.51-i686-1/arm-none-eabi/lib/thumb2/libc.a(lib_a-mallocr.o) (__malloc_lock)
/opt/york/cs/net/sourcery-g++-lite-arm-eabi-2010.09.51-i686-1/arm-none-eabi/lib/thumb2/libc.a(lib_a-sbrkr.o)
                              /opt/york/cs/net/sourcery-g++-lite-arm-eabi-2010.09.51-i686-1/arm-none-eabi/lib/thumb2/libc.a(lib_a-mallocr.o) (_sbrk_r)
/opt/york/cs/net/sourcery-g++-lite-arm-eabi-2010.09.51-i686-1/arm-none-eabi/lib/thumb2/libc.a(lib_a-sprintf.o)
                              main.o (sprintf)
/opt/york/cs/net/sourcery-g++-lite-arm-eabi-2010.09.51-i686-1/arm-none-eabi/lib/thumb2/libc.a(lib_a-strchr.o)
                              main.o (strchr)
/opt/york/cs/net/sourcery-g++-lite-arm-eabi-2010.09.51-i686-1/arm-none-eabi/lib/thumb2/libc.a(lib_a-strcpy.o)
                              source/SD.o (strcpy)
/opt/york/cs/net/sourcery-g++-lite-arm-eabi-2010.09.51-i686-1/arm-none-eabi/lib/thumb2/libc.a(lib_a-strlen.o)
                              main.o (strlen)
/opt/york/cs/net/sourcery-g++-lite-arm-eabi-2010.09.51-i686-1/arm-none-eabi/lib/thumb2/libc.a(lib_a-strncmp.o)
                              source/Wave.o (strncmp)
/opt/york/cs/net/sourcery-g++-lite-arm-eabi-2010.09.51-i686-1/arm-none-eabi/lib/thumb2/libc.a(lib_a-strncpy.o)
                              source/SerialIO.o (strncpy)
/opt/york/cs/net/sourcery-g++-lite-arm-eabi-2010.09.51-i686-1/arm-none-eabi/lib/thumb2/libc.a(lib_a-strtol.o)
                              /opt/york/cs/net/sourcery-g++-lite-arm-eabi-2010.09.51-i686-1/arm-none-eabi/lib/thumb2/libc.a(lib_a-atoi.o) (_strtol_r)
/opt/york/cs/net/sourcery-g++-lite-arm-eabi-2010.09.51-i686-1/arm-none-eabi/lib/thumb2/libc.a(lib_a-svfprintf.o)
                              /opt/york/cs/net/sourcery-g++-lite-arm-eabi-2010.09.51-i686-1/arm-none-eabi/lib/thumb2/libc.a(lib_a-sprintf.o) (_svfprintf_r)
/opt/york/cs/net/sourcery-g++-lite-arm-eabi-2010.09.51-i686-1/arm-none-eabi/lib/thumb2/libc.a(lib_a-ctype_.o)
                              /opt/york/cs/net/sourcery-g++-lite-arm-eabi-2010.09.51-i686-1/arm-none-eabi/lib/thumb2/libc.a(lib_a-strtol.o) (__ctype_ptr__)
/opt/york/cs/net/sourcery-g++-lite-arm-eabi-2010.09.51-i686-1/arm-none-eabi/lib/thumb2/libc.a(lib_a-dtoa.o)
                              /opt/york/cs/net/sourcery-g++-lite-arm-eabi-2010.09.51-i686-1/arm-none-eabi/lib/thumb2/libc.a(lib_a-svfprintf.o) (_dtoa_r)
/opt/york/cs/net/sourcery-g++-lite-arm-eabi-2010.09.51-i686-1/arm-none-eabi/lib/thumb2/libc.a(lib_a-freer.o)
                              /opt/york/cs/net/sourcery-g++-lite-arm-eabi-2010.09.51-i686-1/arm-none-eabi/lib/thumb2/libc.a(lib_a-malloc.o) (_free_r)
/opt/york/cs/net/sourcery-g++-lite-arm-eabi-2010.09.51-i686-1/arm-none-eabi/lib/thumb2/libc.a(lib_a-impure.o)
                              /opt/york/cs/net/sourcery-g++-lite-arm-eabi-2010.09.51-i686-1/arm-none-eabi/lib/thumb2/libc.a(lib_a-malloc.o) (_impure_ptr)
/opt/york/cs/net/sourcery-g++-lite-arm-eabi-2010.09.51-i686-1/arm-none-eabi/lib/thumb2/libc.a(lib_a-locale.o)
                              /opt/york/cs/net/sourcery-g++-lite-arm-eabi-2010.09.51-i686-1/arm-none-eabi/lib/thumb2/libc.a(lib_a-svfprintf.o) (_localeconv_r)
/opt/york/cs/net/sourcery-g++-lite-arm-eabi-2010.09.51-i686-1/arm-none-eabi/lib/thumb2/libc.a(lib_a-memchr.o)
                              /opt/york/cs/net/sourcery-g++-lite-arm-eabi-2010.09.51-i686-1/arm-none-eabi/lib/thumb2/libc.a(lib_a-svfprintf.o) (memchr)
/opt/york/cs/net/sourcery-g++-lite-arm-eabi-2010.09.51-i686-1/arm-none-eabi/lib/thumb2/libc.a(lib_a-mprec.o)
                              /opt/york/cs/net/sourcery-g++-lite-arm-eabi-2010.09.51-i686-1/arm-none-eabi/lib/thumb2/libc.a(lib_a-dtoa.o) (_Balloc)
/opt/york/cs/net/sourcery-g++-lite-arm-eabi-2010.09.51-i686-1/arm-none-eabi/lib/thumb2/libc.a(lib_a-reent.o)
[...]
Memory Configuration

Name             Origin             Length             Attributes
rom              0x00000000         0x00080000         xr
ram              0x10000000         0x00008000         xrw
ram1             0x2007c000         0x00004000         xrw
ram2             0x20080000         0x00004000         xrw
*default*        0x00000000         0xffffffff

Linker script and memory map

LOAD /opt/york/cs/net/sourcery-g++-lite-arm-eabi-2010.09.51-i686-1/bin/../lib/gcc/arm-none-eabi/4.5.1/thumb2/crti.o
LOAD /opt/york/cs/net/sourcery-g++-lite-arm-eabi-2010.09.51-i686-1/bin/../lib/gcc/arm-none-eabi/4.5.1/thumb2/crtbegin.o
LOAD main.o
LOAD source/KeyAccess.o
LOAD source/LCD.o
LOAD source/I2C.o
LOAD source/Wave.o
LOAD source/TLV320.o
LOAD source/Delay.o
LOAD source/SerialIO.o
LOAD source/interrupt_handlers.o
LOAD source/i2s.o
LOAD source/SD.o
LOAD source/FatFS/ff.o
LOAD source/FatFS/mmc_176x_ssp.o
LOAD source/FatFS/diskio.o
LOAD /opt/york/cs/net/lpc1700-cmsis-lite-2011.01.26-i686-1/lib/core_cm3.o
LOAD /opt/york/cs/net/lpc1700-cmsis-lite-2011.01.26-i686-1/lib/system_LPC17xx.o
LOAD /opt/york/cs/net/lpc1700-cmsis-lite-2011.01.26-i686-1/lib/startup_LPC17xx.o
START GROUP
LOAD /opt/york/cs/net/sourcery-g++-lite-arm-eabi-2010.09.51-i686-1/arm-none-eabi/lib/thumb2/libc.a
LOAD /opt/york/cs/net/sourcery-g++-lite-arm-eabi-2010.09.51-i686-1/arm-none-eabi/lib/thumb2/libg.a
LOAD /opt/york/cs/net/sourcery-g++-lite-arm-eabi-2010.09.51-i686-1/arm-none-eabi/lib/thumb2/libstdc++.a
LOAD /opt/york/cs/net/sourcery-g++-lite-arm-eabi-2010.09.51-i686-1/arm-none-eabi/lib/thumb2/libsupc++.a
LOAD /opt/york/cs/net/sourcery-g++-lite-arm-eabi-2010.09.51-i686-1/bin/../lib/gcc/arm-none-eabi/4.5.1/thumb2/libgcc.a
LOAD /opt/york/cs/net/sourcery-g++-lite-arm-eabi-2010.09.51-i686-1/arm-none-eabi/lib/thumb2/libm.a
END GROUP
START GROUP
LOAD /opt/york/cs/net/sourcery-g++-lite-arm-eabi-2010.09.51-i686-1/bin/../lib/gcc/arm-none-eabi/4.5.1/thumb2/libgcc.a
LOAD /opt/york/cs/net/sourcery-g++-lite-arm-eabi-2010.09.51-i686-1/arm-none-eabi/lib/thumb2/libc.a
LOAD /opt/york/cs/net/sourcery-g++-lite-arm-eabi-2010.09.51-i686-1/arm-none-eabi/lib/thumb2/libcs3.a
LOAD /opt/york/cs/net/sourcery-g++-lite-arm-eabi-2010.09.51-i686-1/arm-none-eabi/lib/thumb2/libcs3unhosted.a
LOAD /opt/york/cs/net/sourcery-g++-lite-arm-eabi-2010.09.51-i686-1/arm-none-eabi/lib/thumb2/libcs3micro.a
END GROUP
                0x10008000                PROVIDE (__cs3_stack, (__cs3_region_start_ram + __cs3_region_size_ram))
                0x000071e8                PROVIDE (__cs3_stack_size, ((__cs3_region_start_ram + __cs3_region_size_ram) - _end))
                0x10000e18                PROVIDE (__cs3_heap_start, _end)
                0x10008000                PROVIDE (__cs3_heap_end, (__cs3_region_start_ram + __cs3_region_size_ram))

.text           0x00000000    0x17d8c
 CREATE_OBJECT_SYMBOLS
                0x00000000                __cs3_region_start_rom = .
 *(.cs3.region-head.rom)
                0x00000000                __cs3_interrupt_vector = __cs3_interrupt_vector_cortex_m
 *(.cs3.interrupt_vector)
 .cs3.interrupt_vector
                0x00000000       0xcc /opt/york/cs/net/lpc1700-cmsis-lite-2011.01.26-i686-1/lib/startup_LPC17xx.o
                0x00000000                __cs3_interrupt_vector_cortex_m
                0x00000001                ASSERT ((. != __cs3_interrupt_vector_cortex_m), No interrupt vector)
 *(.rom)
 *(.rom.b)
                0x000000cc                __cs3_reset = __cs3_reset_cortex_m
 *(.cs3.reset)
 .cs3.reset     0x000000cc       0x10 /opt/york/cs/net/lpc1700-cmsis-lite-2011.01.26-i686-1/lib/startup_LPC17xx.o
                0x000000cc                __cs3_reset_cortex_m
                0x00000001                ASSERT ((. != __cs3_reset), No reset code)
 *(.text .text.* .gnu.linkonce.t.*)
 .text          0x000000dc        0x0 /opt/york/cs/net/sourcery-g++-lite-arm-eabi-2010.09.51-i686-1/bin/../lib/gcc/arm-none-eabi/4.5.1/thumb2/crti.o
 .text          0x000000dc       0x30 /opt/york/cs/net/sourcery-g++-lite-arm-eabi-2010.09.51-i686-1/bin/../lib/gcc/arm-none-eabi/4.5.1/thumb2/crtbegin.o
 .text          0x0000010c        0x0 main.o
 .text.NVIC_EnableIRQ
                0x0000010c       0x38 main.o
 .text.NVIC_DisableIRQ
                0x00000144       0x3c main.o
 .text.NVIC_SetPriority
                0x00000180       0x5c main.o
 .text.EINT3_IRQHandler
                0x000001dc       0xd0 main.o
                0x000001dc                EINT3_IRQHandler
 .text.IRQInit  0x000002ac       0xd8 main.o
                0x000002ac                IRQInit
 .text.DrawMenu
                0x00000384       0xf4 main.o
                0x00000384                DrawMenu
 .text.Menu     0x00000478      0x254 main.o
                0x00000478                Menu
 .text.I2S_PassThroughLoop
                0x000006cc       0x8c main.o
                0x000006cc                I2S_PassThroughLoop
 .text.I2S_PassThroughInterrupt
                0x00000758       0xa0 main.o
                0x00000758                I2S_PassThroughInterrupt
 .text.FileInfo
                0x000007f8      0x178 main.o
                0x000007f8                FileInfo
 .text.NewFileSelection
                0x00000970       0xc0 main.o
                0x00000970                NewFileSelection
 .text.FileSelection
                0x00000a30      0x1a0 main.o
                0x00000a30                FileSelection
 .text.PassThroughLoop
                0x00000bd0       0x3c main.o
                0x00000bd0                PassThroughLoop
 .text.Play_Audio
                0x00000c0c       0x80 main.o
                0x00000c0c                Play_Audio
 .text.Play     0x00000c8c       0xac main.o
                0x00000c8c                Play
 .text.UART_Mode
                0x00000d38       0x98 main.o
                0x00000d38                UART_Mode
 .text.FatRead  0x00000dd0      0x18c main.o
                0x00000dd0                FatRead
 .text.PC_Mode  0x00000f5c      0x3c4 main.o
                0x00000f5c                PC_Mode
 .text.bytesToUInt32
                0x00001320       0x2c main.o
                0x00001320                bytesToUInt32
 .text.main     0x0000134c       0x3c main.o
                0x0000134c                main
 .text.temp     0x00001388       0x18 main.o
                0x00001388                temp
 .text.strreplace
                0x000013a0       0x50 main.o
                0x000013a0                strreplace
 .text.SelectOne
                0x000013f0      0x1c0 main.o
                0x000013f0                SelectOne
 .text.A2       0x000015b0       0x94 main.o
                0x000015b0                A2
 .text.A1       0x00001644       0xac main.o
                0x00001644                A1
 .text.A3       0x000016f0        0xc main.o
                0x000016f0                A3
 .text.A4       0x000016fc        0xc main.o
                0x000016fc                A4
 .text.TextEntry
                0x00001708       0x98 main.o
                0x00001708                TextEntry
 .text          0x000017a0        0x0 source/KeyAccess.o
 .text.GetKeyInput
                0x000017a0       0x4c source/KeyAccess.o
                0x000017a0                GetKeyInput
 .text.DecodeInput
                0x000017ec       0xc8 source/KeyAccess.o
                0x000017ec                DecodeInput
 .text.GetKeyData
                0x000018b4       0xb4 source/KeyAccess.o
                0x000018b4                GetKeyData
 .text          0x00001968        0x0 source/LCD.o
 .text.NVIC_SetPriority
                0x00001968       0x5c source/LCD.o
 .text.SysTick_Config
                0x000019c4       0x64 source/LCD.o
 .text.SendData
                0x00001a28       0x3c source/LCD.o
                0x00001a28                SendData
 .text.LCDEnable
                0x00001a64       0x34 source/LCD.o
                0x00001a64                LCDEnable
 .text.LCDDisable
                0x00001a98       0x34 source/LCD.o
                0x00001a98                LCDDisable
 .text.LCDGoHome
                0x00001acc       0x34 source/LCD.o
                0x00001acc                LCDGoHome
 .text.LCDNewLine
                0x00001b00       0x34 source/LCD.o
                0x00001b00                LCDNewLine
 .text.LCDCursorShift
                0x00001b34       0x58 source/LCD.o
                0x00001b34                LCDCursorShift
 .text.LCDInit  0x00001b8c       0x18 source/LCD.o
                0x00001b8c                LCDInit
 .text.LCDClear
                0x00001ba4       0x88 source/LCD.o
                0x00001ba4                LCDClear
 .text.LCDPrint
                0x00001c2c      0x114 source/LCD.o
                0x00001c2c                LCDPrint
 .text.main_LDCPrintHelloWorld
                0x00001d40       0x68 source/LCD.o
                0x00001d40                main_LDCPrintHelloWorld
 .text          0x00001da8        0x0 source/I2C.o
 .text.I2CInit  0x00001da8       0x30 source/I2C.o
                0x00001da8                I2CInit
 .text.SetupVals
                0x00001dd8       0x54 source/I2C.o
                0x00001dd8                SetupVals
 .text.SetupPINS
                0x00001e2c       0x44 source/I2C.o
                0x00001e2c                SetupPINS
 .text          0x00001e70        0x0 source/Wave.o
 .text.Wav_Init
                0x00001e70      0x240 source/Wave.o
                0x00001e70                Wav_Init
 .text          0x000020b0        0x0 source/TLV320.o
 .text.TLV320_ChangeInputVolume
                0x000020b0       0x38 source/TLV320.o
                0x000020b0                TLV320_ChangeInputVolume
 .text.TLV320_ChangeOutputVolume
                0x000020e8       0x40 source/TLV320.o
                0x000020e8                TLV320_ChangeOutputVolume
 .text.TLV320_EnablePassThrough
                0x00002128       0x28 source/TLV320.o
                0x00002128                TLV320_EnablePassThrough
 .text.TLV320_DisablePassThrough
                0x00002150       0x30 source/TLV320.o
                0x00002150                TLV320_DisablePassThrough
 .text.TLV320_Setup
                0x00002180       0x28 source/TLV320.o
                0x00002180                TLV320_Setup
 .text.TLV320_EnableDAC
                0x000021a8       0x2c source/TLV320.o
                0x000021a8                TLV320_EnableDAC
 .text.TLV320_EnableOutput
                0x000021d4       0x2c source/TLV320.o
                0x000021d4                TLV320_EnableOutput
 .text.TLV320_Start_I2S_Polling_Passthrough
                0x00002200       0x38 source/TLV320.o
                0x00002200                TLV320_Start_I2S_Polling_Passthrough
 .text.TLV320_PlayWav
                0x00002238       0x38 source/TLV320.o
                0x00002238                TLV320_PlayWav
 .text.TLV320_SendData
                0x00002270       0x64 source/TLV320.o
                0x00002270                TLV320_SendData
 .text          0x000022d4        0x0 source/Delay.o
 .text.NVIC_SetPriority
                0x000022d4       0x5c source/Delay.o
 .text.SysTick_Config
                0x00002330       0x64 source/Delay.o
 .text.SysTick_Handler
                0x00002394       0x24 source/Delay.o
                0x00002394                SysTick_Handler
 .text.Delay    0x000023b8       0x34 source/Delay.o
                0x000023b8                Delay
 .text.DelayInit
                0x000023ec       0x2c source/Delay.o
                0x000023ec                DelayInit
 .text          0x00002418        0x0 source/SerialIO.o
 .text.NVIC_EnableIRQ
                0x00002418       0x38 source/SerialIO.o
 .text.NVIC_DisableIRQ
                0x00002450       0x3c source/SerialIO.o
 .text.NVIC_SetPriority
                0x0000248c       0x5c source/SerialIO.o
 .text.UART0_IRQHandler
                0x000024e8       0x4c source/SerialIO.o
                0x000024e8                UART0_IRQHandler
 .text.ReceiveText
                0x00002534       0xe8 source/SerialIO.o
                0x00002534                ReceiveText
 .text.ReadText
                0x0000261c       0xa4 source/SerialIO.o
                0x0000261c                ReadText
 .text.AddTextToBuffer
                0x000026c0       0xa4 source/SerialIO.o
                0x000026c0                AddTextToBuffer
 .text.ProcessBuffer
                0x00002764      0x168 source/SerialIO.o
                0x00002764                ProcessBuffer
 .text.TransmitText
                0x000028cc      0x10c source/SerialIO.o
                0x000028cc                TransmitText
 .text.InitSerial
                0x000029d8       0x90 source/SerialIO.o
                0x000029d8                InitSerial
 .text.WriteText
                0x00002a68       0x30 source/SerialIO.o
                0x00002a68                WriteText
 .text.write_usb_serial_blocking
                0x00002a98       0x2c source/SerialIO.o
                0x00002a98                write_usb_serial_blocking
 .text.InitSerInterrupts
                0x00002ac4      0x154 source/SerialIO.o
                0x00002ac4                InitSerInterrupts
 .text.EnableSerInterrupts
                0x00002c18       0x10 source/SerialIO.o
                0x00002c18                EnableSerInterrupts
 .text.DisableSerInterrupts
                0x00002c28       0x10 source/SerialIO.o
                0x00002c28                DisableSerInterrupts
 .text          0x00002c38        0x0 source/interrupt_handlers.o
 .text.NVIC_DisableIRQ
                0x00002c38       0x3c source/interrupt_handlers.o
 .text.I2S_PassThroughInt_Handler
                0x00002c74       0x10 source/interrupt_handlers.o
                0x00002c74                I2S_PassThroughInt_Handler
 .text          0x00002c84        0x0 source/i2s.o
 .text.NVIC_EnableIRQ
                0x00002c84       0x38 source/i2s.o
 .text.NVIC_DisableIRQ
                0x00002cbc       0x3c source/i2s.o
 .text.NVIC_SetPriority
                0x00002cf8       0x5c source/i2s.o
 .text.I2S_IRQHandler
                0x00002d54       0x20 source/i2s.o
                0x00002d54                I2S_IRQHandler
 .text.i2s_int_Passthrough
                0x00002d74      0x154 source/i2s.o
                0x00002d74                i2s_int_Passthrough
 .text.i2s_playSound
                0x00002ec8       0x8c source/i2s.o
                0x00002ec8                i2s_playSound
 .text.i2s_wav_play_16_bit
                0x00002f54      0x160 source/i2s.o
                0x00002f54                i2s_wav_play_16_bit
 .text.Init_I2S_Wav
                0x000030b4      0x1a8 source/i2s.o
                0x000030b4                Init_I2S_Wav
 .text.I2S_Polling_Init
                0x0000325c      0x1f8 source/i2s.o
                0x0000325c                I2S_Polling_Init
 *fill*         0x00003454        0x4 00
 .text.I2S_Create_Sine
                0x00003458      0x160 source/i2s.o
                0x00003458                I2S_Create_Sine
 .text.I2S_BaseInit
                0x000035b8      0x108 source/i2s.o
                0x000035b8                I2S_BaseInit
 .text.I2S_Polling_Read
                0x000036c0       0x84 source/i2s.o
                0x000036c0                I2S_Polling_Read
 .text.I2S_Polling_Write
                0x00003744       0x5c source/i2s.o
                0x00003744                I2S_Polling_Write
 .text.ConfInit
                0x000037a0       0x68 source/i2s.o
                0x000037a0                ConfInit
 .text.ClockInit
                0x00003808       0x54 source/i2s.o
                0x00003808                ClockInit
 .text          0x0000385c        0x0 source/SD.o
 .text.NVIC_EnableIRQ
                0x0000385c       0x38 source/SD.o
 .text.NVIC_DisableIRQ
                0x00003894       0x3c source/SD.o
 .text.SDPrintFresult
                0x000038d0       0x70 source/SD.o
                0x000038d0                SDPrintFresult
 .text.indemalloc
                0x00003940       0x6c source/SD.o
                0x00003940                indemalloc
 .text.sd_init  0x000039ac       0x50 source/SD.o
                0x000039ac                sd_init
 .text.sd_deinit
                0x000039fc       0x1c source/SD.o
                0x000039fc                sd_deinit
 .text.SDMallocFilenames
                0x00003a18       0x4c source/SD.o
                0x00003a18                SDMallocFilenames
 .text.SDFreeFilenames
                0x00003a64       0x54 source/SD.o
                0x00003a64                SDFreeFilenames
 .text.SDGetAllFiles
                0x00003ab8      0x128 source/SD.o
                0x00003ab8                SDGetAllFiles
 .text.SDGetDirectories
                0x00003be0       0xfc source/SD.o
                0x00003be0                SDGetDirectories
 .text.SDGetFiles
                0x00003cdc      0x160 source/SD.o
                0x00003cdc                SDGetFiles
 .text.SDReadBytes
                0x00003e3c       0xc0 source/SD.o
                0x00003e3c                SDReadBytes
 .text.SDGetFileSize
                0x00003efc       0x80 source/SD.o
                0x00003efc                SDGetFileSize
 .text.SD_READ  0x00003f7c       0x38 source/SD.o
                0x00003f7c                SD_READ
 .text.SD_WRITE
                0x00003fb4       0x38 source/SD.o
                0x00003fb4                SD_WRITE
 .text          0x00003fec        0x0 source/FatFS/ff.o
 .text.ld_word  0x00003fec       0x34 source/FatFS/ff.o
 .text.ld_dword
                0x00004020       0x58 source/FatFS/ff.o
 .text.st_word  0x00004078       0x40 source/FatFS/ff.o
 .text.st_dword
                0x000040b8       0x6c source/FatFS/ff.o
 .text.mem_cpy  0x00004124       0x4c source/FatFS/ff.o
 .text.mem_set  0x00004170       0x38 source/FatFS/ff.o
 .text.mem_cmp  0x000041a8       0x5c source/FatFS/ff.o
 .text.chk_chr  0x00004204       0x38 source/FatFS/ff.o
 .text.dbc_1st  0x0000423c       0x68 source/FatFS/ff.o
 .text.dbc_2nd  0x000042a4       0x8c source/FatFS/ff.o
 .text.sync_window
                0x00004330       0x90 source/FatFS/ff.o
 .text.move_window
                0x000043c0       0x68 source/FatFS/ff.o
 .text.sync_fs  0x00004428       0xf8 source/FatFS/ff.o
 .text.clst2sect
                0x00004520       0x44 source/FatFS/ff.o
 .text.get_fat  0x00004564      0x180 source/FatFS/ff.o
 .text.put_fat  0x000046e4      0x218 source/FatFS/ff.o
 .text.remove_chain
                0x000048fc       0xdc source/FatFS/ff.o
 .text.create_chain
                0x000049d8      0x1c4 source/FatFS/ff.o
 .text.dir_clear
                0x00004b9c       0xa4 source/FatFS/ff.o
 .text.dir_sdi  0x00004c40      0x114 source/FatFS/ff.o
 .text.dir_next
                0x00004d54      0x164 source/FatFS/ff.o
 .text.dir_alloc
                0x00004eb8       0x9c source/FatFS/ff.o
 .text.ld_clust
                0x00004f54       0x48 source/FatFS/ff.o
 .text.st_clust
                0x00004f9c       0x44 source/FatFS/ff.o
 .text.dir_read
                0x00004fe0       0xc4 source/FatFS/ff.o
 .text.dir_find
                0x000050a4       0xbc source/FatFS/ff.o
 .text.dir_register
                0x00005160       0x74 source/FatFS/ff.o
 .text.dir_remove
                0x000051d4       0x44 source/FatFS/ff.o
 .text.get_fileinfo
                0x00005218       0xf4 source/FatFS/ff.o
 .text.get_achar
                0x0000530c       0x7c source/FatFS/ff.o
 .text.pattern_matching
                0x00005388      0x128 source/FatFS/ff.o
 .text.create_name
                0x000054b0      0x258 source/FatFS/ff.o
 .text.follow_path
                0x00005708      0x140 source/FatFS/ff.o
 .text.get_ldnumber
                0x00005848       0x9c source/FatFS/ff.o
 .text.check_fs
                0x000058e4       0xcc source/FatFS/ff.o
 .text.find_volume
                0x000059b0      0x540 source/FatFS/ff.o
 .text.validate
                0x00005ef0       0x74 source/FatFS/ff.o
 .text.f_mount  0x00005f64       0x98 source/FatFS/ff.o
                0x00005f64                f_mount
 .text.f_open   0x00005ffc      0x354 source/FatFS/ff.o
                0x00005ffc                f_open
 .text.f_read   0x00006350      0x2b8 source/FatFS/ff.o
                0x00006350                f_read
 .text.f_write  0x00006608      0x324 source/FatFS/ff.o
                0x00006608                f_write
 .text.f_sync   0x0000692c      0x11c source/FatFS/ff.o
                0x0000692c                f_sync
 .text.f_close  0x00006a48       0x44 source/FatFS/ff.o
                0x00006a48                f_close
 .text.f_chdrive
                0x00006a8c       0x3c source/FatFS/ff.o
                0x00006a8c                f_chdrive
 .text.f_chdir  0x00006ac8       0xa4 source/FatFS/ff.o
                0x00006ac8                f_chdir
 .text.f_getcwd
                0x00006b6c      0x220 source/FatFS/ff.o
                0x00006b6c                f_getcwd
 .text.f_lseek  0x00006d8c      0x2a4 source/FatFS/ff.o
                0x00006d8c                f_lseek
 .text.f_opendir
                0x00007030       0xc4 source/FatFS/ff.o
                0x00007030                f_opendir
 .text.f_closedir
                0x000070f4       0x34 source/FatFS/ff.o
                0x000070f4                f_closedir
 .text.f_readdir
                0x00007128       0x88 source/FatFS/ff.o
                0x00007128                f_readdir
 .text.f_findnext
                0x000071b0       0x5c source/FatFS/ff.o
                0x000071b0                f_findnext
 .text.f_findfirst
                0x0000720c       0x40 source/FatFS/ff.o
                0x0000720c                f_findfirst
 .text.f_stat   0x0000724c       0x80 source/FatFS/ff.o
                0x0000724c                f_stat
 .text.f_getfree
                0x000072cc      0x198 source/FatFS/ff.o
                0x000072cc                f_getfree
 .text.f_truncate
                0x00007464      0x148 source/FatFS/ff.o
                0x00007464                f_truncate
 .text.f_unlink
                0x000075ac      0x18c source/FatFS/ff.o
                0x000075ac                f_unlink
 .text.f_mkdir  0x00007738      0x1f8 source/FatFS/ff.o
                0x00007738                f_mkdir
 .text.f_rename
                0x00007930      0x228 source/FatFS/ff.o
                0x00007930                f_rename
 .text.f_chmod  0x00007b58       0xd0 source/FatFS/ff.o
                0x00007b58                f_chmod
 .text.f_utime  0x00007c28       0xb4 source/FatFS/ff.o
                0x00007c28                f_utime
 .text.f_getlabel
                0x00007cdc      0x164 source/FatFS/ff.o
                0x00007cdc                f_getlabel
 .text.f_setlabel
                0x00007e40      0x270 source/FatFS/ff.o
                0x00007e40                f_setlabel
 .text.f_mkfs   0x000080b0      0x9d8 source/FatFS/ff.o
                0x000080b0                f_mkfs
 .text.f_gets   0x00008a88       0x8c source/FatFS/ff.o
                0x00008a88                f_gets
 .text.putc_bfd
                0x00008b14       0x80 source/FatFS/ff.o
 .text.putc_flush
                0x00008b94       0x50 source/FatFS/ff.o
 .text.putc_init
                0x00008be4       0x28 source/FatFS/ff.o
 .text.f_putc   0x00008c0c       0x3c source/FatFS/ff.o
                0x00008c0c                f_putc
 .text.f_puts   0x00008c48       0x50 source/FatFS/ff.o
                0x00008c48                f_puts
 .text.f_printf
                0x00008c98      0x524 source/FatFS/ff.o
                0x00008c98                f_printf
 .text          0x000091bc        0x0 source/FatFS/mmc_176x_ssp.o
 .text.xchg_spi
                0x000091bc       0x44 source/FatFS/mmc_176x_ssp.o
 .text.rcvr_spi_multi
                0x00009200      0x134 source/FatFS/mmc_176x_ssp.o
 .text.xmit_spi_multi
                0x00009334      0x134 source/FatFS/mmc_176x_ssp.o
 .text.wait_ready
                0x00009468       0x48 source/FatFS/mmc_176x_ssp.o
 .text.deselect
                0x000094b0       0x1c source/FatFS/mmc_176x_ssp.o
 .text.select   0x000094cc       0x3c source/FatFS/mmc_176x_ssp.o
 .text.power_on
                0x00009508      0x104 source/FatFS/mmc_176x_ssp.o
 .text.power_off
                0x0000960c       0x10 source/FatFS/mmc_176x_ssp.o
 .text.rcvr_datablock
                0x0000961c       0x6c source/FatFS/mmc_176x_ssp.o
 .text.xmit_datablock
                0x00009688       0x74 source/FatFS/mmc_176x_ssp.o
 .text.send_cmd
                0x000096fc       0xfc source/FatFS/mmc_176x_ssp.o
 .text.disk_initialize
                0x000097f8      0x25c source/FatFS/mmc_176x_ssp.o
                0x000097f8                disk_initialize
 .text.disk_status
                0x00009a54       0x30 source/FatFS/mmc_176x_ssp.o
                0x00009a54                disk_status
 .text.disk_read
                0x00009a84       0xd0 source/FatFS/mmc_176x_ssp.o
                0x00009a84                disk_read
 .text.disk_write
                0x00009b54      0x128 source/FatFS/mmc_176x_ssp.o
                0x00009b54                disk_write
 .text.disk_ioctl
                0x00009c7c      0x578 source/FatFS/mmc_176x_ssp.o
                0x00009c7c                disk_ioctl
 .text.disk_timerproc
                0x0000a1f4       0xa4 source/FatFS/mmc_176x_ssp.o
                0x0000a1f4                disk_timerproc
 .text          0x0000a298        0x0 source/FatFS/diskio.o
 .text          0x0000a298        0x0 /opt/york/cs/net/lpc1700-cmsis-lite-2011.01.26-i686-1/lib/core_cm3.o
 .text          0x0000a298        0x0 /opt/york/cs/net/lpc1700-cmsis-lite-2011.01.26-i686-1/lib/system_LPC17xx.o
 .text.SystemCoreClockUpdate
                0x0000a298      0x228 /opt/york/cs/net/lpc1700-cmsis-lite-2011.01.26-i686-1/lib/system_LPC17xx.o
                0x0000a298                SystemCoreClockUpdate
 .text.SystemInit
                0x0000a4c0      0x240 /opt/york/cs/net/lpc1700-cmsis-lite-2011.01.26-i686-1/lib/system_LPC17xx.o
                0x0000a4c0                SystemInit
 .text          0x0000a700       0x14 /opt/york/cs/net/lpc1700-cmsis-lite-2011.01.26-i686-1/lib/startup_LPC17xx.o
                0x0000a700                NMI_Handler
                0x0000a702                HardFault_Handler
                0x0000a704                MemManage_Handler
                0x0000a706                BusFault_Handler
                0x0000a708                UsageFault_Handler
                0x0000a70a                SVC_Handler
                0x0000a70c                DebugMon_Handler
                0x0000a70e                PendSV_Handler
                0x0000a712                TIMER2_IRQHandler
                0x0000a712                RIT_IRQHandler
                0x0000a712                I2C0_IRQHandler
                0x0000a712                USBActivity_IRQHandler
                0x0000a712                PWM1_IRQHandler
                0x0000a712                I2C1_IRQHandler
                0x0000a712                EINT2_IRQHandler
                0x0000a712                UART1_IRQHandler
                0x0000a712                CANActivity_IRQHandler
                0x0000a712                TIMER3_IRQHandler
                0x0000a712                PLL0_IRQHandler
                0x0000a712                CAN_IRQHandler
                0x0000a712                PLL1_IRQHandler
                0x0000a712                SSP0_IRQHandler
                0x0000a712                I2C2_IRQHandler
                0x0000a712                RTC_IRQHandler
                0x0000a712                TIMER0_IRQHandler
                0x0000a712                SPI_IRQHandler
                0x0000a712                EINT1_IRQHandler
                0x0000a712                TIMER1_IRQHandler
                0x0000a712                UART2_IRQHandler
                0x0000a712                Default_Handler
                0x0000a712                ADC_IRQHandler
                0x0000a712                SSP1_IRQHandler
                0x0000a712                USB_IRQHandler
                0x0000a712                BOD_IRQHandler
                0x0000a712                WDT_IRQHandler
                0x0000a712                QEI_IRQHandler
                0x0000a712                EINT0_IRQHandler
                0x0000a712                DMA_IRQHandler
                0x0000a712                UART3_IRQHandler
                0x0000a712                MCPWM_IRQHandler
                0x0000a712                ENET_IRQHandler
 .text          0x0000a714       0x10 /opt/york/cs/net/sourcery-g++-lite-arm-eabi-2010.09.51-i686-1/arm-none-eabi/lib/thumb2/libc.a(lib_a-atoi.o)
                0x0000a714                atoi
                0x0000a71c                _atoi_r
 .text          0x0000a724       0x20 /opt/york/cs/net/sourcery-g++-lite-arm-eabi-2010.09.51-i686-1/arm-none-eabi/lib/thumb2/libc.a(lib_a-malloc.o)
                0x0000a724                malloc
                0x0000a734                free
 .text          0x0000a744      0x57c /opt/york/cs/net/sourcery-g++-lite-arm-eabi-2010.09.51-i686-1/arm-none-eabi/lib/thumb2/libc.a(lib_a-mallocr.o)
                0x0000a744                _malloc_r
 .text          0x0000acc0      0x150 /opt/york/cs/net/sourcery-g++-lite-arm-eabi-2010.09.51-i686-1/arm-none-eabi/lib/thumb2/libc.a(lib_a-memcpy.o)
                0x0000acc0                memcpy
 .text          0x0000ae10       0xb4 /opt/york/cs/net/sourcery-g++-lite-arm-eabi-2010.09.51-i686-1/arm-none-eabi/lib/thumb2/libc.a(lib_a-memset.o)
                0x0000ae10                memset
 .text          0x0000aec4        0x8 /opt/york/cs/net/sourcery-g++-lite-arm-eabi-2010.09.51-i686-1/arm-none-eabi/lib/thumb2/libc.a(lib_a-mlock.o)
                0x0000aec4                __malloc_lock
                0x0000aec8                __malloc_unlock
 .text          0x0000aecc       0x28 /opt/york/cs/net/sourcery-g++-lite-arm-eabi-2010.09.51-i686-1/arm-none-eabi/lib/thumb2/libc.a(lib_a-sbrkr.o)
                0x0000aecc                _sbrk_r
 .text          0x0000aef4       0x94 /opt/york/cs/net/sourcery-g++-lite-arm-eabi-2010.09.51-i686-1/arm-none-eabi/lib/thumb2/libc.a(lib_a-sprintf.o)
                0x0000aef4                _sprintf_r
                0x0000af38                sprintf
 .text          0x0000af88      0x10c /opt/york/cs/net/sourcery-g++-lite-arm-eabi-2010.09.51-i686-1/arm-none-eabi/lib/thumb2/libc.a(lib_a-strchr.o)
                0x0000af88                strchr
 .text          0x0000b094       0xbc /opt/york/cs/net/sourcery-g++-lite-arm-eabi-2010.09.51-i686-1/arm-none-eabi/lib/thumb2/libc.a(lib_a-strcpy.o)
                0x0000b094                strcpy
 .text          0x0000b150       0x60 /opt/york/cs/net/sourcery-g++-lite-arm-eabi-2010.09.51-i686-1/arm-none-eabi/lib/thumb2/libc.a(lib_a-strlen.o)
                0x0000b150                strlen
 .text          0x0000b1b0       0xa0 /opt/york/cs/net/sourcery-g++-lite-arm-eabi-2010.09.51-i686-1/arm-none-eabi/lib/thumb2/libc.a(lib_a-strncmp.o)
                0x0000b1b0                strncmp
 .text          0x0000b250       0x7c /opt/york/cs/net/sourcery-g++-lite-arm-eabi-2010.09.51-i686-1/arm-none-eabi/lib/thumb2/libc.a(lib_a-strncpy.o)
                0x0000b250                strncpy
 .text          0x0000b2cc      0x17c /opt/york/cs/net/sourcery-g++-lite-arm-eabi-2010.09.51-i686-1/arm-none-eabi/lib/thumb2/libc.a(lib_a-strtol.o)
                0x0000b2cc                _strtol_r
                0x0000b430                strtol
 .text          0x0000b448     0x1658 /opt/york/cs/net/sourcery-g++-lite-arm-eabi-2010.09.51-i686-1/arm-none-eabi/lib/thumb2/libc.a(lib_a-svfprintf.o)
                0x0000b448                _svfprintf_r
 .text          0x0000caa0        0x0 /opt/york/cs/net/sourcery-g++-lite-arm-eabi-2010.09.51-i686-1/arm-none-eabi/lib/thumb2/libc.a(lib_a-ctype_.o)
 .text          0x0000caa0     0x1000 /opt/york/cs/net/sourcery-g++-lite-arm-eabi-2010.09.51-i686-1/arm-none-eabi/lib/thumb2/libc.a(lib_a-dtoa.o)
                0x0000cbcc                _dtoa_r
 .text          0x0000daa0      0x240 /opt/york/cs/net/sourcery-g++-lite-arm-eabi-2010.09.51-i686-1/arm-none-eabi/lib/thumb2/libc.a(lib_a-freer.o)
                0x0000daa0                _malloc_trim_r
                0x0000db48                _free_r
 .text          0x0000dce0        0x0 /opt/york/cs/net/sourcery-g++-lite-arm-eabi-2010.09.51-i686-1/arm-none-eabi/lib/thumb2/libc.a(lib_a-impure.o)
 .text          0x0000dce0       0xa0 /opt/york/cs/net/sourcery-g++-lite-arm-eabi-2010.09.51-i686-1/arm-none-eabi/lib/thumb2/libc.a(lib_a-locale.o)
                0x0000dce0                _setlocale_r
                0x0000dd3c                __locale_charset
                0x0000dd48                __locale_mb_cur_max
                0x0000dd54                __locale_msgcharset
                0x0000dd5c                __locale_cjk_lang
                0x0000dd60                _localeconv_r
                0x0000dd68                setlocale
                0x0000dd78                localeconv
 .text          0x0000dd80       0x88 /opt/york/cs/net/sourcery-g++-lite-arm-eabi-2010.09.51-i686-1/arm-none-eabi/lib/thumb2/libc.a(lib_a-memchr.o)
                0x0000dd80                memchr
 .text          0x0000de08      0x920 /opt/york/cs/net/sourcery-g++-lite-arm-eabi-2010.09.51-i686-1/arm-none-eabi/lib/thumb2/libc.a(lib_a-mprec.o)
                0x0000de08                _Balloc
                0x0000de70                _Bfree
                0x0000dea8                __multadd
                0x0000df2c                __s2b
                0x0000dfc0                __hi0bits
                0x0000e000                __lo0bits
                0x0000e064                __i2b
                0x0000e078                __multiply
                0x0000e1a0                __pow5mult
                0x0000e244                __lshift
                0x0000e2f0                __mcmp
                0x0000e32c                __mdiff
                0x0000e424                __ulp
                0x0000e46c                __b2d
                0x0000e518                __d2b
                0x0000e5e0                __ratio
                0x0000e650                _mprec_log10
                0x0000e684                __copybits
                0x0000e6cc                __any_on
 .text          0x0000e728      0x114 /opt/york/cs/net/sourcery-g++-lite-arm-eabi-2010.09.51-i686-1/arm-none-eabi/lib/thumb2/libc.a(lib_a-reent.o)
                0x0000e728                cleanup_glue
                0x0000e744                _reclaim_reent
                0x0000e804                _wrapup_reent
 .text          0x0000e83c       0x90 /opt/york/cs/net/sourcery-g++-lite-arm-eabi-2010.09.51-i686-1/arm-none-eabi/lib/thumb2/libc.a(lib_a-s_fpclassify.o)
                0x0000e83c                __fpclassifyd
 .text          0x0000e8cc      0x1dc /opt/york/cs/net/sourcery-g++-lite-arm-eabi-2010.09.51-i686-1/arm-none-eabi/lib/thumb2/libc.a(lib_a-strcmp.o)
                0x0000e8cc                strcmp
 .text          0x0000eaa8      0xbe4 /opt/york/cs/net/sourcery-g++-lite-arm-eabi-2010.09.51-i686-1/arm-none-eabi/lib/thumb2/libc.a(lib_a-svfiprintf.o)
                0x0000eaa8                __ssprint_r
                0x0000ebb0                _svfiprintf_r
 .text          0x0000f68c       0x5c /opt/york/cs/net/sourcery-g++-lite-arm-eabi-2010.09.51-i686-1/arm-none-eabi/lib/thumb2/libc.a(lib_a-callocr.o)
                0x0000f68c                _calloc_r
 .text          0x0000f6e8       0xa0 /opt/york/cs/net/sourcery-g++-lite-arm-eabi-2010.09.51-i686-1/arm-none-eabi/lib/thumb2/libc.a(lib_a-memmove.o)
                0x0000f6e8                memmove
 .text          0x0000f788      0x41c /opt/york/cs/net/sourcery-g++-lite-arm-eabi-2010.09.51-i686-1/arm-none-eabi/lib/thumb2/libc.a(lib_a-reallocr.o)
                0x0000f788                _realloc_r
 *fill*         0x0000fba4        0x4 00
 .text          0x0000fba8      0x278 /opt/york/cs/net/sourcery-g++-lite-arm-eabi-2010.09.51-i686-1/bin/../lib/gcc/arm-none-eabi/4.5.1/thumb2/libgcc.a(_udivsi3.o)
                0x0000fba8                __udivsi3
                0x0000fba8                __aeabi_uidiv
                0x0000fe04                __aeabi_uidivmod
 .text          0x0000fe20        0x4 /opt/york/cs/net/sourcery-g++-lite-arm-eabi-2010.09.51-i686-1/bin/../lib/gcc/arm-none-eabi/4.5.1/thumb2/libgcc.a(_dvmd_tls.o)
                0x0000fe20                __aeabi_ldiv0
                0x0000fe20                __aeabi_idiv0
 .text          0x0000fe24      0x370 /opt/york/cs/net/sourcery-g++-lite-arm-eabi-2010.09.51-i686-1/bin/../lib/gcc/arm-none-eabi/4.5.1/thumb2/libgcc.a(_arm_addsubdf3.o)
                0x0000fe24                __aeabi_drsub
                0x0000fe2c                __aeabi_dsub
                0x0000fe2c                __subdf3
                0x0000fe30                __adddf3
                0x0000fe30                __aeabi_dadd
                0x000100a8                __aeabi_ui2d
                0x000100a8                __floatunsidf
                0x000100c8                __floatsidf
                0x000100c8                __aeabi_i2d
                0x000100ec                __extendsfdf2
                0x000100ec                __aeabi_f2d
                0x00010128                __aeabi_ul2d
                0x00010128                __floatundidf
                0x00010138                __floatdidf
                0x00010138                __aeabi_l2d
 .text          0x00010194      0x424 /opt/york/cs/net/sourcery-g++-lite-arm-eabi-2010.09.51-i686-1/bin/../lib/gcc/arm-none-eabi/4.5.1/thumb2/libgcc.a(_arm_muldivdf3.o)
                0x00010194                __aeabi_dmul
                0x00010194                __muldf3
                0x000103e8                __aeabi_ddiv
                0x000103e8                __divdf3
 .text          0x000105b8      0x110 /opt/york/cs/net/sourcery-g++-lite-arm-eabi-2010.09.51-i686-1/bin/../lib/gcc/arm-none-eabi/4.5.1/thumb2/libgcc.a(_arm_cmpdf2.o)
                0x000105b8                __gtdf2
                0x000105b8                __gedf2
                0x000105c0                __ltdf2
                0x000105c0                __ledf2
                0x000105c8                __cmpdf2
                0x000105c8                __eqdf2
                0x000105c8                __nedf2
                0x00010644                __aeabi_cdrcmple
                0x00010654                __aeabi_cdcmple
                0x00010654                __aeabi_cdcmpeq
                0x00010664                __aeabi_dcmpeq
                0x00010678                __aeabi_dcmplt
                0x0001068c                __aeabi_dcmple
                0x000106a0                __aeabi_dcmpge
                0x000106b4                __aeabi_dcmpgt
 .text          0x000106c8       0x50 /opt/york/cs/net/sourcery-g++-lite-arm-eabi-2010.09.51-i686-1/bin/../lib/gcc/arm-none-eabi/4.5.1/thumb2/libgcc.a(_arm_fixdfsi.o)
                0x000106c8                __fixdfsi
                0x000106c8                __aeabi_d2iz
 .text          0x00010718      0x21c /opt/york/cs/net/sourcery-g++-lite-arm-eabi-2010.09.51-i686-1/bin/../lib/gcc/arm-none-eabi/4.5.1/thumb2/libgcc.a(_arm_addsubsf3.o)
                0x00010718                __aeabi_frsub
                0x00010720                __subsf3
                0x00010720                __aeabi_fsub
                0x00010724                __aeabi_fadd
                0x00010724                __addsf3
                0x00010884                __aeabi_ui2f
                0x00010884                __floatunsisf
                0x0001088c                __aeabi_i2f
                0x0001088c                __floatsisf
                0x000108a8                __floatundisf
                0x000108a8                __aeabi_ul2f
                0x000108b8                __floatdisf
                0x000108b8                __aeabi_l2f
 .text          0x00010934      0x2a0 /opt/york/cs/net/sourcery-g++-lite-arm-eabi-2010.09.51-i686-1/bin/../lib/gcc/arm-none-eabi/4.5.1/thumb2/libgcc.a(_arm_muldivsf3.o)
                0x00010934                __mulsf3
                0x00010934                __aeabi_fmul
                0x00010a9c                __divsf3
                0x00010a9c                __aeabi_fdiv
 .text          0x00010bd4       0x2c /opt/york/cs/net/sourcery-g++-lite-arm-eabi-2010.09.51-i686-1/bin/../lib/gcc/arm-none-eabi/4.5.1/thumb2/libgcc.a(_aeabi_uldivmod.o)
                0x00010bd4                __aeabi_uldivmod
 .text          0x00010c00       0x60 /opt/york/cs/net/sourcery-g++-lite-arm-eabi-2010.09.51-i686-1/bin/../lib/gcc/arm-none-eabi/4.5.1/thumb2/libgcc.a(bpabi.o)
                0x00010c00                __gnu_ldivmod_helper
                0x00010c30                __gnu_uldivmod_helper
 .text          0x00010c60      0x364 /opt/york/cs/net/sourcery-g++-lite-arm-eabi-2010.09.51-i686-1/bin/../lib/gcc/arm-none-eabi/4.5.1/thumb2/libgcc.a(_divdi3.o)
                0x00010c60                __divdi3
 .text          0x00010fc4      0x314 /opt/york/cs/net/sourcery-g++-lite-arm-eabi-2010.09.51-i686-1/bin/../lib/gcc/arm-none-eabi/4.5.1/thumb2/libgcc.a(_udivdi3.o)
                0x00010fc4                __udivdi3
 .text          0x000112d8       0x98 /opt/york/cs/net/sourcery-g++-lite-arm-eabi-2010.09.51-i686-1/arm-none-eabi/lib/thumb2/libm.a(lib_a-s_sin.o)
                0x000112d8                sin
 .text          0x00011370      0x448 /opt/york/cs/net/sourcery-g++-lite-arm-eabi-2010.09.51-i686-1/arm-none-eabi/lib/thumb2/libm.a(lib_a-e_rem_pio2.o)
                0x00011370                __ieee754_rem_pio2
 .text          0x000117b8      0x250 /opt/york/cs/net/sourcery-g++-lite-arm-eabi-2010.09.51-i686-1/arm-none-eabi/lib/thumb2/libm.a(lib_a-k_cos.o)
                0x000117b8                __kernel_cos
 .text          0x00011a08      0x7a8 /opt/york/cs/net/sourcery-g++-lite-arm-eabi-2010.09.51-i686-1/arm-none-eabi/lib/thumb2/libm.a(lib_a-k_rem_pio2.o)
                0x00011a08                __kernel_rem_pio2
 .text          0x000121b0      0x168 /opt/york/cs/net/sourcery-g++-lite-arm-eabi-2010.09.51-i686-1/arm-none-eabi/lib/thumb2/libm.a(lib_a-k_sin.o)
                0x000121b0                __kernel_sin
 .text          0x00012318        0x8 /opt/york/cs/net/sourcery-g++-lite-arm-eabi-2010.09.51-i686-1/arm-none-eabi/lib/thumb2/libm.a(lib_a-s_fabs.o)
                0x00012318                fabs
 .text          0x00012320      0x128 /opt/york/cs/net/sourcery-g++-lite-arm-eabi-2010.09.51-i686-1/arm-none-eabi/lib/thumb2/libm.a(lib_a-s_floor.o)
                0x00012320                floor
 .text          0x00012448      0x108 /opt/york/cs/net/sourcery-g++-lite-arm-eabi-2010.09.51-i686-1/arm-none-eabi/lib/thumb2/libm.a(lib_a-s_scalbn.o)
                0x00012448                scalbn
 .text          0x00012550       0x14 /opt/york/cs/net/sourcery-g++-lite-arm-eabi-2010.09.51-i686-1/arm-none-eabi/lib/thumb2/libm.a(lib_a-s_copysign.o)
                0x00012550                copysign
 *fill*         0x00012564        0x4 00
 .text          0x00012568      0x2b0 /opt/york/cs/net/sourcery-g++-lite-arm-eabi-2010.09.51-i686-1/bin/../lib/gcc/arm-none-eabi/4.5.1/thumb2/libgcc.a(_divsi3.o)
                0x00012568                __aeabi_idiv
                0x00012568                __divsi3
                0x000127fc                __aeabi_idivmod
 .text          0x00012818       0x30 /opt/york/cs/net/sourcery-g++-lite-arm-eabi-2010.09.51-i686-1/arm-none-eabi/lib/thumb2/libcs3.a(start_c.o)
                0x00012818                __cs3_premain
 .text.cs3.init
                0x00012848       0x50 /opt/york/cs/net/sourcery-g++-lite-arm-eabi-2010.09.51-i686-1/arm-none-eabi/lib/thumb2/libcs3.a(start_c.o)
                0x00012848                __cs3_start_c
 .text          0x00012898       0x40 /opt/york/cs/net/sourcery-g++-lite-arm-eabi-2010.09.51-i686-1/arm-none-eabi/lib/thumb2/libcs3unhosted.a(unhosted-sbrk.o)
                0x00012898                _sbrk
 .text          0x000128d8        0x0 /opt/york/cs/net/sourcery-g++-lite-arm-eabi-2010.09.51-i686-1/arm-none-eabi/lib/thumb2/libcs3unhosted.a(unhosted-start.o)
 .text.cs3.init
                0x000128d8       0x10 /opt/york/cs/net/sourcery-g++-lite-arm-eabi-2010.09.51-i686-1/arm-none-eabi/lib/thumb2/libcs3unhosted.a(unhosted-start.o)
                0x000128d8                _start
 .text          0x000128e8        0xc /opt/york/cs/net/sourcery-g++-lite-arm-eabi-2010.09.51-i686-1/arm-none-eabi/lib/thumb2/libc.a(lib_a-errno.o)
                0x000128e8                __errno
 .text          0x000128f4       0x50 /opt/york/cs/net/sourcery-g++-lite-arm-eabi-2010.09.51-i686-1/arm-none-eabi/lib/thumb2/libc.a(lib_a-init.o)
                0x000128f4                __libc_init_array
 .text          0x00012944        0x0 /opt/york/cs/net/sourcery-g++-lite-arm-eabi-2010.09.51-i686-1/arm-none-eabi/lib/thumb2/libcs3.a(heap.o)
 .text          0x00012944        0x0 /opt/york/cs/net/lpc1700-cmsis-lite-2011.01.26-i686-1/lib/libDriversLPC17xxgnu.a(lpc17xx_i2c.o)
 .text.NVIC_EnableIRQ
                0x00012944       0x38 /opt/york/cs/net/lpc1700-cmsis-lite-2011.01.26-i686-1/lib/libDriversLPC17xxgnu.a(lpc17xx_i2c.o)
 .text.NVIC_DisableIRQ
                0x0001297c       0x3c /opt/york/cs/net/lpc1700-cmsis-lite-2011.01.26-i686-1/lib/libDriversLPC17xxgnu.a(lpc17xx_i2c.o)
 .text.I2C_getNum
                0x000129b8       0x54 /opt/york/cs/net/lpc1700-cmsis-lite-2011.01.26-i686-1/lib/libDriversLPC17xxgnu.a(lpc17xx_i2c.o)
 .text.I2C_Start
                0x00012a0c       0x44 /opt/york/cs/net/lpc1700-cmsis-lite-2011.01.26-i686-1/lib/libDriversLPC17xxgnu.a(lpc17xx_i2c.o)
 .text.I2C_Stop
                0x00012a50       0x38 /opt/york/cs/net/lpc1700-cmsis-lite-2011.01.26-i686-1/lib/libDriversLPC17xxgnu.a(lpc17xx_i2c.o)
 .text.I2C_SendByte
                0x00012a88       0x50 /opt/york/cs/net/lpc1700-cmsis-lite-2011.01.26-i686-1/lib/libDriversLPC17xxgnu.a(lpc17xx_i2c.o)
 .text.I2C_GetByte
                0x00012ad8       0x5c /opt/york/cs/net/lpc1700-cmsis-lite-2011.01.26-i686-1/lib/libDriversLPC17xxgnu.a(lpc17xx_i2c.o)
 .text.I2C_SetClock
                0x00012b34       0xc8 /opt/york/cs/net/lpc1700-cmsis-lite-2011.01.26-i686-1/lib/libDriversLPC17xxgnu.a(lpc17xx_i2c.o)
 .text.I2C_Init
                0x00012bfc       0xd8 /opt/york/cs/net/lpc1700-cmsis-lite-2011.01.26-i686-1/lib/libDriversLPC17xxgnu.a(lpc17xx_i2c.o)
                0x00012bfc                I2C_Init
 .text.I2C_DeInit
                0x00012cd4       0xa4 /opt/york/cs/net/lpc1700-cmsis-lite-2011.01.26-i686-1/lib/libDriversLPC17xxgnu.a(lpc17xx_i2c.o)
                0x00012cd4                I2C_DeInit
 .text.I2C_Cmd  0x00012d78       0x84 /opt/york/cs/net/lpc1700-cmsis-lite-2011.01.26-i686-1/lib/libDriversLPC17xxgnu.a(lpc17xx_i2c.o)
                0x00012d78                I2C_Cmd
 .text.I2C_IntCmd
                0x00012dfc       0xa8 /opt/york/cs/net/lpc1700-cmsis-lite-2011.01.26-i686-1/lib/libDriversLPC17xxgnu.a(lpc17xx_i2c.o)
                0x00012dfc                I2C_IntCmd
 .text.I2C_MasterHandler
                0x00012ea4      0x3d8 /opt/york/cs/net/lpc1700-cmsis-lite-2011.01.26-i686-1/lib/libDriversLPC17xxgnu.a(lpc17xx_i2c.o)
                0x00012ea4                I2C_MasterHandler
 .text.I2C_SlaveHandler
                0x0001327c      0x1d8 /opt/york/cs/net/lpc1700-cmsis-lite-2011.01.26-i686-1/lib/libDriversLPC17xxgnu.a(lpc17xx_i2c.o)
                0x0001327c                I2C_SlaveHandler
 .text.I2C_MasterTransferData
                0x00013454      0x33c /opt/york/cs/net/lpc1700-cmsis-lite-2011.01.26-i686-1/lib/libDriversLPC17xxgnu.a(lpc17xx_i2c.o)
                0x00013454                I2C_MasterTransferData
 .text.I2C_SlaveTransferData
                0x00013790      0x268 /opt/york/cs/net/lpc1700-cmsis-lite-2011.01.26-i686-1/lib/libDriversLPC17xxgnu.a(lpc17xx_i2c.o)
                0x00013790                I2C_SlaveTransferData
 .text.I2C_SetOwnSlaveAddr
                0x000139f8      0x118 /opt/york/cs/net/lpc1700-cmsis-lite-2011.01.26-i686-1/lib/libDriversLPC17xxgnu.a(lpc17xx_i2c.o)
                0x000139f8                I2C_SetOwnSlaveAddr
 .text.I2C_MonitorModeConfig
                0x00013b10       0x9c /opt/york/cs/net/lpc1700-cmsis-lite-2011.01.26-i686-1/lib/libDriversLPC17xxgnu.a(lpc17xx_i2c.o)
                0x00013b10                I2C_MonitorModeConfig
 .text.I2C_MonitorModeCmd
                0x00013bac       0xb0 /opt/york/cs/net/lpc1700-cmsis-lite-2011.01.26-i686-1/lib/libDriversLPC17xxgnu.a(lpc17xx_i2c.o)
                0x00013bac                I2C_MonitorModeCmd
 .text.I2C_MonitorGetDatabuffer
                0x00013c5c       0x54 /opt/york/cs/net/lpc1700-cmsis-lite-2011.01.26-i686-1/lib/libDriversLPC17xxgnu.a(lpc17xx_i2c.o)
                0x00013c5c                I2C_MonitorGetDatabuffer
 .text.I2C_MonitorHandler
                0x00013cb0       0x6c /opt/york/cs/net/lpc1700-cmsis-lite-2011.01.26-i686-1/lib/libDriversLPC17xxgnu.a(lpc17xx_i2c.o)
                0x00013cb0                I2C_MonitorHandler
 .text.I2C_MasterTransferComplete
                0x00013d1c       0x40 /opt/york/cs/net/lpc1700-cmsis-lite-2011.01.26-i686-1/lib/libDriversLPC17xxgnu.a(lpc17xx_i2c.o)
                0x00013d1c                I2C_MasterTransferComplete
 .text.I2C_SlaveTransferComplete
                0x00013d5c       0x40 /opt/york/cs/net/lpc1700-cmsis-lite-2011.01.26-i686-1/lib/libDriversLPC17xxgnu.a(lpc17xx_i2c.o)
                0x00013d5c                I2C_SlaveTransferComplete
 .text          0x00013d9c        0x0 /opt/york/cs/net/lpc1700-cmsis-lite-2011.01.26-i686-1/lib/libDriversLPC17xxgnu.a(lpc17xx_i2s.o)
 .text.i2s_GetWordWidth
                0x00013d9c       0x8c /opt/york/cs/net/lpc1700-cmsis-lite-2011.01.26-i686-1/lib/libDriversLPC17xxgnu.a(lpc17xx_i2s.o)
 .text.i2s_GetChannel
                0x00013e28       0x84 /opt/york/cs/net/lpc1700-cmsis-lite-2011.01.26-i686-1/lib/libDriversLPC17xxgnu.a(lpc17xx_i2s.o)
 .text.I2S_Init
                0x00013eac       0x54 /opt/york/cs/net/lpc1700-cmsis-lite-2011.01.26-i686-1/lib/libDriversLPC17xxgnu.a(lpc17xx_i2s.o)
                0x00013eac                I2S_Init
 .text.I2S_Config
                0x00013f00      0x168 /opt/york/cs/net/lpc1700-cmsis-lite-2011.01.26-i686-1/lib/libDriversLPC17xxgnu.a(lpc17xx_i2s.o)
                0x00013f00                I2S_Config
 .text.I2S_DeInit
                0x00014068       0x3c /opt/york/cs/net/lpc1700-cmsis-lite-2011.01.26-i686-1/lib/libDriversLPC17xxgnu.a(lpc17xx_i2s.o)
                0x00014068                I2S_DeInit
 .text.I2S_GetLevel
                0x000140a4       0x6c /opt/york/cs/net/lpc1700-cmsis-lite-2011.01.26-i686-1/lib/libDriversLPC17xxgnu.a(lpc17xx_i2s.o)
                0x000140a4                I2S_GetLevel
 .text.I2S_Start
                0x00014110       0x50 /opt/york/cs/net/lpc1700-cmsis-lite-2011.01.26-i686-1/lib/libDriversLPC17xxgnu.a(lpc17xx_i2s.o)
                0x00014110                I2S_Start
 .text.I2S_Send
                0x00014160       0x38 /opt/york/cs/net/lpc1700-cmsis-lite-2011.01.26-i686-1/lib/libDriversLPC17xxgnu.a(lpc17xx_i2s.o)
                0x00014160                I2S_Send
 .text.I2S_Receive
                0x00014198       0x34 /opt/york/cs/net/lpc1700-cmsis-lite-2011.01.26-i686-1/lib/libDriversLPC17xxgnu.a(lpc17xx_i2s.o)
                0x00014198                I2S_Receive
 .text.I2S_Pause
                0x000141cc       0x70 /opt/york/cs/net/lpc1700-cmsis-lite-2011.01.26-i686-1/lib/libDriversLPC17xxgnu.a(lpc17xx_i2s.o)
                0x000141cc                I2S_Pause
 .text.I2S_Mute
                0x0001423c       0x70 /opt/york/cs/net/lpc1700-cmsis-lite-2011.01.26-i686-1/lib/libDriversLPC17xxgnu.a(lpc17xx_i2s.o)
                0x0001423c                I2S_Mute
 .text.I2S_Stop
                0x000142ac       0x94 /opt/york/cs/net/lpc1700-cmsis-lite-2011.01.26-i686-1/lib/libDriversLPC17xxgnu.a(lpc17xx_i2s.o)
                0x000142ac                I2S_Stop
 .text.I2S_FreqConfig
                0x00014340      0x110 /opt/york/cs/net/lpc1700-cmsis-lite-2011.01.26-i686-1/lib/libDriversLPC17xxgnu.a(lpc17xx_i2s.o)
                0x00014340                I2S_FreqConfig
 .text.I2S_SetBitRate
                0x00014450       0x7c /opt/york/cs/net/lpc1700-cmsis-lite-2011.01.26-i686-1/lib/libDriversLPC17xxgnu.a(lpc17xx_i2s.o)
                0x00014450                I2S_SetBitRate
 .text.I2S_ModeConfig
                0x000144cc      0x148 /opt/york/cs/net/lpc1700-cmsis-lite-2011.01.26-i686-1/lib/libDriversLPC17xxgnu.a(lpc17xx_i2s.o)
                0x000144cc                I2S_ModeConfig
 .text.I2S_DMAConfig
                0x00014614       0xd4 /opt/york/cs/net/lpc1700-cmsis-lite-2011.01.26-i686-1/lib/libDriversLPC17xxgnu.a(lpc17xx_i2s.o)
                0x00014614                I2S_DMAConfig
 .text.I2S_DMACmd
                0x000146e8      0x120 /opt/york/cs/net/lpc1700-cmsis-lite-2011.01.26-i686-1/lib/libDriversLPC17xxgnu.a(lpc17xx_i2s.o)
                0x000146e8                I2S_DMACmd
 .text.I2S_IRQConfig
                0x00014808       0x80 /opt/york/cs/net/lpc1700-cmsis-lite-2011.01.26-i686-1/lib/libDriversLPC17xxgnu.a(lpc17xx_i2s.o)
                0x00014808                I2S_IRQConfig
 .text.I2S_IRQCmd
                0x00014888       0x9c /opt/york/cs/net/lpc1700-cmsis-lite-2011.01.26-i686-1/lib/libDriversLPC17xxgnu.a(lpc17xx_i2s.o)
                0x00014888                I2S_IRQCmd
 .text.I2S_GetIRQStatus
                0x00014924       0x58 /opt/york/cs/net/lpc1700-cmsis-lite-2011.01.26-i686-1/lib/libDriversLPC17xxgnu.a(lpc17xx_i2s.o)
                0x00014924                I2S_GetIRQStatus
 .text.I2S_GetIRQDepth
                0x0001497c       0x50 /opt/york/cs/net/lpc1700-cmsis-lite-2011.01.26-i686-1/lib/libDriversLPC17xxgnu.a(lpc17xx_i2s.o)
                0x0001497c                I2S_GetIRQDepth
 .text          0x000149cc        0x0 /opt/york/cs/net/lpc1700-cmsis-lite-2011.01.26-i686-1/lib/libDriversLPC17xxgnu.a(lpc17xx_libcfg_default.o)
 .text.check_failed
                0x000149cc        0xc /opt/york/cs/net/lpc1700-cmsis-lite-2011.01.26-i686-1/lib/libDriversLPC17xxgnu.a(lpc17xx_libcfg_default.o)
                0x000149cc                check_failed
 .text          0x000149d8        0x0 /opt/york/cs/net/lpc1700-cmsis-lite-2011.01.26-i686-1/lib/libDriversLPC17xxgnu.a(lpc17xx_pinsel.o)
 .text.set_PinFunc
                0x000149d8       0xa0 /opt/york/cs/net/lpc1700-cmsis-lite-2011.01.26-i686-1/lib/libDriversLPC17xxgnu.a(lpc17xx_pinsel.o)
 .text.set_ResistorMode
                0x00014a78       0xa0 /opt/york/cs/net/lpc1700-cmsis-lite-2011.01.26-i686-1/lib/libDriversLPC17xxgnu.a(lpc17xx_pinsel.o)
 .text.set_OpenDrainMode
                0x00014b18       0x80 /opt/york/cs/net/lpc1700-cmsis-lite-2011.01.26-i686-1/lib/libDriversLPC17xxgnu.a(lpc17xx_pinsel.o)
 .text.PINSEL_ConfigTraceFunc
                0x00014b98       0x54 /opt/york/cs/net/lpc1700-cmsis-lite-2011.01.26-i686-1/lib/libDriversLPC17xxgnu.a(lpc17xx_pinsel.o)
                0x00014b98                PINSEL_ConfigTraceFunc
 .text.PINSEL_SetI2C0Pins
                0x00014bec       0x3c /opt/york/cs/net/lpc1700-cmsis-lite-2011.01.26-i686-1/lib/libDriversLPC17xxgnu.a(lpc17xx_pinsel.o)
                0x00014bec                PINSEL_SetI2C0Pins
 .text.PINSEL_ConfigPin
                0x00014c28       0x54 /opt/york/cs/net/lpc1700-cmsis-lite-2011.01.26-i686-1/lib/libDriversLPC17xxgnu.a(lpc17xx_pinsel.o)
                0x00014c28                PINSEL_ConfigPin
 .text          0x00014c7c        0x0 /opt/york/cs/net/lpc1700-cmsis-lite-2011.01.26-i686-1/lib/libDriversLPC17xxgnu.a(lpc17xx_ssp.o)
 .text.setSSPclock
                0x00014c7c       0xf8 /opt/york/cs/net/lpc1700-cmsis-lite-2011.01.26-i686-1/lib/libDriversLPC17xxgnu.a(lpc17xx_ssp.o)
 .text.SSP_Init
                0x00014d74       0xbc /opt/york/cs/net/lpc1700-cmsis-lite-2011.01.26-i686-1/lib/libDriversLPC17xxgnu.a(lpc17xx_ssp.o)
                0x00014d74                SSP_Init
 .text.SSP_DeInit
                0x00014e30       0x74 /opt/york/cs/net/lpc1700-cmsis-lite-2011.01.26-i686-1/lib/libDriversLPC17xxgnu.a(lpc17xx_ssp.o)
                0x00014e30                SSP_DeInit
 .text.SSP_GetDataSize
                0x00014ea4       0x4c /opt/york/cs/net/lpc1700-cmsis-lite-2011.01.26-i686-1/lib/libDriversLPC17xxgnu.a(lpc17xx_ssp.o)
                0x00014ea4                SSP_GetDataSize
 .text.SSP_ConfigStructInit
                0x00014ef0       0x48 /opt/york/cs/net/lpc1700-cmsis-lite-2011.01.26-i686-1/lib/libDriversLPC17xxgnu.a(lpc17xx_ssp.o)
                0x00014ef0                SSP_ConfigStructInit
 .text.SSP_Cmd  0x00014f38       0x7c /opt/york/cs/net/lpc1700-cmsis-lite-2011.01.26-i686-1/lib/libDriversLPC17xxgnu.a(lpc17xx_ssp.o)
                0x00014f38                SSP_Cmd
 .text.SSP_LoopBackCmd
                0x00014fb4       0x7c /opt/york/cs/net/lpc1700-cmsis-lite-2011.01.26-i686-1/lib/libDriversLPC17xxgnu.a(lpc17xx_ssp.o)
                0x00014fb4                SSP_LoopBackCmd
 .text.SSP_SlaveOutputCmd
                0x00015030       0x7c /opt/york/cs/net/lpc1700-cmsis-lite-2011.01.26-i686-1/lib/libDriversLPC17xxgnu.a(lpc17xx_ssp.o)
                0x00015030                SSP_SlaveOutputCmd
 .text.SSP_SendData
                0x000150ac       0x48 /opt/york/cs/net/lpc1700-cmsis-lite-2011.01.26-i686-1/lib/libDriversLPC17xxgnu.a(lpc17xx_ssp.o)
                0x000150ac                SSP_SendData
 .text.SSP_ReceiveData
                0x000150f4       0x44 /opt/york/cs/net/lpc1700-cmsis-lite-2011.01.26-i686-1/lib/libDriversLPC17xxgnu.a(lpc17xx_ssp.o)
                0x000150f4                SSP_ReceiveData
 .text.SSP_ReadWrite
                0x00015138      0x390 /opt/york/cs/net/lpc1700-cmsis-lite-2011.01.26-i686-1/lib/libDriversLPC17xxgnu.a(lpc17xx_ssp.o)
                0x00015138                SSP_ReadWrite
 .text.SSP_GetStatus
                0x000154c8       0x84 /opt/york/cs/net/lpc1700-cmsis-lite-2011.01.26-i686-1/lib/libDriversLPC17xxgnu.a(lpc17xx_ssp.o)
                0x000154c8                SSP_GetStatus
 .text.SSP_IntConfig
                0x0001554c       0x70 /opt/york/cs/net/lpc1700-cmsis-lite-2011.01.26-i686-1/lib/libDriversLPC17xxgnu.a(lpc17xx_ssp.o)
                0x0001554c                SSP_IntConfig
 .text.SSP_GetRawIntStatus
                0x000155bc       0x80 /opt/york/cs/net/lpc1700-cmsis-lite-2011.01.26-i686-1/lib/libDriversLPC17xxgnu.a(lpc17xx_ssp.o)
                0x000155bc                SSP_GetRawIntStatus
 .text.SSP_GetRawIntStatusReg
                0x0001563c       0x44 /opt/york/cs/net/lpc1700-cmsis-lite-2011.01.26-i686-1/lib/libDriversLPC17xxgnu.a(lpc17xx_ssp.o)
                0x0001563c                SSP_GetRawIntStatusReg
 .text.SSP_GetIntStatus
                0x00015680       0x80 /opt/york/cs/net/lpc1700-cmsis-lite-2011.01.26-i686-1/lib/libDriversLPC17xxgnu.a(lpc17xx_ssp.o)
                0x00015680                SSP_GetIntStatus
 .text.SSP_ClearIntPending
                0x00015700       0x60 /opt/york/cs/net/lpc1700-cmsis-lite-2011.01.26-i686-1/lib/libDriversLPC17xxgnu.a(lpc17xx_ssp.o)
                0x00015700                SSP_ClearIntPending
 .text.SSP_DMACmd
                0x00015760       0xa8 /opt/york/cs/net/lpc1700-cmsis-lite-2011.01.26-i686-1/lib/libDriversLPC17xxgnu.a(lpc17xx_ssp.o)
                0x00015760                SSP_DMACmd
 .text          0x00015808        0x0 /opt/york/cs/net/lpc1700-cmsis-lite-2011.01.26-i686-1/lib/libDriversLPC17xxgnu.a(lpc17xx_uart.o)
 .text.uart_set_divisors
                0x00015808      0x26c /opt/york/cs/net/lpc1700-cmsis-lite-2011.01.26-i686-1/lib/libDriversLPC17xxgnu.a(lpc17xx_uart.o)
 .text.UART_Init
                0x00015a74      0x368 /opt/york/cs/net/lpc1700-cmsis-lite-2011.01.26-i686-1/lib/libDriversLPC17xxgnu.a(lpc17xx_uart.o)
                0x00015a74                UART_Init
 .text.UART_DeInit
                0x00015ddc       0xcc /opt/york/cs/net/lpc1700-cmsis-lite-2011.01.26-i686-1/lib/libDriversLPC17xxgnu.a(lpc17xx_uart.o)
                0x00015ddc                UART_DeInit
 .text.UART_ConfigStructInit
                0x00015ea8       0x34 /opt/york/cs/net/lpc1700-cmsis-lite-2011.01.26-i686-1/lib/libDriversLPC17xxgnu.a(lpc17xx_uart.o)
                0x00015ea8                UART_ConfigStructInit
 .text.UART_SendByte
                0x00015edc       0x78 /opt/york/cs/net/lpc1700-cmsis-lite-2011.01.26-i686-1/lib/libDriversLPC17xxgnu.a(lpc17xx_uart.o)
                0x00015edc                UART_SendByte
 .text.UART_ReceiveByte
                0x00015f54       0x78 /opt/york/cs/net/lpc1700-cmsis-lite-2011.01.26-i686-1/lib/libDriversLPC17xxgnu.a(lpc17xx_uart.o)
                0x00015f54                UART_ReceiveByte
 .text.UART_Send
                0x00015fcc      0x10c /opt/york/cs/net/lpc1700-cmsis-lite-2011.01.26-i686-1/lib/libDriversLPC17xxgnu.a(lpc17xx_uart.o)
                0x00015fcc                UART_Send
 .text.UART_Receive
                0x000160d8       0xd8 /opt/york/cs/net/lpc1700-cmsis-lite-2011.01.26-i686-1/lib/libDriversLPC17xxgnu.a(lpc17xx_uart.o)
                0x000160d8                UART_Receive
 .text.UART_ForceBreak
                0x000161b0       0x88 /opt/york/cs/net/lpc1700-cmsis-lite-2011.01.26-i686-1/lib/libDriversLPC17xxgnu.a(lpc17xx_uart.o)
                0x000161b0                UART_ForceBreak
 .text.UART_IntConfig
                0x00016238      0x1d0 /opt/york/cs/net/lpc1700-cmsis-lite-2011.01.26-i686-1/lib/libDriversLPC17xxgnu.a(lpc17xx_uart.o)
                0x00016238                UART_IntConfig
 .text.UART_GetLineStatus
                0x00016408       0x7c /opt/york/cs/net/lpc1700-cmsis-lite-2011.01.26-i686-1/lib/libDriversLPC17xxgnu.a(lpc17xx_uart.o)
                0x00016408                UART_GetLineStatus
 .text.UART_GetIntId
                0x00016484       0x68 /opt/york/cs/net/lpc1700-cmsis-lite-2011.01.26-i686-1/lib/libDriversLPC17xxgnu.a(lpc17xx_uart.o)
                0x00016484                UART_GetIntId
 .text.UART_CheckBusy
                0x000164ec       0x2c /opt/york/cs/net/lpc1700-cmsis-lite-2011.01.26-i686-1/lib/libDriversLPC17xxgnu.a(lpc17xx_uart.o)
                0x000164ec                UART_CheckBusy
 .text.UART_FIFOConfig
                0x00016518      0x184 /opt/york/cs/net/lpc1700-cmsis-lite-2011.01.26-i686-1/lib/libDriversLPC17xxgnu.a(lpc17xx_uart.o)
                0x00016518                UART_FIFOConfig
 .text.UART_FIFOConfigStructInit
                0x0001669c       0x34 /opt/york/cs/net/lpc1700-cmsis-lite-2011.01.26-i686-1/lib/libDriversLPC17xxgnu.a(lpc17xx_uart.o)
                0x0001669c                UART_FIFOConfigStructInit
 .text.UART_ABCmd
                0x000166d0      0x15c /opt/york/cs/net/lpc1700-cmsis-lite-2011.01.26-i686-1/lib/libDriversLPC17xxgnu.a(lpc17xx_uart.o)
                0x000166d0                UART_ABCmd
 .text.UART_ABClearIntPending
                0x0001682c       0x88 /opt/york/cs/net/lpc1700-cmsis-lite-2011.01.26-i686-1/lib/libDriversLPC17xxgnu.a(lpc17xx_uart.o)
                0x0001682c                UART_ABClearIntPending
 .text.UART_TxCmd
                0x000168b4       0xe8 /opt/york/cs/net/lpc1700-cmsis-lite-2011.01.26-i686-1/lib/libDriversLPC17xxgnu.a(lpc17xx_uart.o)
                0x000168b4                UART_TxCmd
 .text.UART_IrDAInvtInputCmd
                0x0001699c       0x84 /opt/york/cs/net/lpc1700-cmsis-lite-2011.01.26-i686-1/lib/libDriversLPC17xxgnu.a(lpc17xx_uart.o)
                0x0001699c                UART_IrDAInvtInputCmd
 .text.UART_IrDACmd
                0x00016a20       0x80 /opt/york/cs/net/lpc1700-cmsis-lite-2011.01.26-i686-1/lib/libDriversLPC17xxgnu.a(lpc17xx_uart.o)
                0x00016a20                UART_IrDACmd
 .text.UART_IrDAPulseDivConfig
                0x00016aa0       0xac /opt/york/cs/net/lpc1700-cmsis-lite-2011.01.26-i686-1/lib/libDriversLPC17xxgnu.a(lpc17xx_uart.o)
                0x00016aa0                UART_IrDAPulseDivConfig
 .text.UART_FullModemForcePinState
                0x00016b4c       0xcc /opt/york/cs/net/lpc1700-cmsis-lite-2011.01.26-i686-1/lib/libDriversLPC17xxgnu.a(lpc17xx_uart.o)
                0x00016b4c                UART_FullModemForcePinState
 .text.UART_FullModemConfigMode
                0x00016c18       0xd8 /opt/york/cs/net/lpc1700-cmsis-lite-2011.01.26-i686-1/lib/libDriversLPC17xxgnu.a(lpc17xx_uart.o)
                0x00016c18                UART_FullModemConfigMode
 .text.UART_FullModemGetStatus
                0x00016cf0       0x38 /opt/york/cs/net/lpc1700-cmsis-lite-2011.01.26-i686-1/lib/libDriversLPC17xxgnu.a(lpc17xx_uart.o)
                0x00016cf0                UART_FullModemGetStatus
 .text.UART_RS485Config
                0x00016d28      0x1bc /opt/york/cs/net/lpc1700-cmsis-lite-2011.01.26-i686-1/lib/libDriversLPC17xxgnu.a(lpc17xx_uart.o)
                0x00016d28                UART_RS485Config
 .text.UART_RS485ReceiverCmd
                0x00016ee4       0x48 /opt/york/cs/net/lpc1700-cmsis-lite-2011.01.26-i686-1/lib/libDriversLPC17xxgnu.a(lpc17xx_uart.o)
                0x00016ee4                UART_RS485ReceiverCmd
 .text.UART_RS485Send
                0x00016f2c       0x84 /opt/york/cs/net/lpc1700-cmsis-lite-2011.01.26-i686-1/lib/libDriversLPC17xxgnu.a(lpc17xx_uart.o)
                0x00016f2c                UART_RS485Send
 .text.UART_RS485SendSlvAddr
                0x00016fb0       0x28 /opt/york/cs/net/lpc1700-cmsis-lite-2011.01.26-i686-1/lib/libDriversLPC17xxgnu.a(lpc17xx_uart.o)
                0x00016fb0                UART_RS485SendSlvAddr
 .text.UART_RS485SendData
                0x00016fd8       0x28 /opt/york/cs/net/lpc1700-cmsis-lite-2011.01.26-i686-1/lib/libDriversLPC17xxgnu.a(lpc17xx_uart.o)
                0x00016fd8                UART_RS485SendData
 .text          0x00017000        0x0 /opt/york/cs/net/lpc1700-cmsis-lite-2011.01.26-i686-1/lib/libDriversLPC17xxgnu.a(lpc17xx_clkpwr.o)
 .text.CLKPWR_SetPCLKDiv
                0x00017000       0xd4 /opt/york/cs/net/lpc1700-cmsis-lite-2011.01.26-i686-1/lib/libDriversLPC17xxgnu.a(lpc17xx_clkpwr.o)
                0x00017000                CLKPWR_SetPCLKDiv
 .text.CLKPWR_GetPCLKSEL
                0x000170d4       0x54 /opt/york/cs/net/lpc1700-cmsis-lite-2011.01.26-i686-1/lib/libDriversLPC17xxgnu.a(lpc17xx_clkpwr.o)
                0x000170d4                CLKPWR_GetPCLKSEL
 .text.CLKPWR_GetPCLK
                0x00017128       0x70 /opt/york/cs/net/lpc1700-cmsis-lite-2011.01.26-i686-1/lib/libDriversLPC17xxgnu.a(lpc17xx_clkpwr.o)
                0x00017128                CLKPWR_GetPCLK
 .text.CLKPWR_ConfigPPWR
                0x00017198       0x80 /opt/york/cs/net/lpc1700-cmsis-lite-2011.01.26-i686-1/lib/libDriversLPC17xxgnu.a(lpc17xx_clkpwr.o)
                0x00017198                CLKPWR_ConfigPPWR
 .text.CLKPWR_Sleep
                0x00017218       0x1c /opt/york/cs/net/lpc1700-cmsis-lite-2011.01.26-i686-1/lib/libDriversLPC17xxgnu.a(lpc17xx_clkpwr.o)
                0x00017218                CLKPWR_Sleep
 .text.CLKPWR_DeepSleep
                0x00017234       0x2c /opt/york/cs/net/lpc1700-cmsis-lite-2011.01.26-i686-1/lib/libDriversLPC17xxgnu.a(lpc17xx_clkpwr.o)
                0x00017234                CLKPWR_DeepSleep
 .text.CLKPWR_PowerDown
                0x00017260       0x2c /opt/york/cs/net/lpc1700-cmsis-lite-2011.01.26-i686-1/lib/libDriversLPC17xxgnu.a(lpc17xx_clkpwr.o)
                0x00017260                CLKPWR_PowerDown
 .text.CLKPWR_DeepPowerDown
                0x0001728c       0x2c /opt/york/cs/net/lpc1700-cmsis-lite-2011.01.26-i686-1/lib/libDriversLPC17xxgnu.a(lpc17xx_clkpwr.o)
                0x0001728c                CLKPWR_DeepPowerDown
 .text          0x000172b8        0x0 /opt/york/cs/net/sourcery-g++-lite-arm-eabi-2010.09.51-i686-1/bin/../lib/gcc/arm-none-eabi/4.5.1/thumb2/crtend.o
 .text          0x000172b8        0x0 /opt/york/cs/net/sourcery-g++-lite-arm-eabi-2010.09.51-i686-1/bin/../lib/gcc/arm-none-eabi/4.5.1/thumb2/crtn.o
 *(.plt)
 *(.gnu.warning)
 *(.glue_7t)
 .glue_7t       0x00000000        0x0 linker stubs
 *(.glue_7)
 .glue_7        0x00000000        0x0 linker stubs
 *(.vfp11_veneer)
 .vfp11_veneer  0x00000000        0x0 linker stubs
 *(.rodata .rodata.* .gnu.linkonce.r.*)
 .rodata        0x000172b8      0x3c0 main.o
 .rodata.C.0.2899
                0x00017678       0x10 source/KeyAccess.o
 .rodata        0x00017688       0x14 source/LCD.o
 .rodata        0x0001769c       0x1c source/Wave.o
 .rodata.C.1.2907
                0x000176b8       0x18 source/TLV320.o
 .rodata.C.2.2908
                0x000176d0       0x18 source/TLV320.o
 .rodata.C.3.2909
                0x000176e8       0x10 source/TLV320.o
 .rodata.C.4.2910
                0x000176f8        0x8 source/TLV320.o
 .rodata.C.5.2911
                0x00017700        0x8 source/TLV320.o
 .rodata.C.6.2912
                0x00017708        0x4 source/TLV320.o
 .rodata        0x0001770c        0x4 source/i2s.o
 .rodata        0x00017710       0xc8 source/SD.o
 .rodata.DbcTbl
                0x000177d8        0xc source/FatFS/ff.o
 .rodata        0x000177e4       0x50 source/FatFS/ff.o
 .rodata.cst32.1625
                0x00017834       0x10 source/FatFS/ff.o
 .rodata.cst.1624
                0x00017844       0x10 source/FatFS/ff.o
 .rodata.badchr.1608
                0x00017854       0x14 source/FatFS/ff.o
 .rodata        0x00017868       0x20 /opt/york/cs/net/sourcery-g++-lite-arm-eabi-2010.09.51-i686-1/arm-none-eabi/lib/thumb2/libc.a(lib_a-svfprintf.o)
 .rodata.str1.4
                0x00017888       0x42 /opt/york/cs/net/sourcery-g++-lite-arm-eabi-2010.09.51-i686-1/arm-none-eabi/lib/thumb2/libc.a(lib_a-svfprintf.o)
                                 0x44 (size before relaxing)
 *fill*         0x000178ca        0x2 00
 .rodata        0x000178cc      0x104 /opt/york/cs/net/sourcery-g++-lite-arm-eabi-2010.09.51-i686-1/arm-none-eabi/lib/thumb2/libc.a(lib_a-ctype_.o)
                0x000178cc                _ctype_
 .rodata.str1.4
                0x000179d0       0x10 /opt/york/cs/net/sourcery-g++-lite-arm-eabi-2010.09.51-i686-1/arm-none-eabi/lib/thumb2/libc.a(lib_a-dtoa.o)
                                 0x14 (size before relaxing)
 .rodata        0x000179e0        0x4 /opt/york/cs/net/sourcery-g++-lite-arm-eabi-2010.09.51-i686-1/arm-none-eabi/lib/thumb2/libc.a(lib_a-impure.o)
                0x000179e0                _global_impure_ptr
 .rodata.str1.4
                0x000179e4        0x2 /opt/york/cs/net/sourcery-g++-lite-arm-eabi-2010.09.51-i686-1/arm-none-eabi/lib/thumb2/libc.a(lib_a-impure.o)
                                  0x4 (size before relaxing)
 *fill*         0x000179e6        0x2 00
 .rodata.str1.4
                0x000179e8        0xc /opt/york/cs/net/sourcery-g++-lite-arm-eabi-2010.09.51-i686-1/arm-none-eabi/lib/thumb2/libc.a(lib_a-locale.o)
                                 0x14 (size before relaxing)
 *fill*         0x000179f4        0x4 00
 .rodata        0x000179f8      0x128 /opt/york/cs/net/sourcery-g++-lite-arm-eabi-2010.09.51-i686-1/arm-none-eabi/lib/thumb2/libc.a(lib_a-mprec.o)
                0x00017a08                __mprec_tens
                0x00017ad0                __mprec_bigtens
                0x00017af8                __mprec_tinytens
 .rodata        0x00017b20       0x20 /opt/york/cs/net/sourcery-g++-lite-arm-eabi-2010.09.51-i686-1/arm-none-eabi/lib/thumb2/libc.a(lib_a-svfiprintf.o)
 .rodata.str1.4
                0x00000000       0x30 /opt/york/cs/net/sourcery-g++-lite-arm-eabi-2010.09.51-i686-1/arm-none-eabi/lib/thumb2/libc.a(lib_a-svfiprintf.o)
 .rodata        0x00017b40      0x188 /opt/york/cs/net/sourcery-g++-lite-arm-eabi-2010.09.51-i686-1/arm-none-eabi/lib/thumb2/libm.a(lib_a-e_rem_pio2.o)
 .rodata        0x00017cc8       0x50 /opt/york/cs/net/sourcery-g++-lite-arm-eabi-2010.09.51-i686-1/arm-none-eabi/lib/thumb2/libm.a(lib_a-k_rem_pio2.o)
 .rodata        0x00017d18       0x10 /opt/york/cs/net/lpc1700-cmsis-lite-2011.01.26-i686-1/lib/libDriversLPC17xxgnu.a(lpc17xx_i2c.o)
 .rodata        0x00017d28       0x10 /opt/york/cs/net/lpc1700-cmsis-lite-2011.01.26-i686-1/lib/libDriversLPC17xxgnu.a(lpc17xx_i2s.o)
 .rodata        0x00017d38       0x10 /opt/york/cs/net/lpc1700-cmsis-lite-2011.01.26-i686-1/lib/libDriversLPC17xxgnu.a(lpc17xx_ssp.o)
 .rodata        0x00017d48       0x10 /opt/york/cs/net/lpc1700-cmsis-lite-2011.01.26-i686-1/lib/libDriversLPC17xxgnu.a(lpc17xx_uart.o)
 *(.ARM.extab* .gnu.linkonce.armextab.*)
 .ARM.extab.cs3.reset
                0x00017d58        0x0 /opt/york/cs/net/lpc1700-cmsis-lite-2011.01.26-i686-1/lib/startup_LPC17xx.o
 .ARM.extab     0x00017d58        0x0 /opt/york/cs/net/sourcery-g++-lite-arm-eabi-2010.09.51-i686-1/bin/../lib/gcc/arm-none-eabi/4.5.1/thumb2/libgcc.a(_divdi3.o)
 .ARM.extab     0x00017d58        0x0 /opt/york/cs/net/sourcery-g++-lite-arm-eabi-2010.09.51-i686-1/bin/../lib/gcc/arm-none-eabi/4.5.1/thumb2/libgcc.a(_udivdi3.o)
 *(.gcc_except_table)
 *(.eh_frame_hdr)
 *(.eh_frame)
                0x00017d58                . = ALIGN (0x4)
 *(.init)
 .init          0x00017d58        0x4 /opt/york/cs/net/sourcery-g++-lite-arm-eabi-2010.09.51-i686-1/bin/../lib/gcc/arm-none-eabi/4.5.1/thumb2/crti.o
                0x00017d58                _init
 .init          0x00017d5c        0x8 /opt/york/cs/net/sourcery-g++-lite-arm-eabi-2010.09.51-i686-1/bin/../lib/gcc/arm-none-eabi/4.5.1/thumb2/crtn.o
                0x00017d64                . = ALIGN (0x4)
                0x00017d64                __preinit_array_start = .
 *(.preinit_array)
                0x00017d64                __preinit_array_end = .
                0x00017d64                . = ALIGN (0x4)
                0x00017d64                __init_array_start = .
 *(SORT(.init_array.*))
 *(.init_array)
 .init_array    0x00017d64        0x4 /opt/york/cs/net/sourcery-g++-lite-arm-eabi-2010.09.51-i686-1/bin/../lib/gcc/arm-none-eabi/4.5.1/thumb2/crtbegin.o
                0x00017d68                __init_array_end = .
                0x00017d68                . = ALIGN (0x4)
 *crtbegin.o(.ctors)
 *(EXCLUDE_FILE(*crtend.o) .ctors)
 *(SORT(.ctors.*))
 *crtend.o(.ctors)
                0x00017d68                . = ALIGN (0x4)
 *(.fini)
 .fini          0x00017d68        0x4 /opt/york/cs/net/sourcery-g++-lite-arm-eabi-2010.09.51-i686-1/bin/../lib/gcc/arm-none-eabi/4.5.1/thumb2/crti.o
                0x00017d68                _fini
 .fini          0x00017d6c        0x8 /opt/york/cs/net/sourcery-g++-lite-arm-eabi-2010.09.51-i686-1/bin/../lib/gcc/arm-none-eabi/4.5.1/thumb2/crtn.o
                0x00017d74                . = ALIGN (0x4)
                0x00017d74                __fini_array_start = .
 *(.fini_array)
 .fini_array    0x00017d74        0x4 /opt/york/cs/net/sourcery-g++-lite-arm-eabi-2010.09.51-i686-1/bin/../lib/gcc/arm-none-eabi/4.5.1/thumb2/crtbegin.o
 *(SORT(.fini_array.*))
                0x00017d78                __fini_array_end = .
 *crtbegin.o(.dtors)
 *(EXCLUDE_FILE(*crtend.o) .dtors)
 *(SORT(.dtors.*))
 *crtend.o(.dtors)
                0x00017d78                . = ALIGN (0x4)
                0x00017d78                __cs3_regions = .
                0x00017d78        0x4 LONG 0x0
                0x00017d7c        0x4 LONG 0x17d98 __cs3_region_init_ram
                0x00017d80        0x4 LONG 0x10000000 __cs3_region_start_ram
                0x00017d84        0x4 LONG 0x610 __cs3_region_init_size_ram
                0x00017d88        0x4 LONG 0x808 __cs3_region_zero_size_ram
                0x00017d8c                __exidx_start = .

.v4_bx          0x00017d8c        0x0
 .v4_bx         0x00000000        0x0 linker stubs

.ARM.exidx      0x00017d8c        0x8
 *(.ARM.exidx* .gnu.linkonce.armexidx.*)
 .ARM.exidx.cs3.reset
                0x00017d8c        0x8 /opt/york/cs/net/lpc1700-cmsis-lite-2011.01.26-i686-1/lib/startup_LPC17xx.o
 .ARM.exidx     0x00017d94        0x0 /opt/york/cs/net/sourcery-g++-lite-arm-eabi-2010.09.51-i686-1/bin/../lib/gcc/arm-none-eabi/4.5.1/thumb2/libgcc.a(_divdi3.o)
                                  0x8 (size before relaxing)
 .ARM.exidx     0x00017d94        0x0 /opt/york/cs/net/sourcery-g++-lite-arm-eabi-2010.09.51-i686-1/bin/../lib/gcc/arm-none-eabi/4.5.1/thumb2/libgcc.a(_udivdi3.o)
                                  0x8 (size before relaxing)
                0x00017d94                __exidx_end = .

.text.align     0x00017d94        0x4
                0x00017d98                . = ALIGN (0x8)
 *fill*         0x00017d94        0x4 00
                0x00017d98                _etext = .
                0x00080000                __cs3_region_size_rom = 0x80000
                0x00000001                __cs3_region_num = 0x1

.data           0x10000000      0x610 load address 0x00017d98
                0x10000000                __cs3_region_start_ram = .
 *(.cs3.region-head.ram)
 *(.jcr)
 .jcr           0x10000000        0x0 /opt/york/cs/net/sourcery-g++-lite-arm-eabi-2010.09.51-i686-1/bin/../lib/gcc/arm-none-eabi/4.5.1/thumb2/crtbegin.o
 .jcr           0x10000000        0x4 /opt/york/cs/net/sourcery-g++-lite-arm-eabi-2010.09.51-i686-1/bin/../lib/gcc/arm-none-eabi/4.5.1/thumb2/crtend.o
 *(.got.plt)
 *(.got)
 *(.shdata)
 *(.data .data.* .gnu.linkonce.d.*)
 .data          0x10000004        0x0 /opt/york/cs/net/sourcery-g++-lite-arm-eabi-2010.09.51-i686-1/bin/../lib/gcc/arm-none-eabi/4.5.1/thumb2/crti.o
 .data          0x10000004        0x4 /opt/york/cs/net/sourcery-g++-lite-arm-eabi-2010.09.51-i686-1/bin/../lib/gcc/arm-none-eabi/4.5.1/thumb2/crtbegin.o
                0x10000004                __dso_handle
 .data          0x10000008        0x0 main.o
 .data.MenuText
                0x10000008       0x1c main.o
                0x10000008                MenuText
 .data.menuFuncs
                0x10000024       0x28 main.o
                0x10000024                menuFuncs
 .data.int_Handler_Funcs
                0x1000004c        0x4 main.o
                0x1000004c                int_Handler_Funcs
 .data          0x10000050        0x0 source/KeyAccess.o
 .data          0x10000050        0x0 source/LCD.o
 .data.clrLine  0x10000050       0x14 source/LCD.o
                0x10000050                clrLine
 .data.Init     0x10000064        0xc source/LCD.o
                0x10000064                Init
 .data          0x10000070        0x0 source/I2C.o
 .data          0x10000070        0x0 source/Wave.o
 .data          0x10000070        0x0 source/TLV320.o
 .data          0x10000070        0x0 source/Delay.o
 .data          0x10000070        0x0 source/SerialIO.o
 .data          0x10000070        0x0 source/interrupt_handlers.o
 .data          0x10000070        0x0 source/i2s.o
 .data.I2S_int_Handler_Funcs
                0x10000070        0xc source/i2s.o
 .data          0x1000007c        0x0 source/SD.o
 .data          0x1000007c        0x0 source/FatFS/ff.o
 .data          0x1000007c        0x0 source/FatFS/mmc_176x_ssp.o
 .data.Stat     0x1000007c        0x1 source/FatFS/mmc_176x_ssp.o
 .data          0x1000007d        0x0 source/FatFS/diskio.o
 .data          0x1000007d        0x0 /opt/york/cs/net/lpc1700-cmsis-lite-2011.01.26-i686-1/lib/core_cm3.o
 .data          0x1000007d        0x0 /opt/york/cs/net/lpc1700-cmsis-lite-2011.01.26-i686-1/lib/system_LPC17xx.o
 *fill*         0x1000007d        0x3 00
 .data.SystemCoreClock
                0x10000080        0x4 /opt/york/cs/net/lpc1700-cmsis-lite-2011.01.26-i686-1/lib/system_LPC17xx.o
                0x10000080                SystemCoreClock
 .data          0x10000084        0x0 /opt/york/cs/net/lpc1700-cmsis-lite-2011.01.26-i686-1/lib/startup_LPC17xx.o
 .data          0x10000084        0x0 /opt/york/cs/net/sourcery-g++-lite-arm-eabi-2010.09.51-i686-1/arm-none-eabi/lib/thumb2/libc.a(lib_a-atoi.o)
 .data          0x10000084        0x0 /opt/york/cs/net/sourcery-g++-lite-arm-eabi-2010.09.51-i686-1/arm-none-eabi/lib/thumb2/libc.a(lib_a-malloc.o)
 .data          0x10000084      0x410 /opt/york/cs/net/sourcery-g++-lite-arm-eabi-2010.09.51-i686-1/arm-none-eabi/lib/thumb2/libc.a(lib_a-mallocr.o)
                0x10000084                __malloc_av_
                0x1000048c                __malloc_sbrk_base
                0x10000490                __malloc_trim_threshold
 .data          0x10000494        0x0 /opt/york/cs/net/sourcery-g++-lite-arm-eabi-2010.09.51-i686-1/arm-none-eabi/lib/thumb2/libc.a(lib_a-memcpy.o)
 .data          0x10000494        0x0 /opt/york/cs/net/sourcery-g++-lite-arm-eabi-2010.09.51-i686-1/arm-none-eabi/lib/thumb2/libc.a(lib_a-memset.o)
 .data          0x10000494        0x0 /opt/york/cs/net/sourcery-g++-lite-arm-eabi-2010.09.51-i686-1/arm-none-eabi/lib/thumb2/libc.a(lib_a-mlock.o)
 .data          0x10000494        0x0 /opt/york/cs/net/sourcery-g++-lite-arm-eabi-2010.09.51-i686-1/arm-none-eabi/lib/thumb2/libc.a(lib_a-sbrkr.o)
 .data          0x10000494        0x0 /opt/york/cs/net/sourcery-g++-lite-arm-eabi-2010.09.51-i686-1/arm-none-eabi/lib/thumb2/libc.a(lib_a-sprintf.o)
 .data          0x10000494        0x0 /opt/york/cs/net/sourcery-g++-lite-arm-eabi-2010.09.51-i686-1/arm-none-eabi/lib/thumb2/libc.a(lib_a-strchr.o)
 .data          0x10000494        0x0 /opt/york/cs/net/sourcery-g++-lite-arm-eabi-2010.09.51-i686-1/arm-none-eabi/lib/thumb2/libc.a(lib_a-strcpy.o)
 .data          0x10000494        0x0 /opt/york/cs/net/sourcery-g++-lite-arm-eabi-2010.09.51-i686-1/arm-none-eabi/lib/thumb2/libc.a(lib_a-strlen.o)
 .data          0x10000494        0x0 /opt/york/cs/net/sourcery-g++-lite-arm-eabi-2010.09.51-i686-1/arm-none-eabi/lib/thumb2/libc.a(lib_a-strncmp.o)
 .data          0x10000494        0x0 /opt/york/cs/net/sourcery-g++-lite-arm-eabi-2010.09.51-i686-1/arm-none-eabi/lib/thumb2/libc.a(lib_a-strncpy.o)
 .data          0x10000494        0x0 /opt/york/cs/net/sourcery-g++-lite-arm-eabi-2010.09.51-i686-1/arm-none-eabi/lib/thumb2/libc.a(lib_a-strtol.o)
 .data          0x10000494        0x0 /opt/york/cs/net/sourcery-g++-lite-arm-eabi-2010.09.51-i686-1/arm-none-eabi/lib/thumb2/libc.a(lib_a-svfprintf.o)
 .data          0x10000494        0x4 /opt/york/cs/net/sourcery-g++-lite-arm-eabi-2010.09.51-i686-1/arm-none-eabi/lib/thumb2/libc.a(lib_a-ctype_.o)
                0x10000494                __ctype_ptr__
 .data          0x10000498        0x0 /opt/york/cs/net/sourcery-g++-lite-arm-eabi-2010.09.51-i686-1/arm-none-eabi/lib/thumb2/libc.a(lib_a-dtoa.o)
 .data          0x10000498        0x0 /opt/york/cs/net/sourcery-g++-lite-arm-eabi-2010.09.51-i686-1/arm-none-eabi/lib/thumb2/libc.a(lib_a-freer.o)
 .data          0x10000498       0xf4 /opt/york/cs/net/sourcery-g++-lite-arm-eabi-2010.09.51-i686-1/arm-none-eabi/lib/thumb2/libc.a(lib_a-impure.o)
                0x10000498                _impure_ptr
 .data          0x1000058c       0x7c /opt/york/cs/net/sourcery-g++-lite-arm-eabi-2010.09.51-i686-1/arm-none-eabi/lib/thumb2/libc.a(lib_a-locale.o)
                0x100005ac                __mb_cur_max
 .data          0x10000608        0x0 /opt/york/cs/net/sourcery-g++-lite-arm-eabi-2010.09.51-i686-1/arm-none-eabi/lib/thumb2/libc.a(lib_a-memchr.o)
 .data          0x10000608        0x0 /opt/york/cs/net/sourcery-g++-lite-arm-eabi-2010.09.51-i686-1/arm-none-eabi/lib/thumb2/libc.a(lib_a-mprec.o)
 .data          0x10000608        0x0 /opt/york/cs/net/sourcery-g++-lite-arm-eabi-2010.09.51-i686-1/arm-none-eabi/lib/thumb2/libc.a(lib_a-reent.o)
 .data          0x10000608        0x0 /opt/york/cs/net/sourcery-g++-lite-arm-eabi-2010.09.51-i686-1/arm-none-eabi/lib/thumb2/libc.a(lib_a-s_fpclassify.o)
 .data          0x10000608        0x0 /opt/york/cs/net/sourcery-g++-lite-arm-eabi-2010.09.51-i686-1/arm-none-eabi/lib/thumb2/libc.a(lib_a-strcmp.o)
 .data          0x10000608        0x0 /opt/york/cs/net/sourcery-g++-lite-arm-eabi-2010.09.51-i686-1/arm-none-eabi/lib/thumb2/libc.a(lib_a-svfiprintf.o)
 .data          0x10000608        0x0 /opt/york/cs/net/sourcery-g++-lite-arm-eabi-2010.09.51-i686-1/arm-none-eabi/lib/thumb2/libc.a(lib_a-callocr.o)
 .data          0x10000608        0x0 /opt/york/cs/net/sourcery-g++-lite-arm-eabi-2010.09.51-i686-1/arm-none-eabi/lib/thumb2/libc.a(lib_a-memmove.o)
 .data          0x10000608        0x0 /opt/york/cs/net/sourcery-g++-lite-arm-eabi-2010.09.51-i686-1/arm-none-eabi/lib/thumb2/libc.a(lib_a-reallocr.o)
 .data          0x10000608        0x0 /opt/york/cs/net/sourcery-g++-lite-arm-eabi-2010.09.51-i686-1/bin/../lib/gcc/arm-none-eabi/4.5.1/thumb2/libgcc.a(_udivsi3.o)
 .data          0x10000608        0x0 /opt/york/cs/net/sourcery-g++-lite-arm-eabi-2010.09.51-i686-1/bin/../lib/gcc/arm-none-eabi/4.5.1/thumb2/libgcc.a(_dvmd_tls.o)
 .data          0x10000608        0x0 /opt/york/cs/net/sourcery-g++-lite-arm-eabi-2010.09.51-i686-1/bin/../lib/gcc/arm-none-eabi/4.5.1/thumb2/libgcc.a(_arm_addsubdf3.o)
 .data          0x10000608        0x0 /opt/york/cs/net/sourcery-g++-lite-arm-eabi-2010.09.51-i686-1/bin/../lib/gcc/arm-none-eabi/4.5.1/thumb2/libgcc.a(_arm_muldivdf3.o)
 .data          0x10000608        0x0 /opt/york/cs/net/sourcery-g++-lite-arm-eabi-2010.09.51-i686-1/bin/../lib/gcc/arm-none-eabi/4.5.1/thumb2/libgcc.a(_arm_cmpdf2.o)
 .data          0x10000608        0x0 /opt/york/cs/net/sourcery-g++-lite-arm-eabi-2010.09.51-i686-1/bin/../lib/gcc/arm-none-eabi/4.5.1/thumb2/libgcc.a(_arm_fixdfsi.o)
 .data          0x10000608        0x0 /opt/york/cs/net/sourcery-g++-lite-arm-eabi-2010.09.51-i686-1/bin/../lib/gcc/arm-none-eabi/4.5.1/thumb2/libgcc.a(_arm_addsubsf3.o)
 .data          0x10000608        0x0 /opt/york/cs/net/sourcery-g++-lite-arm-eabi-2010.09.51-i686-1/bin/../lib/gcc/arm-none-eabi/4.5.1/thumb2/libgcc.a(_arm_muldivsf3.o)
 .data          0x10000608        0x0 /opt/york/cs/net/sourcery-g++-lite-arm-eabi-2010.09.51-i686-1/bin/../lib/gcc/arm-none-eabi/4.5.1/thumb2/libgcc.a(_aeabi_uldivmod.o)
 .data          0x10000608        0x0 /opt/york/cs/net/sourcery-g++-lite-arm-eabi-2010.09.51-i686-1/bin/../lib/gcc/arm-none-eabi/4.5.1/thumb2/libgcc.a(bpabi.o)
 .data          0x10000608        0x0 /opt/york/cs/net/sourcery-g++-lite-arm-eabi-2010.09.51-i686-1/bin/../lib/gcc/arm-none-eabi/4.5.1/thumb2/libgcc.a(_divdi3.o)
 .data          0x10000608        0x0 /opt/york/cs/net/sourcery-g++-lite-arm-eabi-2010.09.51-i686-1/bin/../lib/gcc/arm-none-eabi/4.5.1/thumb2/libgcc.a(_udivdi3.o)
 .data          0x10000608        0x0 /opt/york/cs/net/sourcery-g++-lite-arm-eabi-2010.09.51-i686-1/arm-none-eabi/lib/thumb2/libm.a(lib_a-s_sin.o)
 .data          0x10000608        0x0 /opt/york/cs/net/sourcery-g++-lite-arm-eabi-2010.09.51-i686-1/arm-none-eabi/lib/thumb2/libm.a(lib_a-e_rem_pio2.o)
 .data          0x10000608        0x0 /opt/york/cs/net/sourcery-g++-lite-arm-eabi-2010.09.51-i686-1/arm-none-eabi/lib/thumb2/libm.a(lib_a-k_cos.o)
 .data          0x10000608        0x0 /opt/york/cs/net/sourcery-g++-lite-arm-eabi-2010.09.51-i686-1/arm-none-eabi/lib/thumb2/libm.a(lib_a-k_rem_pio2.o)
 .data          0x10000608        0x0 /opt/york/cs/net/sourcery-g++-lite-arm-eabi-2010.09.51-i686-1/arm-none-eabi/lib/thumb2/libm.a(lib_a-k_sin.o)
 .data          0x10000608        0x0 /opt/york/cs/net/sourcery-g++-lite-arm-eabi-2010.09.51-i686-1/arm-none-eabi/lib/thumb2/libm.a(lib_a-s_fabs.o)
 .data          0x10000608        0x0 /opt/york/cs/net/sourcery-g++-lite-arm-eabi-2010.09.51-i686-1/arm-none-eabi/lib/thumb2/libm.a(lib_a-s_floor.o)
 .data          0x10000608        0x0 /opt/york/cs/net/sourcery-g++-lite-arm-eabi-2010.09.51-i686-1/arm-none-eabi/lib/thumb2/libm.a(lib_a-s_scalbn.o)
 .data          0x10000608        0x0 /opt/york/cs/net/sourcery-g++-lite-arm-eabi-2010.09.51-i686-1/arm-none-eabi/lib/thumb2/libm.a(lib_a-s_copysign.o)
 .data          0x10000608        0x0 /opt/york/cs/net/sourcery-g++-lite-arm-eabi-2010.09.51-i686-1/bin/../lib/gcc/arm-none-eabi/4.5.1/thumb2/libgcc.a(_divsi3.o)
 .data          0x10000608        0x0 /opt/york/cs/net/sourcery-g++-lite-arm-eabi-2010.09.51-i686-1/arm-none-eabi/lib/thumb2/libcs3.a(start_c.o)
 .data          0x10000608        0x4 /opt/york/cs/net/sourcery-g++-lite-arm-eabi-2010.09.51-i686-1/arm-none-eabi/lib/thumb2/libcs3unhosted.a(unhosted-sbrk.o)
 .data          0x1000060c        0x0 /opt/york/cs/net/sourcery-g++-lite-arm-eabi-2010.09.51-i686-1/arm-none-eabi/lib/thumb2/libcs3unhosted.a(unhosted-start.o)
 .data          0x1000060c        0x0 /opt/york/cs/net/sourcery-g++-lite-arm-eabi-2010.09.51-i686-1/arm-none-eabi/lib/thumb2/libc.a(lib_a-errno.o)
 .data          0x1000060c        0x0 /opt/york/cs/net/sourcery-g++-lite-arm-eabi-2010.09.51-i686-1/arm-none-eabi/lib/thumb2/libc.a(lib_a-init.o)
 .data          0x1000060c        0x4 /opt/york/cs/net/sourcery-g++-lite-arm-eabi-2010.09.51-i686-1/arm-none-eabi/lib/thumb2/libcs3.a(heap.o)
                0x1000060c                __cs3_heap_limit
 .data          0x10000610        0x0 /opt/york/cs/net/lpc1700-cmsis-lite-2011.01.26-i686-1/lib/libDriversLPC17xxgnu.a(lpc17xx_i2c.o)
 .data          0x10000610        0x0 /opt/york/cs/net/lpc1700-cmsis-lite-2011.01.26-i686-1/lib/libDriversLPC17xxgnu.a(lpc17xx_i2s.o)
 .data          0x10000610        0x0 /opt/york/cs/net/lpc1700-cmsis-lite-2011.01.26-i686-1/lib/libDriversLPC17xxgnu.a(lpc17xx_libcfg_default.o)
 .data          0x10000610        0x0 /opt/york/cs/net/lpc1700-cmsis-lite-2011.01.26-i686-1/lib/libDriversLPC17xxgnu.a(lpc17xx_pinsel.o)
 .data          0x10000610        0x0 /opt/york/cs/net/lpc1700-cmsis-lite-2011.01.26-i686-1/lib/libDriversLPC17xxgnu.a(lpc17xx_ssp.o)
 .data          0x10000610        0x0 /opt/york/cs/net/lpc1700-cmsis-lite-2011.01.26-i686-1/lib/libDriversLPC17xxgnu.a(lpc17xx_uart.o)
 .data          0x10000610        0x0 /opt/york/cs/net/lpc1700-cmsis-lite-2011.01.26-i686-1/lib/libDriversLPC17xxgnu.a(lpc17xx_clkpwr.o)
 .data          0x10000610        0x0 /opt/york/cs/net/sourcery-g++-lite-arm-eabi-2010.09.51-i686-1/bin/../lib/gcc/arm-none-eabi/4.5.1/thumb2/crtend.o
 .data          0x10000610        0x0 /opt/york/cs/net/sourcery-g++-lite-arm-eabi-2010.09.51-i686-1/bin/../lib/gcc/arm-none-eabi/4.5.1/thumb2/crtn.o
 *(.ram)
                0x10000610                . = ALIGN (0x8)
                0x10000610                _edata = .

.bss            0x10000610      0x808 load address 0x000183a8
 *(.shbss)
 *(.bss .bss.* .gnu.linkonce.b.*)
 .bss           0x10000610        0x0 /opt/york/cs/net/sourcery-g++-lite-arm-eabi-2010.09.51-i686-1/bin/../lib/gcc/arm-none-eabi/4.5.1/thumb2/crti.o
 .bss           0x10000610        0x1 /opt/york/cs/net/sourcery-g++-lite-arm-eabi-2010.09.51-i686-1/bin/../lib/gcc/arm-none-eabi/4.5.1/thumb2/crtbegin.o
 .bss           0x10000611        0x0 main.o
 .bss.int_Handler_Enable
                0x10000611        0x1 main.o
                0x10000611                int_Handler_Enable
 .bss.int_Handler_Index
                0x10000612        0x1 main.o
                0x10000612                int_Handler_Index
 .bss           0x10000613        0x0 source/KeyAccess.o
 .bss           0x10000613        0x0 source/LCD.o
 .bss           0x10000613        0x0 source/I2C.o
 .bss           0x10000613        0x0 source/Wave.o
 .bss           0x10000613        0x0 source/TLV320.o
 .bss           0x10000613        0x0 source/Delay.o
 .bss           0x10000613        0x0 source/SerialIO.o
 .bss           0x10000613        0x0 source/interrupt_handlers.o
 .bss           0x10000613        0x0 source/i2s.o
 .bss           0x10000613        0x0 source/SD.o
 .bss           0x10000613        0x0 source/FatFS/ff.o
 *fill*         0x10000613        0x1 00
 .bss.FatFs     0x10000614        0x4 source/FatFS/ff.o
 .bss.Fsid      0x10000618        0x2 source/FatFS/ff.o
 .bss.CurrVol   0x1000061a        0x1 source/FatFS/ff.o
 .bss           0x1000061b        0x0 source/FatFS/mmc_176x_ssp.o
 *fill*         0x1000061b        0x1 00
 .bss.Timer1    0x1000061c        0x4 source/FatFS/mmc_176x_ssp.o
 .bss.Timer2    0x10000620        0x4 source/FatFS/mmc_176x_ssp.o
 .bss.CardType  0x10000624        0x1 source/FatFS/mmc_176x_ssp.o
 .bss           0x10000625        0x0 source/FatFS/diskio.o
 .bss           0x10000625        0x0 /opt/york/cs/net/lpc1700-cmsis-lite-2011.01.26-i686-1/lib/core_cm3.o
 .bss           0x10000625        0x0 /opt/york/cs/net/lpc1700-cmsis-lite-2011.01.26-i686-1/lib/system_LPC17xx.o
 .bss           0x10000625        0x0 /opt/york/cs/net/lpc1700-cmsis-lite-2011.01.26-i686-1/lib/startup_LPC17xx.o
 .bss           0x10000625        0x0 /opt/york/cs/net/sourcery-g++-lite-arm-eabi-2010.09.51-i686-1/arm-none-eabi/lib/thumb2/libc.a(lib_a-atoi.o)
 .bss           0x10000625        0x0 /opt/york/cs/net/sourcery-g++-lite-arm-eabi-2010.09.51-i686-1/arm-none-eabi/lib/thumb2/libc.a(lib_a-malloc.o)
 *fill*         0x10000625        0x3 00
 .bss           0x10000628       0x34 /opt/york/cs/net/sourcery-g++-lite-arm-eabi-2010.09.51-i686-1/arm-none-eabi/lib/thumb2/libc.a(lib_a-mallocr.o)
                0x10000628                __malloc_top_pad
                0x1000062c                __malloc_current_mallinfo
                0x10000654                __malloc_max_sbrked_mem
                0x10000658                __malloc_max_total_mem
 .bss           0x1000065c        0x0 /opt/york/cs/net/sourcery-g++-lite-arm-eabi-2010.09.51-i686-1/arm-none-eabi/lib/thumb2/libc.a(lib_a-memcpy.o)
 .bss           0x1000065c        0x0 /opt/york/cs/net/sourcery-g++-lite-arm-eabi-2010.09.51-i686-1/arm-none-eabi/lib/thumb2/libc.a(lib_a-memset.o)
 .bss           0x1000065c        0x0 /opt/york/cs/net/sourcery-g++-lite-arm-eabi-2010.09.51-i686-1/arm-none-eabi/lib/thumb2/libc.a(lib_a-mlock.o)
 .bss           0x1000065c        0x0 /opt/york/cs/net/sourcery-g++-lite-arm-eabi-2010.09.51-i686-1/arm-none-eabi/lib/thumb2/libc.a(lib_a-sbrkr.o)
 .bss           0x1000065c        0x0 /opt/york/cs/net/sourcery-g++-lite-arm-eabi-2010.09.51-i686-1/arm-none-eabi/lib/thumb2/libc.a(lib_a-sprintf.o)
 .bss           0x1000065c        0x0 /opt/york/cs/net/sourcery-g++-lite-arm-eabi-2010.09.51-i686-1/arm-none-eabi/lib/thumb2/libc.a(lib_a-strchr.o)
 .bss           0x1000065c        0x0 /opt/york/cs/net/sourcery-g++-lite-arm-eabi-2010.09.51-i686-1/arm-none-eabi/lib/thumb2/libc.a(lib_a-strcpy.o)
 .bss           0x1000065c        0x0 /opt/york/cs/net/sourcery-g++-lite-arm-eabi-2010.09.51-i686-1/arm-none-eabi/lib/thumb2/libc.a(lib_a-strlen.o)