Archive member included because of file (symbol)

/opt/york/cs/net/sourcery-g++-lite-arm-eabi-2010.09.51-i686-1/arm-none-eabi/lib/thumb2/libc.a(lib_a-malloc.o)
                              main.o (malloc)
/opt/york/cs/net/sourcery-g++-lite-arm-eabi-2010.09.51-i686-1/arm-none-eabi/lib/thumb2/libc.a(lib_a-mallocr.o)
                              /opt/york/cs/net/sourcery-g++-lite-arm-eabi-2010.09.51-i686-1/arm-none-eabi/lib/thumb2/libc.a(lib_a-malloc.o) (_malloc_r)
/opt/york/cs/net/sourcery-g++-lite-arm-eabi-2010.09.51-i686-1/arm-none-eabi/lib/thumb2/libc.a(lib_a-memset.o)
                              main.o (memset)
/opt/york/cs/net/sourcery-g++-lite-arm-eabi-2010.09.51-i686-1/arm-none-eabi/lib/thumb2/libc.a(lib_a-mlock.o)
                              /opt/york/cs/net/sourcery-g++-lite-arm-eabi-2010.09.51-i686-1/arm-none-eabi/lib/thumb2/libc.a(lib_a-mallocr.o) (__malloc_lock)
/opt/york/cs/net/sourcery-g++-lite-arm-eabi-2010.09.51-i686-1/arm-none-eabi/lib/thumb2/libc.a(lib_a-sbrkr.o)
                              /opt/york/cs/net/sourcery-g++-lite-arm-eabi-2010.09.51-i686-1/arm-none-eabi/lib/thumb2/libc.a(lib_a-mallocr.o) (_sbrk_r)
/opt/york/cs/net/sourcery-g++-lite-arm-eabi-2010.09.51-i686-1/arm-none-eabi/lib/thumb2/libc.a(lib_a-sprintf.o)
                              main.o (sprintf)
/opt/york/cs/net/sourcery-g++-lite-arm-eabi-2010.09.51-i686-1/arm-none-eabi/lib/thumb2/libc.a(lib_a-strlen.o)
                              main.o (strlen)
/opt/york/cs/net/sourcery-g++-lite-arm-eabi-2010.09.51-i686-1/arm-none-eabi/lib/thumb2/libc.a(lib_a-svfprintf.o)
                              /opt/york/cs/net/sourcery-g++-lite-arm-eabi-2010.09.51-i686-1/arm-none-eabi/lib/thumb2/libc.a(lib_a-sprintf.o) (_svfprintf_r)
/opt/york/cs/net/sourcery-g++-lite-arm-eabi-2010.09.51-i686-1/arm-none-eabi/lib/thumb2/libc.a(lib_a-dtoa.o)
                              /opt/york/cs/net/sourcery-g++-lite-arm-eabi-2010.09.51-i686-1/arm-none-eabi/lib/thumb2/libc.a(lib_a-svfprintf.o) (_dtoa_r)
/opt/york/cs/net/sourcery-g++-lite-arm-eabi-2010.09.51-i686-1/arm-none-eabi/lib/thumb2/libc.a(lib_a-freer.o)
                              /opt/york/cs/net/sourcery-g++-lite-arm-eabi-2010.09.51-i686-1/arm-none-eabi/lib/thumb2/libc.a(lib_a-malloc.o) (_free_r)
/opt/york/cs/net/sourcery-g++-lite-arm-eabi-2010.09.51-i686-1/arm-none-eabi/lib/thumb2/libc.a(lib_a-impure.o)
                              /opt/york/cs/net/sourcery-g++-lite-arm-eabi-2010.09.51-i686-1/arm-none-eabi/lib/thumb2/libc.a(lib_a-malloc.o) (_impure_ptr)
/opt/york/cs/net/sourcery-g++-lite-arm-eabi-2010.09.51-i686-1/arm-none-eabi/lib/thumb2/libc.a(lib_a-locale.o)
                              /opt/york/cs/net/sourcery-g++-lite-arm-eabi-2010.09.51-i686-1/arm-none-eabi/lib/thumb2/libc.a(lib_a-svfprintf.o) (_localeconv_r)
/opt/york/cs/net/sourcery-g++-lite-arm-eabi-2010.09.51-i686-1/arm-none-eabi/lib/thumb2/libc.a(lib_a-memchr.o)
                              /opt/york/cs/net/sourcery-g++-lite-arm-eabi-2010.09.51-i686-1/arm-none-eabi/lib/thumb2/libc.a(lib_a-svfprintf.o) (memchr)
/opt/york/cs/net/sourcery-g++-lite-arm-eabi-2010.09.51-i686-1/arm-none-eabi/lib/thumb2/libc.a(lib_a-memcpy.o)
                              /opt/york/cs/net/sourcery-g++-lite-arm-eabi-2010.09.51-i686-1/arm-none-eabi/lib/thumb2/libc.a(lib_a-dtoa.o) (memcpy)
/opt/york/cs/net/sourcery-g++-lite-arm-eabi-2010.09.51-i686-1/arm-none-eabi/lib/thumb2/libc.a(lib_a-mprec.o)
                              /opt/york/cs/net/sourcery-g++-lite-arm-eabi-2010.09.51-i686-1/arm-none-eabi/lib/thumb2/libc.a(lib_a-dtoa.o) (_Balloc)
/opt/york/cs/net/sourcery-g++-lite-arm-eabi-2010.09.51-i686-1/arm-none-eabi/lib/thumb2/libc.a(lib_a-reent.o)
                              /opt/york/cs/net/sourcery-g++-lite-arm-eabi-2010.09.51-i686-1/arm-none-eabi/lib/thumb2/libc.a(lib_a-sbrkr.o) (errno)
/opt/york/cs/net/sourcery-g++-lite-arm-eabi-2010.09.51-i686-1/arm-none-eabi/lib/thumb2/libc.a(lib_a-s_fpclassify.o)
                              /opt/york/cs/net/sourcery-g++-lite-arm-eabi-2010.09.51-i686-1/arm-none-eabi/lib/thumb2/libc.a(lib_a-svfprintf.o) (__fpclassifyd)
/opt/york/cs/net/sourcery-g++-lite-arm-eabi-2010.09.51-i686-1/arm-none-eabi/lib/thumb2/libc.a(lib_a-strcmp.o)
                              /opt/york/cs/net/sourcery-g++-lite-arm-eabi-2010.09.51-i686-1/arm-none-eabi/lib/thumb2/libc.a(lib_a-locale.o) (strcmp)
/opt/york/cs/net/sourcery-g++-lite-arm-eabi-2010.09.51-i686-1/arm-none-eabi/lib/thumb2/libc.a(lib_a-svfiprintf.o)
                              /opt/york/cs/net/sourcery-g++-lite-arm-eabi-2010.09.51-i686-1/arm-none-eabi/lib/thumb2/libc.a(lib_a-svfprintf.o) (__ssprint_r)
/opt/york/cs/net/sourcery-g++-lite-arm-eabi-2010.09.51-i686-1/arm-none-eabi/lib/thumb2/libc.a(lib_a-callocr.o)
                              /opt/york/cs/net/sourcery-g++-lite-arm-eabi-2010.09.51-i686-1/arm-none-eabi/lib/thumb2/libc.a(lib_a-mprec.o) (_calloc_r)
/opt/york/cs/net/sourcery-g++-lite-arm-eabi-2010.09.51-i686-1/arm-none-eabi/lib/thumb2/libc.a(lib_a-memmove.o)
[...]
Memory Configuration

Name             Origin             Length             Attributes
rom              0x00000000         0x00080000         xr
ram              0x10000000         0x00008000         xrw
ram1             0x2007c000         0x00004000         xrw
ram2             0x20080000         0x00004000         xrw
*default*        0x00000000         0xffffffff

Linker script and memory map

LOAD /opt/york/cs/net/sourcery-g++-lite-arm-eabi-2010.09.51-i686-1/bin/../lib/gcc/arm-none-eabi/4.5.1/thumb2/crti.o
LOAD /opt/york/cs/net/sourcery-g++-lite-arm-eabi-2010.09.51-i686-1/bin/../lib/gcc/arm-none-eabi/4.5.1/thumb2/crtbegin.o
LOAD main.o
LOAD source/i2s_polling.o
LOAD source/KeyAccess.o
LOAD source/LCD.o
LOAD source/i2s.o
LOAD source/TLV320.o
LOAD source/Delay.o
LOAD source/SerialIO.o
LOAD source/I2C.o
LOAD source/FatFS/ff.o
LOAD source/FatFS/ffunicode.o
LOAD source/FatFS/mmc_176x_ssp.o
LOAD source/FatFS/diskio.o
LOAD /opt/york/cs/net/lpc1700-cmsis-lite-2011.01.26-i686-1/lib/core_cm3.o
LOAD /opt/york/cs/net/lpc1700-cmsis-lite-2011.01.26-i686-1/lib/system_LPC17xx.o
LOAD /opt/york/cs/net/lpc1700-cmsis-lite-2011.01.26-i686-1/lib/startup_LPC17xx.o
START GROUP
LOAD /opt/york/cs/net/sourcery-g++-lite-arm-eabi-2010.09.51-i686-1/arm-none-eabi/lib/thumb2/libc.a
LOAD /opt/york/cs/net/sourcery-g++-lite-arm-eabi-2010.09.51-i686-1/arm-none-eabi/lib/thumb2/libg.a
LOAD /opt/york/cs/net/sourcery-g++-lite-arm-eabi-2010.09.51-i686-1/arm-none-eabi/lib/thumb2/libstdc++.a
LOAD /opt/york/cs/net/sourcery-g++-lite-arm-eabi-2010.09.51-i686-1/arm-none-eabi/lib/thumb2/libsupc++.a
LOAD /opt/york/cs/net/sourcery-g++-lite-arm-eabi-2010.09.51-i686-1/bin/../lib/gcc/arm-none-eabi/4.5.1/thumb2/libgcc.a
LOAD /opt/york/cs/net/sourcery-g++-lite-arm-eabi-2010.09.51-i686-1/arm-none-eabi/lib/thumb2/libm.a
END GROUP
START GROUP
LOAD /opt/york/cs/net/sourcery-g++-lite-arm-eabi-2010.09.51-i686-1/bin/../lib/gcc/arm-none-eabi/4.5.1/thumb2/libgcc.a
LOAD /opt/york/cs/net/sourcery-g++-lite-arm-eabi-2010.09.51-i686-1/arm-none-eabi/lib/thumb2/libc.a
LOAD /opt/york/cs/net/sourcery-g++-lite-arm-eabi-2010.09.51-i686-1/arm-none-eabi/lib/thumb2/libcs3.a
LOAD /opt/york/cs/net/sourcery-g++-lite-arm-eabi-2010.09.51-i686-1/arm-none-eabi/lib/thumb2/libcs3unhosted.a
LOAD /opt/york/cs/net/sourcery-g++-lite-arm-eabi-2010.09.51-i686-1/arm-none-eabi/lib/thumb2/libcs3micro.a
END GROUP
                0x10008000                PROVIDE (__cs3_stack, (__cs3_region_start_ram + __cs3_region_size_ram))
                0x000072b0                PROVIDE (__cs3_stack_size, ((__cs3_region_start_ram + __cs3_region_size_ram) - _end))
                0x10000d50                PROVIDE (__cs3_heap_start, _end)
                0x10008000                PROVIDE (__cs3_heap_end, (__cs3_region_start_ram + __cs3_region_size_ram))

.text           0x00000000    0x13e4c
 CREATE_OBJECT_SYMBOLS
                0x00000000                __cs3_region_start_rom = .
 *(.cs3.region-head.rom)
                0x00000000                __cs3_interrupt_vector = __cs3_interrupt_vector_cortex_m
 *(.cs3.interrupt_vector)
 .cs3.interrupt_vector
                0x00000000       0xcc /opt/york/cs/net/lpc1700-cmsis-lite-2011.01.26-i686-1/lib/startup_LPC17xx.o
                0x00000000                __cs3_interrupt_vector_cortex_m
                0x00000001                ASSERT ((. != __cs3_interrupt_vector_cortex_m), No interrupt vector)
 *(.rom)
 *(.rom.b)
                0x000000cc                __cs3_reset = __cs3_reset_cortex_m
 *(.cs3.reset)
 .cs3.reset     0x000000cc       0x10 /opt/york/cs/net/lpc1700-cmsis-lite-2011.01.26-i686-1/lib/startup_LPC17xx.o
                0x000000cc                __cs3_reset_cortex_m
                0x00000001                ASSERT ((. != __cs3_reset), No reset code)
 *(.text .text.* .gnu.linkonce.t.*)
 .text          0x000000dc        0x0 /opt/york/cs/net/sourcery-g++-lite-arm-eabi-2010.09.51-i686-1/bin/../lib/gcc/arm-none-eabi/4.5.1/thumb2/crti.o
 .text          0x000000dc       0x30 /opt/york/cs/net/sourcery-g++-lite-arm-eabi-2010.09.51-i686-1/bin/../lib/gcc/arm-none-eabi/4.5.1/thumb2/crtbegin.o
 .text          0x0000010c        0x0 main.o
 .text.NVIC_EnableIRQ
                0x0000010c       0x38 main.o
 .text.NVIC_DisableIRQ
                0x00000144       0x3c main.o
 .text.NVIC_SetPriority
                0x00000180       0x5c main.o
 .text.EINT3_IRQHandler
                0x000001dc       0xbc main.o
                0x000001dc                EINT3_IRQHandler
 .text.IRQInit  0x00000298       0xd8 main.o
                0x00000298                IRQInit
 .text.DrawMenu
                0x00000370      0x200 main.o
                0x00000370                DrawMenu
 .text.Menu     0x00000570      0x254 main.o
                0x00000570                Menu
 .text.I2S_PassThroughInterrupt
                0x000007c4      0x140 main.o
                0x000007c4                I2S_PassThroughInterrupt
 .text.PassThroughLoop
                0x00000904       0x3c main.o
                0x00000904                PassThroughLoop
 .text.UART_Mode
                0x00000940       0x98 main.o
                0x00000940                UART_Mode
 .text.FatRead  0x000009d8      0x10c main.o
                0x000009d8                FatRead
 .text.Read2Audio
                0x00000ae4      0x11c main.o
                0x00000ae4                Read2Audio
 .text.main     0x00000c00       0x38 main.o
                0x00000c00                main
 .text.temp     0x00000c38       0x18 main.o
                0x00000c38                temp
 .text          0x00000c50        0x0 source/i2s_polling.o
 .text.NVIC_EnableIRQ
                0x00000c50       0x38 source/i2s_polling.o
 .text.NVIC_SetPriority
                0x00000c88       0x5c source/i2s_polling.o
 .text.I2S_IRQHandler
                0x00000ce4       0x8c source/i2s_polling.o
                0x00000ce4                I2S_IRQHandler
 .text.I2S_Polling_Init
                0x00000d70      0x238 source/i2s_polling.o
                0x00000d70                I2S_Polling_Init
 .text.I2S_A_Polling_Init
                0x00000fa8      0x174 source/i2s_polling.o
                0x00000fa8                I2S_A_Polling_Init
 .text.I2S_Polling_Read
                0x0000111c       0x84 source/i2s_polling.o
                0x0000111c                I2S_Polling_Read
 .text.I2S_Polling_Write
                0x000011a0       0x5c source/i2s_polling.o
                0x000011a0                I2S_Polling_Write
 .text          0x000011fc        0x0 source/KeyAccess.o
 .text.GetKeyInput
                0x000011fc       0x4c source/KeyAccess.o
                0x000011fc                GetKeyInput
 .text.DecodeInput
                0x00001248       0xc8 source/KeyAccess.o
                0x00001248                DecodeInput
 .text.GetKeyData
                0x00001310       0xb4 source/KeyAccess.o
                0x00001310                GetKeyData
 .text          0x000013c4        0x0 source/LCD.o
 .text.NVIC_SetPriority
                0x000013c4       0x5c source/LCD.o
 .text.SysTick_Config
                0x00001420       0x64 source/LCD.o
 .text.SendData
                0x00001484       0x3c source/LCD.o
                0x00001484                SendData
 .text.LCDEnable
                0x000014c0       0x28 source/LCD.o
                0x000014c0                LCDEnable
 .text.LCDDisable
                0x000014e8       0x28 source/LCD.o
                0x000014e8                LCDDisable
 .text.LCDGoHome
                0x00001510       0x28 source/LCD.o
                0x00001510                LCDGoHome
 .text.LCDNewLine
                0x00001538       0x28 source/LCD.o
                0x00001538                LCDNewLine
 .text.LCDCursorShift
                0x00001560       0xb0 source/LCD.o
                0x00001560                LCDCursorShift
 .text.LCDInit  0x00001610       0x38 source/LCD.o
                0x00001610                LCDInit
 .text.LCDClear
                0x00001648       0x70 source/LCD.o
                0x00001648                LCDClear
 .text.LCDPrint
                0x000016b8       0xec source/LCD.o
                0x000016b8                LCDPrint
 .text.main_LDCPrintHelloWorld
                0x000017a4       0x68 source/LCD.o
                0x000017a4                main_LDCPrintHelloWorld
 .text          0x0000180c        0x0 source/i2s.o
 .text.NVIC_EnableIRQ
                0x0000180c       0x38 source/i2s.o
 .text.NVIC_DisableIRQ
                0x00001844       0x3c source/i2s.o
 .text.NVIC_SetPriority
                0x00001880       0x5c source/i2s.o
 .text.DMA_IRQHandler
                0x000018dc      0x104 source/i2s.o
                0x000018dc                DMA_IRQHandler
 .text.Init_I2S
                0x000019e0       0xd0 source/i2s.o
                0x000019e0                Init_I2S
 .text.ConfInit
                0x00001ab0       0x68 source/i2s.o
                0x00001ab0                ConfInit
 .text.ClockInit
                0x00001b18       0x54 source/i2s.o
                0x00001b18                ClockInit
 .text.InitializeGPDMA
                0x00001b6c      0x150 source/i2s.o
                0x00001b6c                InitializeGPDMA
 .text.EnableInput
                0x00001cbc       0x50 source/i2s.o
                0x00001cbc                EnableInput
 .text.EnableOutput
                0x00001d0c       0x50 source/i2s.o
                0x00001d0c                EnableOutput
 .text.DisableInput
                0x00001d5c       0x50 source/i2s.o
                0x00001d5c                DisableInput
 .text.DisableOutput
                0x00001dac       0x50 source/i2s.o
                0x00001dac                DisableOutput
 .text          0x00001dfc        0x0 source/TLV320.o
 .text.TLV320_ChangeInputVolume
                0x00001dfc       0x38 source/TLV320.o
                0x00001dfc                TLV320_ChangeInputVolume
 .text.TLV320_ChangeOutputVolume
                0x00001e34       0x40 source/TLV320.o
                0x00001e34                TLV320_ChangeOutputVolume
 .text.TLV320_EnablePassThrough
                0x00001e74       0x28 source/TLV320.o
                0x00001e74                TLV320_EnablePassThrough
 .text.TLV320_DisablePassThrough
                0x00001e9c       0x30 source/TLV320.o
                0x00001e9c                TLV320_DisablePassThrough
 .text.TLV320_Setup
                0x00001ecc       0x28 source/TLV320.o
                0x00001ecc                TLV320_Setup
 .text.TLV320_EnableDAC
                0x00001ef4       0x2c source/TLV320.o
                0x00001ef4                TLV320_EnableDAC
 .text.TLV320_EnableOutput
                0x00001f20       0x2c source/TLV320.o
                0x00001f20                TLV320_EnableOutput
 .text.TLV320_Start_I2S_Polling_Passthrough
                0x00001f4c       0x38 source/TLV320.o
                0x00001f4c                TLV320_Start_I2S_Polling_Passthrough
 .text.TLV320_SendData
                0x00001f84       0x64 source/TLV320.o
                0x00001f84                TLV320_SendData
 .text          0x00001fe8        0x0 source/Delay.o
 .text.NVIC_SetPriority
                0x00001fe8       0x5c source/Delay.o
 .text.SysTick_Config
                0x00002044       0x64 source/Delay.o
 .text.SysTick_Handler
                0x000020a8       0x24 source/Delay.o
                0x000020a8                SysTick_Handler
 .text.Delay    0x000020cc       0x34 source/Delay.o
                0x000020cc                Delay
 .text.DelayInit
                0x00002100       0x2c source/Delay.o
                0x00002100                DelayInit
 .text          0x0000212c        0x0 source/SerialIO.o
 .text.NVIC_EnableIRQ
                0x0000212c       0x38 source/SerialIO.o
 .text.NVIC_DisableIRQ
                0x00002164       0x3c source/SerialIO.o
 .text.NVIC_SetPriority
                0x000021a0       0x5c source/SerialIO.o
 .text.UART0_IRQHandler
                0x000021fc       0x4c source/SerialIO.o
                0x000021fc                UART0_IRQHandler
 .text.ReceiveText
                0x00002248       0xdc source/SerialIO.o
                0x00002248                ReceiveText
 .text.ReadText
                0x00002324       0xa4 source/SerialIO.o
                0x00002324                ReadText
 .text.AddTextToBuffer
                0x000023c8       0xa4 source/SerialIO.o
                0x000023c8                AddTextToBuffer
 .text.ProcessBuffer
                0x0000246c       0xc4 source/SerialIO.o
                0x0000246c                ProcessBuffer
 .text.TransmitText
                0x00002530      0x10c source/SerialIO.o
                0x00002530                TransmitText
 .text.InitSerial
                0x0000263c       0x90 source/SerialIO.o
                0x0000263c                InitSerial
 .text.WriteText
                0x000026cc       0x30 source/SerialIO.o
                0x000026cc                WriteText
 .text.write_usb_serial_blocking
                0x000026fc       0x2c source/SerialIO.o
                0x000026fc                write_usb_serial_blocking
 .text.InitSerInterrupts
                0x00002728       0x88 source/SerialIO.o
                0x00002728                InitSerInterrupts
 .text.EnableSerInterrupts
                0x000027b0       0x10 source/SerialIO.o
                0x000027b0                EnableSerInterrupts
 .text.DisableSerInterrupts
                0x000027c0       0x10 source/SerialIO.o
                0x000027c0                DisableSerInterrupts
 .text          0x000027d0        0x0 source/I2C.o
 .text.I2CInit  0x000027d0       0x30 source/I2C.o
                0x000027d0                I2CInit
 .text.SetupVals
                0x00002800       0x54 source/I2C.o
                0x00002800                SetupVals
 .text.SetupPINS
                0x00002854       0x44 source/I2C.o
                0x00002854                SetupPINS
 .text          0x00002898        0x0 source/FatFS/ff.o
 .text.ld_word  0x00002898       0x34 source/FatFS/ff.o
 .text.ld_dword
                0x000028cc       0x58 source/FatFS/ff.o
 .text.st_word  0x00002924       0x40 source/FatFS/ff.o
 .text.st_dword
                0x00002964       0x6c source/FatFS/ff.o
 .text.mem_cpy  0x000029d0       0x4c source/FatFS/ff.o
 .text.mem_set  0x00002a1c       0x38 source/FatFS/ff.o
 .text.mem_cmp  0x00002a54       0x5c source/FatFS/ff.o
 .text.chk_chr  0x00002ab0       0x38 source/FatFS/ff.o
 .text.dbc_1st  0x00002ae8       0x68 source/FatFS/ff.o
 .text.dbc_2nd  0x00002b50       0x8c source/FatFS/ff.o
 .text.sync_window
                0x00002bdc       0x90 source/FatFS/ff.o
 .text.move_window
                0x00002c6c       0x68 source/FatFS/ff.o
 .text.sync_fs  0x00002cd4       0xf8 source/FatFS/ff.o
 .text.clst2sect
                0x00002dcc       0x44 source/FatFS/ff.o
 .text.get_fat  0x00002e10      0x180 source/FatFS/ff.o
 .text.put_fat  0x00002f90      0x218 source/FatFS/ff.o
 .text.remove_chain
                0x000031a8       0xdc source/FatFS/ff.o
 .text.create_chain
                0x00003284      0x1c4 source/FatFS/ff.o
 .text.dir_clear
                0x00003448       0xa4 source/FatFS/ff.o
 .text.dir_sdi  0x000034ec      0x114 source/FatFS/ff.o
 .text.dir_next
                0x00003600      0x164 source/FatFS/ff.o
 .text.dir_alloc
                0x00003764       0x9c source/FatFS/ff.o
 .text.ld_clust
                0x00003800       0x48 source/FatFS/ff.o
 .text.st_clust
                0x00003848       0x44 source/FatFS/ff.o
 .text.dir_read
                0x0000388c       0xc4 source/FatFS/ff.o
 .text.dir_find
                0x00003950       0xbc source/FatFS/ff.o
 .text.dir_register
                0x00003a0c       0x74 source/FatFS/ff.o
 .text.dir_remove
                0x00003a80       0x44 source/FatFS/ff.o
 .text.get_fileinfo
                0x00003ac4       0xf4 source/FatFS/ff.o
 .text.get_achar
                0x00003bb8       0x7c source/FatFS/ff.o
 .text.pattern_matching
                0x00003c34      0x128 source/FatFS/ff.o
 .text.create_name
                0x00003d5c      0x258 source/FatFS/ff.o
 .text.follow_path
                0x00003fb4      0x140 source/FatFS/ff.o
 .text.get_ldnumber
                0x000040f4       0x9c source/FatFS/ff.o
 .text.check_fs
                0x00004190       0xcc source/FatFS/ff.o
 .text.find_volume
                0x0000425c      0x540 source/FatFS/ff.o
 .text.validate
                0x0000479c       0x74 source/FatFS/ff.o
 .text.f_mount  0x00004810       0x98 source/FatFS/ff.o
                0x00004810                f_mount
 .text.f_open   0x000048a8      0x354 source/FatFS/ff.o
                0x000048a8                f_open
 .text.f_read   0x00004bfc      0x2b8 source/FatFS/ff.o
                0x00004bfc                f_read
 .text.f_write  0x00004eb4      0x324 source/FatFS/ff.o
                0x00004eb4                f_write
 .text.f_sync   0x000051d8      0x11c source/FatFS/ff.o
                0x000051d8                f_sync
 .text.f_close  0x000052f4       0x44 source/FatFS/ff.o
                0x000052f4                f_close
 .text.f_chdrive
                0x00005338       0x3c source/FatFS/ff.o
                0x00005338                f_chdrive
 .text.f_chdir  0x00005374       0xa4 source/FatFS/ff.o
                0x00005374                f_chdir
 .text.f_getcwd
                0x00005418      0x220 source/FatFS/ff.o
                0x00005418                f_getcwd
 .text.f_lseek  0x00005638      0x2a4 source/FatFS/ff.o
                0x00005638                f_lseek
 .text.f_opendir
                0x000058dc       0xc4 source/FatFS/ff.o
                0x000058dc                f_opendir
 .text.f_closedir
                0x000059a0       0x34 source/FatFS/ff.o
                0x000059a0                f_closedir
 .text.f_readdir
                0x000059d4       0x88 source/FatFS/ff.o
                0x000059d4                f_readdir
 .text.f_findnext
                0x00005a5c       0x5c source/FatFS/ff.o
                0x00005a5c                f_findnext
 .text.f_findfirst
                0x00005ab8       0x40 source/FatFS/ff.o
                0x00005ab8                f_findfirst
 .text.f_stat   0x00005af8       0x80 source/FatFS/ff.o
                0x00005af8                f_stat
 .text.f_getfree
                0x00005b78      0x198 source/FatFS/ff.o
                0x00005b78                f_getfree
 .text.f_truncate
                0x00005d10      0x148 source/FatFS/ff.o
                0x00005d10                f_truncate
 .text.f_unlink
                0x00005e58      0x18c source/FatFS/ff.o
                0x00005e58                f_unlink
 .text.f_mkdir  0x00005fe4      0x1f8 source/FatFS/ff.o
                0x00005fe4                f_mkdir
 .text.f_rename
                0x000061dc      0x228 source/FatFS/ff.o
                0x000061dc                f_rename
 .text.f_chmod  0x00006404       0xd0 source/FatFS/ff.o
                0x00006404                f_chmod
 .text.f_utime  0x000064d4       0xb4 source/FatFS/ff.o
                0x000064d4                f_utime
 .text.f_getlabel
                0x00006588      0x164 source/FatFS/ff.o
                0x00006588                f_getlabel
 .text.f_setlabel
                0x000066ec      0x270 source/FatFS/ff.o
                0x000066ec                f_setlabel
 .text.f_mkfs   0x0000695c      0x9d8 source/FatFS/ff.o
                0x0000695c                f_mkfs
 .text.f_gets   0x00007334       0x8c source/FatFS/ff.o
                0x00007334                f_gets
 .text.putc_bfd
                0x000073c0       0x80 source/FatFS/ff.o
 .text.putc_flush
                0x00007440       0x50 source/FatFS/ff.o
 .text.putc_init
                0x00007490       0x28 source/FatFS/ff.o
 .text.f_putc   0x000074b8       0x3c source/FatFS/ff.o
                0x000074b8                f_putc
 .text.f_puts   0x000074f4       0x50 source/FatFS/ff.o
                0x000074f4                f_puts
 .text.f_printf
                0x00007544      0x524 source/FatFS/ff.o
                0x00007544                f_printf
 .text          0x00007a68        0x0 source/FatFS/ffunicode.o
 .text          0x00007a68        0x0 source/FatFS/mmc_176x_ssp.o
 .text.xchg_spi
                0x00007a68       0x44 source/FatFS/mmc_176x_ssp.o
 .text.rcvr_spi_multi
                0x00007aac      0x134 source/FatFS/mmc_176x_ssp.o
 .text.xmit_spi_multi
                0x00007be0      0x134 source/FatFS/mmc_176x_ssp.o
 .text.wait_ready
                0x00007d14       0x48 source/FatFS/mmc_176x_ssp.o
 .text.deselect
                0x00007d5c       0x1c source/FatFS/mmc_176x_ssp.o
 .text.select   0x00007d78       0x3c source/FatFS/mmc_176x_ssp.o
 .text.power_on
                0x00007db4      0x104 source/FatFS/mmc_176x_ssp.o
 .text.power_off
                0x00007eb8       0x10 source/FatFS/mmc_176x_ssp.o
 .text.rcvr_datablock
                0x00007ec8       0x6c source/FatFS/mmc_176x_ssp.o
 .text.xmit_datablock
                0x00007f34       0x74 source/FatFS/mmc_176x_ssp.o
 .text.send_cmd
                0x00007fa8       0xfc source/FatFS/mmc_176x_ssp.o
 .text.disk_initialize
                0x000080a4      0x25c source/FatFS/mmc_176x_ssp.o
                0x000080a4                disk_initialize
 .text.disk_status
                0x00008300       0x30 source/FatFS/mmc_176x_ssp.o
                0x00008300                disk_status
 .text.disk_read
                0x00008330       0xd0 source/FatFS/mmc_176x_ssp.o
                0x00008330                disk_read
 .text.disk_write
                0x00008400      0x128 source/FatFS/mmc_176x_ssp.o
                0x00008400                disk_write
 .text.disk_ioctl
                0x00008528      0x578 source/FatFS/mmc_176x_ssp.o
                0x00008528                disk_ioctl
 .text.disk_timerproc
                0x00008aa0       0xa4 source/FatFS/mmc_176x_ssp.o
                0x00008aa0                disk_timerproc
 .text          0x00008b44        0x0 source/FatFS/diskio.o
 .text          0x00008b44        0x0 /opt/york/cs/net/lpc1700-cmsis-lite-2011.01.26-i686-1/lib/core_cm3.o
 .text          0x00008b44        0x0 /opt/york/cs/net/lpc1700-cmsis-lite-2011.01.26-i686-1/lib/system_LPC17xx.o
 .text.SystemCoreClockUpdate
                0x00008b44      0x228 /opt/york/cs/net/lpc1700-cmsis-lite-2011.01.26-i686-1/lib/system_LPC17xx.o
                0x00008b44                SystemCoreClockUpdate
 .text.SystemInit
                0x00008d6c      0x240 /opt/york/cs/net/lpc1700-cmsis-lite-2011.01.26-i686-1/lib/system_LPC17xx.o
                0x00008d6c                SystemInit
 .text          0x00008fac       0x14 /opt/york/cs/net/lpc1700-cmsis-lite-2011.01.26-i686-1/lib/startup_LPC17xx.o
                0x00008fac                NMI_Handler
                0x00008fae                HardFault_Handler
                0x00008fb0                MemManage_Handler
                0x00008fb2                BusFault_Handler
                0x00008fb4                UsageFault_Handler
                0x00008fb6                SVC_Handler
                0x00008fb8                DebugMon_Handler
                0x00008fba                PendSV_Handler
                0x00008fbe                TIMER2_IRQHandler
                0x00008fbe                RIT_IRQHandler
                0x00008fbe                I2C0_IRQHandler
                0x00008fbe                USBActivity_IRQHandler
                0x00008fbe                PWM1_IRQHandler
                0x00008fbe                I2C1_IRQHandler
                0x00008fbe                EINT2_IRQHandler
                0x00008fbe                UART1_IRQHandler
                0x00008fbe                CANActivity_IRQHandler
                0x00008fbe                TIMER3_IRQHandler
                0x00008fbe                PLL0_IRQHandler
                0x00008fbe                CAN_IRQHandler
                0x00008fbe                PLL1_IRQHandler
                0x00008fbe                SSP0_IRQHandler
                0x00008fbe                I2C2_IRQHandler
                0x00008fbe                RTC_IRQHandler
                0x00008fbe                TIMER0_IRQHandler
                0x00008fbe                SPI_IRQHandler
                0x00008fbe                EINT1_IRQHandler
                0x00008fbe                TIMER1_IRQHandler
                0x00008fbe                UART2_IRQHandler
                0x00008fbe                Default_Handler
                0x00008fbe                ADC_IRQHandler
                0x00008fbe                SSP1_IRQHandler
                0x00008fbe                USB_IRQHandler
                0x00008fbe                BOD_IRQHandler
                0x00008fbe                WDT_IRQHandler
                0x00008fbe                QEI_IRQHandler
                0x00008fbe                EINT0_IRQHandler
                0x00008fbe                UART3_IRQHandler
                0x00008fbe                MCPWM_IRQHandler
                0x00008fbe                ENET_IRQHandler
 .text          0x00008fc0       0x20 /opt/york/cs/net/sourcery-g++-lite-arm-eabi-2010.09.51-i686-1/arm-none-eabi/lib/thumb2/libc.a(lib_a-malloc.o)
                0x00008fc0                malloc
                0x00008fd0                free
 .text          0x00008fe0      0x57c /opt/york/cs/net/sourcery-g++-lite-arm-eabi-2010.09.51-i686-1/arm-none-eabi/lib/thumb2/libc.a(lib_a-mallocr.o)
                0x00008fe0                _malloc_r
 .text          0x0000955c       0xb4 /opt/york/cs/net/sourcery-g++-lite-arm-eabi-2010.09.51-i686-1/arm-none-eabi/lib/thumb2/libc.a(lib_a-memset.o)
                0x0000955c                memset
 .text          0x00009610        0x8 /opt/york/cs/net/sourcery-g++-lite-arm-eabi-2010.09.51-i686-1/arm-none-eabi/lib/thumb2/libc.a(lib_a-mlock.o)
                0x00009610                __malloc_lock
                0x00009614                __malloc_unlock
 .text          0x00009618       0x28 /opt/york/cs/net/sourcery-g++-lite-arm-eabi-2010.09.51-i686-1/arm-none-eabi/lib/thumb2/libc.a(lib_a-sbrkr.o)
                0x00009618                _sbrk_r
 .text          0x00009640       0x94 /opt/york/cs/net/sourcery-g++-lite-arm-eabi-2010.09.51-i686-1/arm-none-eabi/lib/thumb2/libc.a(lib_a-sprintf.o)
                0x00009640                _sprintf_r
                0x00009684                sprintf
 .text          0x000096d4       0x60 /opt/york/cs/net/sourcery-g++-lite-arm-eabi-2010.09.51-i686-1/arm-none-eabi/lib/thumb2/libc.a(lib_a-strlen.o)
                0x000096d4                strlen
 .text          0x00009734     0x1658 /opt/york/cs/net/sourcery-g++-lite-arm-eabi-2010.09.51-i686-1/arm-none-eabi/lib/thumb2/libc.a(lib_a-svfprintf.o)
                0x00009734                _svfprintf_r
 *fill*         0x0000ad8c        0x4 00
 .text          0x0000ad90     0x1000 /opt/york/cs/net/sourcery-g++-lite-arm-eabi-2010.09.51-i686-1/arm-none-eabi/lib/thumb2/libc.a(lib_a-dtoa.o)
                0x0000aebc                _dtoa_r
 .text          0x0000bd90      0x240 /opt/york/cs/net/sourcery-g++-lite-arm-eabi-2010.09.51-i686-1/arm-none-eabi/lib/thumb2/libc.a(lib_a-freer.o)
                0x0000bd90                _malloc_trim_r
                0x0000be38                _free_r
 .text          0x0000bfd0        0x0 /opt/york/cs/net/sourcery-g++-lite-arm-eabi-2010.09.51-i686-1/arm-none-eabi/lib/thumb2/libc.a(lib_a-impure.o)
 .text          0x0000bfd0       0xa0 /opt/york/cs/net/sourcery-g++-lite-arm-eabi-2010.09.51-i686-1/arm-none-eabi/lib/thumb2/libc.a(lib_a-locale.o)
                0x0000bfd0                _setlocale_r
                0x0000c02c                __locale_charset
                0x0000c038                __locale_mb_cur_max
                0x0000c044                __locale_msgcharset
                0x0000c04c                __locale_cjk_lang
                0x0000c050                _localeconv_r
                0x0000c058                setlocale
                0x0000c068                localeconv
 .text          0x0000c070       0x88 /opt/york/cs/net/sourcery-g++-lite-arm-eabi-2010.09.51-i686-1/arm-none-eabi/lib/thumb2/libc.a(lib_a-memchr.o)
                0x0000c070                memchr
 .text          0x0000c0f8      0x150 /opt/york/cs/net/sourcery-g++-lite-arm-eabi-2010.09.51-i686-1/arm-none-eabi/lib/thumb2/libc.a(lib_a-memcpy.o)
                0x0000c0f8                memcpy
 .text          0x0000c248      0x920 /opt/york/cs/net/sourcery-g++-lite-arm-eabi-2010.09.51-i686-1/arm-none-eabi/lib/thumb2/libc.a(lib_a-mprec.o)
                0x0000c248                _Balloc
                0x0000c2b0                _Bfree
                0x0000c2e8                __multadd
                0x0000c36c                __s2b
                0x0000c400                __hi0bits
                0x0000c440                __lo0bits
                0x0000c4a4                __i2b
                0x0000c4b8                __multiply
                0x0000c5e0                __pow5mult
                0x0000c684                __lshift
                0x0000c730                __mcmp
                0x0000c76c                __mdiff
                0x0000c864                __ulp
                0x0000c8ac                __b2d
                0x0000c958                __d2b
                0x0000ca20                __ratio
                0x0000ca90                _mprec_log10
                0x0000cac4                __copybits
                0x0000cb0c                __any_on
 .text          0x0000cb68      0x114 /opt/york/cs/net/sourcery-g++-lite-arm-eabi-2010.09.51-i686-1/arm-none-eabi/lib/thumb2/libc.a(lib_a-reent.o)
                0x0000cb68                cleanup_glue
                0x0000cb84                _reclaim_reent
                0x0000cc44                _wrapup_reent
 .text          0x0000cc7c       0x90 /opt/york/cs/net/sourcery-g++-lite-arm-eabi-2010.09.51-i686-1/arm-none-eabi/lib/thumb2/libc.a(lib_a-s_fpclassify.o)
                0x0000cc7c                __fpclassifyd
 .text          0x0000cd0c      0x1dc /opt/york/cs/net/sourcery-g++-lite-arm-eabi-2010.09.51-i686-1/arm-none-eabi/lib/thumb2/libc.a(lib_a-strcmp.o)
                0x0000cd0c                strcmp
 .text          0x0000cee8      0xbe4 /opt/york/cs/net/sourcery-g++-lite-arm-eabi-2010.09.51-i686-1/arm-none-eabi/lib/thumb2/libc.a(lib_a-svfiprintf.o)
                0x0000cee8                __ssprint_r
                0x0000cff0                _svfiprintf_r
 .text          0x0000dacc       0x5c /opt/york/cs/net/sourcery-g++-lite-arm-eabi-2010.09.51-i686-1/arm-none-eabi/lib/thumb2/libc.a(lib_a-callocr.o)
                0x0000dacc                _calloc_r
 .text          0x0000db28       0xa0 /opt/york/cs/net/sourcery-g++-lite-arm-eabi-2010.09.51-i686-1/arm-none-eabi/lib/thumb2/libc.a(lib_a-memmove.o)
                0x0000db28                memmove
 .text          0x0000dbc8      0x41c /opt/york/cs/net/sourcery-g++-lite-arm-eabi-2010.09.51-i686-1/arm-none-eabi/lib/thumb2/libc.a(lib_a-reallocr.o)
                0x0000dbc8                _realloc_r
 *fill*         0x0000dfe4        0x4 00
 .text          0x0000dfe8      0x278 /opt/york/cs/net/sourcery-g++-lite-arm-eabi-2010.09.51-i686-1/bin/../lib/gcc/arm-none-eabi/4.5.1/thumb2/libgcc.a(_udivsi3.o)
                0x0000dfe8                __udivsi3
                0x0000dfe8                __aeabi_uidiv
                0x0000e244                __aeabi_uidivmod
 .text          0x0000e260        0x4 /opt/york/cs/net/sourcery-g++-lite-arm-eabi-2010.09.51-i686-1/bin/../lib/gcc/arm-none-eabi/4.5.1/thumb2/libgcc.a(_dvmd_tls.o)
                0x0000e260                __aeabi_ldiv0
                0x0000e260                __aeabi_idiv0
 .text          0x0000e264      0x370 /opt/york/cs/net/sourcery-g++-lite-arm-eabi-2010.09.51-i686-1/bin/../lib/gcc/arm-none-eabi/4.5.1/thumb2/libgcc.a(_arm_addsubdf3.o)
                0x0000e264                __aeabi_drsub
                0x0000e26c                __aeabi_dsub
                0x0000e26c                __subdf3
                0x0000e270                __adddf3
                0x0000e270                __aeabi_dadd
                0x0000e4e8                __aeabi_ui2d
                0x0000e4e8                __floatunsidf
                0x0000e508                __floatsidf
                0x0000e508                __aeabi_i2d
                0x0000e52c                __extendsfdf2
                0x0000e52c                __aeabi_f2d
                0x0000e568                __aeabi_ul2d
                0x0000e568                __floatundidf
                0x0000e578                __floatdidf
                0x0000e578                __aeabi_l2d
 .text          0x0000e5d4      0x424 /opt/york/cs/net/sourcery-g++-lite-arm-eabi-2010.09.51-i686-1/bin/../lib/gcc/arm-none-eabi/4.5.1/thumb2/libgcc.a(_arm_muldivdf3.o)
                0x0000e5d4                __aeabi_dmul
                0x0000e5d4                __muldf3
                0x0000e828                __aeabi_ddiv
                0x0000e828                __divdf3
 .text          0x0000e9f8      0x110 /opt/york/cs/net/sourcery-g++-lite-arm-eabi-2010.09.51-i686-1/bin/../lib/gcc/arm-none-eabi/4.5.1/thumb2/libgcc.a(_arm_cmpdf2.o)
                0x0000e9f8                __gtdf2
                0x0000e9f8                __gedf2
                0x0000ea00                __ltdf2
                0x0000ea00                __ledf2
                0x0000ea08                __cmpdf2
                0x0000ea08                __eqdf2
                0x0000ea08                __nedf2
                0x0000ea84                __aeabi_cdrcmple
                0x0000ea94                __aeabi_cdcmple
                0x0000ea94                __aeabi_cdcmpeq
                0x0000eaa4                __aeabi_dcmpeq
                0x0000eab8                __aeabi_dcmplt
                0x0000eacc                __aeabi_dcmple
                0x0000eae0                __aeabi_dcmpge
                0x0000eaf4                __aeabi_dcmpgt
 .text          0x0000eb08       0x50 /opt/york/cs/net/sourcery-g++-lite-arm-eabi-2010.09.51-i686-1/bin/../lib/gcc/arm-none-eabi/4.5.1/thumb2/libgcc.a(_arm_fixdfsi.o)
                0x0000eb08                __fixdfsi
                0x0000eb08                __aeabi_d2iz
 .text          0x0000eb58       0x2c /opt/york/cs/net/sourcery-g++-lite-arm-eabi-2010.09.51-i686-1/bin/../lib/gcc/arm-none-eabi/4.5.1/thumb2/libgcc.a(_aeabi_uldivmod.o)
                0x0000eb58                __aeabi_uldivmod
 .text          0x0000eb84       0x60 /opt/york/cs/net/sourcery-g++-lite-arm-eabi-2010.09.51-i686-1/bin/../lib/gcc/arm-none-eabi/4.5.1/thumb2/libgcc.a(bpabi.o)
                0x0000eb84                __gnu_ldivmod_helper
                0x0000ebb4                __gnu_uldivmod_helper
 .text          0x0000ebe4      0x364 /opt/york/cs/net/sourcery-g++-lite-arm-eabi-2010.09.51-i686-1/bin/../lib/gcc/arm-none-eabi/4.5.1/thumb2/libgcc.a(_divdi3.o)
                0x0000ebe4                __divdi3
 .text          0x0000ef48      0x314 /opt/york/cs/net/sourcery-g++-lite-arm-eabi-2010.09.51-i686-1/bin/../lib/gcc/arm-none-eabi/4.5.1/thumb2/libgcc.a(_udivdi3.o)
                0x0000ef48                __udivdi3
 .text          0x0000f25c       0x30 /opt/york/cs/net/sourcery-g++-lite-arm-eabi-2010.09.51-i686-1/arm-none-eabi/lib/thumb2/libcs3.a(start_c.o)
                0x0000f25c                __cs3_premain
 .text.cs3.init
                0x0000f28c       0x50 /opt/york/cs/net/sourcery-g++-lite-arm-eabi-2010.09.51-i686-1/arm-none-eabi/lib/thumb2/libcs3.a(start_c.o)
                0x0000f28c                __cs3_start_c
 .text          0x0000f2dc       0x40 /opt/york/cs/net/sourcery-g++-lite-arm-eabi-2010.09.51-i686-1/arm-none-eabi/lib/thumb2/libcs3unhosted.a(unhosted-sbrk.o)
                0x0000f2dc                _sbrk
 .text          0x0000f31c        0x0 /opt/york/cs/net/sourcery-g++-lite-arm-eabi-2010.09.51-i686-1/arm-none-eabi/lib/thumb2/libcs3unhosted.a(unhosted-start.o)
 .text.cs3.init
                0x0000f31c       0x10 /opt/york/cs/net/sourcery-g++-lite-arm-eabi-2010.09.51-i686-1/arm-none-eabi/lib/thumb2/libcs3unhosted.a(unhosted-start.o)
                0x0000f31c                _start
 .text          0x0000f32c        0xc /opt/york/cs/net/sourcery-g++-lite-arm-eabi-2010.09.51-i686-1/arm-none-eabi/lib/thumb2/libc.a(lib_a-errno.o)
                0x0000f32c                __errno
 .text          0x0000f338       0x50 /opt/york/cs/net/sourcery-g++-lite-arm-eabi-2010.09.51-i686-1/arm-none-eabi/lib/thumb2/libc.a(lib_a-init.o)
                0x0000f338                __libc_init_array
 .text          0x0000f388        0x0 /opt/york/cs/net/sourcery-g++-lite-arm-eabi-2010.09.51-i686-1/arm-none-eabi/lib/thumb2/libcs3.a(heap.o)
 .text          0x0000f388        0x0 /opt/york/cs/net/lpc1700-cmsis-lite-2011.01.26-i686-1/lib/libDriversLPC17xxgnu.a(lpc17xx_gpdma.o)
 .text.GPDMA_Init
                0x0000f388       0xa0 /opt/york/cs/net/lpc1700-cmsis-lite-2011.01.26-i686-1/lib/libDriversLPC17xxgnu.a(lpc17xx_gpdma.o)
                0x0000f388                GPDMA_Init
 .text.GPDMA_Setup
                0x0000f428      0x41c /opt/york/cs/net/lpc1700-cmsis-lite-2011.01.26-i686-1/lib/libDriversLPC17xxgnu.a(lpc17xx_gpdma.o)
                0x0000f428                GPDMA_Setup
 .text.GPDMA_ChannelCmd
                0x0000f844       0x48 /opt/york/cs/net/lpc1700-cmsis-lite-2011.01.26-i686-1/lib/libDriversLPC17xxgnu.a(lpc17xx_gpdma.o)
                0x0000f844                GPDMA_ChannelCmd
 .text.GPDMA_IntGetStatus
                0x0000f88c      0x194 /opt/york/cs/net/lpc1700-cmsis-lite-2011.01.26-i686-1/lib/libDriversLPC17xxgnu.a(lpc17xx_gpdma.o)
                0x0000f88c                GPDMA_IntGetStatus
 .text.GPDMA_ClearIntPending
                0x0000fa20       0x80 /opt/york/cs/net/lpc1700-cmsis-lite-2011.01.26-i686-1/lib/libDriversLPC17xxgnu.a(lpc17xx_gpdma.o)
                0x0000fa20                GPDMA_ClearIntPending
 .text          0x0000faa0        0x0 /opt/york/cs/net/lpc1700-cmsis-lite-2011.01.26-i686-1/lib/libDriversLPC17xxgnu.a(lpc17xx_i2c.o)
 .text.NVIC_EnableIRQ
                0x0000faa0       0x38 /opt/york/cs/net/lpc1700-cmsis-lite-2011.01.26-i686-1/lib/libDriversLPC17xxgnu.a(lpc17xx_i2c.o)
 .text.NVIC_DisableIRQ
                0x0000fad8       0x3c /opt/york/cs/net/lpc1700-cmsis-lite-2011.01.26-i686-1/lib/libDriversLPC17xxgnu.a(lpc17xx_i2c.o)
 .text.I2C_getNum
                0x0000fb14       0x54 /opt/york/cs/net/lpc1700-cmsis-lite-2011.01.26-i686-1/lib/libDriversLPC17xxgnu.a(lpc17xx_i2c.o)
 .text.I2C_Start
                0x0000fb68       0x44 /opt/york/cs/net/lpc1700-cmsis-lite-2011.01.26-i686-1/lib/libDriversLPC17xxgnu.a(lpc17xx_i2c.o)
 .text.I2C_Stop
                0x0000fbac       0x38 /opt/york/cs/net/lpc1700-cmsis-lite-2011.01.26-i686-1/lib/libDriversLPC17xxgnu.a(lpc17xx_i2c.o)
 .text.I2C_SendByte
                0x0000fbe4       0x50 /opt/york/cs/net/lpc1700-cmsis-lite-2011.01.26-i686-1/lib/libDriversLPC17xxgnu.a(lpc17xx_i2c.o)
 .text.I2C_GetByte
                0x0000fc34       0x5c /opt/york/cs/net/lpc1700-cmsis-lite-2011.01.26-i686-1/lib/libDriversLPC17xxgnu.a(lpc17xx_i2c.o)
 .text.I2C_SetClock
                0x0000fc90       0xc8 /opt/york/cs/net/lpc1700-cmsis-lite-2011.01.26-i686-1/lib/libDriversLPC17xxgnu.a(lpc17xx_i2c.o)
 .text.I2C_Init
                0x0000fd58       0xd8 /opt/york/cs/net/lpc1700-cmsis-lite-2011.01.26-i686-1/lib/libDriversLPC17xxgnu.a(lpc17xx_i2c.o)
                0x0000fd58                I2C_Init
 .text.I2C_DeInit
                0x0000fe30       0xa4 /opt/york/cs/net/lpc1700-cmsis-lite-2011.01.26-i686-1/lib/libDriversLPC17xxgnu.a(lpc17xx_i2c.o)
                0x0000fe30                I2C_DeInit
 .text.I2C_Cmd  0x0000fed4       0x84 /opt/york/cs/net/lpc1700-cmsis-lite-2011.01.26-i686-1/lib/libDriversLPC17xxgnu.a(lpc17xx_i2c.o)
                0x0000fed4                I2C_Cmd
 .text.I2C_IntCmd
                0x0000ff58       0xa8 /opt/york/cs/net/lpc1700-cmsis-lite-2011.01.26-i686-1/lib/libDriversLPC17xxgnu.a(lpc17xx_i2c.o)
                0x0000ff58                I2C_IntCmd
 .text.I2C_MasterHandler
                0x00010000      0x3d8 /opt/york/cs/net/lpc1700-cmsis-lite-2011.01.26-i686-1/lib/libDriversLPC17xxgnu.a(lpc17xx_i2c.o)
                0x00010000                I2C_MasterHandler
 .text.I2C_SlaveHandler
                0x000103d8      0x1d8 /opt/york/cs/net/lpc1700-cmsis-lite-2011.01.26-i686-1/lib/libDriversLPC17xxgnu.a(lpc17xx_i2c.o)
                0x000103d8                I2C_SlaveHandler
 .text.I2C_MasterTransferData
                0x000105b0      0x33c /opt/york/cs/net/lpc1700-cmsis-lite-2011.01.26-i686-1/lib/libDriversLPC17xxgnu.a(lpc17xx_i2c.o)
                0x000105b0                I2C_MasterTransferData
 .text.I2C_SlaveTransferData
                0x000108ec      0x268 /opt/york/cs/net/lpc1700-cmsis-lite-2011.01.26-i686-1/lib/libDriversLPC17xxgnu.a(lpc17xx_i2c.o)
                0x000108ec                I2C_SlaveTransferData
 .text.I2C_SetOwnSlaveAddr
                0x00010b54      0x118 /opt/york/cs/net/lpc1700-cmsis-lite-2011.01.26-i686-1/lib/libDriversLPC17xxgnu.a(lpc17xx_i2c.o)
                0x00010b54                I2C_SetOwnSlaveAddr
 .text.I2C_MonitorModeConfig
                0x00010c6c       0x9c /opt/york/cs/net/lpc1700-cmsis-lite-2011.01.26-i686-1/lib/libDriversLPC17xxgnu.a(lpc17xx_i2c.o)
                0x00010c6c                I2C_MonitorModeConfig
 .text.I2C_MonitorModeCmd
                0x00010d08       0xb0 /opt/york/cs/net/lpc1700-cmsis-lite-2011.01.26-i686-1/lib/libDriversLPC17xxgnu.a(lpc17xx_i2c.o)
                0x00010d08                I2C_MonitorModeCmd
 .text.I2C_MonitorGetDatabuffer
                0x00010db8       0x54 /opt/york/cs/net/lpc1700-cmsis-lite-2011.01.26-i686-1/lib/libDriversLPC17xxgnu.a(lpc17xx_i2c.o)
                0x00010db8                I2C_MonitorGetDatabuffer
 .text.I2C_MonitorHandler
                0x00010e0c       0x6c /opt/york/cs/net/lpc1700-cmsis-lite-2011.01.26-i686-1/lib/libDriversLPC17xxgnu.a(lpc17xx_i2c.o)
                0x00010e0c                I2C_MonitorHandler
 .text.I2C_MasterTransferComplete
                0x00010e78       0x40 /opt/york/cs/net/lpc1700-cmsis-lite-2011.01.26-i686-1/lib/libDriversLPC17xxgnu.a(lpc17xx_i2c.o)
                0x00010e78                I2C_MasterTransferComplete
 .text.I2C_SlaveTransferComplete
                0x00010eb8       0x40 /opt/york/cs/net/lpc1700-cmsis-lite-2011.01.26-i686-1/lib/libDriversLPC17xxgnu.a(lpc17xx_i2c.o)
                0x00010eb8                I2C_SlaveTransferComplete
 .text          0x00010ef8        0x0 /opt/york/cs/net/lpc1700-cmsis-lite-2011.01.26-i686-1/lib/libDriversLPC17xxgnu.a(lpc17xx_i2s.o)
 .text.i2s_GetWordWidth
                0x00010ef8       0x8c /opt/york/cs/net/lpc1700-cmsis-lite-2011.01.26-i686-1/lib/libDriversLPC17xxgnu.a(lpc17xx_i2s.o)
 .text.i2s_GetChannel
                0x00010f84       0x84 /opt/york/cs/net/lpc1700-cmsis-lite-2011.01.26-i686-1/lib/libDriversLPC17xxgnu.a(lpc17xx_i2s.o)
 .text.I2S_Init
                0x00011008       0x54 /opt/york/cs/net/lpc1700-cmsis-lite-2011.01.26-i686-1/lib/libDriversLPC17xxgnu.a(lpc17xx_i2s.o)
                0x00011008                I2S_Init
 .text.I2S_Config
                0x0001105c      0x168 /opt/york/cs/net/lpc1700-cmsis-lite-2011.01.26-i686-1/lib/libDriversLPC17xxgnu.a(lpc17xx_i2s.o)
                0x0001105c                I2S_Config
 .text.I2S_DeInit
                0x000111c4       0x3c /opt/york/cs/net/lpc1700-cmsis-lite-2011.01.26-i686-1/lib/libDriversLPC17xxgnu.a(lpc17xx_i2s.o)
                0x000111c4                I2S_DeInit
 .text.I2S_GetLevel
                0x00011200       0x6c /opt/york/cs/net/lpc1700-cmsis-lite-2011.01.26-i686-1/lib/libDriversLPC17xxgnu.a(lpc17xx_i2s.o)
                0x00011200                I2S_GetLevel
 .text.I2S_Start
                0x0001126c       0x50 /opt/york/cs/net/lpc1700-cmsis-lite-2011.01.26-i686-1/lib/libDriversLPC17xxgnu.a(lpc17xx_i2s.o)
                0x0001126c                I2S_Start
 .text.I2S_Send
                0x000112bc       0x38 /opt/york/cs/net/lpc1700-cmsis-lite-2011.01.26-i686-1/lib/libDriversLPC17xxgnu.a(lpc17xx_i2s.o)
                0x000112bc                I2S_Send
 .text.I2S_Receive
                0x000112f4       0x34 /opt/york/cs/net/lpc1700-cmsis-lite-2011.01.26-i686-1/lib/libDriversLPC17xxgnu.a(lpc17xx_i2s.o)
                0x000112f4                I2S_Receive
 .text.I2S_Pause
                0x00011328       0x70 /opt/york/cs/net/lpc1700-cmsis-lite-2011.01.26-i686-1/lib/libDriversLPC17xxgnu.a(lpc17xx_i2s.o)
                0x00011328                I2S_Pause
 .text.I2S_Mute
                0x00011398       0x70 /opt/york/cs/net/lpc1700-cmsis-lite-2011.01.26-i686-1/lib/libDriversLPC17xxgnu.a(lpc17xx_i2s.o)
                0x00011398                I2S_Mute
 .text.I2S_Stop
                0x00011408       0x94 /opt/york/cs/net/lpc1700-cmsis-lite-2011.01.26-i686-1/lib/libDriversLPC17xxgnu.a(lpc17xx_i2s.o)
                0x00011408                I2S_Stop
 .text.I2S_FreqConfig
                0x0001149c      0x110 /opt/york/cs/net/lpc1700-cmsis-lite-2011.01.26-i686-1/lib/libDriversLPC17xxgnu.a(lpc17xx_i2s.o)
                0x0001149c                I2S_FreqConfig
 .text.I2S_SetBitRate
                0x000115ac       0x7c /opt/york/cs/net/lpc1700-cmsis-lite-2011.01.26-i686-1/lib/libDriversLPC17xxgnu.a(lpc17xx_i2s.o)
                0x000115ac                I2S_SetBitRate
 .text.I2S_ModeConfig
                0x00011628      0x148 /opt/york/cs/net/lpc1700-cmsis-lite-2011.01.26-i686-1/lib/libDriversLPC17xxgnu.a(lpc17xx_i2s.o)
                0x00011628                I2S_ModeConfig
 .text.I2S_DMAConfig
                0x00011770       0xd4 /opt/york/cs/net/lpc1700-cmsis-lite-2011.01.26-i686-1/lib/libDriversLPC17xxgnu.a(lpc17xx_i2s.o)
                0x00011770                I2S_DMAConfig
 .text.I2S_DMACmd
                0x00011844      0x120 /opt/york/cs/net/lpc1700-cmsis-lite-2011.01.26-i686-1/lib/libDriversLPC17xxgnu.a(lpc17xx_i2s.o)
                0x00011844                I2S_DMACmd
 .text.I2S_IRQConfig
                0x00011964       0x80 /opt/york/cs/net/lpc1700-cmsis-lite-2011.01.26-i686-1/lib/libDriversLPC17xxgnu.a(lpc17xx_i2s.o)
                0x00011964                I2S_IRQConfig
 .text.I2S_IRQCmd
                0x000119e4       0x9c /opt/york/cs/net/lpc1700-cmsis-lite-2011.01.26-i686-1/lib/libDriversLPC17xxgnu.a(lpc17xx_i2s.o)
                0x000119e4                I2S_IRQCmd
 .text.I2S_GetIRQStatus
                0x00011a80       0x58 /opt/york/cs/net/lpc1700-cmsis-lite-2011.01.26-i686-1/lib/libDriversLPC17xxgnu.a(lpc17xx_i2s.o)
                0x00011a80                I2S_GetIRQStatus
 .text.I2S_GetIRQDepth
                0x00011ad8       0x50 /opt/york/cs/net/lpc1700-cmsis-lite-2011.01.26-i686-1/lib/libDriversLPC17xxgnu.a(lpc17xx_i2s.o)
                0x00011ad8                I2S_GetIRQDepth
 .text          0x00011b28        0x0 /opt/york/cs/net/lpc1700-cmsis-lite-2011.01.26-i686-1/lib/libDriversLPC17xxgnu.a(lpc17xx_libcfg_default.o)
 .text.check_failed
                0x00011b28        0xc /opt/york/cs/net/lpc1700-cmsis-lite-2011.01.26-i686-1/lib/libDriversLPC17xxgnu.a(lpc17xx_libcfg_default.o)
                0x00011b28                check_failed
 .text          0x00011b34        0x0 /opt/york/cs/net/lpc1700-cmsis-lite-2011.01.26-i686-1/lib/libDriversLPC17xxgnu.a(lpc17xx_pinsel.o)
 .text.set_PinFunc
                0x00011b34       0xa0 /opt/york/cs/net/lpc1700-cmsis-lite-2011.01.26-i686-1/lib/libDriversLPC17xxgnu.a(lpc17xx_pinsel.o)
 .text.set_ResistorMode
                0x00011bd4       0xa0 /opt/york/cs/net/lpc1700-cmsis-lite-2011.01.26-i686-1/lib/libDriversLPC17xxgnu.a(lpc17xx_pinsel.o)
 .text.set_OpenDrainMode
                0x00011c74       0x80 /opt/york/cs/net/lpc1700-cmsis-lite-2011.01.26-i686-1/lib/libDriversLPC17xxgnu.a(lpc17xx_pinsel.o)
 .text.PINSEL_ConfigTraceFunc
                0x00011cf4       0x54 /opt/york/cs/net/lpc1700-cmsis-lite-2011.01.26-i686-1/lib/libDriversLPC17xxgnu.a(lpc17xx_pinsel.o)
                0x00011cf4                PINSEL_ConfigTraceFunc
 .text.PINSEL_SetI2C0Pins
                0x00011d48       0x3c /opt/york/cs/net/lpc1700-cmsis-lite-2011.01.26-i686-1/lib/libDriversLPC17xxgnu.a(lpc17xx_pinsel.o)
                0x00011d48                PINSEL_SetI2C0Pins
 .text.PINSEL_ConfigPin
                0x00011d84       0x54 /opt/york/cs/net/lpc1700-cmsis-lite-2011.01.26-i686-1/lib/libDriversLPC17xxgnu.a(lpc17xx_pinsel.o)
                0x00011d84                PINSEL_ConfigPin
 .text          0x00011dd8        0x0 /opt/york/cs/net/lpc1700-cmsis-lite-2011.01.26-i686-1/lib/libDriversLPC17xxgnu.a(lpc17xx_uart.o)
 .text.uart_set_divisors
                0x00011dd8      0x26c /opt/york/cs/net/lpc1700-cmsis-lite-2011.01.26-i686-1/lib/libDriversLPC17xxgnu.a(lpc17xx_uart.o)
 .text.UART_Init
                0x00012044      0x368 /opt/york/cs/net/lpc1700-cmsis-lite-2011.01.26-i686-1/lib/libDriversLPC17xxgnu.a(lpc17xx_uart.o)
                0x00012044                UART_Init
 .text.UART_DeInit
                0x000123ac       0xcc /opt/york/cs/net/lpc1700-cmsis-lite-2011.01.26-i686-1/lib/libDriversLPC17xxgnu.a(lpc17xx_uart.o)
                0x000123ac                UART_DeInit
 .text.UART_ConfigStructInit
                0x00012478       0x34 /opt/york/cs/net/lpc1700-cmsis-lite-2011.01.26-i686-1/lib/libDriversLPC17xxgnu.a(lpc17xx_uart.o)
                0x00012478                UART_ConfigStructInit
 .text.UART_SendByte
                0x000124ac       0x78 /opt/york/cs/net/lpc1700-cmsis-lite-2011.01.26-i686-1/lib/libDriversLPC17xxgnu.a(lpc17xx_uart.o)
                0x000124ac                UART_SendByte
 .text.UART_ReceiveByte
                0x00012524       0x78 /opt/york/cs/net/lpc1700-cmsis-lite-2011.01.26-i686-1/lib/libDriversLPC17xxgnu.a(lpc17xx_uart.o)
                0x00012524                UART_ReceiveByte
 .text.UART_Send
                0x0001259c      0x10c /opt/york/cs/net/lpc1700-cmsis-lite-2011.01.26-i686-1/lib/libDriversLPC17xxgnu.a(lpc17xx_uart.o)
                0x0001259c                UART_Send
 .text.UART_Receive
                0x000126a8       0xd8 /opt/york/cs/net/lpc1700-cmsis-lite-2011.01.26-i686-1/lib/libDriversLPC17xxgnu.a(lpc17xx_uart.o)
                0x000126a8                UART_Receive
 .text.UART_ForceBreak
                0x00012780       0x88 /opt/york/cs/net/lpc1700-cmsis-lite-2011.01.26-i686-1/lib/libDriversLPC17xxgnu.a(lpc17xx_uart.o)
                0x00012780                UART_ForceBreak
 .text.UART_IntConfig
                0x00012808      0x1d0 /opt/york/cs/net/lpc1700-cmsis-lite-2011.01.26-i686-1/lib/libDriversLPC17xxgnu.a(lpc17xx_uart.o)
                0x00012808                UART_IntConfig
 .text.UART_GetLineStatus
                0x000129d8       0x7c /opt/york/cs/net/lpc1700-cmsis-lite-2011.01.26-i686-1/lib/libDriversLPC17xxgnu.a(lpc17xx_uart.o)
                0x000129d8                UART_GetLineStatus
 .text.UART_GetIntId
                0x00012a54       0x68 /opt/york/cs/net/lpc1700-cmsis-lite-2011.01.26-i686-1/lib/libDriversLPC17xxgnu.a(lpc17xx_uart.o)
                0x00012a54                UART_GetIntId
 .text.UART_CheckBusy
                0x00012abc       0x2c /opt/york/cs/net/lpc1700-cmsis-lite-2011.01.26-i686-1/lib/libDriversLPC17xxgnu.a(lpc17xx_uart.o)
                0x00012abc                UART_CheckBusy
 .text.UART_FIFOConfig
                0x00012ae8      0x184 /opt/york/cs/net/lpc1700-cmsis-lite-2011.01.26-i686-1/lib/libDriversLPC17xxgnu.a(lpc17xx_uart.o)
                0x00012ae8                UART_FIFOConfig
 .text.UART_FIFOConfigStructInit
                0x00012c6c       0x34 /opt/york/cs/net/lpc1700-cmsis-lite-2011.01.26-i686-1/lib/libDriversLPC17xxgnu.a(lpc17xx_uart.o)
                0x00012c6c                UART_FIFOConfigStructInit
 .text.UART_ABCmd
                0x00012ca0      0x15c /opt/york/cs/net/lpc1700-cmsis-lite-2011.01.26-i686-1/lib/libDriversLPC17xxgnu.a(lpc17xx_uart.o)
                0x00012ca0                UART_ABCmd
 .text.UART_ABClearIntPending
                0x00012dfc       0x88 /opt/york/cs/net/lpc1700-cmsis-lite-2011.01.26-i686-1/lib/libDriversLPC17xxgnu.a(lpc17xx_uart.o)
                0x00012dfc                UART_ABClearIntPending
 .text.UART_TxCmd
                0x00012e84       0xe8 /opt/york/cs/net/lpc1700-cmsis-lite-2011.01.26-i686-1/lib/libDriversLPC17xxgnu.a(lpc17xx_uart.o)
                0x00012e84                UART_TxCmd
 .text.UART_IrDAInvtInputCmd
                0x00012f6c       0x84 /opt/york/cs/net/lpc1700-cmsis-lite-2011.01.26-i686-1/lib/libDriversLPC17xxgnu.a(lpc17xx_uart.o)
                0x00012f6c                UART_IrDAInvtInputCmd
 .text.UART_IrDACmd
                0x00012ff0       0x80 /opt/york/cs/net/lpc1700-cmsis-lite-2011.01.26-i686-1/lib/libDriversLPC17xxgnu.a(lpc17xx_uart.o)
                0x00012ff0                UART_IrDACmd
 .text.UART_IrDAPulseDivConfig
                0x00013070       0xac /opt/york/cs/net/lpc1700-cmsis-lite-2011.01.26-i686-1/lib/libDriversLPC17xxgnu.a(lpc17xx_uart.o)
                0x00013070                UART_IrDAPulseDivConfig
 .text.UART_FullModemForcePinState
                0x0001311c       0xcc /opt/york/cs/net/lpc1700-cmsis-lite-2011.01.26-i686-1/lib/libDriversLPC17xxgnu.a(lpc17xx_uart.o)
                0x0001311c                UART_FullModemForcePinState
 .text.UART_FullModemConfigMode
                0x000131e8       0xd8 /opt/york/cs/net/lpc1700-cmsis-lite-2011.01.26-i686-1/lib/libDriversLPC17xxgnu.a(lpc17xx_uart.o)
                0x000131e8                UART_FullModemConfigMode
 .text.UART_FullModemGetStatus
                0x000132c0       0x38 /opt/york/cs/net/lpc1700-cmsis-lite-2011.01.26-i686-1/lib/libDriversLPC17xxgnu.a(lpc17xx_uart.o)
                0x000132c0                UART_FullModemGetStatus
 .text.UART_RS485Config
                0x000132f8      0x1bc /opt/york/cs/net/lpc1700-cmsis-lite-2011.01.26-i686-1/lib/libDriversLPC17xxgnu.a(lpc17xx_uart.o)
                0x000132f8                UART_RS485Config
 .text.UART_RS485ReceiverCmd
                0x000134b4       0x48 /opt/york/cs/net/lpc1700-cmsis-lite-2011.01.26-i686-1/lib/libDriversLPC17xxgnu.a(lpc17xx_uart.o)
                0x000134b4                UART_RS485ReceiverCmd
 .text.UART_RS485Send
                0x000134fc       0x84 /opt/york/cs/net/lpc1700-cmsis-lite-2011.01.26-i686-1/lib/libDriversLPC17xxgnu.a(lpc17xx_uart.o)
                0x000134fc                UART_RS485Send
 .text.UART_RS485SendSlvAddr
                0x00013580       0x28 /opt/york/cs/net/lpc1700-cmsis-lite-2011.01.26-i686-1/lib/libDriversLPC17xxgnu.a(lpc17xx_uart.o)
                0x00013580                UART_RS485SendSlvAddr
 .text.UART_RS485SendData
                0x000135a8       0x28 /opt/york/cs/net/lpc1700-cmsis-lite-2011.01.26-i686-1/lib/libDriversLPC17xxgnu.a(lpc17xx_uart.o)
                0x000135a8                UART_RS485SendData
 .text          0x000135d0        0x0 /opt/york/cs/net/lpc1700-cmsis-lite-2011.01.26-i686-1/lib/libDriversLPC17xxgnu.a(lpc17xx_clkpwr.o)
 .text.CLKPWR_SetPCLKDiv
                0x000135d0       0xd4 /opt/york/cs/net/lpc1700-cmsis-lite-2011.01.26-i686-1/lib/libDriversLPC17xxgnu.a(lpc17xx_clkpwr.o)
                0x000135d0                CLKPWR_SetPCLKDiv
 .text.CLKPWR_GetPCLKSEL
                0x000136a4       0x54 /opt/york/cs/net/lpc1700-cmsis-lite-2011.01.26-i686-1/lib/libDriversLPC17xxgnu.a(lpc17xx_clkpwr.o)
                0x000136a4                CLKPWR_GetPCLKSEL
 .text.CLKPWR_GetPCLK
                0x000136f8       0x70 /opt/york/cs/net/lpc1700-cmsis-lite-2011.01.26-i686-1/lib/libDriversLPC17xxgnu.a(lpc17xx_clkpwr.o)
                0x000136f8                CLKPWR_GetPCLK
 .text.CLKPWR_ConfigPPWR
                0x00013768       0x80 /opt/york/cs/net/lpc1700-cmsis-lite-2011.01.26-i686-1/lib/libDriversLPC17xxgnu.a(lpc17xx_clkpwr.o)
                0x00013768                CLKPWR_ConfigPPWR
 .text.CLKPWR_Sleep
                0x000137e8       0x1c /opt/york/cs/net/lpc1700-cmsis-lite-2011.01.26-i686-1/lib/libDriversLPC17xxgnu.a(lpc17xx_clkpwr.o)
                0x000137e8                CLKPWR_Sleep
 .text.CLKPWR_DeepSleep
                0x00013804       0x2c /opt/york/cs/net/lpc1700-cmsis-lite-2011.01.26-i686-1/lib/libDriversLPC17xxgnu.a(lpc17xx_clkpwr.o)
                0x00013804                CLKPWR_DeepSleep
 .text.CLKPWR_PowerDown
                0x00013830       0x2c /opt/york/cs/net/lpc1700-cmsis-lite-2011.01.26-i686-1/lib/libDriversLPC17xxgnu.a(lpc17xx_clkpwr.o)
                0x00013830                CLKPWR_PowerDown
 .text.CLKPWR_DeepPowerDown
                0x0001385c       0x2c /opt/york/cs/net/lpc1700-cmsis-lite-2011.01.26-i686-1/lib/libDriversLPC17xxgnu.a(lpc17xx_clkpwr.o)
                0x0001385c                CLKPWR_DeepPowerDown
 .text          0x00013888        0x0 /opt/york/cs/net/sourcery-g++-lite-arm-eabi-2010.09.51-i686-1/bin/../lib/gcc/arm-none-eabi/4.5.1/thumb2/crtend.o
 .text          0x00013888        0x0 /opt/york/cs/net/sourcery-g++-lite-arm-eabi-2010.09.51-i686-1/bin/../lib/gcc/arm-none-eabi/4.5.1/thumb2/crtn.o
 *(.plt)
 *(.gnu.warning)
 *(.glue_7t)
 .glue_7t       0x00000000        0x0 linker stubs
 *(.glue_7)
 .glue_7        0x00000000        0x0 linker stubs
 *(.vfp11_veneer)
 .vfp11_veneer  0x00000000        0x0 linker stubs
 *(.rodata .rodata.* .gnu.linkonce.r.*)
 .rodata        0x00013888      0x1b8 main.o
 .rodata        0x00013a40       0x20 source/i2s_polling.o
 .rodata.C.0.2899
                0x00013a60       0x10 source/KeyAccess.o
 .rodata        0x00013a70       0x14 source/LCD.o
 .rodata.C.12.5113
                0x00013a84        0x4 source/LCD.o
 .rodata.C.13.5114
                0x00013a88       0x14 source/LCD.o
 .rodata.C.14.5115
                0x00013a9c        0xc source/LCD.o
 .rodata.C.1.2902
                0x00013aa8       0x18 source/TLV320.o
 .rodata.C.2.2903
                0x00013ac0       0x10 source/TLV320.o
 .rodata.C.3.2904
                0x00013ad0        0x8 source/TLV320.o
 .rodata.C.4.2905
                0x00013ad8        0x8 source/TLV320.o
 .rodata.C.5.2906
                0x00013ae0        0x4 source/TLV320.o
 .rodata.DbcTbl
                0x00013ae4        0xc source/FatFS/ff.o
 .rodata        0x00013af0       0x50 source/FatFS/ff.o
 .rodata.cst32.1625
                0x00013b40       0x10 source/FatFS/ff.o
 .rodata.cst.1624
                0x00013b50       0x10 source/FatFS/ff.o
 .rodata.badchr.1608
                0x00013b60       0x14 source/FatFS/ff.o
 .rodata        0x00013b74       0x20 /opt/york/cs/net/sourcery-g++-lite-arm-eabi-2010.09.51-i686-1/arm-none-eabi/lib/thumb2/libc.a(lib_a-svfprintf.o)
 .rodata.str1.4
                0x00013b94       0x42 /opt/york/cs/net/sourcery-g++-lite-arm-eabi-2010.09.51-i686-1/arm-none-eabi/lib/thumb2/libc.a(lib_a-svfprintf.o)
                                 0x44 (size before relaxing)
 *fill*         0x00013bd6        0x2 00
 .rodata.str1.4
                0x00013bd8       0x10 /opt/york/cs/net/sourcery-g++-lite-arm-eabi-2010.09.51-i686-1/arm-none-eabi/lib/thumb2/libc.a(lib_a-dtoa.o)
                                 0x14 (size before relaxing)
 .rodata        0x00013be8        0x4 /opt/york/cs/net/sourcery-g++-lite-arm-eabi-2010.09.51-i686-1/arm-none-eabi/lib/thumb2/libc.a(lib_a-impure.o)
                0x00013be8                _global_impure_ptr
 .rodata.str1.4
                0x00013bec        0x2 /opt/york/cs/net/sourcery-g++-lite-arm-eabi-2010.09.51-i686-1/arm-none-eabi/lib/thumb2/libc.a(lib_a-impure.o)
                                  0x4 (size before relaxing)
 *fill*         0x00013bee        0x2 00
 .rodata.str1.4
                0x00013bf0        0xc /opt/york/cs/net/sourcery-g++-lite-arm-eabi-2010.09.51-i686-1/arm-none-eabi/lib/thumb2/libc.a(lib_a-locale.o)
                                 0x14 (size before relaxing)
 *fill*         0x00013bfc        0x4 00
 .rodata        0x00013c00      0x128 /opt/york/cs/net/sourcery-g++-lite-arm-eabi-2010.09.51-i686-1/arm-none-eabi/lib/thumb2/libc.a(lib_a-mprec.o)
                0x00013c10                __mprec_tens
                0x00013cd8                __mprec_bigtens
                0x00013d00                __mprec_tinytens
 .rodata        0x00013d28       0x20 /opt/york/cs/net/sourcery-g++-lite-arm-eabi-2010.09.51-i686-1/arm-none-eabi/lib/thumb2/libc.a(lib_a-svfiprintf.o)
 .rodata.str1.4
                0x00000000       0x30 /opt/york/cs/net/sourcery-g++-lite-arm-eabi-2010.09.51-i686-1/arm-none-eabi/lib/thumb2/libc.a(lib_a-svfiprintf.o)
 .rodata.GPDMA_LUTPerAddr
                0x00013d48       0x60 /opt/york/cs/net/lpc1700-cmsis-lite-2011.01.26-i686-1/lib/libDriversLPC17xxgnu.a(lpc17xx_gpdma.o)
                0x00013d48                GPDMA_LUTPerAddr
 .rodata.GPDMA_LUTPerBurst
                0x00013da8       0x18 /opt/york/cs/net/lpc1700-cmsis-lite-2011.01.26-i686-1/lib/libDriversLPC17xxgnu.a(lpc17xx_gpdma.o)
                0x00013da8                GPDMA_LUTPerBurst
 .rodata.GPDMA_LUTPerWid
                0x00013dc0       0x18 /opt/york/cs/net/lpc1700-cmsis-lite-2011.01.26-i686-1/lib/libDriversLPC17xxgnu.a(lpc17xx_gpdma.o)
                0x00013dc0                GPDMA_LUTPerWid
 .rodata        0x00013dd8       0x10 /opt/york/cs/net/lpc1700-cmsis-lite-2011.01.26-i686-1/lib/libDriversLPC17xxgnu.a(lpc17xx_gpdma.o)
 .rodata        0x00013de8       0x10 /opt/york/cs/net/lpc1700-cmsis-lite-2011.01.26-i686-1/lib/libDriversLPC17xxgnu.a(lpc17xx_i2c.o)
 .rodata        0x00013df8       0x10 /opt/york/cs/net/lpc1700-cmsis-lite-2011.01.26-i686-1/lib/libDriversLPC17xxgnu.a(lpc17xx_i2s.o)
 .rodata        0x00013e08       0x10 /opt/york/cs/net/lpc1700-cmsis-lite-2011.01.26-i686-1/lib/libDriversLPC17xxgnu.a(lpc17xx_uart.o)
 *(.ARM.extab* .gnu.linkonce.armextab.*)
 .ARM.extab.cs3.reset
                0x00013e18        0x0 /opt/york/cs/net/lpc1700-cmsis-lite-2011.01.26-i686-1/lib/startup_LPC17xx.o
 .ARM.extab     0x00013e18        0x0 /opt/york/cs/net/sourcery-g++-lite-arm-eabi-2010.09.51-i686-1/bin/../lib/gcc/arm-none-eabi/4.5.1/thumb2/libgcc.a(_divdi3.o)
 .ARM.extab     0x00013e18        0x0 /opt/york/cs/net/sourcery-g++-lite-arm-eabi-2010.09.51-i686-1/bin/../lib/gcc/arm-none-eabi/4.5.1/thumb2/libgcc.a(_udivdi3.o)
 *(.gcc_except_table)
 *(.eh_frame_hdr)
 *(.eh_frame)
                0x00013e18                . = ALIGN (0x4)
 *(.init)
 .init          0x00013e18        0x4 /opt/york/cs/net/sourcery-g++-lite-arm-eabi-2010.09.51-i686-1/bin/../lib/gcc/arm-none-eabi/4.5.1/thumb2/crti.o
                0x00013e18                _init
 .init          0x00013e1c        0x8 /opt/york/cs/net/sourcery-g++-lite-arm-eabi-2010.09.51-i686-1/bin/../lib/gcc/arm-none-eabi/4.5.1/thumb2/crtn.o
                0x00013e24                . = ALIGN (0x4)
                0x00013e24                __preinit_array_start = .
 *(.preinit_array)
                0x00013e24                __preinit_array_end = .
                0x00013e24                . = ALIGN (0x4)
                0x00013e24                __init_array_start = .
 *(SORT(.init_array.*))
 *(.init_array)
 .init_array    0x00013e24        0x4 /opt/york/cs/net/sourcery-g++-lite-arm-eabi-2010.09.51-i686-1/bin/../lib/gcc/arm-none-eabi/4.5.1/thumb2/crtbegin.o
                0x00013e28                __init_array_end = .
                0x00013e28                . = ALIGN (0x4)
 *crtbegin.o(.ctors)
 *(EXCLUDE_FILE(*crtend.o) .ctors)
 *(SORT(.ctors.*))
 *crtend.o(.ctors)
                0x00013e28                . = ALIGN (0x4)
 *(.fini)
 .fini          0x00013e28        0x4 /opt/york/cs/net/sourcery-g++-lite-arm-eabi-2010.09.51-i686-1/bin/../lib/gcc/arm-none-eabi/4.5.1/thumb2/crti.o
                0x00013e28                _fini
 .fini          0x00013e2c        0x8 /opt/york/cs/net/sourcery-g++-lite-arm-eabi-2010.09.51-i686-1/bin/../lib/gcc/arm-none-eabi/4.5.1/thumb2/crtn.o
                0x00013e34                . = ALIGN (0x4)
                0x00013e34                __fini_array_start = .
 *(.fini_array)
 .fini_array    0x00013e34        0x4 /opt/york/cs/net/sourcery-g++-lite-arm-eabi-2010.09.51-i686-1/bin/../lib/gcc/arm-none-eabi/4.5.1/thumb2/crtbegin.o
 *(SORT(.fini_array.*))
                0x00013e38                __fini_array_end = .
 *crtbegin.o(.dtors)
 *(EXCLUDE_FILE(*crtend.o) .dtors)
 *(SORT(.dtors.*))
 *crtend.o(.dtors)
                0x00013e38                . = ALIGN (0x4)
                0x00013e38                __cs3_regions = .
                0x00013e38        0x4 LONG 0x0
                0x00013e3c        0x4 LONG 0x13e58 __cs3_region_init_ram
                0x00013e40        0x4 LONG 0x10000000 __cs3_region_start_ram
                0x00013e44        0x4 LONG 0x600 __cs3_region_init_size_ram
                0x00013e48        0x4 LONG 0x750 __cs3_region_zero_size_ram
                0x00013e4c                __exidx_start = .

.v4_bx          0x00013e4c        0x0
 .v4_bx         0x00000000        0x0 linker stubs

.ARM.exidx      0x00013e4c        0x8
 *(.ARM.exidx* .gnu.linkonce.armexidx.*)
 .ARM.exidx.cs3.reset
                0x00013e4c        0x8 /opt/york/cs/net/lpc1700-cmsis-lite-2011.01.26-i686-1/lib/startup_LPC17xx.o
 .ARM.exidx     0x00013e54        0x0 /opt/york/cs/net/sourcery-g++-lite-arm-eabi-2010.09.51-i686-1/bin/../lib/gcc/arm-none-eabi/4.5.1/thumb2/libgcc.a(_divdi3.o)
                                  0x8 (size before relaxing)
 .ARM.exidx     0x00013e54        0x0 /opt/york/cs/net/sourcery-g++-lite-arm-eabi-2010.09.51-i686-1/bin/../lib/gcc/arm-none-eabi/4.5.1/thumb2/libgcc.a(_udivdi3.o)
                                  0x8 (size before relaxing)
                0x00013e54                __exidx_end = .

.text.align     0x00013e54        0x4
                0x00013e58                . = ALIGN (0x8)
 *fill*         0x00013e54        0x4 00
                0x00013e58                _etext = .
                0x00080000                __cs3_region_size_rom = 0x80000
                0x00000001                __cs3_region_num = 0x1

.data           0x10000000      0x600 load address 0x00013e58
                0x10000000                __cs3_region_start_ram = .
 *(.cs3.region-head.ram)
 *(.jcr)
 .jcr           0x10000000        0x0 /opt/york/cs/net/sourcery-g++-lite-arm-eabi-2010.09.51-i686-1/bin/../lib/gcc/arm-none-eabi/4.5.1/thumb2/crtbegin.o
 .jcr           0x10000000        0x4 /opt/york/cs/net/sourcery-g++-lite-arm-eabi-2010.09.51-i686-1/bin/../lib/gcc/arm-none-eabi/4.5.1/thumb2/crtend.o
 *(.got.plt)
 *(.got)
 *(.shdata)
 *(.data .data.* .gnu.linkonce.d.*)
 .data          0x10000004        0x0 /opt/york/cs/net/sourcery-g++-lite-arm-eabi-2010.09.51-i686-1/bin/../lib/gcc/arm-none-eabi/4.5.1/thumb2/crti.o
 .data          0x10000004        0x4 /opt/york/cs/net/sourcery-g++-lite-arm-eabi-2010.09.51-i686-1/bin/../lib/gcc/arm-none-eabi/4.5.1/thumb2/crtbegin.o
                0x10000004                __dso_handle
 .data          0x10000008        0x0 main.o
 .data.MenuText
                0x10000008       0x1c main.o
                0x10000008                MenuText
 .data.menuFuncs
                0x10000024       0x28 main.o
                0x10000024                menuFuncs
 .data          0x1000004c        0x0 source/i2s_polling.o
 .data          0x1000004c        0x0 source/KeyAccess.o
 .data          0x1000004c        0x0 source/LCD.o
 .data          0x1000004c        0x0 source/i2s.o
 .data          0x1000004c        0x0 source/TLV320.o
 .data          0x1000004c        0x0 source/Delay.o
 .data          0x1000004c        0x0 source/SerialIO.o
 .data          0x1000004c        0x0 source/I2C.o
 .data          0x1000004c        0x0 source/FatFS/ff.o
 .data          0x1000004c        0x0 source/FatFS/ffunicode.o
 .data          0x1000004c        0x0 source/FatFS/mmc_176x_ssp.o
 .data.Stat     0x1000004c        0x1 source/FatFS/mmc_176x_ssp.o
 .data          0x1000004d        0x0 source/FatFS/diskio.o
 .data          0x1000004d        0x0 /opt/york/cs/net/lpc1700-cmsis-lite-2011.01.26-i686-1/lib/core_cm3.o
 .data          0x1000004d        0x0 /opt/york/cs/net/lpc1700-cmsis-lite-2011.01.26-i686-1/lib/system_LPC17xx.o
 *fill*         0x1000004d        0x3 00
 .data.SystemCoreClock
                0x10000050        0x4 /opt/york/cs/net/lpc1700-cmsis-lite-2011.01.26-i686-1/lib/system_LPC17xx.o
                0x10000050                SystemCoreClock
 .data          0x10000054        0x0 /opt/york/cs/net/lpc1700-cmsis-lite-2011.01.26-i686-1/lib/startup_LPC17xx.o
 .data          0x10000054        0x0 /opt/york/cs/net/sourcery-g++-lite-arm-eabi-2010.09.51-i686-1/arm-none-eabi/lib/thumb2/libc.a(lib_a-malloc.o)
 .data          0x10000054      0x410 /opt/york/cs/net/sourcery-g++-lite-arm-eabi-2010.09.51-i686-1/arm-none-eabi/lib/thumb2/libc.a(lib_a-mallocr.o)
                0x10000054                __malloc_av_
                0x1000045c                __malloc_sbrk_base
                0x10000460                __malloc_trim_threshold
 .data          0x10000464        0x0 /opt/york/cs/net/sourcery-g++-lite-arm-eabi-2010.09.51-i686-1/arm-none-eabi/lib/thumb2/libc.a(lib_a-memset.o)
 .data          0x10000464        0x0 /opt/york/cs/net/sourcery-g++-lite-arm-eabi-2010.09.51-i686-1/arm-none-eabi/lib/thumb2/libc.a(lib_a-mlock.o)
 .data          0x10000464        0x0 /opt/york/cs/net/sourcery-g++-lite-arm-eabi-2010.09.51-i686-1/arm-none-eabi/lib/thumb2/libc.a(lib_a-sbrkr.o)
 .data          0x10000464        0x0 /opt/york/cs/net/sourcery-g++-lite-arm-eabi-2010.09.51-i686-1/arm-none-eabi/lib/thumb2/libc.a(lib_a-sprintf.o)
 .data          0x10000464        0x0 /opt/york/cs/net/sourcery-g++-lite-arm-eabi-2010.09.51-i686-1/arm-none-eabi/lib/thumb2/libc.a(lib_a-strlen.o)
 .data          0x10000464        0x0 /opt/york/cs/net/sourcery-g++-lite-arm-eabi-2010.09.51-i686-1/arm-none-eabi/lib/thumb2/libc.a(lib_a-svfprintf.o)
 .data          0x10000464        0x0 /opt/york/cs/net/sourcery-g++-lite-arm-eabi-2010.09.51-i686-1/arm-none-eabi/lib/thumb2/libc.a(lib_a-dtoa.o)
 .data          0x10000464        0x0 /opt/york/cs/net/sourcery-g++-lite-arm-eabi-2010.09.51-i686-1/arm-none-eabi/lib/thumb2/libc.a(lib_a-freer.o)
 .data          0x10000464       0xf4 /opt/york/cs/net/sourcery-g++-lite-arm-eabi-2010.09.51-i686-1/arm-none-eabi/lib/thumb2/libc.a(lib_a-impure.o)
                0x10000464                _impure_ptr
 .data          0x10000558       0x7c /opt/york/cs/net/sourcery-g++-lite-arm-eabi-2010.09.51-i686-1/arm-none-eabi/lib/thumb2/libc.a(lib_a-locale.o)
                0x10000578                __mb_cur_max
 .data          0x100005d4        0x0 /opt/york/cs/net/sourcery-g++-lite-arm-eabi-2010.09.51-i686-1/arm-none-eabi/lib/thumb2/libc.a(lib_a-memchr.o)
 .data          0x100005d4        0x0 /opt/york/cs/net/sourcery-g++-lite-arm-eabi-2010.09.51-i686-1/arm-none-eabi/lib/thumb2/libc.a(lib_a-memcpy.o)
 .data          0x100005d4        0x0 /opt/york/cs/net/sourcery-g++-lite-arm-eabi-2010.09.51-i686-1/arm-none-eabi/lib/thumb2/libc.a(lib_a-mprec.o)
 .data          0x100005d4        0x0 /opt/york/cs/net/sourcery-g++-lite-arm-eabi-2010.09.51-i686-1/arm-none-eabi/lib/thumb2/libc.a(lib_a-reent.o)
 .data          0x100005d4        0x0 /opt/york/cs/net/sourcery-g++-lite-arm-eabi-2010.09.51-i686-1/arm-none-eabi/lib/thumb2/libc.a(lib_a-s_fpclassify.o)
 .data          0x100005d4        0x0 /opt/york/cs/net/sourcery-g++-lite-arm-eabi-2010.09.51-i686-1/arm-none-eabi/lib/thumb2/libc.a(lib_a-strcmp.o)
 .data          0x100005d4        0x0 /opt/york/cs/net/sourcery-g++-lite-arm-eabi-2010.09.51-i686-1/arm-none-eabi/lib/thumb2/libc.a(lib_a-svfiprintf.o)
 .data          0x100005d4        0x0 /opt/york/cs/net/sourcery-g++-lite-arm-eabi-2010.09.51-i686-1/arm-none-eabi/lib/thumb2/libc.a(lib_a-callocr.o)
 .data          0x100005d4        0x0 /opt/york/cs/net/sourcery-g++-lite-arm-eabi-2010.09.51-i686-1/arm-none-eabi/lib/thumb2/libc.a(lib_a-memmove.o)
 .data          0x100005d4        0x0 /opt/york/cs/net/sourcery-g++-lite-arm-eabi-2010.09.51-i686-1/arm-none-eabi/lib/thumb2/libc.a(lib_a-reallocr.o)
 .data          0x100005d4        0x0 /opt/york/cs/net/sourcery-g++-lite-arm-eabi-2010.09.51-i686-1/bin/../lib/gcc/arm-none-eabi/4.5.1/thumb2/libgcc.a(_udivsi3.o)
 .data          0x100005d4        0x0 /opt/york/cs/net/sourcery-g++-lite-arm-eabi-2010.09.51-i686-1/bin/../lib/gcc/arm-none-eabi/4.5.1/thumb2/libgcc.a(_dvmd_tls.o)
 .data          0x100005d4        0x0 /opt/york/cs/net/sourcery-g++-lite-arm-eabi-2010.09.51-i686-1/bin/../lib/gcc/arm-none-eabi/4.5.1/thumb2/libgcc.a(_arm_addsubdf3.o)
 .data          0x100005d4        0x0 /opt/york/cs/net/sourcery-g++-lite-arm-eabi-2010.09.51-i686-1/bin/../lib/gcc/arm-none-eabi/4.5.1/thumb2/libgcc.a(_arm_muldivdf3.o)
 .data          0x100005d4        0x0 /opt/york/cs/net/sourcery-g++-lite-arm-eabi-2010.09.51-i686-1/bin/../lib/gcc/arm-none-eabi/4.5.1/thumb2/libgcc.a(_arm_cmpdf2.o)
 .data          0x100005d4        0x0 /opt/york/cs/net/sourcery-g++-lite-arm-eabi-2010.09.51-i686-1/bin/../lib/gcc/arm-none-eabi/4.5.1/thumb2/libgcc.a(_arm_fixdfsi.o)
 .data          0x100005d4        0x0 /opt/york/cs/net/sourcery-g++-lite-arm-eabi-2010.09.51-i686-1/bin/../lib/gcc/arm-none-eabi/4.5.1/thumb2/libgcc.a(_aeabi_uldivmod.o)
 .data          0x100005d4        0x0 /opt/york/cs/net/sourcery-g++-lite-arm-eabi-2010.09.51-i686-1/bin/../lib/gcc/arm-none-eabi/4.5.1/thumb2/libgcc.a(bpabi.o)
 .data          0x100005d4        0x0 /opt/york/cs/net/sourcery-g++-lite-arm-eabi-2010.09.51-i686-1/bin/../lib/gcc/arm-none-eabi/4.5.1/thumb2/libgcc.a(_divdi3.o)
 .data          0x100005d4        0x0 /opt/york/cs/net/sourcery-g++-lite-arm-eabi-2010.09.51-i686-1/bin/../lib/gcc/arm-none-eabi/4.5.1/thumb2/libgcc.a(_udivdi3.o)
 .data          0x100005d4        0x0 /opt/york/cs/net/sourcery-g++-lite-arm-eabi-2010.09.51-i686-1/arm-none-eabi/lib/thumb2/libcs3.a(start_c.o)
 .data          0x100005d4        0x4 /opt/york/cs/net/sourcery-g++-lite-arm-eabi-2010.09.51-i686-1/arm-none-eabi/lib/thumb2/libcs3unhosted.a(unhosted-sbrk.o)
 .data          0x100005d8        0x0 /opt/york/cs/net/sourcery-g++-lite-arm-eabi-2010.09.51-i686-1/arm-none-eabi/lib/thumb2/libcs3unhosted.a(unhosted-start.o)
 .data          0x100005d8        0x0 /opt/york/cs/net/sourcery-g++-lite-arm-eabi-2010.09.51-i686-1/arm-none-eabi/lib/thumb2/libc.a(lib_a-errno.o)
 .data          0x100005d8        0x0 /opt/york/cs/net/sourcery-g++-lite-arm-eabi-2010.09.51-i686-1/arm-none-eabi/lib/thumb2/libc.a(lib_a-init.o)
 .data          0x100005d8        0x4 /opt/york/cs/net/sourcery-g++-lite-arm-eabi-2010.09.51-i686-1/arm-none-eabi/lib/thumb2/libcs3.a(heap.o)
                0x100005d8                __cs3_heap_limit
 .data          0x100005dc        0x0 /opt/york/cs/net/lpc1700-cmsis-lite-2011.01.26-i686-1/lib/libDriversLPC17xxgnu.a(lpc17xx_gpdma.o)
 .data.pGPDMACh
                0x100005dc       0x20 /opt/york/cs/net/lpc1700-cmsis-lite-2011.01.26-i686-1/lib/libDriversLPC17xxgnu.a(lpc17xx_gpdma.o)
                0x100005dc                pGPDMACh
 .data          0x100005fc        0x0 /opt/york/cs/net/lpc1700-cmsis-lite-2011.01.26-i686-1/lib/libDriversLPC17xxgnu.a(lpc17xx_i2c.o)
 .data          0x100005fc        0x0 /opt/york/cs/net/lpc1700-cmsis-lite-2011.01.26-i686-1/lib/libDriversLPC17xxgnu.a(lpc17xx_i2s.o)
 .data          0x100005fc        0x0 /opt/york/cs/net/lpc1700-cmsis-lite-2011.01.26-i686-1/lib/libDriversLPC17xxgnu.a(lpc17xx_libcfg_default.o)
 .data          0x100005fc        0x0 /opt/york/cs/net/lpc1700-cmsis-lite-2011.01.26-i686-1/lib/libDriversLPC17xxgnu.a(lpc17xx_pinsel.o)
 .data          0x100005fc        0x0 /opt/york/cs/net/lpc1700-cmsis-lite-2011.01.26-i686-1/lib/libDriversLPC17xxgnu.a(lpc17xx_uart.o)
 .data          0x100005fc        0x0 /opt/york/cs/net/lpc1700-cmsis-lite-2011.01.26-i686-1/lib/libDriversLPC17xxgnu.a(lpc17xx_clkpwr.o)
 .data          0x100005fc        0x0 /opt/york/cs/net/sourcery-g++-lite-arm-eabi-2010.09.51-i686-1/bin/../lib/gcc/arm-none-eabi/4.5.1/thumb2/crtend.o
 .data          0x100005fc        0x0 /opt/york/cs/net/sourcery-g++-lite-arm-eabi-2010.09.51-i686-1/bin/../lib/gcc/arm-none-eabi/4.5.1/thumb2/crtn.o
 *(.ram)
                0x10000600                . = ALIGN (0x8)
 *fill*         0x100005fc        0x4 00
                0x10000600                _edata = .

.bss            0x10000600      0x750 load address 0x00014458
 *(.shbss)
 *(.bss .bss.* .gnu.linkonce.b.*)
 .bss           0x10000600        0x0 /opt/york/cs/net/sourcery-g++-lite-arm-eabi-2010.09.51-i686-1/bin/../lib/gcc/arm-none-eabi/4.5.1/thumb2/crti.o
 .bss           0x10000600        0x1 /opt/york/cs/net/sourcery-g++-lite-arm-eabi-2010.09.51-i686-1/bin/../lib/gcc/arm-none-eabi/4.5.1/thumb2/crtbegin.o
 .bss           0x10000601        0x0 main.o
 *fill*         0x10000601        0x3 00
 .bss.i2s_Interrupt_Mode
                0x10000604        0x4 main.o
                0x10000604                i2s_Interrupt_Mode
 .bss           0x10000608        0x0 source/i2s_polling.o
 .bss           0x10000608        0x0 source/KeyAccess.o
 .bss           0x10000608        0x0 source/LCD.o
 .bss           0x10000608        0x0 source/i2s.o
 .bss           0x10000608        0x0 source/TLV320.o
 .bss           0x10000608        0x0 source/Delay.o
 .bss           0x10000608        0x0 source/SerialIO.o
 .bss           0x10000608        0x0 source/I2C.o
 .bss           0x10000608        0x0 source/FatFS/ff.o
 .bss.FatFs     0x10000608        0x4 source/FatFS/ff.o
 .bss.Fsid      0x1000060c        0x2 source/FatFS/ff.o
 .bss.CurrVol   0x1000060e        0x1 source/FatFS/ff.o
 .bss           0x1000060f        0x0 source/FatFS/ffunicode.o
 .bss           0x1000060f        0x0 source/FatFS/mmc_176x_ssp.o
 *fill*         0x1000060f        0x1 00
 .bss.Timer1    0x10000610        0x4 source/FatFS/mmc_176x_ssp.o
 .bss.Timer2    0x10000614        0x4 source/FatFS/mmc_176x_ssp.o
 .bss.CardType  0x10000618        0x1 source/FatFS/mmc_176x_ssp.o
 .bss           0x10000619        0x0 source/FatFS/diskio.o
 .bss           0x10000619        0x0 /opt/york/cs/net/lpc1700-cmsis-lite-2011.01.26-i686-1/lib/core_cm3.o
 .bss           0x10000619        0x0 /opt/york/cs/net/lpc1700-cmsis-lite-2011.01.26-i686-1/lib/system_LPC17xx.o
 .bss           0x10000619        0x0 /opt/york/cs/net/lpc1700-cmsis-lite-2011.01.26-i686-1/lib/startup_LPC17xx.o
 .bss           0x10000619        0x0 /opt/york/cs/net/sourcery-g++-lite-arm-eabi-2010.09.51-i686-1/arm-none-eabi/lib/thumb2/libc.a(lib_a-malloc.o)
 *fill*         0x10000619        0x3 00
 .bss           0x1000061c       0x34 /opt/york/cs/net/sourcery-g++-lite-arm-eabi-2010.09.51-i686-1/arm-none-eabi/lib/thumb2/libc.a(lib_a-mallocr.o)
                0x1000061c                __malloc_top_pad
                0x10000620                __malloc_current_mallinfo
                0x10000648                __malloc_max_sbrked_mem
                0x1000064c                __malloc_max_total_mem
 .bss           0x10000650        0x0 /opt/york/cs/net/sourcery-g++-lite-arm-eabi-2010.09.51-i686-1/arm-none-eabi/lib/thumb2/libc.a(lib_a-memset.o)
 .bss           0x10000650        0x0 /opt/york/cs/net/sourcery-g++-lite-arm-eabi-2010.09.51-i686-1/arm-none-eabi/lib/thumb2/libc.a(lib_a-mlock.o)
 .bss           0x10000650        0x0 /opt/york/cs/net/sourcery-g++-lite-arm-eabi-2010.09.51-i686-1/arm-none-eabi/lib/thumb2/libc.a(lib_a-sbrkr.o)
 .bss           0x10000650        0x0 /opt/york/cs/net/sourcery-g++-lite-arm-eabi-2010.09.51-i686-1/arm-none-eabi/lib/thumb2/libc.a(lib_a-sprintf.o)
 .bss           0x10000650        0x0 /opt/york/cs/net/sourcery-g++-lite-arm-eabi-2010.09.51-i686-1/arm-none-eabi/lib/thumb2/libc.a(lib_a-strlen.o)
 .bss           0x10000650        0x0 /opt/york/cs/net/sourcery-g++-lite-arm-eabi-2010.09.51-i686-1/arm-none-eabi/lib/thumb2/libc.a(lib_a-svfprintf.o)
 .bss           0x10000650        0x0 /opt/york/cs/net/sourcery-g++-lite-arm-eabi-2010.09.51-i686-1/arm-none-eabi/lib/thumb2/libc.a(lib_a-dtoa.o)
 .bss           0x10000650        0x0 /opt/york/cs/net/sourcery-g++-lite-arm-eabi-2010.09.51-i686-1/arm-none-eabi/lib/thumb2/libc.a(lib_a-freer.o)
 .bss           0x10000650        0x0 /opt/york/cs/net/sourcery-g++-lite-arm-eabi-2010.09.51-i686-1/arm-none-eabi/lib/thumb2/libc.a(lib_a-impure.o)
 .bss           0x10000650        0xc /opt/york/cs/net/sourcery-g++-lite-arm-eabi-2010.09.51-i686-1/arm-none-eabi/lib/thumb2/libc.a(lib_a-locale.o)
                0x10000650                __nlocale_changed
                0x10000654                __mlocale_changed
                0x10000658                _PathLocale
 .bss           0x1000065c        0x0 /opt/york/cs/net/sourcery-g++-lite-arm-eabi-2010.09.51-i686-1/arm-none-eabi/lib/thumb2/libc.a(lib_a-memchr.o)
 .bss           0x1000065c        0x0 /opt/york/cs/net/sourcery-g++-lite-arm-eabi-2010.09.51-i686-1/arm-none-eabi/lib/thumb2/libc.a(lib_a-memcpy.o)
 .bss           0x1000065c        0x0 /opt/york/cs/net/sourcery-g++-lite-arm-eabi-2010.09.51-i686-1/arm-none-eabi/lib/thumb2/libc.a(lib_a-mprec.o)
 .bss           0x1000065c        0x0 /opt/york/cs/net/sourcery-g++-lite-arm-eabi-2010.09.51-i686-1/arm-none-eabi/lib/thumb2/libc.a(lib_a-reent.o)
 .bss           0x1000065c        0x0 /opt/york/cs/net/sourcery-g++-lite-arm-eabi-2010.09.51-i686-1/arm-none-eabi/lib/thumb2/libc.a(lib_a-s_fpclassify.o)
 .bss           0x1000065c        0x0 /opt/york/cs/net/sourcery-g++-lite-arm-eabi-2010.09.51-i686-1/arm-none-eabi/lib/thumb2/libc.a(lib_a-strcmp.o)
 .bss           0x1000065c        0x0 /opt/york/cs/net/sourcery-g++-lite-arm-eabi-2010.09.51-i686-1/arm-none-eabi/lib/thumb2/libc.a(lib_a-svfiprintf.o)
 .bss           0x1000065c        0x0 /opt/york/cs/net/sourcery-g++-lite-arm-eabi-2010.09.51-i686-1/arm-none-eabi/lib/thumb2/libc.a(lib_a-callocr.o)
 .bss           0x1000065c        0x0 /opt/york/cs/net/sourcery-g++-lite-arm-eabi-2010.09.51-i686-1/arm-none-eabi/lib/thumb2/libc.a(lib_a-memmove.o)
 .bss           0x1000065c        0x0 /opt/york/cs/net/sourcery-g++-lite-arm-eabi-2010.09.51-i686-1/arm-none-eabi/lib/thumb2/libc.a(lib_a-reallocr.o)
 .bss           0x1000065c        0x0 /opt/york/cs/net/sourcery-g++-lite-arm-eabi-2010.09.51-i686-1/bin/../lib/gcc/arm-none-eabi/4.5.1/thumb2/libgcc.a(_udivsi3.o)
 .bss           0x1000065c        0x0 /opt/york/cs/net/sourcery-g++-lite-arm-eabi-2010.09.51-i686-1/bin/../lib/gcc/arm-none-eabi/4.5.1/thumb2/libgcc.a(_dvmd_tls.o)
 .bss           0x1000065c        0x0 /opt/york/cs/net/sourcery-g++-lite-arm-eabi-2010.09.51-i686-1/bin/../lib/gcc/arm-none-eabi/4.5.1/thumb2/libgcc.a(_arm_addsubdf3.o)
 .bss           0x1000065c        0x0 /opt/york/cs/net/sourcery-g++-lite-arm-eabi-2010.09.51-i686-1/bin/../lib/gcc/arm-none-eabi/4.5.1/thumb2/libgcc.a(_arm_muldivdf3.o)
 .bss           0x1000065c        0x0 /opt/york/cs/net/sourcery-g++-lite-arm-eabi-2010.09.51-i686-1/bin/../lib/gcc/arm-none-eabi/4.5.1/thumb2/libgcc.a(_arm_cmpdf2.o)
 .bss           0x1000065c        0x0 /opt/york/cs/net/sourcery-g++-lite-arm-eabi-2010.09.51-i686-1/bin/../lib/gcc/arm-none-eabi/4.5.1/thumb2/libgcc.a(_arm_fixdfsi.o)
 .bss           0x1000065c        0x0 /opt/york/cs/net/sourcery-g++-lite-arm-eabi-2010.09.51-i686-1/bin/../lib/gcc/arm-none-eabi/4.5.1/thumb2/libgcc.a(_aeabi_uldivmod.o)
 .bss           0x1000065c        0x0 /opt/york/cs/net/sourcery-g++-lite-arm-eabi-2010.09.51-i686-1/bin/../lib/gcc/arm-none-eabi/4.5.1/thumb2/libgcc.a(bpabi.o)
 .bss           0x1000065c        0x0 /opt/york/cs/net/sourcery-g++-lite-arm-eabi-2010.09.51-i686-1/bin/../lib/gcc/arm-none-eabi/4.5.1/thumb2/libgcc.a(_divdi3.o)
 .bss           0x1000065c        0x0 /opt/york/cs/net/sourcery-g++-lite-arm-eabi-2010.09.51-i686-1/bin/../lib/gcc/arm-none-eabi/4.5.1/thumb2/libgcc.a(_udivdi3.o)
 .bss           0x1000065c        0x0 /opt/york/cs/net/sourcery-g++-lite-arm-eabi-2010.09.51-i686-1/arm-none-eabi/lib/thumb2/libcs3.a(start_c.o)
 .bss           0x1000065c        0x0 /opt/york/cs/net/sourcery-g++-lite-arm-eabi-2010.09.51-i686-1/arm-none-eabi/lib/thumb2/libcs3unhosted.a(unhosted-sbrk.o)
 .bss           0x1000065c        0x0 /opt/york/cs/net/sourcery-g++-lite-arm-eabi-2010.09.51-i686-1/arm-none-eabi/lib/thumb2/libcs3unhosted.a(unhosted-start.o)
 .bss           0x1000065c        0x0 /opt/york/cs/net/sourcery-g++-lite-arm-eabi-2010.09.51-i686-1/arm-none-eabi/lib/thumb2/libc.a(lib_a-errno.o)
 .bss           0x1000065c        0x0 /opt/york/cs/net/sourcery-g++-lite-arm-eabi-2010.09.51-i686-1/arm-none-eabi/lib/thumb2/libc.a(lib_a-init.o)
 .bss           0x1000065c        0x0 /opt/york/cs/net/sourcery-g++-lite-arm-eabi-2010.09.51-i686-1/arm-none-eabi/lib/thumb2/libcs3.a(heap.o)
 .bss           0x1000065c        0x0 /opt/york/cs/net/lpc1700-cmsis-lite-2011.01.26-i686-1/lib/libDriversLPC17xxgnu.a(lpc17xx_gpdma.o)
 .bss           0x1000065c        0x0 /opt/york/cs/net/lpc1700-cmsis-lite-2011.01.26-i686-1/lib/libDriversLPC17xxgnu.a(lpc17xx_i2c.o)
 .bss.i2cdat    0x1000065c       0x18 /opt/york/cs/net/lpc1700-cmsis-lite-2011.01.26-i686-1/lib/libDriversLPC17xxgnu.a(lpc17xx_i2c.o)
 .bss.I2C_MasterComplete
                0x10000674        0xc /opt/york/cs/net/lpc1700-cmsis-lite-2011.01.26-i686-1/lib/libDriversLPC17xxgnu.a(lpc17xx_i2c.o)
 .bss.I2C_SlaveComplete
                0x10000680        0xc /opt/york/cs/net/lpc1700-cmsis-lite-2011.01.26-i686-1/lib/libDriversLPC17xxgnu.a(lpc17xx_i2c.o)
 .bss.I2C_MonitorBufferIndex
                0x1000068c        0x4 /opt/york/cs/net/lpc1700-cmsis-lite-2011.01.26-i686-1/lib/libDriversLPC17xxgnu.a(lpc17xx_i2c.o)
 .bss           0x10000690        0x0 /opt/york/cs/net/lpc1700-cmsis-lite-2011.01.26-i686-1/lib/libDriversLPC17xxgnu.a(lpc17xx_i2s.o)
 .bss           0x10000690        0x0 /opt/york/cs/net/lpc1700-cmsis-lite-2011.01.26-i686-1/lib/libDriversLPC17xxgnu.a(lpc17xx_libcfg_default.o)
 .bss           0x10000690        0x0 /opt/york/cs/net/lpc1700-cmsis-lite-2011.01.26-i686-1/lib/libDriversLPC17xxgnu.a(lpc17xx_pinsel.o)
 .bss           0x10000690        0x0 /opt/york/cs/net/lpc1700-cmsis-lite-2011.01.26-i686-1/lib/libDriversLPC17xxgnu.a(lpc17xx_uart.o)
 .bss           0x10000690        0x0 /opt/york/cs/net/lpc1700-cmsis-lite-2011.01.26-i686-1/lib/libDriversLPC17xxgnu.a(lpc17xx_clkpwr.o)
 .bss           0x10000690        0x0 /opt/york/cs/net/sourcery-g++-lite-arm-eabi-2010.09.51-i686-1/bin/../lib/gcc/arm-none-eabi/4.5.1/thumb2/crtend.o
 .bss           0x10000690        0x0 /opt/york/cs/net/sourcery-g++-lite-arm-eabi-2010.09.51-i686-1/bin/../lib/gcc/arm-none-eabi/4.5.1/thumb2/crtn.o
 *(COMMON)
 COMMON         0x10000690      0x6b4 main.o
                0x10000690                Channel1_TC
                0x10000694                BufferIn
                0x10000698                WriteInd
                0x1000069c                Channel0_TC
                0x100006a0                SelMenuItem
                0x100006a4                FatFs
                0x100008d8                rbuf
                0x10000ae8                ReadInd
                0x10000aec                BufferOut
                0x10000af0                i
                0x10000af4                buttonpress
                0x10000af8                Channel0_Err
                0x10000afc                buffer
                0x10000b00                Counter
                0x10000b04                Channel1_Err
                0x10000b08                prevKey
                0x10000b0c                y
                0x10000b10                key
                0x10000b11                TxIntStat
                0x10000b14                Audio_buf
                0x10000b18                fre
                0x10000b1c                fil
 COMMON         0x10000d44        0x8 source/i2s.o
                0x10000d44                ENAOUT
                0x10000d48                ENAINP
 COMMON         0x10000d4c        0x4 /opt/york/cs/net/sourcery-g++-lite-arm-eabi-2010.09.51-i686-1/arm-none-eabi/lib/thumb2/libc.a(lib_a-reent.o)
                0x10000d4c                errno
 *(.ram.b)
                0x10000d50                . = ALIGN (0x8)
                0x10000d50                _end = .
                0x10000d50                __end = .

.usb_ram
 *.o(USB_RAM)

.heap           0x10000d50     0x1000
 *(.heap)
 .heap          0x10000d50     0x1000 /opt/york/cs/net/lpc1700-cmsis-lite-2011.01.26-i686-1/lib/startup_LPC17xx.o
                0x10000d50                __cs3_heap_start
                0x10001d50                __cs3_heap_end

.stack          0x10007f00      0x100
 *(.stack)
 .stack         0x10007f00      0x100 /opt/york/cs/net/lpc1700-cmsis-lite-2011.01.26-i686-1/lib/startup_LPC17xx.o
                0x10007f00                __cs3_stack_mem
                0x10008000                _estack = .
                0x10008000                PROVIDE (estack, .)
                0x00013e58                __cs3_region_init_ram = LOADADDR (.data)
                0x00000600                __cs3_region_init_size_ram = (_edata - __cs3_region_start_ram)
                0x00000750                __cs3_region_zero_size_ram = (_end - _edata)
                0x00008000                __cs3_region_size_ram = 0x8000
                0x00000001                __cs3_region_num = 0x1

.stab
 *(.stab)

.stabstr
 *(.stabstr)

.debug
 *(.debug)

.line
 *(.line)

.debug_srcinfo
 *(.debug_srcinfo)

.debug_sfnames
 *(.debug_sfnames)

.comment        0x00000000       0x2a
 .comment       0x00000000       0x2a main.o
                                 0x2b (size before relaxing)
 .comment       0x00000000       0x2b source/i2s_polling.o
 .comment       0x00000000       0x2b source/KeyAccess.o
 .comment       0x00000000       0x2b source/LCD.o
 .comment       0x00000000       0x2b source/i2s.o
 .comment       0x00000000       0x2b source/TLV320.o
 .comment       0x00000000       0x2b source/Delay.o
 .comment       0x00000000       0x2b source/SerialIO.o
 .comment       0x00000000       0x2b source/I2C.o
 .comment       0x00000000       0x2b source/FatFS/ff.o
 .comment       0x00000000       0x2b source/FatFS/ffunicode.o
 .comment       0x00000000       0x2b source/FatFS/mmc_176x_ssp.o
 .comment       0x00000000       0x2b source/FatFS/diskio.o
 .comment       0x00000000       0x2b /opt/york/cs/net/lpc1700-cmsis-lite-2011.01.26-i686-1/lib/core_cm3.o
 .comment       0x00000000       0x2b /opt/york/cs/net/lpc1700-cmsis-lite-2011.01.26-i686-1/lib/system_LPC17xx.o
 .comment       0x00000000       0x2b /opt/york/cs/net/lpc1700-cmsis-lite-2011.01.26-i686-1/lib/libDriversLPC17xxgnu.a(lpc17xx_gpdma.o)
 .comment       0x00000000       0x2b /opt/york/cs/net/lpc1700-cmsis-lite-2011.01.26-i686-1/lib/libDriversLPC17xxgnu.a(lpc17xx_i2c.o)
 .comment       0x00000000       0x2b /opt/york/cs/net/lpc1700-cmsis-lite-2011.01.26-i686-1/lib/libDriversLPC17xxgnu.a(lpc17xx_i2s.o)
 .comment       0x00000000       0x2b /opt/york/cs/net/lpc1700-cmsis-lite-2011.01.26-i686-1/lib/libDriversLPC17xxgnu.a(lpc17xx_libcfg_default.o)
 .comment       0x00000000       0x2b /opt/york/cs/net/lpc1700-cmsis-lite-2011.01.26-i686-1/lib/libDriversLPC17xxgnu.a(lpc17xx_pinsel.o)
 .comment       0x00000000       0x2b /opt/york/cs/net/lpc1700-cmsis-lite-2011.01.26-i686-1/lib/libDriversLPC17xxgnu.a(lpc17xx_uart.o)
 .comment       0x00000000       0x2b /opt/york/cs/net/lpc1700-cmsis-lite-2011.01.26-i686-1/lib/libDriversLPC17xxgnu.a(lpc17xx_clkpwr.o)

.debug_aranges  0x00000000      0xa20
 *(.debug_aranges)
 .debug_aranges
                0x00000000       0x88 main.o
 .debug_aranges
                0x00000088       0x50 source/i2s_polling.o
 .debug_aranges
                0x000000d8       0x30 source/KeyAccess.o
 .debug_aranges
                0x00000108       0x78 source/LCD.o
 .debug_aranges
                0x00000180       0x78 source/i2s.o
 .debug_aranges
                0x000001f8       0x60 source/TLV320.o
 .debug_aranges
                0x00000258       0x40 source/Delay.o
 .debug_aranges
                0x00000298       0x90 source/SerialIO.o
 .debug_aranges
                0x00000328       0x30 source/I2C.o
 .debug_aranges
                0x00000358      0x248 source/FatFS/ff.o
 .debug_aranges
                0x000005a0       0xa0 source/FatFS/mmc_176x_ssp.o
 .debug_aranges
                0x00000640       0x28 /opt/york/cs/net/lpc1700-cmsis-lite-2011.01.26-i686-1/lib/system_LPC17xx.o
 .debug_aranges
                0x00000668       0x28 /opt/york/cs/net/lpc1700-cmsis-lite-2011.01.26-i686-1/lib/startup_LPC17xx.o
 .debug_aranges
                0x00000690       0x40 /opt/york/cs/net/lpc1700-cmsis-lite-2011.01.26-i686-1/lib/libDriversLPC17xxgnu.a(lpc17xx_gpdma.o)
 .debug_aranges
                0x000006d0       0xd0 /opt/york/cs/net/lpc1700-cmsis-lite-2011.01.26-i686-1/lib/libDriversLPC17xxgnu.a(lpc17xx_i2c.o)
 .debug_aranges
                0x000007a0       0xc0 /opt/york/cs/net/lpc1700-cmsis-lite-2011.01.26-i686-1/lib/libDriversLPC17xxgnu.a(lpc17xx_i2s.o)
 .debug_aranges
                0x00000860       0x20 /opt/york/cs/net/lpc1700-cmsis-lite-2011.01.26-i686-1/lib/libDriversLPC17xxgnu.a(lpc17xx_libcfg_default.o)
 .debug_aranges
                0x00000880       0x48 /opt/york/cs/net/lpc1700-cmsis-lite-2011.01.26-i686-1/lib/libDriversLPC17xxgnu.a(lpc17xx_pinsel.o)
 .debug_aranges
                0x000008c8      0x100 /opt/york/cs/net/lpc1700-cmsis-lite-2011.01.26-i686-1/lib/libDriversLPC17xxgnu.a(lpc17xx_uart.o)
 .debug_aranges
                0x000009c8       0x58 /opt/york/cs/net/lpc1700-cmsis-lite-2011.01.26-i686-1/lib/libDriversLPC17xxgnu.a(lpc17xx_clkpwr.o)

.debug_pubnames
                0x00000000     0x1155
 *(.debug_pubnames)
 .debug_pubnames
                0x00000000      0x1f3 main.o
 .debug_pubnames
                0x000001f3      0x121 source/i2s_polling.o
 .debug_pubnames
                0x00000314       0x41 source/KeyAccess.o
 .debug_pubnames
                0x00000355       0xd1 source/LCD.o
 .debug_pubnames
                0x00000426      0x120 source/i2s.o
 .debug_pubnames
                0x00000546      0x103 source/TLV320.o
 .debug_pubnames
                0x00000649       0x4a source/Delay.o
 .debug_pubnames
                0x00000693      0x120 source/SerialIO.o
 .debug_pubnames
                0x000007b3       0x3a source/I2C.o
 .debug_pubnames
                0x000007ed      0x191 source/FatFS/ff.o
 .debug_pubnames
                0x0000097e       0x75 source/FatFS/mmc_176x_ssp.o
 .debug_pubnames