Archive member included because of file (symbol)

/opt/york/cs/net/sourcery-g++-lite-arm-eabi-2010.09.51-i686-1/arm-none-eabi/lib/thumb2/libc.a(lib_a-atoi.o)
                              main.o (atoi)
/opt/york/cs/net/sourcery-g++-lite-arm-eabi-2010.09.51-i686-1/arm-none-eabi/lib/thumb2/libc.a(lib_a-malloc.o)
                              source/Wave.o (malloc)
/opt/york/cs/net/sourcery-g++-lite-arm-eabi-2010.09.51-i686-1/arm-none-eabi/lib/thumb2/libc.a(lib_a-mallocr.o)
                              /opt/york/cs/net/sourcery-g++-lite-arm-eabi-2010.09.51-i686-1/arm-none-eabi/lib/thumb2/libc.a(lib_a-malloc.o) (_malloc_r)
/opt/york/cs/net/sourcery-g++-lite-arm-eabi-2010.09.51-i686-1/arm-none-eabi/lib/thumb2/libc.a(lib_a-memcpy.o)
                              main.o (memcpy)
/opt/york/cs/net/sourcery-g++-lite-arm-eabi-2010.09.51-i686-1/arm-none-eabi/lib/thumb2/libc.a(lib_a-memset.o)
                              main.o (memset)
/opt/york/cs/net/sourcery-g++-lite-arm-eabi-2010.09.51-i686-1/arm-none-eabi/lib/thumb2/libc.a(lib_a-mlock.o)
                              /opt/york/cs/net/sourcery-g++-lite-arm-eabi-2010.09.51-i686-1/arm-none-eabi/lib/thumb2/libc.a(lib_a-mallocr.o) (__malloc_lock)
/opt/york/cs/net/sourcery-g++-lite-arm-eabi-2010.09.51-i686-1/arm-none-eabi/lib/thumb2/libc.a(lib_a-sbrkr.o)
                              /opt/york/cs/net/sourcery-g++-lite-arm-eabi-2010.09.51-i686-1/arm-none-eabi/lib/thumb2/libc.a(lib_a-mallocr.o) (_sbrk_r)
/opt/york/cs/net/sourcery-g++-lite-arm-eabi-2010.09.51-i686-1/arm-none-eabi/lib/thumb2/libc.a(lib_a-sprintf.o)
                              main.o (sprintf)
/opt/york/cs/net/sourcery-g++-lite-arm-eabi-2010.09.51-i686-1/arm-none-eabi/lib/thumb2/libc.a(lib_a-strchr.o)
                              main.o (strchr)
/opt/york/cs/net/sourcery-g++-lite-arm-eabi-2010.09.51-i686-1/arm-none-eabi/lib/thumb2/libc.a(lib_a-strcpy.o)
                              source/SD.o (strcpy)
/opt/york/cs/net/sourcery-g++-lite-arm-eabi-2010.09.51-i686-1/arm-none-eabi/lib/thumb2/libc.a(lib_a-strlen.o)
                              main.o (strlen)
/opt/york/cs/net/sourcery-g++-lite-arm-eabi-2010.09.51-i686-1/arm-none-eabi/lib/thumb2/libc.a(lib_a-strncmp.o)
                              source/Wave.o (strncmp)
/opt/york/cs/net/sourcery-g++-lite-arm-eabi-2010.09.51-i686-1/arm-none-eabi/lib/thumb2/libc.a(lib_a-strncpy.o)
                              source/SerialIO.o (strncpy)
/opt/york/cs/net/sourcery-g++-lite-arm-eabi-2010.09.51-i686-1/arm-none-eabi/lib/thumb2/libc.a(lib_a-strtol.o)
                              /opt/york/cs/net/sourcery-g++-lite-arm-eabi-2010.09.51-i686-1/arm-none-eabi/lib/thumb2/libc.a(lib_a-atoi.o) (_strtol_r)
/opt/york/cs/net/sourcery-g++-lite-arm-eabi-2010.09.51-i686-1/arm-none-eabi/lib/thumb2/libc.a(lib_a-svfprintf.o)
                              /opt/york/cs/net/sourcery-g++-lite-arm-eabi-2010.09.51-i686-1/arm-none-eabi/lib/thumb2/libc.a(lib_a-sprintf.o) (_svfprintf_r)
/opt/york/cs/net/sourcery-g++-lite-arm-eabi-2010.09.51-i686-1/arm-none-eabi/lib/thumb2/libc.a(lib_a-ctype_.o)
                              /opt/york/cs/net/sourcery-g++-lite-arm-eabi-2010.09.51-i686-1/arm-none-eabi/lib/thumb2/libc.a(lib_a-strtol.o) (__ctype_ptr__)
/opt/york/cs/net/sourcery-g++-lite-arm-eabi-2010.09.51-i686-1/arm-none-eabi/lib/thumb2/libc.a(lib_a-dtoa.o)
                              /opt/york/cs/net/sourcery-g++-lite-arm-eabi-2010.09.51-i686-1/arm-none-eabi/lib/thumb2/libc.a(lib_a-svfprintf.o) (_dtoa_r)
/opt/york/cs/net/sourcery-g++-lite-arm-eabi-2010.09.51-i686-1/arm-none-eabi/lib/thumb2/libc.a(lib_a-freer.o)
                              /opt/york/cs/net/sourcery-g++-lite-arm-eabi-2010.09.51-i686-1/arm-none-eabi/lib/thumb2/libc.a(lib_a-malloc.o) (_free_r)
/opt/york/cs/net/sourcery-g++-lite-arm-eabi-2010.09.51-i686-1/arm-none-eabi/lib/thumb2/libc.a(lib_a-impure.o)
                              /opt/york/cs/net/sourcery-g++-lite-arm-eabi-2010.09.51-i686-1/arm-none-eabi/lib/thumb2/libc.a(lib_a-malloc.o) (_impure_ptr)
/opt/york/cs/net/sourcery-g++-lite-arm-eabi-2010.09.51-i686-1/arm-none-eabi/lib/thumb2/libc.a(lib_a-locale.o)
                              /opt/york/cs/net/sourcery-g++-lite-arm-eabi-2010.09.51-i686-1/arm-none-eabi/lib/thumb2/libc.a(lib_a-svfprintf.o) (_localeconv_r)
/opt/york/cs/net/sourcery-g++-lite-arm-eabi-2010.09.51-i686-1/arm-none-eabi/lib/thumb2/libc.a(lib_a-memchr.o)
                              /opt/york/cs/net/sourcery-g++-lite-arm-eabi-2010.09.51-i686-1/arm-none-eabi/lib/thumb2/libc.a(lib_a-svfprintf.o) (memchr)
/opt/york/cs/net/sourcery-g++-lite-arm-eabi-2010.09.51-i686-1/arm-none-eabi/lib/thumb2/libc.a(lib_a-mprec.o)
                              /opt/york/cs/net/sourcery-g++-lite-arm-eabi-2010.09.51-i686-1/arm-none-eabi/lib/thumb2/libc.a(lib_a-dtoa.o) (_Balloc)
/opt/york/cs/net/sourcery-g++-lite-arm-eabi-2010.09.51-i686-1/arm-none-eabi/lib/thumb2/libc.a(lib_a-reent.o)
[...]
Memory Configuration

Name             Origin             Length             Attributes
rom              0x00000000         0x00080000         xr
ram              0x10000000         0x00008000         xrw
ram1             0x2007c000         0x00004000         xrw
ram2             0x20080000         0x00004000         xrw
*default*        0x00000000         0xffffffff

Linker script and memory map

LOAD /opt/york/cs/net/sourcery-g++-lite-arm-eabi-2010.09.51-i686-1/bin/../lib/gcc/arm-none-eabi/4.5.1/thumb2/crti.o
LOAD /opt/york/cs/net/sourcery-g++-lite-arm-eabi-2010.09.51-i686-1/bin/../lib/gcc/arm-none-eabi/4.5.1/thumb2/crtbegin.o
LOAD main.o
LOAD source/KeyAccess.o
LOAD source/LCD.o
LOAD source/i2s.o
LOAD source/Wave.o
LOAD source/Delay.o
LOAD source/SerialIO.o
LOAD source/interrupt_handlers.o
LOAD source/I2C.o
LOAD source/SD.o
LOAD source/TLV320.o
LOAD source/FatFS/ff.o
LOAD source/FatFS/ffunicode.o
LOAD source/FatFS/mmc_176x_ssp.o
LOAD source/FatFS/diskio.o
LOAD /opt/york/cs/net/lpc1700-cmsis-lite-2011.01.26-i686-1/lib/core_cm3.o
LOAD /opt/york/cs/net/lpc1700-cmsis-lite-2011.01.26-i686-1/lib/system_LPC17xx.o
LOAD /opt/york/cs/net/lpc1700-cmsis-lite-2011.01.26-i686-1/lib/startup_LPC17xx.o
START GROUP
LOAD /opt/york/cs/net/sourcery-g++-lite-arm-eabi-2010.09.51-i686-1/arm-none-eabi/lib/thumb2/libc.a
LOAD /opt/york/cs/net/sourcery-g++-lite-arm-eabi-2010.09.51-i686-1/arm-none-eabi/lib/thumb2/libg.a
LOAD /opt/york/cs/net/sourcery-g++-lite-arm-eabi-2010.09.51-i686-1/arm-none-eabi/lib/thumb2/libstdc++.a
LOAD /opt/york/cs/net/sourcery-g++-lite-arm-eabi-2010.09.51-i686-1/arm-none-eabi/lib/thumb2/libsupc++.a
LOAD /opt/york/cs/net/sourcery-g++-lite-arm-eabi-2010.09.51-i686-1/bin/../lib/gcc/arm-none-eabi/4.5.1/thumb2/libgcc.a
LOAD /opt/york/cs/net/sourcery-g++-lite-arm-eabi-2010.09.51-i686-1/arm-none-eabi/lib/thumb2/libm.a
END GROUP
START GROUP
LOAD /opt/york/cs/net/sourcery-g++-lite-arm-eabi-2010.09.51-i686-1/bin/../lib/gcc/arm-none-eabi/4.5.1/thumb2/libgcc.a
LOAD /opt/york/cs/net/sourcery-g++-lite-arm-eabi-2010.09.51-i686-1/arm-none-eabi/lib/thumb2/libc.a
LOAD /opt/york/cs/net/sourcery-g++-lite-arm-eabi-2010.09.51-i686-1/arm-none-eabi/lib/thumb2/libcs3.a
LOAD /opt/york/cs/net/sourcery-g++-lite-arm-eabi-2010.09.51-i686-1/arm-none-eabi/lib/thumb2/libcs3unhosted.a
LOAD /opt/york/cs/net/sourcery-g++-lite-arm-eabi-2010.09.51-i686-1/arm-none-eabi/lib/thumb2/libcs3micro.a
END GROUP
                0x10008000                PROVIDE (__cs3_stack, (__cs3_region_start_ram + __cs3_region_size_ram))
                0x000071e8                PROVIDE (__cs3_stack_size, ((__cs3_region_start_ram + __cs3_region_size_ram) - _end))
                0x10000e18                PROVIDE (__cs3_heap_start, _end)
                0x10008000                PROVIDE (__cs3_heap_end, (__cs3_region_start_ram + __cs3_region_size_ram))

.text           0x00000000    0x17d54
 CREATE_OBJECT_SYMBOLS
                0x00000000                __cs3_region_start_rom = .
 *(.cs3.region-head.rom)
                0x00000000                __cs3_interrupt_vector = __cs3_interrupt_vector_cortex_m
 *(.cs3.interrupt_vector)
 .cs3.interrupt_vector
                0x00000000       0xcc /opt/york/cs/net/lpc1700-cmsis-lite-2011.01.26-i686-1/lib/startup_LPC17xx.o
                0x00000000                __cs3_interrupt_vector_cortex_m
                0x00000001                ASSERT ((. != __cs3_interrupt_vector_cortex_m), No interrupt vector)
 *(.rom)
 *(.rom.b)
                0x000000cc                __cs3_reset = __cs3_reset_cortex_m
 *(.cs3.reset)
 .cs3.reset     0x000000cc       0x10 /opt/york/cs/net/lpc1700-cmsis-lite-2011.01.26-i686-1/lib/startup_LPC17xx.o
                0x000000cc                __cs3_reset_cortex_m
                0x00000001                ASSERT ((. != __cs3_reset), No reset code)
 *(.text .text.* .gnu.linkonce.t.*)
 .text          0x000000dc        0x0 /opt/york/cs/net/sourcery-g++-lite-arm-eabi-2010.09.51-i686-1/bin/../lib/gcc/arm-none-eabi/4.5.1/thumb2/crti.o
 .text          0x000000dc       0x30 /opt/york/cs/net/sourcery-g++-lite-arm-eabi-2010.09.51-i686-1/bin/../lib/gcc/arm-none-eabi/4.5.1/thumb2/crtbegin.o
 .text          0x0000010c        0x0 main.o
 .text.NVIC_EnableIRQ
                0x0000010c       0x38 main.o
 .text.NVIC_DisableIRQ
                0x00000144       0x3c main.o
 .text.NVIC_SetPriority
                0x00000180       0x5c main.o
 .text.EINT3_IRQHandler
                0x000001dc       0xd0 main.o
                0x000001dc                EINT3_IRQHandler
 .text.IRQInit  0x000002ac       0xd8 main.o
                0x000002ac                IRQInit
 .text.DrawMenu
                0x00000384       0xf4 main.o
                0x00000384                DrawMenu
 .text.Menu     0x00000478      0x254 main.o
                0x00000478                Menu
 .text.I2S_PassThroughLoop
                0x000006cc       0x8c main.o
                0x000006cc                I2S_PassThroughLoop
 .text.I2S_PassThroughInterrupt
                0x00000758       0xa0 main.o
                0x00000758                I2S_PassThroughInterrupt
 .text.FileInfo
                0x000007f8      0x178 main.o
                0x000007f8                FileInfo
 .text.NewFileSelection
                0x00000970       0xc0 main.o
                0x00000970                NewFileSelection
 .text.FileSelection
                0x00000a30      0x1a0 main.o
                0x00000a30                FileSelection
 .text.PassThroughLoop
                0x00000bd0       0x3c main.o
                0x00000bd0                PassThroughLoop
 .text.Play_Audio
                0x00000c0c       0x80 main.o
                0x00000c0c                Play_Audio
 .text.Play     0x00000c8c       0xac main.o
                0x00000c8c                Play
 .text.UART_Mode
                0x00000d38       0x98 main.o
                0x00000d38                UART_Mode
 .text.FatRead  0x00000dd0      0x18c main.o
                0x00000dd0                FatRead
 .text.PC_Mode  0x00000f5c      0x398 main.o
                0x00000f5c                PC_Mode
 .text.bytesToUInt32
                0x000012f4       0x2c main.o
                0x000012f4                bytesToUInt32
 .text.main     0x00001320       0x3c main.o
                0x00001320                main
 .text.temp     0x0000135c       0x18 main.o
                0x0000135c                temp
 .text.strreplace
                0x00001374       0x50 main.o
                0x00001374                strreplace
 .text.SelectOne
                0x000013c4      0x1c0 main.o
                0x000013c4                SelectOne
 .text.A2       0x00001584       0x94 main.o
                0x00001584                A2
 .text.A1       0x00001618       0xac main.o
                0x00001618                A1
 .text.A3       0x000016c4        0xc main.o
                0x000016c4                A3
 .text.A4       0x000016d0        0xc main.o
                0x000016d0                A4
 .text.TextEntry
                0x000016dc       0x98 main.o
                0x000016dc                TextEntry
 .text          0x00001774        0x0 source/KeyAccess.o
 .text.GetKeyInput
                0x00001774       0x4c source/KeyAccess.o
                0x00001774                GetKeyInput
 .text.DecodeInput
                0x000017c0       0xc8 source/KeyAccess.o
                0x000017c0                DecodeInput
 .text.GetKeyData
                0x00001888       0xb4 source/KeyAccess.o
                0x00001888                GetKeyData
 .text          0x0000193c        0x0 source/LCD.o
 .text.NVIC_SetPriority
                0x0000193c       0x5c source/LCD.o
 .text.SysTick_Config
                0x00001998       0x64 source/LCD.o
 .text.SendData
                0x000019fc       0x3c source/LCD.o
                0x000019fc                SendData
 .text.LCDEnable
                0x00001a38       0x34 source/LCD.o
                0x00001a38                LCDEnable
 .text.LCDDisable
                0x00001a6c       0x34 source/LCD.o
                0x00001a6c                LCDDisable
 .text.LCDGoHome
                0x00001aa0       0x34 source/LCD.o
                0x00001aa0                LCDGoHome
 .text.LCDNewLine
                0x00001ad4       0x34 source/LCD.o
                0x00001ad4                LCDNewLine
 .text.LCDCursorShift
                0x00001b08       0x58 source/LCD.o
                0x00001b08                LCDCursorShift
 .text.LCDInit  0x00001b60       0x18 source/LCD.o
                0x00001b60                LCDInit
 .text.LCDClear
                0x00001b78       0x88 source/LCD.o
                0x00001b78                LCDClear
 .text.LCDPrint
                0x00001c00      0x114 source/LCD.o
                0x00001c00                LCDPrint
 .text.main_LDCPrintHelloWorld
                0x00001d14       0x68 source/LCD.o
                0x00001d14                main_LDCPrintHelloWorld
 .text          0x00001d7c        0x0 source/i2s.o
 .text.NVIC_EnableIRQ
                0x00001d7c       0x38 source/i2s.o
 .text.NVIC_DisableIRQ
                0x00001db4       0x3c source/i2s.o
 .text.NVIC_SetPriority
                0x00001df0       0x5c source/i2s.o
 .text.I2S_IRQHandler
                0x00001e4c       0x20 source/i2s.o
                0x00001e4c                I2S_IRQHandler
 .text.i2s_int_Passthrough
                0x00001e6c      0x154 source/i2s.o
                0x00001e6c                i2s_int_Passthrough
 .text.i2s_playSound
                0x00001fc0       0x8c source/i2s.o
                0x00001fc0                i2s_playSound
 .text.i2s_wav_play_16_bit
                0x0000204c      0x160 source/i2s.o
                0x0000204c                i2s_wav_play_16_bit
 .text.Init_I2S_Wav
                0x000021ac      0x1a8 source/i2s.o
                0x000021ac                Init_I2S_Wav
 .text.I2S_Polling_Init
                0x00002354      0x1f8 source/i2s.o
                0x00002354                I2S_Polling_Init
 *fill*         0x0000254c        0x4 00
 .text.I2S_Create_Sine
                0x00002550      0x160 source/i2s.o
                0x00002550                I2S_Create_Sine
 .text.I2S_BaseInit
                0x000026b0      0x108 source/i2s.o
                0x000026b0                I2S_BaseInit
 .text.I2S_Polling_Read
                0x000027b8       0x84 source/i2s.o
                0x000027b8                I2S_Polling_Read
 .text.I2S_Polling_Write
                0x0000283c       0x5c source/i2s.o
                0x0000283c                I2S_Polling_Write
 .text.ConfInit
                0x00002898       0x68 source/i2s.o
                0x00002898                ConfInit
 .text.ClockInit
                0x00002900       0x54 source/i2s.o
                0x00002900                ClockInit
 .text          0x00002954        0x0 source/Wave.o
 .text.Wav_Init
                0x00002954      0x240 source/Wave.o
                0x00002954                Wav_Init
 .text          0x00002b94        0x0 source/Delay.o
 .text.NVIC_SetPriority
                0x00002b94       0x5c source/Delay.o
 .text.SysTick_Config
                0x00002bf0       0x64 source/Delay.o
 .text.SysTick_Handler
                0x00002c54       0x24 source/Delay.o
                0x00002c54                SysTick_Handler
 .text.Delay    0x00002c78       0x34 source/Delay.o
                0x00002c78                Delay
 .text.DelayInit
                0x00002cac       0x2c source/Delay.o
                0x00002cac                DelayInit
 .text          0x00002cd8        0x0 source/SerialIO.o
 .text.NVIC_EnableIRQ
                0x00002cd8       0x38 source/SerialIO.o
 .text.NVIC_DisableIRQ
                0x00002d10       0x3c source/SerialIO.o
 .text.NVIC_SetPriority
                0x00002d4c       0x5c source/SerialIO.o
 .text.UART0_IRQHandler
                0x00002da8       0x4c source/SerialIO.o
                0x00002da8                UART0_IRQHandler
 .text.ReceiveText
                0x00002df4       0xe8 source/SerialIO.o
                0x00002df4                ReceiveText
 .text.ReadText
                0x00002edc       0xa4 source/SerialIO.o
                0x00002edc                ReadText
 .text.AddTextToBuffer
                0x00002f80       0xa4 source/SerialIO.o
                0x00002f80                AddTextToBuffer
 .text.ProcessBuffer
                0x00003024      0x168 source/SerialIO.o
                0x00003024                ProcessBuffer
 .text.TransmitText
                0x0000318c      0x10c source/SerialIO.o
                0x0000318c                TransmitText
 .text.InitSerial
                0x00003298       0x90 source/SerialIO.o
                0x00003298                InitSerial
 .text.WriteText
                0x00003328       0x30 source/SerialIO.o
                0x00003328                WriteText
 .text.write_usb_serial_blocking
                0x00003358       0x2c source/SerialIO.o
                0x00003358                write_usb_serial_blocking
 .text.InitSerInterrupts
                0x00003384      0x154 source/SerialIO.o
                0x00003384                InitSerInterrupts
 .text.EnableSerInterrupts
                0x000034d8       0x10 source/SerialIO.o
                0x000034d8                EnableSerInterrupts
 .text.DisableSerInterrupts
                0x000034e8       0x10 source/SerialIO.o
                0x000034e8                DisableSerInterrupts
 .text          0x000034f8        0x0 source/interrupt_handlers.o
 .text.NVIC_DisableIRQ
                0x000034f8       0x3c source/interrupt_handlers.o
 .text.I2S_PassThroughInt_Handler
                0x00003534       0x10 source/interrupt_handlers.o
                0x00003534                I2S_PassThroughInt_Handler
 .text          0x00003544        0x0 source/I2C.o
 .text.I2CInit  0x00003544       0x30 source/I2C.o
                0x00003544                I2CInit
 .text.SetupVals
                0x00003574       0x54 source/I2C.o
                0x00003574                SetupVals
 .text.SetupPINS
                0x000035c8       0x44 source/I2C.o
                0x000035c8                SetupPINS
 .text          0x0000360c        0x0 source/SD.o
 .text.NVIC_EnableIRQ
                0x0000360c       0x38 source/SD.o
 .text.NVIC_DisableIRQ
                0x00003644       0x3c source/SD.o
 .text.SDPrintFresult
                0x00003680       0x70 source/SD.o
                0x00003680                SDPrintFresult
 .text.indemalloc
                0x000036f0       0x6c source/SD.o
                0x000036f0                indemalloc
 .text.sd_init  0x0000375c       0x50 source/SD.o
                0x0000375c                sd_init
 .text.sd_deinit
                0x000037ac       0x1c source/SD.o
                0x000037ac                sd_deinit
 .text.SDMallocFilenames
                0x000037c8       0x4c source/SD.o
                0x000037c8                SDMallocFilenames
 .text.SDFreeFilenames
                0x00003814       0x54 source/SD.o
                0x00003814                SDFreeFilenames
 .text.SDGetAllFiles
                0x00003868      0x128 source/SD.o
                0x00003868                SDGetAllFiles
 .text.SDGetDirectories
                0x00003990       0xfc source/SD.o
                0x00003990                SDGetDirectories
 .text.SDGetFiles
                0x00003a8c      0x160 source/SD.o
                0x00003a8c                SDGetFiles
 .text.SDReadBytes
                0x00003bec       0xc0 source/SD.o
                0x00003bec                SDReadBytes
 .text.SDGetFileSize
                0x00003cac       0x80 source/SD.o
                0x00003cac                SDGetFileSize
 .text.SD_READ  0x00003d2c       0x38 source/SD.o
                0x00003d2c                SD_READ
 .text.SD_WRITE
                0x00003d64       0x38 source/SD.o
                0x00003d64                SD_WRITE
 .text          0x00003d9c        0x0 source/TLV320.o
 .text.TLV320_ChangeInputVolume
                0x00003d9c       0x38 source/TLV320.o
                0x00003d9c                TLV320_ChangeInputVolume
 .text.TLV320_ChangeOutputVolume
                0x00003dd4       0x40 source/TLV320.o
                0x00003dd4                TLV320_ChangeOutputVolume
 .text.TLV320_EnablePassThrough
                0x00003e14       0x28 source/TLV320.o
                0x00003e14                TLV320_EnablePassThrough
 .text.TLV320_DisablePassThrough
                0x00003e3c       0x30 source/TLV320.o
                0x00003e3c                TLV320_DisablePassThrough
 .text.TLV320_Setup
                0x00003e6c       0x28 source/TLV320.o
                0x00003e6c                TLV320_Setup
 .text.TLV320_EnableDAC
                0x00003e94       0x2c source/TLV320.o
                0x00003e94                TLV320_EnableDAC
 .text.TLV320_EnableOutput
                0x00003ec0       0x2c source/TLV320.o
                0x00003ec0                TLV320_EnableOutput
 .text.TLV320_Start_I2S_Polling_Passthrough
                0x00003eec       0x38 source/TLV320.o
                0x00003eec                TLV320_Start_I2S_Polling_Passthrough
 .text.TLV320_PlayWav
                0x00003f24       0x38 source/TLV320.o
                0x00003f24                TLV320_PlayWav
 .text.TLV320_SendData
                0x00003f5c       0x64 source/TLV320.o
                0x00003f5c                TLV320_SendData
 .text          0x00003fc0        0x0 source/FatFS/ff.o
 .text.ld_word  0x00003fc0       0x34 source/FatFS/ff.o
 .text.ld_dword
                0x00003ff4       0x58 source/FatFS/ff.o
 .text.st_word  0x0000404c       0x40 source/FatFS/ff.o
 .text.st_dword
                0x0000408c       0x6c source/FatFS/ff.o
 .text.mem_cpy  0x000040f8       0x4c source/FatFS/ff.o
 .text.mem_set  0x00004144       0x38 source/FatFS/ff.o
 .text.mem_cmp  0x0000417c       0x5c source/FatFS/ff.o
 .text.chk_chr  0x000041d8       0x38 source/FatFS/ff.o
 .text.dbc_1st  0x00004210       0x68 source/FatFS/ff.o
 .text.dbc_2nd  0x00004278       0x8c source/FatFS/ff.o
 .text.sync_window
                0x00004304       0x90 source/FatFS/ff.o
 .text.move_window
                0x00004394       0x68 source/FatFS/ff.o
 .text.sync_fs  0x000043fc       0xf8 source/FatFS/ff.o
 .text.clst2sect
                0x000044f4       0x44 source/FatFS/ff.o
 .text.get_fat  0x00004538      0x180 source/FatFS/ff.o
 .text.put_fat  0x000046b8      0x218 source/FatFS/ff.o
 .text.remove_chain
                0x000048d0       0xdc source/FatFS/ff.o
 .text.create_chain
                0x000049ac      0x1c4 source/FatFS/ff.o
 .text.dir_clear
                0x00004b70       0xa4 source/FatFS/ff.o
 .text.dir_sdi  0x00004c14      0x114 source/FatFS/ff.o
 .text.dir_next
                0x00004d28      0x164 source/FatFS/ff.o
 .text.dir_alloc
                0x00004e8c       0x9c source/FatFS/ff.o
 .text.ld_clust
                0x00004f28       0x48 source/FatFS/ff.o
 .text.st_clust
                0x00004f70       0x44 source/FatFS/ff.o
 .text.dir_read
                0x00004fb4       0xc4 source/FatFS/ff.o
 .text.dir_find
                0x00005078       0xbc source/FatFS/ff.o
 .text.dir_register
                0x00005134       0x74 source/FatFS/ff.o
 .text.dir_remove
                0x000051a8       0x44 source/FatFS/ff.o
 .text.get_fileinfo
                0x000051ec       0xf4 source/FatFS/ff.o
 .text.get_achar
                0x000052e0       0x7c source/FatFS/ff.o
 .text.pattern_matching
                0x0000535c      0x128 source/FatFS/ff.o
 .text.create_name
                0x00005484      0x258 source/FatFS/ff.o
 .text.follow_path
                0x000056dc      0x140 source/FatFS/ff.o
 .text.get_ldnumber
                0x0000581c       0x9c source/FatFS/ff.o
 .text.check_fs
                0x000058b8       0xcc source/FatFS/ff.o
 .text.find_volume
                0x00005984      0x540 source/FatFS/ff.o
 .text.validate
                0x00005ec4       0x74 source/FatFS/ff.o
 .text.f_mount  0x00005f38       0x98 source/FatFS/ff.o
                0x00005f38                f_mount
 .text.f_open   0x00005fd0      0x354 source/FatFS/ff.o
                0x00005fd0                f_open
 .text.f_read   0x00006324      0x2b8 source/FatFS/ff.o
                0x00006324                f_read
 .text.f_write  0x000065dc      0x324 source/FatFS/ff.o
                0x000065dc                f_write
 .text.f_sync   0x00006900      0x11c source/FatFS/ff.o
                0x00006900                f_sync
 .text.f_close  0x00006a1c       0x44 source/FatFS/ff.o
                0x00006a1c                f_close
 .text.f_chdrive
                0x00006a60       0x3c source/FatFS/ff.o
                0x00006a60                f_chdrive
 .text.f_chdir  0x00006a9c       0xa4 source/FatFS/ff.o
                0x00006a9c                f_chdir
 .text.f_getcwd
                0x00006b40      0x220 source/FatFS/ff.o
                0x00006b40                f_getcwd
 .text.f_lseek  0x00006d60      0x2a4 source/FatFS/ff.o
                0x00006d60                f_lseek
 .text.f_opendir
                0x00007004       0xc4 source/FatFS/ff.o
                0x00007004                f_opendir
 .text.f_closedir
                0x000070c8       0x34 source/FatFS/ff.o
                0x000070c8                f_closedir
 .text.f_readdir
                0x000070fc       0x88 source/FatFS/ff.o
                0x000070fc                f_readdir
 .text.f_findnext
                0x00007184       0x5c source/FatFS/ff.o
                0x00007184                f_findnext
 .text.f_findfirst
                0x000071e0       0x40 source/FatFS/ff.o
                0x000071e0                f_findfirst
 .text.f_stat   0x00007220       0x80 source/FatFS/ff.o
                0x00007220                f_stat
 .text.f_getfree
                0x000072a0      0x198 source/FatFS/ff.o
                0x000072a0                f_getfree
 .text.f_truncate
                0x00007438      0x148 source/FatFS/ff.o
                0x00007438                f_truncate
 .text.f_unlink
                0x00007580      0x18c source/FatFS/ff.o
                0x00007580                f_unlink
 .text.f_mkdir  0x0000770c      0x1f8 source/FatFS/ff.o
                0x0000770c                f_mkdir
 .text.f_rename
                0x00007904      0x228 source/FatFS/ff.o
                0x00007904                f_rename
 .text.f_chmod  0x00007b2c       0xd0 source/FatFS/ff.o
                0x00007b2c                f_chmod
 .text.f_utime  0x00007bfc       0xb4 source/FatFS/ff.o
                0x00007bfc                f_utime
 .text.f_getlabel
                0x00007cb0      0x164 source/FatFS/ff.o
                0x00007cb0                f_getlabel
 .text.f_setlabel
                0x00007e14      0x270 source/FatFS/ff.o
                0x00007e14                f_setlabel
 .text.f_mkfs   0x00008084      0x9d8 source/FatFS/ff.o
                0x00008084                f_mkfs
 .text.f_gets   0x00008a5c       0x8c source/FatFS/ff.o
                0x00008a5c                f_gets
 .text.putc_bfd
                0x00008ae8       0x80 source/FatFS/ff.o
 .text.putc_flush
                0x00008b68       0x50 source/FatFS/ff.o
 .text.putc_init
                0x00008bb8       0x28 source/FatFS/ff.o
 .text.f_putc   0x00008be0       0x3c source/FatFS/ff.o
                0x00008be0                f_putc
 .text.f_puts   0x00008c1c       0x50 source/FatFS/ff.o
                0x00008c1c                f_puts
 .text.f_printf
                0x00008c6c      0x524 source/FatFS/ff.o
                0x00008c6c                f_printf
 .text          0x00009190        0x0 source/FatFS/ffunicode.o
 .text          0x00009190        0x0 source/FatFS/mmc_176x_ssp.o
 .text.xchg_spi
                0x00009190       0x44 source/FatFS/mmc_176x_ssp.o
 .text.rcvr_spi_multi
                0x000091d4      0x134 source/FatFS/mmc_176x_ssp.o
 .text.xmit_spi_multi
                0x00009308      0x134 source/FatFS/mmc_176x_ssp.o
 .text.wait_ready
                0x0000943c       0x48 source/FatFS/mmc_176x_ssp.o
 .text.deselect
                0x00009484       0x1c source/FatFS/mmc_176x_ssp.o
 .text.select   0x000094a0       0x3c source/FatFS/mmc_176x_ssp.o
 .text.power_on
                0x000094dc      0x104 source/FatFS/mmc_176x_ssp.o
 .text.power_off
                0x000095e0       0x10 source/FatFS/mmc_176x_ssp.o
 .text.rcvr_datablock
                0x000095f0       0x6c source/FatFS/mmc_176x_ssp.o
 .text.xmit_datablock
                0x0000965c       0x74 source/FatFS/mmc_176x_ssp.o
 .text.send_cmd
                0x000096d0       0xfc source/FatFS/mmc_176x_ssp.o
 .text.disk_initialize
                0x000097cc      0x25c source/FatFS/mmc_176x_ssp.o
                0x000097cc                disk_initialize
 .text.disk_status
                0x00009a28       0x30 source/FatFS/mmc_176x_ssp.o
                0x00009a28                disk_status
 .text.disk_read
                0x00009a58       0xd0 source/FatFS/mmc_176x_ssp.o
                0x00009a58                disk_read
 .text.disk_write
                0x00009b28      0x128 source/FatFS/mmc_176x_ssp.o
                0x00009b28                disk_write
 .text.disk_ioctl
                0x00009c50      0x578 source/FatFS/mmc_176x_ssp.o
                0x00009c50                disk_ioctl
 .text.disk_timerproc
                0x0000a1c8       0xa4 source/FatFS/mmc_176x_ssp.o
                0x0000a1c8                disk_timerproc
 .text          0x0000a26c        0x0 source/FatFS/diskio.o
 .text          0x0000a26c        0x0 /opt/york/cs/net/lpc1700-cmsis-lite-2011.01.26-i686-1/lib/core_cm3.o
 .text          0x0000a26c        0x0 /opt/york/cs/net/lpc1700-cmsis-lite-2011.01.26-i686-1/lib/system_LPC17xx.o
 .text.SystemCoreClockUpdate
                0x0000a26c      0x228 /opt/york/cs/net/lpc1700-cmsis-lite-2011.01.26-i686-1/lib/system_LPC17xx.o
                0x0000a26c                SystemCoreClockUpdate
 .text.SystemInit
                0x0000a494      0x240 /opt/york/cs/net/lpc1700-cmsis-lite-2011.01.26-i686-1/lib/system_LPC17xx.o
                0x0000a494                SystemInit
 .text          0x0000a6d4       0x14 /opt/york/cs/net/lpc1700-cmsis-lite-2011.01.26-i686-1/lib/startup_LPC17xx.o
                0x0000a6d4                NMI_Handler
                0x0000a6d6                HardFault_Handler
                0x0000a6d8                MemManage_Handler
                0x0000a6da                BusFault_Handler
                0x0000a6dc                UsageFault_Handler
                0x0000a6de                SVC_Handler
                0x0000a6e0                DebugMon_Handler
                0x0000a6e2                PendSV_Handler
                0x0000a6e6                TIMER2_IRQHandler
                0x0000a6e6                RIT_IRQHandler
                0x0000a6e6                I2C0_IRQHandler
                0x0000a6e6                USBActivity_IRQHandler
                0x0000a6e6                PWM1_IRQHandler
                0x0000a6e6                I2C1_IRQHandler
                0x0000a6e6                EINT2_IRQHandler
                0x0000a6e6                UART1_IRQHandler
                0x0000a6e6                CANActivity_IRQHandler
                0x0000a6e6                TIMER3_IRQHandler
                0x0000a6e6                PLL0_IRQHandler
                0x0000a6e6                CAN_IRQHandler
                0x0000a6e6                PLL1_IRQHandler
                0x0000a6e6                SSP0_IRQHandler
                0x0000a6e6                I2C2_IRQHandler
                0x0000a6e6                RTC_IRQHandler
                0x0000a6e6                TIMER0_IRQHandler
                0x0000a6e6                SPI_IRQHandler
                0x0000a6e6                EINT1_IRQHandler
                0x0000a6e6                TIMER1_IRQHandler
                0x0000a6e6                UART2_IRQHandler
                0x0000a6e6                Default_Handler
                0x0000a6e6                ADC_IRQHandler
                0x0000a6e6                SSP1_IRQHandler
                0x0000a6e6                USB_IRQHandler
                0x0000a6e6                BOD_IRQHandler
                0x0000a6e6                WDT_IRQHandler
                0x0000a6e6                QEI_IRQHandler
                0x0000a6e6                EINT0_IRQHandler
                0x0000a6e6                DMA_IRQHandler
                0x0000a6e6                UART3_IRQHandler
                0x0000a6e6                MCPWM_IRQHandler
                0x0000a6e6                ENET_IRQHandler
 .text          0x0000a6e8       0x10 /opt/york/cs/net/sourcery-g++-lite-arm-eabi-2010.09.51-i686-1/arm-none-eabi/lib/thumb2/libc.a(lib_a-atoi.o)
                0x0000a6e8                atoi
                0x0000a6f0                _atoi_r
 .text          0x0000a6f8       0x20 /opt/york/cs/net/sourcery-g++-lite-arm-eabi-2010.09.51-i686-1/arm-none-eabi/lib/thumb2/libc.a(lib_a-malloc.o)
                0x0000a6f8                malloc
                0x0000a708                free
 .text          0x0000a718      0x57c /opt/york/cs/net/sourcery-g++-lite-arm-eabi-2010.09.51-i686-1/arm-none-eabi/lib/thumb2/libc.a(lib_a-mallocr.o)
                0x0000a718                _malloc_r
 .text          0x0000ac94      0x150 /opt/york/cs/net/sourcery-g++-lite-arm-eabi-2010.09.51-i686-1/arm-none-eabi/lib/thumb2/libc.a(lib_a-memcpy.o)
                0x0000ac94                memcpy
 .text          0x0000ade4       0xb4 /opt/york/cs/net/sourcery-g++-lite-arm-eabi-2010.09.51-i686-1/arm-none-eabi/lib/thumb2/libc.a(lib_a-memset.o)
                0x0000ade4                memset
 .text          0x0000ae98        0x8 /opt/york/cs/net/sourcery-g++-lite-arm-eabi-2010.09.51-i686-1/arm-none-eabi/lib/thumb2/libc.a(lib_a-mlock.o)
                0x0000ae98                __malloc_lock
                0x0000ae9c                __malloc_unlock
 .text          0x0000aea0       0x28 /opt/york/cs/net/sourcery-g++-lite-arm-eabi-2010.09.51-i686-1/arm-none-eabi/lib/thumb2/libc.a(lib_a-sbrkr.o)
                0x0000aea0                _sbrk_r
 .text          0x0000aec8       0x94 /opt/york/cs/net/sourcery-g++-lite-arm-eabi-2010.09.51-i686-1/arm-none-eabi/lib/thumb2/libc.a(lib_a-sprintf.o)
                0x0000aec8                _sprintf_r
                0x0000af0c                sprintf
 .text          0x0000af5c      0x10c /opt/york/cs/net/sourcery-g++-lite-arm-eabi-2010.09.51-i686-1/arm-none-eabi/lib/thumb2/libc.a(lib_a-strchr.o)
                0x0000af5c                strchr
 .text          0x0000b068       0xbc /opt/york/cs/net/sourcery-g++-lite-arm-eabi-2010.09.51-i686-1/arm-none-eabi/lib/thumb2/libc.a(lib_a-strcpy.o)
                0x0000b068                strcpy
 .text          0x0000b124       0x60 /opt/york/cs/net/sourcery-g++-lite-arm-eabi-2010.09.51-i686-1/arm-none-eabi/lib/thumb2/libc.a(lib_a-strlen.o)
                0x0000b124                strlen
 .text          0x0000b184       0xa0 /opt/york/cs/net/sourcery-g++-lite-arm-eabi-2010.09.51-i686-1/arm-none-eabi/lib/thumb2/libc.a(lib_a-strncmp.o)
                0x0000b184                strncmp
 .text          0x0000b224       0x7c /opt/york/cs/net/sourcery-g++-lite-arm-eabi-2010.09.51-i686-1/arm-none-eabi/lib/thumb2/libc.a(lib_a-strncpy.o)
                0x0000b224                strncpy
 .text          0x0000b2a0      0x17c /opt/york/cs/net/sourcery-g++-lite-arm-eabi-2010.09.51-i686-1/arm-none-eabi/lib/thumb2/libc.a(lib_a-strtol.o)
                0x0000b2a0                _strtol_r
                0x0000b404                strtol
 .text          0x0000b41c     0x1658 /opt/york/cs/net/sourcery-g++-lite-arm-eabi-2010.09.51-i686-1/arm-none-eabi/lib/thumb2/libc.a(lib_a-svfprintf.o)
                0x0000b41c                _svfprintf_r
 .text          0x0000ca74        0x0 /opt/york/cs/net/sourcery-g++-lite-arm-eabi-2010.09.51-i686-1/arm-none-eabi/lib/thumb2/libc.a(lib_a-ctype_.o)
 *fill*         0x0000ca74        0x4 00
 .text          0x0000ca78     0x1000 /opt/york/cs/net/sourcery-g++-lite-arm-eabi-2010.09.51-i686-1/arm-none-eabi/lib/thumb2/libc.a(lib_a-dtoa.o)
                0x0000cba4                _dtoa_r
 .text          0x0000da78      0x240 /opt/york/cs/net/sourcery-g++-lite-arm-eabi-2010.09.51-i686-1/arm-none-eabi/lib/thumb2/libc.a(lib_a-freer.o)
                0x0000da78                _malloc_trim_r
                0x0000db20                _free_r
 .text          0x0000dcb8        0x0 /opt/york/cs/net/sourcery-g++-lite-arm-eabi-2010.09.51-i686-1/arm-none-eabi/lib/thumb2/libc.a(lib_a-impure.o)
 .text          0x0000dcb8       0xa0 /opt/york/cs/net/sourcery-g++-lite-arm-eabi-2010.09.51-i686-1/arm-none-eabi/lib/thumb2/libc.a(lib_a-locale.o)
                0x0000dcb8                _setlocale_r
                0x0000dd14                __locale_charset
                0x0000dd20                __locale_mb_cur_max
                0x0000dd2c                __locale_msgcharset
                0x0000dd34                __locale_cjk_lang
                0x0000dd38                _localeconv_r
                0x0000dd40                setlocale
                0x0000dd50                localeconv
 .text          0x0000dd58       0x88 /opt/york/cs/net/sourcery-g++-lite-arm-eabi-2010.09.51-i686-1/arm-none-eabi/lib/thumb2/libc.a(lib_a-memchr.o)
                0x0000dd58                memchr
 .text          0x0000dde0      0x920 /opt/york/cs/net/sourcery-g++-lite-arm-eabi-2010.09.51-i686-1/arm-none-eabi/lib/thumb2/libc.a(lib_a-mprec.o)
                0x0000dde0                _Balloc
                0x0000de48                _Bfree
                0x0000de80                __multadd
                0x0000df04                __s2b
                0x0000df98                __hi0bits
                0x0000dfd8                __lo0bits
                0x0000e03c                __i2b
                0x0000e050                __multiply
                0x0000e178                __pow5mult
                0x0000e21c                __lshift
                0x0000e2c8                __mcmp
                0x0000e304                __mdiff
                0x0000e3fc                __ulp
                0x0000e444                __b2d
                0x0000e4f0                __d2b
                0x0000e5b8                __ratio
                0x0000e628                _mprec_log10
                0x0000e65c                __copybits
                0x0000e6a4                __any_on
 .text          0x0000e700      0x114 /opt/york/cs/net/sourcery-g++-lite-arm-eabi-2010.09.51-i686-1/arm-none-eabi/lib/thumb2/libc.a(lib_a-reent.o)
                0x0000e700                cleanup_glue
                0x0000e71c                _reclaim_reent
                0x0000e7dc                _wrapup_reent
 .text          0x0000e814       0x90 /opt/york/cs/net/sourcery-g++-lite-arm-eabi-2010.09.51-i686-1/arm-none-eabi/lib/thumb2/libc.a(lib_a-s_fpclassify.o)
                0x0000e814                __fpclassifyd
 .text          0x0000e8a4      0x1dc /opt/york/cs/net/sourcery-g++-lite-arm-eabi-2010.09.51-i686-1/arm-none-eabi/lib/thumb2/libc.a(lib_a-strcmp.o)
                0x0000e8a4                strcmp
 .text          0x0000ea80      0xbe4 /opt/york/cs/net/sourcery-g++-lite-arm-eabi-2010.09.51-i686-1/arm-none-eabi/lib/thumb2/libc.a(lib_a-svfiprintf.o)
                0x0000ea80                __ssprint_r
                0x0000eb88                _svfiprintf_r
 .text          0x0000f664       0x5c /opt/york/cs/net/sourcery-g++-lite-arm-eabi-2010.09.51-i686-1/arm-none-eabi/lib/thumb2/libc.a(lib_a-callocr.o)
                0x0000f664                _calloc_r
 .text          0x0000f6c0       0xa0 /opt/york/cs/net/sourcery-g++-lite-arm-eabi-2010.09.51-i686-1/arm-none-eabi/lib/thumb2/libc.a(lib_a-memmove.o)
                0x0000f6c0                memmove
 .text          0x0000f760      0x41c /opt/york/cs/net/sourcery-g++-lite-arm-eabi-2010.09.51-i686-1/arm-none-eabi/lib/thumb2/libc.a(lib_a-reallocr.o)
                0x0000f760                _realloc_r
 *fill*         0x0000fb7c        0x4 00
 .text          0x0000fb80      0x278 /opt/york/cs/net/sourcery-g++-lite-arm-eabi-2010.09.51-i686-1/bin/../lib/gcc/arm-none-eabi/4.5.1/thumb2/libgcc.a(_udivsi3.o)
                0x0000fb80                __udivsi3
                0x0000fb80                __aeabi_uidiv
                0x0000fddc                __aeabi_uidivmod
 .text          0x0000fdf8        0x4 /opt/york/cs/net/sourcery-g++-lite-arm-eabi-2010.09.51-i686-1/bin/../lib/gcc/arm-none-eabi/4.5.1/thumb2/libgcc.a(_dvmd_tls.o)
                0x0000fdf8                __aeabi_ldiv0
                0x0000fdf8                __aeabi_idiv0
 .text          0x0000fdfc      0x370 /opt/york/cs/net/sourcery-g++-lite-arm-eabi-2010.09.51-i686-1/bin/../lib/gcc/arm-none-eabi/4.5.1/thumb2/libgcc.a(_arm_addsubdf3.o)
                0x0000fdfc                __aeabi_drsub
                0x0000fe04                __aeabi_dsub
                0x0000fe04                __subdf3
                0x0000fe08                __adddf3
                0x0000fe08                __aeabi_dadd
                0x00010080                __aeabi_ui2d
                0x00010080                __floatunsidf
                0x000100a0                __floatsidf
                0x000100a0                __aeabi_i2d
                0x000100c4                __extendsfdf2
                0x000100c4                __aeabi_f2d
                0x00010100                __aeabi_ul2d
                0x00010100                __floatundidf
                0x00010110                __floatdidf
                0x00010110                __aeabi_l2d
 .text          0x0001016c      0x424 /opt/york/cs/net/sourcery-g++-lite-arm-eabi-2010.09.51-i686-1/bin/../lib/gcc/arm-none-eabi/4.5.1/thumb2/libgcc.a(_arm_muldivdf3.o)
                0x0001016c                __aeabi_dmul
                0x0001016c                __muldf3
                0x000103c0                __aeabi_ddiv
                0x000103c0                __divdf3
 .text          0x00010590      0x110 /opt/york/cs/net/sourcery-g++-lite-arm-eabi-2010.09.51-i686-1/bin/../lib/gcc/arm-none-eabi/4.5.1/thumb2/libgcc.a(_arm_cmpdf2.o)
                0x00010590                __gtdf2
                0x00010590                __gedf2
                0x00010598                __ltdf2
                0x00010598                __ledf2
                0x000105a0                __cmpdf2
                0x000105a0                __eqdf2
                0x000105a0                __nedf2
                0x0001061c                __aeabi_cdrcmple
                0x0001062c                __aeabi_cdcmple
                0x0001062c                __aeabi_cdcmpeq
                0x0001063c                __aeabi_dcmpeq
                0x00010650                __aeabi_dcmplt
                0x00010664                __aeabi_dcmple
                0x00010678                __aeabi_dcmpge
                0x0001068c                __aeabi_dcmpgt
 .text          0x000106a0       0x50 /opt/york/cs/net/sourcery-g++-lite-arm-eabi-2010.09.51-i686-1/bin/../lib/gcc/arm-none-eabi/4.5.1/thumb2/libgcc.a(_arm_fixdfsi.o)
                0x000106a0                __fixdfsi
                0x000106a0                __aeabi_d2iz
 .text          0x000106f0      0x21c /opt/york/cs/net/sourcery-g++-lite-arm-eabi-2010.09.51-i686-1/bin/../lib/gcc/arm-none-eabi/4.5.1/thumb2/libgcc.a(_arm_addsubsf3.o)
                0x000106f0                __aeabi_frsub
                0x000106f8                __subsf3
                0x000106f8                __aeabi_fsub
                0x000106fc                __aeabi_fadd
                0x000106fc                __addsf3
                0x0001085c                __aeabi_ui2f
                0x0001085c                __floatunsisf
                0x00010864                __aeabi_i2f
                0x00010864                __floatsisf
                0x00010880                __floatundisf
                0x00010880                __aeabi_ul2f
                0x00010890                __floatdisf
                0x00010890                __aeabi_l2f
 .text          0x0001090c      0x2a0 /opt/york/cs/net/sourcery-g++-lite-arm-eabi-2010.09.51-i686-1/bin/../lib/gcc/arm-none-eabi/4.5.1/thumb2/libgcc.a(_arm_muldivsf3.o)
                0x0001090c                __mulsf3
                0x0001090c                __aeabi_fmul
                0x00010a74                __divsf3
                0x00010a74                __aeabi_fdiv
 .text          0x00010bac       0x2c /opt/york/cs/net/sourcery-g++-lite-arm-eabi-2010.09.51-i686-1/bin/../lib/gcc/arm-none-eabi/4.5.1/thumb2/libgcc.a(_aeabi_uldivmod.o)
                0x00010bac                __aeabi_uldivmod
 .text          0x00010bd8       0x60 /opt/york/cs/net/sourcery-g++-lite-arm-eabi-2010.09.51-i686-1/bin/../lib/gcc/arm-none-eabi/4.5.1/thumb2/libgcc.a(bpabi.o)
                0x00010bd8                __gnu_ldivmod_helper
                0x00010c08                __gnu_uldivmod_helper
 .text          0x00010c38      0x364 /opt/york/cs/net/sourcery-g++-lite-arm-eabi-2010.09.51-i686-1/bin/../lib/gcc/arm-none-eabi/4.5.1/thumb2/libgcc.a(_divdi3.o)
                0x00010c38                __divdi3
 .text          0x00010f9c      0x314 /opt/york/cs/net/sourcery-g++-lite-arm-eabi-2010.09.51-i686-1/bin/../lib/gcc/arm-none-eabi/4.5.1/thumb2/libgcc.a(_udivdi3.o)
                0x00010f9c                __udivdi3
 .text          0x000112b0       0x98 /opt/york/cs/net/sourcery-g++-lite-arm-eabi-2010.09.51-i686-1/arm-none-eabi/lib/thumb2/libm.a(lib_a-s_sin.o)
                0x000112b0                sin
 .text          0x00011348      0x448 /opt/york/cs/net/sourcery-g++-lite-arm-eabi-2010.09.51-i686-1/arm-none-eabi/lib/thumb2/libm.a(lib_a-e_rem_pio2.o)
                0x00011348                __ieee754_rem_pio2
 .text          0x00011790      0x250 /opt/york/cs/net/sourcery-g++-lite-arm-eabi-2010.09.51-i686-1/arm-none-eabi/lib/thumb2/libm.a(lib_a-k_cos.o)
                0x00011790                __kernel_cos
 .text          0x000119e0      0x7a8 /opt/york/cs/net/sourcery-g++-lite-arm-eabi-2010.09.51-i686-1/arm-none-eabi/lib/thumb2/libm.a(lib_a-k_rem_pio2.o)
                0x000119e0                __kernel_rem_pio2
 .text          0x00012188      0x168 /opt/york/cs/net/sourcery-g++-lite-arm-eabi-2010.09.51-i686-1/arm-none-eabi/lib/thumb2/libm.a(lib_a-k_sin.o)
                0x00012188                __kernel_sin
 .text          0x000122f0        0x8 /opt/york/cs/net/sourcery-g++-lite-arm-eabi-2010.09.51-i686-1/arm-none-eabi/lib/thumb2/libm.a(lib_a-s_fabs.o)
                0x000122f0                fabs
 .text          0x000122f8      0x128 /opt/york/cs/net/sourcery-g++-lite-arm-eabi-2010.09.51-i686-1/arm-none-eabi/lib/thumb2/libm.a(lib_a-s_floor.o)
                0x000122f8                floor
 .text          0x00012420      0x108 /opt/york/cs/net/sourcery-g++-lite-arm-eabi-2010.09.51-i686-1/arm-none-eabi/lib/thumb2/libm.a(lib_a-s_scalbn.o)
                0x00012420                scalbn
 .text          0x00012528       0x14 /opt/york/cs/net/sourcery-g++-lite-arm-eabi-2010.09.51-i686-1/arm-none-eabi/lib/thumb2/libm.a(lib_a-s_copysign.o)
                0x00012528                copysign
 *fill*         0x0001253c        0x4 00
 .text          0x00012540      0x2b0 /opt/york/cs/net/sourcery-g++-lite-arm-eabi-2010.09.51-i686-1/bin/../lib/gcc/arm-none-eabi/4.5.1/thumb2/libgcc.a(_divsi3.o)
                0x00012540                __aeabi_idiv
                0x00012540                __divsi3
                0x000127d4                __aeabi_idivmod
 .text          0x000127f0       0x30 /opt/york/cs/net/sourcery-g++-lite-arm-eabi-2010.09.51-i686-1/arm-none-eabi/lib/thumb2/libcs3.a(start_c.o)
                0x000127f0                __cs3_premain
 .text.cs3.init
                0x00012820       0x50 /opt/york/cs/net/sourcery-g++-lite-arm-eabi-2010.09.51-i686-1/arm-none-eabi/lib/thumb2/libcs3.a(start_c.o)
                0x00012820                __cs3_start_c
 .text          0x00012870       0x40 /opt/york/cs/net/sourcery-g++-lite-arm-eabi-2010.09.51-i686-1/arm-none-eabi/lib/thumb2/libcs3unhosted.a(unhosted-sbrk.o)
                0x00012870                _sbrk
 .text          0x000128b0        0x0 /opt/york/cs/net/sourcery-g++-lite-arm-eabi-2010.09.51-i686-1/arm-none-eabi/lib/thumb2/libcs3unhosted.a(unhosted-start.o)
 .text.cs3.init
                0x000128b0       0x10 /opt/york/cs/net/sourcery-g++-lite-arm-eabi-2010.09.51-i686-1/arm-none-eabi/lib/thumb2/libcs3unhosted.a(unhosted-start.o)
                0x000128b0                _start
 .text          0x000128c0        0xc /opt/york/cs/net/sourcery-g++-lite-arm-eabi-2010.09.51-i686-1/arm-none-eabi/lib/thumb2/libc.a(lib_a-errno.o)
                0x000128c0                __errno
 .text          0x000128cc       0x50 /opt/york/cs/net/sourcery-g++-lite-arm-eabi-2010.09.51-i686-1/arm-none-eabi/lib/thumb2/libc.a(lib_a-init.o)
                0x000128cc                __libc_init_array
 .text          0x0001291c        0x0 /opt/york/cs/net/sourcery-g++-lite-arm-eabi-2010.09.51-i686-1/arm-none-eabi/lib/thumb2/libcs3.a(heap.o)
 .text          0x0001291c        0x0 /opt/york/cs/net/lpc1700-cmsis-lite-2011.01.26-i686-1/lib/libDriversLPC17xxgnu.a(lpc17xx_i2c.o)
 .text.NVIC_EnableIRQ
                0x0001291c       0x38 /opt/york/cs/net/lpc1700-cmsis-lite-2011.01.26-i686-1/lib/libDriversLPC17xxgnu.a(lpc17xx_i2c.o)
 .text.NVIC_DisableIRQ
                0x00012954       0x3c /opt/york/cs/net/lpc1700-cmsis-lite-2011.01.26-i686-1/lib/libDriversLPC17xxgnu.a(lpc17xx_i2c.o)
 .text.I2C_getNum
                0x00012990       0x54 /opt/york/cs/net/lpc1700-cmsis-lite-2011.01.26-i686-1/lib/libDriversLPC17xxgnu.a(lpc17xx_i2c.o)
 .text.I2C_Start
                0x000129e4       0x44 /opt/york/cs/net/lpc1700-cmsis-lite-2011.01.26-i686-1/lib/libDriversLPC17xxgnu.a(lpc17xx_i2c.o)
 .text.I2C_Stop
                0x00012a28       0x38 /opt/york/cs/net/lpc1700-cmsis-lite-2011.01.26-i686-1/lib/libDriversLPC17xxgnu.a(lpc17xx_i2c.o)
 .text.I2C_SendByte
                0x00012a60       0x50 /opt/york/cs/net/lpc1700-cmsis-lite-2011.01.26-i686-1/lib/libDriversLPC17xxgnu.a(lpc17xx_i2c.o)
 .text.I2C_GetByte
                0x00012ab0       0x5c /opt/york/cs/net/lpc1700-cmsis-lite-2011.01.26-i686-1/lib/libDriversLPC17xxgnu.a(lpc17xx_i2c.o)
 .text.I2C_SetClock
                0x00012b0c       0xc8 /opt/york/cs/net/lpc1700-cmsis-lite-2011.01.26-i686-1/lib/libDriversLPC17xxgnu.a(lpc17xx_i2c.o)
 .text.I2C_Init
                0x00012bd4       0xd8 /opt/york/cs/net/lpc1700-cmsis-lite-2011.01.26-i686-1/lib/libDriversLPC17xxgnu.a(lpc17xx_i2c.o)
                0x00012bd4                I2C_Init
 .text.I2C_DeInit
                0x00012cac       0xa4 /opt/york/cs/net/lpc1700-cmsis-lite-2011.01.26-i686-1/lib/libDriversLPC17xxgnu.a(lpc17xx_i2c.o)
                0x00012cac                I2C_DeInit
 .text.I2C_Cmd  0x00012d50       0x84 /opt/york/cs/net/lpc1700-cmsis-lite-2011.01.26-i686-1/lib/libDriversLPC17xxgnu.a(lpc17xx_i2c.o)
                0x00012d50                I2C_Cmd
 .text.I2C_IntCmd
                0x00012dd4       0xa8 /opt/york/cs/net/lpc1700-cmsis-lite-2011.01.26-i686-1/lib/libDriversLPC17xxgnu.a(lpc17xx_i2c.o)
                0x00012dd4                I2C_IntCmd
 .text.I2C_MasterHandler
                0x00012e7c      0x3d8 /opt/york/cs/net/lpc1700-cmsis-lite-2011.01.26-i686-1/lib/libDriversLPC17xxgnu.a(lpc17xx_i2c.o)
                0x00012e7c                I2C_MasterHandler
 .text.I2C_SlaveHandler
                0x00013254      0x1d8 /opt/york/cs/net/lpc1700-cmsis-lite-2011.01.26-i686-1/lib/libDriversLPC17xxgnu.a(lpc17xx_i2c.o)
                0x00013254                I2C_SlaveHandler
 .text.I2C_MasterTransferData
                0x0001342c      0x33c /opt/york/cs/net/lpc1700-cmsis-lite-2011.01.26-i686-1/lib/libDriversLPC17xxgnu.a(lpc17xx_i2c.o)
                0x0001342c                I2C_MasterTransferData
 .text.I2C_SlaveTransferData
                0x00013768      0x268 /opt/york/cs/net/lpc1700-cmsis-lite-2011.01.26-i686-1/lib/libDriversLPC17xxgnu.a(lpc17xx_i2c.o)
                0x00013768                I2C_SlaveTransferData
 .text.I2C_SetOwnSlaveAddr
                0x000139d0      0x118 /opt/york/cs/net/lpc1700-cmsis-lite-2011.01.26-i686-1/lib/libDriversLPC17xxgnu.a(lpc17xx_i2c.o)
                0x000139d0                I2C_SetOwnSlaveAddr
 .text.I2C_MonitorModeConfig
                0x00013ae8       0x9c /opt/york/cs/net/lpc1700-cmsis-lite-2011.01.26-i686-1/lib/libDriversLPC17xxgnu.a(lpc17xx_i2c.o)
                0x00013ae8                I2C_MonitorModeConfig
 .text.I2C_MonitorModeCmd
                0x00013b84       0xb0 /opt/york/cs/net/lpc1700-cmsis-lite-2011.01.26-i686-1/lib/libDriversLPC17xxgnu.a(lpc17xx_i2c.o)
                0x00013b84                I2C_MonitorModeCmd
 .text.I2C_MonitorGetDatabuffer
                0x00013c34       0x54 /opt/york/cs/net/lpc1700-cmsis-lite-2011.01.26-i686-1/lib/libDriversLPC17xxgnu.a(lpc17xx_i2c.o)
                0x00013c34                I2C_MonitorGetDatabuffer
 .text.I2C_MonitorHandler
                0x00013c88       0x6c /opt/york/cs/net/lpc1700-cmsis-lite-2011.01.26-i686-1/lib/libDriversLPC17xxgnu.a(lpc17xx_i2c.o)
                0x00013c88                I2C_MonitorHandler
 .text.I2C_MasterTransferComplete
                0x00013cf4       0x40 /opt/york/cs/net/lpc1700-cmsis-lite-2011.01.26-i686-1/lib/libDriversLPC17xxgnu.a(lpc17xx_i2c.o)
                0x00013cf4                I2C_MasterTransferComplete
 .text.I2C_SlaveTransferComplete
                0x00013d34       0x40 /opt/york/cs/net/lpc1700-cmsis-lite-2011.01.26-i686-1/lib/libDriversLPC17xxgnu.a(lpc17xx_i2c.o)
                0x00013d34                I2C_SlaveTransferComplete
 .text          0x00013d74        0x0 /opt/york/cs/net/lpc1700-cmsis-lite-2011.01.26-i686-1/lib/libDriversLPC17xxgnu.a(lpc17xx_i2s.o)
 .text.i2s_GetWordWidth
                0x00013d74       0x8c /opt/york/cs/net/lpc1700-cmsis-lite-2011.01.26-i686-1/lib/libDriversLPC17xxgnu.a(lpc17xx_i2s.o)
 .text.i2s_GetChannel
                0x00013e00       0x84 /opt/york/cs/net/lpc1700-cmsis-lite-2011.01.26-i686-1/lib/libDriversLPC17xxgnu.a(lpc17xx_i2s.o)
 .text.I2S_Init
                0x00013e84       0x54 /opt/york/cs/net/lpc1700-cmsis-lite-2011.01.26-i686-1/lib/libDriversLPC17xxgnu.a(lpc17xx_i2s.o)
                0x00013e84                I2S_Init
 .text.I2S_Config
                0x00013ed8      0x168 /opt/york/cs/net/lpc1700-cmsis-lite-2011.01.26-i686-1/lib/libDriversLPC17xxgnu.a(lpc17xx_i2s.o)
                0x00013ed8                I2S_Config
 .text.I2S_DeInit
                0x00014040       0x3c /opt/york/cs/net/lpc1700-cmsis-lite-2011.01.26-i686-1/lib/libDriversLPC17xxgnu.a(lpc17xx_i2s.o)
                0x00014040                I2S_DeInit
 .text.I2S_GetLevel
                0x0001407c       0x6c /opt/york/cs/net/lpc1700-cmsis-lite-2011.01.26-i686-1/lib/libDriversLPC17xxgnu.a(lpc17xx_i2s.o)
                0x0001407c                I2S_GetLevel
 .text.I2S_Start
                0x000140e8       0x50 /opt/york/cs/net/lpc1700-cmsis-lite-2011.01.26-i686-1/lib/libDriversLPC17xxgnu.a(lpc17xx_i2s.o)
                0x000140e8                I2S_Start
 .text.I2S_Send
                0x00014138       0x38 /opt/york/cs/net/lpc1700-cmsis-lite-2011.01.26-i686-1/lib/libDriversLPC17xxgnu.a(lpc17xx_i2s.o)
                0x00014138                I2S_Send
 .text.I2S_Receive
                0x00014170       0x34 /opt/york/cs/net/lpc1700-cmsis-lite-2011.01.26-i686-1/lib/libDriversLPC17xxgnu.a(lpc17xx_i2s.o)
                0x00014170                I2S_Receive
 .text.I2S_Pause
                0x000141a4       0x70 /opt/york/cs/net/lpc1700-cmsis-lite-2011.01.26-i686-1/lib/libDriversLPC17xxgnu.a(lpc17xx_i2s.o)
                0x000141a4                I2S_Pause
 .text.I2S_Mute
                0x00014214       0x70 /opt/york/cs/net/lpc1700-cmsis-lite-2011.01.26-i686-1/lib/libDriversLPC17xxgnu.a(lpc17xx_i2s.o)
                0x00014214                I2S_Mute
 .text.I2S_Stop
                0x00014284       0x94 /opt/york/cs/net/lpc1700-cmsis-lite-2011.01.26-i686-1/lib/libDriversLPC17xxgnu.a(lpc17xx_i2s.o)
                0x00014284                I2S_Stop
 .text.I2S_FreqConfig
                0x00014318      0x110 /opt/york/cs/net/lpc1700-cmsis-lite-2011.01.26-i686-1/lib/libDriversLPC17xxgnu.a(lpc17xx_i2s.o)
                0x00014318                I2S_FreqConfig
 .text.I2S_SetBitRate
                0x00014428       0x7c /opt/york/cs/net/lpc1700-cmsis-lite-2011.01.26-i686-1/lib/libDriversLPC17xxgnu.a(lpc17xx_i2s.o)
                0x00014428                I2S_SetBitRate
 .text.I2S_ModeConfig
                0x000144a4      0x148 /opt/york/cs/net/lpc1700-cmsis-lite-2011.01.26-i686-1/lib/libDriversLPC17xxgnu.a(lpc17xx_i2s.o)
                0x000144a4                I2S_ModeConfig
 .text.I2S_DMAConfig
                0x000145ec       0xd4 /opt/york/cs/net/lpc1700-cmsis-lite-2011.01.26-i686-1/lib/libDriversLPC17xxgnu.a(lpc17xx_i2s.o)
                0x000145ec                I2S_DMAConfig
 .text.I2S_DMACmd
                0x000146c0      0x120 /opt/york/cs/net/lpc1700-cmsis-lite-2011.01.26-i686-1/lib/libDriversLPC17xxgnu.a(lpc17xx_i2s.o)
                0x000146c0                I2S_DMACmd
 .text.I2S_IRQConfig
                0x000147e0       0x80 /opt/york/cs/net/lpc1700-cmsis-lite-2011.01.26-i686-1/lib/libDriversLPC17xxgnu.a(lpc17xx_i2s.o)
                0x000147e0                I2S_IRQConfig
 .text.I2S_IRQCmd
                0x00014860       0x9c /opt/york/cs/net/lpc1700-cmsis-lite-2011.01.26-i686-1/lib/libDriversLPC17xxgnu.a(lpc17xx_i2s.o)
                0x00014860                I2S_IRQCmd
 .text.I2S_GetIRQStatus
                0x000148fc       0x58 /opt/york/cs/net/lpc1700-cmsis-lite-2011.01.26-i686-1/lib/libDriversLPC17xxgnu.a(lpc17xx_i2s.o)
                0x000148fc                I2S_GetIRQStatus
 .text.I2S_GetIRQDepth
                0x00014954       0x50 /opt/york/cs/net/lpc1700-cmsis-lite-2011.01.26-i686-1/lib/libDriversLPC17xxgnu.a(lpc17xx_i2s.o)
                0x00014954                I2S_GetIRQDepth
 .text          0x000149a4        0x0 /opt/york/cs/net/lpc1700-cmsis-lite-2011.01.26-i686-1/lib/libDriversLPC17xxgnu.a(lpc17xx_libcfg_default.o)
 .text.check_failed
                0x000149a4        0xc /opt/york/cs/net/lpc1700-cmsis-lite-2011.01.26-i686-1/lib/libDriversLPC17xxgnu.a(lpc17xx_libcfg_default.o)
                0x000149a4                check_failed
 .text          0x000149b0        0x0 /opt/york/cs/net/lpc1700-cmsis-lite-2011.01.26-i686-1/lib/libDriversLPC17xxgnu.a(lpc17xx_pinsel.o)
 .text.set_PinFunc
                0x000149b0       0xa0 /opt/york/cs/net/lpc1700-cmsis-lite-2011.01.26-i686-1/lib/libDriversLPC17xxgnu.a(lpc17xx_pinsel.o)
 .text.set_ResistorMode
                0x00014a50       0xa0 /opt/york/cs/net/lpc1700-cmsis-lite-2011.01.26-i686-1/lib/libDriversLPC17xxgnu.a(lpc17xx_pinsel.o)
 .text.set_OpenDrainMode
                0x00014af0       0x80 /opt/york/cs/net/lpc1700-cmsis-lite-2011.01.26-i686-1/lib/libDriversLPC17xxgnu.a(lpc17xx_pinsel.o)
 .text.PINSEL_ConfigTraceFunc
                0x00014b70       0x54 /opt/york/cs/net/lpc1700-cmsis-lite-2011.01.26-i686-1/lib/libDriversLPC17xxgnu.a(lpc17xx_pinsel.o)
                0x00014b70                PINSEL_ConfigTraceFunc
 .text.PINSEL_SetI2C0Pins
                0x00014bc4       0x3c /opt/york/cs/net/lpc1700-cmsis-lite-2011.01.26-i686-1/lib/libDriversLPC17xxgnu.a(lpc17xx_pinsel.o)
                0x00014bc4                PINSEL_SetI2C0Pins
 .text.PINSEL_ConfigPin
                0x00014c00       0x54 /opt/york/cs/net/lpc1700-cmsis-lite-2011.01.26-i686-1/lib/libDriversLPC17xxgnu.a(lpc17xx_pinsel.o)
                0x00014c00                PINSEL_ConfigPin
 .text          0x00014c54        0x0 /opt/york/cs/net/lpc1700-cmsis-lite-2011.01.26-i686-1/lib/libDriversLPC17xxgnu.a(lpc17xx_ssp.o)
 .text.setSSPclock
                0x00014c54       0xf8 /opt/york/cs/net/lpc1700-cmsis-lite-2011.01.26-i686-1/lib/libDriversLPC17xxgnu.a(lpc17xx_ssp.o)
 .text.SSP_Init
                0x00014d4c       0xbc /opt/york/cs/net/lpc1700-cmsis-lite-2011.01.26-i686-1/lib/libDriversLPC17xxgnu.a(lpc17xx_ssp.o)
                0x00014d4c                SSP_Init
 .text.SSP_DeInit
                0x00014e08       0x74 /opt/york/cs/net/lpc1700-cmsis-lite-2011.01.26-i686-1/lib/libDriversLPC17xxgnu.a(lpc17xx_ssp.o)
                0x00014e08                SSP_DeInit
 .text.SSP_GetDataSize
                0x00014e7c       0x4c /opt/york/cs/net/lpc1700-cmsis-lite-2011.01.26-i686-1/lib/libDriversLPC17xxgnu.a(lpc17xx_ssp.o)
                0x00014e7c                SSP_GetDataSize
 .text.SSP_ConfigStructInit
                0x00014ec8       0x48 /opt/york/cs/net/lpc1700-cmsis-lite-2011.01.26-i686-1/lib/libDriversLPC17xxgnu.a(lpc17xx_ssp.o)
                0x00014ec8                SSP_ConfigStructInit
 .text.SSP_Cmd  0x00014f10       0x7c /opt/york/cs/net/lpc1700-cmsis-lite-2011.01.26-i686-1/lib/libDriversLPC17xxgnu.a(lpc17xx_ssp.o)
                0x00014f10                SSP_Cmd
 .text.SSP_LoopBackCmd
                0x00014f8c       0x7c /opt/york/cs/net/lpc1700-cmsis-lite-2011.01.26-i686-1/lib/libDriversLPC17xxgnu.a(lpc17xx_ssp.o)
                0x00014f8c                SSP_LoopBackCmd
 .text.SSP_SlaveOutputCmd
                0x00015008       0x7c /opt/york/cs/net/lpc1700-cmsis-lite-2011.01.26-i686-1/lib/libDriversLPC17xxgnu.a(lpc17xx_ssp.o)
                0x00015008                SSP_SlaveOutputCmd
 .text.SSP_SendData
                0x00015084       0x48 /opt/york/cs/net/lpc1700-cmsis-lite-2011.01.26-i686-1/lib/libDriversLPC17xxgnu.a(lpc17xx_ssp.o)
                0x00015084                SSP_SendData
 .text.SSP_ReceiveData
                0x000150cc       0x44 /opt/york/cs/net/lpc1700-cmsis-lite-2011.01.26-i686-1/lib/libDriversLPC17xxgnu.a(lpc17xx_ssp.o)
                0x000150cc                SSP_ReceiveData
 .text.SSP_ReadWrite
                0x00015110      0x390 /opt/york/cs/net/lpc1700-cmsis-lite-2011.01.26-i686-1/lib/libDriversLPC17xxgnu.a(lpc17xx_ssp.o)
                0x00015110                SSP_ReadWrite
 .text.SSP_GetStatus
                0x000154a0       0x84 /opt/york/cs/net/lpc1700-cmsis-lite-2011.01.26-i686-1/lib/libDriversLPC17xxgnu.a(lpc17xx_ssp.o)
                0x000154a0                SSP_GetStatus
 .text.SSP_IntConfig
                0x00015524       0x70 /opt/york/cs/net/lpc1700-cmsis-lite-2011.01.26-i686-1/lib/libDriversLPC17xxgnu.a(lpc17xx_ssp.o)
                0x00015524                SSP_IntConfig
 .text.SSP_GetRawIntStatus
                0x00015594       0x80 /opt/york/cs/net/lpc1700-cmsis-lite-2011.01.26-i686-1/lib/libDriversLPC17xxgnu.a(lpc17xx_ssp.o)
                0x00015594                SSP_GetRawIntStatus
 .text.SSP_GetRawIntStatusReg
                0x00015614       0x44 /opt/york/cs/net/lpc1700-cmsis-lite-2011.01.26-i686-1/lib/libDriversLPC17xxgnu.a(lpc17xx_ssp.o)
                0x00015614                SSP_GetRawIntStatusReg
 .text.SSP_GetIntStatus
                0x00015658       0x80 /opt/york/cs/net/lpc1700-cmsis-lite-2011.01.26-i686-1/lib/libDriversLPC17xxgnu.a(lpc17xx_ssp.o)
                0x00015658                SSP_GetIntStatus
 .text.SSP_ClearIntPending
                0x000156d8       0x60 /opt/york/cs/net/lpc1700-cmsis-lite-2011.01.26-i686-1/lib/libDriversLPC17xxgnu.a(lpc17xx_ssp.o)
                0x000156d8                SSP_ClearIntPending
 .text.SSP_DMACmd
                0x00015738       0xa8 /opt/york/cs/net/lpc1700-cmsis-lite-2011.01.26-i686-1/lib/libDriversLPC17xxgnu.a(lpc17xx_ssp.o)
                0x00015738                SSP_DMACmd
 .text          0x000157e0        0x0 /opt/york/cs/net/lpc1700-cmsis-lite-2011.01.26-i686-1/lib/libDriversLPC17xxgnu.a(lpc17xx_uart.o)
 .text.uart_set_divisors
                0x000157e0      0x26c /opt/york/cs/net/lpc1700-cmsis-lite-2011.01.26-i686-1/lib/libDriversLPC17xxgnu.a(lpc17xx_uart.o)
 .text.UART_Init
                0x00015a4c      0x368 /opt/york/cs/net/lpc1700-cmsis-lite-2011.01.26-i686-1/lib/libDriversLPC17xxgnu.a(lpc17xx_uart.o)
                0x00015a4c                UART_Init
 .text.UART_DeInit
                0x00015db4       0xcc /opt/york/cs/net/lpc1700-cmsis-lite-2011.01.26-i686-1/lib/libDriversLPC17xxgnu.a(lpc17xx_uart.o)
                0x00015db4                UART_DeInit
 .text.UART_ConfigStructInit
                0x00015e80       0x34 /opt/york/cs/net/lpc1700-cmsis-lite-2011.01.26-i686-1/lib/libDriversLPC17xxgnu.a(lpc17xx_uart.o)
                0x00015e80                UART_ConfigStructInit
 .text.UART_SendByte
                0x00015eb4       0x78 /opt/york/cs/net/lpc1700-cmsis-lite-2011.01.26-i686-1/lib/libDriversLPC17xxgnu.a(lpc17xx_uart.o)
                0x00015eb4                UART_SendByte
 .text.UART_ReceiveByte
                0x00015f2c       0x78 /opt/york/cs/net/lpc1700-cmsis-lite-2011.01.26-i686-1/lib/libDriversLPC17xxgnu.a(lpc17xx_uart.o)
                0x00015f2c                UART_ReceiveByte
 .text.UART_Send
                0x00015fa4      0x10c /opt/york/cs/net/lpc1700-cmsis-lite-2011.01.26-i686-1/lib/libDriversLPC17xxgnu.a(lpc17xx_uart.o)
                0x00015fa4                UART_Send
 .text.UART_Receive
                0x000160b0       0xd8 /opt/york/cs/net/lpc1700-cmsis-lite-2011.01.26-i686-1/lib/libDriversLPC17xxgnu.a(lpc17xx_uart.o)
                0x000160b0                UART_Receive
 .text.UART_ForceBreak
                0x00016188       0x88 /opt/york/cs/net/lpc1700-cmsis-lite-2011.01.26-i686-1/lib/libDriversLPC17xxgnu.a(lpc17xx_uart.o)
                0x00016188                UART_ForceBreak
 .text.UART_IntConfig
                0x00016210      0x1d0 /opt/york/cs/net/lpc1700-cmsis-lite-2011.01.26-i686-1/lib/libDriversLPC17xxgnu.a(lpc17xx_uart.o)
                0x00016210                UART_IntConfig
 .text.UART_GetLineStatus
                0x000163e0       0x7c /opt/york/cs/net/lpc1700-cmsis-lite-2011.01.26-i686-1/lib/libDriversLPC17xxgnu.a(lpc17xx_uart.o)
                0x000163e0                UART_GetLineStatus
 .text.UART_GetIntId
                0x0001645c       0x68 /opt/york/cs/net/lpc1700-cmsis-lite-2011.01.26-i686-1/lib/libDriversLPC17xxgnu.a(lpc17xx_uart.o)
                0x0001645c                UART_GetIntId
 .text.UART_CheckBusy
                0x000164c4       0x2c /opt/york/cs/net/lpc1700-cmsis-lite-2011.01.26-i686-1/lib/libDriversLPC17xxgnu.a(lpc17xx_uart.o)
                0x000164c4                UART_CheckBusy
 .text.UART_FIFOConfig
                0x000164f0      0x184 /opt/york/cs/net/lpc1700-cmsis-lite-2011.01.26-i686-1/lib/libDriversLPC17xxgnu.a(lpc17xx_uart.o)
                0x000164f0                UART_FIFOConfig
 .text.UART_FIFOConfigStructInit
                0x00016674       0x34 /opt/york/cs/net/lpc1700-cmsis-lite-2011.01.26-i686-1/lib/libDriversLPC17xxgnu.a(lpc17xx_uart.o)
                0x00016674                UART_FIFOConfigStructInit
 .text.UART_ABCmd
                0x000166a8      0x15c /opt/york/cs/net/lpc1700-cmsis-lite-2011.01.26-i686-1/lib/libDriversLPC17xxgnu.a(lpc17xx_uart.o)
                0x000166a8                UART_ABCmd
 .text.UART_ABClearIntPending
                0x00016804       0x88 /opt/york/cs/net/lpc1700-cmsis-lite-2011.01.26-i686-1/lib/libDriversLPC17xxgnu.a(lpc17xx_uart.o)
                0x00016804                UART_ABClearIntPending
 .text.UART_TxCmd
                0x0001688c       0xe8 /opt/york/cs/net/lpc1700-cmsis-lite-2011.01.26-i686-1/lib/libDriversLPC17xxgnu.a(lpc17xx_uart.o)
                0x0001688c                UART_TxCmd
 .text.UART_IrDAInvtInputCmd
                0x00016974       0x84 /opt/york/cs/net/lpc1700-cmsis-lite-2011.01.26-i686-1/lib/libDriversLPC17xxgnu.a(lpc17xx_uart.o)
                0x00016974                UART_IrDAInvtInputCmd
 .text.UART_IrDACmd
                0x000169f8       0x80 /opt/york/cs/net/lpc1700-cmsis-lite-2011.01.26-i686-1/lib/libDriversLPC17xxgnu.a(lpc17xx_uart.o)
                0x000169f8                UART_IrDACmd
 .text.UART_IrDAPulseDivConfig
                0x00016a78       0xac /opt/york/cs/net/lpc1700-cmsis-lite-2011.01.26-i686-1/lib/libDriversLPC17xxgnu.a(lpc17xx_uart.o)
                0x00016a78                UART_IrDAPulseDivConfig
 .text.UART_FullModemForcePinState
                0x00016b24       0xcc /opt/york/cs/net/lpc1700-cmsis-lite-2011.01.26-i686-1/lib/libDriversLPC17xxgnu.a(lpc17xx_uart.o)
                0x00016b24                UART_FullModemForcePinState
 .text.UART_FullModemConfigMode
                0x00016bf0       0xd8 /opt/york/cs/net/lpc1700-cmsis-lite-2011.01.26-i686-1/lib/libDriversLPC17xxgnu.a(lpc17xx_uart.o)
                0x00016bf0                UART_FullModemConfigMode
 .text.UART_FullModemGetStatus
                0x00016cc8       0x38 /opt/york/cs/net/lpc1700-cmsis-lite-2011.01.26-i686-1/lib/libDriversLPC17xxgnu.a(lpc17xx_uart.o)
                0x00016cc8                UART_FullModemGetStatus
 .text.UART_RS485Config
                0x00016d00      0x1bc /opt/york/cs/net/lpc1700-cmsis-lite-2011.01.26-i686-1/lib/libDriversLPC17xxgnu.a(lpc17xx_uart.o)
                0x00016d00                UART_RS485Config
 .text.UART_RS485ReceiverCmd
                0x00016ebc       0x48 /opt/york/cs/net/lpc1700-cmsis-lite-2011.01.26-i686-1/lib/libDriversLPC17xxgnu.a(lpc17xx_uart.o)
                0x00016ebc                UART_RS485ReceiverCmd
 .text.UART_RS485Send
                0x00016f04       0x84 /opt/york/cs/net/lpc1700-cmsis-lite-2011.01.26-i686-1/lib/libDriversLPC17xxgnu.a(lpc17xx_uart.o)
                0x00016f04                UART_RS485Send
 .text.UART_RS485SendSlvAddr
                0x00016f88       0x28 /opt/york/cs/net/lpc1700-cmsis-lite-2011.01.26-i686-1/lib/libDriversLPC17xxgnu.a(lpc17xx_uart.o)
                0x00016f88                UART_RS485SendSlvAddr
 .text.UART_RS485SendData
                0x00016fb0       0x28 /opt/york/cs/net/lpc1700-cmsis-lite-2011.01.26-i686-1/lib/libDriversLPC17xxgnu.a(lpc17xx_uart.o)
                0x00016fb0                UART_RS485SendData
 .text          0x00016fd8        0x0 /opt/york/cs/net/lpc1700-cmsis-lite-2011.01.26-i686-1/lib/libDriversLPC17xxgnu.a(lpc17xx_clkpwr.o)
 .text.CLKPWR_SetPCLKDiv
                0x00016fd8       0xd4 /opt/york/cs/net/lpc1700-cmsis-lite-2011.01.26-i686-1/lib/libDriversLPC17xxgnu.a(lpc17xx_clkpwr.o)
                0x00016fd8                CLKPWR_SetPCLKDiv
 .text.CLKPWR_GetPCLKSEL
                0x000170ac       0x54 /opt/york/cs/net/lpc1700-cmsis-lite-2011.01.26-i686-1/lib/libDriversLPC17xxgnu.a(lpc17xx_clkpwr.o)
                0x000170ac                CLKPWR_GetPCLKSEL
 .text.CLKPWR_GetPCLK
                0x00017100       0x70 /opt/york/cs/net/lpc1700-cmsis-lite-2011.01.26-i686-1/lib/libDriversLPC17xxgnu.a(lpc17xx_clkpwr.o)
                0x00017100                CLKPWR_GetPCLK
 .text.CLKPWR_ConfigPPWR
                0x00017170       0x80 /opt/york/cs/net/lpc1700-cmsis-lite-2011.01.26-i686-1/lib/libDriversLPC17xxgnu.a(lpc17xx_clkpwr.o)
                0x00017170                CLKPWR_ConfigPPWR
 .text.CLKPWR_Sleep
                0x000171f0       0x1c /opt/york/cs/net/lpc1700-cmsis-lite-2011.01.26-i686-1/lib/libDriversLPC17xxgnu.a(lpc17xx_clkpwr.o)
                0x000171f0                CLKPWR_Sleep
 .text.CLKPWR_DeepSleep
                0x0001720c       0x2c /opt/york/cs/net/lpc1700-cmsis-lite-2011.01.26-i686-1/lib/libDriversLPC17xxgnu.a(lpc17xx_clkpwr.o)
                0x0001720c                CLKPWR_DeepSleep
 .text.CLKPWR_PowerDown
                0x00017238       0x2c /opt/york/cs/net/lpc1700-cmsis-lite-2011.01.26-i686-1/lib/libDriversLPC17xxgnu.a(lpc17xx_clkpwr.o)
                0x00017238                CLKPWR_PowerDown
 .text.CLKPWR_DeepPowerDown
                0x00017264       0x2c /opt/york/cs/net/lpc1700-cmsis-lite-2011.01.26-i686-1/lib/libDriversLPC17xxgnu.a(lpc17xx_clkpwr.o)
                0x00017264                CLKPWR_DeepPowerDown
 .text          0x00017290        0x0 /opt/york/cs/net/sourcery-g++-lite-arm-eabi-2010.09.51-i686-1/bin/../lib/gcc/arm-none-eabi/4.5.1/thumb2/crtend.o
 .text          0x00017290        0x0 /opt/york/cs/net/sourcery-g++-lite-arm-eabi-2010.09.51-i686-1/bin/../lib/gcc/arm-none-eabi/4.5.1/thumb2/crtn.o
 *(.plt)
 *(.gnu.warning)
 *(.glue_7t)
 .glue_7t       0x00000000        0x0 linker stubs
 *(.glue_7)
 .glue_7        0x00000000        0x0 linker stubs
 *(.vfp11_veneer)
 .vfp11_veneer  0x00000000        0x0 linker stubs
 *(.rodata .rodata.* .gnu.linkonce.r.*)
 .rodata        0x00017290      0x3b0 main.o
 .rodata.C.0.2899
                0x00017640       0x10 source/KeyAccess.o
 .rodata        0x00017650       0x14 source/LCD.o
 .rodata        0x00017664        0x4 source/i2s.o
 .rodata        0x00017668       0x1c source/Wave.o
 .rodata        0x00017684       0xc8 source/SD.o
 .rodata.C.1.2907
                0x0001774c       0x18 source/TLV320.o
 .rodata.C.2.2908
                0x00017764       0x18 source/TLV320.o
 .rodata.C.3.2909
                0x0001777c       0x10 source/TLV320.o
 .rodata.C.4.2910
                0x0001778c        0x8 source/TLV320.o
 .rodata.C.5.2911
                0x00017794        0x8 source/TLV320.o
 .rodata.C.6.2912
                0x0001779c        0x4 source/TLV320.o
 .rodata.DbcTbl
                0x000177a0        0xc source/FatFS/ff.o
 .rodata        0x000177ac       0x50 source/FatFS/ff.o
 .rodata.cst32.1625
                0x000177fc       0x10 source/FatFS/ff.o
 .rodata.cst.1624
                0x0001780c       0x10 source/FatFS/ff.o
 .rodata.badchr.1608
                0x0001781c       0x14 source/FatFS/ff.o
 .rodata        0x00017830       0x20 /opt/york/cs/net/sourcery-g++-lite-arm-eabi-2010.09.51-i686-1/arm-none-eabi/lib/thumb2/libc.a(lib_a-svfprintf.o)
 .rodata.str1.4
                0x00017850       0x42 /opt/york/cs/net/sourcery-g++-lite-arm-eabi-2010.09.51-i686-1/arm-none-eabi/lib/thumb2/libc.a(lib_a-svfprintf.o)
                                 0x44 (size before relaxing)
 *fill*         0x00017892        0x2 00
 .rodata        0x00017894      0x104 /opt/york/cs/net/sourcery-g++-lite-arm-eabi-2010.09.51-i686-1/arm-none-eabi/lib/thumb2/libc.a(lib_a-ctype_.o)
                0x00017894                _ctype_
 .rodata.str1.4
                0x00017998       0x10 /opt/york/cs/net/sourcery-g++-lite-arm-eabi-2010.09.51-i686-1/arm-none-eabi/lib/thumb2/libc.a(lib_a-dtoa.o)
                                 0x14 (size before relaxing)
 .rodata        0x000179a8        0x4 /opt/york/cs/net/sourcery-g++-lite-arm-eabi-2010.09.51-i686-1/arm-none-eabi/lib/thumb2/libc.a(lib_a-impure.o)
                0x000179a8                _global_impure_ptr
 .rodata.str1.4
                0x000179ac        0x2 /opt/york/cs/net/sourcery-g++-lite-arm-eabi-2010.09.51-i686-1/arm-none-eabi/lib/thumb2/libc.a(lib_a-impure.o)
                                  0x4 (size before relaxing)
 *fill*         0x000179ae        0x2 00
 .rodata.str1.4
                0x000179b0        0xc /opt/york/cs/net/sourcery-g++-lite-arm-eabi-2010.09.51-i686-1/arm-none-eabi/lib/thumb2/libc.a(lib_a-locale.o)
                                 0x14 (size before relaxing)
 *fill*         0x000179bc        0x4 00
 .rodata        0x000179c0      0x128 /opt/york/cs/net/sourcery-g++-lite-arm-eabi-2010.09.51-i686-1/arm-none-eabi/lib/thumb2/libc.a(lib_a-mprec.o)
                0x000179d0                __mprec_tens
                0x00017a98                __mprec_bigtens
                0x00017ac0                __mprec_tinytens
 .rodata        0x00017ae8       0x20 /opt/york/cs/net/sourcery-g++-lite-arm-eabi-2010.09.51-i686-1/arm-none-eabi/lib/thumb2/libc.a(lib_a-svfiprintf.o)
 .rodata.str1.4
                0x00000000       0x30 /opt/york/cs/net/sourcery-g++-lite-arm-eabi-2010.09.51-i686-1/arm-none-eabi/lib/thumb2/libc.a(lib_a-svfiprintf.o)
 .rodata        0x00017b08      0x188 /opt/york/cs/net/sourcery-g++-lite-arm-eabi-2010.09.51-i686-1/arm-none-eabi/lib/thumb2/libm.a(lib_a-e_rem_pio2.o)
 .rodata        0x00017c90       0x50 /opt/york/cs/net/sourcery-g++-lite-arm-eabi-2010.09.51-i686-1/arm-none-eabi/lib/thumb2/libm.a(lib_a-k_rem_pio2.o)
 .rodata        0x00017ce0       0x10 /opt/york/cs/net/lpc1700-cmsis-lite-2011.01.26-i686-1/lib/libDriversLPC17xxgnu.a(lpc17xx_i2c.o)
 .rodata        0x00017cf0       0x10 /opt/york/cs/net/lpc1700-cmsis-lite-2011.01.26-i686-1/lib/libDriversLPC17xxgnu.a(lpc17xx_i2s.o)
 .rodata        0x00017d00       0x10 /opt/york/cs/net/lpc1700-cmsis-lite-2011.01.26-i686-1/lib/libDriversLPC17xxgnu.a(lpc17xx_ssp.o)
 .rodata        0x00017d10       0x10 /opt/york/cs/net/lpc1700-cmsis-lite-2011.01.26-i686-1/lib/libDriversLPC17xxgnu.a(lpc17xx_uart.o)
 *(.ARM.extab* .gnu.linkonce.armextab.*)
 .ARM.extab.cs3.reset
                0x00017d20        0x0 /opt/york/cs/net/lpc1700-cmsis-lite-2011.01.26-i686-1/lib/startup_LPC17xx.o
 .ARM.extab     0x00017d20        0x0 /opt/york/cs/net/sourcery-g++-lite-arm-eabi-2010.09.51-i686-1/bin/../lib/gcc/arm-none-eabi/4.5.1/thumb2/libgcc.a(_divdi3.o)
 .ARM.extab     0x00017d20        0x0 /opt/york/cs/net/sourcery-g++-lite-arm-eabi-2010.09.51-i686-1/bin/../lib/gcc/arm-none-eabi/4.5.1/thumb2/libgcc.a(_udivdi3.o)
 *(.gcc_except_table)
 *(.eh_frame_hdr)
 *(.eh_frame)
                0x00017d20                . = ALIGN (0x4)
 *(.init)
 .init          0x00017d20        0x4 /opt/york/cs/net/sourcery-g++-lite-arm-eabi-2010.09.51-i686-1/bin/../lib/gcc/arm-none-eabi/4.5.1/thumb2/crti.o
                0x00017d20                _init
 .init          0x00017d24        0x8 /opt/york/cs/net/sourcery-g++-lite-arm-eabi-2010.09.51-i686-1/bin/../lib/gcc/arm-none-eabi/4.5.1/thumb2/crtn.o
                0x00017d2c                . = ALIGN (0x4)
                0x00017d2c                __preinit_array_start = .
 *(.preinit_array)
                0x00017d2c                __preinit_array_end = .
                0x00017d2c                . = ALIGN (0x4)
                0x00017d2c                __init_array_start = .
 *(SORT(.init_array.*))
 *(.init_array)
 .init_array    0x00017d2c        0x4 /opt/york/cs/net/sourcery-g++-lite-arm-eabi-2010.09.51-i686-1/bin/../lib/gcc/arm-none-eabi/4.5.1/thumb2/crtbegin.o
                0x00017d30                __init_array_end = .
                0x00017d30                . = ALIGN (0x4)
 *crtbegin.o(.ctors)
 *(EXCLUDE_FILE(*crtend.o) .ctors)
 *(SORT(.ctors.*))
 *crtend.o(.ctors)
                0x00017d30                . = ALIGN (0x4)
 *(.fini)
 .fini          0x00017d30        0x4 /opt/york/cs/net/sourcery-g++-lite-arm-eabi-2010.09.51-i686-1/bin/../lib/gcc/arm-none-eabi/4.5.1/thumb2/crti.o
                0x00017d30                _fini
 .fini          0x00017d34        0x8 /opt/york/cs/net/sourcery-g++-lite-arm-eabi-2010.09.51-i686-1/bin/../lib/gcc/arm-none-eabi/4.5.1/thumb2/crtn.o
                0x00017d3c                . = ALIGN (0x4)
                0x00017d3c                __fini_array_start = .
 *(.fini_array)
 .fini_array    0x00017d3c        0x4 /opt/york/cs/net/sourcery-g++-lite-arm-eabi-2010.09.51-i686-1/bin/../lib/gcc/arm-none-eabi/4.5.1/thumb2/crtbegin.o
 *(SORT(.fini_array.*))
                0x00017d40                __fini_array_end = .
 *crtbegin.o(.dtors)
 *(EXCLUDE_FILE(*crtend.o) .dtors)
 *(SORT(.dtors.*))
 *crtend.o(.dtors)
                0x00017d40                . = ALIGN (0x4)
                0x00017d40                __cs3_regions = .
                0x00017d40        0x4 LONG 0x0
                0x00017d44        0x4 LONG 0x17d60 __cs3_region_init_ram
                0x00017d48        0x4 LONG 0x10000000 __cs3_region_start_ram
                0x00017d4c        0x4 LONG 0x610 __cs3_region_init_size_ram
                0x00017d50        0x4 LONG 0x808 __cs3_region_zero_size_ram
                0x00017d54                __exidx_start = .

.v4_bx          0x00017d54        0x0
 .v4_bx         0x00000000        0x0 linker stubs

.ARM.exidx      0x00017d54        0x8
 *(.ARM.exidx* .gnu.linkonce.armexidx.*)
 .ARM.exidx.cs3.reset
                0x00017d54        0x8 /opt/york/cs/net/lpc1700-cmsis-lite-2011.01.26-i686-1/lib/startup_LPC17xx.o
 .ARM.exidx     0x00017d5c        0x0 /opt/york/cs/net/sourcery-g++-lite-arm-eabi-2010.09.51-i686-1/bin/../lib/gcc/arm-none-eabi/4.5.1/thumb2/libgcc.a(_divdi3.o)
                                  0x8 (size before relaxing)
 .ARM.exidx     0x00017d5c        0x0 /opt/york/cs/net/sourcery-g++-lite-arm-eabi-2010.09.51-i686-1/bin/../lib/gcc/arm-none-eabi/4.5.1/thumb2/libgcc.a(_udivdi3.o)
                                  0x8 (size before relaxing)
                0x00017d5c                __exidx_end = .

.text.align     0x00017d5c        0x4
                0x00017d60                . = ALIGN (0x8)
 *fill*         0x00017d5c        0x4 00
                0x00017d60                _etext = .
                0x00080000                __cs3_region_size_rom = 0x80000
                0x00000001                __cs3_region_num = 0x1

.data           0x10000000      0x610 load address 0x00017d60
                0x10000000                __cs3_region_start_ram = .
 *(.cs3.region-head.ram)
 *(.jcr)
 .jcr           0x10000000        0x0 /opt/york/cs/net/sourcery-g++-lite-arm-eabi-2010.09.51-i686-1/bin/../lib/gcc/arm-none-eabi/4.5.1/thumb2/crtbegin.o
 .jcr           0x10000000        0x4 /opt/york/cs/net/sourcery-g++-lite-arm-eabi-2010.09.51-i686-1/bin/../lib/gcc/arm-none-eabi/4.5.1/thumb2/crtend.o
 *(.got.plt)
 *(.got)
 *(.shdata)
 *(.data .data.* .gnu.linkonce.d.*)
 .data          0x10000004        0x0 /opt/york/cs/net/sourcery-g++-lite-arm-eabi-2010.09.51-i686-1/bin/../lib/gcc/arm-none-eabi/4.5.1/thumb2/crti.o
 .data          0x10000004        0x4 /opt/york/cs/net/sourcery-g++-lite-arm-eabi-2010.09.51-i686-1/bin/../lib/gcc/arm-none-eabi/4.5.1/thumb2/crtbegin.o
                0x10000004                __dso_handle
 .data          0x10000008        0x0 main.o
 .data.MenuText
                0x10000008       0x1c main.o
                0x10000008                MenuText
 .data.menuFuncs
                0x10000024       0x28 main.o
                0x10000024                menuFuncs
 .data.int_Handler_Funcs
                0x1000004c        0x4 main.o
                0x1000004c                int_Handler_Funcs
 .data          0x10000050        0x0 source/KeyAccess.o
 .data          0x10000050        0x0 source/LCD.o
 .data.clrLine  0x10000050       0x14 source/LCD.o
                0x10000050                clrLine
 .data.Init     0x10000064        0xc source/LCD.o
                0x10000064                Init
 .data          0x10000070        0x0 source/i2s.o
 .data.I2S_int_Handler_Funcs
                0x10000070        0xc source/i2s.o
 .data          0x1000007c        0x0 source/Wave.o
 .data          0x1000007c        0x0 source/Delay.o
 .data          0x1000007c        0x0 source/SerialIO.o
 .data          0x1000007c        0x0 source/interrupt_handlers.o
 .data          0x1000007c        0x0 source/I2C.o
 .data          0x1000007c        0x0 source/SD.o
 .data          0x1000007c        0x0 source/TLV320.o
 .data          0x1000007c        0x0 source/FatFS/ff.o
 .data          0x1000007c        0x0 source/FatFS/ffunicode.o
 .data          0x1000007c        0x0 source/FatFS/mmc_176x_ssp.o
 .data.Stat     0x1000007c        0x1 source/FatFS/mmc_176x_ssp.o
 .data          0x1000007d        0x0 source/FatFS/diskio.o
 .data          0x1000007d        0x0 /opt/york/cs/net/lpc1700-cmsis-lite-2011.01.26-i686-1/lib/core_cm3.o
 .data          0x1000007d        0x0 /opt/york/cs/net/lpc1700-cmsis-lite-2011.01.26-i686-1/lib/system_LPC17xx.o
 *fill*         0x1000007d        0x3 00
 .data.SystemCoreClock
                0x10000080        0x4 /opt/york/cs/net/lpc1700-cmsis-lite-2011.01.26-i686-1/lib/system_LPC17xx.o
                0x10000080                SystemCoreClock
 .data          0x10000084        0x0 /opt/york/cs/net/lpc1700-cmsis-lite-2011.01.26-i686-1/lib/startup_LPC17xx.o
 .data          0x10000084        0x0 /opt/york/cs/net/sourcery-g++-lite-arm-eabi-2010.09.51-i686-1/arm-none-eabi/lib/thumb2/libc.a(lib_a-atoi.o)
 .data          0x10000084        0x0 /opt/york/cs/net/sourcery-g++-lite-arm-eabi-2010.09.51-i686-1/arm-none-eabi/lib/thumb2/libc.a(lib_a-malloc.o)
 .data          0x10000084      0x410 /opt/york/cs/net/sourcery-g++-lite-arm-eabi-2010.09.51-i686-1/arm-none-eabi/lib/thumb2/libc.a(lib_a-mallocr.o)
                0x10000084                __malloc_av_
                0x1000048c                __malloc_sbrk_base
                0x10000490                __malloc_trim_threshold
 .data          0x10000494        0x0 /opt/york/cs/net/sourcery-g++-lite-arm-eabi-2010.09.51-i686-1/arm-none-eabi/lib/thumb2/libc.a(lib_a-memcpy.o)
 .data          0x10000494        0x0 /opt/york/cs/net/sourcery-g++-lite-arm-eabi-2010.09.51-i686-1/arm-none-eabi/lib/thumb2/libc.a(lib_a-memset.o)
 .data          0x10000494        0x0 /opt/york/cs/net/sourcery-g++-lite-arm-eabi-2010.09.51-i686-1/arm-none-eabi/lib/thumb2/libc.a(lib_a-mlock.o)
 .data          0x10000494        0x0 /opt/york/cs/net/sourcery-g++-lite-arm-eabi-2010.09.51-i686-1/arm-none-eabi/lib/thumb2/libc.a(lib_a-sbrkr.o)
 .data          0x10000494        0x0 /opt/york/cs/net/sourcery-g++-lite-arm-eabi-2010.09.51-i686-1/arm-none-eabi/lib/thumb2/libc.a(lib_a-sprintf.o)
 .data          0x10000494        0x0 /opt/york/cs/net/sourcery-g++-lite-arm-eabi-2010.09.51-i686-1/arm-none-eabi/lib/thumb2/libc.a(lib_a-strchr.o)
 .data          0x10000494        0x0 /opt/york/cs/net/sourcery-g++-lite-arm-eabi-2010.09.51-i686-1/arm-none-eabi/lib/thumb2/libc.a(lib_a-strcpy.o)
 .data          0x10000494        0x0 /opt/york/cs/net/sourcery-g++-lite-arm-eabi-2010.09.51-i686-1/arm-none-eabi/lib/thumb2/libc.a(lib_a-strlen.o)
 .data          0x10000494        0x0 /opt/york/cs/net/sourcery-g++-lite-arm-eabi-2010.09.51-i686-1/arm-none-eabi/lib/thumb2/libc.a(lib_a-strncmp.o)
 .data          0x10000494        0x0 /opt/york/cs/net/sourcery-g++-lite-arm-eabi-2010.09.51-i686-1/arm-none-eabi/lib/thumb2/libc.a(lib_a-strncpy.o)
 .data          0x10000494        0x0 /opt/york/cs/net/sourcery-g++-lite-arm-eabi-2010.09.51-i686-1/arm-none-eabi/lib/thumb2/libc.a(lib_a-strtol.o)
 .data          0x10000494        0x0 /opt/york/cs/net/sourcery-g++-lite-arm-eabi-2010.09.51-i686-1/arm-none-eabi/lib/thumb2/libc.a(lib_a-svfprintf.o)
 .data          0x10000494        0x4 /opt/york/cs/net/sourcery-g++-lite-arm-eabi-2010.09.51-i686-1/arm-none-eabi/lib/thumb2/libc.a(lib_a-ctype_.o)
                0x10000494                __ctype_ptr__
 .data          0x10000498        0x0 /opt/york/cs/net/sourcery-g++-lite-arm-eabi-2010.09.51-i686-1/arm-none-eabi/lib/thumb2/libc.a(lib_a-dtoa.o)
 .data          0x10000498        0x0 /opt/york/cs/net/sourcery-g++-lite-arm-eabi-2010.09.51-i686-1/arm-none-eabi/lib/thumb2/libc.a(lib_a-freer.o)
 .data          0x10000498       0xf4 /opt/york/cs/net/sourcery-g++-lite-arm-eabi-2010.09.51-i686-1/arm-none-eabi/lib/thumb2/libc.a(lib_a-impure.o)
                0x10000498                _impure_ptr
 .data          0x1000058c       0x7c /opt/york/cs/net/sourcery-g++-lite-arm-eabi-2010.09.51-i686-1/arm-none-eabi/lib/thumb2/libc.a(lib_a-locale.o)
                0x100005ac                __mb_cur_max
 .data          0x10000608        0x0 /opt/york/cs/net/sourcery-g++-lite-arm-eabi-2010.09.51-i686-1/arm-none-eabi/lib/thumb2/libc.a(lib_a-memchr.o)
 .data          0x10000608        0x0 /opt/york/cs/net/sourcery-g++-lite-arm-eabi-2010.09.51-i686-1/arm-none-eabi/lib/thumb2/libc.a(lib_a-mprec.o)
 .data          0x10000608        0x0 /opt/york/cs/net/sourcery-g++-lite-arm-eabi-2010.09.51-i686-1/arm-none-eabi/lib/thumb2/libc.a(lib_a-reent.o)
 .data          0x10000608        0x0 /opt/york/cs/net/sourcery-g++-lite-arm-eabi-2010.09.51-i686-1/arm-none-eabi/lib/thumb2/libc.a(lib_a-s_fpclassify.o)
 .data          0x10000608        0x0 /opt/york/cs/net/sourcery-g++-lite-arm-eabi-2010.09.51-i686-1/arm-none-eabi/lib/thumb2/libc.a(lib_a-strcmp.o)
 .data          0x10000608        0x0 /opt/york/cs/net/sourcery-g++-lite-arm-eabi-2010.09.51-i686-1/arm-none-eabi/lib/thumb2/libc.a(lib_a-svfiprintf.o)
 .data          0x10000608        0x0 /opt/york/cs/net/sourcery-g++-lite-arm-eabi-2010.09.51-i686-1/arm-none-eabi/lib/thumb2/libc.a(lib_a-callocr.o)
 .data          0x10000608        0x0 /opt/york/cs/net/sourcery-g++-lite-arm-eabi-2010.09.51-i686-1/arm-none-eabi/lib/thumb2/libc.a(lib_a-memmove.o)
 .data          0x10000608        0x0 /opt/york/cs/net/sourcery-g++-lite-arm-eabi-2010.09.51-i686-1/arm-none-eabi/lib/thumb2/libc.a(lib_a-reallocr.o)
 .data          0x10000608        0x0 /opt/york/cs/net/sourcery-g++-lite-arm-eabi-2010.09.51-i686-1/bin/../lib/gcc/arm-none-eabi/4.5.1/thumb2/libgcc.a(_udivsi3.o)
 .data          0x10000608        0x0 /opt/york/cs/net/sourcery-g++-lite-arm-eabi-2010.09.51-i686-1/bin/../lib/gcc/arm-none-eabi/4.5.1/thumb2/libgcc.a(_dvmd_tls.o)
 .data          0x10000608        0x0 /opt/york/cs/net/sourcery-g++-lite-arm-eabi-2010.09.51-i686-1/bin/../lib/gcc/arm-none-eabi/4.5.1/thumb2/libgcc.a(_arm_addsubdf3.o)
 .data          0x10000608        0x0 /opt/york/cs/net/sourcery-g++-lite-arm-eabi-2010.09.51-i686-1/bin/../lib/gcc/arm-none-eabi/4.5.1/thumb2/libgcc.a(_arm_muldivdf3.o)
 .data          0x10000608        0x0 /opt/york/cs/net/sourcery-g++-lite-arm-eabi-2010.09.51-i686-1/bin/../lib/gcc/arm-none-eabi/4.5.1/thumb2/libgcc.a(_arm_cmpdf2.o)
 .data          0x10000608        0x0 /opt/york/cs/net/sourcery-g++-lite-arm-eabi-2010.09.51-i686-1/bin/../lib/gcc/arm-none-eabi/4.5.1/thumb2/libgcc.a(_arm_fixdfsi.o)
 .data          0x10000608        0x0 /opt/york/cs/net/sourcery-g++-lite-arm-eabi-2010.09.51-i686-1/bin/../lib/gcc/arm-none-eabi/4.5.1/thumb2/libgcc.a(_arm_addsubsf3.o)
 .data          0x10000608        0x0 /opt/york/cs/net/sourcery-g++-lite-arm-eabi-2010.09.51-i686-1/bin/../lib/gcc/arm-none-eabi/4.5.1/thumb2/libgcc.a(_arm_muldivsf3.o)
 .data          0x10000608        0x0 /opt/york/cs/net/sourcery-g++-lite-arm-eabi-2010.09.51-i686-1/bin/../lib/gcc/arm-none-eabi/4.5.1/thumb2/libgcc.a(_aeabi_uldivmod.o)
 .data          0x10000608        0x0 /opt/york/cs/net/sourcery-g++-lite-arm-eabi-2010.09.51-i686-1/bin/../lib/gcc/arm-none-eabi/4.5.1/thumb2/libgcc.a(bpabi.o)
 .data          0x10000608        0x0 /opt/york/cs/net/sourcery-g++-lite-arm-eabi-2010.09.51-i686-1/bin/../lib/gcc/arm-none-eabi/4.5.1/thumb2/libgcc.a(_divdi3.o)
 .data          0x10000608        0x0 /opt/york/cs/net/sourcery-g++-lite-arm-eabi-2010.09.51-i686-1/bin/../lib/gcc/arm-none-eabi/4.5.1/thumb2/libgcc.a(_udivdi3.o)
 .data          0x10000608        0x0 /opt/york/cs/net/sourcery-g++-lite-arm-eabi-2010.09.51-i686-1/arm-none-eabi/lib/thumb2/libm.a(lib_a-s_sin.o)
 .data          0x10000608        0x0 /opt/york/cs/net/sourcery-g++-lite-arm-eabi-2010.09.51-i686-1/arm-none-eabi/lib/thumb2/libm.a(lib_a-e_rem_pio2.o)
 .data          0x10000608        0x0 /opt/york/cs/net/sourcery-g++-lite-arm-eabi-2010.09.51-i686-1/arm-none-eabi/lib/thumb2/libm.a(lib_a-k_cos.o)
 .data          0x10000608        0x0 /opt/york/cs/net/sourcery-g++-lite-arm-eabi-2010.09.51-i686-1/arm-none-eabi/lib/thumb2/libm.a(lib_a-k_rem_pio2.o)
 .data          0x10000608        0x0 /opt/york/cs/net/sourcery-g++-lite-arm-eabi-2010.09.51-i686-1/arm-none-eabi/lib/thumb2/libm.a(lib_a-k_sin.o)
 .data          0x10000608        0x0 /opt/york/cs/net/sourcery-g++-lite-arm-eabi-2010.09.51-i686-1/arm-none-eabi/lib/thumb2/libm.a(lib_a-s_fabs.o)
 .data          0x10000608        0x0 /opt/york/cs/net/sourcery-g++-lite-arm-eabi-2010.09.51-i686-1/arm-none-eabi/lib/thumb2/libm.a(lib_a-s_floor.o)
 .data          0x10000608        0x0 /opt/york/cs/net/sourcery-g++-lite-arm-eabi-2010.09.51-i686-1/arm-none-eabi/lib/thumb2/libm.a(lib_a-s_scalbn.o)
 .data          0x10000608        0x0 /opt/york/cs/net/sourcery-g++-lite-arm-eabi-2010.09.51-i686-1/arm-none-eabi/lib/thumb2/libm.a(lib_a-s_copysign.o)
 .data          0x10000608        0x0 /opt/york/cs/net/sourcery-g++-lite-arm-eabi-2010.09.51-i686-1/bin/../lib/gcc/arm-none-eabi/4.5.1/thumb2/libgcc.a(_divsi3.o)
 .data          0x10000608        0x0 /opt/york/cs/net/sourcery-g++-lite-arm-eabi-2010.09.51-i686-1/arm-none-eabi/lib/thumb2/libcs3.a(start_c.o)
 .data          0x10000608        0x4 /opt/york/cs/net/sourcery-g++-lite-arm-eabi-2010.09.51-i686-1/arm-none-eabi/lib/thumb2/libcs3unhosted.a(unhosted-sbrk.o)
 .data          0x1000060c        0x0 /opt/york/cs/net/sourcery-g++-lite-arm-eabi-2010.09.51-i686-1/arm-none-eabi/lib/thumb2/libcs3unhosted.a(unhosted-start.o)
 .data          0x1000060c        0x0 /opt/york/cs/net/sourcery-g++-lite-arm-eabi-2010.09.51-i686-1/arm-none-eabi/lib/thumb2/libc.a(lib_a-errno.o)
 .data          0x1000060c        0x0 /opt/york/cs/net/sourcery-g++-lite-arm-eabi-2010.09.51-i686-1/arm-none-eabi/lib/thumb2/libc.a(lib_a-init.o)
 .data          0x1000060c        0x4 /opt/york/cs/net/sourcery-g++-lite-arm-eabi-2010.09.51-i686-1/arm-none-eabi/lib/thumb2/libcs3.a(heap.o)
                0x1000060c                __cs3_heap_limit
 .data          0x10000610        0x0 /opt/york/cs/net/lpc1700-cmsis-lite-2011.01.26-i686-1/lib/libDriversLPC17xxgnu.a(lpc17xx_i2c.o)
 .data          0x10000610        0x0 /opt/york/cs/net/lpc1700-cmsis-lite-2011.01.26-i686-1/lib/libDriversLPC17xxgnu.a(lpc17xx_i2s.o)
 .data          0x10000610        0x0 /opt/york/cs/net/lpc1700-cmsis-lite-2011.01.26-i686-1/lib/libDriversLPC17xxgnu.a(lpc17xx_libcfg_default.o)
 .data          0x10000610        0x0 /opt/york/cs/net/lpc1700-cmsis-lite-2011.01.26-i686-1/lib/libDriversLPC17xxgnu.a(lpc17xx_pinsel.o)
 .data          0x10000610        0x0 /opt/york/cs/net/lpc1700-cmsis-lite-2011.01.26-i686-1/lib/libDriversLPC17xxgnu.a(lpc17xx_ssp.o)
 .data          0x10000610        0x0 /opt/york/cs/net/lpc1700-cmsis-lite-2011.01.26-i686-1/lib/libDriversLPC17xxgnu.a(lpc17xx_uart.o)
 .data          0x10000610        0x0 /opt/york/cs/net/lpc1700-cmsis-lite-2011.01.26-i686-1/lib/libDriversLPC17xxgnu.a(lpc17xx_clkpwr.o)
 .data          0x10000610        0x0 /opt/york/cs/net/sourcery-g++-lite-arm-eabi-2010.09.51-i686-1/bin/../lib/gcc/arm-none-eabi/4.5.1/thumb2/crtend.o
 .data          0x10000610        0x0 /opt/york/cs/net/sourcery-g++-lite-arm-eabi-2010.09.51-i686-1/bin/../lib/gcc/arm-none-eabi/4.5.1/thumb2/crtn.o
 *(.ram)
                0x10000610                . = ALIGN (0x8)
                0x10000610                _edata = .

.bss            0x10000610      0x808 load address 0x00018370
 *(.shbss)
 *(.bss .bss.* .gnu.linkonce.b.*)
 .bss           0x10000610        0x0 /opt/york/cs/net/sourcery-g++-lite-arm-eabi-2010.09.51-i686-1/bin/../lib/gcc/arm-none-eabi/4.5.1/thumb2/crti.o
 .bss           0x10000610        0x1 /opt/york/cs/net/sourcery-g++-lite-arm-eabi-2010.09.51-i686-1/bin/../lib/gcc/arm-none-eabi/4.5.1/thumb2/crtbegin.o
 .bss           0x10000611        0x0 main.o
 .bss.int_Handler_Enable
                0x10000611        0x1 main.o
                0x10000611                int_Handler_Enable
 .bss.int_Handler_Index
                0x10000612        0x1 main.o
                0x10000612                int_Handler_Index
 .bss           0x10000613        0x0 source/KeyAccess.o
 .bss           0x10000613        0x0 source/LCD.o
 .bss           0x10000613        0x0 source/i2s.o
 .bss           0x10000613        0x0 source/Wave.o
 .bss           0x10000613        0x0 source/Delay.o
 .bss           0x10000613        0x0 source/SerialIO.o
 .bss           0x10000613        0x0 source/interrupt_handlers.o
 .bss           0x10000613        0x0 source/I2C.o
 .bss           0x10000613        0x0 source/SD.o
 .bss           0x10000613        0x0 source/TLV320.o
 .bss           0x10000613        0x0 source/FatFS/ff.o
 *fill*         0x10000613        0x1 00
 .bss.FatFs     0x10000614        0x4 source/FatFS/ff.o
 .bss.Fsid      0x10000618        0x2 source/FatFS/ff.o
 .bss.CurrVol   0x1000061a        0x1 source/FatFS/ff.o
 .bss           0x1000061b        0x0 source/FatFS/ffunicode.o
 .bss           0x1000061b        0x0 source/FatFS/mmc_176x_ssp.o
 *fill*         0x1000061b        0x1 00
 .bss.Timer1    0x1000061c        0x4 source/FatFS/mmc_176x_ssp.o
 .bss.Timer2    0x10000620        0x4 source/FatFS/mmc_176x_ssp.o
 .bss.CardType  0x10000624        0x1 source/FatFS/mmc_176x_ssp.o
 .bss           0x10000625        0x0 source/FatFS/diskio.o
 .bss           0x10000625        0x0 /opt/york/cs/net/lpc1700-cmsis-lite-2011.01.26-i686-1/lib/core_cm3.o
 .bss           0x10000625        0x0 /opt/york/cs/net/lpc1700-cmsis-lite-2011.01.26-i686-1/lib/system_LPC17xx.o
 .bss           0x10000625        0x0 /opt/york/cs/net/lpc1700-cmsis-lite-2011.01.26-i686-1/lib/startup_LPC17xx.o
 .bss           0x10000625        0x0 /opt/york/cs/net/sourcery-g++-lite-arm-eabi-2010.09.51-i686-1/arm-none-eabi/lib/thumb2/libc.a(lib_a-atoi.o)
 .bss           0x10000625        0x0 /opt/york/cs/net/sourcery-g++-lite-arm-eabi-2010.09.51-i686-1/arm-none-eabi/lib/thumb2/libc.a(lib_a-malloc.o)
 *fill*         0x10000625        0x3 00
 .bss           0x10000628       0x34 /opt/york/cs/net/sourcery-g++-lite-arm-eabi-2010.09.51-i686-1/arm-none-eabi/lib/thumb2/libc.a(lib_a-mallocr.o)
                0x10000628                __malloc_top_pad
                0x1000062c                __malloc_current_mallinfo
                0x10000654                __malloc_max_sbrked_mem
                0x10000658                __malloc_max_total_mem
 .bss           0x1000065c        0x0 /opt/york/cs/net/sourcery-g++-lite-arm-eabi-2010.09.51-i686-1/arm-none-eabi/lib/thumb2/libc.a(lib_a-memcpy.o)
 .bss           0x1000065c        0x0 /opt/york/cs/net/sourcery-g++-lite-arm-eabi-2010.09.51-i686-1/arm-none-eabi/lib/thumb2/libc.a(lib_a-memset.o)
 .bss           0x1000065c        0x0 /opt/york/cs/net/sourcery-g++-lite-arm-eabi-2010.09.51-i686-1/arm-none-eabi/lib/thumb2/libc.a(lib_a-mlock.o)
 .bss           0x1000065c        0x0 /opt/york/cs/net/sourcery-g++-lite-arm-eabi-2010.09.51-i686-1/arm-none-eabi/lib/thumb2/libc.a(lib_a-sbrkr.o)
 .bss           0x1000065c        0x0 /opt/york/cs/net/sourcery-g++-lite-arm-eabi-2010.09.51-i686-1/arm-none-eabi/lib/thumb2/libc.a(lib_a-sprintf.o)
 .bss           0x1000065c        0x0 /opt/york/cs/net/sourcery-g++-lite-arm-eabi-2010.09.51-i686-1/arm-none-eabi/lib/thumb2/libc.a(lib_a-strchr.o)