Archive member included because of file (symbol)

/opt/york/cs/net/sourcery-g++-lite-arm-eabi-2010.09.51-i686-1/arm-none-eabi/lib/thumb2/libc.a(lib_a-atoi.o)
                              main.o (atoi)
/opt/york/cs/net/sourcery-g++-lite-arm-eabi-2010.09.51-i686-1/arm-none-eabi/lib/thumb2/libc.a(lib_a-malloc.o)
                              source/SerialIO.o (malloc)
/opt/york/cs/net/sourcery-g++-lite-arm-eabi-2010.09.51-i686-1/arm-none-eabi/lib/thumb2/libc.a(lib_a-mallocr.o)
                              /opt/york/cs/net/sourcery-g++-lite-arm-eabi-2010.09.51-i686-1/arm-none-eabi/lib/thumb2/libc.a(lib_a-malloc.o) (_malloc_r)
/opt/york/cs/net/sourcery-g++-lite-arm-eabi-2010.09.51-i686-1/arm-none-eabi/lib/thumb2/libc.a(lib_a-memcpy.o)
                              main.o (memcpy)
/opt/york/cs/net/sourcery-g++-lite-arm-eabi-2010.09.51-i686-1/arm-none-eabi/lib/thumb2/libc.a(lib_a-memset.o)
                              main.o (memset)
/opt/york/cs/net/sourcery-g++-lite-arm-eabi-2010.09.51-i686-1/arm-none-eabi/lib/thumb2/libc.a(lib_a-mlock.o)
                              /opt/york/cs/net/sourcery-g++-lite-arm-eabi-2010.09.51-i686-1/arm-none-eabi/lib/thumb2/libc.a(lib_a-mallocr.o) (__malloc_lock)
/opt/york/cs/net/sourcery-g++-lite-arm-eabi-2010.09.51-i686-1/arm-none-eabi/lib/thumb2/libc.a(lib_a-sbrkr.o)
                              /opt/york/cs/net/sourcery-g++-lite-arm-eabi-2010.09.51-i686-1/arm-none-eabi/lib/thumb2/libc.a(lib_a-mallocr.o) (_sbrk_r)
/opt/york/cs/net/sourcery-g++-lite-arm-eabi-2010.09.51-i686-1/arm-none-eabi/lib/thumb2/libc.a(lib_a-sprintf.o)
                              main.o (sprintf)
/opt/york/cs/net/sourcery-g++-lite-arm-eabi-2010.09.51-i686-1/arm-none-eabi/lib/thumb2/libc.a(lib_a-strchr.o)
                              main.o (strchr)
/opt/york/cs/net/sourcery-g++-lite-arm-eabi-2010.09.51-i686-1/arm-none-eabi/lib/thumb2/libc.a(lib_a-strcpy.o)
                              source/SD.o (strcpy)
/opt/york/cs/net/sourcery-g++-lite-arm-eabi-2010.09.51-i686-1/arm-none-eabi/lib/thumb2/libc.a(lib_a-strlen.o)
                              main.o (strlen)
/opt/york/cs/net/sourcery-g++-lite-arm-eabi-2010.09.51-i686-1/arm-none-eabi/lib/thumb2/libc.a(lib_a-strncmp.o)
                              source/Wave.o (strncmp)
/opt/york/cs/net/sourcery-g++-lite-arm-eabi-2010.09.51-i686-1/arm-none-eabi/lib/thumb2/libc.a(lib_a-strncpy.o)
                              source/SerialIO.o (strncpy)
/opt/york/cs/net/sourcery-g++-lite-arm-eabi-2010.09.51-i686-1/arm-none-eabi/lib/thumb2/libc.a(lib_a-strtol.o)
                              /opt/york/cs/net/sourcery-g++-lite-arm-eabi-2010.09.51-i686-1/arm-none-eabi/lib/thumb2/libc.a(lib_a-atoi.o) (_strtol_r)
/opt/york/cs/net/sourcery-g++-lite-arm-eabi-2010.09.51-i686-1/arm-none-eabi/lib/thumb2/libc.a(lib_a-svfprintf.o)
                              /opt/york/cs/net/sourcery-g++-lite-arm-eabi-2010.09.51-i686-1/arm-none-eabi/lib/thumb2/libc.a(lib_a-sprintf.o) (_svfprintf_r)
/opt/york/cs/net/sourcery-g++-lite-arm-eabi-2010.09.51-i686-1/arm-none-eabi/lib/thumb2/libc.a(lib_a-ctype_.o)
                              /opt/york/cs/net/sourcery-g++-lite-arm-eabi-2010.09.51-i686-1/arm-none-eabi/lib/thumb2/libc.a(lib_a-strtol.o) (__ctype_ptr__)
/opt/york/cs/net/sourcery-g++-lite-arm-eabi-2010.09.51-i686-1/arm-none-eabi/lib/thumb2/libc.a(lib_a-dtoa.o)
                              /opt/york/cs/net/sourcery-g++-lite-arm-eabi-2010.09.51-i686-1/arm-none-eabi/lib/thumb2/libc.a(lib_a-svfprintf.o) (_dtoa_r)
/opt/york/cs/net/sourcery-g++-lite-arm-eabi-2010.09.51-i686-1/arm-none-eabi/lib/thumb2/libc.a(lib_a-freer.o)
                              /opt/york/cs/net/sourcery-g++-lite-arm-eabi-2010.09.51-i686-1/arm-none-eabi/lib/thumb2/libc.a(lib_a-malloc.o) (_free_r)
/opt/york/cs/net/sourcery-g++-lite-arm-eabi-2010.09.51-i686-1/arm-none-eabi/lib/thumb2/libc.a(lib_a-impure.o)
                              /opt/york/cs/net/sourcery-g++-lite-arm-eabi-2010.09.51-i686-1/arm-none-eabi/lib/thumb2/libc.a(lib_a-malloc.o) (_impure_ptr)
/opt/york/cs/net/sourcery-g++-lite-arm-eabi-2010.09.51-i686-1/arm-none-eabi/lib/thumb2/libc.a(lib_a-locale.o)
                              /opt/york/cs/net/sourcery-g++-lite-arm-eabi-2010.09.51-i686-1/arm-none-eabi/lib/thumb2/libc.a(lib_a-svfprintf.o) (_localeconv_r)
/opt/york/cs/net/sourcery-g++-lite-arm-eabi-2010.09.51-i686-1/arm-none-eabi/lib/thumb2/libc.a(lib_a-memchr.o)
                              /opt/york/cs/net/sourcery-g++-lite-arm-eabi-2010.09.51-i686-1/arm-none-eabi/lib/thumb2/libc.a(lib_a-svfprintf.o) (memchr)
/opt/york/cs/net/sourcery-g++-lite-arm-eabi-2010.09.51-i686-1/arm-none-eabi/lib/thumb2/libc.a(lib_a-mprec.o)
                              /opt/york/cs/net/sourcery-g++-lite-arm-eabi-2010.09.51-i686-1/arm-none-eabi/lib/thumb2/libc.a(lib_a-dtoa.o) (_Balloc)
/opt/york/cs/net/sourcery-g++-lite-arm-eabi-2010.09.51-i686-1/arm-none-eabi/lib/thumb2/libc.a(lib_a-reent.o)
[...]
Memory Configuration

Name             Origin             Length             Attributes
rom              0x00000000         0x00080000         xr
ram              0x10000000         0x00008000         xrw
ram1             0x2007c000         0x00004000         xrw
ram2             0x20080000         0x00004000         xrw
*default*        0x00000000         0xffffffff

Linker script and memory map

LOAD /opt/york/cs/net/sourcery-g++-lite-arm-eabi-2010.09.51-i686-1/bin/../lib/gcc/arm-none-eabi/4.5.1/thumb2/crti.o
LOAD /opt/york/cs/net/sourcery-g++-lite-arm-eabi-2010.09.51-i686-1/bin/../lib/gcc/arm-none-eabi/4.5.1/thumb2/crtbegin.o
LOAD main.o
LOAD source/KeyAccess.o
LOAD source/LCD.o
LOAD source/I2C.o
LOAD source/Wave.o
LOAD source/Delay.o
LOAD source/NewMalloc.o
LOAD source/SerialIO.o
LOAD source/interrupt_handlers.o
LOAD source/i2s.o
LOAD source/SD.o
LOAD source/TLV320.o
LOAD source/FatFS/ff.o
LOAD source/FatFS/mmc_176x_ssp.o
LOAD source/FatFS/diskio.o
LOAD /opt/york/cs/net/lpc1700-cmsis-lite-2011.01.26-i686-1/lib/core_cm3.o
LOAD /opt/york/cs/net/lpc1700-cmsis-lite-2011.01.26-i686-1/lib/system_LPC17xx.o
LOAD /opt/york/cs/net/lpc1700-cmsis-lite-2011.01.26-i686-1/lib/startup_LPC17xx.o
START GROUP
LOAD /opt/york/cs/net/sourcery-g++-lite-arm-eabi-2010.09.51-i686-1/arm-none-eabi/lib/thumb2/libc.a
LOAD /opt/york/cs/net/sourcery-g++-lite-arm-eabi-2010.09.51-i686-1/arm-none-eabi/lib/thumb2/libg.a
LOAD /opt/york/cs/net/sourcery-g++-lite-arm-eabi-2010.09.51-i686-1/arm-none-eabi/lib/thumb2/libstdc++.a
LOAD /opt/york/cs/net/sourcery-g++-lite-arm-eabi-2010.09.51-i686-1/arm-none-eabi/lib/thumb2/libsupc++.a
LOAD /opt/york/cs/net/sourcery-g++-lite-arm-eabi-2010.09.51-i686-1/bin/../lib/gcc/arm-none-eabi/4.5.1/thumb2/libgcc.a
LOAD /opt/york/cs/net/sourcery-g++-lite-arm-eabi-2010.09.51-i686-1/arm-none-eabi/lib/thumb2/libm.a
END GROUP
START GROUP
LOAD /opt/york/cs/net/sourcery-g++-lite-arm-eabi-2010.09.51-i686-1/bin/../lib/gcc/arm-none-eabi/4.5.1/thumb2/libgcc.a
LOAD /opt/york/cs/net/sourcery-g++-lite-arm-eabi-2010.09.51-i686-1/arm-none-eabi/lib/thumb2/libc.a
LOAD /opt/york/cs/net/sourcery-g++-lite-arm-eabi-2010.09.51-i686-1/arm-none-eabi/lib/thumb2/libcs3.a
LOAD /opt/york/cs/net/sourcery-g++-lite-arm-eabi-2010.09.51-i686-1/arm-none-eabi/lib/thumb2/libcs3unhosted.a
LOAD /opt/york/cs/net/sourcery-g++-lite-arm-eabi-2010.09.51-i686-1/arm-none-eabi/lib/thumb2/libcs3micro.a
END GROUP
                0x10008000                PROVIDE (__cs3_stack, (__cs3_region_start_ram + __cs3_region_size_ram))
                0x00006ec0                PROVIDE (__cs3_stack_size, ((__cs3_region_start_ram + __cs3_region_size_ram) - _end))
                0x10001140                PROVIDE (__cs3_heap_start, _end)
                0x10008000                PROVIDE (__cs3_heap_end, (__cs3_region_start_ram + __cs3_region_size_ram))

.text           0x00000000    0x1812c
 CREATE_OBJECT_SYMBOLS
                0x00000000                __cs3_region_start_rom = .
 *(.cs3.region-head.rom)
                0x00000000                __cs3_interrupt_vector = __cs3_interrupt_vector_cortex_m
 *(.cs3.interrupt_vector)
 .cs3.interrupt_vector
                0x00000000       0xcc /opt/york/cs/net/lpc1700-cmsis-lite-2011.01.26-i686-1/lib/startup_LPC17xx.o
                0x00000000                __cs3_interrupt_vector_cortex_m
                0x00000001                ASSERT ((. != __cs3_interrupt_vector_cortex_m), No interrupt vector)
 *(.rom)
 *(.rom.b)
                0x000000cc                __cs3_reset = __cs3_reset_cortex_m
 *(.cs3.reset)
 .cs3.reset     0x000000cc       0x10 /opt/york/cs/net/lpc1700-cmsis-lite-2011.01.26-i686-1/lib/startup_LPC17xx.o
                0x000000cc                __cs3_reset_cortex_m
                0x00000001                ASSERT ((. != __cs3_reset), No reset code)
 *(.text .text.* .gnu.linkonce.t.*)
 .text          0x000000dc        0x0 /opt/york/cs/net/sourcery-g++-lite-arm-eabi-2010.09.51-i686-1/bin/../lib/gcc/arm-none-eabi/4.5.1/thumb2/crti.o
 .text          0x000000dc       0x30 /opt/york/cs/net/sourcery-g++-lite-arm-eabi-2010.09.51-i686-1/bin/../lib/gcc/arm-none-eabi/4.5.1/thumb2/crtbegin.o
 .text          0x0000010c        0x0 main.o
 .text.NVIC_EnableIRQ
                0x0000010c       0x38 main.o
 .text.NVIC_DisableIRQ
                0x00000144       0x3c main.o
 .text.NVIC_SetPriority
                0x00000180       0x5c main.o
 .text.EINT3_IRQHandler
                0x000001dc       0xd0 main.o
                0x000001dc                EINT3_IRQHandler
 .text.IRQInit  0x000002ac       0xd8 main.o
                0x000002ac                IRQInit
 .text.DrawMenu
                0x00000384       0xf4 main.o
                0x00000384                DrawMenu
 .text.Menu     0x00000478      0x254 main.o
                0x00000478                Menu
 .text.I2S_PassThroughLoop
                0x000006cc       0xa0 main.o
                0x000006cc                I2S_PassThroughLoop
 .text.I2S_PassThroughInterrupt
                0x0000076c       0xa0 main.o
                0x0000076c                I2S_PassThroughInterrupt
 .text.FileInfo
                0x0000080c      0x168 main.o
                0x0000080c                FileInfo
 .text.NewFileSelection
                0x00000974       0xc0 main.o
                0x00000974                NewFileSelection
 .text.FileSelection
                0x00000a34      0x1a0 main.o
                0x00000a34                FileSelection
 .text.PassThroughLoop
                0x00000bd4       0x3c main.o
                0x00000bd4                PassThroughLoop
 .text.Play_Audio
                0x00000c10       0x80 main.o
                0x00000c10                Play_Audio
 .text.Play     0x00000c90       0xc0 main.o
                0x00000c90                Play
 .text.UART_Mode
                0x00000d50       0x98 main.o
                0x00000d50                UART_Mode
 .text.FatRead  0x00000de8      0x18c main.o
                0x00000de8                FatRead
 .text.PC_Mode  0x00000f74      0x3c4 main.o
                0x00000f74                PC_Mode
 .text.bytesToUInt32
                0x00001338       0x2c main.o
                0x00001338                bytesToUInt32
 .text.main     0x00001364       0x40 main.o
                0x00001364                main
 .text.temp     0x000013a4       0x18 main.o
                0x000013a4                temp
 .text.strreplace
                0x000013bc       0x50 main.o
                0x000013bc                strreplace
 .text.SelectOne
                0x0000140c      0x1c0 main.o
                0x0000140c                SelectOne
 .text.A2       0x000015cc       0xa8 main.o
                0x000015cc                A2
 .text.A1       0x00001674       0xc0 main.o
                0x00001674                A1
 .text.A3       0x00001734        0xc main.o
                0x00001734                A3
 .text.A4       0x00001740        0xc main.o
                0x00001740                A4
 .text.TextEntry
                0x0000174c       0x98 main.o
                0x0000174c                TextEntry
 .text          0x000017e4        0x0 source/KeyAccess.o
 .text.GetKeyInput
                0x000017e4       0x4c source/KeyAccess.o
                0x000017e4                GetKeyInput
 .text.DecodeInput
                0x00001830       0xc8 source/KeyAccess.o
                0x00001830                DecodeInput
 .text.GetKeyData
                0x000018f8       0xb4 source/KeyAccess.o
                0x000018f8                GetKeyData
 .text          0x000019ac        0x0 source/LCD.o
 .text.NVIC_SetPriority
                0x000019ac       0x5c source/LCD.o
 .text.SysTick_Config
                0x00001a08       0x64 source/LCD.o
 .text.SendData
                0x00001a6c       0x3c source/LCD.o
                0x00001a6c                SendData
 .text.LCDEnable
                0x00001aa8       0x34 source/LCD.o
                0x00001aa8                LCDEnable
 .text.LCDDisable
                0x00001adc       0x34 source/LCD.o
                0x00001adc                LCDDisable
 .text.LCDGoHome
                0x00001b10       0x34 source/LCD.o
                0x00001b10                LCDGoHome
 .text.LCDNewLine
                0x00001b44       0x34 source/LCD.o
                0x00001b44                LCDNewLine
 .text.LCDCursorShift
                0x00001b78       0x58 source/LCD.o
                0x00001b78                LCDCursorShift
 .text.LCDInit  0x00001bd0       0x18 source/LCD.o
                0x00001bd0                LCDInit
 .text.LCDClear
                0x00001be8       0x88 source/LCD.o
                0x00001be8                LCDClear
 .text.LCDPrint
                0x00001c70      0x114 source/LCD.o
                0x00001c70                LCDPrint
 .text.main_LDCPrintHelloWorld
                0x00001d84       0x68 source/LCD.o
                0x00001d84                main_LDCPrintHelloWorld
 .text          0x00001dec        0x0 source/I2C.o
 .text.I2CInit  0x00001dec       0x30 source/I2C.o
                0x00001dec                I2CInit
 .text.SetupVals
                0x00001e1c       0x54 source/I2C.o
                0x00001e1c                SetupVals
 .text.SetupPINS
                0x00001e70       0x44 source/I2C.o
                0x00001e70                SetupPINS
 .text          0x00001eb4        0x0 source/Wave.o
 .text.Wav_Init
                0x00001eb4      0x240 source/Wave.o
                0x00001eb4                Wav_Init
 .text          0x000020f4        0x0 source/Delay.o
 .text.NVIC_SetPriority
                0x000020f4       0x5c source/Delay.o
 .text.SysTick_Config
                0x00002150       0x64 source/Delay.o
 .text.SysTick_Handler
                0x000021b4       0x24 source/Delay.o
                0x000021b4                SysTick_Handler
 .text.Delay    0x000021d8       0x34 source/Delay.o
                0x000021d8                Delay
 .text.DelayInit
                0x0000220c       0x2c source/Delay.o
                0x0000220c                DelayInit
 .text          0x00002238        0x0 source/NewMalloc.o
 .text.assignAddress
                0x00002238       0x6c source/NewMalloc.o
                0x00002238                assignAddress
 .text.NewMalloc
                0x000022a4      0x154 source/NewMalloc.o
                0x000022a4                NewMalloc
 .text.NewCalloc
                0x000023f8       0x3c source/NewMalloc.o
                0x000023f8                NewCalloc
 .text.insertionSort
                0x00002434       0xb4 source/NewMalloc.o
                0x00002434                insertionSort
 .text.NewFree  0x000024e8       0x9c source/NewMalloc.o
                0x000024e8                NewFree
 .text.initMalloc
                0x00002584       0x50 source/NewMalloc.o
                0x00002584                initMalloc
 .text          0x000025d4        0x0 source/SerialIO.o
 .text.NVIC_EnableIRQ
                0x000025d4       0x38 source/SerialIO.o
 .text.NVIC_DisableIRQ
                0x0000260c       0x3c source/SerialIO.o
 .text.NVIC_SetPriority
                0x00002648       0x5c source/SerialIO.o
 .text.UART0_IRQHandler
                0x000026a4       0x4c source/SerialIO.o
                0x000026a4                UART0_IRQHandler
 .text.ReceiveText
                0x000026f0       0xe8 source/SerialIO.o
                0x000026f0                ReceiveText
 .text.ReadText
                0x000027d8       0xa4 source/SerialIO.o
                0x000027d8                ReadText
 .text.AddTextToBuffer
                0x0000287c       0xa4 source/SerialIO.o
                0x0000287c                AddTextToBuffer
 .text.ProcessBuffer
                0x00002920      0x16c source/SerialIO.o
                0x00002920                ProcessBuffer
 .text.TransmitText
                0x00002a8c      0x10c source/SerialIO.o
                0x00002a8c                TransmitText
 .text.InitSerial
                0x00002b98       0x90 source/SerialIO.o
                0x00002b98                InitSerial
 .text.WriteText
                0x00002c28       0x30 source/SerialIO.o
                0x00002c28                WriteText
 .text.write_usb_serial_blocking
                0x00002c58       0x2c source/SerialIO.o
                0x00002c58                write_usb_serial_blocking
 .text.InitSerInterrupts
                0x00002c84      0x154 source/SerialIO.o
                0x00002c84                InitSerInterrupts
 .text.EnableSerInterrupts
                0x00002dd8       0x10 source/SerialIO.o
                0x00002dd8                EnableSerInterrupts
 .text.DisableSerInterrupts
                0x00002de8       0x10 source/SerialIO.o
                0x00002de8                DisableSerInterrupts
 .text          0x00002df8        0x0 source/interrupt_handlers.o
 .text.NVIC_DisableIRQ
                0x00002df8       0x3c source/interrupt_handlers.o
 .text.I2S_PassThroughInt_Handler
                0x00002e34       0x10 source/interrupt_handlers.o
                0x00002e34                I2S_PassThroughInt_Handler
 .text          0x00002e44        0x0 source/i2s.o
 .text.NVIC_EnableIRQ
                0x00002e44       0x38 source/i2s.o
 .text.NVIC_DisableIRQ
                0x00002e7c       0x3c source/i2s.o
 .text.NVIC_SetPriority
                0x00002eb8       0x5c source/i2s.o
 .text.I2S_IRQHandler
                0x00002f14       0x20 source/i2s.o
                0x00002f14                I2S_IRQHandler
 .text.i2s_int_Passthrough
                0x00002f34      0x154 source/i2s.o
                0x00002f34                i2s_int_Passthrough
 .text.i2s_playSound
                0x00003088       0x8c source/i2s.o
                0x00003088                i2s_playSound
 .text.i2s_wav_play_16_bit
                0x00003114      0x160 source/i2s.o
                0x00003114                i2s_wav_play_16_bit
 .text.Init_I2S_Wav
                0x00003274      0x1a8 source/i2s.o
                0x00003274                Init_I2S_Wav
 .text.I2S_Polling_Init
                0x0000341c      0x1f8 source/i2s.o
                0x0000341c                I2S_Polling_Init
 *fill*         0x00003614        0x4 00
 .text.I2S_Create_Sine
                0x00003618      0x160 source/i2s.o
                0x00003618                I2S_Create_Sine
 .text.I2S_BaseInit
                0x00003778      0x108 source/i2s.o
                0x00003778                I2S_BaseInit
 .text.I2S_Polling_Read
                0x00003880       0x84 source/i2s.o
                0x00003880                I2S_Polling_Read
 .text.I2S_Polling_Write
                0x00003904       0x5c source/i2s.o
                0x00003904                I2S_Polling_Write
 .text.ConfInit
                0x00003960       0x68 source/i2s.o
                0x00003960                ConfInit
 .text.ClockInit
                0x000039c8       0x54 source/i2s.o
                0x000039c8                ClockInit
 .text          0x00003a1c        0x0 source/SD.o
 .text.NVIC_EnableIRQ
                0x00003a1c       0x38 source/SD.o
 .text.NVIC_DisableIRQ
                0x00003a54       0x3c source/SD.o
 .text.SDPrintFresult
                0x00003a90       0x70 source/SD.o
                0x00003a90                SDPrintFresult
 .text.indemalloc
                0x00003b00       0x6c source/SD.o
                0x00003b00                indemalloc
 .text.sd_init  0x00003b6c       0x50 source/SD.o
                0x00003b6c                sd_init
 .text.sd_deinit
                0x00003bbc       0x1c source/SD.o
                0x00003bbc                sd_deinit
 .text.SDMallocFilenames
                0x00003bd8       0x24 source/SD.o
                0x00003bd8                SDMallocFilenames
 .text.SDFreeFilenames
                0x00003bfc       0x54 source/SD.o
                0x00003bfc                SDFreeFilenames
 .text.SDGetAllFiles
                0x00003c50      0x100 source/SD.o
                0x00003c50                SDGetAllFiles
 .text.SDGetDirectories
                0x00003d50       0xfc source/SD.o
                0x00003d50                SDGetDirectories
 .text.SDGetFiles
                0x00003e4c      0x160 source/SD.o
                0x00003e4c                SDGetFiles
 .text.SDReadBytes
                0x00003fac       0xc0 source/SD.o
                0x00003fac                SDReadBytes
 .text.SDGetFileSize
                0x0000406c       0x80 source/SD.o
                0x0000406c                SDGetFileSize
 .text.SD_READ  0x000040ec       0x38 source/SD.o
                0x000040ec                SD_READ
 .text.SD_WRITE
                0x00004124       0x38 source/SD.o
                0x00004124                SD_WRITE
 .text          0x0000415c        0x0 source/TLV320.o
 .text.TLV320_ChangeInputVolume
                0x0000415c       0x38 source/TLV320.o
                0x0000415c                TLV320_ChangeInputVolume
 .text.TLV320_ChangeOutputVolume
                0x00004194       0x40 source/TLV320.o
                0x00004194                TLV320_ChangeOutputVolume
 .text.TLV320_EnablePassThrough
                0x000041d4       0x28 source/TLV320.o
                0x000041d4                TLV320_EnablePassThrough
 .text.TLV320_DisablePassThrough
                0x000041fc       0x30 source/TLV320.o
                0x000041fc                TLV320_DisablePassThrough
 .text.TLV320_Setup
                0x0000422c       0x28 source/TLV320.o
                0x0000422c                TLV320_Setup
 .text.TLV320_EnableDAC
                0x00004254       0x2c source/TLV320.o
                0x00004254                TLV320_EnableDAC
 .text.TLV320_EnableOutput
                0x00004280       0x2c source/TLV320.o
                0x00004280                TLV320_EnableOutput
 .text.TLV320_Start_I2S_Polling_Passthrough
                0x000042ac       0x38 source/TLV320.o
                0x000042ac                TLV320_Start_I2S_Polling_Passthrough
 .text.TLV320_PlayWav
                0x000042e4       0x38 source/TLV320.o
                0x000042e4                TLV320_PlayWav
 .text.TLV320_SendData
                0x0000431c       0x64 source/TLV320.o
                0x0000431c                TLV320_SendData
 .text          0x00004380        0x0 source/FatFS/ff.o
 .text.ld_word  0x00004380       0x34 source/FatFS/ff.o
 .text.ld_dword
                0x000043b4       0x58 source/FatFS/ff.o
 .text.st_word  0x0000440c       0x40 source/FatFS/ff.o
 .text.st_dword
                0x0000444c       0x6c source/FatFS/ff.o
 .text.mem_cpy  0x000044b8       0x4c source/FatFS/ff.o
 .text.mem_set  0x00004504       0x38 source/FatFS/ff.o
 .text.mem_cmp  0x0000453c       0x5c source/FatFS/ff.o
 .text.chk_chr  0x00004598       0x38 source/FatFS/ff.o
 .text.dbc_1st  0x000045d0       0x68 source/FatFS/ff.o
 .text.dbc_2nd  0x00004638       0x8c source/FatFS/ff.o
 .text.sync_window
                0x000046c4       0x90 source/FatFS/ff.o
 .text.move_window
                0x00004754       0x68 source/FatFS/ff.o
 .text.sync_fs  0x000047bc       0xf8 source/FatFS/ff.o
 .text.clst2sect
                0x000048b4       0x44 source/FatFS/ff.o
 .text.get_fat  0x000048f8      0x180 source/FatFS/ff.o
 .text.put_fat  0x00004a78      0x218 source/FatFS/ff.o
 .text.remove_chain
                0x00004c90       0xdc source/FatFS/ff.o
 .text.create_chain
                0x00004d6c      0x1c4 source/FatFS/ff.o
 .text.dir_clear
                0x00004f30       0xa4 source/FatFS/ff.o
 .text.dir_sdi  0x00004fd4      0x114 source/FatFS/ff.o
 .text.dir_next
                0x000050e8      0x164 source/FatFS/ff.o
 .text.dir_alloc
                0x0000524c       0x9c source/FatFS/ff.o
 .text.ld_clust
                0x000052e8       0x48 source/FatFS/ff.o
 .text.st_clust
                0x00005330       0x44 source/FatFS/ff.o
 .text.dir_read
                0x00005374       0xc4 source/FatFS/ff.o
 .text.dir_find
                0x00005438       0xbc source/FatFS/ff.o
 .text.dir_register
                0x000054f4       0x74 source/FatFS/ff.o
 .text.dir_remove
                0x00005568       0x44 source/FatFS/ff.o
 .text.get_fileinfo
                0x000055ac       0xf4 source/FatFS/ff.o
 .text.get_achar
                0x000056a0       0x7c source/FatFS/ff.o
 .text.pattern_matching
                0x0000571c      0x128 source/FatFS/ff.o
 .text.create_name
                0x00005844      0x258 source/FatFS/ff.o
 .text.follow_path
                0x00005a9c      0x140 source/FatFS/ff.o
 .text.get_ldnumber
                0x00005bdc       0x9c source/FatFS/ff.o
 .text.check_fs
                0x00005c78       0xcc source/FatFS/ff.o
 .text.find_volume
                0x00005d44      0x540 source/FatFS/ff.o
 .text.validate
                0x00006284       0x74 source/FatFS/ff.o
 .text.f_mount  0x000062f8       0x98 source/FatFS/ff.o
                0x000062f8                f_mount
 .text.f_open   0x00006390      0x354 source/FatFS/ff.o
                0x00006390                f_open
 .text.f_read   0x000066e4      0x2b8 source/FatFS/ff.o
                0x000066e4                f_read
 .text.f_write  0x0000699c      0x324 source/FatFS/ff.o
                0x0000699c                f_write
 .text.f_sync   0x00006cc0      0x11c source/FatFS/ff.o
                0x00006cc0                f_sync
 .text.f_close  0x00006ddc       0x44 source/FatFS/ff.o
                0x00006ddc                f_close
 .text.f_chdrive
                0x00006e20       0x3c source/FatFS/ff.o
                0x00006e20                f_chdrive
 .text.f_chdir  0x00006e5c       0xa4 source/FatFS/ff.o
                0x00006e5c                f_chdir
 .text.f_getcwd
                0x00006f00      0x220 source/FatFS/ff.o
                0x00006f00                f_getcwd
 .text.f_lseek  0x00007120      0x2a4 source/FatFS/ff.o
                0x00007120                f_lseek
 .text.f_opendir
                0x000073c4       0xc4 source/FatFS/ff.o
                0x000073c4                f_opendir
 .text.f_closedir
                0x00007488       0x34 source/FatFS/ff.o
                0x00007488                f_closedir
 .text.f_readdir
                0x000074bc       0x88 source/FatFS/ff.o
                0x000074bc                f_readdir
 .text.f_findnext
                0x00007544       0x5c source/FatFS/ff.o
                0x00007544                f_findnext
 .text.f_findfirst
                0x000075a0       0x40 source/FatFS/ff.o
                0x000075a0                f_findfirst
 .text.f_stat   0x000075e0       0x80 source/FatFS/ff.o
                0x000075e0                f_stat
 .text.f_getfree
                0x00007660      0x198 source/FatFS/ff.o
                0x00007660                f_getfree
 .text.f_truncate
                0x000077f8      0x148 source/FatFS/ff.o
                0x000077f8                f_truncate
 .text.f_unlink
                0x00007940      0x18c source/FatFS/ff.o
                0x00007940                f_unlink
 .text.f_mkdir  0x00007acc      0x1f8 source/FatFS/ff.o
                0x00007acc                f_mkdir
 .text.f_rename
                0x00007cc4      0x228 source/FatFS/ff.o
                0x00007cc4                f_rename
 .text.f_chmod  0x00007eec       0xd0 source/FatFS/ff.o
                0x00007eec                f_chmod
 .text.f_utime  0x00007fbc       0xb4 source/FatFS/ff.o
                0x00007fbc                f_utime
 .text.f_getlabel
                0x00008070      0x164 source/FatFS/ff.o
                0x00008070                f_getlabel
 .text.f_setlabel
                0x000081d4      0x270 source/FatFS/ff.o
                0x000081d4                f_setlabel
 .text.f_mkfs   0x00008444      0x9d8 source/FatFS/ff.o
                0x00008444                f_mkfs
 .text.f_gets   0x00008e1c       0x8c source/FatFS/ff.o
                0x00008e1c                f_gets
 .text.putc_bfd
                0x00008ea8       0x80 source/FatFS/ff.o
 .text.putc_flush
                0x00008f28       0x50 source/FatFS/ff.o
 .text.putc_init
                0x00008f78       0x28 source/FatFS/ff.o
 .text.f_putc   0x00008fa0       0x3c source/FatFS/ff.o
                0x00008fa0                f_putc
 .text.f_puts   0x00008fdc       0x50 source/FatFS/ff.o
                0x00008fdc                f_puts
 .text.f_printf
                0x0000902c      0x524 source/FatFS/ff.o
                0x0000902c                f_printf
 .text          0x00009550        0x0 source/FatFS/mmc_176x_ssp.o
 .text.xchg_spi
                0x00009550       0x44 source/FatFS/mmc_176x_ssp.o
 .text.rcvr_spi_multi
                0x00009594      0x134 source/FatFS/mmc_176x_ssp.o
 .text.xmit_spi_multi
                0x000096c8      0x134 source/FatFS/mmc_176x_ssp.o
 .text.wait_ready
                0x000097fc       0x48 source/FatFS/mmc_176x_ssp.o
 .text.deselect
                0x00009844       0x1c source/FatFS/mmc_176x_ssp.o
 .text.select   0x00009860       0x3c source/FatFS/mmc_176x_ssp.o
 .text.power_on
                0x0000989c      0x104 source/FatFS/mmc_176x_ssp.o
 .text.power_off
                0x000099a0       0x10 source/FatFS/mmc_176x_ssp.o
 .text.rcvr_datablock
                0x000099b0       0x6c source/FatFS/mmc_176x_ssp.o
 .text.xmit_datablock
                0x00009a1c       0x74 source/FatFS/mmc_176x_ssp.o
 .text.send_cmd
                0x00009a90       0xfc source/FatFS/mmc_176x_ssp.o
 .text.disk_initialize
                0x00009b8c      0x25c source/FatFS/mmc_176x_ssp.o
                0x00009b8c                disk_initialize
 .text.disk_status
                0x00009de8       0x30 source/FatFS/mmc_176x_ssp.o
                0x00009de8                disk_status
 .text.disk_read
                0x00009e18       0xd0 source/FatFS/mmc_176x_ssp.o
                0x00009e18                disk_read
 .text.disk_write
                0x00009ee8      0x128 source/FatFS/mmc_176x_ssp.o
                0x00009ee8                disk_write
 .text.disk_ioctl
                0x0000a010      0x578 source/FatFS/mmc_176x_ssp.o
                0x0000a010                disk_ioctl
 .text.disk_timerproc
                0x0000a588       0xa4 source/FatFS/mmc_176x_ssp.o
                0x0000a588                disk_timerproc
 .text          0x0000a62c        0x0 source/FatFS/diskio.o
 .text          0x0000a62c        0x0 /opt/york/cs/net/lpc1700-cmsis-lite-2011.01.26-i686-1/lib/core_cm3.o
 .text          0x0000a62c        0x0 /opt/york/cs/net/lpc1700-cmsis-lite-2011.01.26-i686-1/lib/system_LPC17xx.o
 .text.SystemCoreClockUpdate
                0x0000a62c      0x228 /opt/york/cs/net/lpc1700-cmsis-lite-2011.01.26-i686-1/lib/system_LPC17xx.o
                0x0000a62c                SystemCoreClockUpdate
 .text.SystemInit
                0x0000a854      0x240 /opt/york/cs/net/lpc1700-cmsis-lite-2011.01.26-i686-1/lib/system_LPC17xx.o
                0x0000a854                SystemInit
 .text          0x0000aa94       0x14 /opt/york/cs/net/lpc1700-cmsis-lite-2011.01.26-i686-1/lib/startup_LPC17xx.o
                0x0000aa94                NMI_Handler
                0x0000aa96                HardFault_Handler
                0x0000aa98                MemManage_Handler
                0x0000aa9a                BusFault_Handler
                0x0000aa9c                UsageFault_Handler
                0x0000aa9e                SVC_Handler
                0x0000aaa0                DebugMon_Handler
                0x0000aaa2                PendSV_Handler
                0x0000aaa6                TIMER2_IRQHandler
                0x0000aaa6                RIT_IRQHandler
                0x0000aaa6                I2C0_IRQHandler
                0x0000aaa6                USBActivity_IRQHandler
                0x0000aaa6                PWM1_IRQHandler
                0x0000aaa6                I2C1_IRQHandler
                0x0000aaa6                EINT2_IRQHandler
                0x0000aaa6                UART1_IRQHandler
                0x0000aaa6                CANActivity_IRQHandler
                0x0000aaa6                TIMER3_IRQHandler
                0x0000aaa6                PLL0_IRQHandler
                0x0000aaa6                CAN_IRQHandler
                0x0000aaa6                PLL1_IRQHandler
                0x0000aaa6                SSP0_IRQHandler
                0x0000aaa6                I2C2_IRQHandler
                0x0000aaa6                RTC_IRQHandler
                0x0000aaa6                TIMER0_IRQHandler
                0x0000aaa6                SPI_IRQHandler
                0x0000aaa6                EINT1_IRQHandler
                0x0000aaa6                TIMER1_IRQHandler
                0x0000aaa6                UART2_IRQHandler
                0x0000aaa6                Default_Handler
                0x0000aaa6                ADC_IRQHandler
                0x0000aaa6                SSP1_IRQHandler
                0x0000aaa6                USB_IRQHandler
                0x0000aaa6                BOD_IRQHandler
                0x0000aaa6                WDT_IRQHandler
                0x0000aaa6                QEI_IRQHandler
                0x0000aaa6                EINT0_IRQHandler
                0x0000aaa6                DMA_IRQHandler
                0x0000aaa6                UART3_IRQHandler
                0x0000aaa6                MCPWM_IRQHandler
                0x0000aaa6                ENET_IRQHandler
 .text          0x0000aaa8       0x10 /opt/york/cs/net/sourcery-g++-lite-arm-eabi-2010.09.51-i686-1/arm-none-eabi/lib/thumb2/libc.a(lib_a-atoi.o)
                0x0000aaa8                atoi
                0x0000aab0                _atoi_r
 .text          0x0000aab8       0x20 /opt/york/cs/net/sourcery-g++-lite-arm-eabi-2010.09.51-i686-1/arm-none-eabi/lib/thumb2/libc.a(lib_a-malloc.o)
                0x0000aab8                malloc
                0x0000aac8                free
 .text          0x0000aad8      0x57c /opt/york/cs/net/sourcery-g++-lite-arm-eabi-2010.09.51-i686-1/arm-none-eabi/lib/thumb2/libc.a(lib_a-mallocr.o)
                0x0000aad8                _malloc_r
 .text          0x0000b054      0x150 /opt/york/cs/net/sourcery-g++-lite-arm-eabi-2010.09.51-i686-1/arm-none-eabi/lib/thumb2/libc.a(lib_a-memcpy.o)
                0x0000b054                memcpy
 .text          0x0000b1a4       0xb4 /opt/york/cs/net/sourcery-g++-lite-arm-eabi-2010.09.51-i686-1/arm-none-eabi/lib/thumb2/libc.a(lib_a-memset.o)
                0x0000b1a4                memset
 .text          0x0000b258        0x8 /opt/york/cs/net/sourcery-g++-lite-arm-eabi-2010.09.51-i686-1/arm-none-eabi/lib/thumb2/libc.a(lib_a-mlock.o)
                0x0000b258                __malloc_lock
                0x0000b25c                __malloc_unlock
 .text          0x0000b260       0x28 /opt/york/cs/net/sourcery-g++-lite-arm-eabi-2010.09.51-i686-1/arm-none-eabi/lib/thumb2/libc.a(lib_a-sbrkr.o)
                0x0000b260                _sbrk_r
 .text          0x0000b288       0x94 /opt/york/cs/net/sourcery-g++-lite-arm-eabi-2010.09.51-i686-1/arm-none-eabi/lib/thumb2/libc.a(lib_a-sprintf.o)
                0x0000b288                _sprintf_r
                0x0000b2cc                sprintf
 .text          0x0000b31c      0x10c /opt/york/cs/net/sourcery-g++-lite-arm-eabi-2010.09.51-i686-1/arm-none-eabi/lib/thumb2/libc.a(lib_a-strchr.o)
                0x0000b31c                strchr
 .text          0x0000b428       0xbc /opt/york/cs/net/sourcery-g++-lite-arm-eabi-2010.09.51-i686-1/arm-none-eabi/lib/thumb2/libc.a(lib_a-strcpy.o)
                0x0000b428                strcpy
 .text          0x0000b4e4       0x60 /opt/york/cs/net/sourcery-g++-lite-arm-eabi-2010.09.51-i686-1/arm-none-eabi/lib/thumb2/libc.a(lib_a-strlen.o)
                0x0000b4e4                strlen
 .text          0x0000b544       0xa0 /opt/york/cs/net/sourcery-g++-lite-arm-eabi-2010.09.51-i686-1/arm-none-eabi/lib/thumb2/libc.a(lib_a-strncmp.o)
                0x0000b544                strncmp
 .text          0x0000b5e4       0x7c /opt/york/cs/net/sourcery-g++-lite-arm-eabi-2010.09.51-i686-1/arm-none-eabi/lib/thumb2/libc.a(lib_a-strncpy.o)
                0x0000b5e4                strncpy
 .text          0x0000b660      0x17c /opt/york/cs/net/sourcery-g++-lite-arm-eabi-2010.09.51-i686-1/arm-none-eabi/lib/thumb2/libc.a(lib_a-strtol.o)
                0x0000b660                _strtol_r
                0x0000b7c4                strtol
 .text          0x0000b7dc     0x1658 /opt/york/cs/net/sourcery-g++-lite-arm-eabi-2010.09.51-i686-1/arm-none-eabi/lib/thumb2/libc.a(lib_a-svfprintf.o)
                0x0000b7dc                _svfprintf_r
 .text          0x0000ce34        0x0 /opt/york/cs/net/sourcery-g++-lite-arm-eabi-2010.09.51-i686-1/arm-none-eabi/lib/thumb2/libc.a(lib_a-ctype_.o)
 *fill*         0x0000ce34        0x4 00
 .text          0x0000ce38     0x1000 /opt/york/cs/net/sourcery-g++-lite-arm-eabi-2010.09.51-i686-1/arm-none-eabi/lib/thumb2/libc.a(lib_a-dtoa.o)
                0x0000cf64                _dtoa_r
 .text          0x0000de38      0x240 /opt/york/cs/net/sourcery-g++-lite-arm-eabi-2010.09.51-i686-1/arm-none-eabi/lib/thumb2/libc.a(lib_a-freer.o)
                0x0000de38                _malloc_trim_r
                0x0000dee0                _free_r
 .text          0x0000e078        0x0 /opt/york/cs/net/sourcery-g++-lite-arm-eabi-2010.09.51-i686-1/arm-none-eabi/lib/thumb2/libc.a(lib_a-impure.o)
 .text          0x0000e078       0xa0 /opt/york/cs/net/sourcery-g++-lite-arm-eabi-2010.09.51-i686-1/arm-none-eabi/lib/thumb2/libc.a(lib_a-locale.o)
                0x0000e078                _setlocale_r
                0x0000e0d4                __locale_charset
                0x0000e0e0                __locale_mb_cur_max
                0x0000e0ec                __locale_msgcharset
                0x0000e0f4                __locale_cjk_lang
                0x0000e0f8                _localeconv_r
                0x0000e100                setlocale
                0x0000e110                localeconv
 .text          0x0000e118       0x88 /opt/york/cs/net/sourcery-g++-lite-arm-eabi-2010.09.51-i686-1/arm-none-eabi/lib/thumb2/libc.a(lib_a-memchr.o)
                0x0000e118                memchr
 .text          0x0000e1a0      0x920 /opt/york/cs/net/sourcery-g++-lite-arm-eabi-2010.09.51-i686-1/arm-none-eabi/lib/thumb2/libc.a(lib_a-mprec.o)
                0x0000e1a0                _Balloc
                0x0000e208                _Bfree
                0x0000e240                __multadd
                0x0000e2c4                __s2b
                0x0000e358                __hi0bits
                0x0000e398                __lo0bits
                0x0000e3fc                __i2b
                0x0000e410                __multiply
                0x0000e538                __pow5mult
                0x0000e5dc                __lshift
                0x0000e688                __mcmp
                0x0000e6c4                __mdiff
                0x0000e7bc                __ulp
                0x0000e804                __b2d
                0x0000e8b0                __d2b
                0x0000e978                __ratio
                0x0000e9e8                _mprec_log10
                0x0000ea1c                __copybits
                0x0000ea64                __any_on
 .text          0x0000eac0      0x114 /opt/york/cs/net/sourcery-g++-lite-arm-eabi-2010.09.51-i686-1/arm-none-eabi/lib/thumb2/libc.a(lib_a-reent.o)
                0x0000eac0                cleanup_glue
                0x0000eadc                _reclaim_reent
                0x0000eb9c                _wrapup_reent
 .text          0x0000ebd4       0x90 /opt/york/cs/net/sourcery-g++-lite-arm-eabi-2010.09.51-i686-1/arm-none-eabi/lib/thumb2/libc.a(lib_a-s_fpclassify.o)
                0x0000ebd4                __fpclassifyd
 .text          0x0000ec64      0x1dc /opt/york/cs/net/sourcery-g++-lite-arm-eabi-2010.09.51-i686-1/arm-none-eabi/lib/thumb2/libc.a(lib_a-strcmp.o)
                0x0000ec64                strcmp
 .text          0x0000ee40      0xbe4 /opt/york/cs/net/sourcery-g++-lite-arm-eabi-2010.09.51-i686-1/arm-none-eabi/lib/thumb2/libc.a(lib_a-svfiprintf.o)
                0x0000ee40                __ssprint_r
                0x0000ef48                _svfiprintf_r
 .text          0x0000fa24       0x5c /opt/york/cs/net/sourcery-g++-lite-arm-eabi-2010.09.51-i686-1/arm-none-eabi/lib/thumb2/libc.a(lib_a-callocr.o)
                0x0000fa24                _calloc_r
 .text          0x0000fa80       0xa0 /opt/york/cs/net/sourcery-g++-lite-arm-eabi-2010.09.51-i686-1/arm-none-eabi/lib/thumb2/libc.a(lib_a-memmove.o)
                0x0000fa80                memmove
 .text          0x0000fb20      0x41c /opt/york/cs/net/sourcery-g++-lite-arm-eabi-2010.09.51-i686-1/arm-none-eabi/lib/thumb2/libc.a(lib_a-reallocr.o)
                0x0000fb20                _realloc_r
 *fill*         0x0000ff3c        0x4 00
 .text          0x0000ff40      0x278 /opt/york/cs/net/sourcery-g++-lite-arm-eabi-2010.09.51-i686-1/bin/../lib/gcc/arm-none-eabi/4.5.1/thumb2/libgcc.a(_udivsi3.o)
                0x0000ff40                __udivsi3
                0x0000ff40                __aeabi_uidiv
                0x0001019c                __aeabi_uidivmod
 .text          0x000101b8        0x4 /opt/york/cs/net/sourcery-g++-lite-arm-eabi-2010.09.51-i686-1/bin/../lib/gcc/arm-none-eabi/4.5.1/thumb2/libgcc.a(_dvmd_tls.o)
                0x000101b8                __aeabi_ldiv0
                0x000101b8                __aeabi_idiv0
 .text          0x000101bc      0x370 /opt/york/cs/net/sourcery-g++-lite-arm-eabi-2010.09.51-i686-1/bin/../lib/gcc/arm-none-eabi/4.5.1/thumb2/libgcc.a(_arm_addsubdf3.o)
                0x000101bc                __aeabi_drsub
                0x000101c4                __aeabi_dsub
                0x000101c4                __subdf3
                0x000101c8                __adddf3
                0x000101c8                __aeabi_dadd
                0x00010440                __aeabi_ui2d
                0x00010440                __floatunsidf
                0x00010460                __floatsidf
                0x00010460                __aeabi_i2d
                0x00010484                __extendsfdf2
                0x00010484                __aeabi_f2d
                0x000104c0                __aeabi_ul2d
                0x000104c0                __floatundidf
                0x000104d0                __floatdidf
                0x000104d0                __aeabi_l2d
 .text          0x0001052c      0x424 /opt/york/cs/net/sourcery-g++-lite-arm-eabi-2010.09.51-i686-1/bin/../lib/gcc/arm-none-eabi/4.5.1/thumb2/libgcc.a(_arm_muldivdf3.o)
                0x0001052c                __aeabi_dmul
                0x0001052c                __muldf3
                0x00010780                __aeabi_ddiv
                0x00010780                __divdf3
 .text          0x00010950      0x110 /opt/york/cs/net/sourcery-g++-lite-arm-eabi-2010.09.51-i686-1/bin/../lib/gcc/arm-none-eabi/4.5.1/thumb2/libgcc.a(_arm_cmpdf2.o)
                0x00010950                __gtdf2
                0x00010950                __gedf2
                0x00010958                __ltdf2
                0x00010958                __ledf2
                0x00010960                __cmpdf2
                0x00010960                __eqdf2
                0x00010960                __nedf2
                0x000109dc                __aeabi_cdrcmple
                0x000109ec                __aeabi_cdcmple
                0x000109ec                __aeabi_cdcmpeq
                0x000109fc                __aeabi_dcmpeq
                0x00010a10                __aeabi_dcmplt
                0x00010a24                __aeabi_dcmple
                0x00010a38                __aeabi_dcmpge
                0x00010a4c                __aeabi_dcmpgt
 .text          0x00010a60       0x50 /opt/york/cs/net/sourcery-g++-lite-arm-eabi-2010.09.51-i686-1/bin/../lib/gcc/arm-none-eabi/4.5.1/thumb2/libgcc.a(_arm_fixdfsi.o)
                0x00010a60                __fixdfsi
                0x00010a60                __aeabi_d2iz
 .text          0x00010ab0      0x21c /opt/york/cs/net/sourcery-g++-lite-arm-eabi-2010.09.51-i686-1/bin/../lib/gcc/arm-none-eabi/4.5.1/thumb2/libgcc.a(_arm_addsubsf3.o)
                0x00010ab0                __aeabi_frsub
                0x00010ab8                __subsf3
                0x00010ab8                __aeabi_fsub
                0x00010abc                __aeabi_fadd
                0x00010abc                __addsf3
                0x00010c1c                __aeabi_ui2f
                0x00010c1c                __floatunsisf
                0x00010c24                __aeabi_i2f
                0x00010c24                __floatsisf
                0x00010c40                __floatundisf
                0x00010c40                __aeabi_ul2f
                0x00010c50                __floatdisf
                0x00010c50                __aeabi_l2f
 .text          0x00010ccc      0x2a0 /opt/york/cs/net/sourcery-g++-lite-arm-eabi-2010.09.51-i686-1/bin/../lib/gcc/arm-none-eabi/4.5.1/thumb2/libgcc.a(_arm_muldivsf3.o)
                0x00010ccc                __mulsf3
                0x00010ccc                __aeabi_fmul
                0x00010e34                __divsf3
                0x00010e34                __aeabi_fdiv
 .text          0x00010f6c       0x2c /opt/york/cs/net/sourcery-g++-lite-arm-eabi-2010.09.51-i686-1/bin/../lib/gcc/arm-none-eabi/4.5.1/thumb2/libgcc.a(_aeabi_uldivmod.o)
                0x00010f6c                __aeabi_uldivmod
 .text          0x00010f98       0x60 /opt/york/cs/net/sourcery-g++-lite-arm-eabi-2010.09.51-i686-1/bin/../lib/gcc/arm-none-eabi/4.5.1/thumb2/libgcc.a(bpabi.o)
                0x00010f98                __gnu_ldivmod_helper
                0x00010fc8                __gnu_uldivmod_helper
 .text          0x00010ff8      0x364 /opt/york/cs/net/sourcery-g++-lite-arm-eabi-2010.09.51-i686-1/bin/../lib/gcc/arm-none-eabi/4.5.1/thumb2/libgcc.a(_divdi3.o)
                0x00010ff8                __divdi3
 .text          0x0001135c      0x314 /opt/york/cs/net/sourcery-g++-lite-arm-eabi-2010.09.51-i686-1/bin/../lib/gcc/arm-none-eabi/4.5.1/thumb2/libgcc.a(_udivdi3.o)
                0x0001135c                __udivdi3
 .text          0x00011670       0x98 /opt/york/cs/net/sourcery-g++-lite-arm-eabi-2010.09.51-i686-1/arm-none-eabi/lib/thumb2/libm.a(lib_a-s_sin.o)
                0x00011670                sin
 .text          0x00011708      0x448 /opt/york/cs/net/sourcery-g++-lite-arm-eabi-2010.09.51-i686-1/arm-none-eabi/lib/thumb2/libm.a(lib_a-e_rem_pio2.o)
                0x00011708                __ieee754_rem_pio2
 .text          0x00011b50      0x250 /opt/york/cs/net/sourcery-g++-lite-arm-eabi-2010.09.51-i686-1/arm-none-eabi/lib/thumb2/libm.a(lib_a-k_cos.o)
                0x00011b50                __kernel_cos
 .text          0x00011da0      0x7a8 /opt/york/cs/net/sourcery-g++-lite-arm-eabi-2010.09.51-i686-1/arm-none-eabi/lib/thumb2/libm.a(lib_a-k_rem_pio2.o)
                0x00011da0                __kernel_rem_pio2
 .text          0x00012548      0x168 /opt/york/cs/net/sourcery-g++-lite-arm-eabi-2010.09.51-i686-1/arm-none-eabi/lib/thumb2/libm.a(lib_a-k_sin.o)
                0x00012548                __kernel_sin
 .text          0x000126b0        0x8 /opt/york/cs/net/sourcery-g++-lite-arm-eabi-2010.09.51-i686-1/arm-none-eabi/lib/thumb2/libm.a(lib_a-s_fabs.o)
                0x000126b0                fabs
 .text          0x000126b8      0x128 /opt/york/cs/net/sourcery-g++-lite-arm-eabi-2010.09.51-i686-1/arm-none-eabi/lib/thumb2/libm.a(lib_a-s_floor.o)
                0x000126b8                floor
 .text          0x000127e0      0x108 /opt/york/cs/net/sourcery-g++-lite-arm-eabi-2010.09.51-i686-1/arm-none-eabi/lib/thumb2/libm.a(lib_a-s_scalbn.o)
                0x000127e0                scalbn
 .text          0x000128e8       0x14 /opt/york/cs/net/sourcery-g++-lite-arm-eabi-2010.09.51-i686-1/arm-none-eabi/lib/thumb2/libm.a(lib_a-s_copysign.o)
                0x000128e8                copysign
 *fill*         0x000128fc        0x4 00
 .text          0x00012900      0x2b0 /opt/york/cs/net/sourcery-g++-lite-arm-eabi-2010.09.51-i686-1/bin/../lib/gcc/arm-none-eabi/4.5.1/thumb2/libgcc.a(_divsi3.o)
                0x00012900                __aeabi_idiv
                0x00012900                __divsi3
                0x00012b94                __aeabi_idivmod
 .text          0x00012bb0       0x30 /opt/york/cs/net/sourcery-g++-lite-arm-eabi-2010.09.51-i686-1/arm-none-eabi/lib/thumb2/libcs3.a(start_c.o)
                0x00012bb0                __cs3_premain
 .text.cs3.init
                0x00012be0       0x50 /opt/york/cs/net/sourcery-g++-lite-arm-eabi-2010.09.51-i686-1/arm-none-eabi/lib/thumb2/libcs3.a(start_c.o)
                0x00012be0                __cs3_start_c
 .text          0x00012c30       0x40 /opt/york/cs/net/sourcery-g++-lite-arm-eabi-2010.09.51-i686-1/arm-none-eabi/lib/thumb2/libcs3unhosted.a(unhosted-sbrk.o)
                0x00012c30                _sbrk
 .text          0x00012c70        0x0 /opt/york/cs/net/sourcery-g++-lite-arm-eabi-2010.09.51-i686-1/arm-none-eabi/lib/thumb2/libcs3unhosted.a(unhosted-start.o)
 .text.cs3.init
                0x00012c70       0x10 /opt/york/cs/net/sourcery-g++-lite-arm-eabi-2010.09.51-i686-1/arm-none-eabi/lib/thumb2/libcs3unhosted.a(unhosted-start.o)
                0x00012c70                _start
 .text          0x00012c80        0xc /opt/york/cs/net/sourcery-g++-lite-arm-eabi-2010.09.51-i686-1/arm-none-eabi/lib/thumb2/libc.a(lib_a-errno.o)
                0x00012c80                __errno
 .text          0x00012c8c       0x50 /opt/york/cs/net/sourcery-g++-lite-arm-eabi-2010.09.51-i686-1/arm-none-eabi/lib/thumb2/libc.a(lib_a-init.o)
                0x00012c8c                __libc_init_array
 .text          0x00012cdc        0x0 /opt/york/cs/net/sourcery-g++-lite-arm-eabi-2010.09.51-i686-1/arm-none-eabi/lib/thumb2/libcs3.a(heap.o)
 .text          0x00012cdc        0x0 /opt/york/cs/net/lpc1700-cmsis-lite-2011.01.26-i686-1/lib/libDriversLPC17xxgnu.a(lpc17xx_i2c.o)
 .text.NVIC_EnableIRQ
                0x00012cdc       0x38 /opt/york/cs/net/lpc1700-cmsis-lite-2011.01.26-i686-1/lib/libDriversLPC17xxgnu.a(lpc17xx_i2c.o)
 .text.NVIC_DisableIRQ
                0x00012d14       0x3c /opt/york/cs/net/lpc1700-cmsis-lite-2011.01.26-i686-1/lib/libDriversLPC17xxgnu.a(lpc17xx_i2c.o)
 .text.I2C_getNum
                0x00012d50       0x54 /opt/york/cs/net/lpc1700-cmsis-lite-2011.01.26-i686-1/lib/libDriversLPC17xxgnu.a(lpc17xx_i2c.o)
 .text.I2C_Start
                0x00012da4       0x44 /opt/york/cs/net/lpc1700-cmsis-lite-2011.01.26-i686-1/lib/libDriversLPC17xxgnu.a(lpc17xx_i2c.o)
 .text.I2C_Stop
                0x00012de8       0x38 /opt/york/cs/net/lpc1700-cmsis-lite-2011.01.26-i686-1/lib/libDriversLPC17xxgnu.a(lpc17xx_i2c.o)
 .text.I2C_SendByte
                0x00012e20       0x50 /opt/york/cs/net/lpc1700-cmsis-lite-2011.01.26-i686-1/lib/libDriversLPC17xxgnu.a(lpc17xx_i2c.o)
 .text.I2C_GetByte
                0x00012e70       0x5c /opt/york/cs/net/lpc1700-cmsis-lite-2011.01.26-i686-1/lib/libDriversLPC17xxgnu.a(lpc17xx_i2c.o)
 .text.I2C_SetClock
                0x00012ecc       0xc8 /opt/york/cs/net/lpc1700-cmsis-lite-2011.01.26-i686-1/lib/libDriversLPC17xxgnu.a(lpc17xx_i2c.o)
 .text.I2C_Init
                0x00012f94       0xd8 /opt/york/cs/net/lpc1700-cmsis-lite-2011.01.26-i686-1/lib/libDriversLPC17xxgnu.a(lpc17xx_i2c.o)
                0x00012f94                I2C_Init
 .text.I2C_DeInit
                0x0001306c       0xa4 /opt/york/cs/net/lpc1700-cmsis-lite-2011.01.26-i686-1/lib/libDriversLPC17xxgnu.a(lpc17xx_i2c.o)
                0x0001306c                I2C_DeInit
 .text.I2C_Cmd  0x00013110       0x84 /opt/york/cs/net/lpc1700-cmsis-lite-2011.01.26-i686-1/lib/libDriversLPC17xxgnu.a(lpc17xx_i2c.o)
                0x00013110                I2C_Cmd
 .text.I2C_IntCmd
                0x00013194       0xa8 /opt/york/cs/net/lpc1700-cmsis-lite-2011.01.26-i686-1/lib/libDriversLPC17xxgnu.a(lpc17xx_i2c.o)
                0x00013194                I2C_IntCmd
 .text.I2C_MasterHandler
                0x0001323c      0x3d8 /opt/york/cs/net/lpc1700-cmsis-lite-2011.01.26-i686-1/lib/libDriversLPC17xxgnu.a(lpc17xx_i2c.o)
                0x0001323c                I2C_MasterHandler
 .text.I2C_SlaveHandler
                0x00013614      0x1d8 /opt/york/cs/net/lpc1700-cmsis-lite-2011.01.26-i686-1/lib/libDriversLPC17xxgnu.a(lpc17xx_i2c.o)
                0x00013614                I2C_SlaveHandler
 .text.I2C_MasterTransferData
                0x000137ec      0x33c /opt/york/cs/net/lpc1700-cmsis-lite-2011.01.26-i686-1/lib/libDriversLPC17xxgnu.a(lpc17xx_i2c.o)
                0x000137ec                I2C_MasterTransferData
 .text.I2C_SlaveTransferData
                0x00013b28      0x268 /opt/york/cs/net/lpc1700-cmsis-lite-2011.01.26-i686-1/lib/libDriversLPC17xxgnu.a(lpc17xx_i2c.o)
                0x00013b28                I2C_SlaveTransferData
 .text.I2C_SetOwnSlaveAddr
                0x00013d90      0x118 /opt/york/cs/net/lpc1700-cmsis-lite-2011.01.26-i686-1/lib/libDriversLPC17xxgnu.a(lpc17xx_i2c.o)
                0x00013d90                I2C_SetOwnSlaveAddr
 .text.I2C_MonitorModeConfig
                0x00013ea8       0x9c /opt/york/cs/net/lpc1700-cmsis-lite-2011.01.26-i686-1/lib/libDriversLPC17xxgnu.a(lpc17xx_i2c.o)
                0x00013ea8                I2C_MonitorModeConfig
 .text.I2C_MonitorModeCmd
                0x00013f44       0xb0 /opt/york/cs/net/lpc1700-cmsis-lite-2011.01.26-i686-1/lib/libDriversLPC17xxgnu.a(lpc17xx_i2c.o)
                0x00013f44                I2C_MonitorModeCmd
 .text.I2C_MonitorGetDatabuffer
                0x00013ff4       0x54 /opt/york/cs/net/lpc1700-cmsis-lite-2011.01.26-i686-1/lib/libDriversLPC17xxgnu.a(lpc17xx_i2c.o)
                0x00013ff4                I2C_MonitorGetDatabuffer
 .text.I2C_MonitorHandler
                0x00014048       0x6c /opt/york/cs/net/lpc1700-cmsis-lite-2011.01.26-i686-1/lib/libDriversLPC17xxgnu.a(lpc17xx_i2c.o)
                0x00014048                I2C_MonitorHandler
 .text.I2C_MasterTransferComplete
                0x000140b4       0x40 /opt/york/cs/net/lpc1700-cmsis-lite-2011.01.26-i686-1/lib/libDriversLPC17xxgnu.a(lpc17xx_i2c.o)
                0x000140b4                I2C_MasterTransferComplete
 .text.I2C_SlaveTransferComplete
                0x000140f4       0x40 /opt/york/cs/net/lpc1700-cmsis-lite-2011.01.26-i686-1/lib/libDriversLPC17xxgnu.a(lpc17xx_i2c.o)
                0x000140f4                I2C_SlaveTransferComplete
 .text          0x00014134        0x0 /opt/york/cs/net/lpc1700-cmsis-lite-2011.01.26-i686-1/lib/libDriversLPC17xxgnu.a(lpc17xx_i2s.o)
 .text.i2s_GetWordWidth
                0x00014134       0x8c /opt/york/cs/net/lpc1700-cmsis-lite-2011.01.26-i686-1/lib/libDriversLPC17xxgnu.a(lpc17xx_i2s.o)
 .text.i2s_GetChannel
                0x000141c0       0x84 /opt/york/cs/net/lpc1700-cmsis-lite-2011.01.26-i686-1/lib/libDriversLPC17xxgnu.a(lpc17xx_i2s.o)
 .text.I2S_Init
                0x00014244       0x54 /opt/york/cs/net/lpc1700-cmsis-lite-2011.01.26-i686-1/lib/libDriversLPC17xxgnu.a(lpc17xx_i2s.o)
                0x00014244                I2S_Init
 .text.I2S_Config
                0x00014298      0x168 /opt/york/cs/net/lpc1700-cmsis-lite-2011.01.26-i686-1/lib/libDriversLPC17xxgnu.a(lpc17xx_i2s.o)
                0x00014298                I2S_Config
 .text.I2S_DeInit
                0x00014400       0x3c /opt/york/cs/net/lpc1700-cmsis-lite-2011.01.26-i686-1/lib/libDriversLPC17xxgnu.a(lpc17xx_i2s.o)
                0x00014400                I2S_DeInit
 .text.I2S_GetLevel
                0x0001443c       0x6c /opt/york/cs/net/lpc1700-cmsis-lite-2011.01.26-i686-1/lib/libDriversLPC17xxgnu.a(lpc17xx_i2s.o)
                0x0001443c                I2S_GetLevel
 .text.I2S_Start
                0x000144a8       0x50 /opt/york/cs/net/lpc1700-cmsis-lite-2011.01.26-i686-1/lib/libDriversLPC17xxgnu.a(lpc17xx_i2s.o)
                0x000144a8                I2S_Start
 .text.I2S_Send
                0x000144f8       0x38 /opt/york/cs/net/lpc1700-cmsis-lite-2011.01.26-i686-1/lib/libDriversLPC17xxgnu.a(lpc17xx_i2s.o)
                0x000144f8                I2S_Send
 .text.I2S_Receive
                0x00014530       0x34 /opt/york/cs/net/lpc1700-cmsis-lite-2011.01.26-i686-1/lib/libDriversLPC17xxgnu.a(lpc17xx_i2s.o)
                0x00014530                I2S_Receive
 .text.I2S_Pause
                0x00014564       0x70 /opt/york/cs/net/lpc1700-cmsis-lite-2011.01.26-i686-1/lib/libDriversLPC17xxgnu.a(lpc17xx_i2s.o)
                0x00014564                I2S_Pause
 .text.I2S_Mute
                0x000145d4       0x70 /opt/york/cs/net/lpc1700-cmsis-lite-2011.01.26-i686-1/lib/libDriversLPC17xxgnu.a(lpc17xx_i2s.o)
                0x000145d4                I2S_Mute
 .text.I2S_Stop
                0x00014644       0x94 /opt/york/cs/net/lpc1700-cmsis-lite-2011.01.26-i686-1/lib/libDriversLPC17xxgnu.a(lpc17xx_i2s.o)
                0x00014644                I2S_Stop
 .text.I2S_FreqConfig
                0x000146d8      0x110 /opt/york/cs/net/lpc1700-cmsis-lite-2011.01.26-i686-1/lib/libDriversLPC17xxgnu.a(lpc17xx_i2s.o)
                0x000146d8                I2S_FreqConfig
 .text.I2S_SetBitRate
                0x000147e8       0x7c /opt/york/cs/net/lpc1700-cmsis-lite-2011.01.26-i686-1/lib/libDriversLPC17xxgnu.a(lpc17xx_i2s.o)
                0x000147e8                I2S_SetBitRate
 .text.I2S_ModeConfig
                0x00014864      0x148 /opt/york/cs/net/lpc1700-cmsis-lite-2011.01.26-i686-1/lib/libDriversLPC17xxgnu.a(lpc17xx_i2s.o)
                0x00014864                I2S_ModeConfig
 .text.I2S_DMAConfig
                0x000149ac       0xd4 /opt/york/cs/net/lpc1700-cmsis-lite-2011.01.26-i686-1/lib/libDriversLPC17xxgnu.a(lpc17xx_i2s.o)
                0x000149ac                I2S_DMAConfig
 .text.I2S_DMACmd
                0x00014a80      0x120 /opt/york/cs/net/lpc1700-cmsis-lite-2011.01.26-i686-1/lib/libDriversLPC17xxgnu.a(lpc17xx_i2s.o)
                0x00014a80                I2S_DMACmd
 .text.I2S_IRQConfig
                0x00014ba0       0x80 /opt/york/cs/net/lpc1700-cmsis-lite-2011.01.26-i686-1/lib/libDriversLPC17xxgnu.a(lpc17xx_i2s.o)
                0x00014ba0                I2S_IRQConfig
 .text.I2S_IRQCmd
                0x00014c20       0x9c /opt/york/cs/net/lpc1700-cmsis-lite-2011.01.26-i686-1/lib/libDriversLPC17xxgnu.a(lpc17xx_i2s.o)
                0x00014c20                I2S_IRQCmd
 .text.I2S_GetIRQStatus
                0x00014cbc       0x58 /opt/york/cs/net/lpc1700-cmsis-lite-2011.01.26-i686-1/lib/libDriversLPC17xxgnu.a(lpc17xx_i2s.o)
                0x00014cbc                I2S_GetIRQStatus
 .text.I2S_GetIRQDepth
                0x00014d14       0x50 /opt/york/cs/net/lpc1700-cmsis-lite-2011.01.26-i686-1/lib/libDriversLPC17xxgnu.a(lpc17xx_i2s.o)
                0x00014d14                I2S_GetIRQDepth
 .text          0x00014d64        0x0 /opt/york/cs/net/lpc1700-cmsis-lite-2011.01.26-i686-1/lib/libDriversLPC17xxgnu.a(lpc17xx_libcfg_default.o)
 .text.check_failed
                0x00014d64        0xc /opt/york/cs/net/lpc1700-cmsis-lite-2011.01.26-i686-1/lib/libDriversLPC17xxgnu.a(lpc17xx_libcfg_default.o)
                0x00014d64                check_failed
 .text          0x00014d70        0x0 /opt/york/cs/net/lpc1700-cmsis-lite-2011.01.26-i686-1/lib/libDriversLPC17xxgnu.a(lpc17xx_pinsel.o)
 .text.set_PinFunc
                0x00014d70       0xa0 /opt/york/cs/net/lpc1700-cmsis-lite-2011.01.26-i686-1/lib/libDriversLPC17xxgnu.a(lpc17xx_pinsel.o)
 .text.set_ResistorMode
                0x00014e10       0xa0 /opt/york/cs/net/lpc1700-cmsis-lite-2011.01.26-i686-1/lib/libDriversLPC17xxgnu.a(lpc17xx_pinsel.o)
 .text.set_OpenDrainMode
                0x00014eb0       0x80 /opt/york/cs/net/lpc1700-cmsis-lite-2011.01.26-i686-1/lib/libDriversLPC17xxgnu.a(lpc17xx_pinsel.o)
 .text.PINSEL_ConfigTraceFunc
                0x00014f30       0x54 /opt/york/cs/net/lpc1700-cmsis-lite-2011.01.26-i686-1/lib/libDriversLPC17xxgnu.a(lpc17xx_pinsel.o)
                0x00014f30                PINSEL_ConfigTraceFunc
 .text.PINSEL_SetI2C0Pins
                0x00014f84       0x3c /opt/york/cs/net/lpc1700-cmsis-lite-2011.01.26-i686-1/lib/libDriversLPC17xxgnu.a(lpc17xx_pinsel.o)
                0x00014f84                PINSEL_SetI2C0Pins
 .text.PINSEL_ConfigPin
                0x00014fc0       0x54 /opt/york/cs/net/lpc1700-cmsis-lite-2011.01.26-i686-1/lib/libDriversLPC17xxgnu.a(lpc17xx_pinsel.o)
                0x00014fc0                PINSEL_ConfigPin
 .text          0x00015014        0x0 /opt/york/cs/net/lpc1700-cmsis-lite-2011.01.26-i686-1/lib/libDriversLPC17xxgnu.a(lpc17xx_ssp.o)
 .text.setSSPclock
                0x00015014       0xf8 /opt/york/cs/net/lpc1700-cmsis-lite-2011.01.26-i686-1/lib/libDriversLPC17xxgnu.a(lpc17xx_ssp.o)
 .text.SSP_Init
                0x0001510c       0xbc /opt/york/cs/net/lpc1700-cmsis-lite-2011.01.26-i686-1/lib/libDriversLPC17xxgnu.a(lpc17xx_ssp.o)
                0x0001510c                SSP_Init
 .text.SSP_DeInit
                0x000151c8       0x74 /opt/york/cs/net/lpc1700-cmsis-lite-2011.01.26-i686-1/lib/libDriversLPC17xxgnu.a(lpc17xx_ssp.o)
                0x000151c8                SSP_DeInit
 .text.SSP_GetDataSize
                0x0001523c       0x4c /opt/york/cs/net/lpc1700-cmsis-lite-2011.01.26-i686-1/lib/libDriversLPC17xxgnu.a(lpc17xx_ssp.o)
                0x0001523c                SSP_GetDataSize
 .text.SSP_ConfigStructInit
                0x00015288       0x48 /opt/york/cs/net/lpc1700-cmsis-lite-2011.01.26-i686-1/lib/libDriversLPC17xxgnu.a(lpc17xx_ssp.o)
                0x00015288                SSP_ConfigStructInit
 .text.SSP_Cmd  0x000152d0       0x7c /opt/york/cs/net/lpc1700-cmsis-lite-2011.01.26-i686-1/lib/libDriversLPC17xxgnu.a(lpc17xx_ssp.o)
                0x000152d0                SSP_Cmd
 .text.SSP_LoopBackCmd
                0x0001534c       0x7c /opt/york/cs/net/lpc1700-cmsis-lite-2011.01.26-i686-1/lib/libDriversLPC17xxgnu.a(lpc17xx_ssp.o)
                0x0001534c                SSP_LoopBackCmd
 .text.SSP_SlaveOutputCmd
                0x000153c8       0x7c /opt/york/cs/net/lpc1700-cmsis-lite-2011.01.26-i686-1/lib/libDriversLPC17xxgnu.a(lpc17xx_ssp.o)
                0x000153c8                SSP_SlaveOutputCmd
 .text.SSP_SendData
                0x00015444       0x48 /opt/york/cs/net/lpc1700-cmsis-lite-2011.01.26-i686-1/lib/libDriversLPC17xxgnu.a(lpc17xx_ssp.o)
                0x00015444                SSP_SendData
 .text.SSP_ReceiveData
                0x0001548c       0x44 /opt/york/cs/net/lpc1700-cmsis-lite-2011.01.26-i686-1/lib/libDriversLPC17xxgnu.a(lpc17xx_ssp.o)
                0x0001548c                SSP_ReceiveData
 .text.SSP_ReadWrite
                0x000154d0      0x390 /opt/york/cs/net/lpc1700-cmsis-lite-2011.01.26-i686-1/lib/libDriversLPC17xxgnu.a(lpc17xx_ssp.o)
                0x000154d0                SSP_ReadWrite
 .text.SSP_GetStatus
                0x00015860       0x84 /opt/york/cs/net/lpc1700-cmsis-lite-2011.01.26-i686-1/lib/libDriversLPC17xxgnu.a(lpc17xx_ssp.o)
                0x00015860                SSP_GetStatus
 .text.SSP_IntConfig
                0x000158e4       0x70 /opt/york/cs/net/lpc1700-cmsis-lite-2011.01.26-i686-1/lib/libDriversLPC17xxgnu.a(lpc17xx_ssp.o)
                0x000158e4                SSP_IntConfig
 .text.SSP_GetRawIntStatus
                0x00015954       0x80 /opt/york/cs/net/lpc1700-cmsis-lite-2011.01.26-i686-1/lib/libDriversLPC17xxgnu.a(lpc17xx_ssp.o)
                0x00015954                SSP_GetRawIntStatus
 .text.SSP_GetRawIntStatusReg
                0x000159d4       0x44 /opt/york/cs/net/lpc1700-cmsis-lite-2011.01.26-i686-1/lib/libDriversLPC17xxgnu.a(lpc17xx_ssp.o)
                0x000159d4                SSP_GetRawIntStatusReg
 .text.SSP_GetIntStatus
                0x00015a18       0x80 /opt/york/cs/net/lpc1700-cmsis-lite-2011.01.26-i686-1/lib/libDriversLPC17xxgnu.a(lpc17xx_ssp.o)
                0x00015a18                SSP_GetIntStatus
 .text.SSP_ClearIntPending
                0x00015a98       0x60 /opt/york/cs/net/lpc1700-cmsis-lite-2011.01.26-i686-1/lib/libDriversLPC17xxgnu.a(lpc17xx_ssp.o)
                0x00015a98                SSP_ClearIntPending
 .text.SSP_DMACmd
                0x00015af8       0xa8 /opt/york/cs/net/lpc1700-cmsis-lite-2011.01.26-i686-1/lib/libDriversLPC17xxgnu.a(lpc17xx_ssp.o)
                0x00015af8                SSP_DMACmd
 .text          0x00015ba0        0x0 /opt/york/cs/net/lpc1700-cmsis-lite-2011.01.26-i686-1/lib/libDriversLPC17xxgnu.a(lpc17xx_uart.o)
 .text.uart_set_divisors
                0x00015ba0      0x26c /opt/york/cs/net/lpc1700-cmsis-lite-2011.01.26-i686-1/lib/libDriversLPC17xxgnu.a(lpc17xx_uart.o)
 .text.UART_Init
                0x00015e0c      0x368 /opt/york/cs/net/lpc1700-cmsis-lite-2011.01.26-i686-1/lib/libDriversLPC17xxgnu.a(lpc17xx_uart.o)
                0x00015e0c                UART_Init
 .text.UART_DeInit
                0x00016174       0xcc /opt/york/cs/net/lpc1700-cmsis-lite-2011.01.26-i686-1/lib/libDriversLPC17xxgnu.a(lpc17xx_uart.o)
                0x00016174                UART_DeInit
 .text.UART_ConfigStructInit
                0x00016240       0x34 /opt/york/cs/net/lpc1700-cmsis-lite-2011.01.26-i686-1/lib/libDriversLPC17xxgnu.a(lpc17xx_uart.o)
                0x00016240                UART_ConfigStructInit
 .text.UART_SendByte
                0x00016274       0x78 /opt/york/cs/net/lpc1700-cmsis-lite-2011.01.26-i686-1/lib/libDriversLPC17xxgnu.a(lpc17xx_uart.o)
                0x00016274                UART_SendByte
 .text.UART_ReceiveByte
                0x000162ec       0x78 /opt/york/cs/net/lpc1700-cmsis-lite-2011.01.26-i686-1/lib/libDriversLPC17xxgnu.a(lpc17xx_uart.o)
                0x000162ec                UART_ReceiveByte
 .text.UART_Send
                0x00016364      0x10c /opt/york/cs/net/lpc1700-cmsis-lite-2011.01.26-i686-1/lib/libDriversLPC17xxgnu.a(lpc17xx_uart.o)
                0x00016364                UART_Send
 .text.UART_Receive
                0x00016470       0xd8 /opt/york/cs/net/lpc1700-cmsis-lite-2011.01.26-i686-1/lib/libDriversLPC17xxgnu.a(lpc17xx_uart.o)
                0x00016470                UART_Receive
 .text.UART_ForceBreak
                0x00016548       0x88 /opt/york/cs/net/lpc1700-cmsis-lite-2011.01.26-i686-1/lib/libDriversLPC17xxgnu.a(lpc17xx_uart.o)
                0x00016548                UART_ForceBreak
 .text.UART_IntConfig
                0x000165d0      0x1d0 /opt/york/cs/net/lpc1700-cmsis-lite-2011.01.26-i686-1/lib/libDriversLPC17xxgnu.a(lpc17xx_uart.o)
                0x000165d0                UART_IntConfig
 .text.UART_GetLineStatus
                0x000167a0       0x7c /opt/york/cs/net/lpc1700-cmsis-lite-2011.01.26-i686-1/lib/libDriversLPC17xxgnu.a(lpc17xx_uart.o)
                0x000167a0                UART_GetLineStatus
 .text.UART_GetIntId
                0x0001681c       0x68 /opt/york/cs/net/lpc1700-cmsis-lite-2011.01.26-i686-1/lib/libDriversLPC17xxgnu.a(lpc17xx_uart.o)
                0x0001681c                UART_GetIntId
 .text.UART_CheckBusy
                0x00016884       0x2c /opt/york/cs/net/lpc1700-cmsis-lite-2011.01.26-i686-1/lib/libDriversLPC17xxgnu.a(lpc17xx_uart.o)
                0x00016884                UART_CheckBusy
 .text.UART_FIFOConfig
                0x000168b0      0x184 /opt/york/cs/net/lpc1700-cmsis-lite-2011.01.26-i686-1/lib/libDriversLPC17xxgnu.a(lpc17xx_uart.o)
                0x000168b0                UART_FIFOConfig
 .text.UART_FIFOConfigStructInit
                0x00016a34       0x34 /opt/york/cs/net/lpc1700-cmsis-lite-2011.01.26-i686-1/lib/libDriversLPC17xxgnu.a(lpc17xx_uart.o)
                0x00016a34                UART_FIFOConfigStructInit
 .text.UART_ABCmd
                0x00016a68      0x15c /opt/york/cs/net/lpc1700-cmsis-lite-2011.01.26-i686-1/lib/libDriversLPC17xxgnu.a(lpc17xx_uart.o)
                0x00016a68                UART_ABCmd
 .text.UART_ABClearIntPending
                0x00016bc4       0x88 /opt/york/cs/net/lpc1700-cmsis-lite-2011.01.26-i686-1/lib/libDriversLPC17xxgnu.a(lpc17xx_uart.o)
                0x00016bc4                UART_ABClearIntPending
 .text.UART_TxCmd
                0x00016c4c       0xe8 /opt/york/cs/net/lpc1700-cmsis-lite-2011.01.26-i686-1/lib/libDriversLPC17xxgnu.a(lpc17xx_uart.o)
                0x00016c4c                UART_TxCmd
 .text.UART_IrDAInvtInputCmd
                0x00016d34       0x84 /opt/york/cs/net/lpc1700-cmsis-lite-2011.01.26-i686-1/lib/libDriversLPC17xxgnu.a(lpc17xx_uart.o)
                0x00016d34                UART_IrDAInvtInputCmd
 .text.UART_IrDACmd
                0x00016db8       0x80 /opt/york/cs/net/lpc1700-cmsis-lite-2011.01.26-i686-1/lib/libDriversLPC17xxgnu.a(lpc17xx_uart.o)
                0x00016db8                UART_IrDACmd
 .text.UART_IrDAPulseDivConfig
                0x00016e38       0xac /opt/york/cs/net/lpc1700-cmsis-lite-2011.01.26-i686-1/lib/libDriversLPC17xxgnu.a(lpc17xx_uart.o)
                0x00016e38                UART_IrDAPulseDivConfig
 .text.UART_FullModemForcePinState
                0x00016ee4       0xcc /opt/york/cs/net/lpc1700-cmsis-lite-2011.01.26-i686-1/lib/libDriversLPC17xxgnu.a(lpc17xx_uart.o)
                0x00016ee4                UART_FullModemForcePinState
 .text.UART_FullModemConfigMode
                0x00016fb0       0xd8 /opt/york/cs/net/lpc1700-cmsis-lite-2011.01.26-i686-1/lib/libDriversLPC17xxgnu.a(lpc17xx_uart.o)
                0x00016fb0                UART_FullModemConfigMode
 .text.UART_FullModemGetStatus
                0x00017088       0x38 /opt/york/cs/net/lpc1700-cmsis-lite-2011.01.26-i686-1/lib/libDriversLPC17xxgnu.a(lpc17xx_uart.o)
                0x00017088                UART_FullModemGetStatus
 .text.UART_RS485Config
                0x000170c0      0x1bc /opt/york/cs/net/lpc1700-cmsis-lite-2011.01.26-i686-1/lib/libDriversLPC17xxgnu.a(lpc17xx_uart.o)
                0x000170c0                UART_RS485Config
 .text.UART_RS485ReceiverCmd
                0x0001727c       0x48 /opt/york/cs/net/lpc1700-cmsis-lite-2011.01.26-i686-1/lib/libDriversLPC17xxgnu.a(lpc17xx_uart.o)
                0x0001727c                UART_RS485ReceiverCmd
 .text.UART_RS485Send
                0x000172c4       0x84 /opt/york/cs/net/lpc1700-cmsis-lite-2011.01.26-i686-1/lib/libDriversLPC17xxgnu.a(lpc17xx_uart.o)
                0x000172c4                UART_RS485Send
 .text.UART_RS485SendSlvAddr
                0x00017348       0x28 /opt/york/cs/net/lpc1700-cmsis-lite-2011.01.26-i686-1/lib/libDriversLPC17xxgnu.a(lpc17xx_uart.o)
                0x00017348                UART_RS485SendSlvAddr
 .text.UART_RS485SendData
                0x00017370       0x28 /opt/york/cs/net/lpc1700-cmsis-lite-2011.01.26-i686-1/lib/libDriversLPC17xxgnu.a(lpc17xx_uart.o)
                0x00017370                UART_RS485SendData
 .text          0x00017398        0x0 /opt/york/cs/net/lpc1700-cmsis-lite-2011.01.26-i686-1/lib/libDriversLPC17xxgnu.a(lpc17xx_clkpwr.o)
 .text.CLKPWR_SetPCLKDiv
                0x00017398       0xd4 /opt/york/cs/net/lpc1700-cmsis-lite-2011.01.26-i686-1/lib/libDriversLPC17xxgnu.a(lpc17xx_clkpwr.o)
                0x00017398                CLKPWR_SetPCLKDiv
 .text.CLKPWR_GetPCLKSEL
                0x0001746c       0x54 /opt/york/cs/net/lpc1700-cmsis-lite-2011.01.26-i686-1/lib/libDriversLPC17xxgnu.a(lpc17xx_clkpwr.o)
                0x0001746c                CLKPWR_GetPCLKSEL
 .text.CLKPWR_GetPCLK
                0x000174c0       0x70 /opt/york/cs/net/lpc1700-cmsis-lite-2011.01.26-i686-1/lib/libDriversLPC17xxgnu.a(lpc17xx_clkpwr.o)
                0x000174c0                CLKPWR_GetPCLK
 .text.CLKPWR_ConfigPPWR
                0x00017530       0x80 /opt/york/cs/net/lpc1700-cmsis-lite-2011.01.26-i686-1/lib/libDriversLPC17xxgnu.a(lpc17xx_clkpwr.o)
                0x00017530                CLKPWR_ConfigPPWR
 .text.CLKPWR_Sleep
                0x000175b0       0x1c /opt/york/cs/net/lpc1700-cmsis-lite-2011.01.26-i686-1/lib/libDriversLPC17xxgnu.a(lpc17xx_clkpwr.o)
                0x000175b0                CLKPWR_Sleep
 .text.CLKPWR_DeepSleep
                0x000175cc       0x2c /opt/york/cs/net/lpc1700-cmsis-lite-2011.01.26-i686-1/lib/libDriversLPC17xxgnu.a(lpc17xx_clkpwr.o)
                0x000175cc                CLKPWR_DeepSleep
 .text.CLKPWR_PowerDown
                0x000175f8       0x2c /opt/york/cs/net/lpc1700-cmsis-lite-2011.01.26-i686-1/lib/libDriversLPC17xxgnu.a(lpc17xx_clkpwr.o)
                0x000175f8                CLKPWR_PowerDown
 .text.CLKPWR_DeepPowerDown
                0x00017624       0x2c /opt/york/cs/net/lpc1700-cmsis-lite-2011.01.26-i686-1/lib/libDriversLPC17xxgnu.a(lpc17xx_clkpwr.o)
                0x00017624                CLKPWR_DeepPowerDown
 .text          0x00017650        0x0 /opt/york/cs/net/sourcery-g++-lite-arm-eabi-2010.09.51-i686-1/bin/../lib/gcc/arm-none-eabi/4.5.1/thumb2/crtend.o
 .text          0x00017650        0x0 /opt/york/cs/net/sourcery-g++-lite-arm-eabi-2010.09.51-i686-1/bin/../lib/gcc/arm-none-eabi/4.5.1/thumb2/crtn.o
 *(.plt)
 *(.gnu.warning)
 *(.glue_7t)
 .glue_7t       0x00000000        0x0 linker stubs
 *(.glue_7)
 .glue_7        0x00000000        0x0 linker stubs
 *(.vfp11_veneer)
 .vfp11_veneer  0x00000000        0x0 linker stubs
 *(.rodata .rodata.* .gnu.linkonce.r.*)
 .rodata        0x00017650      0x3c8 main.o
 .rodata.C.0.2899
                0x00017a18       0x10 source/KeyAccess.o
 .rodata        0x00017a28       0x14 source/LCD.o
 .rodata        0x00017a3c       0x1c source/Wave.o
 .rodata        0x00017a58        0x4 source/i2s.o
 .rodata        0x00017a5c       0xc8 source/SD.o
 .rodata.C.1.2907
                0x00017b24       0x18 source/TLV320.o
 .rodata.C.2.2908
                0x00017b3c       0x18 source/TLV320.o
 .rodata.C.3.2909
                0x00017b54       0x10 source/TLV320.o
 .rodata.C.4.2910
                0x00017b64        0x8 source/TLV320.o
 .rodata.C.5.2911
                0x00017b6c        0x8 source/TLV320.o
 .rodata.C.6.2912
                0x00017b74        0x4 source/TLV320.o
 .rodata.DbcTbl
                0x00017b78        0xc source/FatFS/ff.o
 .rodata        0x00017b84       0x50 source/FatFS/ff.o
 .rodata.cst32.1625
                0x00017bd4       0x10 source/FatFS/ff.o
 .rodata.cst.1624
                0x00017be4       0x10 source/FatFS/ff.o
 .rodata.badchr.1608
                0x00017bf4       0x14 source/FatFS/ff.o
 .rodata        0x00017c08       0x20 /opt/york/cs/net/sourcery-g++-lite-arm-eabi-2010.09.51-i686-1/arm-none-eabi/lib/thumb2/libc.a(lib_a-svfprintf.o)
 .rodata.str1.4
                0x00017c28       0x42 /opt/york/cs/net/sourcery-g++-lite-arm-eabi-2010.09.51-i686-1/arm-none-eabi/lib/thumb2/libc.a(lib_a-svfprintf.o)
                                 0x44 (size before relaxing)
 *fill*         0x00017c6a        0x2 00
 .rodata        0x00017c6c      0x104 /opt/york/cs/net/sourcery-g++-lite-arm-eabi-2010.09.51-i686-1/arm-none-eabi/lib/thumb2/libc.a(lib_a-ctype_.o)
                0x00017c6c                _ctype_
 .rodata.str1.4
                0x00017d70       0x10 /opt/york/cs/net/sourcery-g++-lite-arm-eabi-2010.09.51-i686-1/arm-none-eabi/lib/thumb2/libc.a(lib_a-dtoa.o)
                                 0x14 (size before relaxing)
 .rodata        0x00017d80        0x4 /opt/york/cs/net/sourcery-g++-lite-arm-eabi-2010.09.51-i686-1/arm-none-eabi/lib/thumb2/libc.a(lib_a-impure.o)
                0x00017d80                _global_impure_ptr
 .rodata.str1.4
                0x00017d84        0x2 /opt/york/cs/net/sourcery-g++-lite-arm-eabi-2010.09.51-i686-1/arm-none-eabi/lib/thumb2/libc.a(lib_a-impure.o)
                                  0x4 (size before relaxing)
 *fill*         0x00017d86        0x2 00
 .rodata.str1.4
                0x00017d88        0xc /opt/york/cs/net/sourcery-g++-lite-arm-eabi-2010.09.51-i686-1/arm-none-eabi/lib/thumb2/libc.a(lib_a-locale.o)
                                 0x14 (size before relaxing)
 *fill*         0x00017d94        0x4 00
 .rodata        0x00017d98      0x128 /opt/york/cs/net/sourcery-g++-lite-arm-eabi-2010.09.51-i686-1/arm-none-eabi/lib/thumb2/libc.a(lib_a-mprec.o)
                0x00017da8                __mprec_tens
                0x00017e70                __mprec_bigtens
                0x00017e98                __mprec_tinytens
 .rodata        0x00017ec0       0x20 /opt/york/cs/net/sourcery-g++-lite-arm-eabi-2010.09.51-i686-1/arm-none-eabi/lib/thumb2/libc.a(lib_a-svfiprintf.o)
 .rodata.str1.4
                0x00000000       0x30 /opt/york/cs/net/sourcery-g++-lite-arm-eabi-2010.09.51-i686-1/arm-none-eabi/lib/thumb2/libc.a(lib_a-svfiprintf.o)
 .rodata        0x00017ee0      0x188 /opt/york/cs/net/sourcery-g++-lite-arm-eabi-2010.09.51-i686-1/arm-none-eabi/lib/thumb2/libm.a(lib_a-e_rem_pio2.o)
 .rodata        0x00018068       0x50 /opt/york/cs/net/sourcery-g++-lite-arm-eabi-2010.09.51-i686-1/arm-none-eabi/lib/thumb2/libm.a(lib_a-k_rem_pio2.o)
 .rodata        0x000180b8       0x10 /opt/york/cs/net/lpc1700-cmsis-lite-2011.01.26-i686-1/lib/libDriversLPC17xxgnu.a(lpc17xx_i2c.o)
 .rodata        0x000180c8       0x10 /opt/york/cs/net/lpc1700-cmsis-lite-2011.01.26-i686-1/lib/libDriversLPC17xxgnu.a(lpc17xx_i2s.o)
 .rodata        0x000180d8       0x10 /opt/york/cs/net/lpc1700-cmsis-lite-2011.01.26-i686-1/lib/libDriversLPC17xxgnu.a(lpc17xx_ssp.o)
 .rodata        0x000180e8       0x10 /opt/york/cs/net/lpc1700-cmsis-lite-2011.01.26-i686-1/lib/libDriversLPC17xxgnu.a(lpc17xx_uart.o)
 *(.ARM.extab* .gnu.linkonce.armextab.*)
 .ARM.extab.cs3.reset
                0x000180f8        0x0 /opt/york/cs/net/lpc1700-cmsis-lite-2011.01.26-i686-1/lib/startup_LPC17xx.o
 .ARM.extab     0x000180f8        0x0 /opt/york/cs/net/sourcery-g++-lite-arm-eabi-2010.09.51-i686-1/bin/../lib/gcc/arm-none-eabi/4.5.1/thumb2/libgcc.a(_divdi3.o)
 .ARM.extab     0x000180f8        0x0 /opt/york/cs/net/sourcery-g++-lite-arm-eabi-2010.09.51-i686-1/bin/../lib/gcc/arm-none-eabi/4.5.1/thumb2/libgcc.a(_udivdi3.o)
 *(.gcc_except_table)
 *(.eh_frame_hdr)
 *(.eh_frame)
                0x000180f8                . = ALIGN (0x4)
 *(.init)
 .init          0x000180f8        0x4 /opt/york/cs/net/sourcery-g++-lite-arm-eabi-2010.09.51-i686-1/bin/../lib/gcc/arm-none-eabi/4.5.1/thumb2/crti.o
                0x000180f8                _init
 .init          0x000180fc        0x8 /opt/york/cs/net/sourcery-g++-lite-arm-eabi-2010.09.51-i686-1/bin/../lib/gcc/arm-none-eabi/4.5.1/thumb2/crtn.o
                0x00018104                . = ALIGN (0x4)
                0x00018104                __preinit_array_start = .
 *(.preinit_array)
                0x00018104                __preinit_array_end = .
                0x00018104                . = ALIGN (0x4)
                0x00018104                __init_array_start = .
 *(SORT(.init_array.*))
 *(.init_array)
 .init_array    0x00018104        0x4 /opt/york/cs/net/sourcery-g++-lite-arm-eabi-2010.09.51-i686-1/bin/../lib/gcc/arm-none-eabi/4.5.1/thumb2/crtbegin.o
                0x00018108                __init_array_end = .
                0x00018108                . = ALIGN (0x4)
 *crtbegin.o(.ctors)
 *(EXCLUDE_FILE(*crtend.o) .ctors)
 *(SORT(.ctors.*))
 *crtend.o(.ctors)
                0x00018108                . = ALIGN (0x4)
 *(.fini)
 .fini          0x00018108        0x4 /opt/york/cs/net/sourcery-g++-lite-arm-eabi-2010.09.51-i686-1/bin/../lib/gcc/arm-none-eabi/4.5.1/thumb2/crti.o
                0x00018108                _fini
 .fini          0x0001810c        0x8 /opt/york/cs/net/sourcery-g++-lite-arm-eabi-2010.09.51-i686-1/bin/../lib/gcc/arm-none-eabi/4.5.1/thumb2/crtn.o
                0x00018114                . = ALIGN (0x4)
                0x00018114                __fini_array_start = .
 *(.fini_array)
 .fini_array    0x00018114        0x4 /opt/york/cs/net/sourcery-g++-lite-arm-eabi-2010.09.51-i686-1/bin/../lib/gcc/arm-none-eabi/4.5.1/thumb2/crtbegin.o
 *(SORT(.fini_array.*))
                0x00018118                __fini_array_end = .
 *crtbegin.o(.dtors)
 *(EXCLUDE_FILE(*crtend.o) .dtors)
 *(SORT(.dtors.*))
 *crtend.o(.dtors)
                0x00018118                . = ALIGN (0x4)
                0x00018118                __cs3_regions = .
                0x00018118        0x4 LONG 0x0
                0x0001811c        0x4 LONG 0x18138 __cs3_region_init_ram
                0x00018120        0x4 LONG 0x10000000 __cs3_region_start_ram
                0x00018124        0x4 LONG 0x610 __cs3_region_init_size_ram
                0x00018128        0x4 LONG 0xb30 __cs3_region_zero_size_ram
                0x0001812c                __exidx_start = .

.v4_bx          0x0001812c        0x0
 .v4_bx         0x00000000        0x0 linker stubs

.ARM.exidx      0x0001812c        0x8
 *(.ARM.exidx* .gnu.linkonce.armexidx.*)
 .ARM.exidx.cs3.reset
                0x0001812c        0x8 /opt/york/cs/net/lpc1700-cmsis-lite-2011.01.26-i686-1/lib/startup_LPC17xx.o
 .ARM.exidx     0x00018134        0x0 /opt/york/cs/net/sourcery-g++-lite-arm-eabi-2010.09.51-i686-1/bin/../lib/gcc/arm-none-eabi/4.5.1/thumb2/libgcc.a(_divdi3.o)
                                  0x8 (size before relaxing)
 .ARM.exidx     0x00018134        0x0 /opt/york/cs/net/sourcery-g++-lite-arm-eabi-2010.09.51-i686-1/bin/../lib/gcc/arm-none-eabi/4.5.1/thumb2/libgcc.a(_udivdi3.o)
                                  0x8 (size before relaxing)
                0x00018134                __exidx_end = .

.text.align     0x00018134        0x4
                0x00018138                . = ALIGN (0x8)
 *fill*         0x00018134        0x4 00
                0x00018138                _etext = .
                0x00080000                __cs3_region_size_rom = 0x80000
                0x00000001                __cs3_region_num = 0x1

.data           0x10000000      0x610 load address 0x00018138
                0x10000000                __cs3_region_start_ram = .
 *(.cs3.region-head.ram)
 *(.jcr)
 .jcr           0x10000000        0x0 /opt/york/cs/net/sourcery-g++-lite-arm-eabi-2010.09.51-i686-1/bin/../lib/gcc/arm-none-eabi/4.5.1/thumb2/crtbegin.o
 .jcr           0x10000000        0x4 /opt/york/cs/net/sourcery-g++-lite-arm-eabi-2010.09.51-i686-1/bin/../lib/gcc/arm-none-eabi/4.5.1/thumb2/crtend.o
 *(.got.plt)
 *(.got)
 *(.shdata)
 *(.data .data.* .gnu.linkonce.d.*)
 .data          0x10000004        0x0 /opt/york/cs/net/sourcery-g++-lite-arm-eabi-2010.09.51-i686-1/bin/../lib/gcc/arm-none-eabi/4.5.1/thumb2/crti.o
 .data          0x10000004        0x4 /opt/york/cs/net/sourcery-g++-lite-arm-eabi-2010.09.51-i686-1/bin/../lib/gcc/arm-none-eabi/4.5.1/thumb2/crtbegin.o
                0x10000004                __dso_handle
 .data          0x10000008        0x0 main.o
 .data.MenuText
                0x10000008       0x1c main.o
                0x10000008                MenuText
 .data.menuFuncs
                0x10000024       0x28 main.o
                0x10000024                menuFuncs
 .data.int_Handler_Funcs
                0x1000004c        0x4 main.o
                0x1000004c                int_Handler_Funcs
 .data          0x10000050        0x0 source/KeyAccess.o
 .data          0x10000050        0x0 source/LCD.o
 .data.clrLine  0x10000050       0x14 source/LCD.o
                0x10000050                clrLine
 .data.Init     0x10000064        0xc source/LCD.o
                0x10000064                Init
 .data          0x10000070        0x0 source/I2C.o
 .data          0x10000070        0x0 source/Wave.o
 .data          0x10000070        0x0 source/Delay.o
 .data          0x10000070        0x0 source/NewMalloc.o
 .data          0x10000070        0x0 source/SerialIO.o
 .data          0x10000070        0x0 source/interrupt_handlers.o
 .data          0x10000070        0x0 source/i2s.o
 .data.I2S_int_Handler_Funcs
                0x10000070        0xc source/i2s.o
 .data          0x1000007c        0x0 source/SD.o
 .data          0x1000007c        0x0 source/TLV320.o
 .data          0x1000007c        0x0 source/FatFS/ff.o
 .data          0x1000007c        0x0 source/FatFS/mmc_176x_ssp.o
 .data.Stat     0x1000007c        0x1 source/FatFS/mmc_176x_ssp.o
 .data          0x1000007d        0x0 source/FatFS/diskio.o
 .data          0x1000007d        0x0 /opt/york/cs/net/lpc1700-cmsis-lite-2011.01.26-i686-1/lib/core_cm3.o
 .data          0x1000007d        0x0 /opt/york/cs/net/lpc1700-cmsis-lite-2011.01.26-i686-1/lib/system_LPC17xx.o
 *fill*         0x1000007d        0x3 00
 .data.SystemCoreClock
                0x10000080        0x4 /opt/york/cs/net/lpc1700-cmsis-lite-2011.01.26-i686-1/lib/system_LPC17xx.o
                0x10000080                SystemCoreClock
 .data          0x10000084        0x0 /opt/york/cs/net/lpc1700-cmsis-lite-2011.01.26-i686-1/lib/startup_LPC17xx.o
 .data          0x10000084        0x0 /opt/york/cs/net/sourcery-g++-lite-arm-eabi-2010.09.51-i686-1/arm-none-eabi/lib/thumb2/libc.a(lib_a-atoi.o)
 .data          0x10000084        0x0 /opt/york/cs/net/sourcery-g++-lite-arm-eabi-2010.09.51-i686-1/arm-none-eabi/lib/thumb2/libc.a(lib_a-malloc.o)
 .data          0x10000084      0x410 /opt/york/cs/net/sourcery-g++-lite-arm-eabi-2010.09.51-i686-1/arm-none-eabi/lib/thumb2/libc.a(lib_a-mallocr.o)
                0x10000084                __malloc_av_
                0x1000048c                __malloc_sbrk_base
                0x10000490                __malloc_trim_threshold
 .data          0x10000494        0x0 /opt/york/cs/net/sourcery-g++-lite-arm-eabi-2010.09.51-i686-1/arm-none-eabi/lib/thumb2/libc.a(lib_a-memcpy.o)
 .data          0x10000494        0x0 /opt/york/cs/net/sourcery-g++-lite-arm-eabi-2010.09.51-i686-1/arm-none-eabi/lib/thumb2/libc.a(lib_a-memset.o)
 .data          0x10000494        0x0 /opt/york/cs/net/sourcery-g++-lite-arm-eabi-2010.09.51-i686-1/arm-none-eabi/lib/thumb2/libc.a(lib_a-mlock.o)
 .data          0x10000494        0x0 /opt/york/cs/net/sourcery-g++-lite-arm-eabi-2010.09.51-i686-1/arm-none-eabi/lib/thumb2/libc.a(lib_a-sbrkr.o)
 .data          0x10000494        0x0 /opt/york/cs/net/sourcery-g++-lite-arm-eabi-2010.09.51-i686-1/arm-none-eabi/lib/thumb2/libc.a(lib_a-sprintf.o)
 .data          0x10000494        0x0 /opt/york/cs/net/sourcery-g++-lite-arm-eabi-2010.09.51-i686-1/arm-none-eabi/lib/thumb2/libc.a(lib_a-strchr.o)
 .data          0x10000494        0x0 /opt/york/cs/net/sourcery-g++-lite-arm-eabi-2010.09.51-i686-1/arm-none-eabi/lib/thumb2/libc.a(lib_a-strcpy.o)
 .data          0x10000494        0x0 /opt/york/cs/net/sourcery-g++-lite-arm-eabi-2010.09.51-i686-1/arm-none-eabi/lib/thumb2/libc.a(lib_a-strlen.o)
 .data          0x10000494        0x0 /opt/york/cs/net/sourcery-g++-lite-arm-eabi-2010.09.51-i686-1/arm-none-eabi/lib/thumb2/libc.a(lib_a-strncmp.o)
 .data          0x10000494        0x0 /opt/york/cs/net/sourcery-g++-lite-arm-eabi-2010.09.51-i686-1/arm-none-eabi/lib/thumb2/libc.a(lib_a-strncpy.o)
 .data          0x10000494        0x0 /opt/york/cs/net/sourcery-g++-lite-arm-eabi-2010.09.51-i686-1/arm-none-eabi/lib/thumb2/libc.a(lib_a-strtol.o)
 .data          0x10000494        0x0 /opt/york/cs/net/sourcery-g++-lite-arm-eabi-2010.09.51-i686-1/arm-none-eabi/lib/thumb2/libc.a(lib_a-svfprintf.o)
 .data          0x10000494        0x4 /opt/york/cs/net/sourcery-g++-lite-arm-eabi-2010.09.51-i686-1/arm-none-eabi/lib/thumb2/libc.a(lib_a-ctype_.o)
                0x10000494                __ctype_ptr__
 .data          0x10000498        0x0 /opt/york/cs/net/sourcery-g++-lite-arm-eabi-2010.09.51-i686-1/arm-none-eabi/lib/thumb2/libc.a(lib_a-dtoa.o)
 .data          0x10000498        0x0 /opt/york/cs/net/sourcery-g++-lite-arm-eabi-2010.09.51-i686-1/arm-none-eabi/lib/thumb2/libc.a(lib_a-freer.o)
 .data          0x10000498       0xf4 /opt/york/cs/net/sourcery-g++-lite-arm-eabi-2010.09.51-i686-1/arm-none-eabi/lib/thumb2/libc.a(lib_a-impure.o)
                0x10000498                _impure_ptr
 .data          0x1000058c       0x7c /opt/york/cs/net/sourcery-g++-lite-arm-eabi-2010.09.51-i686-1/arm-none-eabi/lib/thumb2/libc.a(lib_a-locale.o)
                0x100005ac                __mb_cur_max
 .data          0x10000608        0x0 /opt/york/cs/net/sourcery-g++-lite-arm-eabi-2010.09.51-i686-1/arm-none-eabi/lib/thumb2/libc.a(lib_a-memchr.o)
 .data          0x10000608        0x0 /opt/york/cs/net/sourcery-g++-lite-arm-eabi-2010.09.51-i686-1/arm-none-eabi/lib/thumb2/libc.a(lib_a-mprec.o)
 .data          0x10000608        0x0 /opt/york/cs/net/sourcery-g++-lite-arm-eabi-2010.09.51-i686-1/arm-none-eabi/lib/thumb2/libc.a(lib_a-reent.o)
 .data          0x10000608        0x0 /opt/york/cs/net/sourcery-g++-lite-arm-eabi-2010.09.51-i686-1/arm-none-eabi/lib/thumb2/libc.a(lib_a-s_fpclassify.o)
 .data          0x10000608        0x0 /opt/york/cs/net/sourcery-g++-lite-arm-eabi-2010.09.51-i686-1/arm-none-eabi/lib/thumb2/libc.a(lib_a-strcmp.o)
 .data          0x10000608        0x0 /opt/york/cs/net/sourcery-g++-lite-arm-eabi-2010.09.51-i686-1/arm-none-eabi/lib/thumb2/libc.a(lib_a-svfiprintf.o)
 .data          0x10000608        0x0 /opt/york/cs/net/sourcery-g++-lite-arm-eabi-2010.09.51-i686-1/arm-none-eabi/lib/thumb2/libc.a(lib_a-callocr.o)
 .data          0x10000608        0x0 /opt/york/cs/net/sourcery-g++-lite-arm-eabi-2010.09.51-i686-1/arm-none-eabi/lib/thumb2/libc.a(lib_a-memmove.o)
 .data          0x10000608        0x0 /opt/york/cs/net/sourcery-g++-lite-arm-eabi-2010.09.51-i686-1/arm-none-eabi/lib/thumb2/libc.a(lib_a-reallocr.o)
 .data          0x10000608        0x0 /opt/york/cs/net/sourcery-g++-lite-arm-eabi-2010.09.51-i686-1/bin/../lib/gcc/arm-none-eabi/4.5.1/thumb2/libgcc.a(_udivsi3.o)
 .data          0x10000608        0x0 /opt/york/cs/net/sourcery-g++-lite-arm-eabi-2010.09.51-i686-1/bin/../lib/gcc/arm-none-eabi/4.5.1/thumb2/libgcc.a(_dvmd_tls.o)
 .data          0x10000608        0x0 /opt/york/cs/net/sourcery-g++-lite-arm-eabi-2010.09.51-i686-1/bin/../lib/gcc/arm-none-eabi/4.5.1/thumb2/libgcc.a(_arm_addsubdf3.o)
 .data          0x10000608        0x0 /opt/york/cs/net/sourcery-g++-lite-arm-eabi-2010.09.51-i686-1/bin/../lib/gcc/arm-none-eabi/4.5.1/thumb2/libgcc.a(_arm_muldivdf3.o)
 .data          0x10000608        0x0 /opt/york/cs/net/sourcery-g++-lite-arm-eabi-2010.09.51-i686-1/bin/../lib/gcc/arm-none-eabi/4.5.1/thumb2/libgcc.a(_arm_cmpdf2.o)
 .data          0x10000608        0x0 /opt/york/cs/net/sourcery-g++-lite-arm-eabi-2010.09.51-i686-1/bin/../lib/gcc/arm-none-eabi/4.5.1/thumb2/libgcc.a(_arm_fixdfsi.o)
 .data          0x10000608        0x0 /opt/york/cs/net/sourcery-g++-lite-arm-eabi-2010.09.51-i686-1/bin/../lib/gcc/arm-none-eabi/4.5.1/thumb2/libgcc.a(_arm_addsubsf3.o)
 .data          0x10000608        0x0 /opt/york/cs/net/sourcery-g++-lite-arm-eabi-2010.09.51-i686-1/bin/../lib/gcc/arm-none-eabi/4.5.1/thumb2/libgcc.a(_arm_muldivsf3.o)
 .data          0x10000608        0x0 /opt/york/cs/net/sourcery-g++-lite-arm-eabi-2010.09.51-i686-1/bin/../lib/gcc/arm-none-eabi/4.5.1/thumb2/libgcc.a(_aeabi_uldivmod.o)
 .data          0x10000608        0x0 /opt/york/cs/net/sourcery-g++-lite-arm-eabi-2010.09.51-i686-1/bin/../lib/gcc/arm-none-eabi/4.5.1/thumb2/libgcc.a(bpabi.o)
 .data          0x10000608        0x0 /opt/york/cs/net/sourcery-g++-lite-arm-eabi-2010.09.51-i686-1/bin/../lib/gcc/arm-none-eabi/4.5.1/thumb2/libgcc.a(_divdi3.o)
 .data          0x10000608        0x0 /opt/york/cs/net/sourcery-g++-lite-arm-eabi-2010.09.51-i686-1/bin/../lib/gcc/arm-none-eabi/4.5.1/thumb2/libgcc.a(_udivdi3.o)
 .data          0x10000608        0x0 /opt/york/cs/net/sourcery-g++-lite-arm-eabi-2010.09.51-i686-1/arm-none-eabi/lib/thumb2/libm.a(lib_a-s_sin.o)
 .data          0x10000608        0x0 /opt/york/cs/net/sourcery-g++-lite-arm-eabi-2010.09.51-i686-1/arm-none-eabi/lib/thumb2/libm.a(lib_a-e_rem_pio2.o)
 .data          0x10000608        0x0 /opt/york/cs/net/sourcery-g++-lite-arm-eabi-2010.09.51-i686-1/arm-none-eabi/lib/thumb2/libm.a(lib_a-k_cos.o)
 .data          0x10000608        0x0 /opt/york/cs/net/sourcery-g++-lite-arm-eabi-2010.09.51-i686-1/arm-none-eabi/lib/thumb2/libm.a(lib_a-k_rem_pio2.o)
 .data          0x10000608        0x0 /opt/york/cs/net/sourcery-g++-lite-arm-eabi-2010.09.51-i686-1/arm-none-eabi/lib/thumb2/libm.a(lib_a-k_sin.o)
 .data          0x10000608        0x0 /opt/york/cs/net/sourcery-g++-lite-arm-eabi-2010.09.51-i686-1/arm-none-eabi/lib/thumb2/libm.a(lib_a-s_fabs.o)
 .data          0x10000608        0x0 /opt/york/cs/net/sourcery-g++-lite-arm-eabi-2010.09.51-i686-1/arm-none-eabi/lib/thumb2/libm.a(lib_a-s_floor.o)
 .data          0x10000608        0x0 /opt/york/cs/net/sourcery-g++-lite-arm-eabi-2010.09.51-i686-1/arm-none-eabi/lib/thumb2/libm.a(lib_a-s_scalbn.o)
 .data          0x10000608        0x0 /opt/york/cs/net/sourcery-g++-lite-arm-eabi-2010.09.51-i686-1/arm-none-eabi/lib/thumb2/libm.a(lib_a-s_copysign.o)
 .data          0x10000608        0x0 /opt/york/cs/net/sourcery-g++-lite-arm-eabi-2010.09.51-i686-1/bin/../lib/gcc/arm-none-eabi/4.5.1/thumb2/libgcc.a(_divsi3.o)
 .data          0x10000608        0x0 /opt/york/cs/net/sourcery-g++-lite-arm-eabi-2010.09.51-i686-1/arm-none-eabi/lib/thumb2/libcs3.a(start_c.o)
 .data          0x10000608        0x4 /opt/york/cs/net/sourcery-g++-lite-arm-eabi-2010.09.51-i686-1/arm-none-eabi/lib/thumb2/libcs3unhosted.a(unhosted-sbrk.o)
 .data          0x1000060c        0x0 /opt/york/cs/net/sourcery-g++-lite-arm-eabi-2010.09.51-i686-1/arm-none-eabi/lib/thumb2/libcs3unhosted.a(unhosted-start.o)
 .data          0x1000060c        0x0 /opt/york/cs/net/sourcery-g++-lite-arm-eabi-2010.09.51-i686-1/arm-none-eabi/lib/thumb2/libc.a(lib_a-errno.o)
 .data          0x1000060c        0x0 /opt/york/cs/net/sourcery-g++-lite-arm-eabi-2010.09.51-i686-1/arm-none-eabi/lib/thumb2/libc.a(lib_a-init.o)
 .data          0x1000060c        0x4 /opt/york/cs/net/sourcery-g++-lite-arm-eabi-2010.09.51-i686-1/arm-none-eabi/lib/thumb2/libcs3.a(heap.o)
                0x1000060c                __cs3_heap_limit
 .data          0x10000610        0x0 /opt/york/cs/net/lpc1700-cmsis-lite-2011.01.26-i686-1/lib/libDriversLPC17xxgnu.a(lpc17xx_i2c.o)
 .data          0x10000610        0x0 /opt/york/cs/net/lpc1700-cmsis-lite-2011.01.26-i686-1/lib/libDriversLPC17xxgnu.a(lpc17xx_i2s.o)
 .data          0x10000610        0x0 /opt/york/cs/net/lpc1700-cmsis-lite-2011.01.26-i686-1/lib/libDriversLPC17xxgnu.a(lpc17xx_libcfg_default.o)
 .data          0x10000610        0x0 /opt/york/cs/net/lpc1700-cmsis-lite-2011.01.26-i686-1/lib/libDriversLPC17xxgnu.a(lpc17xx_pinsel.o)
 .data          0x10000610        0x0 /opt/york/cs/net/lpc1700-cmsis-lite-2011.01.26-i686-1/lib/libDriversLPC17xxgnu.a(lpc17xx_ssp.o)
 .data          0x10000610        0x0 /opt/york/cs/net/lpc1700-cmsis-lite-2011.01.26-i686-1/lib/libDriversLPC17xxgnu.a(lpc17xx_uart.o)
 .data          0x10000610        0x0 /opt/york/cs/net/lpc1700-cmsis-lite-2011.01.26-i686-1/lib/libDriversLPC17xxgnu.a(lpc17xx_clkpwr.o)
 .data          0x10000610        0x0 /opt/york/cs/net/sourcery-g++-lite-arm-eabi-2010.09.51-i686-1/bin/../lib/gcc/arm-none-eabi/4.5.1/thumb2/crtend.o
 .data          0x10000610        0x0 /opt/york/cs/net/sourcery-g++-lite-arm-eabi-2010.09.51-i686-1/bin/../lib/gcc/arm-none-eabi/4.5.1/thumb2/crtn.o
 *(.ram)
                0x10000610                . = ALIGN (0x8)
                0x10000610                _edata = .

.bss            0x10000610      0xb30 load address 0x00018748
 *(.shbss)
 *(.bss .bss.* .gnu.linkonce.b.*)
 .bss           0x10000610        0x0 /opt/york/cs/net/sourcery-g++-lite-arm-eabi-2010.09.51-i686-1/bin/../lib/gcc/arm-none-eabi/4.5.1/thumb2/crti.o
 .bss           0x10000610        0x1 /opt/york/cs/net/sourcery-g++-lite-arm-eabi-2010.09.51-i686-1/bin/../lib/gcc/arm-none-eabi/4.5.1/thumb2/crtbegin.o
 .bss           0x10000611        0x0 main.o
 .bss.int_Handler_Enable
                0x10000611        0x1 main.o
                0x10000611                int_Handler_Enable
 .bss.int_Handler_Index
                0x10000612        0x1 main.o
                0x10000612                int_Handler_Index
 .bss           0x10000613        0x0 source/KeyAccess.o
 .bss           0x10000613        0x0 source/LCD.o
 .bss           0x10000613        0x0 source/I2C.o
 .bss           0x10000613        0x0 source/Wave.o
 .bss           0x10000613        0x0 source/Delay.o
 .bss           0x10000613        0x0 source/NewMalloc.o
 *fill*         0x10000613        0x1 00
 .bss.length    0x10000614        0x4 source/NewMalloc.o
                0x10000614                length
 .bss           0x10000618        0x0 source/SerialIO.o
 .bss           0x10000618        0x0 source/interrupt_handlers.o
 .bss           0x10000618        0x0 source/i2s.o
 .bss           0x10000618        0x0 source/SD.o
 .bss           0x10000618        0x0 source/TLV320.o
 .bss           0x10000618        0x0 source/FatFS/ff.o
 .bss.FatFs     0x10000618        0x4 source/FatFS/ff.o
 .bss.Fsid      0x1000061c        0x2 source/FatFS/ff.o
 .bss.CurrVol   0x1000061e        0x1 source/FatFS/ff.o
 .bss           0x1000061f        0x0 source/FatFS/mmc_176x_ssp.o
 *fill*         0x1000061f        0x1 00
 .bss.Timer1    0x10000620        0x4 source/FatFS/mmc_176x_ssp.o
 .bss.Timer2    0x10000624        0x4 source/FatFS/mmc_176x_ssp.o
 .bss.CardType  0x10000628        0x1 source/FatFS/mmc_176x_ssp.o
 .bss           0x10000629        0x0 source/FatFS/diskio.o
 .bss           0x10000629        0x0 /opt/york/cs/net/lpc1700-cmsis-lite-2011.01.26-i686-1/lib/core_cm3.o
 .bss           0x10000629        0x0 /opt/york/cs/net/lpc1700-cmsis-lite-2011.01.26-i686-1/lib/system_LPC17xx.o
 .bss           0x10000629        0x0 /opt/york/cs/net/lpc1700-cmsis-lite-2011.01.26-i686-1/lib/startup_LPC17xx.o
 .bss           0x10000629        0x0 /opt/york/cs/net/sourcery-g++-lite-arm-eabi-2010.09.51-i686-1/arm-none-eabi/lib/thumb2/libc.a(lib_a-atoi.o)
 .bss           0x10000629        0x0 /opt/york/cs/net/sourcery-g++-lite-arm-eabi-2010.09.51-i686-1/arm-none-eabi/lib/thumb2/libc.a(lib_a-malloc.o)
 *fill*         0x10000629        0x3 00
 .bss           0x1000062c       0x34 /opt/york/cs/net/sourcery-g++-lite-arm-eabi-2010.09.51-i686-1/arm-none-eabi/lib/thumb2/libc.a(lib_a-mallocr.o)
                0x1000062c                __malloc_top_pad
                0x10000630                __malloc_current_mallinfo
                0x10000658                __malloc_max_sbrked_mem
                0x1000065c                __malloc_max_total_mem
 .bss           0x10000660        0x0 /opt/york/cs/net/sourcery-g++-lite-arm-eabi-2010.09.51-i686-1/arm-none-eabi/lib/thumb2/libc.a(lib_a-memcpy.o)