Archive member included because of file (symbol)

/opt/york/cs/net/sourcery-g++-lite-arm-eabi-2010.09.51-i686-1/arm-none-eabi/lib/thumb2/libc.a(lib_a-malloc.o)
                              main.o (malloc)
/opt/york/cs/net/sourcery-g++-lite-arm-eabi-2010.09.51-i686-1/arm-none-eabi/lib/thumb2/libc.a(lib_a-mallocr.o)
                              /opt/york/cs/net/sourcery-g++-lite-arm-eabi-2010.09.51-i686-1/arm-none-eabi/lib/thumb2/libc.a(lib_a-malloc.o) (_malloc_r)
/opt/york/cs/net/sourcery-g++-lite-arm-eabi-2010.09.51-i686-1/arm-none-eabi/lib/thumb2/libc.a(lib_a-mlock.o)
                              /opt/york/cs/net/sourcery-g++-lite-arm-eabi-2010.09.51-i686-1/arm-none-eabi/lib/thumb2/libc.a(lib_a-mallocr.o) (__malloc_lock)
/opt/york/cs/net/sourcery-g++-lite-arm-eabi-2010.09.51-i686-1/arm-none-eabi/lib/thumb2/libc.a(lib_a-sbrkr.o)
                              /opt/york/cs/net/sourcery-g++-lite-arm-eabi-2010.09.51-i686-1/arm-none-eabi/lib/thumb2/libc.a(lib_a-mallocr.o) (_sbrk_r)
/opt/york/cs/net/sourcery-g++-lite-arm-eabi-2010.09.51-i686-1/arm-none-eabi/lib/thumb2/libc.a(lib_a-sprintf.o)
                              main.o (sprintf)
/opt/york/cs/net/sourcery-g++-lite-arm-eabi-2010.09.51-i686-1/arm-none-eabi/lib/thumb2/libc.a(lib_a-strlen.o)
                              main.o (strlen)
/opt/york/cs/net/sourcery-g++-lite-arm-eabi-2010.09.51-i686-1/arm-none-eabi/lib/thumb2/libc.a(lib_a-svfprintf.o)
                              /opt/york/cs/net/sourcery-g++-lite-arm-eabi-2010.09.51-i686-1/arm-none-eabi/lib/thumb2/libc.a(lib_a-sprintf.o) (_svfprintf_r)
/opt/york/cs/net/sourcery-g++-lite-arm-eabi-2010.09.51-i686-1/arm-none-eabi/lib/thumb2/libc.a(lib_a-dtoa.o)
                              /opt/york/cs/net/sourcery-g++-lite-arm-eabi-2010.09.51-i686-1/arm-none-eabi/lib/thumb2/libc.a(lib_a-svfprintf.o) (_dtoa_r)
/opt/york/cs/net/sourcery-g++-lite-arm-eabi-2010.09.51-i686-1/arm-none-eabi/lib/thumb2/libc.a(lib_a-freer.o)
                              /opt/york/cs/net/sourcery-g++-lite-arm-eabi-2010.09.51-i686-1/arm-none-eabi/lib/thumb2/libc.a(lib_a-malloc.o) (_free_r)
/opt/york/cs/net/sourcery-g++-lite-arm-eabi-2010.09.51-i686-1/arm-none-eabi/lib/thumb2/libc.a(lib_a-impure.o)
                              /opt/york/cs/net/sourcery-g++-lite-arm-eabi-2010.09.51-i686-1/arm-none-eabi/lib/thumb2/libc.a(lib_a-malloc.o) (_impure_ptr)
/opt/york/cs/net/sourcery-g++-lite-arm-eabi-2010.09.51-i686-1/arm-none-eabi/lib/thumb2/libc.a(lib_a-locale.o)
                              /opt/york/cs/net/sourcery-g++-lite-arm-eabi-2010.09.51-i686-1/arm-none-eabi/lib/thumb2/libc.a(lib_a-svfprintf.o) (_localeconv_r)
/opt/york/cs/net/sourcery-g++-lite-arm-eabi-2010.09.51-i686-1/arm-none-eabi/lib/thumb2/libc.a(lib_a-memchr.o)
                              /opt/york/cs/net/sourcery-g++-lite-arm-eabi-2010.09.51-i686-1/arm-none-eabi/lib/thumb2/libc.a(lib_a-svfprintf.o) (memchr)
/opt/york/cs/net/sourcery-g++-lite-arm-eabi-2010.09.51-i686-1/arm-none-eabi/lib/thumb2/libc.a(lib_a-memcpy.o)
                              /opt/york/cs/net/sourcery-g++-lite-arm-eabi-2010.09.51-i686-1/arm-none-eabi/lib/thumb2/libc.a(lib_a-dtoa.o) (memcpy)
/opt/york/cs/net/sourcery-g++-lite-arm-eabi-2010.09.51-i686-1/arm-none-eabi/lib/thumb2/libc.a(lib_a-mprec.o)
                              /opt/york/cs/net/sourcery-g++-lite-arm-eabi-2010.09.51-i686-1/arm-none-eabi/lib/thumb2/libc.a(lib_a-dtoa.o) (_Balloc)
/opt/york/cs/net/sourcery-g++-lite-arm-eabi-2010.09.51-i686-1/arm-none-eabi/lib/thumb2/libc.a(lib_a-reent.o)
                              /opt/york/cs/net/sourcery-g++-lite-arm-eabi-2010.09.51-i686-1/arm-none-eabi/lib/thumb2/libc.a(lib_a-sbrkr.o) (errno)
/opt/york/cs/net/sourcery-g++-lite-arm-eabi-2010.09.51-i686-1/arm-none-eabi/lib/thumb2/libc.a(lib_a-s_fpclassify.o)
                              /opt/york/cs/net/sourcery-g++-lite-arm-eabi-2010.09.51-i686-1/arm-none-eabi/lib/thumb2/libc.a(lib_a-svfprintf.o) (__fpclassifyd)
/opt/york/cs/net/sourcery-g++-lite-arm-eabi-2010.09.51-i686-1/arm-none-eabi/lib/thumb2/libc.a(lib_a-strcmp.o)
                              /opt/york/cs/net/sourcery-g++-lite-arm-eabi-2010.09.51-i686-1/arm-none-eabi/lib/thumb2/libc.a(lib_a-locale.o) (strcmp)
/opt/york/cs/net/sourcery-g++-lite-arm-eabi-2010.09.51-i686-1/arm-none-eabi/lib/thumb2/libc.a(lib_a-svfiprintf.o)
                              /opt/york/cs/net/sourcery-g++-lite-arm-eabi-2010.09.51-i686-1/arm-none-eabi/lib/thumb2/libc.a(lib_a-svfprintf.o) (__ssprint_r)
/opt/york/cs/net/sourcery-g++-lite-arm-eabi-2010.09.51-i686-1/arm-none-eabi/lib/thumb2/libc.a(lib_a-callocr.o)
                              /opt/york/cs/net/sourcery-g++-lite-arm-eabi-2010.09.51-i686-1/arm-none-eabi/lib/thumb2/libc.a(lib_a-mprec.o) (_calloc_r)
/opt/york/cs/net/sourcery-g++-lite-arm-eabi-2010.09.51-i686-1/arm-none-eabi/lib/thumb2/libc.a(lib_a-memmove.o)
                              /opt/york/cs/net/sourcery-g++-lite-arm-eabi-2010.09.51-i686-1/arm-none-eabi/lib/thumb2/libc.a(lib_a-svfiprintf.o) (memmove)
[...]
Memory Configuration

Name             Origin             Length             Attributes
rom              0x00000000         0x00080000         xr
ram              0x10000000         0x00008000         xrw
ram1             0x2007c000         0x00004000         xrw
ram2             0x20080000         0x00004000         xrw
*default*        0x00000000         0xffffffff

Linker script and memory map

LOAD /opt/york/cs/net/sourcery-g++-lite-arm-eabi-2010.09.51-i686-1/bin/../lib/gcc/arm-none-eabi/4.5.1/thumb2/crti.o
LOAD /opt/york/cs/net/sourcery-g++-lite-arm-eabi-2010.09.51-i686-1/bin/../lib/gcc/arm-none-eabi/4.5.1/thumb2/crtbegin.o
LOAD main.o
LOAD source/i2s_polling.o
LOAD source/KeyAccess.o
LOAD source/LCD.o
LOAD source/i2s.o
LOAD source/TLV320.o
LOAD source/Delay.o
LOAD source/SerialIO.o
LOAD source/I2C.o
LOAD source/FatFS/ff.o
LOAD source/FatFS/ffunicode.o
LOAD source/FatFS/mmc_176x_ssp.o
LOAD source/FatFS/diskio.o
LOAD /opt/york/cs/net/lpc1700-cmsis-lite-2011.01.26-i686-1/lib/core_cm3.o
LOAD /opt/york/cs/net/lpc1700-cmsis-lite-2011.01.26-i686-1/lib/system_LPC17xx.o
LOAD /opt/york/cs/net/lpc1700-cmsis-lite-2011.01.26-i686-1/lib/startup_LPC17xx.o
START GROUP
LOAD /opt/york/cs/net/sourcery-g++-lite-arm-eabi-2010.09.51-i686-1/arm-none-eabi/lib/thumb2/libc.a
LOAD /opt/york/cs/net/sourcery-g++-lite-arm-eabi-2010.09.51-i686-1/arm-none-eabi/lib/thumb2/libg.a
LOAD /opt/york/cs/net/sourcery-g++-lite-arm-eabi-2010.09.51-i686-1/arm-none-eabi/lib/thumb2/libstdc++.a
LOAD /opt/york/cs/net/sourcery-g++-lite-arm-eabi-2010.09.51-i686-1/arm-none-eabi/lib/thumb2/libsupc++.a
LOAD /opt/york/cs/net/sourcery-g++-lite-arm-eabi-2010.09.51-i686-1/bin/../lib/gcc/arm-none-eabi/4.5.1/thumb2/libgcc.a
LOAD /opt/york/cs/net/sourcery-g++-lite-arm-eabi-2010.09.51-i686-1/arm-none-eabi/lib/thumb2/libm.a
END GROUP
START GROUP
LOAD /opt/york/cs/net/sourcery-g++-lite-arm-eabi-2010.09.51-i686-1/bin/../lib/gcc/arm-none-eabi/4.5.1/thumb2/libgcc.a
LOAD /opt/york/cs/net/sourcery-g++-lite-arm-eabi-2010.09.51-i686-1/arm-none-eabi/lib/thumb2/libc.a
LOAD /opt/york/cs/net/sourcery-g++-lite-arm-eabi-2010.09.51-i686-1/arm-none-eabi/lib/thumb2/libcs3.a
LOAD /opt/york/cs/net/sourcery-g++-lite-arm-eabi-2010.09.51-i686-1/arm-none-eabi/lib/thumb2/libcs3unhosted.a
LOAD /opt/york/cs/net/sourcery-g++-lite-arm-eabi-2010.09.51-i686-1/arm-none-eabi/lib/thumb2/libcs3micro.a
END GROUP
                0x10008000                PROVIDE (__cs3_stack, (__cs3_region_start_ram + __cs3_region_size_ram))
                0x000074e8                PROVIDE (__cs3_stack_size, ((__cs3_region_start_ram + __cs3_region_size_ram) - _end))
                0x10000b18                PROVIDE (__cs3_heap_start, _end)
                0x10008000                PROVIDE (__cs3_heap_end, (__cs3_region_start_ram + __cs3_region_size_ram))

.text           0x00000000    0x13d94
 CREATE_OBJECT_SYMBOLS
                0x00000000                __cs3_region_start_rom = .
 *(.cs3.region-head.rom)
                0x00000000                __cs3_interrupt_vector = __cs3_interrupt_vector_cortex_m
 *(.cs3.interrupt_vector)
 .cs3.interrupt_vector
                0x00000000       0xcc /opt/york/cs/net/lpc1700-cmsis-lite-2011.01.26-i686-1/lib/startup_LPC17xx.o
                0x00000000                __cs3_interrupt_vector_cortex_m
                0x00000001                ASSERT ((. != __cs3_interrupt_vector_cortex_m), No interrupt vector)
 *(.rom)
 *(.rom.b)
                0x000000cc                __cs3_reset = __cs3_reset_cortex_m
 *(.cs3.reset)
 .cs3.reset     0x000000cc       0x10 /opt/york/cs/net/lpc1700-cmsis-lite-2011.01.26-i686-1/lib/startup_LPC17xx.o
                0x000000cc                __cs3_reset_cortex_m
                0x00000001                ASSERT ((. != __cs3_reset), No reset code)
 *(.text .text.* .gnu.linkonce.t.*)
 .text          0x000000dc        0x0 /opt/york/cs/net/sourcery-g++-lite-arm-eabi-2010.09.51-i686-1/bin/../lib/gcc/arm-none-eabi/4.5.1/thumb2/crti.o
 .text          0x000000dc       0x30 /opt/york/cs/net/sourcery-g++-lite-arm-eabi-2010.09.51-i686-1/bin/../lib/gcc/arm-none-eabi/4.5.1/thumb2/crtbegin.o
 .text          0x0000010c        0x0 main.o
 .text.NVIC_EnableIRQ
                0x0000010c       0x38 main.o
 .text.NVIC_DisableIRQ
                0x00000144       0x3c main.o
 .text.NVIC_SetPriority
                0x00000180       0x5c main.o
 .text.EINT3_IRQHandler
                0x000001dc       0xbc main.o
                0x000001dc                EINT3_IRQHandler
 .text.IRQInit  0x00000298       0xd8 main.o
                0x00000298                IRQInit
 .text.DrawMenu
                0x00000370      0x200 main.o
                0x00000370                DrawMenu
 .text.Menu     0x00000570      0x254 main.o
                0x00000570                Menu
 .text.PlayLoop
                0x000007c4      0x158 main.o
                0x000007c4                PlayLoop
 .text.I2S_PassThroughLoop
                0x0000091c       0x8c main.o
                0x0000091c                I2S_PassThroughLoop
 .text.I2S_PassThroughInterrupt
                0x000009a8       0xa0 main.o
                0x000009a8                I2S_PassThroughInterrupt
 .text.MASSIVE_TEST
                0x00000a48       0x64 main.o
                0x00000a48                MASSIVE_TEST
 .text.PassThroughLoop
                0x00000aac       0x3c main.o
                0x00000aac                PassThroughLoop
 .text.UART_Mode
                0x00000ae8       0x98 main.o
                0x00000ae8                UART_Mode
 .text.FatRead  0x00000b80      0x100 main.o
                0x00000b80                FatRead
 .text.main     0x00000c80       0x38 main.o
                0x00000c80                main
 .text.temp     0x00000cb8       0x18 main.o
                0x00000cb8                temp
 .text          0x00000cd0        0x0 source/i2s_polling.o
 .text.NVIC_EnableIRQ
                0x00000cd0       0x38 source/i2s_polling.o
 .text.NVIC_SetPriority
                0x00000d08       0x5c source/i2s_polling.o
 .text.I2S_IRQHandler
                0x00000d64      0x154 source/i2s_polling.o
                0x00000d64                I2S_IRQHandler
 .text.I2S_Polling_Init
                0x00000eb8      0x1ec source/i2s_polling.o
                0x00000eb8                I2S_Polling_Init
 .text.I2S_Polling_Read
                0x000010a4       0x84 source/i2s_polling.o
                0x000010a4                I2S_Polling_Read
 .text.I2S_Polling_Write
                0x00001128       0x5c source/i2s_polling.o
                0x00001128                I2S_Polling_Write
 .text          0x00001184        0x0 source/KeyAccess.o
 .text.GetKeyInput
                0x00001184       0x4c source/KeyAccess.o
                0x00001184                GetKeyInput
 .text.DecodeInput
                0x000011d0       0xc8 source/KeyAccess.o
                0x000011d0                DecodeInput
 .text.GetKeyData
                0x00001298       0xb4 source/KeyAccess.o
                0x00001298                GetKeyData
 .text          0x0000134c        0x0 source/LCD.o
 .text.NVIC_SetPriority
                0x0000134c       0x5c source/LCD.o
 .text.SysTick_Config
                0x000013a8       0x64 source/LCD.o
 .text.SendData
                0x0000140c       0x3c source/LCD.o
                0x0000140c                SendData
 .text.LCDEnable
                0x00001448       0x28 source/LCD.o
                0x00001448                LCDEnable
 .text.LCDDisable
                0x00001470       0x28 source/LCD.o
                0x00001470                LCDDisable
 .text.LCDGoHome
                0x00001498       0x28 source/LCD.o
                0x00001498                LCDGoHome
 .text.LCDNewLine
                0x000014c0       0x28 source/LCD.o
                0x000014c0                LCDNewLine
 .text.LCDCursorShift
                0x000014e8       0xb0 source/LCD.o
                0x000014e8                LCDCursorShift
 .text.LCDInit  0x00001598       0x38 source/LCD.o
                0x00001598                LCDInit
 .text.LCDClear
                0x000015d0       0x70 source/LCD.o
                0x000015d0                LCDClear
 .text.LCDPrint
                0x00001640       0xec source/LCD.o
                0x00001640                LCDPrint
 .text.main_LDCPrintHelloWorld
                0x0000172c       0x68 source/LCD.o
                0x0000172c                main_LDCPrintHelloWorld
 .text          0x00001794        0x0 source/i2s.o
 .text.NVIC_EnableIRQ
                0x00001794       0x38 source/i2s.o
 .text.NVIC_DisableIRQ
                0x000017cc       0x3c source/i2s.o
 .text.NVIC_SetPriority
                0x00001808       0x5c source/i2s.o
 .text.DMA_IRQHandler
                0x00001864      0x104 source/i2s.o
                0x00001864                DMA_IRQHandler
 .text.Init_I2S
                0x00001968       0xd0 source/i2s.o
                0x00001968                Init_I2S
 .text.ConfInit
                0x00001a38       0x68 source/i2s.o
                0x00001a38                ConfInit
 .text.ClockInit
                0x00001aa0       0x54 source/i2s.o
                0x00001aa0                ClockInit
 .text.InitializeGPDMA
                0x00001af4      0x150 source/i2s.o
                0x00001af4                InitializeGPDMA
 .text.EnableInput
                0x00001c44       0x50 source/i2s.o
                0x00001c44                EnableInput
 .text.EnableOutput
                0x00001c94       0x50 source/i2s.o
                0x00001c94                EnableOutput
 .text.DisableInput
                0x00001ce4       0x50 source/i2s.o
                0x00001ce4                DisableInput
 .text.DisableOutput
                0x00001d34       0x50 source/i2s.o
                0x00001d34                DisableOutput
 .text          0x00001d84        0x0 source/TLV320.o
 .text.TLV320_ChangeInputVolume
                0x00001d84       0x38 source/TLV320.o
                0x00001d84                TLV320_ChangeInputVolume
 .text.TLV320_ChangeOutputVolume
                0x00001dbc       0x40 source/TLV320.o
                0x00001dbc                TLV320_ChangeOutputVolume
 .text.TLV320_EnablePassThrough
                0x00001dfc       0x28 source/TLV320.o
                0x00001dfc                TLV320_EnablePassThrough
 .text.TLV320_DisablePassThrough
                0x00001e24       0x30 source/TLV320.o
                0x00001e24                TLV320_DisablePassThrough
 .text.TLV320_Setup
                0x00001e54       0x28 source/TLV320.o
                0x00001e54                TLV320_Setup
 .text.TLV320_EnableDAC
                0x00001e7c       0x2c source/TLV320.o
                0x00001e7c                TLV320_EnableDAC
 .text.TLV320_EnableOutput
                0x00001ea8       0x2c source/TLV320.o
                0x00001ea8                TLV320_EnableOutput
 .text.TLV320_Start_I2S_Polling_Passthrough
                0x00001ed4       0x38 source/TLV320.o
                0x00001ed4                TLV320_Start_I2S_Polling_Passthrough
 .text.TLV320_SendData
                0x00001f0c       0x64 source/TLV320.o
                0x00001f0c                TLV320_SendData
 .text          0x00001f70        0x0 source/Delay.o
 .text.NVIC_SetPriority
                0x00001f70       0x5c source/Delay.o
 .text.SysTick_Config
                0x00001fcc       0x64 source/Delay.o
 .text.SysTick_Handler
                0x00002030       0x24 source/Delay.o
                0x00002030                SysTick_Handler
 .text.Delay    0x00002054       0x34 source/Delay.o
                0x00002054                Delay
 .text.DelayInit
                0x00002088       0x2c source/Delay.o
                0x00002088                DelayInit
 .text          0x000020b4        0x0 source/SerialIO.o
 .text.NVIC_EnableIRQ
                0x000020b4       0x38 source/SerialIO.o
 .text.NVIC_DisableIRQ
                0x000020ec       0x3c source/SerialIO.o
 .text.NVIC_SetPriority
                0x00002128       0x5c source/SerialIO.o
 .text.UART0_IRQHandler
                0x00002184       0x4c source/SerialIO.o
                0x00002184                UART0_IRQHandler
 .text.ReceiveText
                0x000021d0       0xdc source/SerialIO.o
                0x000021d0                ReceiveText
 .text.ReadText
                0x000022ac       0xa4 source/SerialIO.o
                0x000022ac                ReadText
 .text.AddTextToBuffer
                0x00002350       0xa4 source/SerialIO.o
                0x00002350                AddTextToBuffer
 .text.ProcessBuffer
                0x000023f4       0xc4 source/SerialIO.o
                0x000023f4                ProcessBuffer
 .text.TransmitText
                0x000024b8      0x10c source/SerialIO.o
                0x000024b8                TransmitText
 .text.InitSerial
                0x000025c4       0x90 source/SerialIO.o
                0x000025c4                InitSerial
 .text.WriteText
                0x00002654       0x30 source/SerialIO.o
                0x00002654                WriteText
 .text.write_usb_serial_blocking
                0x00002684       0x2c source/SerialIO.o
                0x00002684                write_usb_serial_blocking
 .text.InitSerInterrupts
                0x000026b0       0x88 source/SerialIO.o
                0x000026b0                InitSerInterrupts
 .text.EnableSerInterrupts
                0x00002738       0x10 source/SerialIO.o
                0x00002738                EnableSerInterrupts
 .text.DisableSerInterrupts
                0x00002748       0x10 source/SerialIO.o
                0x00002748                DisableSerInterrupts
 .text          0x00002758        0x0 source/I2C.o
 .text.I2CInit  0x00002758       0x30 source/I2C.o
                0x00002758                I2CInit
 .text.SetupVals
                0x00002788       0x54 source/I2C.o
                0x00002788                SetupVals
 .text.SetupPINS
                0x000027dc       0x44 source/I2C.o
                0x000027dc                SetupPINS
 .text          0x00002820        0x0 source/FatFS/ff.o
 .text.ld_word  0x00002820       0x34 source/FatFS/ff.o
 .text.ld_dword
                0x00002854       0x58 source/FatFS/ff.o
 .text.st_word  0x000028ac       0x40 source/FatFS/ff.o
 .text.st_dword
                0x000028ec       0x6c source/FatFS/ff.o
 .text.mem_cpy  0x00002958       0x4c source/FatFS/ff.o
 .text.mem_set  0x000029a4       0x38 source/FatFS/ff.o
 .text.mem_cmp  0x000029dc       0x5c source/FatFS/ff.o
 .text.chk_chr  0x00002a38       0x38 source/FatFS/ff.o
 .text.dbc_1st  0x00002a70       0x68 source/FatFS/ff.o
 .text.dbc_2nd  0x00002ad8       0x8c source/FatFS/ff.o
 .text.sync_window
                0x00002b64       0x90 source/FatFS/ff.o
 .text.move_window
                0x00002bf4       0x68 source/FatFS/ff.o
 .text.sync_fs  0x00002c5c       0xf8 source/FatFS/ff.o
 .text.clst2sect
                0x00002d54       0x44 source/FatFS/ff.o
 .text.get_fat  0x00002d98      0x180 source/FatFS/ff.o
 .text.put_fat  0x00002f18      0x218 source/FatFS/ff.o
 .text.remove_chain
                0x00003130       0xdc source/FatFS/ff.o
 .text.create_chain
                0x0000320c      0x1c4 source/FatFS/ff.o
 .text.dir_clear
                0x000033d0       0xa4 source/FatFS/ff.o
 .text.dir_sdi  0x00003474      0x114 source/FatFS/ff.o
 .text.dir_next
                0x00003588      0x164 source/FatFS/ff.o
 .text.dir_alloc
                0x000036ec       0x9c source/FatFS/ff.o
 .text.ld_clust
                0x00003788       0x48 source/FatFS/ff.o
 .text.st_clust
                0x000037d0       0x44 source/FatFS/ff.o
 .text.dir_read
                0x00003814       0xc4 source/FatFS/ff.o
 .text.dir_find
                0x000038d8       0xbc source/FatFS/ff.o
 .text.dir_register
                0x00003994       0x74 source/FatFS/ff.o
 .text.dir_remove
                0x00003a08       0x44 source/FatFS/ff.o
 .text.get_fileinfo
                0x00003a4c       0xf4 source/FatFS/ff.o
 .text.get_achar
                0x00003b40       0x7c source/FatFS/ff.o
 .text.pattern_matching
                0x00003bbc      0x128 source/FatFS/ff.o
 .text.create_name
                0x00003ce4      0x258 source/FatFS/ff.o
 .text.follow_path
                0x00003f3c      0x140 source/FatFS/ff.o
 .text.get_ldnumber
                0x0000407c       0x9c source/FatFS/ff.o
 .text.check_fs
                0x00004118       0xcc source/FatFS/ff.o
 .text.find_volume
                0x000041e4      0x540 source/FatFS/ff.o
 .text.validate
                0x00004724       0x74 source/FatFS/ff.o
 .text.f_mount  0x00004798       0x98 source/FatFS/ff.o
                0x00004798                f_mount
 .text.f_open   0x00004830      0x354 source/FatFS/ff.o
                0x00004830                f_open
 .text.f_read   0x00004b84      0x2b8 source/FatFS/ff.o
                0x00004b84                f_read
 .text.f_write  0x00004e3c      0x324 source/FatFS/ff.o
                0x00004e3c                f_write
 .text.f_sync   0x00005160      0x11c source/FatFS/ff.o
                0x00005160                f_sync
 .text.f_close  0x0000527c       0x44 source/FatFS/ff.o
                0x0000527c                f_close
 .text.f_chdrive
                0x000052c0       0x3c source/FatFS/ff.o
                0x000052c0                f_chdrive
 .text.f_chdir  0x000052fc       0xa4 source/FatFS/ff.o
                0x000052fc                f_chdir
 .text.f_getcwd
                0x000053a0      0x220 source/FatFS/ff.o
                0x000053a0                f_getcwd
 .text.f_lseek  0x000055c0      0x2a4 source/FatFS/ff.o
                0x000055c0                f_lseek
 .text.f_opendir
                0x00005864       0xc4 source/FatFS/ff.o
                0x00005864                f_opendir
 .text.f_closedir
                0x00005928       0x34 source/FatFS/ff.o
                0x00005928                f_closedir
 .text.f_readdir
                0x0000595c       0x88 source/FatFS/ff.o
                0x0000595c                f_readdir
 .text.f_findnext
                0x000059e4       0x5c source/FatFS/ff.o
                0x000059e4                f_findnext
 .text.f_findfirst
                0x00005a40       0x40 source/FatFS/ff.o
                0x00005a40                f_findfirst
 .text.f_stat   0x00005a80       0x80 source/FatFS/ff.o
                0x00005a80                f_stat
 .text.f_getfree
                0x00005b00      0x198 source/FatFS/ff.o
                0x00005b00                f_getfree
 .text.f_truncate
                0x00005c98      0x148 source/FatFS/ff.o
                0x00005c98                f_truncate
 .text.f_unlink
                0x00005de0      0x18c source/FatFS/ff.o
                0x00005de0                f_unlink
 .text.f_mkdir  0x00005f6c      0x1f8 source/FatFS/ff.o
                0x00005f6c                f_mkdir
 .text.f_rename
                0x00006164      0x228 source/FatFS/ff.o
                0x00006164                f_rename
 .text.f_chmod  0x0000638c       0xd0 source/FatFS/ff.o
                0x0000638c                f_chmod
 .text.f_utime  0x0000645c       0xb4 source/FatFS/ff.o
                0x0000645c                f_utime
 .text.f_getlabel
                0x00006510      0x164 source/FatFS/ff.o
                0x00006510                f_getlabel
 .text.f_setlabel
                0x00006674      0x270 source/FatFS/ff.o
                0x00006674                f_setlabel
 .text.f_mkfs   0x000068e4      0x9d8 source/FatFS/ff.o
                0x000068e4                f_mkfs
 .text.f_gets   0x000072bc       0x8c source/FatFS/ff.o
                0x000072bc                f_gets
 .text.putc_bfd
                0x00007348       0x80 source/FatFS/ff.o
 .text.putc_flush
                0x000073c8       0x50 source/FatFS/ff.o
 .text.putc_init
                0x00007418       0x28 source/FatFS/ff.o
 .text.f_putc   0x00007440       0x3c source/FatFS/ff.o
                0x00007440                f_putc
 .text.f_puts   0x0000747c       0x50 source/FatFS/ff.o
                0x0000747c                f_puts
 .text.f_printf
                0x000074cc      0x524 source/FatFS/ff.o
                0x000074cc                f_printf
 .text          0x000079f0        0x0 source/FatFS/ffunicode.o
 .text          0x000079f0        0x0 source/FatFS/mmc_176x_ssp.o
 .text.xchg_spi
                0x000079f0       0x44 source/FatFS/mmc_176x_ssp.o
 .text.rcvr_spi_multi
                0x00007a34      0x134 source/FatFS/mmc_176x_ssp.o
 .text.xmit_spi_multi
                0x00007b68      0x134 source/FatFS/mmc_176x_ssp.o
 .text.wait_ready
                0x00007c9c       0x48 source/FatFS/mmc_176x_ssp.o
 .text.deselect
                0x00007ce4       0x1c source/FatFS/mmc_176x_ssp.o
 .text.select   0x00007d00       0x3c source/FatFS/mmc_176x_ssp.o
 .text.power_on
                0x00007d3c      0x104 source/FatFS/mmc_176x_ssp.o
 .text.power_off
                0x00007e40       0x10 source/FatFS/mmc_176x_ssp.o
 .text.rcvr_datablock
                0x00007e50       0x6c source/FatFS/mmc_176x_ssp.o
 .text.xmit_datablock
                0x00007ebc       0x74 source/FatFS/mmc_176x_ssp.o
 .text.send_cmd
                0x00007f30       0xfc source/FatFS/mmc_176x_ssp.o
 .text.disk_initialize
                0x0000802c      0x25c source/FatFS/mmc_176x_ssp.o
                0x0000802c                disk_initialize
 .text.disk_status
                0x00008288       0x30 source/FatFS/mmc_176x_ssp.o
                0x00008288                disk_status
 .text.disk_read
                0x000082b8       0xd0 source/FatFS/mmc_176x_ssp.o
                0x000082b8                disk_read
 .text.disk_write
                0x00008388      0x128 source/FatFS/mmc_176x_ssp.o
                0x00008388                disk_write
 .text.disk_ioctl
                0x000084b0      0x578 source/FatFS/mmc_176x_ssp.o
                0x000084b0                disk_ioctl
 .text.disk_timerproc
                0x00008a28       0xa4 source/FatFS/mmc_176x_ssp.o
                0x00008a28                disk_timerproc
 .text          0x00008acc        0x0 source/FatFS/diskio.o
 .text          0x00008acc        0x0 /opt/york/cs/net/lpc1700-cmsis-lite-2011.01.26-i686-1/lib/core_cm3.o
 .text          0x00008acc        0x0 /opt/york/cs/net/lpc1700-cmsis-lite-2011.01.26-i686-1/lib/system_LPC17xx.o
 .text.SystemCoreClockUpdate
                0x00008acc      0x228 /opt/york/cs/net/lpc1700-cmsis-lite-2011.01.26-i686-1/lib/system_LPC17xx.o
                0x00008acc                SystemCoreClockUpdate
 .text.SystemInit
                0x00008cf4      0x240 /opt/york/cs/net/lpc1700-cmsis-lite-2011.01.26-i686-1/lib/system_LPC17xx.o
                0x00008cf4                SystemInit
 .text          0x00008f34       0x14 /opt/york/cs/net/lpc1700-cmsis-lite-2011.01.26-i686-1/lib/startup_LPC17xx.o
                0x00008f34                NMI_Handler
                0x00008f36                HardFault_Handler
                0x00008f38                MemManage_Handler
                0x00008f3a                BusFault_Handler
                0x00008f3c                UsageFault_Handler
                0x00008f3e                SVC_Handler
                0x00008f40                DebugMon_Handler
                0x00008f42                PendSV_Handler
                0x00008f46                TIMER2_IRQHandler
                0x00008f46                RIT_IRQHandler
                0x00008f46                I2C0_IRQHandler
                0x00008f46                USBActivity_IRQHandler
                0x00008f46                PWM1_IRQHandler
                0x00008f46                I2C1_IRQHandler
                0x00008f46                EINT2_IRQHandler
                0x00008f46                UART1_IRQHandler
                0x00008f46                CANActivity_IRQHandler
                0x00008f46                TIMER3_IRQHandler
                0x00008f46                PLL0_IRQHandler
                0x00008f46                CAN_IRQHandler
                0x00008f46                PLL1_IRQHandler
                0x00008f46                SSP0_IRQHandler
                0x00008f46                I2C2_IRQHandler
                0x00008f46                RTC_IRQHandler
                0x00008f46                TIMER0_IRQHandler
                0x00008f46                SPI_IRQHandler
                0x00008f46                EINT1_IRQHandler
                0x00008f46                TIMER1_IRQHandler
                0x00008f46                UART2_IRQHandler
                0x00008f46                Default_Handler
                0x00008f46                ADC_IRQHandler
                0x00008f46                SSP1_IRQHandler
                0x00008f46                USB_IRQHandler
                0x00008f46                BOD_IRQHandler
                0x00008f46                WDT_IRQHandler
                0x00008f46                QEI_IRQHandler
                0x00008f46                EINT0_IRQHandler
                0x00008f46                UART3_IRQHandler
                0x00008f46                MCPWM_IRQHandler
                0x00008f46                ENET_IRQHandler
 .text          0x00008f48       0x20 /opt/york/cs/net/sourcery-g++-lite-arm-eabi-2010.09.51-i686-1/arm-none-eabi/lib/thumb2/libc.a(lib_a-malloc.o)
                0x00008f48                malloc
                0x00008f58                free
 .text          0x00008f68      0x57c /opt/york/cs/net/sourcery-g++-lite-arm-eabi-2010.09.51-i686-1/arm-none-eabi/lib/thumb2/libc.a(lib_a-mallocr.o)
                0x00008f68                _malloc_r
 .text          0x000094e4        0x8 /opt/york/cs/net/sourcery-g++-lite-arm-eabi-2010.09.51-i686-1/arm-none-eabi/lib/thumb2/libc.a(lib_a-mlock.o)
                0x000094e4                __malloc_lock
                0x000094e8                __malloc_unlock
 .text          0x000094ec       0x28 /opt/york/cs/net/sourcery-g++-lite-arm-eabi-2010.09.51-i686-1/arm-none-eabi/lib/thumb2/libc.a(lib_a-sbrkr.o)
                0x000094ec                _sbrk_r
 .text          0x00009514       0x94 /opt/york/cs/net/sourcery-g++-lite-arm-eabi-2010.09.51-i686-1/arm-none-eabi/lib/thumb2/libc.a(lib_a-sprintf.o)
                0x00009514                _sprintf_r
                0x00009558                sprintf
 .text          0x000095a8       0x60 /opt/york/cs/net/sourcery-g++-lite-arm-eabi-2010.09.51-i686-1/arm-none-eabi/lib/thumb2/libc.a(lib_a-strlen.o)
                0x000095a8                strlen
 .text          0x00009608     0x1658 /opt/york/cs/net/sourcery-g++-lite-arm-eabi-2010.09.51-i686-1/arm-none-eabi/lib/thumb2/libc.a(lib_a-svfprintf.o)
                0x00009608                _svfprintf_r
 .text          0x0000ac60     0x1000 /opt/york/cs/net/sourcery-g++-lite-arm-eabi-2010.09.51-i686-1/arm-none-eabi/lib/thumb2/libc.a(lib_a-dtoa.o)
                0x0000ad8c                _dtoa_r
 .text          0x0000bc60      0x240 /opt/york/cs/net/sourcery-g++-lite-arm-eabi-2010.09.51-i686-1/arm-none-eabi/lib/thumb2/libc.a(lib_a-freer.o)
                0x0000bc60                _malloc_trim_r
                0x0000bd08                _free_r
 .text          0x0000bea0        0x0 /opt/york/cs/net/sourcery-g++-lite-arm-eabi-2010.09.51-i686-1/arm-none-eabi/lib/thumb2/libc.a(lib_a-impure.o)
 .text          0x0000bea0       0xa0 /opt/york/cs/net/sourcery-g++-lite-arm-eabi-2010.09.51-i686-1/arm-none-eabi/lib/thumb2/libc.a(lib_a-locale.o)
                0x0000bea0                _setlocale_r
                0x0000befc                __locale_charset
                0x0000bf08                __locale_mb_cur_max
                0x0000bf14                __locale_msgcharset
                0x0000bf1c                __locale_cjk_lang
                0x0000bf20                _localeconv_r
                0x0000bf28                setlocale
                0x0000bf38                localeconv
 .text          0x0000bf40       0x88 /opt/york/cs/net/sourcery-g++-lite-arm-eabi-2010.09.51-i686-1/arm-none-eabi/lib/thumb2/libc.a(lib_a-memchr.o)
                0x0000bf40                memchr
 .text          0x0000bfc8      0x150 /opt/york/cs/net/sourcery-g++-lite-arm-eabi-2010.09.51-i686-1/arm-none-eabi/lib/thumb2/libc.a(lib_a-memcpy.o)
                0x0000bfc8                memcpy
 .text          0x0000c118      0x920 /opt/york/cs/net/sourcery-g++-lite-arm-eabi-2010.09.51-i686-1/arm-none-eabi/lib/thumb2/libc.a(lib_a-mprec.o)
                0x0000c118                _Balloc
                0x0000c180                _Bfree
                0x0000c1b8                __multadd
                0x0000c23c                __s2b
                0x0000c2d0                __hi0bits
                0x0000c310                __lo0bits
                0x0000c374                __i2b
                0x0000c388                __multiply
                0x0000c4b0                __pow5mult
                0x0000c554                __lshift
                0x0000c600                __mcmp
                0x0000c63c                __mdiff
                0x0000c734                __ulp
                0x0000c77c                __b2d
                0x0000c828                __d2b
                0x0000c8f0                __ratio
                0x0000c960                _mprec_log10
                0x0000c994                __copybits
                0x0000c9dc                __any_on
 .text          0x0000ca38      0x114 /opt/york/cs/net/sourcery-g++-lite-arm-eabi-2010.09.51-i686-1/arm-none-eabi/lib/thumb2/libc.a(lib_a-reent.o)
                0x0000ca38                cleanup_glue
                0x0000ca54                _reclaim_reent
                0x0000cb14                _wrapup_reent
 .text          0x0000cb4c       0x90 /opt/york/cs/net/sourcery-g++-lite-arm-eabi-2010.09.51-i686-1/arm-none-eabi/lib/thumb2/libc.a(lib_a-s_fpclassify.o)
                0x0000cb4c                __fpclassifyd
 .text          0x0000cbdc      0x1dc /opt/york/cs/net/sourcery-g++-lite-arm-eabi-2010.09.51-i686-1/arm-none-eabi/lib/thumb2/libc.a(lib_a-strcmp.o)
                0x0000cbdc                strcmp
 .text          0x0000cdb8      0xbe4 /opt/york/cs/net/sourcery-g++-lite-arm-eabi-2010.09.51-i686-1/arm-none-eabi/lib/thumb2/libc.a(lib_a-svfiprintf.o)
                0x0000cdb8                __ssprint_r
                0x0000cec0                _svfiprintf_r
 .text          0x0000d99c       0x5c /opt/york/cs/net/sourcery-g++-lite-arm-eabi-2010.09.51-i686-1/arm-none-eabi/lib/thumb2/libc.a(lib_a-callocr.o)
                0x0000d99c                _calloc_r
 .text          0x0000d9f8       0xa0 /opt/york/cs/net/sourcery-g++-lite-arm-eabi-2010.09.51-i686-1/arm-none-eabi/lib/thumb2/libc.a(lib_a-memmove.o)
                0x0000d9f8                memmove
 .text          0x0000da98       0xb4 /opt/york/cs/net/sourcery-g++-lite-arm-eabi-2010.09.51-i686-1/arm-none-eabi/lib/thumb2/libc.a(lib_a-memset.o)
                0x0000da98                memset
 .text          0x0000db4c      0x41c /opt/york/cs/net/sourcery-g++-lite-arm-eabi-2010.09.51-i686-1/arm-none-eabi/lib/thumb2/libc.a(lib_a-reallocr.o)
                0x0000db4c                _realloc_r
 .text          0x0000df68      0x278 /opt/york/cs/net/sourcery-g++-lite-arm-eabi-2010.09.51-i686-1/bin/../lib/gcc/arm-none-eabi/4.5.1/thumb2/libgcc.a(_udivsi3.o)
                0x0000df68                __udivsi3
                0x0000df68                __aeabi_uidiv
                0x0000e1c4                __aeabi_uidivmod
 .text          0x0000e1e0        0x4 /opt/york/cs/net/sourcery-g++-lite-arm-eabi-2010.09.51-i686-1/bin/../lib/gcc/arm-none-eabi/4.5.1/thumb2/libgcc.a(_dvmd_tls.o)
                0x0000e1e0                __aeabi_ldiv0
                0x0000e1e0                __aeabi_idiv0
 .text          0x0000e1e4      0x370 /opt/york/cs/net/sourcery-g++-lite-arm-eabi-2010.09.51-i686-1/bin/../lib/gcc/arm-none-eabi/4.5.1/thumb2/libgcc.a(_arm_addsubdf3.o)
                0x0000e1e4                __aeabi_drsub
                0x0000e1ec                __aeabi_dsub
                0x0000e1ec                __subdf3
                0x0000e1f0                __adddf3
                0x0000e1f0                __aeabi_dadd
                0x0000e468                __aeabi_ui2d
                0x0000e468                __floatunsidf
                0x0000e488                __floatsidf
                0x0000e488                __aeabi_i2d
                0x0000e4ac                __extendsfdf2
                0x0000e4ac                __aeabi_f2d
                0x0000e4e8                __aeabi_ul2d
                0x0000e4e8                __floatundidf
                0x0000e4f8                __floatdidf
                0x0000e4f8                __aeabi_l2d
 .text          0x0000e554      0x424 /opt/york/cs/net/sourcery-g++-lite-arm-eabi-2010.09.51-i686-1/bin/../lib/gcc/arm-none-eabi/4.5.1/thumb2/libgcc.a(_arm_muldivdf3.o)
                0x0000e554                __aeabi_dmul
                0x0000e554                __muldf3
                0x0000e7a8                __aeabi_ddiv
                0x0000e7a8                __divdf3
 .text          0x0000e978      0x110 /opt/york/cs/net/sourcery-g++-lite-arm-eabi-2010.09.51-i686-1/bin/../lib/gcc/arm-none-eabi/4.5.1/thumb2/libgcc.a(_arm_cmpdf2.o)
                0x0000e978                __gtdf2
                0x0000e978                __gedf2
                0x0000e980                __ltdf2
                0x0000e980                __ledf2
                0x0000e988                __cmpdf2
                0x0000e988                __eqdf2
                0x0000e988                __nedf2
                0x0000ea04                __aeabi_cdrcmple
                0x0000ea14                __aeabi_cdcmple
                0x0000ea14                __aeabi_cdcmpeq
                0x0000ea24                __aeabi_dcmpeq
                0x0000ea38                __aeabi_dcmplt
                0x0000ea4c                __aeabi_dcmple
                0x0000ea60                __aeabi_dcmpge
                0x0000ea74                __aeabi_dcmpgt
 .text          0x0000ea88       0x50 /opt/york/cs/net/sourcery-g++-lite-arm-eabi-2010.09.51-i686-1/bin/../lib/gcc/arm-none-eabi/4.5.1/thumb2/libgcc.a(_arm_fixdfsi.o)
                0x0000ea88                __fixdfsi
                0x0000ea88                __aeabi_d2iz
 .text          0x0000ead8       0x2c /opt/york/cs/net/sourcery-g++-lite-arm-eabi-2010.09.51-i686-1/bin/../lib/gcc/arm-none-eabi/4.5.1/thumb2/libgcc.a(_aeabi_uldivmod.o)
                0x0000ead8                __aeabi_uldivmod
 .text          0x0000eb04       0x60 /opt/york/cs/net/sourcery-g++-lite-arm-eabi-2010.09.51-i686-1/bin/../lib/gcc/arm-none-eabi/4.5.1/thumb2/libgcc.a(bpabi.o)
                0x0000eb04                __gnu_ldivmod_helper
                0x0000eb34                __gnu_uldivmod_helper
 .text          0x0000eb64      0x364 /opt/york/cs/net/sourcery-g++-lite-arm-eabi-2010.09.51-i686-1/bin/../lib/gcc/arm-none-eabi/4.5.1/thumb2/libgcc.a(_divdi3.o)
                0x0000eb64                __divdi3
 .text          0x0000eec8      0x314 /opt/york/cs/net/sourcery-g++-lite-arm-eabi-2010.09.51-i686-1/bin/../lib/gcc/arm-none-eabi/4.5.1/thumb2/libgcc.a(_udivdi3.o)
                0x0000eec8                __udivdi3
 .text          0x0000f1dc       0x30 /opt/york/cs/net/sourcery-g++-lite-arm-eabi-2010.09.51-i686-1/arm-none-eabi/lib/thumb2/libcs3.a(start_c.o)
                0x0000f1dc                __cs3_premain
 .text.cs3.init
                0x0000f20c       0x50 /opt/york/cs/net/sourcery-g++-lite-arm-eabi-2010.09.51-i686-1/arm-none-eabi/lib/thumb2/libcs3.a(start_c.o)
                0x0000f20c                __cs3_start_c
 .text          0x0000f25c       0x40 /opt/york/cs/net/sourcery-g++-lite-arm-eabi-2010.09.51-i686-1/arm-none-eabi/lib/thumb2/libcs3unhosted.a(unhosted-sbrk.o)
                0x0000f25c                _sbrk
 .text          0x0000f29c        0x0 /opt/york/cs/net/sourcery-g++-lite-arm-eabi-2010.09.51-i686-1/arm-none-eabi/lib/thumb2/libcs3unhosted.a(unhosted-start.o)
 .text.cs3.init
                0x0000f29c       0x10 /opt/york/cs/net/sourcery-g++-lite-arm-eabi-2010.09.51-i686-1/arm-none-eabi/lib/thumb2/libcs3unhosted.a(unhosted-start.o)
                0x0000f29c                _start
 .text          0x0000f2ac        0xc /opt/york/cs/net/sourcery-g++-lite-arm-eabi-2010.09.51-i686-1/arm-none-eabi/lib/thumb2/libc.a(lib_a-errno.o)
                0x0000f2ac                __errno
 .text          0x0000f2b8       0x50 /opt/york/cs/net/sourcery-g++-lite-arm-eabi-2010.09.51-i686-1/arm-none-eabi/lib/thumb2/libc.a(lib_a-init.o)
                0x0000f2b8                __libc_init_array
 .text          0x0000f308        0x0 /opt/york/cs/net/sourcery-g++-lite-arm-eabi-2010.09.51-i686-1/arm-none-eabi/lib/thumb2/libcs3.a(heap.o)
 .text          0x0000f308        0x0 /opt/york/cs/net/lpc1700-cmsis-lite-2011.01.26-i686-1/lib/libDriversLPC17xxgnu.a(lpc17xx_gpdma.o)
 .text.GPDMA_Init
                0x0000f308       0xa0 /opt/york/cs/net/lpc1700-cmsis-lite-2011.01.26-i686-1/lib/libDriversLPC17xxgnu.a(lpc17xx_gpdma.o)
                0x0000f308                GPDMA_Init
 .text.GPDMA_Setup
                0x0000f3a8      0x41c /opt/york/cs/net/lpc1700-cmsis-lite-2011.01.26-i686-1/lib/libDriversLPC17xxgnu.a(lpc17xx_gpdma.o)
                0x0000f3a8                GPDMA_Setup
 .text.GPDMA_ChannelCmd
                0x0000f7c4       0x48 /opt/york/cs/net/lpc1700-cmsis-lite-2011.01.26-i686-1/lib/libDriversLPC17xxgnu.a(lpc17xx_gpdma.o)
                0x0000f7c4                GPDMA_ChannelCmd
 .text.GPDMA_IntGetStatus
                0x0000f80c      0x194 /opt/york/cs/net/lpc1700-cmsis-lite-2011.01.26-i686-1/lib/libDriversLPC17xxgnu.a(lpc17xx_gpdma.o)
                0x0000f80c                GPDMA_IntGetStatus
 .text.GPDMA_ClearIntPending
                0x0000f9a0       0x80 /opt/york/cs/net/lpc1700-cmsis-lite-2011.01.26-i686-1/lib/libDriversLPC17xxgnu.a(lpc17xx_gpdma.o)
                0x0000f9a0                GPDMA_ClearIntPending
 .text          0x0000fa20        0x0 /opt/york/cs/net/lpc1700-cmsis-lite-2011.01.26-i686-1/lib/libDriversLPC17xxgnu.a(lpc17xx_i2c.o)
 .text.NVIC_EnableIRQ
                0x0000fa20       0x38 /opt/york/cs/net/lpc1700-cmsis-lite-2011.01.26-i686-1/lib/libDriversLPC17xxgnu.a(lpc17xx_i2c.o)
 .text.NVIC_DisableIRQ
                0x0000fa58       0x3c /opt/york/cs/net/lpc1700-cmsis-lite-2011.01.26-i686-1/lib/libDriversLPC17xxgnu.a(lpc17xx_i2c.o)
 .text.I2C_getNum
                0x0000fa94       0x54 /opt/york/cs/net/lpc1700-cmsis-lite-2011.01.26-i686-1/lib/libDriversLPC17xxgnu.a(lpc17xx_i2c.o)
 .text.I2C_Start
                0x0000fae8       0x44 /opt/york/cs/net/lpc1700-cmsis-lite-2011.01.26-i686-1/lib/libDriversLPC17xxgnu.a(lpc17xx_i2c.o)
 .text.I2C_Stop
                0x0000fb2c       0x38 /opt/york/cs/net/lpc1700-cmsis-lite-2011.01.26-i686-1/lib/libDriversLPC17xxgnu.a(lpc17xx_i2c.o)
 .text.I2C_SendByte
                0x0000fb64       0x50 /opt/york/cs/net/lpc1700-cmsis-lite-2011.01.26-i686-1/lib/libDriversLPC17xxgnu.a(lpc17xx_i2c.o)
 .text.I2C_GetByte
                0x0000fbb4       0x5c /opt/york/cs/net/lpc1700-cmsis-lite-2011.01.26-i686-1/lib/libDriversLPC17xxgnu.a(lpc17xx_i2c.o)
 .text.I2C_SetClock
                0x0000fc10       0xc8 /opt/york/cs/net/lpc1700-cmsis-lite-2011.01.26-i686-1/lib/libDriversLPC17xxgnu.a(lpc17xx_i2c.o)
 .text.I2C_Init
                0x0000fcd8       0xd8 /opt/york/cs/net/lpc1700-cmsis-lite-2011.01.26-i686-1/lib/libDriversLPC17xxgnu.a(lpc17xx_i2c.o)
                0x0000fcd8                I2C_Init
 .text.I2C_DeInit
                0x0000fdb0       0xa4 /opt/york/cs/net/lpc1700-cmsis-lite-2011.01.26-i686-1/lib/libDriversLPC17xxgnu.a(lpc17xx_i2c.o)
                0x0000fdb0                I2C_DeInit
 .text.I2C_Cmd  0x0000fe54       0x84 /opt/york/cs/net/lpc1700-cmsis-lite-2011.01.26-i686-1/lib/libDriversLPC17xxgnu.a(lpc17xx_i2c.o)
                0x0000fe54                I2C_Cmd
 .text.I2C_IntCmd
                0x0000fed8       0xa8 /opt/york/cs/net/lpc1700-cmsis-lite-2011.01.26-i686-1/lib/libDriversLPC17xxgnu.a(lpc17xx_i2c.o)
                0x0000fed8                I2C_IntCmd
 .text.I2C_MasterHandler
                0x0000ff80      0x3d8 /opt/york/cs/net/lpc1700-cmsis-lite-2011.01.26-i686-1/lib/libDriversLPC17xxgnu.a(lpc17xx_i2c.o)
                0x0000ff80                I2C_MasterHandler
 .text.I2C_SlaveHandler
                0x00010358      0x1d8 /opt/york/cs/net/lpc1700-cmsis-lite-2011.01.26-i686-1/lib/libDriversLPC17xxgnu.a(lpc17xx_i2c.o)
                0x00010358                I2C_SlaveHandler
 .text.I2C_MasterTransferData
                0x00010530      0x33c /opt/york/cs/net/lpc1700-cmsis-lite-2011.01.26-i686-1/lib/libDriversLPC17xxgnu.a(lpc17xx_i2c.o)
                0x00010530                I2C_MasterTransferData
 .text.I2C_SlaveTransferData
                0x0001086c      0x268 /opt/york/cs/net/lpc1700-cmsis-lite-2011.01.26-i686-1/lib/libDriversLPC17xxgnu.a(lpc17xx_i2c.o)
                0x0001086c                I2C_SlaveTransferData
 .text.I2C_SetOwnSlaveAddr
                0x00010ad4      0x118 /opt/york/cs/net/lpc1700-cmsis-lite-2011.01.26-i686-1/lib/libDriversLPC17xxgnu.a(lpc17xx_i2c.o)
                0x00010ad4                I2C_SetOwnSlaveAddr
 .text.I2C_MonitorModeConfig
                0x00010bec       0x9c /opt/york/cs/net/lpc1700-cmsis-lite-2011.01.26-i686-1/lib/libDriversLPC17xxgnu.a(lpc17xx_i2c.o)
                0x00010bec                I2C_MonitorModeConfig
 .text.I2C_MonitorModeCmd
                0x00010c88       0xb0 /opt/york/cs/net/lpc1700-cmsis-lite-2011.01.26-i686-1/lib/libDriversLPC17xxgnu.a(lpc17xx_i2c.o)
                0x00010c88                I2C_MonitorModeCmd
 .text.I2C_MonitorGetDatabuffer
                0x00010d38       0x54 /opt/york/cs/net/lpc1700-cmsis-lite-2011.01.26-i686-1/lib/libDriversLPC17xxgnu.a(lpc17xx_i2c.o)
                0x00010d38                I2C_MonitorGetDatabuffer
 .text.I2C_MonitorHandler
                0x00010d8c       0x6c /opt/york/cs/net/lpc1700-cmsis-lite-2011.01.26-i686-1/lib/libDriversLPC17xxgnu.a(lpc17xx_i2c.o)
                0x00010d8c                I2C_MonitorHandler
 .text.I2C_MasterTransferComplete
                0x00010df8       0x40 /opt/york/cs/net/lpc1700-cmsis-lite-2011.01.26-i686-1/lib/libDriversLPC17xxgnu.a(lpc17xx_i2c.o)
                0x00010df8                I2C_MasterTransferComplete
 .text.I2C_SlaveTransferComplete
                0x00010e38       0x40 /opt/york/cs/net/lpc1700-cmsis-lite-2011.01.26-i686-1/lib/libDriversLPC17xxgnu.a(lpc17xx_i2c.o)
                0x00010e38                I2C_SlaveTransferComplete
 .text          0x00010e78        0x0 /opt/york/cs/net/lpc1700-cmsis-lite-2011.01.26-i686-1/lib/libDriversLPC17xxgnu.a(lpc17xx_i2s.o)
 .text.i2s_GetWordWidth
                0x00010e78       0x8c /opt/york/cs/net/lpc1700-cmsis-lite-2011.01.26-i686-1/lib/libDriversLPC17xxgnu.a(lpc17xx_i2s.o)
 .text.i2s_GetChannel
                0x00010f04       0x84 /opt/york/cs/net/lpc1700-cmsis-lite-2011.01.26-i686-1/lib/libDriversLPC17xxgnu.a(lpc17xx_i2s.o)
 .text.I2S_Init
                0x00010f88       0x54 /opt/york/cs/net/lpc1700-cmsis-lite-2011.01.26-i686-1/lib/libDriversLPC17xxgnu.a(lpc17xx_i2s.o)
                0x00010f88                I2S_Init
 .text.I2S_Config
                0x00010fdc      0x168 /opt/york/cs/net/lpc1700-cmsis-lite-2011.01.26-i686-1/lib/libDriversLPC17xxgnu.a(lpc17xx_i2s.o)
                0x00010fdc                I2S_Config
 .text.I2S_DeInit
                0x00011144       0x3c /opt/york/cs/net/lpc1700-cmsis-lite-2011.01.26-i686-1/lib/libDriversLPC17xxgnu.a(lpc17xx_i2s.o)
                0x00011144                I2S_DeInit
 .text.I2S_GetLevel
                0x00011180       0x6c /opt/york/cs/net/lpc1700-cmsis-lite-2011.01.26-i686-1/lib/libDriversLPC17xxgnu.a(lpc17xx_i2s.o)
                0x00011180                I2S_GetLevel
 .text.I2S_Start
                0x000111ec       0x50 /opt/york/cs/net/lpc1700-cmsis-lite-2011.01.26-i686-1/lib/libDriversLPC17xxgnu.a(lpc17xx_i2s.o)
                0x000111ec                I2S_Start
 .text.I2S_Send
                0x0001123c       0x38 /opt/york/cs/net/lpc1700-cmsis-lite-2011.01.26-i686-1/lib/libDriversLPC17xxgnu.a(lpc17xx_i2s.o)
                0x0001123c                I2S_Send
 .text.I2S_Receive
                0x00011274       0x34 /opt/york/cs/net/lpc1700-cmsis-lite-2011.01.26-i686-1/lib/libDriversLPC17xxgnu.a(lpc17xx_i2s.o)
                0x00011274                I2S_Receive
 .text.I2S_Pause
                0x000112a8       0x70 /opt/york/cs/net/lpc1700-cmsis-lite-2011.01.26-i686-1/lib/libDriversLPC17xxgnu.a(lpc17xx_i2s.o)
                0x000112a8                I2S_Pause
 .text.I2S_Mute
                0x00011318       0x70 /opt/york/cs/net/lpc1700-cmsis-lite-2011.01.26-i686-1/lib/libDriversLPC17xxgnu.a(lpc17xx_i2s.o)
                0x00011318                I2S_Mute
 .text.I2S_Stop
                0x00011388       0x94 /opt/york/cs/net/lpc1700-cmsis-lite-2011.01.26-i686-1/lib/libDriversLPC17xxgnu.a(lpc17xx_i2s.o)
                0x00011388                I2S_Stop
 .text.I2S_FreqConfig
                0x0001141c      0x110 /opt/york/cs/net/lpc1700-cmsis-lite-2011.01.26-i686-1/lib/libDriversLPC17xxgnu.a(lpc17xx_i2s.o)
                0x0001141c                I2S_FreqConfig
 .text.I2S_SetBitRate
                0x0001152c       0x7c /opt/york/cs/net/lpc1700-cmsis-lite-2011.01.26-i686-1/lib/libDriversLPC17xxgnu.a(lpc17xx_i2s.o)
                0x0001152c                I2S_SetBitRate
 .text.I2S_ModeConfig
                0x000115a8      0x148 /opt/york/cs/net/lpc1700-cmsis-lite-2011.01.26-i686-1/lib/libDriversLPC17xxgnu.a(lpc17xx_i2s.o)
                0x000115a8                I2S_ModeConfig
 .text.I2S_DMAConfig
                0x000116f0       0xd4 /opt/york/cs/net/lpc1700-cmsis-lite-2011.01.26-i686-1/lib/libDriversLPC17xxgnu.a(lpc17xx_i2s.o)
                0x000116f0                I2S_DMAConfig
 .text.I2S_DMACmd
                0x000117c4      0x120 /opt/york/cs/net/lpc1700-cmsis-lite-2011.01.26-i686-1/lib/libDriversLPC17xxgnu.a(lpc17xx_i2s.o)
                0x000117c4                I2S_DMACmd
 .text.I2S_IRQConfig
                0x000118e4       0x80 /opt/york/cs/net/lpc1700-cmsis-lite-2011.01.26-i686-1/lib/libDriversLPC17xxgnu.a(lpc17xx_i2s.o)
                0x000118e4                I2S_IRQConfig
 .text.I2S_IRQCmd
                0x00011964       0x9c /opt/york/cs/net/lpc1700-cmsis-lite-2011.01.26-i686-1/lib/libDriversLPC17xxgnu.a(lpc17xx_i2s.o)
                0x00011964                I2S_IRQCmd
 .text.I2S_GetIRQStatus
                0x00011a00       0x58 /opt/york/cs/net/lpc1700-cmsis-lite-2011.01.26-i686-1/lib/libDriversLPC17xxgnu.a(lpc17xx_i2s.o)
                0x00011a00                I2S_GetIRQStatus
 .text.I2S_GetIRQDepth
                0x00011a58       0x50 /opt/york/cs/net/lpc1700-cmsis-lite-2011.01.26-i686-1/lib/libDriversLPC17xxgnu.a(lpc17xx_i2s.o)
                0x00011a58                I2S_GetIRQDepth
 .text          0x00011aa8        0x0 /opt/york/cs/net/lpc1700-cmsis-lite-2011.01.26-i686-1/lib/libDriversLPC17xxgnu.a(lpc17xx_libcfg_default.o)
 .text.check_failed
                0x00011aa8        0xc /opt/york/cs/net/lpc1700-cmsis-lite-2011.01.26-i686-1/lib/libDriversLPC17xxgnu.a(lpc17xx_libcfg_default.o)
                0x00011aa8                check_failed
 .text          0x00011ab4        0x0 /opt/york/cs/net/lpc1700-cmsis-lite-2011.01.26-i686-1/lib/libDriversLPC17xxgnu.a(lpc17xx_pinsel.o)
 .text.set_PinFunc
                0x00011ab4       0xa0 /opt/york/cs/net/lpc1700-cmsis-lite-2011.01.26-i686-1/lib/libDriversLPC17xxgnu.a(lpc17xx_pinsel.o)
 .text.set_ResistorMode
                0x00011b54       0xa0 /opt/york/cs/net/lpc1700-cmsis-lite-2011.01.26-i686-1/lib/libDriversLPC17xxgnu.a(lpc17xx_pinsel.o)
 .text.set_OpenDrainMode
                0x00011bf4       0x80 /opt/york/cs/net/lpc1700-cmsis-lite-2011.01.26-i686-1/lib/libDriversLPC17xxgnu.a(lpc17xx_pinsel.o)
 .text.PINSEL_ConfigTraceFunc
                0x00011c74       0x54 /opt/york/cs/net/lpc1700-cmsis-lite-2011.01.26-i686-1/lib/libDriversLPC17xxgnu.a(lpc17xx_pinsel.o)
                0x00011c74                PINSEL_ConfigTraceFunc
 .text.PINSEL_SetI2C0Pins
                0x00011cc8       0x3c /opt/york/cs/net/lpc1700-cmsis-lite-2011.01.26-i686-1/lib/libDriversLPC17xxgnu.a(lpc17xx_pinsel.o)
                0x00011cc8                PINSEL_SetI2C0Pins
 .text.PINSEL_ConfigPin
                0x00011d04       0x54 /opt/york/cs/net/lpc1700-cmsis-lite-2011.01.26-i686-1/lib/libDriversLPC17xxgnu.a(lpc17xx_pinsel.o)
                0x00011d04                PINSEL_ConfigPin
 .text          0x00011d58        0x0 /opt/york/cs/net/lpc1700-cmsis-lite-2011.01.26-i686-1/lib/libDriversLPC17xxgnu.a(lpc17xx_uart.o)
 .text.uart_set_divisors
                0x00011d58      0x26c /opt/york/cs/net/lpc1700-cmsis-lite-2011.01.26-i686-1/lib/libDriversLPC17xxgnu.a(lpc17xx_uart.o)
 .text.UART_Init
                0x00011fc4      0x368 /opt/york/cs/net/lpc1700-cmsis-lite-2011.01.26-i686-1/lib/libDriversLPC17xxgnu.a(lpc17xx_uart.o)
                0x00011fc4                UART_Init
 .text.UART_DeInit
                0x0001232c       0xcc /opt/york/cs/net/lpc1700-cmsis-lite-2011.01.26-i686-1/lib/libDriversLPC17xxgnu.a(lpc17xx_uart.o)
                0x0001232c                UART_DeInit
 .text.UART_ConfigStructInit
                0x000123f8       0x34 /opt/york/cs/net/lpc1700-cmsis-lite-2011.01.26-i686-1/lib/libDriversLPC17xxgnu.a(lpc17xx_uart.o)
                0x000123f8                UART_ConfigStructInit
 .text.UART_SendByte
                0x0001242c       0x78 /opt/york/cs/net/lpc1700-cmsis-lite-2011.01.26-i686-1/lib/libDriversLPC17xxgnu.a(lpc17xx_uart.o)
                0x0001242c                UART_SendByte
 .text.UART_ReceiveByte
                0x000124a4       0x78 /opt/york/cs/net/lpc1700-cmsis-lite-2011.01.26-i686-1/lib/libDriversLPC17xxgnu.a(lpc17xx_uart.o)
                0x000124a4                UART_ReceiveByte
 .text.UART_Send
                0x0001251c      0x10c /opt/york/cs/net/lpc1700-cmsis-lite-2011.01.26-i686-1/lib/libDriversLPC17xxgnu.a(lpc17xx_uart.o)
                0x0001251c                UART_Send
 .text.UART_Receive
                0x00012628       0xd8 /opt/york/cs/net/lpc1700-cmsis-lite-2011.01.26-i686-1/lib/libDriversLPC17xxgnu.a(lpc17xx_uart.o)
                0x00012628                UART_Receive
 .text.UART_ForceBreak
                0x00012700       0x88 /opt/york/cs/net/lpc1700-cmsis-lite-2011.01.26-i686-1/lib/libDriversLPC17xxgnu.a(lpc17xx_uart.o)
                0x00012700                UART_ForceBreak
 .text.UART_IntConfig
                0x00012788      0x1d0 /opt/york/cs/net/lpc1700-cmsis-lite-2011.01.26-i686-1/lib/libDriversLPC17xxgnu.a(lpc17xx_uart.o)
                0x00012788                UART_IntConfig
 .text.UART_GetLineStatus
                0x00012958       0x7c /opt/york/cs/net/lpc1700-cmsis-lite-2011.01.26-i686-1/lib/libDriversLPC17xxgnu.a(lpc17xx_uart.o)
                0x00012958                UART_GetLineStatus
 .text.UART_GetIntId
                0x000129d4       0x68 /opt/york/cs/net/lpc1700-cmsis-lite-2011.01.26-i686-1/lib/libDriversLPC17xxgnu.a(lpc17xx_uart.o)
                0x000129d4                UART_GetIntId
 .text.UART_CheckBusy
                0x00012a3c       0x2c /opt/york/cs/net/lpc1700-cmsis-lite-2011.01.26-i686-1/lib/libDriversLPC17xxgnu.a(lpc17xx_uart.o)
                0x00012a3c                UART_CheckBusy
 .text.UART_FIFOConfig
                0x00012a68      0x184 /opt/york/cs/net/lpc1700-cmsis-lite-2011.01.26-i686-1/lib/libDriversLPC17xxgnu.a(lpc17xx_uart.o)
                0x00012a68                UART_FIFOConfig
 .text.UART_FIFOConfigStructInit
                0x00012bec       0x34 /opt/york/cs/net/lpc1700-cmsis-lite-2011.01.26-i686-1/lib/libDriversLPC17xxgnu.a(lpc17xx_uart.o)
                0x00012bec                UART_FIFOConfigStructInit
 .text.UART_ABCmd
                0x00012c20      0x15c /opt/york/cs/net/lpc1700-cmsis-lite-2011.01.26-i686-1/lib/libDriversLPC17xxgnu.a(lpc17xx_uart.o)
                0x00012c20                UART_ABCmd
 .text.UART_ABClearIntPending
                0x00012d7c       0x88 /opt/york/cs/net/lpc1700-cmsis-lite-2011.01.26-i686-1/lib/libDriversLPC17xxgnu.a(lpc17xx_uart.o)
                0x00012d7c                UART_ABClearIntPending
 .text.UART_TxCmd
                0x00012e04       0xe8 /opt/york/cs/net/lpc1700-cmsis-lite-2011.01.26-i686-1/lib/libDriversLPC17xxgnu.a(lpc17xx_uart.o)
                0x00012e04                UART_TxCmd
 .text.UART_IrDAInvtInputCmd
                0x00012eec       0x84 /opt/york/cs/net/lpc1700-cmsis-lite-2011.01.26-i686-1/lib/libDriversLPC17xxgnu.a(lpc17xx_uart.o)
                0x00012eec                UART_IrDAInvtInputCmd
 .text.UART_IrDACmd
                0x00012f70       0x80 /opt/york/cs/net/lpc1700-cmsis-lite-2011.01.26-i686-1/lib/libDriversLPC17xxgnu.a(lpc17xx_uart.o)
                0x00012f70                UART_IrDACmd
 .text.UART_IrDAPulseDivConfig
                0x00012ff0       0xac /opt/york/cs/net/lpc1700-cmsis-lite-2011.01.26-i686-1/lib/libDriversLPC17xxgnu.a(lpc17xx_uart.o)
                0x00012ff0                UART_IrDAPulseDivConfig
 .text.UART_FullModemForcePinState
                0x0001309c       0xcc /opt/york/cs/net/lpc1700-cmsis-lite-2011.01.26-i686-1/lib/libDriversLPC17xxgnu.a(lpc17xx_uart.o)
                0x0001309c                UART_FullModemForcePinState
 .text.UART_FullModemConfigMode
                0x00013168       0xd8 /opt/york/cs/net/lpc1700-cmsis-lite-2011.01.26-i686-1/lib/libDriversLPC17xxgnu.a(lpc17xx_uart.o)
                0x00013168                UART_FullModemConfigMode
 .text.UART_FullModemGetStatus
                0x00013240       0x38 /opt/york/cs/net/lpc1700-cmsis-lite-2011.01.26-i686-1/lib/libDriversLPC17xxgnu.a(lpc17xx_uart.o)
                0x00013240                UART_FullModemGetStatus
 .text.UART_RS485Config
                0x00013278      0x1bc /opt/york/cs/net/lpc1700-cmsis-lite-2011.01.26-i686-1/lib/libDriversLPC17xxgnu.a(lpc17xx_uart.o)
                0x00013278                UART_RS485Config
 .text.UART_RS485ReceiverCmd
                0x00013434       0x48 /opt/york/cs/net/lpc1700-cmsis-lite-2011.01.26-i686-1/lib/libDriversLPC17xxgnu.a(lpc17xx_uart.o)
                0x00013434                UART_RS485ReceiverCmd
 .text.UART_RS485Send
                0x0001347c       0x84 /opt/york/cs/net/lpc1700-cmsis-lite-2011.01.26-i686-1/lib/libDriversLPC17xxgnu.a(lpc17xx_uart.o)
                0x0001347c                UART_RS485Send
 .text.UART_RS485SendSlvAddr
                0x00013500       0x28 /opt/york/cs/net/lpc1700-cmsis-lite-2011.01.26-i686-1/lib/libDriversLPC17xxgnu.a(lpc17xx_uart.o)
                0x00013500                UART_RS485SendSlvAddr
 .text.UART_RS485SendData
                0x00013528       0x28 /opt/york/cs/net/lpc1700-cmsis-lite-2011.01.26-i686-1/lib/libDriversLPC17xxgnu.a(lpc17xx_uart.o)
                0x00013528                UART_RS485SendData
 .text          0x00013550        0x0 /opt/york/cs/net/lpc1700-cmsis-lite-2011.01.26-i686-1/lib/libDriversLPC17xxgnu.a(lpc17xx_clkpwr.o)
 .text.CLKPWR_SetPCLKDiv
                0x00013550       0xd4 /opt/york/cs/net/lpc1700-cmsis-lite-2011.01.26-i686-1/lib/libDriversLPC17xxgnu.a(lpc17xx_clkpwr.o)
                0x00013550                CLKPWR_SetPCLKDiv
 .text.CLKPWR_GetPCLKSEL
                0x00013624       0x54 /opt/york/cs/net/lpc1700-cmsis-lite-2011.01.26-i686-1/lib/libDriversLPC17xxgnu.a(lpc17xx_clkpwr.o)
                0x00013624                CLKPWR_GetPCLKSEL
 .text.CLKPWR_GetPCLK
                0x00013678       0x70 /opt/york/cs/net/lpc1700-cmsis-lite-2011.01.26-i686-1/lib/libDriversLPC17xxgnu.a(lpc17xx_clkpwr.o)
                0x00013678                CLKPWR_GetPCLK
 .text.CLKPWR_ConfigPPWR
                0x000136e8       0x80 /opt/york/cs/net/lpc1700-cmsis-lite-2011.01.26-i686-1/lib/libDriversLPC17xxgnu.a(lpc17xx_clkpwr.o)
                0x000136e8                CLKPWR_ConfigPPWR
 .text.CLKPWR_Sleep
                0x00013768       0x1c /opt/york/cs/net/lpc1700-cmsis-lite-2011.01.26-i686-1/lib/libDriversLPC17xxgnu.a(lpc17xx_clkpwr.o)
                0x00013768                CLKPWR_Sleep
 .text.CLKPWR_DeepSleep
                0x00013784       0x2c /opt/york/cs/net/lpc1700-cmsis-lite-2011.01.26-i686-1/lib/libDriversLPC17xxgnu.a(lpc17xx_clkpwr.o)
                0x00013784                CLKPWR_DeepSleep
 .text.CLKPWR_PowerDown
                0x000137b0       0x2c /opt/york/cs/net/lpc1700-cmsis-lite-2011.01.26-i686-1/lib/libDriversLPC17xxgnu.a(lpc17xx_clkpwr.o)
                0x000137b0                CLKPWR_PowerDown
 .text.CLKPWR_DeepPowerDown
                0x000137dc       0x2c /opt/york/cs/net/lpc1700-cmsis-lite-2011.01.26-i686-1/lib/libDriversLPC17xxgnu.a(lpc17xx_clkpwr.o)
                0x000137dc                CLKPWR_DeepPowerDown
 .text          0x00013808        0x0 /opt/york/cs/net/sourcery-g++-lite-arm-eabi-2010.09.51-i686-1/bin/../lib/gcc/arm-none-eabi/4.5.1/thumb2/crtend.o
 .text          0x00013808        0x0 /opt/york/cs/net/sourcery-g++-lite-arm-eabi-2010.09.51-i686-1/bin/../lib/gcc/arm-none-eabi/4.5.1/thumb2/crtn.o
 *(.plt)
 *(.gnu.warning)
 *(.glue_7t)
 .glue_7t       0x00000000        0x0 linker stubs
 *(.glue_7)
 .glue_7        0x00000000        0x0 linker stubs
 *(.vfp11_veneer)
 .vfp11_veneer  0x00000000        0x0 linker stubs
 *(.rodata .rodata.* .gnu.linkonce.r.*)
 .rodata        0x00013808      0x1a4 main.o
 .rodata.C.0.2899
                0x000139ac       0x10 source/KeyAccess.o
 .rodata        0x000139bc       0x14 source/LCD.o
 .rodata.C.12.5109
                0x000139d0        0x4 source/LCD.o
 .rodata.C.13.5110
                0x000139d4       0x14 source/LCD.o
 .rodata.C.14.5111
                0x000139e8        0xc source/LCD.o
 .rodata.C.1.2902
                0x000139f4       0x18 source/TLV320.o
 .rodata.C.2.2903
                0x00013a0c       0x10 source/TLV320.o
 .rodata.C.3.2904
                0x00013a1c        0x8 source/TLV320.o
 .rodata.C.4.2905
                0x00013a24        0x8 source/TLV320.o
 .rodata.C.5.2906
                0x00013a2c        0x4 source/TLV320.o
 .rodata.DbcTbl
                0x00013a30        0xc source/FatFS/ff.o
 .rodata        0x00013a3c       0x50 source/FatFS/ff.o
 .rodata.cst32.1625
                0x00013a8c       0x10 source/FatFS/ff.o
 .rodata.cst.1624
                0x00013a9c       0x10 source/FatFS/ff.o
 .rodata.badchr.1608
                0x00013aac       0x14 source/FatFS/ff.o
 .rodata        0x00013ac0       0x20 /opt/york/cs/net/sourcery-g++-lite-arm-eabi-2010.09.51-i686-1/arm-none-eabi/lib/thumb2/libc.a(lib_a-svfprintf.o)
 .rodata.str1.4
                0x00013ae0       0x42 /opt/york/cs/net/sourcery-g++-lite-arm-eabi-2010.09.51-i686-1/arm-none-eabi/lib/thumb2/libc.a(lib_a-svfprintf.o)
                                 0x44 (size before relaxing)
 *fill*         0x00013b22        0x2 00
 .rodata.str1.4
                0x00013b24       0x10 /opt/york/cs/net/sourcery-g++-lite-arm-eabi-2010.09.51-i686-1/arm-none-eabi/lib/thumb2/libc.a(lib_a-dtoa.o)
                                 0x14 (size before relaxing)
 .rodata        0x00013b34        0x4 /opt/york/cs/net/sourcery-g++-lite-arm-eabi-2010.09.51-i686-1/arm-none-eabi/lib/thumb2/libc.a(lib_a-impure.o)
                0x00013b34                _global_impure_ptr
 .rodata.str1.4
                0x00013b38        0x2 /opt/york/cs/net/sourcery-g++-lite-arm-eabi-2010.09.51-i686-1/arm-none-eabi/lib/thumb2/libc.a(lib_a-impure.o)
                                  0x4 (size before relaxing)
 *fill*         0x00013b3a        0x2 00
 .rodata.str1.4
                0x00013b3c        0xc /opt/york/cs/net/sourcery-g++-lite-arm-eabi-2010.09.51-i686-1/arm-none-eabi/lib/thumb2/libc.a(lib_a-locale.o)
                                 0x14 (size before relaxing)
 .rodata        0x00013b48      0x128 /opt/york/cs/net/sourcery-g++-lite-arm-eabi-2010.09.51-i686-1/arm-none-eabi/lib/thumb2/libc.a(lib_a-mprec.o)
                0x00013b58                __mprec_tens
                0x00013c20                __mprec_bigtens
                0x00013c48                __mprec_tinytens
 .rodata        0x00013c70       0x20 /opt/york/cs/net/sourcery-g++-lite-arm-eabi-2010.09.51-i686-1/arm-none-eabi/lib/thumb2/libc.a(lib_a-svfiprintf.o)
 .rodata.str1.4
                0x00000000       0x30 /opt/york/cs/net/sourcery-g++-lite-arm-eabi-2010.09.51-i686-1/arm-none-eabi/lib/thumb2/libc.a(lib_a-svfiprintf.o)
 .rodata.GPDMA_LUTPerAddr
                0x00013c90       0x60 /opt/york/cs/net/lpc1700-cmsis-lite-2011.01.26-i686-1/lib/libDriversLPC17xxgnu.a(lpc17xx_gpdma.o)
                0x00013c90                GPDMA_LUTPerAddr
 .rodata.GPDMA_LUTPerBurst
                0x00013cf0       0x18 /opt/york/cs/net/lpc1700-cmsis-lite-2011.01.26-i686-1/lib/libDriversLPC17xxgnu.a(lpc17xx_gpdma.o)
                0x00013cf0                GPDMA_LUTPerBurst
 .rodata.GPDMA_LUTPerWid
                0x00013d08       0x18 /opt/york/cs/net/lpc1700-cmsis-lite-2011.01.26-i686-1/lib/libDriversLPC17xxgnu.a(lpc17xx_gpdma.o)
                0x00013d08                GPDMA_LUTPerWid
 .rodata        0x00013d20       0x10 /opt/york/cs/net/lpc1700-cmsis-lite-2011.01.26-i686-1/lib/libDriversLPC17xxgnu.a(lpc17xx_gpdma.o)
 .rodata        0x00013d30       0x10 /opt/york/cs/net/lpc1700-cmsis-lite-2011.01.26-i686-1/lib/libDriversLPC17xxgnu.a(lpc17xx_i2c.o)
 .rodata        0x00013d40       0x10 /opt/york/cs/net/lpc1700-cmsis-lite-2011.01.26-i686-1/lib/libDriversLPC17xxgnu.a(lpc17xx_i2s.o)
 .rodata        0x00013d50       0x10 /opt/york/cs/net/lpc1700-cmsis-lite-2011.01.26-i686-1/lib/libDriversLPC17xxgnu.a(lpc17xx_uart.o)
 *(.ARM.extab* .gnu.linkonce.armextab.*)
 .ARM.extab.cs3.reset
                0x00013d60        0x0 /opt/york/cs/net/lpc1700-cmsis-lite-2011.01.26-i686-1/lib/startup_LPC17xx.o
 .ARM.extab     0x00013d60        0x0 /opt/york/cs/net/sourcery-g++-lite-arm-eabi-2010.09.51-i686-1/bin/../lib/gcc/arm-none-eabi/4.5.1/thumb2/libgcc.a(_divdi3.o)
 .ARM.extab     0x00013d60        0x0 /opt/york/cs/net/sourcery-g++-lite-arm-eabi-2010.09.51-i686-1/bin/../lib/gcc/arm-none-eabi/4.5.1/thumb2/libgcc.a(_udivdi3.o)
 *(.gcc_except_table)
 *(.eh_frame_hdr)
 *(.eh_frame)
                0x00013d60                . = ALIGN (0x4)
 *(.init)
 .init          0x00013d60        0x4 /opt/york/cs/net/sourcery-g++-lite-arm-eabi-2010.09.51-i686-1/bin/../lib/gcc/arm-none-eabi/4.5.1/thumb2/crti.o
                0x00013d60                _init
 .init          0x00013d64        0x8 /opt/york/cs/net/sourcery-g++-lite-arm-eabi-2010.09.51-i686-1/bin/../lib/gcc/arm-none-eabi/4.5.1/thumb2/crtn.o
                0x00013d6c                . = ALIGN (0x4)
                0x00013d6c                __preinit_array_start = .
 *(.preinit_array)
                0x00013d6c                __preinit_array_end = .
                0x00013d6c                . = ALIGN (0x4)
                0x00013d6c                __init_array_start = .
 *(SORT(.init_array.*))
 *(.init_array)
 .init_array    0x00013d6c        0x4 /opt/york/cs/net/sourcery-g++-lite-arm-eabi-2010.09.51-i686-1/bin/../lib/gcc/arm-none-eabi/4.5.1/thumb2/crtbegin.o
                0x00013d70                __init_array_end = .
                0x00013d70                . = ALIGN (0x4)
 *crtbegin.o(.ctors)
 *(EXCLUDE_FILE(*crtend.o) .ctors)
 *(SORT(.ctors.*))
 *crtend.o(.ctors)
                0x00013d70                . = ALIGN (0x4)
 *(.fini)
 .fini          0x00013d70        0x4 /opt/york/cs/net/sourcery-g++-lite-arm-eabi-2010.09.51-i686-1/bin/../lib/gcc/arm-none-eabi/4.5.1/thumb2/crti.o
                0x00013d70                _fini
 .fini          0x00013d74        0x8 /opt/york/cs/net/sourcery-g++-lite-arm-eabi-2010.09.51-i686-1/bin/../lib/gcc/arm-none-eabi/4.5.1/thumb2/crtn.o
                0x00013d7c                . = ALIGN (0x4)
                0x00013d7c                __fini_array_start = .
 *(.fini_array)
 .fini_array    0x00013d7c        0x4 /opt/york/cs/net/sourcery-g++-lite-arm-eabi-2010.09.51-i686-1/bin/../lib/gcc/arm-none-eabi/4.5.1/thumb2/crtbegin.o
 *(SORT(.fini_array.*))
                0x00013d80                __fini_array_end = .
 *crtbegin.o(.dtors)
 *(EXCLUDE_FILE(*crtend.o) .dtors)
 *(SORT(.dtors.*))
 *crtend.o(.dtors)
                0x00013d80                . = ALIGN (0x4)
                0x00013d80                __cs3_regions = .
                0x00013d80        0x4 LONG 0x0
                0x00013d84        0x4 LONG 0x13da0 __cs3_region_init_ram
                0x00013d88        0x4 LONG 0x10000000 __cs3_region_start_ram
                0x00013d8c        0x4 LONG 0x600 __cs3_region_init_size_ram
                0x00013d90        0x4 LONG 0x518 __cs3_region_zero_size_ram
                0x00013d94                __exidx_start = .

.v4_bx          0x00013d94        0x0
 .v4_bx         0x00000000        0x0 linker stubs

.ARM.exidx      0x00013d94        0x8
 *(.ARM.exidx* .gnu.linkonce.armexidx.*)
 .ARM.exidx.cs3.reset
                0x00013d94        0x8 /opt/york/cs/net/lpc1700-cmsis-lite-2011.01.26-i686-1/lib/startup_LPC17xx.o
 .ARM.exidx     0x00013d9c        0x0 /opt/york/cs/net/sourcery-g++-lite-arm-eabi-2010.09.51-i686-1/bin/../lib/gcc/arm-none-eabi/4.5.1/thumb2/libgcc.a(_divdi3.o)
                                  0x8 (size before relaxing)
 .ARM.exidx     0x00013d9c        0x0 /opt/york/cs/net/sourcery-g++-lite-arm-eabi-2010.09.51-i686-1/bin/../lib/gcc/arm-none-eabi/4.5.1/thumb2/libgcc.a(_udivdi3.o)
                                  0x8 (size before relaxing)
                0x00013d9c                __exidx_end = .

.text.align     0x00013d9c        0x4
                0x00013da0                . = ALIGN (0x8)
 *fill*         0x00013d9c        0x4 00
                0x00013da0                _etext = .
                0x00080000                __cs3_region_size_rom = 0x80000
                0x00000001                __cs3_region_num = 0x1

.data           0x10000000      0x600 load address 0x00013da0
                0x10000000                __cs3_region_start_ram = .
 *(.cs3.region-head.ram)
 *(.jcr)
 .jcr           0x10000000        0x0 /opt/york/cs/net/sourcery-g++-lite-arm-eabi-2010.09.51-i686-1/bin/../lib/gcc/arm-none-eabi/4.5.1/thumb2/crtbegin.o
 .jcr           0x10000000        0x4 /opt/york/cs/net/sourcery-g++-lite-arm-eabi-2010.09.51-i686-1/bin/../lib/gcc/arm-none-eabi/4.5.1/thumb2/crtend.o
 *(.got.plt)
 *(.got)
 *(.shdata)
 *(.data .data.* .gnu.linkonce.d.*)
 .data          0x10000004        0x0 /opt/york/cs/net/sourcery-g++-lite-arm-eabi-2010.09.51-i686-1/bin/../lib/gcc/arm-none-eabi/4.5.1/thumb2/crti.o
 .data          0x10000004        0x4 /opt/york/cs/net/sourcery-g++-lite-arm-eabi-2010.09.51-i686-1/bin/../lib/gcc/arm-none-eabi/4.5.1/thumb2/crtbegin.o
                0x10000004                __dso_handle
 .data          0x10000008        0x0 main.o
 .data.MenuText
                0x10000008       0x1c main.o
                0x10000008                MenuText
 .data.menuFuncs
                0x10000024       0x28 main.o
                0x10000024                menuFuncs
 .data          0x1000004c        0x0 source/i2s_polling.o
 .data          0x1000004c        0x0 source/KeyAccess.o
 .data          0x1000004c        0x0 source/LCD.o
 .data          0x1000004c        0x0 source/i2s.o
 .data          0x1000004c        0x0 source/TLV320.o
 .data          0x1000004c        0x0 source/Delay.o
 .data          0x1000004c        0x0 source/SerialIO.o
 .data          0x1000004c        0x0 source/I2C.o
 .data          0x1000004c        0x0 source/FatFS/ff.o
 .data          0x1000004c        0x0 source/FatFS/ffunicode.o
 .data          0x1000004c        0x0 source/FatFS/mmc_176x_ssp.o
 .data.Stat     0x1000004c        0x1 source/FatFS/mmc_176x_ssp.o
 .data          0x1000004d        0x0 source/FatFS/diskio.o
 .data          0x1000004d        0x0 /opt/york/cs/net/lpc1700-cmsis-lite-2011.01.26-i686-1/lib/core_cm3.o
 .data          0x1000004d        0x0 /opt/york/cs/net/lpc1700-cmsis-lite-2011.01.26-i686-1/lib/system_LPC17xx.o
 *fill*         0x1000004d        0x3 00
 .data.SystemCoreClock
                0x10000050        0x4 /opt/york/cs/net/lpc1700-cmsis-lite-2011.01.26-i686-1/lib/system_LPC17xx.o
                0x10000050                SystemCoreClock
 .data          0x10000054        0x0 /opt/york/cs/net/lpc1700-cmsis-lite-2011.01.26-i686-1/lib/startup_LPC17xx.o
 .data          0x10000054        0x0 /opt/york/cs/net/sourcery-g++-lite-arm-eabi-2010.09.51-i686-1/arm-none-eabi/lib/thumb2/libc.a(lib_a-malloc.o)
 .data          0x10000054      0x410 /opt/york/cs/net/sourcery-g++-lite-arm-eabi-2010.09.51-i686-1/arm-none-eabi/lib/thumb2/libc.a(lib_a-mallocr.o)
                0x10000054                __malloc_av_
                0x1000045c                __malloc_sbrk_base
                0x10000460                __malloc_trim_threshold
 .data          0x10000464        0x0 /opt/york/cs/net/sourcery-g++-lite-arm-eabi-2010.09.51-i686-1/arm-none-eabi/lib/thumb2/libc.a(lib_a-mlock.o)
 .data          0x10000464        0x0 /opt/york/cs/net/sourcery-g++-lite-arm-eabi-2010.09.51-i686-1/arm-none-eabi/lib/thumb2/libc.a(lib_a-sbrkr.o)
 .data          0x10000464        0x0 /opt/york/cs/net/sourcery-g++-lite-arm-eabi-2010.09.51-i686-1/arm-none-eabi/lib/thumb2/libc.a(lib_a-sprintf.o)
 .data          0x10000464        0x0 /opt/york/cs/net/sourcery-g++-lite-arm-eabi-2010.09.51-i686-1/arm-none-eabi/lib/thumb2/libc.a(lib_a-strlen.o)
 .data          0x10000464        0x0 /opt/york/cs/net/sourcery-g++-lite-arm-eabi-2010.09.51-i686-1/arm-none-eabi/lib/thumb2/libc.a(lib_a-svfprintf.o)
 .data          0x10000464        0x0 /opt/york/cs/net/sourcery-g++-lite-arm-eabi-2010.09.51-i686-1/arm-none-eabi/lib/thumb2/libc.a(lib_a-dtoa.o)
 .data          0x10000464        0x0 /opt/york/cs/net/sourcery-g++-lite-arm-eabi-2010.09.51-i686-1/arm-none-eabi/lib/thumb2/libc.a(lib_a-freer.o)
 .data          0x10000464       0xf4 /opt/york/cs/net/sourcery-g++-lite-arm-eabi-2010.09.51-i686-1/arm-none-eabi/lib/thumb2/libc.a(lib_a-impure.o)
                0x10000464                _impure_ptr
 .data          0x10000558       0x7c /opt/york/cs/net/sourcery-g++-lite-arm-eabi-2010.09.51-i686-1/arm-none-eabi/lib/thumb2/libc.a(lib_a-locale.o)
                0x10000578                __mb_cur_max
 .data          0x100005d4        0x0 /opt/york/cs/net/sourcery-g++-lite-arm-eabi-2010.09.51-i686-1/arm-none-eabi/lib/thumb2/libc.a(lib_a-memchr.o)
 .data          0x100005d4        0x0 /opt/york/cs/net/sourcery-g++-lite-arm-eabi-2010.09.51-i686-1/arm-none-eabi/lib/thumb2/libc.a(lib_a-memcpy.o)
 .data          0x100005d4        0x0 /opt/york/cs/net/sourcery-g++-lite-arm-eabi-2010.09.51-i686-1/arm-none-eabi/lib/thumb2/libc.a(lib_a-mprec.o)
 .data          0x100005d4        0x0 /opt/york/cs/net/sourcery-g++-lite-arm-eabi-2010.09.51-i686-1/arm-none-eabi/lib/thumb2/libc.a(lib_a-reent.o)
 .data          0x100005d4        0x0 /opt/york/cs/net/sourcery-g++-lite-arm-eabi-2010.09.51-i686-1/arm-none-eabi/lib/thumb2/libc.a(lib_a-s_fpclassify.o)
 .data          0x100005d4        0x0 /opt/york/cs/net/sourcery-g++-lite-arm-eabi-2010.09.51-i686-1/arm-none-eabi/lib/thumb2/libc.a(lib_a-strcmp.o)
 .data          0x100005d4        0x0 /opt/york/cs/net/sourcery-g++-lite-arm-eabi-2010.09.51-i686-1/arm-none-eabi/lib/thumb2/libc.a(lib_a-svfiprintf.o)
 .data          0x100005d4        0x0 /opt/york/cs/net/sourcery-g++-lite-arm-eabi-2010.09.51-i686-1/arm-none-eabi/lib/thumb2/libc.a(lib_a-callocr.o)
 .data          0x100005d4        0x0 /opt/york/cs/net/sourcery-g++-lite-arm-eabi-2010.09.51-i686-1/arm-none-eabi/lib/thumb2/libc.a(lib_a-memmove.o)
 .data          0x100005d4        0x0 /opt/york/cs/net/sourcery-g++-lite-arm-eabi-2010.09.51-i686-1/arm-none-eabi/lib/thumb2/libc.a(lib_a-memset.o)
 .data          0x100005d4        0x0 /opt/york/cs/net/sourcery-g++-lite-arm-eabi-2010.09.51-i686-1/arm-none-eabi/lib/thumb2/libc.a(lib_a-reallocr.o)
 .data          0x100005d4        0x0 /opt/york/cs/net/sourcery-g++-lite-arm-eabi-2010.09.51-i686-1/bin/../lib/gcc/arm-none-eabi/4.5.1/thumb2/libgcc.a(_udivsi3.o)
 .data          0x100005d4        0x0 /opt/york/cs/net/sourcery-g++-lite-arm-eabi-2010.09.51-i686-1/bin/../lib/gcc/arm-none-eabi/4.5.1/thumb2/libgcc.a(_dvmd_tls.o)
 .data          0x100005d4        0x0 /opt/york/cs/net/sourcery-g++-lite-arm-eabi-2010.09.51-i686-1/bin/../lib/gcc/arm-none-eabi/4.5.1/thumb2/libgcc.a(_arm_addsubdf3.o)
 .data          0x100005d4        0x0 /opt/york/cs/net/sourcery-g++-lite-arm-eabi-2010.09.51-i686-1/bin/../lib/gcc/arm-none-eabi/4.5.1/thumb2/libgcc.a(_arm_muldivdf3.o)
 .data          0x100005d4        0x0 /opt/york/cs/net/sourcery-g++-lite-arm-eabi-2010.09.51-i686-1/bin/../lib/gcc/arm-none-eabi/4.5.1/thumb2/libgcc.a(_arm_cmpdf2.o)
 .data          0x100005d4        0x0 /opt/york/cs/net/sourcery-g++-lite-arm-eabi-2010.09.51-i686-1/bin/../lib/gcc/arm-none-eabi/4.5.1/thumb2/libgcc.a(_arm_fixdfsi.o)
 .data          0x100005d4        0x0 /opt/york/cs/net/sourcery-g++-lite-arm-eabi-2010.09.51-i686-1/bin/../lib/gcc/arm-none-eabi/4.5.1/thumb2/libgcc.a(_aeabi_uldivmod.o)
 .data          0x100005d4        0x0 /opt/york/cs/net/sourcery-g++-lite-arm-eabi-2010.09.51-i686-1/bin/../lib/gcc/arm-none-eabi/4.5.1/thumb2/libgcc.a(bpabi.o)
 .data          0x100005d4        0x0 /opt/york/cs/net/sourcery-g++-lite-arm-eabi-2010.09.51-i686-1/bin/../lib/gcc/arm-none-eabi/4.5.1/thumb2/libgcc.a(_divdi3.o)
 .data          0x100005d4        0x0 /opt/york/cs/net/sourcery-g++-lite-arm-eabi-2010.09.51-i686-1/bin/../lib/gcc/arm-none-eabi/4.5.1/thumb2/libgcc.a(_udivdi3.o)
 .data          0x100005d4        0x0 /opt/york/cs/net/sourcery-g++-lite-arm-eabi-2010.09.51-i686-1/arm-none-eabi/lib/thumb2/libcs3.a(start_c.o)
 .data          0x100005d4        0x4 /opt/york/cs/net/sourcery-g++-lite-arm-eabi-2010.09.51-i686-1/arm-none-eabi/lib/thumb2/libcs3unhosted.a(unhosted-sbrk.o)
 .data          0x100005d8        0x0 /opt/york/cs/net/sourcery-g++-lite-arm-eabi-2010.09.51-i686-1/arm-none-eabi/lib/thumb2/libcs3unhosted.a(unhosted-start.o)
 .data          0x100005d8        0x0 /opt/york/cs/net/sourcery-g++-lite-arm-eabi-2010.09.51-i686-1/arm-none-eabi/lib/thumb2/libc.a(lib_a-errno.o)
 .data          0x100005d8        0x0 /opt/york/cs/net/sourcery-g++-lite-arm-eabi-2010.09.51-i686-1/arm-none-eabi/lib/thumb2/libc.a(lib_a-init.o)
 .data          0x100005d8        0x4 /opt/york/cs/net/sourcery-g++-lite-arm-eabi-2010.09.51-i686-1/arm-none-eabi/lib/thumb2/libcs3.a(heap.o)
                0x100005d8                __cs3_heap_limit
 .data          0x100005dc        0x0 /opt/york/cs/net/lpc1700-cmsis-lite-2011.01.26-i686-1/lib/libDriversLPC17xxgnu.a(lpc17xx_gpdma.o)
 .data.pGPDMACh
                0x100005dc       0x20 /opt/york/cs/net/lpc1700-cmsis-lite-2011.01.26-i686-1/lib/libDriversLPC17xxgnu.a(lpc17xx_gpdma.o)
                0x100005dc                pGPDMACh
 .data          0x100005fc        0x0 /opt/york/cs/net/lpc1700-cmsis-lite-2011.01.26-i686-1/lib/libDriversLPC17xxgnu.a(lpc17xx_i2c.o)
 .data          0x100005fc        0x0 /opt/york/cs/net/lpc1700-cmsis-lite-2011.01.26-i686-1/lib/libDriversLPC17xxgnu.a(lpc17xx_i2s.o)
 .data          0x100005fc        0x0 /opt/york/cs/net/lpc1700-cmsis-lite-2011.01.26-i686-1/lib/libDriversLPC17xxgnu.a(lpc17xx_libcfg_default.o)
 .data          0x100005fc        0x0 /opt/york/cs/net/lpc1700-cmsis-lite-2011.01.26-i686-1/lib/libDriversLPC17xxgnu.a(lpc17xx_pinsel.o)
 .data          0x100005fc        0x0 /opt/york/cs/net/lpc1700-cmsis-lite-2011.01.26-i686-1/lib/libDriversLPC17xxgnu.a(lpc17xx_uart.o)
 .data          0x100005fc        0x0 /opt/york/cs/net/lpc1700-cmsis-lite-2011.01.26-i686-1/lib/libDriversLPC17xxgnu.a(lpc17xx_clkpwr.o)
 .data          0x100005fc        0x0 /opt/york/cs/net/sourcery-g++-lite-arm-eabi-2010.09.51-i686-1/bin/../lib/gcc/arm-none-eabi/4.5.1/thumb2/crtend.o
 .data          0x100005fc        0x0 /opt/york/cs/net/sourcery-g++-lite-arm-eabi-2010.09.51-i686-1/bin/../lib/gcc/arm-none-eabi/4.5.1/thumb2/crtn.o
 *(.ram)
                0x10000600                . = ALIGN (0x8)
 *fill*         0x100005fc        0x4 00
                0x10000600                _edata = .

.bss            0x10000600      0x518 load address 0x000143a0
 *(.shbss)
 *(.bss .bss.* .gnu.linkonce.b.*)
 .bss           0x10000600        0x0 /opt/york/cs/net/sourcery-g++-lite-arm-eabi-2010.09.51-i686-1/bin/../lib/gcc/arm-none-eabi/4.5.1/thumb2/crti.o
 .bss           0x10000600        0x1 /opt/york/cs/net/sourcery-g++-lite-arm-eabi-2010.09.51-i686-1/bin/../lib/gcc/arm-none-eabi/4.5.1/thumb2/crtbegin.o
 .bss           0x10000601        0x0 main.o
 *fill*         0x10000601        0x3 00
 .bss.i2s_Interrupt_Mode
                0x10000604        0x4 main.o
                0x10000604                i2s_Interrupt_Mode
 .bss           0x10000608        0x0 source/i2s_polling.o
 .bss           0x10000608        0x0 source/KeyAccess.o
 .bss           0x10000608        0x0 source/LCD.o
 .bss           0x10000608        0x0 source/i2s.o
 .bss           0x10000608        0x0 source/TLV320.o
 .bss           0x10000608        0x0 source/Delay.o
 .bss           0x10000608        0x0 source/SerialIO.o
 .bss           0x10000608        0x0 source/I2C.o
 .bss           0x10000608        0x0 source/FatFS/ff.o
 .bss.FatFs     0x10000608        0x4 source/FatFS/ff.o
 .bss.Fsid      0x1000060c        0x2 source/FatFS/ff.o
 .bss.CurrVol   0x1000060e        0x1 source/FatFS/ff.o
 .bss           0x1000060f        0x0 source/FatFS/ffunicode.o
 .bss           0x1000060f        0x0 source/FatFS/mmc_176x_ssp.o
 *fill*         0x1000060f        0x1 00
 .bss.Timer1    0x10000610        0x4 source/FatFS/mmc_176x_ssp.o
 .bss.Timer2    0x10000614        0x4 source/FatFS/mmc_176x_ssp.o
 .bss.CardType  0x10000618        0x1 source/FatFS/mmc_176x_ssp.o
 .bss           0x10000619        0x0 source/FatFS/diskio.o
 .bss           0x10000619        0x0 /opt/york/cs/net/lpc1700-cmsis-lite-2011.01.26-i686-1/lib/core_cm3.o
 .bss           0x10000619        0x0 /opt/york/cs/net/lpc1700-cmsis-lite-2011.01.26-i686-1/lib/system_LPC17xx.o
 .bss           0x10000619        0x0 /opt/york/cs/net/lpc1700-cmsis-lite-2011.01.26-i686-1/lib/startup_LPC17xx.o
 .bss           0x10000619        0x0 /opt/york/cs/net/sourcery-g++-lite-arm-eabi-2010.09.51-i686-1/arm-none-eabi/lib/thumb2/libc.a(lib_a-malloc.o)
 *fill*         0x10000619        0x3 00
 .bss           0x1000061c       0x34 /opt/york/cs/net/sourcery-g++-lite-arm-eabi-2010.09.51-i686-1/arm-none-eabi/lib/thumb2/libc.a(lib_a-mallocr.o)
                0x1000061c                __malloc_top_pad
                0x10000620                __malloc_current_mallinfo
                0x10000648                __malloc_max_sbrked_mem
                0x1000064c                __malloc_max_total_mem
 .bss           0x10000650        0x0 /opt/york/cs/net/sourcery-g++-lite-arm-eabi-2010.09.51-i686-1/arm-none-eabi/lib/thumb2/libc.a(lib_a-mlock.o)
 .bss           0x10000650        0x0 /opt/york/cs/net/sourcery-g++-lite-arm-eabi-2010.09.51-i686-1/arm-none-eabi/lib/thumb2/libc.a(lib_a-sbrkr.o)
 .bss           0x10000650        0x0 /opt/york/cs/net/sourcery-g++-lite-arm-eabi-2010.09.51-i686-1/arm-none-eabi/lib/thumb2/libc.a(lib_a-sprintf.o)
 .bss           0x10000650        0x0 /opt/york/cs/net/sourcery-g++-lite-arm-eabi-2010.09.51-i686-1/arm-none-eabi/lib/thumb2/libc.a(lib_a-strlen.o)
 .bss           0x10000650        0x0 /opt/york/cs/net/sourcery-g++-lite-arm-eabi-2010.09.51-i686-1/arm-none-eabi/lib/thumb2/libc.a(lib_a-svfprintf.o)
 .bss           0x10000650        0x0 /opt/york/cs/net/sourcery-g++-lite-arm-eabi-2010.09.51-i686-1/arm-none-eabi/lib/thumb2/libc.a(lib_a-dtoa.o)
 .bss           0x10000650        0x0 /opt/york/cs/net/sourcery-g++-lite-arm-eabi-2010.09.51-i686-1/arm-none-eabi/lib/thumb2/libc.a(lib_a-freer.o)
 .bss           0x10000650        0x0 /opt/york/cs/net/sourcery-g++-lite-arm-eabi-2010.09.51-i686-1/arm-none-eabi/lib/thumb2/libc.a(lib_a-impure.o)
 .bss           0x10000650        0xc /opt/york/cs/net/sourcery-g++-lite-arm-eabi-2010.09.51-i686-1/arm-none-eabi/lib/thumb2/libc.a(lib_a-locale.o)
                0x10000650                __nlocale_changed
                0x10000654                __mlocale_changed
                0x10000658                _PathLocale
 .bss           0x1000065c        0x0 /opt/york/cs/net/sourcery-g++-lite-arm-eabi-2010.09.51-i686-1/arm-none-eabi/lib/thumb2/libc.a(lib_a-memchr.o)
 .bss           0x1000065c        0x0 /opt/york/cs/net/sourcery-g++-lite-arm-eabi-2010.09.51-i686-1/arm-none-eabi/lib/thumb2/libc.a(lib_a-memcpy.o)
 .bss           0x1000065c        0x0 /opt/york/cs/net/sourcery-g++-lite-arm-eabi-2010.09.51-i686-1/arm-none-eabi/lib/thumb2/libc.a(lib_a-mprec.o)
 .bss           0x1000065c        0x0 /opt/york/cs/net/sourcery-g++-lite-arm-eabi-2010.09.51-i686-1/arm-none-eabi/lib/thumb2/libc.a(lib_a-reent.o)
 .bss           0x1000065c        0x0 /opt/york/cs/net/sourcery-g++-lite-arm-eabi-2010.09.51-i686-1/arm-none-eabi/lib/thumb2/libc.a(lib_a-s_fpclassify.o)
 .bss           0x1000065c        0x0 /opt/york/cs/net/sourcery-g++-lite-arm-eabi-2010.09.51-i686-1/arm-none-eabi/lib/thumb2/libc.a(lib_a-strcmp.o)
 .bss           0x1000065c        0x0 /opt/york/cs/net/sourcery-g++-lite-arm-eabi-2010.09.51-i686-1/arm-none-eabi/lib/thumb2/libc.a(lib_a-svfiprintf.o)
 .bss           0x1000065c        0x0 /opt/york/cs/net/sourcery-g++-lite-arm-eabi-2010.09.51-i686-1/arm-none-eabi/lib/thumb2/libc.a(lib_a-callocr.o)
 .bss           0x1000065c        0x0 /opt/york/cs/net/sourcery-g++-lite-arm-eabi-2010.09.51-i686-1/arm-none-eabi/lib/thumb2/libc.a(lib_a-memmove.o)
 .bss           0x1000065c        0x0 /opt/york/cs/net/sourcery-g++-lite-arm-eabi-2010.09.51-i686-1/arm-none-eabi/lib/thumb2/libc.a(lib_a-memset.o)
 .bss           0x1000065c        0x0 /opt/york/cs/net/sourcery-g++-lite-arm-eabi-2010.09.51-i686-1/arm-none-eabi/lib/thumb2/libc.a(lib_a-reallocr.o)
 .bss           0x1000065c        0x0 /opt/york/cs/net/sourcery-g++-lite-arm-eabi-2010.09.51-i686-1/bin/../lib/gcc/arm-none-eabi/4.5.1/thumb2/libgcc.a(_udivsi3.o)
 .bss           0x1000065c        0x0 /opt/york/cs/net/sourcery-g++-lite-arm-eabi-2010.09.51-i686-1/bin/../lib/gcc/arm-none-eabi/4.5.1/thumb2/libgcc.a(_dvmd_tls.o)
 .bss           0x1000065c        0x0 /opt/york/cs/net/sourcery-g++-lite-arm-eabi-2010.09.51-i686-1/bin/../lib/gcc/arm-none-eabi/4.5.1/thumb2/libgcc.a(_arm_addsubdf3.o)
 .bss           0x1000065c        0x0 /opt/york/cs/net/sourcery-g++-lite-arm-eabi-2010.09.51-i686-1/bin/../lib/gcc/arm-none-eabi/4.5.1/thumb2/libgcc.a(_arm_muldivdf3.o)
 .bss           0x1000065c        0x0 /opt/york/cs/net/sourcery-g++-lite-arm-eabi-2010.09.51-i686-1/bin/../lib/gcc/arm-none-eabi/4.5.1/thumb2/libgcc.a(_arm_cmpdf2.o)
 .bss           0x1000065c        0x0 /opt/york/cs/net/sourcery-g++-lite-arm-eabi-2010.09.51-i686-1/bin/../lib/gcc/arm-none-eabi/4.5.1/thumb2/libgcc.a(_arm_fixdfsi.o)
 .bss           0x1000065c        0x0 /opt/york/cs/net/sourcery-g++-lite-arm-eabi-2010.09.51-i686-1/bin/../lib/gcc/arm-none-eabi/4.5.1/thumb2/libgcc.a(_aeabi_uldivmod.o)
 .bss           0x1000065c        0x0 /opt/york/cs/net/sourcery-g++-lite-arm-eabi-2010.09.51-i686-1/bin/../lib/gcc/arm-none-eabi/4.5.1/thumb2/libgcc.a(bpabi.o)
 .bss           0x1000065c        0x0 /opt/york/cs/net/sourcery-g++-lite-arm-eabi-2010.09.51-i686-1/bin/../lib/gcc/arm-none-eabi/4.5.1/thumb2/libgcc.a(_divdi3.o)
 .bss           0x1000065c        0x0 /opt/york/cs/net/sourcery-g++-lite-arm-eabi-2010.09.51-i686-1/bin/../lib/gcc/arm-none-eabi/4.5.1/thumb2/libgcc.a(_udivdi3.o)
 .bss           0x1000065c        0x0 /opt/york/cs/net/sourcery-g++-lite-arm-eabi-2010.09.51-i686-1/arm-none-eabi/lib/thumb2/libcs3.a(start_c.o)
 .bss           0x1000065c        0x0 /opt/york/cs/net/sourcery-g++-lite-arm-eabi-2010.09.51-i686-1/arm-none-eabi/lib/thumb2/libcs3unhosted.a(unhosted-sbrk.o)
 .bss           0x1000065c        0x0 /opt/york/cs/net/sourcery-g++-lite-arm-eabi-2010.09.51-i686-1/arm-none-eabi/lib/thumb2/libcs3unhosted.a(unhosted-start.o)
 .bss           0x1000065c        0x0 /opt/york/cs/net/sourcery-g++-lite-arm-eabi-2010.09.51-i686-1/arm-none-eabi/lib/thumb2/libc.a(lib_a-errno.o)
 .bss           0x1000065c        0x0 /opt/york/cs/net/sourcery-g++-lite-arm-eabi-2010.09.51-i686-1/arm-none-eabi/lib/thumb2/libc.a(lib_a-init.o)
 .bss           0x1000065c        0x0 /opt/york/cs/net/sourcery-g++-lite-arm-eabi-2010.09.51-i686-1/arm-none-eabi/lib/thumb2/libcs3.a(heap.o)
 .bss           0x1000065c        0x0 /opt/york/cs/net/lpc1700-cmsis-lite-2011.01.26-i686-1/lib/libDriversLPC17xxgnu.a(lpc17xx_gpdma.o)
 .bss           0x1000065c        0x0 /opt/york/cs/net/lpc1700-cmsis-lite-2011.01.26-i686-1/lib/libDriversLPC17xxgnu.a(lpc17xx_i2c.o)
 .bss.i2cdat    0x1000065c       0x18 /opt/york/cs/net/lpc1700-cmsis-lite-2011.01.26-i686-1/lib/libDriversLPC17xxgnu.a(lpc17xx_i2c.o)
 .bss.I2C_MasterComplete
                0x10000674        0xc /opt/york/cs/net/lpc1700-cmsis-lite-2011.01.26-i686-1/lib/libDriversLPC17xxgnu.a(lpc17xx_i2c.o)
 .bss.I2C_SlaveComplete
                0x10000680        0xc /opt/york/cs/net/lpc1700-cmsis-lite-2011.01.26-i686-1/lib/libDriversLPC17xxgnu.a(lpc17xx_i2c.o)
 .bss.I2C_MonitorBufferIndex
                0x1000068c        0x4 /opt/york/cs/net/lpc1700-cmsis-lite-2011.01.26-i686-1/lib/libDriversLPC17xxgnu.a(lpc17xx_i2c.o)
 .bss           0x10000690        0x0 /opt/york/cs/net/lpc1700-cmsis-lite-2011.01.26-i686-1/lib/libDriversLPC17xxgnu.a(lpc17xx_i2s.o)
 .bss           0x10000690        0x0 /opt/york/cs/net/lpc1700-cmsis-lite-2011.01.26-i686-1/lib/libDriversLPC17xxgnu.a(lpc17xx_libcfg_default.o)
 .bss           0x10000690        0x0 /opt/york/cs/net/lpc1700-cmsis-lite-2011.01.26-i686-1/lib/libDriversLPC17xxgnu.a(lpc17xx_pinsel.o)
 .bss           0x10000690        0x0 /opt/york/cs/net/lpc1700-cmsis-lite-2011.01.26-i686-1/lib/libDriversLPC17xxgnu.a(lpc17xx_uart.o)
 .bss           0x10000690        0x0 /opt/york/cs/net/lpc1700-cmsis-lite-2011.01.26-i686-1/lib/libDriversLPC17xxgnu.a(lpc17xx_clkpwr.o)
 .bss           0x10000690        0x0 /opt/york/cs/net/sourcery-g++-lite-arm-eabi-2010.09.51-i686-1/bin/../lib/gcc/arm-none-eabi/4.5.1/thumb2/crtend.o
 .bss           0x10000690        0x0 /opt/york/cs/net/sourcery-g++-lite-arm-eabi-2010.09.51-i686-1/bin/../lib/gcc/arm-none-eabi/4.5.1/thumb2/crtn.o
 *(COMMON)
 COMMON         0x10000690      0x47c main.o
                0x10000690                Channel1_TC
                0x10000694                BufferIn
                0x10000698                WriteInd
                0x1000069c                Channel0_TC
                0x100006a0                SelMenuItem
                0x100006a4                FatFs
                0x100008d8                rbuf
                0x10000ae8                ReadInd
                0x10000aec                BufferOut
                0x10000af0                buttonpress
                0x10000af4                Channel0_Err
                0x10000af8                buffer
                0x10000afc                Counter
                0x10000b00                Channel1_Err
                0x10000b04                prevKey
                0x10000b05                key
                0x10000b06                TxIntStat
                0x10000b08                Audio_buf
 COMMON         0x10000b0c        0x8 source/i2s.o
                0x10000b0c                ENAOUT
                0x10000b10                ENAINP
 COMMON         0x10000b14        0x4 /opt/york/cs/net/sourcery-g++-lite-arm-eabi-2010.09.51-i686-1/arm-none-eabi/lib/thumb2/libc.a(lib_a-reent.o)
                0x10000b14                errno
 *(.ram.b)
                0x10000b18                . = ALIGN (0x8)
                0x10000b18                _end = .
                0x10000b18                __end = .

.usb_ram
 *.o(USB_RAM)

.heap           0x10000b18     0x1000
 *(.heap)
 .heap          0x10000b18     0x1000 /opt/york/cs/net/lpc1700-cmsis-lite-2011.01.26-i686-1/lib/startup_LPC17xx.o
                0x10000b18                __cs3_heap_start
                0x10001b18                __cs3_heap_end

.stack          0x10007f00      0x100
 *(.stack)
 .stack         0x10007f00      0x100 /opt/york/cs/net/lpc1700-cmsis-lite-2011.01.26-i686-1/lib/startup_LPC17xx.o
                0x10007f00                __cs3_stack_mem
                0x10008000                _estack = .
                0x10008000                PROVIDE (estack, .)
                0x00013da0                __cs3_region_init_ram = LOADADDR (.data)
                0x00000600                __cs3_region_init_size_ram = (_edata - __cs3_region_start_ram)
                0x00000518                __cs3_region_zero_size_ram = (_end - _edata)
                0x00008000                __cs3_region_size_ram = 0x8000
                0x00000001                __cs3_region_num = 0x1

.stab
 *(.stab)

.stabstr
 *(.stabstr)

.debug
 *(.debug)

.line
 *(.line)

.debug_srcinfo
 *(.debug_srcinfo)

.debug_sfnames
 *(.debug_sfnames)

.comment        0x00000000       0x2a
 .comment       0x00000000       0x2a main.o
                                 0x2b (size before relaxing)
 .comment       0x00000000       0x2b source/i2s_polling.o
 .comment       0x00000000       0x2b source/KeyAccess.o
 .comment       0x00000000       0x2b source/LCD.o
 .comment       0x00000000       0x2b source/i2s.o
 .comment       0x00000000       0x2b source/TLV320.o
 .comment       0x00000000       0x2b source/Delay.o
 .comment       0x00000000       0x2b source/SerialIO.o
 .comment       0x00000000       0x2b source/I2C.o
 .comment       0x00000000       0x2b source/FatFS/ff.o
 .comment       0x00000000       0x2b source/FatFS/ffunicode.o
 .comment       0x00000000       0x2b source/FatFS/mmc_176x_ssp.o
 .comment       0x00000000       0x2b source/FatFS/diskio.o
 .comment       0x00000000       0x2b /opt/york/cs/net/lpc1700-cmsis-lite-2011.01.26-i686-1/lib/core_cm3.o
 .comment       0x00000000       0x2b /opt/york/cs/net/lpc1700-cmsis-lite-2011.01.26-i686-1/lib/system_LPC17xx.o
 .comment       0x00000000       0x2b /opt/york/cs/net/lpc1700-cmsis-lite-2011.01.26-i686-1/lib/libDriversLPC17xxgnu.a(lpc17xx_gpdma.o)
 .comment       0x00000000       0x2b /opt/york/cs/net/lpc1700-cmsis-lite-2011.01.26-i686-1/lib/libDriversLPC17xxgnu.a(lpc17xx_i2c.o)
 .comment       0x00000000       0x2b /opt/york/cs/net/lpc1700-cmsis-lite-2011.01.26-i686-1/lib/libDriversLPC17xxgnu.a(lpc17xx_i2s.o)
 .comment       0x00000000       0x2b /opt/york/cs/net/lpc1700-cmsis-lite-2011.01.26-i686-1/lib/libDriversLPC17xxgnu.a(lpc17xx_libcfg_default.o)
 .comment       0x00000000       0x2b /opt/york/cs/net/lpc1700-cmsis-lite-2011.01.26-i686-1/lib/libDriversLPC17xxgnu.a(lpc17xx_pinsel.o)
 .comment       0x00000000       0x2b /opt/york/cs/net/lpc1700-cmsis-lite-2011.01.26-i686-1/lib/libDriversLPC17xxgnu.a(lpc17xx_uart.o)
 .comment       0x00000000       0x2b /opt/york/cs/net/lpc1700-cmsis-lite-2011.01.26-i686-1/lib/libDriversLPC17xxgnu.a(lpc17xx_clkpwr.o)

.debug_aranges  0x00000000      0xa28
 *(.debug_aranges)
 .debug_aranges
                0x00000000       0x98 main.o
 .debug_aranges
                0x00000098       0x48 source/i2s_polling.o
 .debug_aranges
                0x000000e0       0x30 source/KeyAccess.o
 .debug_aranges
                0x00000110       0x78 source/LCD.o
 .debug_aranges
                0x00000188       0x78 source/i2s.o
 .debug_aranges
                0x00000200       0x60 source/TLV320.o
 .debug_aranges
                0x00000260       0x40 source/Delay.o
 .debug_aranges
                0x000002a0       0x90 source/SerialIO.o
 .debug_aranges
                0x00000330       0x30 source/I2C.o
 .debug_aranges
                0x00000360      0x248 source/FatFS/ff.o
 .debug_aranges
                0x000005a8       0xa0 source/FatFS/mmc_176x_ssp.o
 .debug_aranges
                0x00000648       0x28 /opt/york/cs/net/lpc1700-cmsis-lite-2011.01.26-i686-1/lib/system_LPC17xx.o
 .debug_aranges
                0x00000670       0x28 /opt/york/cs/net/lpc1700-cmsis-lite-2011.01.26-i686-1/lib/startup_LPC17xx.o
 .debug_aranges
                0x00000698       0x40 /opt/york/cs/net/lpc1700-cmsis-lite-2011.01.26-i686-1/lib/libDriversLPC17xxgnu.a(lpc17xx_gpdma.o)
 .debug_aranges
                0x000006d8       0xd0 /opt/york/cs/net/lpc1700-cmsis-lite-2011.01.26-i686-1/lib/libDriversLPC17xxgnu.a(lpc17xx_i2c.o)
 .debug_aranges
                0x000007a8       0xc0 /opt/york/cs/net/lpc1700-cmsis-lite-2011.01.26-i686-1/lib/libDriversLPC17xxgnu.a(lpc17xx_i2s.o)
 .debug_aranges
                0x00000868       0x20 /opt/york/cs/net/lpc1700-cmsis-lite-2011.01.26-i686-1/lib/libDriversLPC17xxgnu.a(lpc17xx_libcfg_default.o)
 .debug_aranges
                0x00000888       0x48 /opt/york/cs/net/lpc1700-cmsis-lite-2011.01.26-i686-1/lib/libDriversLPC17xxgnu.a(lpc17xx_pinsel.o)
 .debug_aranges
                0x000008d0      0x100 /opt/york/cs/net/lpc1700-cmsis-lite-2011.01.26-i686-1/lib/libDriversLPC17xxgnu.a(lpc17xx_uart.o)
 .debug_aranges
                0x000009d0       0x58 /opt/york/cs/net/lpc1700-cmsis-lite-2011.01.26-i686-1/lib/libDriversLPC17xxgnu.a(lpc17xx_clkpwr.o)

.debug_pubnames
                0x00000000     0x112d
 *(.debug_pubnames)
 .debug_pubnames
                0x00000000      0x1fe main.o
 .debug_pubnames
                0x000001fe       0xee source/i2s_polling.o
 .debug_pubnames
                0x000002ec       0x41 source/KeyAccess.o
 .debug_pubnames
                0x0000032d       0xd1 source/LCD.o
 .debug_pubnames
                0x000003fe      0x120 source/i2s.o
 .debug_pubnames
                0x0000051e      0x103 source/TLV320.o
 .debug_pubnames
                0x00000621       0x4a source/Delay.o
 .debug_pubnames
                0x0000066b      0x120 source/SerialIO.o
 .debug_pubnames
                0x0000078b       0x3a source/I2C.o
 .debug_pubnames
                0x000007c5      0x191 source/FatFS/ff.o
 .debug_pubnames
                0x00000956       0x75 source/FatFS/mmc_176x_ssp.o
 .debug_pubnames
                0x000009cb       0x4f /opt/york/cs/net/lpc1700-cmsis-lite-2011.01.26-i686-1/lib/system_LPC17xx.o
 .debug_pubnames
                0x00000a1a       0xc3 /opt/york/cs/net/lpc1700-cmsis-lite-2011.01.26-i686-1/lib/libDriversLPC17xxgnu.a(lpc17xx_gpdma.o)