Archive member included because of file (symbol)

/opt/york/cs/net/sourcery-g++-lite-arm-eabi-2010.09.51-i686-1/arm-none-eabi/lib/thumb2/libc.a(lib_a-atoi.o)
                              main.o (atoi)
/opt/york/cs/net/sourcery-g++-lite-arm-eabi-2010.09.51-i686-1/arm-none-eabi/lib/thumb2/libc.a(lib_a-malloc.o)
                              source/Wave.o (malloc)
/opt/york/cs/net/sourcery-g++-lite-arm-eabi-2010.09.51-i686-1/arm-none-eabi/lib/thumb2/libc.a(lib_a-mallocr.o)
                              /opt/york/cs/net/sourcery-g++-lite-arm-eabi-2010.09.51-i686-1/arm-none-eabi/lib/thumb2/libc.a(lib_a-malloc.o) (_malloc_r)
/opt/york/cs/net/sourcery-g++-lite-arm-eabi-2010.09.51-i686-1/arm-none-eabi/lib/thumb2/libc.a(lib_a-memcpy.o)
                              main.o (memcpy)
/opt/york/cs/net/sourcery-g++-lite-arm-eabi-2010.09.51-i686-1/arm-none-eabi/lib/thumb2/libc.a(lib_a-memset.o)
                              main.o (memset)
/opt/york/cs/net/sourcery-g++-lite-arm-eabi-2010.09.51-i686-1/arm-none-eabi/lib/thumb2/libc.a(lib_a-mlock.o)
                              /opt/york/cs/net/sourcery-g++-lite-arm-eabi-2010.09.51-i686-1/arm-none-eabi/lib/thumb2/libc.a(lib_a-mallocr.o) (__malloc_lock)
/opt/york/cs/net/sourcery-g++-lite-arm-eabi-2010.09.51-i686-1/arm-none-eabi/lib/thumb2/libc.a(lib_a-sbrkr.o)
                              /opt/york/cs/net/sourcery-g++-lite-arm-eabi-2010.09.51-i686-1/arm-none-eabi/lib/thumb2/libc.a(lib_a-mallocr.o) (_sbrk_r)
/opt/york/cs/net/sourcery-g++-lite-arm-eabi-2010.09.51-i686-1/arm-none-eabi/lib/thumb2/libc.a(lib_a-sprintf.o)
                              main.o (sprintf)
/opt/york/cs/net/sourcery-g++-lite-arm-eabi-2010.09.51-i686-1/arm-none-eabi/lib/thumb2/libc.a(lib_a-strchr.o)
                              main.o (strchr)
/opt/york/cs/net/sourcery-g++-lite-arm-eabi-2010.09.51-i686-1/arm-none-eabi/lib/thumb2/libc.a(lib_a-strcpy.o)
                              source/SD.o (strcpy)
/opt/york/cs/net/sourcery-g++-lite-arm-eabi-2010.09.51-i686-1/arm-none-eabi/lib/thumb2/libc.a(lib_a-strlen.o)
                              main.o (strlen)
/opt/york/cs/net/sourcery-g++-lite-arm-eabi-2010.09.51-i686-1/arm-none-eabi/lib/thumb2/libc.a(lib_a-strncmp.o)
                              source/Wave.o (strncmp)
/opt/york/cs/net/sourcery-g++-lite-arm-eabi-2010.09.51-i686-1/arm-none-eabi/lib/thumb2/libc.a(lib_a-strncpy.o)
                              source/SerialIO.o (strncpy)
/opt/york/cs/net/sourcery-g++-lite-arm-eabi-2010.09.51-i686-1/arm-none-eabi/lib/thumb2/libc.a(lib_a-strtol.o)
                              /opt/york/cs/net/sourcery-g++-lite-arm-eabi-2010.09.51-i686-1/arm-none-eabi/lib/thumb2/libc.a(lib_a-atoi.o) (_strtol_r)
/opt/york/cs/net/sourcery-g++-lite-arm-eabi-2010.09.51-i686-1/arm-none-eabi/lib/thumb2/libc.a(lib_a-svfprintf.o)
                              /opt/york/cs/net/sourcery-g++-lite-arm-eabi-2010.09.51-i686-1/arm-none-eabi/lib/thumb2/libc.a(lib_a-sprintf.o) (_svfprintf_r)
/opt/york/cs/net/sourcery-g++-lite-arm-eabi-2010.09.51-i686-1/arm-none-eabi/lib/thumb2/libc.a(lib_a-ctype_.o)
                              /opt/york/cs/net/sourcery-g++-lite-arm-eabi-2010.09.51-i686-1/arm-none-eabi/lib/thumb2/libc.a(lib_a-strtol.o) (__ctype_ptr__)
/opt/york/cs/net/sourcery-g++-lite-arm-eabi-2010.09.51-i686-1/arm-none-eabi/lib/thumb2/libc.a(lib_a-dtoa.o)
                              /opt/york/cs/net/sourcery-g++-lite-arm-eabi-2010.09.51-i686-1/arm-none-eabi/lib/thumb2/libc.a(lib_a-svfprintf.o) (_dtoa_r)
/opt/york/cs/net/sourcery-g++-lite-arm-eabi-2010.09.51-i686-1/arm-none-eabi/lib/thumb2/libc.a(lib_a-freer.o)
                              /opt/york/cs/net/sourcery-g++-lite-arm-eabi-2010.09.51-i686-1/arm-none-eabi/lib/thumb2/libc.a(lib_a-malloc.o) (_free_r)
/opt/york/cs/net/sourcery-g++-lite-arm-eabi-2010.09.51-i686-1/arm-none-eabi/lib/thumb2/libc.a(lib_a-impure.o)
                              /opt/york/cs/net/sourcery-g++-lite-arm-eabi-2010.09.51-i686-1/arm-none-eabi/lib/thumb2/libc.a(lib_a-malloc.o) (_impure_ptr)
/opt/york/cs/net/sourcery-g++-lite-arm-eabi-2010.09.51-i686-1/arm-none-eabi/lib/thumb2/libc.a(lib_a-locale.o)
                              /opt/york/cs/net/sourcery-g++-lite-arm-eabi-2010.09.51-i686-1/arm-none-eabi/lib/thumb2/libc.a(lib_a-svfprintf.o) (_localeconv_r)
/opt/york/cs/net/sourcery-g++-lite-arm-eabi-2010.09.51-i686-1/arm-none-eabi/lib/thumb2/libc.a(lib_a-memchr.o)
                              /opt/york/cs/net/sourcery-g++-lite-arm-eabi-2010.09.51-i686-1/arm-none-eabi/lib/thumb2/libc.a(lib_a-svfprintf.o) (memchr)
/opt/york/cs/net/sourcery-g++-lite-arm-eabi-2010.09.51-i686-1/arm-none-eabi/lib/thumb2/libc.a(lib_a-mprec.o)
                              /opt/york/cs/net/sourcery-g++-lite-arm-eabi-2010.09.51-i686-1/arm-none-eabi/lib/thumb2/libc.a(lib_a-dtoa.o) (_Balloc)
/opt/york/cs/net/sourcery-g++-lite-arm-eabi-2010.09.51-i686-1/arm-none-eabi/lib/thumb2/libc.a(lib_a-reent.o)
[...]
Memory Configuration

Name             Origin             Length             Attributes
rom              0x00000000         0x00080000         xr
ram              0x10000000         0x00008000         xrw
ram1             0x2007c000         0x00004000         xrw
ram2             0x20080000         0x00004000         xrw
*default*        0x00000000         0xffffffff

Linker script and memory map

LOAD /opt/york/cs/net/sourcery-g++-lite-arm-eabi-2010.09.51-i686-1/bin/../lib/gcc/arm-none-eabi/4.5.1/thumb2/crti.o
LOAD /opt/york/cs/net/sourcery-g++-lite-arm-eabi-2010.09.51-i686-1/bin/../lib/gcc/arm-none-eabi/4.5.1/thumb2/crtbegin.o
LOAD main.o
LOAD source/KeyAccess.o
LOAD source/LCD.o
LOAD source/i2s.o
LOAD source/Wave.o
LOAD source/Delay.o
LOAD source/SerialIO.o
LOAD source/interrupt_handlers.o
LOAD source/I2C.o
LOAD source/SD.o
LOAD source/TLV320.o
LOAD source/FatFS/ff.o
LOAD source/FatFS/ffunicode.o
LOAD source/FatFS/mmc_176x_ssp.o
LOAD source/FatFS/diskio.o
LOAD /opt/york/cs/net/lpc1700-cmsis-lite-2011.01.26-i686-1/lib/core_cm3.o
LOAD /opt/york/cs/net/lpc1700-cmsis-lite-2011.01.26-i686-1/lib/system_LPC17xx.o
LOAD /opt/york/cs/net/lpc1700-cmsis-lite-2011.01.26-i686-1/lib/startup_LPC17xx.o
START GROUP
LOAD /opt/york/cs/net/sourcery-g++-lite-arm-eabi-2010.09.51-i686-1/arm-none-eabi/lib/thumb2/libc.a
LOAD /opt/york/cs/net/sourcery-g++-lite-arm-eabi-2010.09.51-i686-1/arm-none-eabi/lib/thumb2/libg.a
LOAD /opt/york/cs/net/sourcery-g++-lite-arm-eabi-2010.09.51-i686-1/arm-none-eabi/lib/thumb2/libstdc++.a
LOAD /opt/york/cs/net/sourcery-g++-lite-arm-eabi-2010.09.51-i686-1/arm-none-eabi/lib/thumb2/libsupc++.a
LOAD /opt/york/cs/net/sourcery-g++-lite-arm-eabi-2010.09.51-i686-1/bin/../lib/gcc/arm-none-eabi/4.5.1/thumb2/libgcc.a
LOAD /opt/york/cs/net/sourcery-g++-lite-arm-eabi-2010.09.51-i686-1/arm-none-eabi/lib/thumb2/libm.a
END GROUP
START GROUP
LOAD /opt/york/cs/net/sourcery-g++-lite-arm-eabi-2010.09.51-i686-1/bin/../lib/gcc/arm-none-eabi/4.5.1/thumb2/libgcc.a
LOAD /opt/york/cs/net/sourcery-g++-lite-arm-eabi-2010.09.51-i686-1/arm-none-eabi/lib/thumb2/libc.a
LOAD /opt/york/cs/net/sourcery-g++-lite-arm-eabi-2010.09.51-i686-1/arm-none-eabi/lib/thumb2/libcs3.a
LOAD /opt/york/cs/net/sourcery-g++-lite-arm-eabi-2010.09.51-i686-1/arm-none-eabi/lib/thumb2/libcs3unhosted.a
LOAD /opt/york/cs/net/sourcery-g++-lite-arm-eabi-2010.09.51-i686-1/arm-none-eabi/lib/thumb2/libcs3micro.a
END GROUP
                0x10008000                PROVIDE (__cs3_stack, (__cs3_region_start_ram + __cs3_region_size_ram))
                0x000071f8                PROVIDE (__cs3_stack_size, ((__cs3_region_start_ram + __cs3_region_size_ram) - _end))
                0x10000e08                PROVIDE (__cs3_heap_start, _end)
                0x10008000                PROVIDE (__cs3_heap_end, (__cs3_region_start_ram + __cs3_region_size_ram))

.text           0x00000000    0x17b44
 CREATE_OBJECT_SYMBOLS
                0x00000000                __cs3_region_start_rom = .
 *(.cs3.region-head.rom)
                0x00000000                __cs3_interrupt_vector = __cs3_interrupt_vector_cortex_m
 *(.cs3.interrupt_vector)
 .cs3.interrupt_vector
                0x00000000       0xcc /opt/york/cs/net/lpc1700-cmsis-lite-2011.01.26-i686-1/lib/startup_LPC17xx.o
                0x00000000                __cs3_interrupt_vector_cortex_m
                0x00000001                ASSERT ((. != __cs3_interrupt_vector_cortex_m), No interrupt vector)
 *(.rom)
 *(.rom.b)
                0x000000cc                __cs3_reset = __cs3_reset_cortex_m
 *(.cs3.reset)
 .cs3.reset     0x000000cc       0x10 /opt/york/cs/net/lpc1700-cmsis-lite-2011.01.26-i686-1/lib/startup_LPC17xx.o
                0x000000cc                __cs3_reset_cortex_m
                0x00000001                ASSERT ((. != __cs3_reset), No reset code)
 *(.text .text.* .gnu.linkonce.t.*)
 .text          0x000000dc        0x0 /opt/york/cs/net/sourcery-g++-lite-arm-eabi-2010.09.51-i686-1/bin/../lib/gcc/arm-none-eabi/4.5.1/thumb2/crti.o
 .text          0x000000dc       0x30 /opt/york/cs/net/sourcery-g++-lite-arm-eabi-2010.09.51-i686-1/bin/../lib/gcc/arm-none-eabi/4.5.1/thumb2/crtbegin.o
 .text          0x0000010c        0x0 main.o
 .text.NVIC_EnableIRQ
                0x0000010c       0x38 main.o
 .text.NVIC_DisableIRQ
                0x00000144       0x3c main.o
 .text.NVIC_SetPriority
                0x00000180       0x5c main.o
 .text.EINT3_IRQHandler
                0x000001dc       0xd0 main.o
                0x000001dc                EINT3_IRQHandler
 .text.IRQInit  0x000002ac       0xd8 main.o
                0x000002ac                IRQInit
 .text.DrawMenu
                0x00000384       0xf4 main.o
                0x00000384                DrawMenu
 .text.Menu     0x00000478      0x254 main.o
                0x00000478                Menu
 .text.I2S_PassThroughLoop
                0x000006cc       0x8c main.o
                0x000006cc                I2S_PassThroughLoop
 .text.I2S_PassThroughInterrupt
                0x00000758       0xa0 main.o
                0x00000758                I2S_PassThroughInterrupt
 .text.FileInfo
                0x000007f8      0x178 main.o
                0x000007f8                FileInfo
 .text.NewFileSelection
                0x00000970       0xc0 main.o
                0x00000970                NewFileSelection
 .text.FileSelection
                0x00000a30      0x1a0 main.o
                0x00000a30                FileSelection
 .text.PassThroughLoop
                0x00000bd0       0x3c main.o
                0x00000bd0                PassThroughLoop
 .text.Play_Audio
                0x00000c0c       0x80 main.o
                0x00000c0c                Play_Audio
 .text.Play     0x00000c8c       0xac main.o
                0x00000c8c                Play
 .text.UART_Mode
                0x00000d38       0x98 main.o
                0x00000d38                UART_Mode
 .text.FatRead  0x00000dd0      0x18c main.o
                0x00000dd0                FatRead
 .text.PC_Mode  0x00000f5c      0x328 main.o
                0x00000f5c                PC_Mode
 .text.bytesToUInt32
                0x00001284       0x2c main.o
                0x00001284                bytesToUInt32
 .text.main     0x000012b0       0x3c main.o
                0x000012b0                main
 .text.temp     0x000012ec       0x18 main.o
                0x000012ec                temp
 .text.strreplace
                0x00001304       0x50 main.o
                0x00001304                strreplace
 .text.SelectOne
                0x00001354      0x1c0 main.o
                0x00001354                SelectOne
 .text.A2       0x00001514       0x94 main.o
                0x00001514                A2
 .text.A1       0x000015a8       0xac main.o
                0x000015a8                A1
 .text.A3       0x00001654        0xc main.o
                0x00001654                A3
 .text.A4       0x00001660        0xc main.o
                0x00001660                A4
 .text.TextEntry
                0x0000166c       0x98 main.o
                0x0000166c                TextEntry
 .text          0x00001704        0x0 source/KeyAccess.o
 .text.GetKeyInput
                0x00001704       0x4c source/KeyAccess.o
                0x00001704                GetKeyInput
 .text.DecodeInput
                0x00001750       0xc8 source/KeyAccess.o
                0x00001750                DecodeInput
 .text.GetKeyData
                0x00001818       0xb4 source/KeyAccess.o
                0x00001818                GetKeyData
 .text          0x000018cc        0x0 source/LCD.o
 .text.NVIC_SetPriority
                0x000018cc       0x5c source/LCD.o
 .text.SysTick_Config
                0x00001928       0x64 source/LCD.o
 .text.SendData
                0x0000198c       0x3c source/LCD.o
                0x0000198c                SendData
 .text.LCDEnable
                0x000019c8       0x34 source/LCD.o
                0x000019c8                LCDEnable
 .text.LCDDisable
                0x000019fc       0x34 source/LCD.o
                0x000019fc                LCDDisable
 .text.LCDGoHome
                0x00001a30       0x34 source/LCD.o
                0x00001a30                LCDGoHome
 .text.LCDNewLine
                0x00001a64       0x34 source/LCD.o
                0x00001a64                LCDNewLine
 .text.LCDCursorShift
                0x00001a98       0x58 source/LCD.o
                0x00001a98                LCDCursorShift
 .text.LCDInit  0x00001af0       0x18 source/LCD.o
                0x00001af0                LCDInit
 .text.LCDClear
                0x00001b08       0x88 source/LCD.o
                0x00001b08                LCDClear
 .text.LCDPrint
                0x00001b90      0x114 source/LCD.o
                0x00001b90                LCDPrint
 .text.main_LDCPrintHelloWorld
                0x00001ca4       0x68 source/LCD.o
                0x00001ca4                main_LDCPrintHelloWorld
 .text          0x00001d0c        0x0 source/i2s.o
 .text.NVIC_EnableIRQ
                0x00001d0c       0x38 source/i2s.o
 .text.NVIC_DisableIRQ
                0x00001d44       0x3c source/i2s.o
 .text.NVIC_SetPriority
                0x00001d80       0x5c source/i2s.o
 .text.I2S_IRQHandler
                0x00001ddc       0x20 source/i2s.o
                0x00001ddc                I2S_IRQHandler
 .text.i2s_int_Passthrough
                0x00001dfc      0x154 source/i2s.o
                0x00001dfc                i2s_int_Passthrough
 .text.i2s_playSound
                0x00001f50       0x8c source/i2s.o
                0x00001f50                i2s_playSound
 .text.i2s_wav_play_16_bit
                0x00001fdc      0x160 source/i2s.o
                0x00001fdc                i2s_wav_play_16_bit
 .text.Init_I2S_Wav
                0x0000213c      0x1a8 source/i2s.o
                0x0000213c                Init_I2S_Wav
 .text.I2S_Polling_Init
                0x000022e4      0x1f8 source/i2s.o
                0x000022e4                I2S_Polling_Init
 *fill*         0x000024dc        0x4 00
 .text.I2S_Create_Sine
                0x000024e0      0x160 source/i2s.o
                0x000024e0                I2S_Create_Sine
 .text.I2S_BaseInit
                0x00002640      0x108 source/i2s.o
                0x00002640                I2S_BaseInit
 .text.I2S_Polling_Read
                0x00002748       0x84 source/i2s.o
                0x00002748                I2S_Polling_Read
 .text.I2S_Polling_Write
                0x000027cc       0x5c source/i2s.o
                0x000027cc                I2S_Polling_Write
 .text.ConfInit
                0x00002828       0x68 source/i2s.o
                0x00002828                ConfInit
 .text.ClockInit
                0x00002890       0x54 source/i2s.o
                0x00002890                ClockInit
 .text          0x000028e4        0x0 source/Wave.o
 .text.Wav_Init
                0x000028e4      0x2d4 source/Wave.o
                0x000028e4                Wav_Init
 .text.Wav_Read_head_buffer
                0x00002bb8       0x14 source/Wave.o
                0x00002bb8                Wav_Read_head_buffer
 .text          0x00002bcc        0x0 source/Delay.o
 .text.NVIC_SetPriority
                0x00002bcc       0x5c source/Delay.o
 .text.SysTick_Config
                0x00002c28       0x64 source/Delay.o
 .text.SysTick_Handler
                0x00002c8c       0x24 source/Delay.o
                0x00002c8c                SysTick_Handler
 .text.Delay    0x00002cb0       0x34 source/Delay.o
                0x00002cb0                Delay
 .text.DelayInit
                0x00002ce4       0x2c source/Delay.o
                0x00002ce4                DelayInit
 .text          0x00002d10        0x0 source/SerialIO.o
 .text.NVIC_EnableIRQ
                0x00002d10       0x38 source/SerialIO.o
 .text.NVIC_DisableIRQ
                0x00002d48       0x3c source/SerialIO.o
 .text.NVIC_SetPriority
                0x00002d84       0x5c source/SerialIO.o
 .text.UART0_IRQHandler
                0x00002de0       0x4c source/SerialIO.o
                0x00002de0                UART0_IRQHandler
 .text.ReceiveText
                0x00002e2c       0xe8 source/SerialIO.o
                0x00002e2c                ReceiveText
 .text.ReadText
                0x00002f14       0xa4 source/SerialIO.o
                0x00002f14                ReadText
 .text.AddTextToBuffer
                0x00002fb8       0xa4 source/SerialIO.o
                0x00002fb8                AddTextToBuffer
 .text.ProcessBuffer
                0x0000305c      0x168 source/SerialIO.o
                0x0000305c                ProcessBuffer
 .text.TransmitText
                0x000031c4      0x10c source/SerialIO.o
                0x000031c4                TransmitText
 .text.InitSerial
                0x000032d0       0x90 source/SerialIO.o
                0x000032d0                InitSerial
 .text.WriteText
                0x00003360       0x30 source/SerialIO.o
                0x00003360                WriteText
 .text.write_usb_serial_blocking
                0x00003390       0x2c source/SerialIO.o
                0x00003390                write_usb_serial_blocking
 .text.InitSerInterrupts
                0x000033bc      0x154 source/SerialIO.o
                0x000033bc                InitSerInterrupts
 .text.EnableSerInterrupts
                0x00003510       0x10 source/SerialIO.o
                0x00003510                EnableSerInterrupts
 .text.DisableSerInterrupts
                0x00003520       0x10 source/SerialIO.o
                0x00003520                DisableSerInterrupts
 .text          0x00003530        0x0 source/interrupt_handlers.o
 .text.NVIC_DisableIRQ
                0x00003530       0x3c source/interrupt_handlers.o
 .text.I2S_PassThroughInt_Handler
                0x0000356c       0x10 source/interrupt_handlers.o
                0x0000356c                I2S_PassThroughInt_Handler
 .text          0x0000357c        0x0 source/I2C.o
 .text.I2CInit  0x0000357c       0x30 source/I2C.o
                0x0000357c                I2CInit
 .text.SetupVals
                0x000035ac       0x54 source/I2C.o
                0x000035ac                SetupVals
 .text.SetupPINS
                0x00003600       0x44 source/I2C.o
                0x00003600                SetupPINS
 .text          0x00003644        0x0 source/SD.o
 .text.NVIC_EnableIRQ
                0x00003644       0x38 source/SD.o
 .text.NVIC_DisableIRQ
                0x0000367c       0x3c source/SD.o
 .text.SDPrintFresult
                0x000036b8       0x70 source/SD.o
                0x000036b8                SDPrintFresult
 .text.sd_init  0x00003728       0x50 source/SD.o
                0x00003728                sd_init
 .text.sd_deinit
                0x00003778       0x1c source/SD.o
                0x00003778                sd_deinit
 .text.SDMallocFilenames
                0x00003794       0x50 source/SD.o
                0x00003794                SDMallocFilenames
 .text.SDFreeFilenames
                0x000037e4       0x44 source/SD.o
                0x000037e4                SDFreeFilenames
 .text.SDGetDirectories
                0x00003828       0xd8 source/SD.o
                0x00003828                SDGetDirectories
 .text.SDGetFiles
                0x00003900      0x154 source/SD.o
                0x00003900                SDGetFiles
 .text.SD_READ  0x00003a54       0x54 source/SD.o
                0x00003a54                SD_READ
 .text.SD_WRITE
                0x00003aa8       0x54 source/SD.o
                0x00003aa8                SD_WRITE
 .text          0x00003afc        0x0 source/TLV320.o
 .text.TLV320_ChangeInputVolume
                0x00003afc       0x38 source/TLV320.o
                0x00003afc                TLV320_ChangeInputVolume
 .text.TLV320_ChangeOutputVolume
                0x00003b34       0x40 source/TLV320.o
                0x00003b34                TLV320_ChangeOutputVolume
 .text.TLV320_EnablePassThrough
                0x00003b74       0x28 source/TLV320.o
                0x00003b74                TLV320_EnablePassThrough
 .text.TLV320_DisablePassThrough
                0x00003b9c       0x30 source/TLV320.o
                0x00003b9c                TLV320_DisablePassThrough
 .text.TLV320_Setup
                0x00003bcc       0x28 source/TLV320.o
                0x00003bcc                TLV320_Setup
 .text.TLV320_EnableDAC
                0x00003bf4       0x2c source/TLV320.o
                0x00003bf4                TLV320_EnableDAC
 .text.TLV320_EnableOutput
                0x00003c20       0x2c source/TLV320.o
                0x00003c20                TLV320_EnableOutput
 .text.TLV320_Start_I2S_Polling_Passthrough
                0x00003c4c       0x38 source/TLV320.o
                0x00003c4c                TLV320_Start_I2S_Polling_Passthrough
 .text.TLV320_PlayWav
                0x00003c84       0x38 source/TLV320.o
                0x00003c84                TLV320_PlayWav
 .text.TLV320_SendData
                0x00003cbc       0x64 source/TLV320.o
                0x00003cbc                TLV320_SendData
 .text          0x00003d20        0x0 source/FatFS/ff.o
 .text.ld_word  0x00003d20       0x34 source/FatFS/ff.o
 .text.ld_dword
                0x00003d54       0x58 source/FatFS/ff.o
 .text.st_word  0x00003dac       0x40 source/FatFS/ff.o
 .text.st_dword
                0x00003dec       0x6c source/FatFS/ff.o
 .text.mem_cpy  0x00003e58       0x4c source/FatFS/ff.o
 .text.mem_set  0x00003ea4       0x38 source/FatFS/ff.o
 .text.mem_cmp  0x00003edc       0x5c source/FatFS/ff.o
 .text.chk_chr  0x00003f38       0x38 source/FatFS/ff.o
 .text.dbc_1st  0x00003f70       0x68 source/FatFS/ff.o
 .text.dbc_2nd  0x00003fd8       0x8c source/FatFS/ff.o
 .text.sync_window
                0x00004064       0x90 source/FatFS/ff.o
 .text.move_window
                0x000040f4       0x68 source/FatFS/ff.o
 .text.sync_fs  0x0000415c       0xf8 source/FatFS/ff.o
 .text.clst2sect
                0x00004254       0x44 source/FatFS/ff.o
 .text.get_fat  0x00004298      0x180 source/FatFS/ff.o
 .text.put_fat  0x00004418      0x218 source/FatFS/ff.o
 .text.remove_chain
                0x00004630       0xdc source/FatFS/ff.o
 .text.create_chain
                0x0000470c      0x1c4 source/FatFS/ff.o
 .text.dir_clear
                0x000048d0       0xa4 source/FatFS/ff.o
 .text.dir_sdi  0x00004974      0x114 source/FatFS/ff.o
 .text.dir_next
                0x00004a88      0x164 source/FatFS/ff.o
 .text.dir_alloc
                0x00004bec       0x9c source/FatFS/ff.o
 .text.ld_clust
                0x00004c88       0x48 source/FatFS/ff.o
 .text.st_clust
                0x00004cd0       0x44 source/FatFS/ff.o
 .text.dir_read
                0x00004d14       0xc4 source/FatFS/ff.o
 .text.dir_find
                0x00004dd8       0xbc source/FatFS/ff.o
 .text.dir_register
                0x00004e94       0x74 source/FatFS/ff.o
 .text.dir_remove
                0x00004f08       0x44 source/FatFS/ff.o
 .text.get_fileinfo
                0x00004f4c       0xf4 source/FatFS/ff.o
 .text.get_achar
                0x00005040       0x7c source/FatFS/ff.o
 .text.pattern_matching
                0x000050bc      0x128 source/FatFS/ff.o
 .text.create_name
                0x000051e4      0x258 source/FatFS/ff.o
 .text.follow_path
                0x0000543c      0x140 source/FatFS/ff.o
 .text.get_ldnumber
                0x0000557c       0x9c source/FatFS/ff.o
 .text.check_fs
                0x00005618       0xcc source/FatFS/ff.o
 .text.find_volume
                0x000056e4      0x540 source/FatFS/ff.o
 .text.validate
                0x00005c24       0x74 source/FatFS/ff.o
 .text.f_mount  0x00005c98       0x98 source/FatFS/ff.o
                0x00005c98                f_mount
 .text.f_open   0x00005d30      0x354 source/FatFS/ff.o
                0x00005d30                f_open
 .text.f_read   0x00006084      0x2b8 source/FatFS/ff.o
                0x00006084                f_read
 .text.f_write  0x0000633c      0x324 source/FatFS/ff.o
                0x0000633c                f_write
 .text.f_sync   0x00006660      0x11c source/FatFS/ff.o
                0x00006660                f_sync
 .text.f_close  0x0000677c       0x44 source/FatFS/ff.o
                0x0000677c                f_close
 .text.f_chdrive
                0x000067c0       0x3c source/FatFS/ff.o
                0x000067c0                f_chdrive
 .text.f_chdir  0x000067fc       0xa4 source/FatFS/ff.o
                0x000067fc                f_chdir
 .text.f_getcwd
                0x000068a0      0x220 source/FatFS/ff.o
                0x000068a0                f_getcwd
 .text.f_lseek  0x00006ac0      0x2a4 source/FatFS/ff.o
                0x00006ac0                f_lseek
 .text.f_opendir
                0x00006d64       0xc4 source/FatFS/ff.o
                0x00006d64                f_opendir
 .text.f_closedir
                0x00006e28       0x34 source/FatFS/ff.o
                0x00006e28                f_closedir
 .text.f_readdir
                0x00006e5c       0x88 source/FatFS/ff.o
                0x00006e5c                f_readdir
 .text.f_findnext
                0x00006ee4       0x5c source/FatFS/ff.o
                0x00006ee4                f_findnext
 .text.f_findfirst
                0x00006f40       0x40 source/FatFS/ff.o
                0x00006f40                f_findfirst
 .text.f_stat   0x00006f80       0x80 source/FatFS/ff.o
                0x00006f80                f_stat
 .text.f_getfree
                0x00007000      0x198 source/FatFS/ff.o
                0x00007000                f_getfree
 .text.f_truncate
                0x00007198      0x148 source/FatFS/ff.o
                0x00007198                f_truncate
 .text.f_unlink
                0x000072e0      0x18c source/FatFS/ff.o
                0x000072e0                f_unlink
 .text.f_mkdir  0x0000746c      0x1f8 source/FatFS/ff.o
                0x0000746c                f_mkdir
 .text.f_rename
                0x00007664      0x228 source/FatFS/ff.o
                0x00007664                f_rename
 .text.f_chmod  0x0000788c       0xd0 source/FatFS/ff.o
                0x0000788c                f_chmod
 .text.f_utime  0x0000795c       0xb4 source/FatFS/ff.o
                0x0000795c                f_utime
 .text.f_getlabel
                0x00007a10      0x164 source/FatFS/ff.o
                0x00007a10                f_getlabel
 .text.f_setlabel
                0x00007b74      0x270 source/FatFS/ff.o
                0x00007b74                f_setlabel
 .text.f_mkfs   0x00007de4      0x9d8 source/FatFS/ff.o
                0x00007de4                f_mkfs
 .text.f_gets   0x000087bc       0x8c source/FatFS/ff.o
                0x000087bc                f_gets
 .text.putc_bfd
                0x00008848       0x80 source/FatFS/ff.o
 .text.putc_flush
                0x000088c8       0x50 source/FatFS/ff.o
 .text.putc_init
                0x00008918       0x28 source/FatFS/ff.o
 .text.f_putc   0x00008940       0x3c source/FatFS/ff.o
                0x00008940                f_putc
 .text.f_puts   0x0000897c       0x50 source/FatFS/ff.o
                0x0000897c                f_puts
 .text.f_printf
                0x000089cc      0x524 source/FatFS/ff.o
                0x000089cc                f_printf
 .text          0x00008ef0        0x0 source/FatFS/ffunicode.o
 .text          0x00008ef0        0x0 source/FatFS/mmc_176x_ssp.o
 .text.xchg_spi
                0x00008ef0       0x44 source/FatFS/mmc_176x_ssp.o
 .text.rcvr_spi_multi
                0x00008f34      0x134 source/FatFS/mmc_176x_ssp.o
 .text.xmit_spi_multi
                0x00009068      0x134 source/FatFS/mmc_176x_ssp.o
 .text.wait_ready
                0x0000919c       0x48 source/FatFS/mmc_176x_ssp.o
 .text.deselect
                0x000091e4       0x1c source/FatFS/mmc_176x_ssp.o
 .text.select   0x00009200       0x3c source/FatFS/mmc_176x_ssp.o
 .text.power_on
                0x0000923c      0x104 source/FatFS/mmc_176x_ssp.o
 .text.power_off
                0x00009340       0x10 source/FatFS/mmc_176x_ssp.o
 .text.rcvr_datablock
                0x00009350       0x6c source/FatFS/mmc_176x_ssp.o
 .text.xmit_datablock
                0x000093bc       0x74 source/FatFS/mmc_176x_ssp.o
 .text.send_cmd
                0x00009430       0xfc source/FatFS/mmc_176x_ssp.o
 .text.disk_initialize
                0x0000952c      0x25c source/FatFS/mmc_176x_ssp.o
                0x0000952c                disk_initialize
 .text.disk_status
                0x00009788       0x30 source/FatFS/mmc_176x_ssp.o
                0x00009788                disk_status
 .text.disk_read
                0x000097b8       0xd0 source/FatFS/mmc_176x_ssp.o
                0x000097b8                disk_read
 .text.disk_write
                0x00009888      0x128 source/FatFS/mmc_176x_ssp.o
                0x00009888                disk_write
 .text.disk_ioctl
                0x000099b0      0x578 source/FatFS/mmc_176x_ssp.o
                0x000099b0                disk_ioctl
 .text.disk_timerproc
                0x00009f28       0xa4 source/FatFS/mmc_176x_ssp.o
                0x00009f28                disk_timerproc
 .text          0x00009fcc        0x0 source/FatFS/diskio.o
 .text          0x00009fcc        0x0 /opt/york/cs/net/lpc1700-cmsis-lite-2011.01.26-i686-1/lib/core_cm3.o
 .text          0x00009fcc        0x0 /opt/york/cs/net/lpc1700-cmsis-lite-2011.01.26-i686-1/lib/system_LPC17xx.o
 .text.SystemCoreClockUpdate
                0x00009fcc      0x228 /opt/york/cs/net/lpc1700-cmsis-lite-2011.01.26-i686-1/lib/system_LPC17xx.o
                0x00009fcc                SystemCoreClockUpdate
 .text.SystemInit
                0x0000a1f4      0x240 /opt/york/cs/net/lpc1700-cmsis-lite-2011.01.26-i686-1/lib/system_LPC17xx.o
                0x0000a1f4                SystemInit
 .text          0x0000a434       0x14 /opt/york/cs/net/lpc1700-cmsis-lite-2011.01.26-i686-1/lib/startup_LPC17xx.o
                0x0000a434                NMI_Handler
                0x0000a436                HardFault_Handler
                0x0000a438                MemManage_Handler
                0x0000a43a                BusFault_Handler
                0x0000a43c                UsageFault_Handler
                0x0000a43e                SVC_Handler
                0x0000a440                DebugMon_Handler
                0x0000a442                PendSV_Handler
                0x0000a446                TIMER2_IRQHandler
                0x0000a446                RIT_IRQHandler
                0x0000a446                I2C0_IRQHandler
                0x0000a446                USBActivity_IRQHandler
                0x0000a446                PWM1_IRQHandler
                0x0000a446                I2C1_IRQHandler
                0x0000a446                EINT2_IRQHandler
                0x0000a446                UART1_IRQHandler
                0x0000a446                CANActivity_IRQHandler
                0x0000a446                TIMER3_IRQHandler
                0x0000a446                PLL0_IRQHandler
                0x0000a446                CAN_IRQHandler
                0x0000a446                PLL1_IRQHandler
                0x0000a446                SSP0_IRQHandler
                0x0000a446                I2C2_IRQHandler
                0x0000a446                RTC_IRQHandler
                0x0000a446                TIMER0_IRQHandler
                0x0000a446                SPI_IRQHandler
                0x0000a446                EINT1_IRQHandler
                0x0000a446                TIMER1_IRQHandler
                0x0000a446                UART2_IRQHandler
                0x0000a446                Default_Handler
                0x0000a446                ADC_IRQHandler
                0x0000a446                SSP1_IRQHandler
                0x0000a446                USB_IRQHandler
                0x0000a446                BOD_IRQHandler
                0x0000a446                WDT_IRQHandler
                0x0000a446                QEI_IRQHandler
                0x0000a446                EINT0_IRQHandler
                0x0000a446                DMA_IRQHandler
                0x0000a446                UART3_IRQHandler
                0x0000a446                MCPWM_IRQHandler
                0x0000a446                ENET_IRQHandler
 .text          0x0000a448       0x10 /opt/york/cs/net/sourcery-g++-lite-arm-eabi-2010.09.51-i686-1/arm-none-eabi/lib/thumb2/libc.a(lib_a-atoi.o)
                0x0000a448                atoi
                0x0000a450                _atoi_r
 .text          0x0000a458       0x20 /opt/york/cs/net/sourcery-g++-lite-arm-eabi-2010.09.51-i686-1/arm-none-eabi/lib/thumb2/libc.a(lib_a-malloc.o)
                0x0000a458                malloc
                0x0000a468                free
 .text          0x0000a478      0x57c /opt/york/cs/net/sourcery-g++-lite-arm-eabi-2010.09.51-i686-1/arm-none-eabi/lib/thumb2/libc.a(lib_a-mallocr.o)
                0x0000a478                _malloc_r
 .text          0x0000a9f4      0x150 /opt/york/cs/net/sourcery-g++-lite-arm-eabi-2010.09.51-i686-1/arm-none-eabi/lib/thumb2/libc.a(lib_a-memcpy.o)
                0x0000a9f4                memcpy
 .text          0x0000ab44       0xb4 /opt/york/cs/net/sourcery-g++-lite-arm-eabi-2010.09.51-i686-1/arm-none-eabi/lib/thumb2/libc.a(lib_a-memset.o)
                0x0000ab44                memset
 .text          0x0000abf8        0x8 /opt/york/cs/net/sourcery-g++-lite-arm-eabi-2010.09.51-i686-1/arm-none-eabi/lib/thumb2/libc.a(lib_a-mlock.o)
                0x0000abf8                __malloc_lock
                0x0000abfc                __malloc_unlock
 .text          0x0000ac00       0x28 /opt/york/cs/net/sourcery-g++-lite-arm-eabi-2010.09.51-i686-1/arm-none-eabi/lib/thumb2/libc.a(lib_a-sbrkr.o)
                0x0000ac00                _sbrk_r
 .text          0x0000ac28       0x94 /opt/york/cs/net/sourcery-g++-lite-arm-eabi-2010.09.51-i686-1/arm-none-eabi/lib/thumb2/libc.a(lib_a-sprintf.o)
                0x0000ac28                _sprintf_r
                0x0000ac6c                sprintf
 .text          0x0000acbc      0x10c /opt/york/cs/net/sourcery-g++-lite-arm-eabi-2010.09.51-i686-1/arm-none-eabi/lib/thumb2/libc.a(lib_a-strchr.o)
                0x0000acbc                strchr
 .text          0x0000adc8       0xbc /opt/york/cs/net/sourcery-g++-lite-arm-eabi-2010.09.51-i686-1/arm-none-eabi/lib/thumb2/libc.a(lib_a-strcpy.o)
                0x0000adc8                strcpy
 .text          0x0000ae84       0x60 /opt/york/cs/net/sourcery-g++-lite-arm-eabi-2010.09.51-i686-1/arm-none-eabi/lib/thumb2/libc.a(lib_a-strlen.o)
                0x0000ae84                strlen
 .text          0x0000aee4       0xa0 /opt/york/cs/net/sourcery-g++-lite-arm-eabi-2010.09.51-i686-1/arm-none-eabi/lib/thumb2/libc.a(lib_a-strncmp.o)
                0x0000aee4                strncmp
 .text          0x0000af84       0x7c /opt/york/cs/net/sourcery-g++-lite-arm-eabi-2010.09.51-i686-1/arm-none-eabi/lib/thumb2/libc.a(lib_a-strncpy.o)
                0x0000af84                strncpy
 .text          0x0000b000      0x17c /opt/york/cs/net/sourcery-g++-lite-arm-eabi-2010.09.51-i686-1/arm-none-eabi/lib/thumb2/libc.a(lib_a-strtol.o)
                0x0000b000                _strtol_r
                0x0000b164                strtol
 .text          0x0000b17c     0x1658 /opt/york/cs/net/sourcery-g++-lite-arm-eabi-2010.09.51-i686-1/arm-none-eabi/lib/thumb2/libc.a(lib_a-svfprintf.o)
                0x0000b17c                _svfprintf_r
 .text          0x0000c7d4        0x0 /opt/york/cs/net/sourcery-g++-lite-arm-eabi-2010.09.51-i686-1/arm-none-eabi/lib/thumb2/libc.a(lib_a-ctype_.o)
 *fill*         0x0000c7d4        0x4 00
 .text          0x0000c7d8     0x1000 /opt/york/cs/net/sourcery-g++-lite-arm-eabi-2010.09.51-i686-1/arm-none-eabi/lib/thumb2/libc.a(lib_a-dtoa.o)
                0x0000c904                _dtoa_r
 .text          0x0000d7d8      0x240 /opt/york/cs/net/sourcery-g++-lite-arm-eabi-2010.09.51-i686-1/arm-none-eabi/lib/thumb2/libc.a(lib_a-freer.o)
                0x0000d7d8                _malloc_trim_r
                0x0000d880                _free_r
 .text          0x0000da18        0x0 /opt/york/cs/net/sourcery-g++-lite-arm-eabi-2010.09.51-i686-1/arm-none-eabi/lib/thumb2/libc.a(lib_a-impure.o)
 .text          0x0000da18       0xa0 /opt/york/cs/net/sourcery-g++-lite-arm-eabi-2010.09.51-i686-1/arm-none-eabi/lib/thumb2/libc.a(lib_a-locale.o)
                0x0000da18                _setlocale_r
                0x0000da74                __locale_charset
                0x0000da80                __locale_mb_cur_max
                0x0000da8c                __locale_msgcharset
                0x0000da94                __locale_cjk_lang
                0x0000da98                _localeconv_r
                0x0000daa0                setlocale
                0x0000dab0                localeconv
 .text          0x0000dab8       0x88 /opt/york/cs/net/sourcery-g++-lite-arm-eabi-2010.09.51-i686-1/arm-none-eabi/lib/thumb2/libc.a(lib_a-memchr.o)
                0x0000dab8                memchr
 .text          0x0000db40      0x920 /opt/york/cs/net/sourcery-g++-lite-arm-eabi-2010.09.51-i686-1/arm-none-eabi/lib/thumb2/libc.a(lib_a-mprec.o)
                0x0000db40                _Balloc
                0x0000dba8                _Bfree
                0x0000dbe0                __multadd
                0x0000dc64                __s2b
                0x0000dcf8                __hi0bits
                0x0000dd38                __lo0bits
                0x0000dd9c                __i2b
                0x0000ddb0                __multiply
                0x0000ded8                __pow5mult
                0x0000df7c                __lshift
                0x0000e028                __mcmp
                0x0000e064                __mdiff
                0x0000e15c                __ulp
                0x0000e1a4                __b2d
                0x0000e250                __d2b
                0x0000e318                __ratio
                0x0000e388                _mprec_log10
                0x0000e3bc                __copybits
                0x0000e404                __any_on
 .text          0x0000e460      0x114 /opt/york/cs/net/sourcery-g++-lite-arm-eabi-2010.09.51-i686-1/arm-none-eabi/lib/thumb2/libc.a(lib_a-reent.o)
                0x0000e460                cleanup_glue
                0x0000e47c                _reclaim_reent
                0x0000e53c                _wrapup_reent
 .text          0x0000e574       0x90 /opt/york/cs/net/sourcery-g++-lite-arm-eabi-2010.09.51-i686-1/arm-none-eabi/lib/thumb2/libc.a(lib_a-s_fpclassify.o)
                0x0000e574                __fpclassifyd
 .text          0x0000e604      0x1dc /opt/york/cs/net/sourcery-g++-lite-arm-eabi-2010.09.51-i686-1/arm-none-eabi/lib/thumb2/libc.a(lib_a-strcmp.o)
                0x0000e604                strcmp
 .text          0x0000e7e0      0xbe4 /opt/york/cs/net/sourcery-g++-lite-arm-eabi-2010.09.51-i686-1/arm-none-eabi/lib/thumb2/libc.a(lib_a-svfiprintf.o)
                0x0000e7e0                __ssprint_r
                0x0000e8e8                _svfiprintf_r
 .text          0x0000f3c4       0x5c /opt/york/cs/net/sourcery-g++-lite-arm-eabi-2010.09.51-i686-1/arm-none-eabi/lib/thumb2/libc.a(lib_a-callocr.o)
                0x0000f3c4                _calloc_r
 .text          0x0000f420       0xa0 /opt/york/cs/net/sourcery-g++-lite-arm-eabi-2010.09.51-i686-1/arm-none-eabi/lib/thumb2/libc.a(lib_a-memmove.o)
                0x0000f420                memmove
 .text          0x0000f4c0      0x41c /opt/york/cs/net/sourcery-g++-lite-arm-eabi-2010.09.51-i686-1/arm-none-eabi/lib/thumb2/libc.a(lib_a-reallocr.o)
                0x0000f4c0                _realloc_r
 *fill*         0x0000f8dc        0x4 00
 .text          0x0000f8e0      0x278 /opt/york/cs/net/sourcery-g++-lite-arm-eabi-2010.09.51-i686-1/bin/../lib/gcc/arm-none-eabi/4.5.1/thumb2/libgcc.a(_udivsi3.o)
                0x0000f8e0                __udivsi3
                0x0000f8e0                __aeabi_uidiv
                0x0000fb3c                __aeabi_uidivmod
 .text          0x0000fb58        0x4 /opt/york/cs/net/sourcery-g++-lite-arm-eabi-2010.09.51-i686-1/bin/../lib/gcc/arm-none-eabi/4.5.1/thumb2/libgcc.a(_dvmd_tls.o)
                0x0000fb58                __aeabi_ldiv0
                0x0000fb58                __aeabi_idiv0
 .text          0x0000fb5c      0x370 /opt/york/cs/net/sourcery-g++-lite-arm-eabi-2010.09.51-i686-1/bin/../lib/gcc/arm-none-eabi/4.5.1/thumb2/libgcc.a(_arm_addsubdf3.o)
                0x0000fb5c                __aeabi_drsub
                0x0000fb64                __aeabi_dsub
                0x0000fb64                __subdf3
                0x0000fb68                __adddf3
                0x0000fb68                __aeabi_dadd
                0x0000fde0                __aeabi_ui2d
                0x0000fde0                __floatunsidf
                0x0000fe00                __floatsidf
                0x0000fe00                __aeabi_i2d
                0x0000fe24                __extendsfdf2
                0x0000fe24                __aeabi_f2d
                0x0000fe60                __aeabi_ul2d
                0x0000fe60                __floatundidf
                0x0000fe70                __floatdidf
                0x0000fe70                __aeabi_l2d
 .text          0x0000fecc      0x424 /opt/york/cs/net/sourcery-g++-lite-arm-eabi-2010.09.51-i686-1/bin/../lib/gcc/arm-none-eabi/4.5.1/thumb2/libgcc.a(_arm_muldivdf3.o)
                0x0000fecc                __aeabi_dmul
                0x0000fecc                __muldf3
                0x00010120                __aeabi_ddiv
                0x00010120                __divdf3
 .text          0x000102f0      0x110 /opt/york/cs/net/sourcery-g++-lite-arm-eabi-2010.09.51-i686-1/bin/../lib/gcc/arm-none-eabi/4.5.1/thumb2/libgcc.a(_arm_cmpdf2.o)
                0x000102f0                __gtdf2
                0x000102f0                __gedf2
                0x000102f8                __ltdf2
                0x000102f8                __ledf2
                0x00010300                __cmpdf2
                0x00010300                __eqdf2
                0x00010300                __nedf2
                0x0001037c                __aeabi_cdrcmple
                0x0001038c                __aeabi_cdcmple
                0x0001038c                __aeabi_cdcmpeq
                0x0001039c                __aeabi_dcmpeq
                0x000103b0                __aeabi_dcmplt
                0x000103c4                __aeabi_dcmple
                0x000103d8                __aeabi_dcmpge
                0x000103ec                __aeabi_dcmpgt
 .text          0x00010400       0x50 /opt/york/cs/net/sourcery-g++-lite-arm-eabi-2010.09.51-i686-1/bin/../lib/gcc/arm-none-eabi/4.5.1/thumb2/libgcc.a(_arm_fixdfsi.o)
                0x00010400                __fixdfsi
                0x00010400                __aeabi_d2iz
 .text          0x00010450      0x21c /opt/york/cs/net/sourcery-g++-lite-arm-eabi-2010.09.51-i686-1/bin/../lib/gcc/arm-none-eabi/4.5.1/thumb2/libgcc.a(_arm_addsubsf3.o)
                0x00010450                __aeabi_frsub
                0x00010458                __subsf3
                0x00010458                __aeabi_fsub
                0x0001045c                __aeabi_fadd
                0x0001045c                __addsf3
                0x000105bc                __aeabi_ui2f
                0x000105bc                __floatunsisf
                0x000105c4                __aeabi_i2f
                0x000105c4                __floatsisf
                0x000105e0                __floatundisf
                0x000105e0                __aeabi_ul2f
                0x000105f0                __floatdisf
                0x000105f0                __aeabi_l2f
 .text          0x0001066c      0x2a0 /opt/york/cs/net/sourcery-g++-lite-arm-eabi-2010.09.51-i686-1/bin/../lib/gcc/arm-none-eabi/4.5.1/thumb2/libgcc.a(_arm_muldivsf3.o)
                0x0001066c                __mulsf3
                0x0001066c                __aeabi_fmul
                0x000107d4                __divsf3
                0x000107d4                __aeabi_fdiv
 .text          0x0001090c       0x2c /opt/york/cs/net/sourcery-g++-lite-arm-eabi-2010.09.51-i686-1/bin/../lib/gcc/arm-none-eabi/4.5.1/thumb2/libgcc.a(_aeabi_uldivmod.o)
                0x0001090c                __aeabi_uldivmod
 .text          0x00010938       0x60 /opt/york/cs/net/sourcery-g++-lite-arm-eabi-2010.09.51-i686-1/bin/../lib/gcc/arm-none-eabi/4.5.1/thumb2/libgcc.a(bpabi.o)
                0x00010938                __gnu_ldivmod_helper
                0x00010968                __gnu_uldivmod_helper
 .text          0x00010998      0x364 /opt/york/cs/net/sourcery-g++-lite-arm-eabi-2010.09.51-i686-1/bin/../lib/gcc/arm-none-eabi/4.5.1/thumb2/libgcc.a(_divdi3.o)
                0x00010998                __divdi3
 .text          0x00010cfc      0x314 /opt/york/cs/net/sourcery-g++-lite-arm-eabi-2010.09.51-i686-1/bin/../lib/gcc/arm-none-eabi/4.5.1/thumb2/libgcc.a(_udivdi3.o)
                0x00010cfc                __udivdi3
 .text          0x00011010       0x98 /opt/york/cs/net/sourcery-g++-lite-arm-eabi-2010.09.51-i686-1/arm-none-eabi/lib/thumb2/libm.a(lib_a-s_sin.o)
                0x00011010                sin
 .text          0x000110a8      0x448 /opt/york/cs/net/sourcery-g++-lite-arm-eabi-2010.09.51-i686-1/arm-none-eabi/lib/thumb2/libm.a(lib_a-e_rem_pio2.o)
                0x000110a8                __ieee754_rem_pio2
 .text          0x000114f0      0x250 /opt/york/cs/net/sourcery-g++-lite-arm-eabi-2010.09.51-i686-1/arm-none-eabi/lib/thumb2/libm.a(lib_a-k_cos.o)
                0x000114f0                __kernel_cos
 .text          0x00011740      0x7a8 /opt/york/cs/net/sourcery-g++-lite-arm-eabi-2010.09.51-i686-1/arm-none-eabi/lib/thumb2/libm.a(lib_a-k_rem_pio2.o)
                0x00011740                __kernel_rem_pio2
 .text          0x00011ee8      0x168 /opt/york/cs/net/sourcery-g++-lite-arm-eabi-2010.09.51-i686-1/arm-none-eabi/lib/thumb2/libm.a(lib_a-k_sin.o)
                0x00011ee8                __kernel_sin
 .text          0x00012050        0x8 /opt/york/cs/net/sourcery-g++-lite-arm-eabi-2010.09.51-i686-1/arm-none-eabi/lib/thumb2/libm.a(lib_a-s_fabs.o)
                0x00012050                fabs
 .text          0x00012058      0x128 /opt/york/cs/net/sourcery-g++-lite-arm-eabi-2010.09.51-i686-1/arm-none-eabi/lib/thumb2/libm.a(lib_a-s_floor.o)
                0x00012058                floor
 .text          0x00012180      0x108 /opt/york/cs/net/sourcery-g++-lite-arm-eabi-2010.09.51-i686-1/arm-none-eabi/lib/thumb2/libm.a(lib_a-s_scalbn.o)
                0x00012180                scalbn
 .text          0x00012288       0x14 /opt/york/cs/net/sourcery-g++-lite-arm-eabi-2010.09.51-i686-1/arm-none-eabi/lib/thumb2/libm.a(lib_a-s_copysign.o)
                0x00012288                copysign
 *fill*         0x0001229c        0x4 00
 .text          0x000122a0      0x2b0 /opt/york/cs/net/sourcery-g++-lite-arm-eabi-2010.09.51-i686-1/bin/../lib/gcc/arm-none-eabi/4.5.1/thumb2/libgcc.a(_divsi3.o)
                0x000122a0                __aeabi_idiv
                0x000122a0                __divsi3
                0x00012534                __aeabi_idivmod
 .text          0x00012550       0x30 /opt/york/cs/net/sourcery-g++-lite-arm-eabi-2010.09.51-i686-1/arm-none-eabi/lib/thumb2/libcs3.a(start_c.o)
                0x00012550                __cs3_premain
 .text.cs3.init
                0x00012580       0x50 /opt/york/cs/net/sourcery-g++-lite-arm-eabi-2010.09.51-i686-1/arm-none-eabi/lib/thumb2/libcs3.a(start_c.o)
                0x00012580                __cs3_start_c
 .text          0x000125d0       0x40 /opt/york/cs/net/sourcery-g++-lite-arm-eabi-2010.09.51-i686-1/arm-none-eabi/lib/thumb2/libcs3unhosted.a(unhosted-sbrk.o)
                0x000125d0                _sbrk
 .text          0x00012610        0x0 /opt/york/cs/net/sourcery-g++-lite-arm-eabi-2010.09.51-i686-1/arm-none-eabi/lib/thumb2/libcs3unhosted.a(unhosted-start.o)
 .text.cs3.init
                0x00012610       0x10 /opt/york/cs/net/sourcery-g++-lite-arm-eabi-2010.09.51-i686-1/arm-none-eabi/lib/thumb2/libcs3unhosted.a(unhosted-start.o)
                0x00012610                _start
 .text          0x00012620        0xc /opt/york/cs/net/sourcery-g++-lite-arm-eabi-2010.09.51-i686-1/arm-none-eabi/lib/thumb2/libc.a(lib_a-errno.o)
                0x00012620                __errno
 .text          0x0001262c       0x50 /opt/york/cs/net/sourcery-g++-lite-arm-eabi-2010.09.51-i686-1/arm-none-eabi/lib/thumb2/libc.a(lib_a-init.o)
                0x0001262c                __libc_init_array
 .text          0x0001267c        0x0 /opt/york/cs/net/sourcery-g++-lite-arm-eabi-2010.09.51-i686-1/arm-none-eabi/lib/thumb2/libcs3.a(heap.o)
 .text          0x0001267c        0x0 /opt/york/cs/net/lpc1700-cmsis-lite-2011.01.26-i686-1/lib/libDriversLPC17xxgnu.a(lpc17xx_i2c.o)
 .text.NVIC_EnableIRQ
                0x0001267c       0x38 /opt/york/cs/net/lpc1700-cmsis-lite-2011.01.26-i686-1/lib/libDriversLPC17xxgnu.a(lpc17xx_i2c.o)
 .text.NVIC_DisableIRQ
                0x000126b4       0x3c /opt/york/cs/net/lpc1700-cmsis-lite-2011.01.26-i686-1/lib/libDriversLPC17xxgnu.a(lpc17xx_i2c.o)
 .text.I2C_getNum
                0x000126f0       0x54 /opt/york/cs/net/lpc1700-cmsis-lite-2011.01.26-i686-1/lib/libDriversLPC17xxgnu.a(lpc17xx_i2c.o)
 .text.I2C_Start
                0x00012744       0x44 /opt/york/cs/net/lpc1700-cmsis-lite-2011.01.26-i686-1/lib/libDriversLPC17xxgnu.a(lpc17xx_i2c.o)
 .text.I2C_Stop
                0x00012788       0x38 /opt/york/cs/net/lpc1700-cmsis-lite-2011.01.26-i686-1/lib/libDriversLPC17xxgnu.a(lpc17xx_i2c.o)
 .text.I2C_SendByte
                0x000127c0       0x50 /opt/york/cs/net/lpc1700-cmsis-lite-2011.01.26-i686-1/lib/libDriversLPC17xxgnu.a(lpc17xx_i2c.o)
 .text.I2C_GetByte
                0x00012810       0x5c /opt/york/cs/net/lpc1700-cmsis-lite-2011.01.26-i686-1/lib/libDriversLPC17xxgnu.a(lpc17xx_i2c.o)
 .text.I2C_SetClock
                0x0001286c       0xc8 /opt/york/cs/net/lpc1700-cmsis-lite-2011.01.26-i686-1/lib/libDriversLPC17xxgnu.a(lpc17xx_i2c.o)
 .text.I2C_Init
                0x00012934       0xd8 /opt/york/cs/net/lpc1700-cmsis-lite-2011.01.26-i686-1/lib/libDriversLPC17xxgnu.a(lpc17xx_i2c.o)
                0x00012934                I2C_Init
 .text.I2C_DeInit
                0x00012a0c       0xa4 /opt/york/cs/net/lpc1700-cmsis-lite-2011.01.26-i686-1/lib/libDriversLPC17xxgnu.a(lpc17xx_i2c.o)
                0x00012a0c                I2C_DeInit
 .text.I2C_Cmd  0x00012ab0       0x84 /opt/york/cs/net/lpc1700-cmsis-lite-2011.01.26-i686-1/lib/libDriversLPC17xxgnu.a(lpc17xx_i2c.o)
                0x00012ab0                I2C_Cmd
 .text.I2C_IntCmd
                0x00012b34       0xa8 /opt/york/cs/net/lpc1700-cmsis-lite-2011.01.26-i686-1/lib/libDriversLPC17xxgnu.a(lpc17xx_i2c.o)
                0x00012b34                I2C_IntCmd
 .text.I2C_MasterHandler
                0x00012bdc      0x3d8 /opt/york/cs/net/lpc1700-cmsis-lite-2011.01.26-i686-1/lib/libDriversLPC17xxgnu.a(lpc17xx_i2c.o)
                0x00012bdc                I2C_MasterHandler
 .text.I2C_SlaveHandler
                0x00012fb4      0x1d8 /opt/york/cs/net/lpc1700-cmsis-lite-2011.01.26-i686-1/lib/libDriversLPC17xxgnu.a(lpc17xx_i2c.o)
                0x00012fb4                I2C_SlaveHandler
 .text.I2C_MasterTransferData
                0x0001318c      0x33c /opt/york/cs/net/lpc1700-cmsis-lite-2011.01.26-i686-1/lib/libDriversLPC17xxgnu.a(lpc17xx_i2c.o)
                0x0001318c                I2C_MasterTransferData
 .text.I2C_SlaveTransferData
                0x000134c8      0x268 /opt/york/cs/net/lpc1700-cmsis-lite-2011.01.26-i686-1/lib/libDriversLPC17xxgnu.a(lpc17xx_i2c.o)
                0x000134c8                I2C_SlaveTransferData
 .text.I2C_SetOwnSlaveAddr
                0x00013730      0x118 /opt/york/cs/net/lpc1700-cmsis-lite-2011.01.26-i686-1/lib/libDriversLPC17xxgnu.a(lpc17xx_i2c.o)
                0x00013730                I2C_SetOwnSlaveAddr
 .text.I2C_MonitorModeConfig
                0x00013848       0x9c /opt/york/cs/net/lpc1700-cmsis-lite-2011.01.26-i686-1/lib/libDriversLPC17xxgnu.a(lpc17xx_i2c.o)
                0x00013848                I2C_MonitorModeConfig
 .text.I2C_MonitorModeCmd
                0x000138e4       0xb0 /opt/york/cs/net/lpc1700-cmsis-lite-2011.01.26-i686-1/lib/libDriversLPC17xxgnu.a(lpc17xx_i2c.o)
                0x000138e4                I2C_MonitorModeCmd
 .text.I2C_MonitorGetDatabuffer
                0x00013994       0x54 /opt/york/cs/net/lpc1700-cmsis-lite-2011.01.26-i686-1/lib/libDriversLPC17xxgnu.a(lpc17xx_i2c.o)
                0x00013994                I2C_MonitorGetDatabuffer
 .text.I2C_MonitorHandler
                0x000139e8       0x6c /opt/york/cs/net/lpc1700-cmsis-lite-2011.01.26-i686-1/lib/libDriversLPC17xxgnu.a(lpc17xx_i2c.o)
                0x000139e8                I2C_MonitorHandler
 .text.I2C_MasterTransferComplete
                0x00013a54       0x40 /opt/york/cs/net/lpc1700-cmsis-lite-2011.01.26-i686-1/lib/libDriversLPC17xxgnu.a(lpc17xx_i2c.o)
                0x00013a54                I2C_MasterTransferComplete
 .text.I2C_SlaveTransferComplete
                0x00013a94       0x40 /opt/york/cs/net/lpc1700-cmsis-lite-2011.01.26-i686-1/lib/libDriversLPC17xxgnu.a(lpc17xx_i2c.o)
                0x00013a94                I2C_SlaveTransferComplete
 .text          0x00013ad4        0x0 /opt/york/cs/net/lpc1700-cmsis-lite-2011.01.26-i686-1/lib/libDriversLPC17xxgnu.a(lpc17xx_i2s.o)
 .text.i2s_GetWordWidth
                0x00013ad4       0x8c /opt/york/cs/net/lpc1700-cmsis-lite-2011.01.26-i686-1/lib/libDriversLPC17xxgnu.a(lpc17xx_i2s.o)
 .text.i2s_GetChannel
                0x00013b60       0x84 /opt/york/cs/net/lpc1700-cmsis-lite-2011.01.26-i686-1/lib/libDriversLPC17xxgnu.a(lpc17xx_i2s.o)
 .text.I2S_Init
                0x00013be4       0x54 /opt/york/cs/net/lpc1700-cmsis-lite-2011.01.26-i686-1/lib/libDriversLPC17xxgnu.a(lpc17xx_i2s.o)
                0x00013be4                I2S_Init
 .text.I2S_Config
                0x00013c38      0x168 /opt/york/cs/net/lpc1700-cmsis-lite-2011.01.26-i686-1/lib/libDriversLPC17xxgnu.a(lpc17xx_i2s.o)
                0x00013c38                I2S_Config
 .text.I2S_DeInit
                0x00013da0       0x3c /opt/york/cs/net/lpc1700-cmsis-lite-2011.01.26-i686-1/lib/libDriversLPC17xxgnu.a(lpc17xx_i2s.o)
                0x00013da0                I2S_DeInit
 .text.I2S_GetLevel
                0x00013ddc       0x6c /opt/york/cs/net/lpc1700-cmsis-lite-2011.01.26-i686-1/lib/libDriversLPC17xxgnu.a(lpc17xx_i2s.o)
                0x00013ddc                I2S_GetLevel
 .text.I2S_Start
                0x00013e48       0x50 /opt/york/cs/net/lpc1700-cmsis-lite-2011.01.26-i686-1/lib/libDriversLPC17xxgnu.a(lpc17xx_i2s.o)
                0x00013e48                I2S_Start
 .text.I2S_Send
                0x00013e98       0x38 /opt/york/cs/net/lpc1700-cmsis-lite-2011.01.26-i686-1/lib/libDriversLPC17xxgnu.a(lpc17xx_i2s.o)
                0x00013e98                I2S_Send
 .text.I2S_Receive
                0x00013ed0       0x34 /opt/york/cs/net/lpc1700-cmsis-lite-2011.01.26-i686-1/lib/libDriversLPC17xxgnu.a(lpc17xx_i2s.o)
                0x00013ed0                I2S_Receive
 .text.I2S_Pause
                0x00013f04       0x70 /opt/york/cs/net/lpc1700-cmsis-lite-2011.01.26-i686-1/lib/libDriversLPC17xxgnu.a(lpc17xx_i2s.o)
                0x00013f04                I2S_Pause
 .text.I2S_Mute
                0x00013f74       0x70 /opt/york/cs/net/lpc1700-cmsis-lite-2011.01.26-i686-1/lib/libDriversLPC17xxgnu.a(lpc17xx_i2s.o)
                0x00013f74                I2S_Mute
 .text.I2S_Stop
                0x00013fe4       0x94 /opt/york/cs/net/lpc1700-cmsis-lite-2011.01.26-i686-1/lib/libDriversLPC17xxgnu.a(lpc17xx_i2s.o)
                0x00013fe4                I2S_Stop
 .text.I2S_FreqConfig
                0x00014078      0x110 /opt/york/cs/net/lpc1700-cmsis-lite-2011.01.26-i686-1/lib/libDriversLPC17xxgnu.a(lpc17xx_i2s.o)
                0x00014078                I2S_FreqConfig
 .text.I2S_SetBitRate
                0x00014188       0x7c /opt/york/cs/net/lpc1700-cmsis-lite-2011.01.26-i686-1/lib/libDriversLPC17xxgnu.a(lpc17xx_i2s.o)
                0x00014188                I2S_SetBitRate
 .text.I2S_ModeConfig
                0x00014204      0x148 /opt/york/cs/net/lpc1700-cmsis-lite-2011.01.26-i686-1/lib/libDriversLPC17xxgnu.a(lpc17xx_i2s.o)
                0x00014204                I2S_ModeConfig
 .text.I2S_DMAConfig
                0x0001434c       0xd4 /opt/york/cs/net/lpc1700-cmsis-lite-2011.01.26-i686-1/lib/libDriversLPC17xxgnu.a(lpc17xx_i2s.o)
                0x0001434c                I2S_DMAConfig
 .text.I2S_DMACmd
                0x00014420      0x120 /opt/york/cs/net/lpc1700-cmsis-lite-2011.01.26-i686-1/lib/libDriversLPC17xxgnu.a(lpc17xx_i2s.o)
                0x00014420                I2S_DMACmd
 .text.I2S_IRQConfig
                0x00014540       0x80 /opt/york/cs/net/lpc1700-cmsis-lite-2011.01.26-i686-1/lib/libDriversLPC17xxgnu.a(lpc17xx_i2s.o)
                0x00014540                I2S_IRQConfig
 .text.I2S_IRQCmd
                0x000145c0       0x9c /opt/york/cs/net/lpc1700-cmsis-lite-2011.01.26-i686-1/lib/libDriversLPC17xxgnu.a(lpc17xx_i2s.o)
                0x000145c0                I2S_IRQCmd
 .text.I2S_GetIRQStatus
                0x0001465c       0x58 /opt/york/cs/net/lpc1700-cmsis-lite-2011.01.26-i686-1/lib/libDriversLPC17xxgnu.a(lpc17xx_i2s.o)
                0x0001465c                I2S_GetIRQStatus
 .text.I2S_GetIRQDepth
                0x000146b4       0x50 /opt/york/cs/net/lpc1700-cmsis-lite-2011.01.26-i686-1/lib/libDriversLPC17xxgnu.a(lpc17xx_i2s.o)
                0x000146b4                I2S_GetIRQDepth
 .text          0x00014704        0x0 /opt/york/cs/net/lpc1700-cmsis-lite-2011.01.26-i686-1/lib/libDriversLPC17xxgnu.a(lpc17xx_libcfg_default.o)
 .text.check_failed
                0x00014704        0xc /opt/york/cs/net/lpc1700-cmsis-lite-2011.01.26-i686-1/lib/libDriversLPC17xxgnu.a(lpc17xx_libcfg_default.o)
                0x00014704                check_failed
 .text          0x00014710        0x0 /opt/york/cs/net/lpc1700-cmsis-lite-2011.01.26-i686-1/lib/libDriversLPC17xxgnu.a(lpc17xx_pinsel.o)
 .text.set_PinFunc
                0x00014710       0xa0 /opt/york/cs/net/lpc1700-cmsis-lite-2011.01.26-i686-1/lib/libDriversLPC17xxgnu.a(lpc17xx_pinsel.o)
 .text.set_ResistorMode
                0x000147b0       0xa0 /opt/york/cs/net/lpc1700-cmsis-lite-2011.01.26-i686-1/lib/libDriversLPC17xxgnu.a(lpc17xx_pinsel.o)
 .text.set_OpenDrainMode
                0x00014850       0x80 /opt/york/cs/net/lpc1700-cmsis-lite-2011.01.26-i686-1/lib/libDriversLPC17xxgnu.a(lpc17xx_pinsel.o)
 .text.PINSEL_ConfigTraceFunc
                0x000148d0       0x54 /opt/york/cs/net/lpc1700-cmsis-lite-2011.01.26-i686-1/lib/libDriversLPC17xxgnu.a(lpc17xx_pinsel.o)
                0x000148d0                PINSEL_ConfigTraceFunc
 .text.PINSEL_SetI2C0Pins
                0x00014924       0x3c /opt/york/cs/net/lpc1700-cmsis-lite-2011.01.26-i686-1/lib/libDriversLPC17xxgnu.a(lpc17xx_pinsel.o)
                0x00014924                PINSEL_SetI2C0Pins
 .text.PINSEL_ConfigPin
                0x00014960       0x54 /opt/york/cs/net/lpc1700-cmsis-lite-2011.01.26-i686-1/lib/libDriversLPC17xxgnu.a(lpc17xx_pinsel.o)
                0x00014960                PINSEL_ConfigPin
 .text          0x000149b4        0x0 /opt/york/cs/net/lpc1700-cmsis-lite-2011.01.26-i686-1/lib/libDriversLPC17xxgnu.a(lpc17xx_ssp.o)
 .text.setSSPclock
                0x000149b4       0xf8 /opt/york/cs/net/lpc1700-cmsis-lite-2011.01.26-i686-1/lib/libDriversLPC17xxgnu.a(lpc17xx_ssp.o)
 .text.SSP_Init
                0x00014aac       0xbc /opt/york/cs/net/lpc1700-cmsis-lite-2011.01.26-i686-1/lib/libDriversLPC17xxgnu.a(lpc17xx_ssp.o)
                0x00014aac                SSP_Init
 .text.SSP_DeInit
                0x00014b68       0x74 /opt/york/cs/net/lpc1700-cmsis-lite-2011.01.26-i686-1/lib/libDriversLPC17xxgnu.a(lpc17xx_ssp.o)
                0x00014b68                SSP_DeInit
 .text.SSP_GetDataSize
                0x00014bdc       0x4c /opt/york/cs/net/lpc1700-cmsis-lite-2011.01.26-i686-1/lib/libDriversLPC17xxgnu.a(lpc17xx_ssp.o)
                0x00014bdc                SSP_GetDataSize
 .text.SSP_ConfigStructInit
                0x00014c28       0x48 /opt/york/cs/net/lpc1700-cmsis-lite-2011.01.26-i686-1/lib/libDriversLPC17xxgnu.a(lpc17xx_ssp.o)
                0x00014c28                SSP_ConfigStructInit
 .text.SSP_Cmd  0x00014c70       0x7c /opt/york/cs/net/lpc1700-cmsis-lite-2011.01.26-i686-1/lib/libDriversLPC17xxgnu.a(lpc17xx_ssp.o)
                0x00014c70                SSP_Cmd
 .text.SSP_LoopBackCmd
                0x00014cec       0x7c /opt/york/cs/net/lpc1700-cmsis-lite-2011.01.26-i686-1/lib/libDriversLPC17xxgnu.a(lpc17xx_ssp.o)
                0x00014cec                SSP_LoopBackCmd
 .text.SSP_SlaveOutputCmd
                0x00014d68       0x7c /opt/york/cs/net/lpc1700-cmsis-lite-2011.01.26-i686-1/lib/libDriversLPC17xxgnu.a(lpc17xx_ssp.o)
                0x00014d68                SSP_SlaveOutputCmd
 .text.SSP_SendData
                0x00014de4       0x48 /opt/york/cs/net/lpc1700-cmsis-lite-2011.01.26-i686-1/lib/libDriversLPC17xxgnu.a(lpc17xx_ssp.o)
                0x00014de4                SSP_SendData
 .text.SSP_ReceiveData
                0x00014e2c       0x44 /opt/york/cs/net/lpc1700-cmsis-lite-2011.01.26-i686-1/lib/libDriversLPC17xxgnu.a(lpc17xx_ssp.o)
                0x00014e2c                SSP_ReceiveData
 .text.SSP_ReadWrite
                0x00014e70      0x390 /opt/york/cs/net/lpc1700-cmsis-lite-2011.01.26-i686-1/lib/libDriversLPC17xxgnu.a(lpc17xx_ssp.o)
                0x00014e70                SSP_ReadWrite
 .text.SSP_GetStatus
                0x00015200       0x84 /opt/york/cs/net/lpc1700-cmsis-lite-2011.01.26-i686-1/lib/libDriversLPC17xxgnu.a(lpc17xx_ssp.o)
                0x00015200                SSP_GetStatus
 .text.SSP_IntConfig
                0x00015284       0x70 /opt/york/cs/net/lpc1700-cmsis-lite-2011.01.26-i686-1/lib/libDriversLPC17xxgnu.a(lpc17xx_ssp.o)
                0x00015284                SSP_IntConfig
 .text.SSP_GetRawIntStatus
                0x000152f4       0x80 /opt/york/cs/net/lpc1700-cmsis-lite-2011.01.26-i686-1/lib/libDriversLPC17xxgnu.a(lpc17xx_ssp.o)
                0x000152f4                SSP_GetRawIntStatus
 .text.SSP_GetRawIntStatusReg
                0x00015374       0x44 /opt/york/cs/net/lpc1700-cmsis-lite-2011.01.26-i686-1/lib/libDriversLPC17xxgnu.a(lpc17xx_ssp.o)
                0x00015374                SSP_GetRawIntStatusReg
 .text.SSP_GetIntStatus
                0x000153b8       0x80 /opt/york/cs/net/lpc1700-cmsis-lite-2011.01.26-i686-1/lib/libDriversLPC17xxgnu.a(lpc17xx_ssp.o)
                0x000153b8                SSP_GetIntStatus
 .text.SSP_ClearIntPending
                0x00015438       0x60 /opt/york/cs/net/lpc1700-cmsis-lite-2011.01.26-i686-1/lib/libDriversLPC17xxgnu.a(lpc17xx_ssp.o)
                0x00015438                SSP_ClearIntPending
 .text.SSP_DMACmd
                0x00015498       0xa8 /opt/york/cs/net/lpc1700-cmsis-lite-2011.01.26-i686-1/lib/libDriversLPC17xxgnu.a(lpc17xx_ssp.o)
                0x00015498                SSP_DMACmd
 .text          0x00015540        0x0 /opt/york/cs/net/lpc1700-cmsis-lite-2011.01.26-i686-1/lib/libDriversLPC17xxgnu.a(lpc17xx_uart.o)
 .text.uart_set_divisors
                0x00015540      0x26c /opt/york/cs/net/lpc1700-cmsis-lite-2011.01.26-i686-1/lib/libDriversLPC17xxgnu.a(lpc17xx_uart.o)
 .text.UART_Init
                0x000157ac      0x368 /opt/york/cs/net/lpc1700-cmsis-lite-2011.01.26-i686-1/lib/libDriversLPC17xxgnu.a(lpc17xx_uart.o)
                0x000157ac                UART_Init
 .text.UART_DeInit
                0x00015b14       0xcc /opt/york/cs/net/lpc1700-cmsis-lite-2011.01.26-i686-1/lib/libDriversLPC17xxgnu.a(lpc17xx_uart.o)
                0x00015b14                UART_DeInit
 .text.UART_ConfigStructInit
                0x00015be0       0x34 /opt/york/cs/net/lpc1700-cmsis-lite-2011.01.26-i686-1/lib/libDriversLPC17xxgnu.a(lpc17xx_uart.o)
                0x00015be0                UART_ConfigStructInit
 .text.UART_SendByte
                0x00015c14       0x78 /opt/york/cs/net/lpc1700-cmsis-lite-2011.01.26-i686-1/lib/libDriversLPC17xxgnu.a(lpc17xx_uart.o)
                0x00015c14                UART_SendByte
 .text.UART_ReceiveByte
                0x00015c8c       0x78 /opt/york/cs/net/lpc1700-cmsis-lite-2011.01.26-i686-1/lib/libDriversLPC17xxgnu.a(lpc17xx_uart.o)
                0x00015c8c                UART_ReceiveByte
 .text.UART_Send
                0x00015d04      0x10c /opt/york/cs/net/lpc1700-cmsis-lite-2011.01.26-i686-1/lib/libDriversLPC17xxgnu.a(lpc17xx_uart.o)
                0x00015d04                UART_Send
 .text.UART_Receive
                0x00015e10       0xd8 /opt/york/cs/net/lpc1700-cmsis-lite-2011.01.26-i686-1/lib/libDriversLPC17xxgnu.a(lpc17xx_uart.o)
                0x00015e10                UART_Receive
 .text.UART_ForceBreak
                0x00015ee8       0x88 /opt/york/cs/net/lpc1700-cmsis-lite-2011.01.26-i686-1/lib/libDriversLPC17xxgnu.a(lpc17xx_uart.o)
                0x00015ee8                UART_ForceBreak
 .text.UART_IntConfig
                0x00015f70      0x1d0 /opt/york/cs/net/lpc1700-cmsis-lite-2011.01.26-i686-1/lib/libDriversLPC17xxgnu.a(lpc17xx_uart.o)
                0x00015f70                UART_IntConfig
 .text.UART_GetLineStatus
                0x00016140       0x7c /opt/york/cs/net/lpc1700-cmsis-lite-2011.01.26-i686-1/lib/libDriversLPC17xxgnu.a(lpc17xx_uart.o)
                0x00016140                UART_GetLineStatus
 .text.UART_GetIntId
                0x000161bc       0x68 /opt/york/cs/net/lpc1700-cmsis-lite-2011.01.26-i686-1/lib/libDriversLPC17xxgnu.a(lpc17xx_uart.o)
                0x000161bc                UART_GetIntId
 .text.UART_CheckBusy
                0x00016224       0x2c /opt/york/cs/net/lpc1700-cmsis-lite-2011.01.26-i686-1/lib/libDriversLPC17xxgnu.a(lpc17xx_uart.o)
                0x00016224                UART_CheckBusy
 .text.UART_FIFOConfig
                0x00016250      0x184 /opt/york/cs/net/lpc1700-cmsis-lite-2011.01.26-i686-1/lib/libDriversLPC17xxgnu.a(lpc17xx_uart.o)
                0x00016250                UART_FIFOConfig
 .text.UART_FIFOConfigStructInit
                0x000163d4       0x34 /opt/york/cs/net/lpc1700-cmsis-lite-2011.01.26-i686-1/lib/libDriversLPC17xxgnu.a(lpc17xx_uart.o)
                0x000163d4                UART_FIFOConfigStructInit
 .text.UART_ABCmd
                0x00016408      0x15c /opt/york/cs/net/lpc1700-cmsis-lite-2011.01.26-i686-1/lib/libDriversLPC17xxgnu.a(lpc17xx_uart.o)
                0x00016408                UART_ABCmd
 .text.UART_ABClearIntPending
                0x00016564       0x88 /opt/york/cs/net/lpc1700-cmsis-lite-2011.01.26-i686-1/lib/libDriversLPC17xxgnu.a(lpc17xx_uart.o)
                0x00016564                UART_ABClearIntPending
 .text.UART_TxCmd
                0x000165ec       0xe8 /opt/york/cs/net/lpc1700-cmsis-lite-2011.01.26-i686-1/lib/libDriversLPC17xxgnu.a(lpc17xx_uart.o)
                0x000165ec                UART_TxCmd
 .text.UART_IrDAInvtInputCmd
                0x000166d4       0x84 /opt/york/cs/net/lpc1700-cmsis-lite-2011.01.26-i686-1/lib/libDriversLPC17xxgnu.a(lpc17xx_uart.o)
                0x000166d4                UART_IrDAInvtInputCmd
 .text.UART_IrDACmd
                0x00016758       0x80 /opt/york/cs/net/lpc1700-cmsis-lite-2011.01.26-i686-1/lib/libDriversLPC17xxgnu.a(lpc17xx_uart.o)
                0x00016758                UART_IrDACmd
 .text.UART_IrDAPulseDivConfig
                0x000167d8       0xac /opt/york/cs/net/lpc1700-cmsis-lite-2011.01.26-i686-1/lib/libDriversLPC17xxgnu.a(lpc17xx_uart.o)
                0x000167d8                UART_IrDAPulseDivConfig
 .text.UART_FullModemForcePinState
                0x00016884       0xcc /opt/york/cs/net/lpc1700-cmsis-lite-2011.01.26-i686-1/lib/libDriversLPC17xxgnu.a(lpc17xx_uart.o)
                0x00016884                UART_FullModemForcePinState
 .text.UART_FullModemConfigMode
                0x00016950       0xd8 /opt/york/cs/net/lpc1700-cmsis-lite-2011.01.26-i686-1/lib/libDriversLPC17xxgnu.a(lpc17xx_uart.o)
                0x00016950                UART_FullModemConfigMode
 .text.UART_FullModemGetStatus
                0x00016a28       0x38 /opt/york/cs/net/lpc1700-cmsis-lite-2011.01.26-i686-1/lib/libDriversLPC17xxgnu.a(lpc17xx_uart.o)
                0x00016a28                UART_FullModemGetStatus
 .text.UART_RS485Config
                0x00016a60      0x1bc /opt/york/cs/net/lpc1700-cmsis-lite-2011.01.26-i686-1/lib/libDriversLPC17xxgnu.a(lpc17xx_uart.o)
                0x00016a60                UART_RS485Config
 .text.UART_RS485ReceiverCmd
                0x00016c1c       0x48 /opt/york/cs/net/lpc1700-cmsis-lite-2011.01.26-i686-1/lib/libDriversLPC17xxgnu.a(lpc17xx_uart.o)
                0x00016c1c                UART_RS485ReceiverCmd
 .text.UART_RS485Send
                0x00016c64       0x84 /opt/york/cs/net/lpc1700-cmsis-lite-2011.01.26-i686-1/lib/libDriversLPC17xxgnu.a(lpc17xx_uart.o)
                0x00016c64                UART_RS485Send
 .text.UART_RS485SendSlvAddr
                0x00016ce8       0x28 /opt/york/cs/net/lpc1700-cmsis-lite-2011.01.26-i686-1/lib/libDriversLPC17xxgnu.a(lpc17xx_uart.o)
                0x00016ce8                UART_RS485SendSlvAddr
 .text.UART_RS485SendData
                0x00016d10       0x28 /opt/york/cs/net/lpc1700-cmsis-lite-2011.01.26-i686-1/lib/libDriversLPC17xxgnu.a(lpc17xx_uart.o)
                0x00016d10                UART_RS485SendData
 .text          0x00016d38        0x0 /opt/york/cs/net/lpc1700-cmsis-lite-2011.01.26-i686-1/lib/libDriversLPC17xxgnu.a(lpc17xx_clkpwr.o)
 .text.CLKPWR_SetPCLKDiv
                0x00016d38       0xd4 /opt/york/cs/net/lpc1700-cmsis-lite-2011.01.26-i686-1/lib/libDriversLPC17xxgnu.a(lpc17xx_clkpwr.o)
                0x00016d38                CLKPWR_SetPCLKDiv
 .text.CLKPWR_GetPCLKSEL
                0x00016e0c       0x54 /opt/york/cs/net/lpc1700-cmsis-lite-2011.01.26-i686-1/lib/libDriversLPC17xxgnu.a(lpc17xx_clkpwr.o)
                0x00016e0c                CLKPWR_GetPCLKSEL
 .text.CLKPWR_GetPCLK
                0x00016e60       0x70 /opt/york/cs/net/lpc1700-cmsis-lite-2011.01.26-i686-1/lib/libDriversLPC17xxgnu.a(lpc17xx_clkpwr.o)
                0x00016e60                CLKPWR_GetPCLK
 .text.CLKPWR_ConfigPPWR
                0x00016ed0       0x80 /opt/york/cs/net/lpc1700-cmsis-lite-2011.01.26-i686-1/lib/libDriversLPC17xxgnu.a(lpc17xx_clkpwr.o)
                0x00016ed0                CLKPWR_ConfigPPWR
 .text.CLKPWR_Sleep
                0x00016f50       0x1c /opt/york/cs/net/lpc1700-cmsis-lite-2011.01.26-i686-1/lib/libDriversLPC17xxgnu.a(lpc17xx_clkpwr.o)
                0x00016f50                CLKPWR_Sleep
 .text.CLKPWR_DeepSleep
                0x00016f6c       0x2c /opt/york/cs/net/lpc1700-cmsis-lite-2011.01.26-i686-1/lib/libDriversLPC17xxgnu.a(lpc17xx_clkpwr.o)
                0x00016f6c                CLKPWR_DeepSleep
 .text.CLKPWR_PowerDown
                0x00016f98       0x2c /opt/york/cs/net/lpc1700-cmsis-lite-2011.01.26-i686-1/lib/libDriversLPC17xxgnu.a(lpc17xx_clkpwr.o)
                0x00016f98                CLKPWR_PowerDown
 .text.CLKPWR_DeepPowerDown
                0x00016fc4       0x2c /opt/york/cs/net/lpc1700-cmsis-lite-2011.01.26-i686-1/lib/libDriversLPC17xxgnu.a(lpc17xx_clkpwr.o)
                0x00016fc4                CLKPWR_DeepPowerDown
 .text          0x00016ff0        0x0 /opt/york/cs/net/sourcery-g++-lite-arm-eabi-2010.09.51-i686-1/bin/../lib/gcc/arm-none-eabi/4.5.1/thumb2/crtend.o
 .text          0x00016ff0        0x0 /opt/york/cs/net/sourcery-g++-lite-arm-eabi-2010.09.51-i686-1/bin/../lib/gcc/arm-none-eabi/4.5.1/thumb2/crtn.o
 *(.plt)
 *(.gnu.warning)
 *(.glue_7t)
 .glue_7t       0x00000000        0x0 linker stubs
 *(.glue_7)
 .glue_7        0x00000000        0x0 linker stubs
 *(.vfp11_veneer)
 .vfp11_veneer  0x00000000        0x0 linker stubs
 *(.rodata .rodata.* .gnu.linkonce.r.*)
 .rodata        0x00016ff0      0x39c main.o
 .rodata.C.0.2899
                0x0001738c       0x10 source/KeyAccess.o
 .rodata        0x0001739c       0x14 source/LCD.o
 .rodata        0x000173b0        0x4 source/i2s.o
 .rodata        0x000173b4       0xe4 source/Wave.o
 .rodata        0x00017498       0xa4 source/SD.o
 .rodata.C.1.2907
                0x0001753c       0x18 source/TLV320.o
 .rodata.C.2.2908
                0x00017554       0x18 source/TLV320.o
 .rodata.C.3.2909
                0x0001756c       0x10 source/TLV320.o
 .rodata.C.4.2910
                0x0001757c        0x8 source/TLV320.o
 .rodata.C.5.2911
                0x00017584        0x8 source/TLV320.o
 .rodata.C.6.2912
                0x0001758c        0x4 source/TLV320.o
 .rodata.DbcTbl
                0x00017590        0xc source/FatFS/ff.o
 .rodata        0x0001759c       0x50 source/FatFS/ff.o
 .rodata.cst32.1625
                0x000175ec       0x10 source/FatFS/ff.o
 .rodata.cst.1624
                0x000175fc       0x10 source/FatFS/ff.o
 .rodata.badchr.1608
                0x0001760c       0x14 source/FatFS/ff.o
 .rodata        0x00017620       0x20 /opt/york/cs/net/sourcery-g++-lite-arm-eabi-2010.09.51-i686-1/arm-none-eabi/lib/thumb2/libc.a(lib_a-svfprintf.o)
 .rodata.str1.4
                0x00017640       0x42 /opt/york/cs/net/sourcery-g++-lite-arm-eabi-2010.09.51-i686-1/arm-none-eabi/lib/thumb2/libc.a(lib_a-svfprintf.o)
                                 0x44 (size before relaxing)
 *fill*         0x00017682        0x2 00
 .rodata        0x00017684      0x104 /opt/york/cs/net/sourcery-g++-lite-arm-eabi-2010.09.51-i686-1/arm-none-eabi/lib/thumb2/libc.a(lib_a-ctype_.o)
                0x00017684                _ctype_
 .rodata.str1.4
                0x00017788       0x10 /opt/york/cs/net/sourcery-g++-lite-arm-eabi-2010.09.51-i686-1/arm-none-eabi/lib/thumb2/libc.a(lib_a-dtoa.o)
                                 0x14 (size before relaxing)
 .rodata        0x00017798        0x4 /opt/york/cs/net/sourcery-g++-lite-arm-eabi-2010.09.51-i686-1/arm-none-eabi/lib/thumb2/libc.a(lib_a-impure.o)
                0x00017798                _global_impure_ptr
 .rodata.str1.4
                0x0001779c        0x2 /opt/york/cs/net/sourcery-g++-lite-arm-eabi-2010.09.51-i686-1/arm-none-eabi/lib/thumb2/libc.a(lib_a-impure.o)
                                  0x4 (size before relaxing)
 *fill*         0x0001779e        0x2 00
 .rodata.str1.4
                0x000177a0        0xc /opt/york/cs/net/sourcery-g++-lite-arm-eabi-2010.09.51-i686-1/arm-none-eabi/lib/thumb2/libc.a(lib_a-locale.o)
                                 0x14 (size before relaxing)
 *fill*         0x000177ac        0x4 00
 .rodata        0x000177b0      0x128 /opt/york/cs/net/sourcery-g++-lite-arm-eabi-2010.09.51-i686-1/arm-none-eabi/lib/thumb2/libc.a(lib_a-mprec.o)
                0x000177c0                __mprec_tens
                0x00017888                __mprec_bigtens
                0x000178b0                __mprec_tinytens
 .rodata        0x000178d8       0x20 /opt/york/cs/net/sourcery-g++-lite-arm-eabi-2010.09.51-i686-1/arm-none-eabi/lib/thumb2/libc.a(lib_a-svfiprintf.o)
 .rodata.str1.4
                0x00000000       0x30 /opt/york/cs/net/sourcery-g++-lite-arm-eabi-2010.09.51-i686-1/arm-none-eabi/lib/thumb2/libc.a(lib_a-svfiprintf.o)
 .rodata        0x000178f8      0x188 /opt/york/cs/net/sourcery-g++-lite-arm-eabi-2010.09.51-i686-1/arm-none-eabi/lib/thumb2/libm.a(lib_a-e_rem_pio2.o)
 .rodata        0x00017a80       0x50 /opt/york/cs/net/sourcery-g++-lite-arm-eabi-2010.09.51-i686-1/arm-none-eabi/lib/thumb2/libm.a(lib_a-k_rem_pio2.o)
 .rodata        0x00017ad0       0x10 /opt/york/cs/net/lpc1700-cmsis-lite-2011.01.26-i686-1/lib/libDriversLPC17xxgnu.a(lpc17xx_i2c.o)
 .rodata        0x00017ae0       0x10 /opt/york/cs/net/lpc1700-cmsis-lite-2011.01.26-i686-1/lib/libDriversLPC17xxgnu.a(lpc17xx_i2s.o)
 .rodata        0x00017af0       0x10 /opt/york/cs/net/lpc1700-cmsis-lite-2011.01.26-i686-1/lib/libDriversLPC17xxgnu.a(lpc17xx_ssp.o)
 .rodata        0x00017b00       0x10 /opt/york/cs/net/lpc1700-cmsis-lite-2011.01.26-i686-1/lib/libDriversLPC17xxgnu.a(lpc17xx_uart.o)
 *(.ARM.extab* .gnu.linkonce.armextab.*)
 .ARM.extab.cs3.reset
                0x00017b10        0x0 /opt/york/cs/net/lpc1700-cmsis-lite-2011.01.26-i686-1/lib/startup_LPC17xx.o
 .ARM.extab     0x00017b10        0x0 /opt/york/cs/net/sourcery-g++-lite-arm-eabi-2010.09.51-i686-1/bin/../lib/gcc/arm-none-eabi/4.5.1/thumb2/libgcc.a(_divdi3.o)
 .ARM.extab     0x00017b10        0x0 /opt/york/cs/net/sourcery-g++-lite-arm-eabi-2010.09.51-i686-1/bin/../lib/gcc/arm-none-eabi/4.5.1/thumb2/libgcc.a(_udivdi3.o)
 *(.gcc_except_table)
 *(.eh_frame_hdr)
 *(.eh_frame)
                0x00017b10                . = ALIGN (0x4)
 *(.init)
 .init          0x00017b10        0x4 /opt/york/cs/net/sourcery-g++-lite-arm-eabi-2010.09.51-i686-1/bin/../lib/gcc/arm-none-eabi/4.5.1/thumb2/crti.o
                0x00017b10                _init
 .init          0x00017b14        0x8 /opt/york/cs/net/sourcery-g++-lite-arm-eabi-2010.09.51-i686-1/bin/../lib/gcc/arm-none-eabi/4.5.1/thumb2/crtn.o
                0x00017b1c                . = ALIGN (0x4)
                0x00017b1c                __preinit_array_start = .
 *(.preinit_array)
                0x00017b1c                __preinit_array_end = .
                0x00017b1c                . = ALIGN (0x4)
                0x00017b1c                __init_array_start = .
 *(SORT(.init_array.*))
 *(.init_array)
 .init_array    0x00017b1c        0x4 /opt/york/cs/net/sourcery-g++-lite-arm-eabi-2010.09.51-i686-1/bin/../lib/gcc/arm-none-eabi/4.5.1/thumb2/crtbegin.o
                0x00017b20                __init_array_end = .
                0x00017b20                . = ALIGN (0x4)
 *crtbegin.o(.ctors)
 *(EXCLUDE_FILE(*crtend.o) .ctors)
 *(SORT(.ctors.*))
 *crtend.o(.ctors)
                0x00017b20                . = ALIGN (0x4)
 *(.fini)
 .fini          0x00017b20        0x4 /opt/york/cs/net/sourcery-g++-lite-arm-eabi-2010.09.51-i686-1/bin/../lib/gcc/arm-none-eabi/4.5.1/thumb2/crti.o
                0x00017b20                _fini
 .fini          0x00017b24        0x8 /opt/york/cs/net/sourcery-g++-lite-arm-eabi-2010.09.51-i686-1/bin/../lib/gcc/arm-none-eabi/4.5.1/thumb2/crtn.o
                0x00017b2c                . = ALIGN (0x4)
                0x00017b2c                __fini_array_start = .
 *(.fini_array)
 .fini_array    0x00017b2c        0x4 /opt/york/cs/net/sourcery-g++-lite-arm-eabi-2010.09.51-i686-1/bin/../lib/gcc/arm-none-eabi/4.5.1/thumb2/crtbegin.o
 *(SORT(.fini_array.*))
                0x00017b30                __fini_array_end = .
 *crtbegin.o(.dtors)
 *(EXCLUDE_FILE(*crtend.o) .dtors)
 *(SORT(.dtors.*))
 *crtend.o(.dtors)
                0x00017b30                . = ALIGN (0x4)
                0x00017b30                __cs3_regions = .
                0x00017b30        0x4 LONG 0x0
                0x00017b34        0x4 LONG 0x17b50 __cs3_region_init_ram
                0x00017b38        0x4 LONG 0x10000000 __cs3_region_start_ram
                0x00017b3c        0x4 LONG 0x610 __cs3_region_init_size_ram
                0x00017b40        0x4 LONG 0x7f8 __cs3_region_zero_size_ram
                0x00017b44                __exidx_start = .

.v4_bx          0x00017b44        0x0
 .v4_bx         0x00000000        0x0 linker stubs

.ARM.exidx      0x00017b44        0x8
 *(.ARM.exidx* .gnu.linkonce.armexidx.*)
 .ARM.exidx.cs3.reset
                0x00017b44        0x8 /opt/york/cs/net/lpc1700-cmsis-lite-2011.01.26-i686-1/lib/startup_LPC17xx.o
 .ARM.exidx     0x00017b4c        0x0 /opt/york/cs/net/sourcery-g++-lite-arm-eabi-2010.09.51-i686-1/bin/../lib/gcc/arm-none-eabi/4.5.1/thumb2/libgcc.a(_divdi3.o)
                                  0x8 (size before relaxing)
 .ARM.exidx     0x00017b4c        0x0 /opt/york/cs/net/sourcery-g++-lite-arm-eabi-2010.09.51-i686-1/bin/../lib/gcc/arm-none-eabi/4.5.1/thumb2/libgcc.a(_udivdi3.o)
                                  0x8 (size before relaxing)
                0x00017b4c                __exidx_end = .

.text.align     0x00017b4c        0x4
                0x00017b50                . = ALIGN (0x8)
 *fill*         0x00017b4c        0x4 00
                0x00017b50                _etext = .
                0x00080000                __cs3_region_size_rom = 0x80000
                0x00000001                __cs3_region_num = 0x1

.data           0x10000000      0x610 load address 0x00017b50
                0x10000000                __cs3_region_start_ram = .
 *(.cs3.region-head.ram)
 *(.jcr)
 .jcr           0x10000000        0x0 /opt/york/cs/net/sourcery-g++-lite-arm-eabi-2010.09.51-i686-1/bin/../lib/gcc/arm-none-eabi/4.5.1/thumb2/crtbegin.o
 .jcr           0x10000000        0x4 /opt/york/cs/net/sourcery-g++-lite-arm-eabi-2010.09.51-i686-1/bin/../lib/gcc/arm-none-eabi/4.5.1/thumb2/crtend.o
 *(.got.plt)
 *(.got)
 *(.shdata)
 *(.data .data.* .gnu.linkonce.d.*)
 .data          0x10000004        0x0 /opt/york/cs/net/sourcery-g++-lite-arm-eabi-2010.09.51-i686-1/bin/../lib/gcc/arm-none-eabi/4.5.1/thumb2/crti.o
 .data          0x10000004        0x4 /opt/york/cs/net/sourcery-g++-lite-arm-eabi-2010.09.51-i686-1/bin/../lib/gcc/arm-none-eabi/4.5.1/thumb2/crtbegin.o
                0x10000004                __dso_handle
 .data          0x10000008        0x0 main.o
 .data.MenuText
                0x10000008       0x1c main.o
                0x10000008                MenuText
 .data.menuFuncs
                0x10000024       0x28 main.o
                0x10000024                menuFuncs
 .data.int_Handler_Funcs
                0x1000004c        0x4 main.o
                0x1000004c                int_Handler_Funcs
 .data          0x10000050        0x0 source/KeyAccess.o
 .data          0x10000050        0x0 source/LCD.o
 .data.clrLine  0x10000050       0x14 source/LCD.o
                0x10000050                clrLine
 .data.Init     0x10000064        0xc source/LCD.o
                0x10000064                Init
 .data          0x10000070        0x0 source/i2s.o
 .data.I2S_int_Handler_Funcs
                0x10000070        0xc source/i2s.o
 .data          0x1000007c        0x0 source/Wave.o
 .data          0x1000007c        0x0 source/Delay.o
 .data          0x1000007c        0x0 source/SerialIO.o
 .data          0x1000007c        0x0 source/interrupt_handlers.o
 .data          0x1000007c        0x0 source/I2C.o
 .data          0x1000007c        0x0 source/SD.o
 .data          0x1000007c        0x0 source/TLV320.o
 .data          0x1000007c        0x0 source/FatFS/ff.o
 .data          0x1000007c        0x0 source/FatFS/ffunicode.o
 .data          0x1000007c        0x0 source/FatFS/mmc_176x_ssp.o
 .data.Stat     0x1000007c        0x1 source/FatFS/mmc_176x_ssp.o
 .data          0x1000007d        0x0 source/FatFS/diskio.o
 .data          0x1000007d        0x0 /opt/york/cs/net/lpc1700-cmsis-lite-2011.01.26-i686-1/lib/core_cm3.o
 .data          0x1000007d        0x0 /opt/york/cs/net/lpc1700-cmsis-lite-2011.01.26-i686-1/lib/system_LPC17xx.o
 *fill*         0x1000007d        0x3 00
 .data.SystemCoreClock
                0x10000080        0x4 /opt/york/cs/net/lpc1700-cmsis-lite-2011.01.26-i686-1/lib/system_LPC17xx.o
                0x10000080                SystemCoreClock
 .data          0x10000084        0x0 /opt/york/cs/net/lpc1700-cmsis-lite-2011.01.26-i686-1/lib/startup_LPC17xx.o
 .data          0x10000084        0x0 /opt/york/cs/net/sourcery-g++-lite-arm-eabi-2010.09.51-i686-1/arm-none-eabi/lib/thumb2/libc.a(lib_a-atoi.o)
 .data          0x10000084        0x0 /opt/york/cs/net/sourcery-g++-lite-arm-eabi-2010.09.51-i686-1/arm-none-eabi/lib/thumb2/libc.a(lib_a-malloc.o)
 .data          0x10000084      0x410 /opt/york/cs/net/sourcery-g++-lite-arm-eabi-2010.09.51-i686-1/arm-none-eabi/lib/thumb2/libc.a(lib_a-mallocr.o)
                0x10000084                __malloc_av_
                0x1000048c                __malloc_sbrk_base
                0x10000490                __malloc_trim_threshold
 .data          0x10000494        0x0 /opt/york/cs/net/sourcery-g++-lite-arm-eabi-2010.09.51-i686-1/arm-none-eabi/lib/thumb2/libc.a(lib_a-memcpy.o)
 .data          0x10000494        0x0 /opt/york/cs/net/sourcery-g++-lite-arm-eabi-2010.09.51-i686-1/arm-none-eabi/lib/thumb2/libc.a(lib_a-memset.o)
 .data          0x10000494        0x0 /opt/york/cs/net/sourcery-g++-lite-arm-eabi-2010.09.51-i686-1/arm-none-eabi/lib/thumb2/libc.a(lib_a-mlock.o)
 .data          0x10000494        0x0 /opt/york/cs/net/sourcery-g++-lite-arm-eabi-2010.09.51-i686-1/arm-none-eabi/lib/thumb2/libc.a(lib_a-sbrkr.o)
 .data          0x10000494        0x0 /opt/york/cs/net/sourcery-g++-lite-arm-eabi-2010.09.51-i686-1/arm-none-eabi/lib/thumb2/libc.a(lib_a-sprintf.o)
 .data          0x10000494        0x0 /opt/york/cs/net/sourcery-g++-lite-arm-eabi-2010.09.51-i686-1/arm-none-eabi/lib/thumb2/libc.a(lib_a-strchr.o)
 .data          0x10000494        0x0 /opt/york/cs/net/sourcery-g++-lite-arm-eabi-2010.09.51-i686-1/arm-none-eabi/lib/thumb2/libc.a(lib_a-strcpy.o)
 .data          0x10000494        0x0 /opt/york/cs/net/sourcery-g++-lite-arm-eabi-2010.09.51-i686-1/arm-none-eabi/lib/thumb2/libc.a(lib_a-strlen.o)
 .data          0x10000494        0x0 /opt/york/cs/net/sourcery-g++-lite-arm-eabi-2010.09.51-i686-1/arm-none-eabi/lib/thumb2/libc.a(lib_a-strncmp.o)
 .data          0x10000494        0x0 /opt/york/cs/net/sourcery-g++-lite-arm-eabi-2010.09.51-i686-1/arm-none-eabi/lib/thumb2/libc.a(lib_a-strncpy.o)
 .data          0x10000494        0x0 /opt/york/cs/net/sourcery-g++-lite-arm-eabi-2010.09.51-i686-1/arm-none-eabi/lib/thumb2/libc.a(lib_a-strtol.o)
 .data          0x10000494        0x0 /opt/york/cs/net/sourcery-g++-lite-arm-eabi-2010.09.51-i686-1/arm-none-eabi/lib/thumb2/libc.a(lib_a-svfprintf.o)
 .data          0x10000494        0x4 /opt/york/cs/net/sourcery-g++-lite-arm-eabi-2010.09.51-i686-1/arm-none-eabi/lib/thumb2/libc.a(lib_a-ctype_.o)
                0x10000494                __ctype_ptr__
 .data          0x10000498        0x0 /opt/york/cs/net/sourcery-g++-lite-arm-eabi-2010.09.51-i686-1/arm-none-eabi/lib/thumb2/libc.a(lib_a-dtoa.o)
 .data          0x10000498        0x0 /opt/york/cs/net/sourcery-g++-lite-arm-eabi-2010.09.51-i686-1/arm-none-eabi/lib/thumb2/libc.a(lib_a-freer.o)
 .data          0x10000498       0xf4 /opt/york/cs/net/sourcery-g++-lite-arm-eabi-2010.09.51-i686-1/arm-none-eabi/lib/thumb2/libc.a(lib_a-impure.o)
                0x10000498                _impure_ptr
 .data          0x1000058c       0x7c /opt/york/cs/net/sourcery-g++-lite-arm-eabi-2010.09.51-i686-1/arm-none-eabi/lib/thumb2/libc.a(lib_a-locale.o)
                0x100005ac                __mb_cur_max
 .data          0x10000608        0x0 /opt/york/cs/net/sourcery-g++-lite-arm-eabi-2010.09.51-i686-1/arm-none-eabi/lib/thumb2/libc.a(lib_a-memchr.o)
 .data          0x10000608        0x0 /opt/york/cs/net/sourcery-g++-lite-arm-eabi-2010.09.51-i686-1/arm-none-eabi/lib/thumb2/libc.a(lib_a-mprec.o)
 .data          0x10000608        0x0 /opt/york/cs/net/sourcery-g++-lite-arm-eabi-2010.09.51-i686-1/arm-none-eabi/lib/thumb2/libc.a(lib_a-reent.o)
 .data          0x10000608        0x0 /opt/york/cs/net/sourcery-g++-lite-arm-eabi-2010.09.51-i686-1/arm-none-eabi/lib/thumb2/libc.a(lib_a-s_fpclassify.o)
 .data          0x10000608        0x0 /opt/york/cs/net/sourcery-g++-lite-arm-eabi-2010.09.51-i686-1/arm-none-eabi/lib/thumb2/libc.a(lib_a-strcmp.o)
 .data          0x10000608        0x0 /opt/york/cs/net/sourcery-g++-lite-arm-eabi-2010.09.51-i686-1/arm-none-eabi/lib/thumb2/libc.a(lib_a-svfiprintf.o)
 .data          0x10000608        0x0 /opt/york/cs/net/sourcery-g++-lite-arm-eabi-2010.09.51-i686-1/arm-none-eabi/lib/thumb2/libc.a(lib_a-callocr.o)
 .data          0x10000608        0x0 /opt/york/cs/net/sourcery-g++-lite-arm-eabi-2010.09.51-i686-1/arm-none-eabi/lib/thumb2/libc.a(lib_a-memmove.o)
 .data          0x10000608        0x0 /opt/york/cs/net/sourcery-g++-lite-arm-eabi-2010.09.51-i686-1/arm-none-eabi/lib/thumb2/libc.a(lib_a-reallocr.o)
 .data          0x10000608        0x0 /opt/york/cs/net/sourcery-g++-lite-arm-eabi-2010.09.51-i686-1/bin/../lib/gcc/arm-none-eabi/4.5.1/thumb2/libgcc.a(_udivsi3.o)
 .data          0x10000608        0x0 /opt/york/cs/net/sourcery-g++-lite-arm-eabi-2010.09.51-i686-1/bin/../lib/gcc/arm-none-eabi/4.5.1/thumb2/libgcc.a(_dvmd_tls.o)
 .data          0x10000608        0x0 /opt/york/cs/net/sourcery-g++-lite-arm-eabi-2010.09.51-i686-1/bin/../lib/gcc/arm-none-eabi/4.5.1/thumb2/libgcc.a(_arm_addsubdf3.o)
 .data          0x10000608        0x0 /opt/york/cs/net/sourcery-g++-lite-arm-eabi-2010.09.51-i686-1/bin/../lib/gcc/arm-none-eabi/4.5.1/thumb2/libgcc.a(_arm_muldivdf3.o)
 .data          0x10000608        0x0 /opt/york/cs/net/sourcery-g++-lite-arm-eabi-2010.09.51-i686-1/bin/../lib/gcc/arm-none-eabi/4.5.1/thumb2/libgcc.a(_arm_cmpdf2.o)
 .data          0x10000608        0x0 /opt/york/cs/net/sourcery-g++-lite-arm-eabi-2010.09.51-i686-1/bin/../lib/gcc/arm-none-eabi/4.5.1/thumb2/libgcc.a(_arm_fixdfsi.o)
 .data          0x10000608        0x0 /opt/york/cs/net/sourcery-g++-lite-arm-eabi-2010.09.51-i686-1/bin/../lib/gcc/arm-none-eabi/4.5.1/thumb2/libgcc.a(_arm_addsubsf3.o)
 .data          0x10000608        0x0 /opt/york/cs/net/sourcery-g++-lite-arm-eabi-2010.09.51-i686-1/bin/../lib/gcc/arm-none-eabi/4.5.1/thumb2/libgcc.a(_arm_muldivsf3.o)
 .data          0x10000608        0x0 /opt/york/cs/net/sourcery-g++-lite-arm-eabi-2010.09.51-i686-1/bin/../lib/gcc/arm-none-eabi/4.5.1/thumb2/libgcc.a(_aeabi_uldivmod.o)
 .data          0x10000608        0x0 /opt/york/cs/net/sourcery-g++-lite-arm-eabi-2010.09.51-i686-1/bin/../lib/gcc/arm-none-eabi/4.5.1/thumb2/libgcc.a(bpabi.o)
 .data          0x10000608        0x0 /opt/york/cs/net/sourcery-g++-lite-arm-eabi-2010.09.51-i686-1/bin/../lib/gcc/arm-none-eabi/4.5.1/thumb2/libgcc.a(_divdi3.o)
 .data          0x10000608        0x0 /opt/york/cs/net/sourcery-g++-lite-arm-eabi-2010.09.51-i686-1/bin/../lib/gcc/arm-none-eabi/4.5.1/thumb2/libgcc.a(_udivdi3.o)
 .data          0x10000608        0x0 /opt/york/cs/net/sourcery-g++-lite-arm-eabi-2010.09.51-i686-1/arm-none-eabi/lib/thumb2/libm.a(lib_a-s_sin.o)
 .data          0x10000608        0x0 /opt/york/cs/net/sourcery-g++-lite-arm-eabi-2010.09.51-i686-1/arm-none-eabi/lib/thumb2/libm.a(lib_a-e_rem_pio2.o)
 .data          0x10000608        0x0 /opt/york/cs/net/sourcery-g++-lite-arm-eabi-2010.09.51-i686-1/arm-none-eabi/lib/thumb2/libm.a(lib_a-k_cos.o)
 .data          0x10000608        0x0 /opt/york/cs/net/sourcery-g++-lite-arm-eabi-2010.09.51-i686-1/arm-none-eabi/lib/thumb2/libm.a(lib_a-k_rem_pio2.o)
 .data          0x10000608        0x0 /opt/york/cs/net/sourcery-g++-lite-arm-eabi-2010.09.51-i686-1/arm-none-eabi/lib/thumb2/libm.a(lib_a-k_sin.o)
 .data          0x10000608        0x0 /opt/york/cs/net/sourcery-g++-lite-arm-eabi-2010.09.51-i686-1/arm-none-eabi/lib/thumb2/libm.a(lib_a-s_fabs.o)
 .data          0x10000608        0x0 /opt/york/cs/net/sourcery-g++-lite-arm-eabi-2010.09.51-i686-1/arm-none-eabi/lib/thumb2/libm.a(lib_a-s_floor.o)
 .data          0x10000608        0x0 /opt/york/cs/net/sourcery-g++-lite-arm-eabi-2010.09.51-i686-1/arm-none-eabi/lib/thumb2/libm.a(lib_a-s_scalbn.o)
 .data          0x10000608        0x0 /opt/york/cs/net/sourcery-g++-lite-arm-eabi-2010.09.51-i686-1/arm-none-eabi/lib/thumb2/libm.a(lib_a-s_copysign.o)
 .data          0x10000608        0x0 /opt/york/cs/net/sourcery-g++-lite-arm-eabi-2010.09.51-i686-1/bin/../lib/gcc/arm-none-eabi/4.5.1/thumb2/libgcc.a(_divsi3.o)
 .data          0x10000608        0x0 /opt/york/cs/net/sourcery-g++-lite-arm-eabi-2010.09.51-i686-1/arm-none-eabi/lib/thumb2/libcs3.a(start_c.o)
 .data          0x10000608        0x4 /opt/york/cs/net/sourcery-g++-lite-arm-eabi-2010.09.51-i686-1/arm-none-eabi/lib/thumb2/libcs3unhosted.a(unhosted-sbrk.o)
 .data          0x1000060c        0x0 /opt/york/cs/net/sourcery-g++-lite-arm-eabi-2010.09.51-i686-1/arm-none-eabi/lib/thumb2/libcs3unhosted.a(unhosted-start.o)
 .data          0x1000060c        0x0 /opt/york/cs/net/sourcery-g++-lite-arm-eabi-2010.09.51-i686-1/arm-none-eabi/lib/thumb2/libc.a(lib_a-errno.o)
 .data          0x1000060c        0x0 /opt/york/cs/net/sourcery-g++-lite-arm-eabi-2010.09.51-i686-1/arm-none-eabi/lib/thumb2/libc.a(lib_a-init.o)
 .data          0x1000060c        0x4 /opt/york/cs/net/sourcery-g++-lite-arm-eabi-2010.09.51-i686-1/arm-none-eabi/lib/thumb2/libcs3.a(heap.o)
                0x1000060c                __cs3_heap_limit
 .data          0x10000610        0x0 /opt/york/cs/net/lpc1700-cmsis-lite-2011.01.26-i686-1/lib/libDriversLPC17xxgnu.a(lpc17xx_i2c.o)
 .data          0x10000610        0x0 /opt/york/cs/net/lpc1700-cmsis-lite-2011.01.26-i686-1/lib/libDriversLPC17xxgnu.a(lpc17xx_i2s.o)
 .data          0x10000610        0x0 /opt/york/cs/net/lpc1700-cmsis-lite-2011.01.26-i686-1/lib/libDriversLPC17xxgnu.a(lpc17xx_libcfg_default.o)
 .data          0x10000610        0x0 /opt/york/cs/net/lpc1700-cmsis-lite-2011.01.26-i686-1/lib/libDriversLPC17xxgnu.a(lpc17xx_pinsel.o)
 .data          0x10000610        0x0 /opt/york/cs/net/lpc1700-cmsis-lite-2011.01.26-i686-1/lib/libDriversLPC17xxgnu.a(lpc17xx_ssp.o)
 .data          0x10000610        0x0 /opt/york/cs/net/lpc1700-cmsis-lite-2011.01.26-i686-1/lib/libDriversLPC17xxgnu.a(lpc17xx_uart.o)
 .data          0x10000610        0x0 /opt/york/cs/net/lpc1700-cmsis-lite-2011.01.26-i686-1/lib/libDriversLPC17xxgnu.a(lpc17xx_clkpwr.o)
 .data          0x10000610        0x0 /opt/york/cs/net/sourcery-g++-lite-arm-eabi-2010.09.51-i686-1/bin/../lib/gcc/arm-none-eabi/4.5.1/thumb2/crtend.o
 .data          0x10000610        0x0 /opt/york/cs/net/sourcery-g++-lite-arm-eabi-2010.09.51-i686-1/bin/../lib/gcc/arm-none-eabi/4.5.1/thumb2/crtn.o
 *(.ram)
                0x10000610                . = ALIGN (0x8)
                0x10000610                _edata = .

.bss            0x10000610      0x7f8 load address 0x00018160
 *(.shbss)
 *(.bss .bss.* .gnu.linkonce.b.*)
 .bss           0x10000610        0x0 /opt/york/cs/net/sourcery-g++-lite-arm-eabi-2010.09.51-i686-1/bin/../lib/gcc/arm-none-eabi/4.5.1/thumb2/crti.o
 .bss           0x10000610        0x1 /opt/york/cs/net/sourcery-g++-lite-arm-eabi-2010.09.51-i686-1/bin/../lib/gcc/arm-none-eabi/4.5.1/thumb2/crtbegin.o
 .bss           0x10000611        0x0 main.o
 .bss.int_Handler_Enable
                0x10000611        0x1 main.o
                0x10000611                int_Handler_Enable
 .bss.int_Handler_Index
                0x10000612        0x1 main.o
                0x10000612                int_Handler_Index
 .bss           0x10000613        0x0 source/KeyAccess.o
 .bss           0x10000613        0x0 source/LCD.o
 .bss           0x10000613        0x0 source/i2s.o
 .bss           0x10000613        0x0 source/Wave.o
 .bss           0x10000613        0x0 source/Delay.o
 .bss           0x10000613        0x0 source/SerialIO.o
 .bss           0x10000613        0x0 source/interrupt_handlers.o
 .bss           0x10000613        0x0 source/I2C.o
 .bss           0x10000613        0x0 source/SD.o
 .bss           0x10000613        0x0 source/TLV320.o
 .bss           0x10000613        0x0 source/FatFS/ff.o
 *fill*         0x10000613        0x1 00
 .bss.FatFs     0x10000614        0x4 source/FatFS/ff.o
 .bss.Fsid      0x10000618        0x2 source/FatFS/ff.o
 .bss.CurrVol   0x1000061a        0x1 source/FatFS/ff.o
 .bss           0x1000061b        0x0 source/FatFS/ffunicode.o
 .bss           0x1000061b        0x0 source/FatFS/mmc_176x_ssp.o
 *fill*         0x1000061b        0x1 00
 .bss.Timer1    0x1000061c        0x4 source/FatFS/mmc_176x_ssp.o
 .bss.Timer2    0x10000620        0x4 source/FatFS/mmc_176x_ssp.o
 .bss.CardType  0x10000624        0x1 source/FatFS/mmc_176x_ssp.o
 .bss           0x10000625        0x0 source/FatFS/diskio.o
 .bss           0x10000625        0x0 /opt/york/cs/net/lpc1700-cmsis-lite-2011.01.26-i686-1/lib/core_cm3.o
 .bss           0x10000625        0x0 /opt/york/cs/net/lpc1700-cmsis-lite-2011.01.26-i686-1/lib/system_LPC17xx.o
 .bss           0x10000625        0x0 /opt/york/cs/net/lpc1700-cmsis-lite-2011.01.26-i686-1/lib/startup_LPC17xx.o
 .bss           0x10000625        0x0 /opt/york/cs/net/sourcery-g++-lite-arm-eabi-2010.09.51-i686-1/arm-none-eabi/lib/thumb2/libc.a(lib_a-atoi.o)
 .bss           0x10000625        0x0 /opt/york/cs/net/sourcery-g++-lite-arm-eabi-2010.09.51-i686-1/arm-none-eabi/lib/thumb2/libc.a(lib_a-malloc.o)
 *fill*         0x10000625        0x3 00
 .bss           0x10000628       0x34 /opt/york/cs/net/sourcery-g++-lite-arm-eabi-2010.09.51-i686-1/arm-none-eabi/lib/thumb2/libc.a(lib_a-mallocr.o)
                0x10000628                __malloc_top_pad
                0x1000062c                __malloc_current_mallinfo
                0x10000654                __malloc_max_sbrked_mem
                0x10000658                __malloc_max_total_mem
 .bss           0x1000065c        0x0 /opt/york/cs/net/sourcery-g++-lite-arm-eabi-2010.09.51-i686-1/arm-none-eabi/lib/thumb2/libc.a(lib_a-memcpy.o)
 .bss           0x1000065c        0x0 /opt/york/cs/net/sourcery-g++-lite-arm-eabi-2010.09.51-i686-1/arm-none-eabi/lib/thumb2/libc.a(lib_a-memset.o)
 .bss           0x1000065c        0x0 /opt/york/cs/net/sourcery-g++-lite-arm-eabi-2010.09.51-i686-1/arm-none-eabi/lib/thumb2/libc.a(lib_a-mlock.o)
 .bss           0x1000065c        0x0 /opt/york/cs/net/sourcery-g++-lite-arm-eabi-2010.09.51-i686-1/arm-none-eabi/lib/thumb2/libc.a(lib_a-sbrkr.o)
 .bss           0x1000065c        0x0 /opt/york/cs/net/sourcery-g++-lite-arm-eabi-2010.09.51-i686-1/arm-none-eabi/lib/thumb2/libc.a(lib_a-sprintf.o)
 .bss           0x1000065c        0x0 /opt/york/cs/net/sourcery-g++-lite-arm-eabi-2010.09.51-i686-1/arm-none-eabi/lib/thumb2/libc.a(lib_a-strchr.o)
 .bss           0x1000065c        0x0 /opt/york/cs/net/sourcery-g++-lite-arm-eabi-2010.09.51-i686-1/arm-none-eabi/lib/thumb2/libc.a(lib_a-strcpy.o)
 .bss           0x1000065c        0x0 /opt/york/cs/net/sourcery-g++-lite-arm-eabi-2010.09.51-i686-1/arm-none-eabi/lib/thumb2/libc.a(lib_a-strlen.o)
 .bss           0x1000065c        0x0 /opt/york/cs/net/sourcery-g++-lite-arm-eabi-2010.09.51-i686-1/arm-none-eabi/lib/thumb2/libc.a(lib_a-strncmp.o)