Archive member included because of file (symbol)

/opt/york/cs/net/sourcery-g++-lite-arm-eabi-2010.09.51-i686-1/arm-none-eabi/lib/thumb2/libc.a(lib_a-atoi.o)
                              main.o (atoi)
/opt/york/cs/net/sourcery-g++-lite-arm-eabi-2010.09.51-i686-1/arm-none-eabi/lib/thumb2/libc.a(lib_a-calloc.o)
                              source/SD.o (calloc)
/opt/york/cs/net/sourcery-g++-lite-arm-eabi-2010.09.51-i686-1/arm-none-eabi/lib/thumb2/libc.a(lib_a-callocr.o)
                              /opt/york/cs/net/sourcery-g++-lite-arm-eabi-2010.09.51-i686-1/arm-none-eabi/lib/thumb2/libc.a(lib_a-calloc.o) (_calloc_r)
/opt/york/cs/net/sourcery-g++-lite-arm-eabi-2010.09.51-i686-1/arm-none-eabi/lib/thumb2/libc.a(lib_a-impure.o)
                              /opt/york/cs/net/sourcery-g++-lite-arm-eabi-2010.09.51-i686-1/arm-none-eabi/lib/thumb2/libc.a(lib_a-calloc.o) (_impure_ptr)
/opt/york/cs/net/sourcery-g++-lite-arm-eabi-2010.09.51-i686-1/arm-none-eabi/lib/thumb2/libc.a(lib_a-malloc.o)
                              source/Wave.o (malloc)
/opt/york/cs/net/sourcery-g++-lite-arm-eabi-2010.09.51-i686-1/arm-none-eabi/lib/thumb2/libc.a(lib_a-mallocr.o)
                              /opt/york/cs/net/sourcery-g++-lite-arm-eabi-2010.09.51-i686-1/arm-none-eabi/lib/thumb2/libc.a(lib_a-callocr.o) (_malloc_r)
/opt/york/cs/net/sourcery-g++-lite-arm-eabi-2010.09.51-i686-1/arm-none-eabi/lib/thumb2/libc.a(lib_a-memcpy.o)
                              main.o (memcpy)
/opt/york/cs/net/sourcery-g++-lite-arm-eabi-2010.09.51-i686-1/arm-none-eabi/lib/thumb2/libc.a(lib_a-memset.o)
                              main.o (memset)
/opt/york/cs/net/sourcery-g++-lite-arm-eabi-2010.09.51-i686-1/arm-none-eabi/lib/thumb2/libc.a(lib_a-mlock.o)
                              /opt/york/cs/net/sourcery-g++-lite-arm-eabi-2010.09.51-i686-1/arm-none-eabi/lib/thumb2/libc.a(lib_a-mallocr.o) (__malloc_lock)
/opt/york/cs/net/sourcery-g++-lite-arm-eabi-2010.09.51-i686-1/arm-none-eabi/lib/thumb2/libc.a(lib_a-sbrkr.o)
                              /opt/york/cs/net/sourcery-g++-lite-arm-eabi-2010.09.51-i686-1/arm-none-eabi/lib/thumb2/libc.a(lib_a-mallocr.o) (_sbrk_r)
/opt/york/cs/net/sourcery-g++-lite-arm-eabi-2010.09.51-i686-1/arm-none-eabi/lib/thumb2/libc.a(lib_a-sprintf.o)
                              main.o (sprintf)
/opt/york/cs/net/sourcery-g++-lite-arm-eabi-2010.09.51-i686-1/arm-none-eabi/lib/thumb2/libc.a(lib_a-strchr.o)
                              main.o (strchr)
/opt/york/cs/net/sourcery-g++-lite-arm-eabi-2010.09.51-i686-1/arm-none-eabi/lib/thumb2/libc.a(lib_a-strcpy.o)
                              source/SD.o (strcpy)
/opt/york/cs/net/sourcery-g++-lite-arm-eabi-2010.09.51-i686-1/arm-none-eabi/lib/thumb2/libc.a(lib_a-strlen.o)
                              main.o (strlen)
/opt/york/cs/net/sourcery-g++-lite-arm-eabi-2010.09.51-i686-1/arm-none-eabi/lib/thumb2/libc.a(lib_a-strncmp.o)
                              source/Wave.o (strncmp)
/opt/york/cs/net/sourcery-g++-lite-arm-eabi-2010.09.51-i686-1/arm-none-eabi/lib/thumb2/libc.a(lib_a-strncpy.o)
                              source/SerialIO.o (strncpy)
/opt/york/cs/net/sourcery-g++-lite-arm-eabi-2010.09.51-i686-1/arm-none-eabi/lib/thumb2/libc.a(lib_a-strtol.o)
                              /opt/york/cs/net/sourcery-g++-lite-arm-eabi-2010.09.51-i686-1/arm-none-eabi/lib/thumb2/libc.a(lib_a-atoi.o) (_strtol_r)
/opt/york/cs/net/sourcery-g++-lite-arm-eabi-2010.09.51-i686-1/arm-none-eabi/lib/thumb2/libc.a(lib_a-svfprintf.o)
                              /opt/york/cs/net/sourcery-g++-lite-arm-eabi-2010.09.51-i686-1/arm-none-eabi/lib/thumb2/libc.a(lib_a-sprintf.o) (_svfprintf_r)
/opt/york/cs/net/sourcery-g++-lite-arm-eabi-2010.09.51-i686-1/arm-none-eabi/lib/thumb2/libc.a(lib_a-ctype_.o)
                              /opt/york/cs/net/sourcery-g++-lite-arm-eabi-2010.09.51-i686-1/arm-none-eabi/lib/thumb2/libc.a(lib_a-strtol.o) (__ctype_ptr__)
/opt/york/cs/net/sourcery-g++-lite-arm-eabi-2010.09.51-i686-1/arm-none-eabi/lib/thumb2/libc.a(lib_a-dtoa.o)
                              /opt/york/cs/net/sourcery-g++-lite-arm-eabi-2010.09.51-i686-1/arm-none-eabi/lib/thumb2/libc.a(lib_a-svfprintf.o) (_dtoa_r)
/opt/york/cs/net/sourcery-g++-lite-arm-eabi-2010.09.51-i686-1/arm-none-eabi/lib/thumb2/libc.a(lib_a-freer.o)
                              /opt/york/cs/net/sourcery-g++-lite-arm-eabi-2010.09.51-i686-1/arm-none-eabi/lib/thumb2/libc.a(lib_a-malloc.o) (_free_r)
/opt/york/cs/net/sourcery-g++-lite-arm-eabi-2010.09.51-i686-1/arm-none-eabi/lib/thumb2/libc.a(lib_a-locale.o)
                              /opt/york/cs/net/sourcery-g++-lite-arm-eabi-2010.09.51-i686-1/arm-none-eabi/lib/thumb2/libc.a(lib_a-svfprintf.o) (_localeconv_r)
/opt/york/cs/net/sourcery-g++-lite-arm-eabi-2010.09.51-i686-1/arm-none-eabi/lib/thumb2/libc.a(lib_a-memchr.o)
                              /opt/york/cs/net/sourcery-g++-lite-arm-eabi-2010.09.51-i686-1/arm-none-eabi/lib/thumb2/libc.a(lib_a-svfprintf.o) (memchr)
[...]
Memory Configuration

Name             Origin             Length             Attributes
rom              0x00000000         0x00080000         xr
ram              0x10000000         0x00008000         xrw
ram1             0x2007c000         0x00004000         xrw
ram2             0x20080000         0x00004000         xrw
*default*        0x00000000         0xffffffff

Linker script and memory map

LOAD /opt/york/cs/net/sourcery-g++-lite-arm-eabi-2010.09.51-i686-1/bin/../lib/gcc/arm-none-eabi/4.5.1/thumb2/crti.o
LOAD /opt/york/cs/net/sourcery-g++-lite-arm-eabi-2010.09.51-i686-1/bin/../lib/gcc/arm-none-eabi/4.5.1/thumb2/crtbegin.o
LOAD main.o
LOAD source/KeyAccess.o
LOAD source/LCD.o
LOAD source/I2C.o
LOAD source/Wave.o
LOAD source/TLV320.o
LOAD source/Delay.o
LOAD source/SerialIO.o
LOAD source/interrupt_handlers.o
LOAD source/i2s.o
LOAD source/SD.o
LOAD source/FatFS/ff.o
LOAD source/FatFS/mmc_176x_ssp.o
LOAD source/FatFS/diskio.o
LOAD /opt/york/cs/net/lpc1700-cmsis-lite-2011.01.26-i686-1/lib/core_cm3.o
LOAD /opt/york/cs/net/lpc1700-cmsis-lite-2011.01.26-i686-1/lib/system_LPC17xx.o
LOAD /opt/york/cs/net/lpc1700-cmsis-lite-2011.01.26-i686-1/lib/startup_LPC17xx.o
START GROUP
LOAD /opt/york/cs/net/sourcery-g++-lite-arm-eabi-2010.09.51-i686-1/arm-none-eabi/lib/thumb2/libc.a
LOAD /opt/york/cs/net/sourcery-g++-lite-arm-eabi-2010.09.51-i686-1/arm-none-eabi/lib/thumb2/libg.a
LOAD /opt/york/cs/net/sourcery-g++-lite-arm-eabi-2010.09.51-i686-1/arm-none-eabi/lib/thumb2/libstdc++.a
LOAD /opt/york/cs/net/sourcery-g++-lite-arm-eabi-2010.09.51-i686-1/arm-none-eabi/lib/thumb2/libsupc++.a
LOAD /opt/york/cs/net/sourcery-g++-lite-arm-eabi-2010.09.51-i686-1/bin/../lib/gcc/arm-none-eabi/4.5.1/thumb2/libgcc.a
LOAD /opt/york/cs/net/sourcery-g++-lite-arm-eabi-2010.09.51-i686-1/arm-none-eabi/lib/thumb2/libm.a
END GROUP
START GROUP
LOAD /opt/york/cs/net/sourcery-g++-lite-arm-eabi-2010.09.51-i686-1/bin/../lib/gcc/arm-none-eabi/4.5.1/thumb2/libgcc.a
LOAD /opt/york/cs/net/sourcery-g++-lite-arm-eabi-2010.09.51-i686-1/arm-none-eabi/lib/thumb2/libc.a
LOAD /opt/york/cs/net/sourcery-g++-lite-arm-eabi-2010.09.51-i686-1/arm-none-eabi/lib/thumb2/libcs3.a
LOAD /opt/york/cs/net/sourcery-g++-lite-arm-eabi-2010.09.51-i686-1/arm-none-eabi/lib/thumb2/libcs3unhosted.a
LOAD /opt/york/cs/net/sourcery-g++-lite-arm-eabi-2010.09.51-i686-1/arm-none-eabi/lib/thumb2/libcs3micro.a
END GROUP
                0x10008000                PROVIDE (__cs3_stack, (__cs3_region_start_ram + __cs3_region_size_ram))
                0x000071e8                PROVIDE (__cs3_stack_size, ((__cs3_region_start_ram + __cs3_region_size_ram) - _end))
                0x10000e18                PROVIDE (__cs3_heap_start, _end)
                0x10008000                PROVIDE (__cs3_heap_end, (__cs3_region_start_ram + __cs3_region_size_ram))

.text           0x00000000    0x17d34
 CREATE_OBJECT_SYMBOLS
                0x00000000                __cs3_region_start_rom = .
 *(.cs3.region-head.rom)
                0x00000000                __cs3_interrupt_vector = __cs3_interrupt_vector_cortex_m
 *(.cs3.interrupt_vector)
 .cs3.interrupt_vector
                0x00000000       0xcc /opt/york/cs/net/lpc1700-cmsis-lite-2011.01.26-i686-1/lib/startup_LPC17xx.o
                0x00000000                __cs3_interrupt_vector_cortex_m
                0x00000001                ASSERT ((. != __cs3_interrupt_vector_cortex_m), No interrupt vector)
 *(.rom)
 *(.rom.b)
                0x000000cc                __cs3_reset = __cs3_reset_cortex_m
 *(.cs3.reset)
 .cs3.reset     0x000000cc       0x10 /opt/york/cs/net/lpc1700-cmsis-lite-2011.01.26-i686-1/lib/startup_LPC17xx.o
                0x000000cc                __cs3_reset_cortex_m
                0x00000001                ASSERT ((. != __cs3_reset), No reset code)
 *(.text .text.* .gnu.linkonce.t.*)
 .text          0x000000dc        0x0 /opt/york/cs/net/sourcery-g++-lite-arm-eabi-2010.09.51-i686-1/bin/../lib/gcc/arm-none-eabi/4.5.1/thumb2/crti.o
 .text          0x000000dc       0x30 /opt/york/cs/net/sourcery-g++-lite-arm-eabi-2010.09.51-i686-1/bin/../lib/gcc/arm-none-eabi/4.5.1/thumb2/crtbegin.o
 .text          0x0000010c        0x0 main.o
 .text.NVIC_EnableIRQ
                0x0000010c       0x38 main.o
 .text.NVIC_DisableIRQ
                0x00000144       0x3c main.o
 .text.NVIC_SetPriority
                0x00000180       0x5c main.o
 .text.EINT3_IRQHandler
                0x000001dc       0xd0 main.o
                0x000001dc                EINT3_IRQHandler
 .text.IRQInit  0x000002ac       0xd8 main.o
                0x000002ac                IRQInit
 .text.DrawMenu
                0x00000384       0xf4 main.o
                0x00000384                DrawMenu
 .text.Menu     0x00000478      0x254 main.o
                0x00000478                Menu
 .text.I2S_PassThroughLoop
                0x000006cc       0x8c main.o
                0x000006cc                I2S_PassThroughLoop
 .text.I2S_PassThroughInterrupt
                0x00000758       0xa0 main.o
                0x00000758                I2S_PassThroughInterrupt
 .text.FileInfo
                0x000007f8      0x178 main.o
                0x000007f8                FileInfo
 .text.NewFileSelection
                0x00000970       0xc0 main.o
                0x00000970                NewFileSelection
 .text.FileSelection
                0x00000a30      0x1a0 main.o
                0x00000a30                FileSelection
 .text.PassThroughLoop
                0x00000bd0       0x3c main.o
                0x00000bd0                PassThroughLoop
 .text.Play_Audio
                0x00000c0c       0x80 main.o
                0x00000c0c                Play_Audio
 .text.Play     0x00000c8c       0xac main.o
                0x00000c8c                Play
 .text.UART_Mode
                0x00000d38       0x98 main.o
                0x00000d38                UART_Mode
 .text.FatRead  0x00000dd0      0x18c main.o
                0x00000dd0                FatRead
 .text.PC_Mode  0x00000f5c      0x3a4 main.o
                0x00000f5c                PC_Mode
 .text.bytesToUInt32
                0x00001300       0x2c main.o
                0x00001300                bytesToUInt32
 .text.main     0x0000132c       0x3c main.o
                0x0000132c                main
 .text.temp     0x00001368       0x18 main.o
                0x00001368                temp
 .text.strreplace
                0x00001380       0x50 main.o
                0x00001380                strreplace
 .text.SelectOne
                0x000013d0      0x1c0 main.o
                0x000013d0                SelectOne
 .text.A2       0x00001590       0x94 main.o
                0x00001590                A2
 .text.A1       0x00001624       0xac main.o
                0x00001624                A1
 .text.A3       0x000016d0        0xc main.o
                0x000016d0                A3
 .text.A4       0x000016dc        0xc main.o
                0x000016dc                A4
 .text.TextEntry
                0x000016e8       0x98 main.o
                0x000016e8                TextEntry
 .text          0x00001780        0x0 source/KeyAccess.o
 .text.GetKeyInput
                0x00001780       0x4c source/KeyAccess.o
                0x00001780                GetKeyInput
 .text.DecodeInput
                0x000017cc       0xc8 source/KeyAccess.o
                0x000017cc                DecodeInput
 .text.GetKeyData
                0x00001894       0xb4 source/KeyAccess.o
                0x00001894                GetKeyData
 .text          0x00001948        0x0 source/LCD.o
 .text.NVIC_SetPriority
                0x00001948       0x5c source/LCD.o
 .text.SysTick_Config
                0x000019a4       0x64 source/LCD.o
 .text.SendData
                0x00001a08       0x3c source/LCD.o
                0x00001a08                SendData
 .text.LCDEnable
                0x00001a44       0x34 source/LCD.o
                0x00001a44                LCDEnable
 .text.LCDDisable
                0x00001a78       0x34 source/LCD.o
                0x00001a78                LCDDisable
 .text.LCDGoHome
                0x00001aac       0x34 source/LCD.o
                0x00001aac                LCDGoHome
 .text.LCDNewLine
                0x00001ae0       0x34 source/LCD.o
                0x00001ae0                LCDNewLine
 .text.LCDCursorShift
                0x00001b14       0x58 source/LCD.o
                0x00001b14                LCDCursorShift
 .text.LCDInit  0x00001b6c       0x18 source/LCD.o
                0x00001b6c                LCDInit
 .text.LCDClear
                0x00001b84       0x88 source/LCD.o
                0x00001b84                LCDClear
 .text.LCDPrint
                0x00001c0c      0x114 source/LCD.o
                0x00001c0c                LCDPrint
 .text.main_LDCPrintHelloWorld
                0x00001d20       0x68 source/LCD.o
                0x00001d20                main_LDCPrintHelloWorld
 .text          0x00001d88        0x0 source/I2C.o
 .text.I2CInit  0x00001d88       0x30 source/I2C.o
                0x00001d88                I2CInit
 .text.SetupVals
                0x00001db8       0x54 source/I2C.o
                0x00001db8                SetupVals
 .text.SetupPINS
                0x00001e0c       0x44 source/I2C.o
                0x00001e0c                SetupPINS
 .text          0x00001e50        0x0 source/Wave.o
 .text.Wav_Init
                0x00001e50      0x240 source/Wave.o
                0x00001e50                Wav_Init
 .text          0x00002090        0x0 source/TLV320.o
 .text.TLV320_ChangeInputVolume
                0x00002090       0x38 source/TLV320.o
                0x00002090                TLV320_ChangeInputVolume
 .text.TLV320_ChangeOutputVolume
                0x000020c8       0x40 source/TLV320.o
                0x000020c8                TLV320_ChangeOutputVolume
 .text.TLV320_EnablePassThrough
                0x00002108       0x28 source/TLV320.o
                0x00002108                TLV320_EnablePassThrough
 .text.TLV320_DisablePassThrough
                0x00002130       0x30 source/TLV320.o
                0x00002130                TLV320_DisablePassThrough
 .text.TLV320_Setup
                0x00002160       0x28 source/TLV320.o
                0x00002160                TLV320_Setup
 .text.TLV320_EnableDAC
                0x00002188       0x2c source/TLV320.o
                0x00002188                TLV320_EnableDAC
 .text.TLV320_EnableOutput
                0x000021b4       0x2c source/TLV320.o
                0x000021b4                TLV320_EnableOutput
 .text.TLV320_Start_I2S_Polling_Passthrough
                0x000021e0       0x38 source/TLV320.o
                0x000021e0                TLV320_Start_I2S_Polling_Passthrough
 .text.TLV320_PlayWav
                0x00002218       0x38 source/TLV320.o
                0x00002218                TLV320_PlayWav
 .text.TLV320_SendData
                0x00002250       0x64 source/TLV320.o
                0x00002250                TLV320_SendData
 .text          0x000022b4        0x0 source/Delay.o
 .text.NVIC_SetPriority
                0x000022b4       0x5c source/Delay.o
 .text.SysTick_Config
                0x00002310       0x64 source/Delay.o
 .text.SysTick_Handler
                0x00002374       0x24 source/Delay.o
                0x00002374                SysTick_Handler
 .text.Delay    0x00002398       0x34 source/Delay.o
                0x00002398                Delay
 .text.DelayInit
                0x000023cc       0x2c source/Delay.o
                0x000023cc                DelayInit
 .text          0x000023f8        0x0 source/SerialIO.o
 .text.NVIC_EnableIRQ
                0x000023f8       0x38 source/SerialIO.o
 .text.NVIC_DisableIRQ
                0x00002430       0x3c source/SerialIO.o
 .text.NVIC_SetPriority
                0x0000246c       0x5c source/SerialIO.o
 .text.UART0_IRQHandler
                0x000024c8       0x4c source/SerialIO.o
                0x000024c8                UART0_IRQHandler
 .text.ReceiveText
                0x00002514       0xe8 source/SerialIO.o
                0x00002514                ReceiveText
 .text.ReadText
                0x000025fc       0xa4 source/SerialIO.o
                0x000025fc                ReadText
 .text.AddTextToBuffer
                0x000026a0       0xa4 source/SerialIO.o
                0x000026a0                AddTextToBuffer
 .text.ProcessBuffer
                0x00002744      0x168 source/SerialIO.o
                0x00002744                ProcessBuffer
 .text.TransmitText
                0x000028ac      0x10c source/SerialIO.o
                0x000028ac                TransmitText
 .text.InitSerial
                0x000029b8       0x90 source/SerialIO.o
                0x000029b8                InitSerial
 .text.WriteText
                0x00002a48       0x30 source/SerialIO.o
                0x00002a48                WriteText
 .text.write_usb_serial_blocking
                0x00002a78       0x2c source/SerialIO.o
                0x00002a78                write_usb_serial_blocking
 .text.InitSerInterrupts
                0x00002aa4      0x154 source/SerialIO.o
                0x00002aa4                InitSerInterrupts
 .text.EnableSerInterrupts
                0x00002bf8       0x10 source/SerialIO.o
                0x00002bf8                EnableSerInterrupts
 .text.DisableSerInterrupts
                0x00002c08       0x10 source/SerialIO.o
                0x00002c08                DisableSerInterrupts
 .text          0x00002c18        0x0 source/interrupt_handlers.o
 .text.NVIC_DisableIRQ
                0x00002c18       0x3c source/interrupt_handlers.o
 .text.I2S_PassThroughInt_Handler
                0x00002c54       0x10 source/interrupt_handlers.o
                0x00002c54                I2S_PassThroughInt_Handler
 .text          0x00002c64        0x0 source/i2s.o
 .text.NVIC_EnableIRQ
                0x00002c64       0x38 source/i2s.o
 .text.NVIC_DisableIRQ
                0x00002c9c       0x3c source/i2s.o
 .text.NVIC_SetPriority
                0x00002cd8       0x5c source/i2s.o
 .text.I2S_IRQHandler
                0x00002d34       0x20 source/i2s.o
                0x00002d34                I2S_IRQHandler
 .text.i2s_int_Passthrough
                0x00002d54      0x154 source/i2s.o
                0x00002d54                i2s_int_Passthrough
 .text.i2s_playSound
                0x00002ea8       0x8c source/i2s.o
                0x00002ea8                i2s_playSound
 .text.i2s_wav_play_16_bit
                0x00002f34      0x160 source/i2s.o
                0x00002f34                i2s_wav_play_16_bit
 .text.Init_I2S_Wav
                0x00003094      0x1a8 source/i2s.o
                0x00003094                Init_I2S_Wav
 .text.I2S_Polling_Init
                0x0000323c      0x1f8 source/i2s.o
                0x0000323c                I2S_Polling_Init
 *fill*         0x00003434        0x4 00
 .text.I2S_Create_Sine
                0x00003438      0x160 source/i2s.o
                0x00003438                I2S_Create_Sine
 .text.I2S_BaseInit
                0x00003598      0x108 source/i2s.o
                0x00003598                I2S_BaseInit
 .text.I2S_Polling_Read
                0x000036a0       0x84 source/i2s.o
                0x000036a0                I2S_Polling_Read
 .text.I2S_Polling_Write
                0x00003724       0x5c source/i2s.o
                0x00003724                I2S_Polling_Write
 .text.ConfInit
                0x00003780       0x68 source/i2s.o
                0x00003780                ConfInit
 .text.ClockInit
                0x000037e8       0x54 source/i2s.o
                0x000037e8                ClockInit
 .text          0x0000383c        0x0 source/SD.o
 .text.NVIC_EnableIRQ
                0x0000383c       0x38 source/SD.o
 .text.NVIC_DisableIRQ
                0x00003874       0x3c source/SD.o
 .text.SDPrintFresult
                0x000038b0       0x70 source/SD.o
                0x000038b0                SDPrintFresult
 .text.indemalloc
                0x00003920       0x6c source/SD.o
                0x00003920                indemalloc
 .text.sd_init  0x0000398c       0x50 source/SD.o
                0x0000398c                sd_init
 .text.sd_deinit
                0x000039dc       0x1c source/SD.o
                0x000039dc                sd_deinit
 .text.SDMallocFilenames
                0x000039f8       0x24 source/SD.o
                0x000039f8                SDMallocFilenames
 .text.SDFreeFilenames
                0x00003a1c       0x54 source/SD.o
                0x00003a1c                SDFreeFilenames
 .text.SDGetAllFiles
                0x00003a70      0x128 source/SD.o
                0x00003a70                SDGetAllFiles
 .text.SDGetDirectories
                0x00003b98       0xfc source/SD.o
                0x00003b98                SDGetDirectories
 .text.SDGetFiles
                0x00003c94      0x160 source/SD.o
                0x00003c94                SDGetFiles
 .text.SDReadBytes
                0x00003df4       0xc0 source/SD.o
                0x00003df4                SDReadBytes
 .text.SDGetFileSize
                0x00003eb4       0x80 source/SD.o
                0x00003eb4                SDGetFileSize
 .text.SD_READ  0x00003f34       0x38 source/SD.o
                0x00003f34                SD_READ
 .text.SD_WRITE
                0x00003f6c       0x38 source/SD.o
                0x00003f6c                SD_WRITE
 .text          0x00003fa4        0x0 source/FatFS/ff.o
 .text.ld_word  0x00003fa4       0x34 source/FatFS/ff.o
 .text.ld_dword
                0x00003fd8       0x58 source/FatFS/ff.o
 .text.st_word  0x00004030       0x40 source/FatFS/ff.o
 .text.st_dword
                0x00004070       0x6c source/FatFS/ff.o
 .text.mem_cpy  0x000040dc       0x4c source/FatFS/ff.o
 .text.mem_set  0x00004128       0x38 source/FatFS/ff.o
 .text.mem_cmp  0x00004160       0x5c source/FatFS/ff.o
 .text.chk_chr  0x000041bc       0x38 source/FatFS/ff.o
 .text.dbc_1st  0x000041f4       0x68 source/FatFS/ff.o
 .text.dbc_2nd  0x0000425c       0x8c source/FatFS/ff.o
 .text.sync_window
                0x000042e8       0x90 source/FatFS/ff.o
 .text.move_window
                0x00004378       0x68 source/FatFS/ff.o
 .text.sync_fs  0x000043e0       0xf8 source/FatFS/ff.o
 .text.clst2sect
                0x000044d8       0x44 source/FatFS/ff.o
 .text.get_fat  0x0000451c      0x180 source/FatFS/ff.o
 .text.put_fat  0x0000469c      0x218 source/FatFS/ff.o
 .text.remove_chain
                0x000048b4       0xdc source/FatFS/ff.o
 .text.create_chain
                0x00004990      0x1c4 source/FatFS/ff.o
 .text.dir_clear
                0x00004b54       0xa4 source/FatFS/ff.o
 .text.dir_sdi  0x00004bf8      0x114 source/FatFS/ff.o
 .text.dir_next
                0x00004d0c      0x164 source/FatFS/ff.o
 .text.dir_alloc
                0x00004e70       0x9c source/FatFS/ff.o
 .text.ld_clust
                0x00004f0c       0x48 source/FatFS/ff.o
 .text.st_clust
                0x00004f54       0x44 source/FatFS/ff.o
 .text.dir_read
                0x00004f98       0xc4 source/FatFS/ff.o
 .text.dir_find
                0x0000505c       0xbc source/FatFS/ff.o
 .text.dir_register
                0x00005118       0x74 source/FatFS/ff.o
 .text.dir_remove
                0x0000518c       0x44 source/FatFS/ff.o
 .text.get_fileinfo
                0x000051d0       0xf4 source/FatFS/ff.o
 .text.get_achar
                0x000052c4       0x7c source/FatFS/ff.o
 .text.pattern_matching
                0x00005340      0x128 source/FatFS/ff.o
 .text.create_name
                0x00005468      0x258 source/FatFS/ff.o
 .text.follow_path
                0x000056c0      0x140 source/FatFS/ff.o
 .text.get_ldnumber
                0x00005800       0x9c source/FatFS/ff.o
 .text.check_fs
                0x0000589c       0xcc source/FatFS/ff.o
 .text.find_volume
                0x00005968      0x540 source/FatFS/ff.o
 .text.validate
                0x00005ea8       0x74 source/FatFS/ff.o
 .text.f_mount  0x00005f1c       0x98 source/FatFS/ff.o
                0x00005f1c                f_mount
 .text.f_open   0x00005fb4      0x354 source/FatFS/ff.o
                0x00005fb4                f_open
 .text.f_read   0x00006308      0x2b8 source/FatFS/ff.o
                0x00006308                f_read
 .text.f_write  0x000065c0      0x324 source/FatFS/ff.o
                0x000065c0                f_write
 .text.f_sync   0x000068e4      0x11c source/FatFS/ff.o
                0x000068e4                f_sync
 .text.f_close  0x00006a00       0x44 source/FatFS/ff.o
                0x00006a00                f_close
 .text.f_chdrive
                0x00006a44       0x3c source/FatFS/ff.o
                0x00006a44                f_chdrive
 .text.f_chdir  0x00006a80       0xa4 source/FatFS/ff.o
                0x00006a80                f_chdir
 .text.f_getcwd
                0x00006b24      0x220 source/FatFS/ff.o
                0x00006b24                f_getcwd
 .text.f_lseek  0x00006d44      0x2a4 source/FatFS/ff.o
                0x00006d44                f_lseek
 .text.f_opendir
                0x00006fe8       0xc4 source/FatFS/ff.o
                0x00006fe8                f_opendir
 .text.f_closedir
                0x000070ac       0x34 source/FatFS/ff.o
                0x000070ac                f_closedir
 .text.f_readdir
                0x000070e0       0x88 source/FatFS/ff.o
                0x000070e0                f_readdir
 .text.f_findnext
                0x00007168       0x5c source/FatFS/ff.o
                0x00007168                f_findnext
 .text.f_findfirst
                0x000071c4       0x40 source/FatFS/ff.o
                0x000071c4                f_findfirst
 .text.f_stat   0x00007204       0x80 source/FatFS/ff.o
                0x00007204                f_stat
 .text.f_getfree
                0x00007284      0x198 source/FatFS/ff.o
                0x00007284                f_getfree
 .text.f_truncate
                0x0000741c      0x148 source/FatFS/ff.o
                0x0000741c                f_truncate
 .text.f_unlink
                0x00007564      0x18c source/FatFS/ff.o
                0x00007564                f_unlink
 .text.f_mkdir  0x000076f0      0x1f8 source/FatFS/ff.o
                0x000076f0                f_mkdir
 .text.f_rename
                0x000078e8      0x228 source/FatFS/ff.o
                0x000078e8                f_rename
 .text.f_chmod  0x00007b10       0xd0 source/FatFS/ff.o
                0x00007b10                f_chmod
 .text.f_utime  0x00007be0       0xb4 source/FatFS/ff.o
                0x00007be0                f_utime
 .text.f_getlabel
                0x00007c94      0x164 source/FatFS/ff.o
                0x00007c94                f_getlabel
 .text.f_setlabel
                0x00007df8      0x270 source/FatFS/ff.o
                0x00007df8                f_setlabel
 .text.f_mkfs   0x00008068      0x9d8 source/FatFS/ff.o
                0x00008068                f_mkfs
 .text.f_gets   0x00008a40       0x8c source/FatFS/ff.o
                0x00008a40                f_gets
 .text.putc_bfd
                0x00008acc       0x80 source/FatFS/ff.o
 .text.putc_flush
                0x00008b4c       0x50 source/FatFS/ff.o
 .text.putc_init
                0x00008b9c       0x28 source/FatFS/ff.o
 .text.f_putc   0x00008bc4       0x3c source/FatFS/ff.o
                0x00008bc4                f_putc
 .text.f_puts   0x00008c00       0x50 source/FatFS/ff.o
                0x00008c00                f_puts
 .text.f_printf
                0x00008c50      0x524 source/FatFS/ff.o
                0x00008c50                f_printf
 .text          0x00009174        0x0 source/FatFS/mmc_176x_ssp.o
 .text.xchg_spi
                0x00009174       0x44 source/FatFS/mmc_176x_ssp.o
 .text.rcvr_spi_multi
                0x000091b8      0x134 source/FatFS/mmc_176x_ssp.o
 .text.xmit_spi_multi
                0x000092ec      0x134 source/FatFS/mmc_176x_ssp.o
 .text.wait_ready
                0x00009420       0x48 source/FatFS/mmc_176x_ssp.o
 .text.deselect
                0x00009468       0x1c source/FatFS/mmc_176x_ssp.o
 .text.select   0x00009484       0x3c source/FatFS/mmc_176x_ssp.o
 .text.power_on
                0x000094c0      0x104 source/FatFS/mmc_176x_ssp.o
 .text.power_off
                0x000095c4       0x10 source/FatFS/mmc_176x_ssp.o
 .text.rcvr_datablock
                0x000095d4       0x6c source/FatFS/mmc_176x_ssp.o
 .text.xmit_datablock
                0x00009640       0x74 source/FatFS/mmc_176x_ssp.o
 .text.send_cmd
                0x000096b4       0xfc source/FatFS/mmc_176x_ssp.o
 .text.disk_initialize
                0x000097b0      0x25c source/FatFS/mmc_176x_ssp.o
                0x000097b0                disk_initialize
 .text.disk_status
                0x00009a0c       0x30 source/FatFS/mmc_176x_ssp.o
                0x00009a0c                disk_status
 .text.disk_read
                0x00009a3c       0xd0 source/FatFS/mmc_176x_ssp.o
                0x00009a3c                disk_read
 .text.disk_write
                0x00009b0c      0x128 source/FatFS/mmc_176x_ssp.o
                0x00009b0c                disk_write
 .text.disk_ioctl
                0x00009c34      0x578 source/FatFS/mmc_176x_ssp.o
                0x00009c34                disk_ioctl
 .text.disk_timerproc
                0x0000a1ac       0xa4 source/FatFS/mmc_176x_ssp.o
                0x0000a1ac                disk_timerproc
 .text          0x0000a250        0x0 source/FatFS/diskio.o
 .text          0x0000a250        0x0 /opt/york/cs/net/lpc1700-cmsis-lite-2011.01.26-i686-1/lib/core_cm3.o
 .text          0x0000a250        0x0 /opt/york/cs/net/lpc1700-cmsis-lite-2011.01.26-i686-1/lib/system_LPC17xx.o
 .text.SystemCoreClockUpdate
                0x0000a250      0x228 /opt/york/cs/net/lpc1700-cmsis-lite-2011.01.26-i686-1/lib/system_LPC17xx.o
                0x0000a250                SystemCoreClockUpdate
 .text.SystemInit
                0x0000a478      0x240 /opt/york/cs/net/lpc1700-cmsis-lite-2011.01.26-i686-1/lib/system_LPC17xx.o
                0x0000a478                SystemInit
 .text          0x0000a6b8       0x14 /opt/york/cs/net/lpc1700-cmsis-lite-2011.01.26-i686-1/lib/startup_LPC17xx.o
                0x0000a6b8                NMI_Handler
                0x0000a6ba                HardFault_Handler
                0x0000a6bc                MemManage_Handler
                0x0000a6be                BusFault_Handler
                0x0000a6c0                UsageFault_Handler
                0x0000a6c2                SVC_Handler
                0x0000a6c4                DebugMon_Handler
                0x0000a6c6                PendSV_Handler
                0x0000a6ca                TIMER2_IRQHandler
                0x0000a6ca                RIT_IRQHandler
                0x0000a6ca                I2C0_IRQHandler
                0x0000a6ca                USBActivity_IRQHandler
                0x0000a6ca                PWM1_IRQHandler
                0x0000a6ca                I2C1_IRQHandler
                0x0000a6ca                EINT2_IRQHandler
                0x0000a6ca                UART1_IRQHandler
                0x0000a6ca                CANActivity_IRQHandler
                0x0000a6ca                TIMER3_IRQHandler
                0x0000a6ca                PLL0_IRQHandler
                0x0000a6ca                CAN_IRQHandler
                0x0000a6ca                PLL1_IRQHandler
                0x0000a6ca                SSP0_IRQHandler
                0x0000a6ca                I2C2_IRQHandler
                0x0000a6ca                RTC_IRQHandler
                0x0000a6ca                TIMER0_IRQHandler
                0x0000a6ca                SPI_IRQHandler
                0x0000a6ca                EINT1_IRQHandler
                0x0000a6ca                TIMER1_IRQHandler
                0x0000a6ca                UART2_IRQHandler
                0x0000a6ca                Default_Handler
                0x0000a6ca                ADC_IRQHandler
                0x0000a6ca                SSP1_IRQHandler
                0x0000a6ca                USB_IRQHandler
                0x0000a6ca                BOD_IRQHandler
                0x0000a6ca                WDT_IRQHandler
                0x0000a6ca                QEI_IRQHandler
                0x0000a6ca                EINT0_IRQHandler
                0x0000a6ca                DMA_IRQHandler
                0x0000a6ca                UART3_IRQHandler
                0x0000a6ca                MCPWM_IRQHandler
                0x0000a6ca                ENET_IRQHandler
 .text          0x0000a6cc       0x10 /opt/york/cs/net/sourcery-g++-lite-arm-eabi-2010.09.51-i686-1/arm-none-eabi/lib/thumb2/libc.a(lib_a-atoi.o)
                0x0000a6cc                atoi
                0x0000a6d4                _atoi_r
 .text          0x0000a6dc       0x14 /opt/york/cs/net/sourcery-g++-lite-arm-eabi-2010.09.51-i686-1/arm-none-eabi/lib/thumb2/libc.a(lib_a-calloc.o)
                0x0000a6dc                calloc
 .text          0x0000a6f0       0x5c /opt/york/cs/net/sourcery-g++-lite-arm-eabi-2010.09.51-i686-1/arm-none-eabi/lib/thumb2/libc.a(lib_a-callocr.o)
                0x0000a6f0                _calloc_r
 .text          0x0000a74c        0x0 /opt/york/cs/net/sourcery-g++-lite-arm-eabi-2010.09.51-i686-1/arm-none-eabi/lib/thumb2/libc.a(lib_a-impure.o)
 .text          0x0000a74c       0x20 /opt/york/cs/net/sourcery-g++-lite-arm-eabi-2010.09.51-i686-1/arm-none-eabi/lib/thumb2/libc.a(lib_a-malloc.o)
                0x0000a74c                malloc
                0x0000a75c                free
 .text          0x0000a76c      0x57c /opt/york/cs/net/sourcery-g++-lite-arm-eabi-2010.09.51-i686-1/arm-none-eabi/lib/thumb2/libc.a(lib_a-mallocr.o)
                0x0000a76c                _malloc_r
 .text          0x0000ace8      0x150 /opt/york/cs/net/sourcery-g++-lite-arm-eabi-2010.09.51-i686-1/arm-none-eabi/lib/thumb2/libc.a(lib_a-memcpy.o)
                0x0000ace8                memcpy
 .text          0x0000ae38       0xb4 /opt/york/cs/net/sourcery-g++-lite-arm-eabi-2010.09.51-i686-1/arm-none-eabi/lib/thumb2/libc.a(lib_a-memset.o)
                0x0000ae38                memset
 .text          0x0000aeec        0x8 /opt/york/cs/net/sourcery-g++-lite-arm-eabi-2010.09.51-i686-1/arm-none-eabi/lib/thumb2/libc.a(lib_a-mlock.o)
                0x0000aeec                __malloc_lock
                0x0000aef0                __malloc_unlock
 .text          0x0000aef4       0x28 /opt/york/cs/net/sourcery-g++-lite-arm-eabi-2010.09.51-i686-1/arm-none-eabi/lib/thumb2/libc.a(lib_a-sbrkr.o)
                0x0000aef4                _sbrk_r
 .text          0x0000af1c       0x94 /opt/york/cs/net/sourcery-g++-lite-arm-eabi-2010.09.51-i686-1/arm-none-eabi/lib/thumb2/libc.a(lib_a-sprintf.o)
                0x0000af1c                _sprintf_r
                0x0000af60                sprintf
 .text          0x0000afb0      0x10c /opt/york/cs/net/sourcery-g++-lite-arm-eabi-2010.09.51-i686-1/arm-none-eabi/lib/thumb2/libc.a(lib_a-strchr.o)
                0x0000afb0                strchr
 .text          0x0000b0bc       0xbc /opt/york/cs/net/sourcery-g++-lite-arm-eabi-2010.09.51-i686-1/arm-none-eabi/lib/thumb2/libc.a(lib_a-strcpy.o)
                0x0000b0bc                strcpy
 .text          0x0000b178       0x60 /opt/york/cs/net/sourcery-g++-lite-arm-eabi-2010.09.51-i686-1/arm-none-eabi/lib/thumb2/libc.a(lib_a-strlen.o)
                0x0000b178                strlen
 .text          0x0000b1d8       0xa0 /opt/york/cs/net/sourcery-g++-lite-arm-eabi-2010.09.51-i686-1/arm-none-eabi/lib/thumb2/libc.a(lib_a-strncmp.o)
                0x0000b1d8                strncmp
 .text          0x0000b278       0x7c /opt/york/cs/net/sourcery-g++-lite-arm-eabi-2010.09.51-i686-1/arm-none-eabi/lib/thumb2/libc.a(lib_a-strncpy.o)
                0x0000b278                strncpy
 .text          0x0000b2f4      0x17c /opt/york/cs/net/sourcery-g++-lite-arm-eabi-2010.09.51-i686-1/arm-none-eabi/lib/thumb2/libc.a(lib_a-strtol.o)
                0x0000b2f4                _strtol_r
                0x0000b458                strtol
 .text          0x0000b470     0x1658 /opt/york/cs/net/sourcery-g++-lite-arm-eabi-2010.09.51-i686-1/arm-none-eabi/lib/thumb2/libc.a(lib_a-svfprintf.o)
                0x0000b470                _svfprintf_r
 .text          0x0000cac8        0x0 /opt/york/cs/net/sourcery-g++-lite-arm-eabi-2010.09.51-i686-1/arm-none-eabi/lib/thumb2/libc.a(lib_a-ctype_.o)
 .text          0x0000cac8     0x1000 /opt/york/cs/net/sourcery-g++-lite-arm-eabi-2010.09.51-i686-1/arm-none-eabi/lib/thumb2/libc.a(lib_a-dtoa.o)
                0x0000cbf4                _dtoa_r
 .text          0x0000dac8      0x240 /opt/york/cs/net/sourcery-g++-lite-arm-eabi-2010.09.51-i686-1/arm-none-eabi/lib/thumb2/libc.a(lib_a-freer.o)
                0x0000dac8                _malloc_trim_r
                0x0000db70                _free_r
 .text          0x0000dd08       0xa0 /opt/york/cs/net/sourcery-g++-lite-arm-eabi-2010.09.51-i686-1/arm-none-eabi/lib/thumb2/libc.a(lib_a-locale.o)
                0x0000dd08                _setlocale_r
                0x0000dd64                __locale_charset
                0x0000dd70                __locale_mb_cur_max
                0x0000dd7c                __locale_msgcharset
                0x0000dd84                __locale_cjk_lang
                0x0000dd88                _localeconv_r
                0x0000dd90                setlocale
                0x0000dda0                localeconv
 .text          0x0000dda8       0x88 /opt/york/cs/net/sourcery-g++-lite-arm-eabi-2010.09.51-i686-1/arm-none-eabi/lib/thumb2/libc.a(lib_a-memchr.o)
                0x0000dda8                memchr
 .text          0x0000de30      0x920 /opt/york/cs/net/sourcery-g++-lite-arm-eabi-2010.09.51-i686-1/arm-none-eabi/lib/thumb2/libc.a(lib_a-mprec.o)
                0x0000de30                _Balloc
                0x0000de98                _Bfree
                0x0000ded0                __multadd
                0x0000df54                __s2b
                0x0000dfe8                __hi0bits
                0x0000e028                __lo0bits
                0x0000e08c                __i2b
                0x0000e0a0                __multiply
                0x0000e1c8                __pow5mult
                0x0000e26c                __lshift
                0x0000e318                __mcmp
                0x0000e354                __mdiff
                0x0000e44c                __ulp
                0x0000e494                __b2d
                0x0000e540                __d2b
                0x0000e608                __ratio
                0x0000e678                _mprec_log10
                0x0000e6ac                __copybits
                0x0000e6f4                __any_on
 .text          0x0000e750      0x114 /opt/york/cs/net/sourcery-g++-lite-arm-eabi-2010.09.51-i686-1/arm-none-eabi/lib/thumb2/libc.a(lib_a-reent.o)
                0x0000e750                cleanup_glue
                0x0000e76c                _reclaim_reent
                0x0000e82c                _wrapup_reent
 .text          0x0000e864       0x90 /opt/york/cs/net/sourcery-g++-lite-arm-eabi-2010.09.51-i686-1/arm-none-eabi/lib/thumb2/libc.a(lib_a-s_fpclassify.o)
                0x0000e864                __fpclassifyd
 .text          0x0000e8f4      0x1dc /opt/york/cs/net/sourcery-g++-lite-arm-eabi-2010.09.51-i686-1/arm-none-eabi/lib/thumb2/libc.a(lib_a-strcmp.o)
                0x0000e8f4                strcmp
 .text          0x0000ead0      0xbe4 /opt/york/cs/net/sourcery-g++-lite-arm-eabi-2010.09.51-i686-1/arm-none-eabi/lib/thumb2/libc.a(lib_a-svfiprintf.o)
                0x0000ead0                __ssprint_r
                0x0000ebd8                _svfiprintf_r
 .text          0x0000f6b4       0xa0 /opt/york/cs/net/sourcery-g++-lite-arm-eabi-2010.09.51-i686-1/arm-none-eabi/lib/thumb2/libc.a(lib_a-memmove.o)
                0x0000f6b4                memmove
 .text          0x0000f754      0x41c /opt/york/cs/net/sourcery-g++-lite-arm-eabi-2010.09.51-i686-1/arm-none-eabi/lib/thumb2/libc.a(lib_a-reallocr.o)
                0x0000f754                _realloc_r
 .text          0x0000fb70      0x278 /opt/york/cs/net/sourcery-g++-lite-arm-eabi-2010.09.51-i686-1/bin/../lib/gcc/arm-none-eabi/4.5.1/thumb2/libgcc.a(_udivsi3.o)
                0x0000fb70                __udivsi3
                0x0000fb70                __aeabi_uidiv
                0x0000fdcc                __aeabi_uidivmod
 .text          0x0000fde8        0x4 /opt/york/cs/net/sourcery-g++-lite-arm-eabi-2010.09.51-i686-1/bin/../lib/gcc/arm-none-eabi/4.5.1/thumb2/libgcc.a(_dvmd_tls.o)
                0x0000fde8                __aeabi_ldiv0
                0x0000fde8                __aeabi_idiv0
 .text          0x0000fdec      0x370 /opt/york/cs/net/sourcery-g++-lite-arm-eabi-2010.09.51-i686-1/bin/../lib/gcc/arm-none-eabi/4.5.1/thumb2/libgcc.a(_arm_addsubdf3.o)
                0x0000fdec                __aeabi_drsub
                0x0000fdf4                __aeabi_dsub
                0x0000fdf4                __subdf3
                0x0000fdf8                __adddf3
                0x0000fdf8                __aeabi_dadd
                0x00010070                __aeabi_ui2d
                0x00010070                __floatunsidf
                0x00010090                __floatsidf
                0x00010090                __aeabi_i2d
                0x000100b4                __extendsfdf2
                0x000100b4                __aeabi_f2d
                0x000100f0                __aeabi_ul2d
                0x000100f0                __floatundidf
                0x00010100                __floatdidf
                0x00010100                __aeabi_l2d
 .text          0x0001015c      0x424 /opt/york/cs/net/sourcery-g++-lite-arm-eabi-2010.09.51-i686-1/bin/../lib/gcc/arm-none-eabi/4.5.1/thumb2/libgcc.a(_arm_muldivdf3.o)
                0x0001015c                __aeabi_dmul
                0x0001015c                __muldf3
                0x000103b0                __aeabi_ddiv
                0x000103b0                __divdf3
 .text          0x00010580      0x110 /opt/york/cs/net/sourcery-g++-lite-arm-eabi-2010.09.51-i686-1/bin/../lib/gcc/arm-none-eabi/4.5.1/thumb2/libgcc.a(_arm_cmpdf2.o)
                0x00010580                __gtdf2
                0x00010580                __gedf2
                0x00010588                __ltdf2
                0x00010588                __ledf2
                0x00010590                __cmpdf2
                0x00010590                __eqdf2
                0x00010590                __nedf2
                0x0001060c                __aeabi_cdrcmple
                0x0001061c                __aeabi_cdcmple
                0x0001061c                __aeabi_cdcmpeq
                0x0001062c                __aeabi_dcmpeq
                0x00010640                __aeabi_dcmplt
                0x00010654                __aeabi_dcmple
                0x00010668                __aeabi_dcmpge
                0x0001067c                __aeabi_dcmpgt
 .text          0x00010690       0x50 /opt/york/cs/net/sourcery-g++-lite-arm-eabi-2010.09.51-i686-1/bin/../lib/gcc/arm-none-eabi/4.5.1/thumb2/libgcc.a(_arm_fixdfsi.o)
                0x00010690                __fixdfsi
                0x00010690                __aeabi_d2iz
 .text          0x000106e0      0x21c /opt/york/cs/net/sourcery-g++-lite-arm-eabi-2010.09.51-i686-1/bin/../lib/gcc/arm-none-eabi/4.5.1/thumb2/libgcc.a(_arm_addsubsf3.o)
                0x000106e0                __aeabi_frsub
                0x000106e8                __subsf3
                0x000106e8                __aeabi_fsub
                0x000106ec                __aeabi_fadd
                0x000106ec                __addsf3
                0x0001084c                __aeabi_ui2f
                0x0001084c                __floatunsisf
                0x00010854                __aeabi_i2f
                0x00010854                __floatsisf
                0x00010870                __floatundisf
                0x00010870                __aeabi_ul2f
                0x00010880                __floatdisf
                0x00010880                __aeabi_l2f
 .text          0x000108fc      0x2a0 /opt/york/cs/net/sourcery-g++-lite-arm-eabi-2010.09.51-i686-1/bin/../lib/gcc/arm-none-eabi/4.5.1/thumb2/libgcc.a(_arm_muldivsf3.o)
                0x000108fc                __mulsf3
                0x000108fc                __aeabi_fmul
                0x00010a64                __divsf3
                0x00010a64                __aeabi_fdiv
 .text          0x00010b9c       0x2c /opt/york/cs/net/sourcery-g++-lite-arm-eabi-2010.09.51-i686-1/bin/../lib/gcc/arm-none-eabi/4.5.1/thumb2/libgcc.a(_aeabi_uldivmod.o)
                0x00010b9c                __aeabi_uldivmod
 .text          0x00010bc8       0x60 /opt/york/cs/net/sourcery-g++-lite-arm-eabi-2010.09.51-i686-1/bin/../lib/gcc/arm-none-eabi/4.5.1/thumb2/libgcc.a(bpabi.o)
                0x00010bc8                __gnu_ldivmod_helper
                0x00010bf8                __gnu_uldivmod_helper
 .text          0x00010c28      0x364 /opt/york/cs/net/sourcery-g++-lite-arm-eabi-2010.09.51-i686-1/bin/../lib/gcc/arm-none-eabi/4.5.1/thumb2/libgcc.a(_divdi3.o)
                0x00010c28                __divdi3
 .text          0x00010f8c      0x314 /opt/york/cs/net/sourcery-g++-lite-arm-eabi-2010.09.51-i686-1/bin/../lib/gcc/arm-none-eabi/4.5.1/thumb2/libgcc.a(_udivdi3.o)
                0x00010f8c                __udivdi3
 .text          0x000112a0       0x98 /opt/york/cs/net/sourcery-g++-lite-arm-eabi-2010.09.51-i686-1/arm-none-eabi/lib/thumb2/libm.a(lib_a-s_sin.o)
                0x000112a0                sin
 .text          0x00011338      0x448 /opt/york/cs/net/sourcery-g++-lite-arm-eabi-2010.09.51-i686-1/arm-none-eabi/lib/thumb2/libm.a(lib_a-e_rem_pio2.o)
                0x00011338                __ieee754_rem_pio2
 .text          0x00011780      0x250 /opt/york/cs/net/sourcery-g++-lite-arm-eabi-2010.09.51-i686-1/arm-none-eabi/lib/thumb2/libm.a(lib_a-k_cos.o)
                0x00011780                __kernel_cos
 .text          0x000119d0      0x7a8 /opt/york/cs/net/sourcery-g++-lite-arm-eabi-2010.09.51-i686-1/arm-none-eabi/lib/thumb2/libm.a(lib_a-k_rem_pio2.o)
                0x000119d0                __kernel_rem_pio2
 .text          0x00012178      0x168 /opt/york/cs/net/sourcery-g++-lite-arm-eabi-2010.09.51-i686-1/arm-none-eabi/lib/thumb2/libm.a(lib_a-k_sin.o)
                0x00012178                __kernel_sin
 .text          0x000122e0        0x8 /opt/york/cs/net/sourcery-g++-lite-arm-eabi-2010.09.51-i686-1/arm-none-eabi/lib/thumb2/libm.a(lib_a-s_fabs.o)
                0x000122e0                fabs
 .text          0x000122e8      0x128 /opt/york/cs/net/sourcery-g++-lite-arm-eabi-2010.09.51-i686-1/arm-none-eabi/lib/thumb2/libm.a(lib_a-s_floor.o)
                0x000122e8                floor
 .text          0x00012410      0x108 /opt/york/cs/net/sourcery-g++-lite-arm-eabi-2010.09.51-i686-1/arm-none-eabi/lib/thumb2/libm.a(lib_a-s_scalbn.o)
                0x00012410                scalbn
 .text          0x00012518       0x14 /opt/york/cs/net/sourcery-g++-lite-arm-eabi-2010.09.51-i686-1/arm-none-eabi/lib/thumb2/libm.a(lib_a-s_copysign.o)
                0x00012518                copysign
 *fill*         0x0001252c        0x4 00
 .text          0x00012530      0x2b0 /opt/york/cs/net/sourcery-g++-lite-arm-eabi-2010.09.51-i686-1/bin/../lib/gcc/arm-none-eabi/4.5.1/thumb2/libgcc.a(_divsi3.o)
                0x00012530                __aeabi_idiv
                0x00012530                __divsi3
                0x000127c4                __aeabi_idivmod
 .text          0x000127e0       0x30 /opt/york/cs/net/sourcery-g++-lite-arm-eabi-2010.09.51-i686-1/arm-none-eabi/lib/thumb2/libcs3.a(start_c.o)
                0x000127e0                __cs3_premain
 .text.cs3.init
                0x00012810       0x50 /opt/york/cs/net/sourcery-g++-lite-arm-eabi-2010.09.51-i686-1/arm-none-eabi/lib/thumb2/libcs3.a(start_c.o)
                0x00012810                __cs3_start_c
 .text          0x00012860       0x40 /opt/york/cs/net/sourcery-g++-lite-arm-eabi-2010.09.51-i686-1/arm-none-eabi/lib/thumb2/libcs3unhosted.a(unhosted-sbrk.o)
                0x00012860                _sbrk
 .text          0x000128a0        0x0 /opt/york/cs/net/sourcery-g++-lite-arm-eabi-2010.09.51-i686-1/arm-none-eabi/lib/thumb2/libcs3unhosted.a(unhosted-start.o)
 .text.cs3.init
                0x000128a0       0x10 /opt/york/cs/net/sourcery-g++-lite-arm-eabi-2010.09.51-i686-1/arm-none-eabi/lib/thumb2/libcs3unhosted.a(unhosted-start.o)
                0x000128a0                _start
 .text          0x000128b0        0xc /opt/york/cs/net/sourcery-g++-lite-arm-eabi-2010.09.51-i686-1/arm-none-eabi/lib/thumb2/libc.a(lib_a-errno.o)
                0x000128b0                __errno
 .text          0x000128bc       0x50 /opt/york/cs/net/sourcery-g++-lite-arm-eabi-2010.09.51-i686-1/arm-none-eabi/lib/thumb2/libc.a(lib_a-init.o)
                0x000128bc                __libc_init_array
 .text          0x0001290c        0x0 /opt/york/cs/net/sourcery-g++-lite-arm-eabi-2010.09.51-i686-1/arm-none-eabi/lib/thumb2/libcs3.a(heap.o)
 .text          0x0001290c        0x0 /opt/york/cs/net/lpc1700-cmsis-lite-2011.01.26-i686-1/lib/libDriversLPC17xxgnu.a(lpc17xx_i2c.o)
 .text.NVIC_EnableIRQ
                0x0001290c       0x38 /opt/york/cs/net/lpc1700-cmsis-lite-2011.01.26-i686-1/lib/libDriversLPC17xxgnu.a(lpc17xx_i2c.o)
 .text.NVIC_DisableIRQ
                0x00012944       0x3c /opt/york/cs/net/lpc1700-cmsis-lite-2011.01.26-i686-1/lib/libDriversLPC17xxgnu.a(lpc17xx_i2c.o)
 .text.I2C_getNum
                0x00012980       0x54 /opt/york/cs/net/lpc1700-cmsis-lite-2011.01.26-i686-1/lib/libDriversLPC17xxgnu.a(lpc17xx_i2c.o)
 .text.I2C_Start
                0x000129d4       0x44 /opt/york/cs/net/lpc1700-cmsis-lite-2011.01.26-i686-1/lib/libDriversLPC17xxgnu.a(lpc17xx_i2c.o)
 .text.I2C_Stop
                0x00012a18       0x38 /opt/york/cs/net/lpc1700-cmsis-lite-2011.01.26-i686-1/lib/libDriversLPC17xxgnu.a(lpc17xx_i2c.o)
 .text.I2C_SendByte
                0x00012a50       0x50 /opt/york/cs/net/lpc1700-cmsis-lite-2011.01.26-i686-1/lib/libDriversLPC17xxgnu.a(lpc17xx_i2c.o)
 .text.I2C_GetByte
                0x00012aa0       0x5c /opt/york/cs/net/lpc1700-cmsis-lite-2011.01.26-i686-1/lib/libDriversLPC17xxgnu.a(lpc17xx_i2c.o)
 .text.I2C_SetClock
                0x00012afc       0xc8 /opt/york/cs/net/lpc1700-cmsis-lite-2011.01.26-i686-1/lib/libDriversLPC17xxgnu.a(lpc17xx_i2c.o)
 .text.I2C_Init
                0x00012bc4       0xd8 /opt/york/cs/net/lpc1700-cmsis-lite-2011.01.26-i686-1/lib/libDriversLPC17xxgnu.a(lpc17xx_i2c.o)
                0x00012bc4                I2C_Init
 .text.I2C_DeInit
                0x00012c9c       0xa4 /opt/york/cs/net/lpc1700-cmsis-lite-2011.01.26-i686-1/lib/libDriversLPC17xxgnu.a(lpc17xx_i2c.o)
                0x00012c9c                I2C_DeInit
 .text.I2C_Cmd  0x00012d40       0x84 /opt/york/cs/net/lpc1700-cmsis-lite-2011.01.26-i686-1/lib/libDriversLPC17xxgnu.a(lpc17xx_i2c.o)
                0x00012d40                I2C_Cmd
 .text.I2C_IntCmd
                0x00012dc4       0xa8 /opt/york/cs/net/lpc1700-cmsis-lite-2011.01.26-i686-1/lib/libDriversLPC17xxgnu.a(lpc17xx_i2c.o)
                0x00012dc4                I2C_IntCmd
 .text.I2C_MasterHandler
                0x00012e6c      0x3d8 /opt/york/cs/net/lpc1700-cmsis-lite-2011.01.26-i686-1/lib/libDriversLPC17xxgnu.a(lpc17xx_i2c.o)
                0x00012e6c                I2C_MasterHandler
 .text.I2C_SlaveHandler
                0x00013244      0x1d8 /opt/york/cs/net/lpc1700-cmsis-lite-2011.01.26-i686-1/lib/libDriversLPC17xxgnu.a(lpc17xx_i2c.o)
                0x00013244                I2C_SlaveHandler
 .text.I2C_MasterTransferData
                0x0001341c      0x33c /opt/york/cs/net/lpc1700-cmsis-lite-2011.01.26-i686-1/lib/libDriversLPC17xxgnu.a(lpc17xx_i2c.o)
                0x0001341c                I2C_MasterTransferData
 .text.I2C_SlaveTransferData
                0x00013758      0x268 /opt/york/cs/net/lpc1700-cmsis-lite-2011.01.26-i686-1/lib/libDriversLPC17xxgnu.a(lpc17xx_i2c.o)
                0x00013758                I2C_SlaveTransferData
 .text.I2C_SetOwnSlaveAddr
                0x000139c0      0x118 /opt/york/cs/net/lpc1700-cmsis-lite-2011.01.26-i686-1/lib/libDriversLPC17xxgnu.a(lpc17xx_i2c.o)
                0x000139c0                I2C_SetOwnSlaveAddr
 .text.I2C_MonitorModeConfig
                0x00013ad8       0x9c /opt/york/cs/net/lpc1700-cmsis-lite-2011.01.26-i686-1/lib/libDriversLPC17xxgnu.a(lpc17xx_i2c.o)
                0x00013ad8                I2C_MonitorModeConfig
 .text.I2C_MonitorModeCmd
                0x00013b74       0xb0 /opt/york/cs/net/lpc1700-cmsis-lite-2011.01.26-i686-1/lib/libDriversLPC17xxgnu.a(lpc17xx_i2c.o)
                0x00013b74                I2C_MonitorModeCmd
 .text.I2C_MonitorGetDatabuffer
                0x00013c24       0x54 /opt/york/cs/net/lpc1700-cmsis-lite-2011.01.26-i686-1/lib/libDriversLPC17xxgnu.a(lpc17xx_i2c.o)
                0x00013c24                I2C_MonitorGetDatabuffer
 .text.I2C_MonitorHandler
                0x00013c78       0x6c /opt/york/cs/net/lpc1700-cmsis-lite-2011.01.26-i686-1/lib/libDriversLPC17xxgnu.a(lpc17xx_i2c.o)
                0x00013c78                I2C_MonitorHandler
 .text.I2C_MasterTransferComplete
                0x00013ce4       0x40 /opt/york/cs/net/lpc1700-cmsis-lite-2011.01.26-i686-1/lib/libDriversLPC17xxgnu.a(lpc17xx_i2c.o)
                0x00013ce4                I2C_MasterTransferComplete
 .text.I2C_SlaveTransferComplete
                0x00013d24       0x40 /opt/york/cs/net/lpc1700-cmsis-lite-2011.01.26-i686-1/lib/libDriversLPC17xxgnu.a(lpc17xx_i2c.o)
                0x00013d24                I2C_SlaveTransferComplete
 .text          0x00013d64        0x0 /opt/york/cs/net/lpc1700-cmsis-lite-2011.01.26-i686-1/lib/libDriversLPC17xxgnu.a(lpc17xx_i2s.o)
 .text.i2s_GetWordWidth
                0x00013d64       0x8c /opt/york/cs/net/lpc1700-cmsis-lite-2011.01.26-i686-1/lib/libDriversLPC17xxgnu.a(lpc17xx_i2s.o)
 .text.i2s_GetChannel
                0x00013df0       0x84 /opt/york/cs/net/lpc1700-cmsis-lite-2011.01.26-i686-1/lib/libDriversLPC17xxgnu.a(lpc17xx_i2s.o)
 .text.I2S_Init
                0x00013e74       0x54 /opt/york/cs/net/lpc1700-cmsis-lite-2011.01.26-i686-1/lib/libDriversLPC17xxgnu.a(lpc17xx_i2s.o)
                0x00013e74                I2S_Init
 .text.I2S_Config
                0x00013ec8      0x168 /opt/york/cs/net/lpc1700-cmsis-lite-2011.01.26-i686-1/lib/libDriversLPC17xxgnu.a(lpc17xx_i2s.o)
                0x00013ec8                I2S_Config
 .text.I2S_DeInit
                0x00014030       0x3c /opt/york/cs/net/lpc1700-cmsis-lite-2011.01.26-i686-1/lib/libDriversLPC17xxgnu.a(lpc17xx_i2s.o)
                0x00014030                I2S_DeInit
 .text.I2S_GetLevel
                0x0001406c       0x6c /opt/york/cs/net/lpc1700-cmsis-lite-2011.01.26-i686-1/lib/libDriversLPC17xxgnu.a(lpc17xx_i2s.o)
                0x0001406c                I2S_GetLevel
 .text.I2S_Start
                0x000140d8       0x50 /opt/york/cs/net/lpc1700-cmsis-lite-2011.01.26-i686-1/lib/libDriversLPC17xxgnu.a(lpc17xx_i2s.o)
                0x000140d8                I2S_Start
 .text.I2S_Send
                0x00014128       0x38 /opt/york/cs/net/lpc1700-cmsis-lite-2011.01.26-i686-1/lib/libDriversLPC17xxgnu.a(lpc17xx_i2s.o)
                0x00014128                I2S_Send
 .text.I2S_Receive
                0x00014160       0x34 /opt/york/cs/net/lpc1700-cmsis-lite-2011.01.26-i686-1/lib/libDriversLPC17xxgnu.a(lpc17xx_i2s.o)
                0x00014160                I2S_Receive
 .text.I2S_Pause
                0x00014194       0x70 /opt/york/cs/net/lpc1700-cmsis-lite-2011.01.26-i686-1/lib/libDriversLPC17xxgnu.a(lpc17xx_i2s.o)
                0x00014194                I2S_Pause
 .text.I2S_Mute
                0x00014204       0x70 /opt/york/cs/net/lpc1700-cmsis-lite-2011.01.26-i686-1/lib/libDriversLPC17xxgnu.a(lpc17xx_i2s.o)
                0x00014204                I2S_Mute
 .text.I2S_Stop
                0x00014274       0x94 /opt/york/cs/net/lpc1700-cmsis-lite-2011.01.26-i686-1/lib/libDriversLPC17xxgnu.a(lpc17xx_i2s.o)
                0x00014274                I2S_Stop
 .text.I2S_FreqConfig
                0x00014308      0x110 /opt/york/cs/net/lpc1700-cmsis-lite-2011.01.26-i686-1/lib/libDriversLPC17xxgnu.a(lpc17xx_i2s.o)
                0x00014308                I2S_FreqConfig
 .text.I2S_SetBitRate
                0x00014418       0x7c /opt/york/cs/net/lpc1700-cmsis-lite-2011.01.26-i686-1/lib/libDriversLPC17xxgnu.a(lpc17xx_i2s.o)
                0x00014418                I2S_SetBitRate
 .text.I2S_ModeConfig
                0x00014494      0x148 /opt/york/cs/net/lpc1700-cmsis-lite-2011.01.26-i686-1/lib/libDriversLPC17xxgnu.a(lpc17xx_i2s.o)
                0x00014494                I2S_ModeConfig
 .text.I2S_DMAConfig
                0x000145dc       0xd4 /opt/york/cs/net/lpc1700-cmsis-lite-2011.01.26-i686-1/lib/libDriversLPC17xxgnu.a(lpc17xx_i2s.o)
                0x000145dc                I2S_DMAConfig
 .text.I2S_DMACmd
                0x000146b0      0x120 /opt/york/cs/net/lpc1700-cmsis-lite-2011.01.26-i686-1/lib/libDriversLPC17xxgnu.a(lpc17xx_i2s.o)
                0x000146b0                I2S_DMACmd
 .text.I2S_IRQConfig
                0x000147d0       0x80 /opt/york/cs/net/lpc1700-cmsis-lite-2011.01.26-i686-1/lib/libDriversLPC17xxgnu.a(lpc17xx_i2s.o)
                0x000147d0                I2S_IRQConfig
 .text.I2S_IRQCmd
                0x00014850       0x9c /opt/york/cs/net/lpc1700-cmsis-lite-2011.01.26-i686-1/lib/libDriversLPC17xxgnu.a(lpc17xx_i2s.o)
                0x00014850                I2S_IRQCmd
 .text.I2S_GetIRQStatus
                0x000148ec       0x58 /opt/york/cs/net/lpc1700-cmsis-lite-2011.01.26-i686-1/lib/libDriversLPC17xxgnu.a(lpc17xx_i2s.o)
                0x000148ec                I2S_GetIRQStatus
 .text.I2S_GetIRQDepth
                0x00014944       0x50 /opt/york/cs/net/lpc1700-cmsis-lite-2011.01.26-i686-1/lib/libDriversLPC17xxgnu.a(lpc17xx_i2s.o)
                0x00014944                I2S_GetIRQDepth
 .text          0x00014994        0x0 /opt/york/cs/net/lpc1700-cmsis-lite-2011.01.26-i686-1/lib/libDriversLPC17xxgnu.a(lpc17xx_libcfg_default.o)
 .text.check_failed
                0x00014994        0xc /opt/york/cs/net/lpc1700-cmsis-lite-2011.01.26-i686-1/lib/libDriversLPC17xxgnu.a(lpc17xx_libcfg_default.o)
                0x00014994                check_failed
 .text          0x000149a0        0x0 /opt/york/cs/net/lpc1700-cmsis-lite-2011.01.26-i686-1/lib/libDriversLPC17xxgnu.a(lpc17xx_pinsel.o)
 .text.set_PinFunc
                0x000149a0       0xa0 /opt/york/cs/net/lpc1700-cmsis-lite-2011.01.26-i686-1/lib/libDriversLPC17xxgnu.a(lpc17xx_pinsel.o)
 .text.set_ResistorMode
                0x00014a40       0xa0 /opt/york/cs/net/lpc1700-cmsis-lite-2011.01.26-i686-1/lib/libDriversLPC17xxgnu.a(lpc17xx_pinsel.o)
 .text.set_OpenDrainMode
                0x00014ae0       0x80 /opt/york/cs/net/lpc1700-cmsis-lite-2011.01.26-i686-1/lib/libDriversLPC17xxgnu.a(lpc17xx_pinsel.o)
 .text.PINSEL_ConfigTraceFunc
                0x00014b60       0x54 /opt/york/cs/net/lpc1700-cmsis-lite-2011.01.26-i686-1/lib/libDriversLPC17xxgnu.a(lpc17xx_pinsel.o)
                0x00014b60                PINSEL_ConfigTraceFunc
 .text.PINSEL_SetI2C0Pins
                0x00014bb4       0x3c /opt/york/cs/net/lpc1700-cmsis-lite-2011.01.26-i686-1/lib/libDriversLPC17xxgnu.a(lpc17xx_pinsel.o)
                0x00014bb4                PINSEL_SetI2C0Pins
 .text.PINSEL_ConfigPin
                0x00014bf0       0x54 /opt/york/cs/net/lpc1700-cmsis-lite-2011.01.26-i686-1/lib/libDriversLPC17xxgnu.a(lpc17xx_pinsel.o)
                0x00014bf0                PINSEL_ConfigPin
 .text          0x00014c44        0x0 /opt/york/cs/net/lpc1700-cmsis-lite-2011.01.26-i686-1/lib/libDriversLPC17xxgnu.a(lpc17xx_ssp.o)
 .text.setSSPclock
                0x00014c44       0xf8 /opt/york/cs/net/lpc1700-cmsis-lite-2011.01.26-i686-1/lib/libDriversLPC17xxgnu.a(lpc17xx_ssp.o)
 .text.SSP_Init
                0x00014d3c       0xbc /opt/york/cs/net/lpc1700-cmsis-lite-2011.01.26-i686-1/lib/libDriversLPC17xxgnu.a(lpc17xx_ssp.o)
                0x00014d3c                SSP_Init
 .text.SSP_DeInit
                0x00014df8       0x74 /opt/york/cs/net/lpc1700-cmsis-lite-2011.01.26-i686-1/lib/libDriversLPC17xxgnu.a(lpc17xx_ssp.o)
                0x00014df8                SSP_DeInit
 .text.SSP_GetDataSize
                0x00014e6c       0x4c /opt/york/cs/net/lpc1700-cmsis-lite-2011.01.26-i686-1/lib/libDriversLPC17xxgnu.a(lpc17xx_ssp.o)
                0x00014e6c                SSP_GetDataSize
 .text.SSP_ConfigStructInit
                0x00014eb8       0x48 /opt/york/cs/net/lpc1700-cmsis-lite-2011.01.26-i686-1/lib/libDriversLPC17xxgnu.a(lpc17xx_ssp.o)
                0x00014eb8                SSP_ConfigStructInit
 .text.SSP_Cmd  0x00014f00       0x7c /opt/york/cs/net/lpc1700-cmsis-lite-2011.01.26-i686-1/lib/libDriversLPC17xxgnu.a(lpc17xx_ssp.o)
                0x00014f00                SSP_Cmd
 .text.SSP_LoopBackCmd
                0x00014f7c       0x7c /opt/york/cs/net/lpc1700-cmsis-lite-2011.01.26-i686-1/lib/libDriversLPC17xxgnu.a(lpc17xx_ssp.o)
                0x00014f7c                SSP_LoopBackCmd
 .text.SSP_SlaveOutputCmd
                0x00014ff8       0x7c /opt/york/cs/net/lpc1700-cmsis-lite-2011.01.26-i686-1/lib/libDriversLPC17xxgnu.a(lpc17xx_ssp.o)
                0x00014ff8                SSP_SlaveOutputCmd
 .text.SSP_SendData
                0x00015074       0x48 /opt/york/cs/net/lpc1700-cmsis-lite-2011.01.26-i686-1/lib/libDriversLPC17xxgnu.a(lpc17xx_ssp.o)
                0x00015074                SSP_SendData
 .text.SSP_ReceiveData
                0x000150bc       0x44 /opt/york/cs/net/lpc1700-cmsis-lite-2011.01.26-i686-1/lib/libDriversLPC17xxgnu.a(lpc17xx_ssp.o)
                0x000150bc                SSP_ReceiveData
 .text.SSP_ReadWrite
                0x00015100      0x390 /opt/york/cs/net/lpc1700-cmsis-lite-2011.01.26-i686-1/lib/libDriversLPC17xxgnu.a(lpc17xx_ssp.o)
                0x00015100                SSP_ReadWrite
 .text.SSP_GetStatus
                0x00015490       0x84 /opt/york/cs/net/lpc1700-cmsis-lite-2011.01.26-i686-1/lib/libDriversLPC17xxgnu.a(lpc17xx_ssp.o)
                0x00015490                SSP_GetStatus
 .text.SSP_IntConfig
                0x00015514       0x70 /opt/york/cs/net/lpc1700-cmsis-lite-2011.01.26-i686-1/lib/libDriversLPC17xxgnu.a(lpc17xx_ssp.o)
                0x00015514                SSP_IntConfig
 .text.SSP_GetRawIntStatus
                0x00015584       0x80 /opt/york/cs/net/lpc1700-cmsis-lite-2011.01.26-i686-1/lib/libDriversLPC17xxgnu.a(lpc17xx_ssp.o)
                0x00015584                SSP_GetRawIntStatus
 .text.SSP_GetRawIntStatusReg
                0x00015604       0x44 /opt/york/cs/net/lpc1700-cmsis-lite-2011.01.26-i686-1/lib/libDriversLPC17xxgnu.a(lpc17xx_ssp.o)
                0x00015604                SSP_GetRawIntStatusReg
 .text.SSP_GetIntStatus
                0x00015648       0x80 /opt/york/cs/net/lpc1700-cmsis-lite-2011.01.26-i686-1/lib/libDriversLPC17xxgnu.a(lpc17xx_ssp.o)
                0x00015648                SSP_GetIntStatus
 .text.SSP_ClearIntPending
                0x000156c8       0x60 /opt/york/cs/net/lpc1700-cmsis-lite-2011.01.26-i686-1/lib/libDriversLPC17xxgnu.a(lpc17xx_ssp.o)
                0x000156c8                SSP_ClearIntPending
 .text.SSP_DMACmd
                0x00015728       0xa8 /opt/york/cs/net/lpc1700-cmsis-lite-2011.01.26-i686-1/lib/libDriversLPC17xxgnu.a(lpc17xx_ssp.o)
                0x00015728                SSP_DMACmd
 .text          0x000157d0        0x0 /opt/york/cs/net/lpc1700-cmsis-lite-2011.01.26-i686-1/lib/libDriversLPC17xxgnu.a(lpc17xx_uart.o)
 .text.uart_set_divisors
                0x000157d0      0x26c /opt/york/cs/net/lpc1700-cmsis-lite-2011.01.26-i686-1/lib/libDriversLPC17xxgnu.a(lpc17xx_uart.o)
 .text.UART_Init
                0x00015a3c      0x368 /opt/york/cs/net/lpc1700-cmsis-lite-2011.01.26-i686-1/lib/libDriversLPC17xxgnu.a(lpc17xx_uart.o)
                0x00015a3c                UART_Init
 .text.UART_DeInit
                0x00015da4       0xcc /opt/york/cs/net/lpc1700-cmsis-lite-2011.01.26-i686-1/lib/libDriversLPC17xxgnu.a(lpc17xx_uart.o)
                0x00015da4                UART_DeInit
 .text.UART_ConfigStructInit
                0x00015e70       0x34 /opt/york/cs/net/lpc1700-cmsis-lite-2011.01.26-i686-1/lib/libDriversLPC17xxgnu.a(lpc17xx_uart.o)
                0x00015e70                UART_ConfigStructInit
 .text.UART_SendByte
                0x00015ea4       0x78 /opt/york/cs/net/lpc1700-cmsis-lite-2011.01.26-i686-1/lib/libDriversLPC17xxgnu.a(lpc17xx_uart.o)
                0x00015ea4                UART_SendByte
 .text.UART_ReceiveByte
                0x00015f1c       0x78 /opt/york/cs/net/lpc1700-cmsis-lite-2011.01.26-i686-1/lib/libDriversLPC17xxgnu.a(lpc17xx_uart.o)
                0x00015f1c                UART_ReceiveByte
 .text.UART_Send
                0x00015f94      0x10c /opt/york/cs/net/lpc1700-cmsis-lite-2011.01.26-i686-1/lib/libDriversLPC17xxgnu.a(lpc17xx_uart.o)
                0x00015f94                UART_Send
 .text.UART_Receive
                0x000160a0       0xd8 /opt/york/cs/net/lpc1700-cmsis-lite-2011.01.26-i686-1/lib/libDriversLPC17xxgnu.a(lpc17xx_uart.o)
                0x000160a0                UART_Receive
 .text.UART_ForceBreak
                0x00016178       0x88 /opt/york/cs/net/lpc1700-cmsis-lite-2011.01.26-i686-1/lib/libDriversLPC17xxgnu.a(lpc17xx_uart.o)
                0x00016178                UART_ForceBreak
 .text.UART_IntConfig
                0x00016200      0x1d0 /opt/york/cs/net/lpc1700-cmsis-lite-2011.01.26-i686-1/lib/libDriversLPC17xxgnu.a(lpc17xx_uart.o)
                0x00016200                UART_IntConfig
 .text.UART_GetLineStatus
                0x000163d0       0x7c /opt/york/cs/net/lpc1700-cmsis-lite-2011.01.26-i686-1/lib/libDriversLPC17xxgnu.a(lpc17xx_uart.o)
                0x000163d0                UART_GetLineStatus
 .text.UART_GetIntId
                0x0001644c       0x68 /opt/york/cs/net/lpc1700-cmsis-lite-2011.01.26-i686-1/lib/libDriversLPC17xxgnu.a(lpc17xx_uart.o)
                0x0001644c                UART_GetIntId
 .text.UART_CheckBusy
                0x000164b4       0x2c /opt/york/cs/net/lpc1700-cmsis-lite-2011.01.26-i686-1/lib/libDriversLPC17xxgnu.a(lpc17xx_uart.o)
                0x000164b4                UART_CheckBusy
 .text.UART_FIFOConfig
                0x000164e0      0x184 /opt/york/cs/net/lpc1700-cmsis-lite-2011.01.26-i686-1/lib/libDriversLPC17xxgnu.a(lpc17xx_uart.o)
                0x000164e0                UART_FIFOConfig
 .text.UART_FIFOConfigStructInit
                0x00016664       0x34 /opt/york/cs/net/lpc1700-cmsis-lite-2011.01.26-i686-1/lib/libDriversLPC17xxgnu.a(lpc17xx_uart.o)
                0x00016664                UART_FIFOConfigStructInit
 .text.UART_ABCmd
                0x00016698      0x15c /opt/york/cs/net/lpc1700-cmsis-lite-2011.01.26-i686-1/lib/libDriversLPC17xxgnu.a(lpc17xx_uart.o)
                0x00016698                UART_ABCmd
 .text.UART_ABClearIntPending
                0x000167f4       0x88 /opt/york/cs/net/lpc1700-cmsis-lite-2011.01.26-i686-1/lib/libDriversLPC17xxgnu.a(lpc17xx_uart.o)
                0x000167f4                UART_ABClearIntPending
 .text.UART_TxCmd
                0x0001687c       0xe8 /opt/york/cs/net/lpc1700-cmsis-lite-2011.01.26-i686-1/lib/libDriversLPC17xxgnu.a(lpc17xx_uart.o)
                0x0001687c                UART_TxCmd
 .text.UART_IrDAInvtInputCmd
                0x00016964       0x84 /opt/york/cs/net/lpc1700-cmsis-lite-2011.01.26-i686-1/lib/libDriversLPC17xxgnu.a(lpc17xx_uart.o)
                0x00016964                UART_IrDAInvtInputCmd
 .text.UART_IrDACmd
                0x000169e8       0x80 /opt/york/cs/net/lpc1700-cmsis-lite-2011.01.26-i686-1/lib/libDriversLPC17xxgnu.a(lpc17xx_uart.o)
                0x000169e8                UART_IrDACmd
 .text.UART_IrDAPulseDivConfig
                0x00016a68       0xac /opt/york/cs/net/lpc1700-cmsis-lite-2011.01.26-i686-1/lib/libDriversLPC17xxgnu.a(lpc17xx_uart.o)
                0x00016a68                UART_IrDAPulseDivConfig
 .text.UART_FullModemForcePinState
                0x00016b14       0xcc /opt/york/cs/net/lpc1700-cmsis-lite-2011.01.26-i686-1/lib/libDriversLPC17xxgnu.a(lpc17xx_uart.o)
                0x00016b14                UART_FullModemForcePinState
 .text.UART_FullModemConfigMode
                0x00016be0       0xd8 /opt/york/cs/net/lpc1700-cmsis-lite-2011.01.26-i686-1/lib/libDriversLPC17xxgnu.a(lpc17xx_uart.o)
                0x00016be0                UART_FullModemConfigMode
 .text.UART_FullModemGetStatus
                0x00016cb8       0x38 /opt/york/cs/net/lpc1700-cmsis-lite-2011.01.26-i686-1/lib/libDriversLPC17xxgnu.a(lpc17xx_uart.o)
                0x00016cb8                UART_FullModemGetStatus
 .text.UART_RS485Config
                0x00016cf0      0x1bc /opt/york/cs/net/lpc1700-cmsis-lite-2011.01.26-i686-1/lib/libDriversLPC17xxgnu.a(lpc17xx_uart.o)
                0x00016cf0                UART_RS485Config
 .text.UART_RS485ReceiverCmd
                0x00016eac       0x48 /opt/york/cs/net/lpc1700-cmsis-lite-2011.01.26-i686-1/lib/libDriversLPC17xxgnu.a(lpc17xx_uart.o)
                0x00016eac                UART_RS485ReceiverCmd
 .text.UART_RS485Send
                0x00016ef4       0x84 /opt/york/cs/net/lpc1700-cmsis-lite-2011.01.26-i686-1/lib/libDriversLPC17xxgnu.a(lpc17xx_uart.o)
                0x00016ef4                UART_RS485Send
 .text.UART_RS485SendSlvAddr
                0x00016f78       0x28 /opt/york/cs/net/lpc1700-cmsis-lite-2011.01.26-i686-1/lib/libDriversLPC17xxgnu.a(lpc17xx_uart.o)
                0x00016f78                UART_RS485SendSlvAddr
 .text.UART_RS485SendData
                0x00016fa0       0x28 /opt/york/cs/net/lpc1700-cmsis-lite-2011.01.26-i686-1/lib/libDriversLPC17xxgnu.a(lpc17xx_uart.o)
                0x00016fa0                UART_RS485SendData
 .text          0x00016fc8        0x0 /opt/york/cs/net/lpc1700-cmsis-lite-2011.01.26-i686-1/lib/libDriversLPC17xxgnu.a(lpc17xx_clkpwr.o)
 .text.CLKPWR_SetPCLKDiv
                0x00016fc8       0xd4 /opt/york/cs/net/lpc1700-cmsis-lite-2011.01.26-i686-1/lib/libDriversLPC17xxgnu.a(lpc17xx_clkpwr.o)
                0x00016fc8                CLKPWR_SetPCLKDiv
 .text.CLKPWR_GetPCLKSEL
                0x0001709c       0x54 /opt/york/cs/net/lpc1700-cmsis-lite-2011.01.26-i686-1/lib/libDriversLPC17xxgnu.a(lpc17xx_clkpwr.o)
                0x0001709c                CLKPWR_GetPCLKSEL
 .text.CLKPWR_GetPCLK
                0x000170f0       0x70 /opt/york/cs/net/lpc1700-cmsis-lite-2011.01.26-i686-1/lib/libDriversLPC17xxgnu.a(lpc17xx_clkpwr.o)
                0x000170f0                CLKPWR_GetPCLK
 .text.CLKPWR_ConfigPPWR
                0x00017160       0x80 /opt/york/cs/net/lpc1700-cmsis-lite-2011.01.26-i686-1/lib/libDriversLPC17xxgnu.a(lpc17xx_clkpwr.o)
                0x00017160                CLKPWR_ConfigPPWR
 .text.CLKPWR_Sleep
                0x000171e0       0x1c /opt/york/cs/net/lpc1700-cmsis-lite-2011.01.26-i686-1/lib/libDriversLPC17xxgnu.a(lpc17xx_clkpwr.o)
                0x000171e0                CLKPWR_Sleep
 .text.CLKPWR_DeepSleep
                0x000171fc       0x2c /opt/york/cs/net/lpc1700-cmsis-lite-2011.01.26-i686-1/lib/libDriversLPC17xxgnu.a(lpc17xx_clkpwr.o)
                0x000171fc                CLKPWR_DeepSleep
 .text.CLKPWR_PowerDown
                0x00017228       0x2c /opt/york/cs/net/lpc1700-cmsis-lite-2011.01.26-i686-1/lib/libDriversLPC17xxgnu.a(lpc17xx_clkpwr.o)
                0x00017228                CLKPWR_PowerDown
 .text.CLKPWR_DeepPowerDown
                0x00017254       0x2c /opt/york/cs/net/lpc1700-cmsis-lite-2011.01.26-i686-1/lib/libDriversLPC17xxgnu.a(lpc17xx_clkpwr.o)
                0x00017254                CLKPWR_DeepPowerDown
 .text          0x00017280        0x0 /opt/york/cs/net/sourcery-g++-lite-arm-eabi-2010.09.51-i686-1/bin/../lib/gcc/arm-none-eabi/4.5.1/thumb2/crtend.o
 .text          0x00017280        0x0 /opt/york/cs/net/sourcery-g++-lite-arm-eabi-2010.09.51-i686-1/bin/../lib/gcc/arm-none-eabi/4.5.1/thumb2/crtn.o
 *(.plt)
 *(.gnu.warning)
 *(.glue_7t)
 .glue_7t       0x00000000        0x0 linker stubs
 *(.glue_7)
 .glue_7        0x00000000        0x0 linker stubs
 *(.vfp11_veneer)
 .vfp11_veneer  0x00000000        0x0 linker stubs
 *(.rodata .rodata.* .gnu.linkonce.r.*)
 .rodata        0x00017280      0x3a4 main.o
 .rodata.C.0.2899
                0x00017624       0x10 source/KeyAccess.o
 .rodata        0x00017634       0x14 source/LCD.o
 .rodata        0x00017648       0x1c source/Wave.o
 .rodata.C.1.2907
                0x00017664       0x18 source/TLV320.o
 .rodata.C.2.2908
                0x0001767c       0x18 source/TLV320.o
 .rodata.C.3.2909
                0x00017694       0x10 source/TLV320.o
 .rodata.C.4.2910
                0x000176a4        0x8 source/TLV320.o
 .rodata.C.5.2911
                0x000176ac        0x8 source/TLV320.o
 .rodata.C.6.2912
                0x000176b4        0x4 source/TLV320.o
 .rodata        0x000176b8        0x4 source/i2s.o
 .rodata        0x000176bc       0xc8 source/SD.o
 .rodata.DbcTbl
                0x00017784        0xc source/FatFS/ff.o
 .rodata        0x00017790       0x50 source/FatFS/ff.o
 .rodata.cst32.1625
                0x000177e0       0x10 source/FatFS/ff.o
 .rodata.cst.1624
                0x000177f0       0x10 source/FatFS/ff.o
 .rodata.badchr.1608
                0x00017800       0x14 source/FatFS/ff.o
 .rodata        0x00017814        0x4 /opt/york/cs/net/sourcery-g++-lite-arm-eabi-2010.09.51-i686-1/arm-none-eabi/lib/thumb2/libc.a(lib_a-impure.o)
                0x00017814                _global_impure_ptr
 .rodata.str1.4
                0x00017818        0x2 /opt/york/cs/net/sourcery-g++-lite-arm-eabi-2010.09.51-i686-1/arm-none-eabi/lib/thumb2/libc.a(lib_a-impure.o)
                                  0x4 (size before relaxing)
 *fill*         0x0001781a        0x2 00
 .rodata        0x0001781c       0x20 /opt/york/cs/net/sourcery-g++-lite-arm-eabi-2010.09.51-i686-1/arm-none-eabi/lib/thumb2/libc.a(lib_a-svfprintf.o)
 .rodata.str1.4
                0x0001783c       0x42 /opt/york/cs/net/sourcery-g++-lite-arm-eabi-2010.09.51-i686-1/arm-none-eabi/lib/thumb2/libc.a(lib_a-svfprintf.o)
                                 0x44 (size before relaxing)
 *fill*         0x0001787e        0x2 00
 .rodata        0x00017880      0x104 /opt/york/cs/net/sourcery-g++-lite-arm-eabi-2010.09.51-i686-1/arm-none-eabi/lib/thumb2/libc.a(lib_a-ctype_.o)
                0x00017880                _ctype_
 .rodata.str1.4
                0x00017984       0x10 /opt/york/cs/net/sourcery-g++-lite-arm-eabi-2010.09.51-i686-1/arm-none-eabi/lib/thumb2/libc.a(lib_a-dtoa.o)
                                 0x14 (size before relaxing)
 .rodata.str1.4
                0x00017994        0xc /opt/york/cs/net/sourcery-g++-lite-arm-eabi-2010.09.51-i686-1/arm-none-eabi/lib/thumb2/libc.a(lib_a-locale.o)
                                 0x14 (size before relaxing)
 .rodata        0x000179a0      0x128 /opt/york/cs/net/sourcery-g++-lite-arm-eabi-2010.09.51-i686-1/arm-none-eabi/lib/thumb2/libc.a(lib_a-mprec.o)
                0x000179b0                __mprec_tens
                0x00017a78                __mprec_bigtens
                0x00017aa0                __mprec_tinytens
 .rodata        0x00017ac8       0x20 /opt/york/cs/net/sourcery-g++-lite-arm-eabi-2010.09.51-i686-1/arm-none-eabi/lib/thumb2/libc.a(lib_a-svfiprintf.o)
 .rodata.str1.4
                0x00000000       0x30 /opt/york/cs/net/sourcery-g++-lite-arm-eabi-2010.09.51-i686-1/arm-none-eabi/lib/thumb2/libc.a(lib_a-svfiprintf.o)
 .rodata        0x00017ae8      0x188 /opt/york/cs/net/sourcery-g++-lite-arm-eabi-2010.09.51-i686-1/arm-none-eabi/lib/thumb2/libm.a(lib_a-e_rem_pio2.o)
 .rodata        0x00017c70       0x50 /opt/york/cs/net/sourcery-g++-lite-arm-eabi-2010.09.51-i686-1/arm-none-eabi/lib/thumb2/libm.a(lib_a-k_rem_pio2.o)
 .rodata        0x00017cc0       0x10 /opt/york/cs/net/lpc1700-cmsis-lite-2011.01.26-i686-1/lib/libDriversLPC17xxgnu.a(lpc17xx_i2c.o)
 .rodata        0x00017cd0       0x10 /opt/york/cs/net/lpc1700-cmsis-lite-2011.01.26-i686-1/lib/libDriversLPC17xxgnu.a(lpc17xx_i2s.o)
 .rodata        0x00017ce0       0x10 /opt/york/cs/net/lpc1700-cmsis-lite-2011.01.26-i686-1/lib/libDriversLPC17xxgnu.a(lpc17xx_ssp.o)
 .rodata        0x00017cf0       0x10 /opt/york/cs/net/lpc1700-cmsis-lite-2011.01.26-i686-1/lib/libDriversLPC17xxgnu.a(lpc17xx_uart.o)
 *(.ARM.extab* .gnu.linkonce.armextab.*)
 .ARM.extab.cs3.reset
                0x00017d00        0x0 /opt/york/cs/net/lpc1700-cmsis-lite-2011.01.26-i686-1/lib/startup_LPC17xx.o
 .ARM.extab     0x00017d00        0x0 /opt/york/cs/net/sourcery-g++-lite-arm-eabi-2010.09.51-i686-1/bin/../lib/gcc/arm-none-eabi/4.5.1/thumb2/libgcc.a(_divdi3.o)
 .ARM.extab     0x00017d00        0x0 /opt/york/cs/net/sourcery-g++-lite-arm-eabi-2010.09.51-i686-1/bin/../lib/gcc/arm-none-eabi/4.5.1/thumb2/libgcc.a(_udivdi3.o)
 *(.gcc_except_table)
 *(.eh_frame_hdr)
 *(.eh_frame)
                0x00017d00                . = ALIGN (0x4)
 *(.init)
 .init          0x00017d00        0x4 /opt/york/cs/net/sourcery-g++-lite-arm-eabi-2010.09.51-i686-1/bin/../lib/gcc/arm-none-eabi/4.5.1/thumb2/crti.o
                0x00017d00                _init
 .init          0x00017d04        0x8 /opt/york/cs/net/sourcery-g++-lite-arm-eabi-2010.09.51-i686-1/bin/../lib/gcc/arm-none-eabi/4.5.1/thumb2/crtn.o
                0x00017d0c                . = ALIGN (0x4)
                0x00017d0c                __preinit_array_start = .
 *(.preinit_array)
                0x00017d0c                __preinit_array_end = .
                0x00017d0c                . = ALIGN (0x4)
                0x00017d0c                __init_array_start = .
 *(SORT(.init_array.*))
 *(.init_array)
 .init_array    0x00017d0c        0x4 /opt/york/cs/net/sourcery-g++-lite-arm-eabi-2010.09.51-i686-1/bin/../lib/gcc/arm-none-eabi/4.5.1/thumb2/crtbegin.o
                0x00017d10                __init_array_end = .
                0x00017d10                . = ALIGN (0x4)
 *crtbegin.o(.ctors)
 *(EXCLUDE_FILE(*crtend.o) .ctors)
 *(SORT(.ctors.*))
 *crtend.o(.ctors)
                0x00017d10                . = ALIGN (0x4)
 *(.fini)
 .fini          0x00017d10        0x4 /opt/york/cs/net/sourcery-g++-lite-arm-eabi-2010.09.51-i686-1/bin/../lib/gcc/arm-none-eabi/4.5.1/thumb2/crti.o
                0x00017d10                _fini
 .fini          0x00017d14        0x8 /opt/york/cs/net/sourcery-g++-lite-arm-eabi-2010.09.51-i686-1/bin/../lib/gcc/arm-none-eabi/4.5.1/thumb2/crtn.o
                0x00017d1c                . = ALIGN (0x4)
                0x00017d1c                __fini_array_start = .
 *(.fini_array)
 .fini_array    0x00017d1c        0x4 /opt/york/cs/net/sourcery-g++-lite-arm-eabi-2010.09.51-i686-1/bin/../lib/gcc/arm-none-eabi/4.5.1/thumb2/crtbegin.o
 *(SORT(.fini_array.*))
                0x00017d20                __fini_array_end = .
 *crtbegin.o(.dtors)
 *(EXCLUDE_FILE(*crtend.o) .dtors)
 *(SORT(.dtors.*))
 *crtend.o(.dtors)
                0x00017d20                . = ALIGN (0x4)
                0x00017d20                __cs3_regions = .
                0x00017d20        0x4 LONG 0x0
                0x00017d24        0x4 LONG 0x17d40 __cs3_region_init_ram
                0x00017d28        0x4 LONG 0x10000000 __cs3_region_start_ram
                0x00017d2c        0x4 LONG 0x610 __cs3_region_init_size_ram
                0x00017d30        0x4 LONG 0x808 __cs3_region_zero_size_ram
                0x00017d34                __exidx_start = .

.v4_bx          0x00017d34        0x0
 .v4_bx         0x00000000        0x0 linker stubs

.ARM.exidx      0x00017d34        0x8
 *(.ARM.exidx* .gnu.linkonce.armexidx.*)
 .ARM.exidx.cs3.reset
                0x00017d34        0x8 /opt/york/cs/net/lpc1700-cmsis-lite-2011.01.26-i686-1/lib/startup_LPC17xx.o
 .ARM.exidx     0x00017d3c        0x0 /opt/york/cs/net/sourcery-g++-lite-arm-eabi-2010.09.51-i686-1/bin/../lib/gcc/arm-none-eabi/4.5.1/thumb2/libgcc.a(_divdi3.o)
                                  0x8 (size before relaxing)
 .ARM.exidx     0x00017d3c        0x0 /opt/york/cs/net/sourcery-g++-lite-arm-eabi-2010.09.51-i686-1/bin/../lib/gcc/arm-none-eabi/4.5.1/thumb2/libgcc.a(_udivdi3.o)
                                  0x8 (size before relaxing)
                0x00017d3c                __exidx_end = .

.text.align     0x00017d3c        0x4
                0x00017d40                . = ALIGN (0x8)
 *fill*         0x00017d3c        0x4 00
                0x00017d40                _etext = .
                0x00080000                __cs3_region_size_rom = 0x80000
                0x00000001                __cs3_region_num = 0x1

.data           0x10000000      0x610 load address 0x00017d40
                0x10000000                __cs3_region_start_ram = .
 *(.cs3.region-head.ram)
 *(.jcr)
 .jcr           0x10000000        0x0 /opt/york/cs/net/sourcery-g++-lite-arm-eabi-2010.09.51-i686-1/bin/../lib/gcc/arm-none-eabi/4.5.1/thumb2/crtbegin.o
 .jcr           0x10000000        0x4 /opt/york/cs/net/sourcery-g++-lite-arm-eabi-2010.09.51-i686-1/bin/../lib/gcc/arm-none-eabi/4.5.1/thumb2/crtend.o
 *(.got.plt)
 *(.got)
 *(.shdata)
 *(.data .data.* .gnu.linkonce.d.*)
 .data          0x10000004        0x0 /opt/york/cs/net/sourcery-g++-lite-arm-eabi-2010.09.51-i686-1/bin/../lib/gcc/arm-none-eabi/4.5.1/thumb2/crti.o
 .data          0x10000004        0x4 /opt/york/cs/net/sourcery-g++-lite-arm-eabi-2010.09.51-i686-1/bin/../lib/gcc/arm-none-eabi/4.5.1/thumb2/crtbegin.o
                0x10000004                __dso_handle
 .data          0x10000008        0x0 main.o
 .data.MenuText
                0x10000008       0x1c main.o
                0x10000008                MenuText
 .data.menuFuncs
                0x10000024       0x28 main.o
                0x10000024                menuFuncs
 .data.int_Handler_Funcs
                0x1000004c        0x4 main.o
                0x1000004c                int_Handler_Funcs
 .data          0x10000050        0x0 source/KeyAccess.o
 .data          0x10000050        0x0 source/LCD.o
 .data.clrLine  0x10000050       0x14 source/LCD.o
                0x10000050                clrLine
 .data.Init     0x10000064        0xc source/LCD.o
                0x10000064                Init
 .data          0x10000070        0x0 source/I2C.o
 .data          0x10000070        0x0 source/Wave.o
 .data          0x10000070        0x0 source/TLV320.o
 .data          0x10000070        0x0 source/Delay.o
 .data          0x10000070        0x0 source/SerialIO.o
 .data          0x10000070        0x0 source/interrupt_handlers.o
 .data          0x10000070        0x0 source/i2s.o
 .data.I2S_int_Handler_Funcs
                0x10000070        0xc source/i2s.o
 .data          0x1000007c        0x0 source/SD.o
 .data          0x1000007c        0x0 source/FatFS/ff.o
 .data          0x1000007c        0x0 source/FatFS/mmc_176x_ssp.o
 .data.Stat     0x1000007c        0x1 source/FatFS/mmc_176x_ssp.o
 .data          0x1000007d        0x0 source/FatFS/diskio.o
 .data          0x1000007d        0x0 /opt/york/cs/net/lpc1700-cmsis-lite-2011.01.26-i686-1/lib/core_cm3.o
 .data          0x1000007d        0x0 /opt/york/cs/net/lpc1700-cmsis-lite-2011.01.26-i686-1/lib/system_LPC17xx.o
 *fill*         0x1000007d        0x3 00
 .data.SystemCoreClock
                0x10000080        0x4 /opt/york/cs/net/lpc1700-cmsis-lite-2011.01.26-i686-1/lib/system_LPC17xx.o
                0x10000080                SystemCoreClock
 .data          0x10000084        0x0 /opt/york/cs/net/lpc1700-cmsis-lite-2011.01.26-i686-1/lib/startup_LPC17xx.o
 .data          0x10000084        0x0 /opt/york/cs/net/sourcery-g++-lite-arm-eabi-2010.09.51-i686-1/arm-none-eabi/lib/thumb2/libc.a(lib_a-atoi.o)
 .data          0x10000084        0x0 /opt/york/cs/net/sourcery-g++-lite-arm-eabi-2010.09.51-i686-1/arm-none-eabi/lib/thumb2/libc.a(lib_a-calloc.o)
 .data          0x10000084        0x0 /opt/york/cs/net/sourcery-g++-lite-arm-eabi-2010.09.51-i686-1/arm-none-eabi/lib/thumb2/libc.a(lib_a-callocr.o)
 .data          0x10000084       0xf4 /opt/york/cs/net/sourcery-g++-lite-arm-eabi-2010.09.51-i686-1/arm-none-eabi/lib/thumb2/libc.a(lib_a-impure.o)
                0x10000084                _impure_ptr
 .data          0x10000178        0x0 /opt/york/cs/net/sourcery-g++-lite-arm-eabi-2010.09.51-i686-1/arm-none-eabi/lib/thumb2/libc.a(lib_a-malloc.o)
 .data          0x10000178      0x410 /opt/york/cs/net/sourcery-g++-lite-arm-eabi-2010.09.51-i686-1/arm-none-eabi/lib/thumb2/libc.a(lib_a-mallocr.o)
                0x10000178                __malloc_av_
                0x10000580                __malloc_sbrk_base
                0x10000584                __malloc_trim_threshold
 .data          0x10000588        0x0 /opt/york/cs/net/sourcery-g++-lite-arm-eabi-2010.09.51-i686-1/arm-none-eabi/lib/thumb2/libc.a(lib_a-memcpy.o)
 .data          0x10000588        0x0 /opt/york/cs/net/sourcery-g++-lite-arm-eabi-2010.09.51-i686-1/arm-none-eabi/lib/thumb2/libc.a(lib_a-memset.o)
 .data          0x10000588        0x0 /opt/york/cs/net/sourcery-g++-lite-arm-eabi-2010.09.51-i686-1/arm-none-eabi/lib/thumb2/libc.a(lib_a-mlock.o)
 .data          0x10000588        0x0 /opt/york/cs/net/sourcery-g++-lite-arm-eabi-2010.09.51-i686-1/arm-none-eabi/lib/thumb2/libc.a(lib_a-sbrkr.o)
 .data          0x10000588        0x0 /opt/york/cs/net/sourcery-g++-lite-arm-eabi-2010.09.51-i686-1/arm-none-eabi/lib/thumb2/libc.a(lib_a-sprintf.o)
 .data          0x10000588        0x0 /opt/york/cs/net/sourcery-g++-lite-arm-eabi-2010.09.51-i686-1/arm-none-eabi/lib/thumb2/libc.a(lib_a-strchr.o)
 .data          0x10000588        0x0 /opt/york/cs/net/sourcery-g++-lite-arm-eabi-2010.09.51-i686-1/arm-none-eabi/lib/thumb2/libc.a(lib_a-strcpy.o)
 .data          0x10000588        0x0 /opt/york/cs/net/sourcery-g++-lite-arm-eabi-2010.09.51-i686-1/arm-none-eabi/lib/thumb2/libc.a(lib_a-strlen.o)
 .data          0x10000588        0x0 /opt/york/cs/net/sourcery-g++-lite-arm-eabi-2010.09.51-i686-1/arm-none-eabi/lib/thumb2/libc.a(lib_a-strncmp.o)
 .data          0x10000588        0x0 /opt/york/cs/net/sourcery-g++-lite-arm-eabi-2010.09.51-i686-1/arm-none-eabi/lib/thumb2/libc.a(lib_a-strncpy.o)
 .data          0x10000588        0x0 /opt/york/cs/net/sourcery-g++-lite-arm-eabi-2010.09.51-i686-1/arm-none-eabi/lib/thumb2/libc.a(lib_a-strtol.o)
 .data          0x10000588        0x0 /opt/york/cs/net/sourcery-g++-lite-arm-eabi-2010.09.51-i686-1/arm-none-eabi/lib/thumb2/libc.a(lib_a-svfprintf.o)
 .data          0x10000588        0x4 /opt/york/cs/net/sourcery-g++-lite-arm-eabi-2010.09.51-i686-1/arm-none-eabi/lib/thumb2/libc.a(lib_a-ctype_.o)
                0x10000588                __ctype_ptr__
 .data          0x1000058c        0x0 /opt/york/cs/net/sourcery-g++-lite-arm-eabi-2010.09.51-i686-1/arm-none-eabi/lib/thumb2/libc.a(lib_a-dtoa.o)
 .data          0x1000058c        0x0 /opt/york/cs/net/sourcery-g++-lite-arm-eabi-2010.09.51-i686-1/arm-none-eabi/lib/thumb2/libc.a(lib_a-freer.o)
 .data          0x1000058c       0x7c /opt/york/cs/net/sourcery-g++-lite-arm-eabi-2010.09.51-i686-1/arm-none-eabi/lib/thumb2/libc.a(lib_a-locale.o)
                0x100005ac                __mb_cur_max
 .data          0x10000608        0x0 /opt/york/cs/net/sourcery-g++-lite-arm-eabi-2010.09.51-i686-1/arm-none-eabi/lib/thumb2/libc.a(lib_a-memchr.o)
 .data          0x10000608        0x0 /opt/york/cs/net/sourcery-g++-lite-arm-eabi-2010.09.51-i686-1/arm-none-eabi/lib/thumb2/libc.a(lib_a-mprec.o)
 .data          0x10000608        0x0 /opt/york/cs/net/sourcery-g++-lite-arm-eabi-2010.09.51-i686-1/arm-none-eabi/lib/thumb2/libc.a(lib_a-reent.o)
 .data          0x10000608        0x0 /opt/york/cs/net/sourcery-g++-lite-arm-eabi-2010.09.51-i686-1/arm-none-eabi/lib/thumb2/libc.a(lib_a-s_fpclassify.o)
 .data          0x10000608        0x0 /opt/york/cs/net/sourcery-g++-lite-arm-eabi-2010.09.51-i686-1/arm-none-eabi/lib/thumb2/libc.a(lib_a-strcmp.o)
 .data          0x10000608        0x0 /opt/york/cs/net/sourcery-g++-lite-arm-eabi-2010.09.51-i686-1/arm-none-eabi/lib/thumb2/libc.a(lib_a-svfiprintf.o)
 .data          0x10000608        0x0 /opt/york/cs/net/sourcery-g++-lite-arm-eabi-2010.09.51-i686-1/arm-none-eabi/lib/thumb2/libc.a(lib_a-memmove.o)
 .data          0x10000608        0x0 /opt/york/cs/net/sourcery-g++-lite-arm-eabi-2010.09.51-i686-1/arm-none-eabi/lib/thumb2/libc.a(lib_a-reallocr.o)
 .data          0x10000608        0x0 /opt/york/cs/net/sourcery-g++-lite-arm-eabi-2010.09.51-i686-1/bin/../lib/gcc/arm-none-eabi/4.5.1/thumb2/libgcc.a(_udivsi3.o)
 .data          0x10000608        0x0 /opt/york/cs/net/sourcery-g++-lite-arm-eabi-2010.09.51-i686-1/bin/../lib/gcc/arm-none-eabi/4.5.1/thumb2/libgcc.a(_dvmd_tls.o)
 .data          0x10000608        0x0 /opt/york/cs/net/sourcery-g++-lite-arm-eabi-2010.09.51-i686-1/bin/../lib/gcc/arm-none-eabi/4.5.1/thumb2/libgcc.a(_arm_addsubdf3.o)
 .data          0x10000608        0x0 /opt/york/cs/net/sourcery-g++-lite-arm-eabi-2010.09.51-i686-1/bin/../lib/gcc/arm-none-eabi/4.5.1/thumb2/libgcc.a(_arm_muldivdf3.o)
 .data          0x10000608        0x0 /opt/york/cs/net/sourcery-g++-lite-arm-eabi-2010.09.51-i686-1/bin/../lib/gcc/arm-none-eabi/4.5.1/thumb2/libgcc.a(_arm_cmpdf2.o)
 .data          0x10000608        0x0 /opt/york/cs/net/sourcery-g++-lite-arm-eabi-2010.09.51-i686-1/bin/../lib/gcc/arm-none-eabi/4.5.1/thumb2/libgcc.a(_arm_fixdfsi.o)
 .data          0x10000608        0x0 /opt/york/cs/net/sourcery-g++-lite-arm-eabi-2010.09.51-i686-1/bin/../lib/gcc/arm-none-eabi/4.5.1/thumb2/libgcc.a(_arm_addsubsf3.o)
 .data          0x10000608        0x0 /opt/york/cs/net/sourcery-g++-lite-arm-eabi-2010.09.51-i686-1/bin/../lib/gcc/arm-none-eabi/4.5.1/thumb2/libgcc.a(_arm_muldivsf3.o)
 .data          0x10000608        0x0 /opt/york/cs/net/sourcery-g++-lite-arm-eabi-2010.09.51-i686-1/bin/../lib/gcc/arm-none-eabi/4.5.1/thumb2/libgcc.a(_aeabi_uldivmod.o)
 .data          0x10000608        0x0 /opt/york/cs/net/sourcery-g++-lite-arm-eabi-2010.09.51-i686-1/bin/../lib/gcc/arm-none-eabi/4.5.1/thumb2/libgcc.a(bpabi.o)
 .data          0x10000608        0x0 /opt/york/cs/net/sourcery-g++-lite-arm-eabi-2010.09.51-i686-1/bin/../lib/gcc/arm-none-eabi/4.5.1/thumb2/libgcc.a(_divdi3.o)
 .data          0x10000608        0x0 /opt/york/cs/net/sourcery-g++-lite-arm-eabi-2010.09.51-i686-1/bin/../lib/gcc/arm-none-eabi/4.5.1/thumb2/libgcc.a(_udivdi3.o)
 .data          0x10000608        0x0 /opt/york/cs/net/sourcery-g++-lite-arm-eabi-2010.09.51-i686-1/arm-none-eabi/lib/thumb2/libm.a(lib_a-s_sin.o)
 .data          0x10000608        0x0 /opt/york/cs/net/sourcery-g++-lite-arm-eabi-2010.09.51-i686-1/arm-none-eabi/lib/thumb2/libm.a(lib_a-e_rem_pio2.o)
 .data          0x10000608        0x0 /opt/york/cs/net/sourcery-g++-lite-arm-eabi-2010.09.51-i686-1/arm-none-eabi/lib/thumb2/libm.a(lib_a-k_cos.o)
 .data          0x10000608        0x0 /opt/york/cs/net/sourcery-g++-lite-arm-eabi-2010.09.51-i686-1/arm-none-eabi/lib/thumb2/libm.a(lib_a-k_rem_pio2.o)
 .data          0x10000608        0x0 /opt/york/cs/net/sourcery-g++-lite-arm-eabi-2010.09.51-i686-1/arm-none-eabi/lib/thumb2/libm.a(lib_a-k_sin.o)
 .data          0x10000608        0x0 /opt/york/cs/net/sourcery-g++-lite-arm-eabi-2010.09.51-i686-1/arm-none-eabi/lib/thumb2/libm.a(lib_a-s_fabs.o)
 .data          0x10000608        0x0 /opt/york/cs/net/sourcery-g++-lite-arm-eabi-2010.09.51-i686-1/arm-none-eabi/lib/thumb2/libm.a(lib_a-s_floor.o)
 .data          0x10000608        0x0 /opt/york/cs/net/sourcery-g++-lite-arm-eabi-2010.09.51-i686-1/arm-none-eabi/lib/thumb2/libm.a(lib_a-s_scalbn.o)
 .data          0x10000608        0x0 /opt/york/cs/net/sourcery-g++-lite-arm-eabi-2010.09.51-i686-1/arm-none-eabi/lib/thumb2/libm.a(lib_a-s_copysign.o)
 .data          0x10000608        0x0 /opt/york/cs/net/sourcery-g++-lite-arm-eabi-2010.09.51-i686-1/bin/../lib/gcc/arm-none-eabi/4.5.1/thumb2/libgcc.a(_divsi3.o)
 .data          0x10000608        0x0 /opt/york/cs/net/sourcery-g++-lite-arm-eabi-2010.09.51-i686-1/arm-none-eabi/lib/thumb2/libcs3.a(start_c.o)
 .data          0x10000608        0x4 /opt/york/cs/net/sourcery-g++-lite-arm-eabi-2010.09.51-i686-1/arm-none-eabi/lib/thumb2/libcs3unhosted.a(unhosted-sbrk.o)
 .data          0x1000060c        0x0 /opt/york/cs/net/sourcery-g++-lite-arm-eabi-2010.09.51-i686-1/arm-none-eabi/lib/thumb2/libcs3unhosted.a(unhosted-start.o)
 .data          0x1000060c        0x0 /opt/york/cs/net/sourcery-g++-lite-arm-eabi-2010.09.51-i686-1/arm-none-eabi/lib/thumb2/libc.a(lib_a-errno.o)
 .data          0x1000060c        0x0 /opt/york/cs/net/sourcery-g++-lite-arm-eabi-2010.09.51-i686-1/arm-none-eabi/lib/thumb2/libc.a(lib_a-init.o)
 .data          0x1000060c        0x4 /opt/york/cs/net/sourcery-g++-lite-arm-eabi-2010.09.51-i686-1/arm-none-eabi/lib/thumb2/libcs3.a(heap.o)
                0x1000060c                __cs3_heap_limit
 .data          0x10000610        0x0 /opt/york/cs/net/lpc1700-cmsis-lite-2011.01.26-i686-1/lib/libDriversLPC17xxgnu.a(lpc17xx_i2c.o)
 .data          0x10000610        0x0 /opt/york/cs/net/lpc1700-cmsis-lite-2011.01.26-i686-1/lib/libDriversLPC17xxgnu.a(lpc17xx_i2s.o)
 .data          0x10000610        0x0 /opt/york/cs/net/lpc1700-cmsis-lite-2011.01.26-i686-1/lib/libDriversLPC17xxgnu.a(lpc17xx_libcfg_default.o)
 .data          0x10000610        0x0 /opt/york/cs/net/lpc1700-cmsis-lite-2011.01.26-i686-1/lib/libDriversLPC17xxgnu.a(lpc17xx_pinsel.o)
 .data          0x10000610        0x0 /opt/york/cs/net/lpc1700-cmsis-lite-2011.01.26-i686-1/lib/libDriversLPC17xxgnu.a(lpc17xx_ssp.o)
 .data          0x10000610        0x0 /opt/york/cs/net/lpc1700-cmsis-lite-2011.01.26-i686-1/lib/libDriversLPC17xxgnu.a(lpc17xx_uart.o)
 .data          0x10000610        0x0 /opt/york/cs/net/lpc1700-cmsis-lite-2011.01.26-i686-1/lib/libDriversLPC17xxgnu.a(lpc17xx_clkpwr.o)
 .data          0x10000610        0x0 /opt/york/cs/net/sourcery-g++-lite-arm-eabi-2010.09.51-i686-1/bin/../lib/gcc/arm-none-eabi/4.5.1/thumb2/crtend.o
 .data          0x10000610        0x0 /opt/york/cs/net/sourcery-g++-lite-arm-eabi-2010.09.51-i686-1/bin/../lib/gcc/arm-none-eabi/4.5.1/thumb2/crtn.o
 *(.ram)
                0x10000610                . = ALIGN (0x8)
                0x10000610                _edata = .

.bss            0x10000610      0x808 load address 0x00018350
 *(.shbss)
 *(.bss .bss.* .gnu.linkonce.b.*)
 .bss           0x10000610        0x0 /opt/york/cs/net/sourcery-g++-lite-arm-eabi-2010.09.51-i686-1/bin/../lib/gcc/arm-none-eabi/4.5.1/thumb2/crti.o
 .bss           0x10000610        0x1 /opt/york/cs/net/sourcery-g++-lite-arm-eabi-2010.09.51-i686-1/bin/../lib/gcc/arm-none-eabi/4.5.1/thumb2/crtbegin.o
 .bss           0x10000611        0x0 main.o
 .bss.int_Handler_Enable
                0x10000611        0x1 main.o
                0x10000611                int_Handler_Enable
 .bss.int_Handler_Index
                0x10000612        0x1 main.o
                0x10000612                int_Handler_Index
 .bss           0x10000613        0x0 source/KeyAccess.o
 .bss           0x10000613        0x0 source/LCD.o
 .bss           0x10000613        0x0 source/I2C.o
 .bss           0x10000613        0x0 source/Wave.o
 .bss           0x10000613        0x0 source/TLV320.o
 .bss           0x10000613        0x0 source/Delay.o
 .bss           0x10000613        0x0 source/SerialIO.o
 .bss           0x10000613        0x0 source/interrupt_handlers.o
 .bss           0x10000613        0x0 source/i2s.o
 .bss           0x10000613        0x0 source/SD.o
 .bss           0x10000613        0x0 source/FatFS/ff.o
 *fill*         0x10000613        0x1 00
 .bss.FatFs     0x10000614        0x4 source/FatFS/ff.o
 .bss.Fsid      0x10000618        0x2 source/FatFS/ff.o
 .bss.CurrVol   0x1000061a        0x1 source/FatFS/ff.o
 .bss           0x1000061b        0x0 source/FatFS/mmc_176x_ssp.o
 *fill*         0x1000061b        0x1 00
 .bss.Timer1    0x1000061c        0x4 source/FatFS/mmc_176x_ssp.o
 .bss.Timer2    0x10000620        0x4 source/FatFS/mmc_176x_ssp.o
 .bss.CardType  0x10000624        0x1 source/FatFS/mmc_176x_ssp.o
 .bss           0x10000625        0x0 source/FatFS/diskio.o
 .bss           0x10000625        0x0 /opt/york/cs/net/lpc1700-cmsis-lite-2011.01.26-i686-1/lib/core_cm3.o
 .bss           0x10000625        0x0 /opt/york/cs/net/lpc1700-cmsis-lite-2011.01.26-i686-1/lib/system_LPC17xx.o
 .bss           0x10000625        0x0 /opt/york/cs/net/lpc1700-cmsis-lite-2011.01.26-i686-1/lib/startup_LPC17xx.o
 .bss           0x10000625        0x0 /opt/york/cs/net/sourcery-g++-lite-arm-eabi-2010.09.51-i686-1/arm-none-eabi/lib/thumb2/libc.a(lib_a-atoi.o)
 .bss           0x10000625        0x0 /opt/york/cs/net/sourcery-g++-lite-arm-eabi-2010.09.51-i686-1/arm-none-eabi/lib/thumb2/libc.a(lib_a-calloc.o)
 .bss           0x10000625        0x0 /opt/york/cs/net/sourcery-g++-lite-arm-eabi-2010.09.51-i686-1/arm-none-eabi/lib/thumb2/libc.a(lib_a-callocr.o)
 .bss           0x10000625        0x0 /opt/york/cs/net/sourcery-g++-lite-arm-eabi-2010.09.51-i686-1/arm-none-eabi/lib/thumb2/libc.a(lib_a-impure.o)
 .bss           0x10000625        0x0 /opt/york/cs/net/sourcery-g++-lite-arm-eabi-2010.09.51-i686-1/arm-none-eabi/lib/thumb2/libc.a(lib_a-malloc.o)
 *fill*         0x10000625        0x3 00
 .bss           0x10000628       0x34 /opt/york/cs/net/sourcery-g++-lite-arm-eabi-2010.09.51-i686-1/arm-none-eabi/lib/thumb2/libc.a(lib_a-mallocr.o)
                0x10000628                __malloc_top_pad
                0x1000062c                __malloc_current_mallinfo
                0x10000654                __malloc_max_sbrked_mem
                0x10000658                __malloc_max_total_mem
 .bss           0x1000065c        0x0 /opt/york/cs/net/sourcery-g++-lite-arm-eabi-2010.09.51-i686-1/arm-none-eabi/lib/thumb2/libc.a(lib_a-memcpy.o)
 .bss           0x1000065c        0x0 /opt/york/cs/net/sourcery-g++-lite-arm-eabi-2010.09.51-i686-1/arm-none-eabi/lib/thumb2/libc.a(lib_a-memset.o)
 .bss           0x1000065c        0x0 /opt/york/cs/net/sourcery-g++-lite-arm-eabi-2010.09.51-i686-1/arm-none-eabi/lib/thumb2/libc.a(lib_a-mlock.o)