Archive member included because of file (symbol)

/opt/york/cs/net/sourcery-g++-lite-arm-eabi-2010.09.51-i686-1/arm-none-eabi/lib/thumb2/libc.a(lib_a-malloc.o)
                              main.o (malloc)
/opt/york/cs/net/sourcery-g++-lite-arm-eabi-2010.09.51-i686-1/arm-none-eabi/lib/thumb2/libc.a(lib_a-mallocr.o)
                              /opt/york/cs/net/sourcery-g++-lite-arm-eabi-2010.09.51-i686-1/arm-none-eabi/lib/thumb2/libc.a(lib_a-malloc.o) (_malloc_r)
/opt/york/cs/net/sourcery-g++-lite-arm-eabi-2010.09.51-i686-1/arm-none-eabi/lib/thumb2/libc.a(lib_a-mlock.o)
                              /opt/york/cs/net/sourcery-g++-lite-arm-eabi-2010.09.51-i686-1/arm-none-eabi/lib/thumb2/libc.a(lib_a-mallocr.o) (__malloc_lock)
/opt/york/cs/net/sourcery-g++-lite-arm-eabi-2010.09.51-i686-1/arm-none-eabi/lib/thumb2/libc.a(lib_a-sbrkr.o)
                              /opt/york/cs/net/sourcery-g++-lite-arm-eabi-2010.09.51-i686-1/arm-none-eabi/lib/thumb2/libc.a(lib_a-mallocr.o) (_sbrk_r)
/opt/york/cs/net/sourcery-g++-lite-arm-eabi-2010.09.51-i686-1/arm-none-eabi/lib/thumb2/libc.a(lib_a-sprintf.o)
                              main.o (sprintf)
/opt/york/cs/net/sourcery-g++-lite-arm-eabi-2010.09.51-i686-1/arm-none-eabi/lib/thumb2/libc.a(lib_a-strlen.o)
                              main.o (strlen)
/opt/york/cs/net/sourcery-g++-lite-arm-eabi-2010.09.51-i686-1/arm-none-eabi/lib/thumb2/libc.a(lib_a-svfprintf.o)
                              /opt/york/cs/net/sourcery-g++-lite-arm-eabi-2010.09.51-i686-1/arm-none-eabi/lib/thumb2/libc.a(lib_a-sprintf.o) (_svfprintf_r)
/opt/york/cs/net/sourcery-g++-lite-arm-eabi-2010.09.51-i686-1/arm-none-eabi/lib/thumb2/libc.a(lib_a-dtoa.o)
                              /opt/york/cs/net/sourcery-g++-lite-arm-eabi-2010.09.51-i686-1/arm-none-eabi/lib/thumb2/libc.a(lib_a-svfprintf.o) (_dtoa_r)
/opt/york/cs/net/sourcery-g++-lite-arm-eabi-2010.09.51-i686-1/arm-none-eabi/lib/thumb2/libc.a(lib_a-freer.o)
                              /opt/york/cs/net/sourcery-g++-lite-arm-eabi-2010.09.51-i686-1/arm-none-eabi/lib/thumb2/libc.a(lib_a-malloc.o) (_free_r)
/opt/york/cs/net/sourcery-g++-lite-arm-eabi-2010.09.51-i686-1/arm-none-eabi/lib/thumb2/libc.a(lib_a-impure.o)
                              /opt/york/cs/net/sourcery-g++-lite-arm-eabi-2010.09.51-i686-1/arm-none-eabi/lib/thumb2/libc.a(lib_a-malloc.o) (_impure_ptr)
/opt/york/cs/net/sourcery-g++-lite-arm-eabi-2010.09.51-i686-1/arm-none-eabi/lib/thumb2/libc.a(lib_a-locale.o)
                              /opt/york/cs/net/sourcery-g++-lite-arm-eabi-2010.09.51-i686-1/arm-none-eabi/lib/thumb2/libc.a(lib_a-svfprintf.o) (_localeconv_r)
/opt/york/cs/net/sourcery-g++-lite-arm-eabi-2010.09.51-i686-1/arm-none-eabi/lib/thumb2/libc.a(lib_a-memchr.o)
                              /opt/york/cs/net/sourcery-g++-lite-arm-eabi-2010.09.51-i686-1/arm-none-eabi/lib/thumb2/libc.a(lib_a-svfprintf.o) (memchr)
/opt/york/cs/net/sourcery-g++-lite-arm-eabi-2010.09.51-i686-1/arm-none-eabi/lib/thumb2/libc.a(lib_a-memcpy.o)
                              /opt/york/cs/net/sourcery-g++-lite-arm-eabi-2010.09.51-i686-1/arm-none-eabi/lib/thumb2/libc.a(lib_a-dtoa.o) (memcpy)
/opt/york/cs/net/sourcery-g++-lite-arm-eabi-2010.09.51-i686-1/arm-none-eabi/lib/thumb2/libc.a(lib_a-mprec.o)
                              /opt/york/cs/net/sourcery-g++-lite-arm-eabi-2010.09.51-i686-1/arm-none-eabi/lib/thumb2/libc.a(lib_a-dtoa.o) (_Balloc)
/opt/york/cs/net/sourcery-g++-lite-arm-eabi-2010.09.51-i686-1/arm-none-eabi/lib/thumb2/libc.a(lib_a-reent.o)
                              /opt/york/cs/net/sourcery-g++-lite-arm-eabi-2010.09.51-i686-1/arm-none-eabi/lib/thumb2/libc.a(lib_a-sbrkr.o) (errno)
/opt/york/cs/net/sourcery-g++-lite-arm-eabi-2010.09.51-i686-1/arm-none-eabi/lib/thumb2/libc.a(lib_a-s_fpclassify.o)
                              /opt/york/cs/net/sourcery-g++-lite-arm-eabi-2010.09.51-i686-1/arm-none-eabi/lib/thumb2/libc.a(lib_a-svfprintf.o) (__fpclassifyd)
/opt/york/cs/net/sourcery-g++-lite-arm-eabi-2010.09.51-i686-1/arm-none-eabi/lib/thumb2/libc.a(lib_a-strcmp.o)
                              /opt/york/cs/net/sourcery-g++-lite-arm-eabi-2010.09.51-i686-1/arm-none-eabi/lib/thumb2/libc.a(lib_a-locale.o) (strcmp)
/opt/york/cs/net/sourcery-g++-lite-arm-eabi-2010.09.51-i686-1/arm-none-eabi/lib/thumb2/libc.a(lib_a-svfiprintf.o)
                              /opt/york/cs/net/sourcery-g++-lite-arm-eabi-2010.09.51-i686-1/arm-none-eabi/lib/thumb2/libc.a(lib_a-svfprintf.o) (__ssprint_r)
/opt/york/cs/net/sourcery-g++-lite-arm-eabi-2010.09.51-i686-1/arm-none-eabi/lib/thumb2/libc.a(lib_a-callocr.o)
                              /opt/york/cs/net/sourcery-g++-lite-arm-eabi-2010.09.51-i686-1/arm-none-eabi/lib/thumb2/libc.a(lib_a-mprec.o) (_calloc_r)
/opt/york/cs/net/sourcery-g++-lite-arm-eabi-2010.09.51-i686-1/arm-none-eabi/lib/thumb2/libc.a(lib_a-memmove.o)
                              /opt/york/cs/net/sourcery-g++-lite-arm-eabi-2010.09.51-i686-1/arm-none-eabi/lib/thumb2/libc.a(lib_a-svfiprintf.o) (memmove)
[...]
Memory Configuration

Name             Origin             Length             Attributes
rom              0x00000000         0x00080000         xr
ram              0x10000000         0x00008000         xrw
ram1             0x2007c000         0x00004000         xrw
ram2             0x20080000         0x00004000         xrw
*default*        0x00000000         0xffffffff

Linker script and memory map

LOAD /opt/york/cs/net/sourcery-g++-lite-arm-eabi-2010.09.51-i686-1/bin/../lib/gcc/arm-none-eabi/4.5.1/thumb2/crti.o
LOAD /opt/york/cs/net/sourcery-g++-lite-arm-eabi-2010.09.51-i686-1/bin/../lib/gcc/arm-none-eabi/4.5.1/thumb2/crtbegin.o
LOAD main.o
LOAD source/i2s_polling.o
LOAD source/KeyAccess.o
LOAD source/LCD.o
LOAD source/i2s.o
LOAD source/TLV320.o
LOAD source/Delay.o
LOAD source/SerialIO.o
LOAD source/I2C.o
LOAD Project_Files/ff13c/source/ffsystem.o
LOAD Project_Files/ff13c/source/ff.o
LOAD Project_Files/ff13c/source/ffunicode.o
LOAD Project_Files/ff13c/source/mmc_176x_ssp.o
LOAD Project_Files/ff13c/source/diskio.o
LOAD /opt/york/cs/net/lpc1700-cmsis-lite-2011.01.26-i686-1/lib/core_cm3.o
LOAD /opt/york/cs/net/lpc1700-cmsis-lite-2011.01.26-i686-1/lib/system_LPC17xx.o
LOAD /opt/york/cs/net/lpc1700-cmsis-lite-2011.01.26-i686-1/lib/startup_LPC17xx.o
START GROUP
LOAD /opt/york/cs/net/sourcery-g++-lite-arm-eabi-2010.09.51-i686-1/arm-none-eabi/lib/thumb2/libc.a
LOAD /opt/york/cs/net/sourcery-g++-lite-arm-eabi-2010.09.51-i686-1/arm-none-eabi/lib/thumb2/libg.a
LOAD /opt/york/cs/net/sourcery-g++-lite-arm-eabi-2010.09.51-i686-1/arm-none-eabi/lib/thumb2/libstdc++.a
LOAD /opt/york/cs/net/sourcery-g++-lite-arm-eabi-2010.09.51-i686-1/arm-none-eabi/lib/thumb2/libsupc++.a
LOAD /opt/york/cs/net/sourcery-g++-lite-arm-eabi-2010.09.51-i686-1/bin/../lib/gcc/arm-none-eabi/4.5.1/thumb2/libgcc.a
LOAD /opt/york/cs/net/sourcery-g++-lite-arm-eabi-2010.09.51-i686-1/arm-none-eabi/lib/thumb2/libm.a
END GROUP
START GROUP
LOAD /opt/york/cs/net/sourcery-g++-lite-arm-eabi-2010.09.51-i686-1/bin/../lib/gcc/arm-none-eabi/4.5.1/thumb2/libgcc.a
LOAD /opt/york/cs/net/sourcery-g++-lite-arm-eabi-2010.09.51-i686-1/arm-none-eabi/lib/thumb2/libc.a
LOAD /opt/york/cs/net/sourcery-g++-lite-arm-eabi-2010.09.51-i686-1/arm-none-eabi/lib/thumb2/libcs3.a
LOAD /opt/york/cs/net/sourcery-g++-lite-arm-eabi-2010.09.51-i686-1/arm-none-eabi/lib/thumb2/libcs3unhosted.a
LOAD /opt/york/cs/net/sourcery-g++-lite-arm-eabi-2010.09.51-i686-1/arm-none-eabi/lib/thumb2/libcs3micro.a
END GROUP
                0x10008000                PROVIDE (__cs3_stack, (__cs3_region_start_ram + __cs3_region_size_ram))
                0x000074e8                PROVIDE (__cs3_stack_size, ((__cs3_region_start_ram + __cs3_region_size_ram) - _end))
                0x10000b18                PROVIDE (__cs3_heap_start, _end)
                0x10008000                PROVIDE (__cs3_heap_end, (__cs3_region_start_ram + __cs3_region_size_ram))

.text           0x00000000    0x120a4
 CREATE_OBJECT_SYMBOLS
                0x00000000                __cs3_region_start_rom = .
 *(.cs3.region-head.rom)
                0x00000000                __cs3_interrupt_vector = __cs3_interrupt_vector_cortex_m
 *(.cs3.interrupt_vector)
 .cs3.interrupt_vector
                0x00000000       0xcc /opt/york/cs/net/lpc1700-cmsis-lite-2011.01.26-i686-1/lib/startup_LPC17xx.o
                0x00000000                __cs3_interrupt_vector_cortex_m
                0x00000001                ASSERT ((. != __cs3_interrupt_vector_cortex_m), No interrupt vector)
 *(.rom)
 *(.rom.b)
                0x000000cc                __cs3_reset = __cs3_reset_cortex_m
 *(.cs3.reset)
 .cs3.reset     0x000000cc       0x10 /opt/york/cs/net/lpc1700-cmsis-lite-2011.01.26-i686-1/lib/startup_LPC17xx.o
                0x000000cc                __cs3_reset_cortex_m
                0x00000001                ASSERT ((. != __cs3_reset), No reset code)
 *(.text .text.* .gnu.linkonce.t.*)
 .text          0x000000dc        0x0 /opt/york/cs/net/sourcery-g++-lite-arm-eabi-2010.09.51-i686-1/bin/../lib/gcc/arm-none-eabi/4.5.1/thumb2/crti.o
 .text          0x000000dc       0x30 /opt/york/cs/net/sourcery-g++-lite-arm-eabi-2010.09.51-i686-1/bin/../lib/gcc/arm-none-eabi/4.5.1/thumb2/crtbegin.o
 .text          0x0000010c        0x0 main.o
 .text.NVIC_EnableIRQ
                0x0000010c       0x38 main.o
 .text.NVIC_DisableIRQ
                0x00000144       0x3c main.o
 .text.NVIC_SetPriority
                0x00000180       0x5c main.o
 .text.EINT3_IRQHandler
                0x000001dc       0xbc main.o
                0x000001dc                EINT3_IRQHandler
 .text.IRQInit  0x00000298       0xd8 main.o
                0x00000298                IRQInit
 .text.DrawMenu
                0x00000370      0x200 main.o
                0x00000370                DrawMenu
 .text.Menu     0x00000570      0x254 main.o
                0x00000570                Menu
 .text.PlayLoop
                0x000007c4      0x158 main.o
                0x000007c4                PlayLoop
 .text.I2S_PassThroughLoop
                0x0000091c       0x8c main.o
                0x0000091c                I2S_PassThroughLoop
 .text.I2S_PassThroughInterrupt
                0x000009a8       0xa0 main.o
                0x000009a8                I2S_PassThroughInterrupt
 .text.MASSIVE_TEST
                0x00000a48       0x64 main.o
                0x00000a48                MASSIVE_TEST
 .text.PassThroughLoop
                0x00000aac       0x3c main.o
                0x00000aac                PassThroughLoop
 .text.UART_Mode
                0x00000ae8       0x98 main.o
                0x00000ae8                UART_Mode
 .text.FatRead  0x00000b80       0x9c main.o
                0x00000b80                FatRead
 .text.main     0x00000c1c       0x38 main.o
                0x00000c1c                main
 .text.temp     0x00000c54       0x18 main.o
                0x00000c54                temp
 .text          0x00000c6c        0x0 source/i2s_polling.o
 .text.NVIC_EnableIRQ
                0x00000c6c       0x38 source/i2s_polling.o
 .text.NVIC_SetPriority
                0x00000ca4       0x5c source/i2s_polling.o
 .text.I2S_IRQHandler
                0x00000d00      0x154 source/i2s_polling.o
                0x00000d00                I2S_IRQHandler
 .text.I2S_Polling_Init
                0x00000e54      0x180 source/i2s_polling.o
                0x00000e54                I2S_Polling_Init
 .text.I2S_Polling_Read
                0x00000fd4       0x84 source/i2s_polling.o
                0x00000fd4                I2S_Polling_Read
 .text.I2S_Polling_Write
                0x00001058       0x5c source/i2s_polling.o
                0x00001058                I2S_Polling_Write
 .text          0x000010b4        0x0 source/KeyAccess.o
 .text.GetKeyInput
                0x000010b4       0x4c source/KeyAccess.o
                0x000010b4                GetKeyInput
 .text.DecodeInput
                0x00001100       0xc8 source/KeyAccess.o
                0x00001100                DecodeInput
 .text.GetKeyData
                0x000011c8       0xb4 source/KeyAccess.o
                0x000011c8                GetKeyData
 .text          0x0000127c        0x0 source/LCD.o
 .text.NVIC_SetPriority
                0x0000127c       0x5c source/LCD.o
 .text.SysTick_Config
                0x000012d8       0x64 source/LCD.o
 .text.SendData
                0x0000133c       0x3c source/LCD.o
                0x0000133c                SendData
 .text.LCDEnable
                0x00001378       0x28 source/LCD.o
                0x00001378                LCDEnable
 .text.LCDDisable
                0x000013a0       0x28 source/LCD.o
                0x000013a0                LCDDisable
 .text.LCDGoHome
                0x000013c8       0x28 source/LCD.o
                0x000013c8                LCDGoHome
 .text.LCDNewLine
                0x000013f0       0x28 source/LCD.o
                0x000013f0                LCDNewLine
 .text.LCDCursorShift
                0x00001418       0xb0 source/LCD.o
                0x00001418                LCDCursorShift
 .text.LCDInit  0x000014c8       0x38 source/LCD.o
                0x000014c8                LCDInit
 .text.LCDClear
                0x00001500       0x70 source/LCD.o
                0x00001500                LCDClear
 .text.LCDPrint
                0x00001570       0xec source/LCD.o
                0x00001570                LCDPrint
 .text.main_LDCPrintHelloWorld
                0x0000165c       0x68 source/LCD.o
                0x0000165c                main_LDCPrintHelloWorld
 .text          0x000016c4        0x0 source/i2s.o
 .text.NVIC_EnableIRQ
                0x000016c4       0x38 source/i2s.o
 .text.NVIC_DisableIRQ
                0x000016fc       0x3c source/i2s.o
 .text.NVIC_SetPriority
                0x00001738       0x5c source/i2s.o
 .text.DMA_IRQHandler
                0x00001794      0x104 source/i2s.o
                0x00001794                DMA_IRQHandler
 .text.Init_I2S
                0x00001898       0xd0 source/i2s.o
                0x00001898                Init_I2S
 .text.ConfInit
                0x00001968       0x68 source/i2s.o
                0x00001968                ConfInit
 .text.ClockInit
                0x000019d0       0x54 source/i2s.o
                0x000019d0                ClockInit
 .text.InitializeGPDMA
                0x00001a24      0x150 source/i2s.o
                0x00001a24                InitializeGPDMA
 .text.EnableInput
                0x00001b74       0x50 source/i2s.o
                0x00001b74                EnableInput
 .text.EnableOutput
                0x00001bc4       0x50 source/i2s.o
                0x00001bc4                EnableOutput
 .text.DisableInput
                0x00001c14       0x50 source/i2s.o
                0x00001c14                DisableInput
 .text.DisableOutput
                0x00001c64       0x50 source/i2s.o
                0x00001c64                DisableOutput
 .text          0x00001cb4        0x0 source/TLV320.o
 .text.TLV320_ChangeInputVolume
                0x00001cb4       0x38 source/TLV320.o
                0x00001cb4                TLV320_ChangeInputVolume
 .text.TLV320_ChangeOutputVolume
                0x00001cec       0x40 source/TLV320.o
                0x00001cec                TLV320_ChangeOutputVolume
 .text.TLV320_EnablePassThrough
                0x00001d2c       0x28 source/TLV320.o
                0x00001d2c                TLV320_EnablePassThrough
 .text.TLV320_DisablePassThrough
                0x00001d54       0x30 source/TLV320.o
                0x00001d54                TLV320_DisablePassThrough
 .text.TLV320_Setup
                0x00001d84       0x28 source/TLV320.o
                0x00001d84                TLV320_Setup
 .text.TLV320_EnableDAC
                0x00001dac       0x2c source/TLV320.o
                0x00001dac                TLV320_EnableDAC
 .text.TLV320_EnableOutput
                0x00001dd8       0x2c source/TLV320.o
                0x00001dd8                TLV320_EnableOutput
 .text.TLV320_Start_I2S_Polling_Passthrough
                0x00001e04       0x34 source/TLV320.o
                0x00001e04                TLV320_Start_I2S_Polling_Passthrough
 .text.TLV320_SendData
                0x00001e38       0x64 source/TLV320.o
                0x00001e38                TLV320_SendData
 .text          0x00001e9c        0x0 source/Delay.o
 .text.NVIC_SetPriority
                0x00001e9c       0x5c source/Delay.o
 .text.SysTick_Config
                0x00001ef8       0x64 source/Delay.o
 .text.SysTick_Handler
                0x00001f5c       0x24 source/Delay.o
                0x00001f5c                SysTick_Handler
 .text.Delay    0x00001f80       0x34 source/Delay.o
                0x00001f80                Delay
 .text.DelayInit
                0x00001fb4       0x2c source/Delay.o
                0x00001fb4                DelayInit
 .text          0x00001fe0        0x0 source/SerialIO.o
 .text.NVIC_EnableIRQ
                0x00001fe0       0x38 source/SerialIO.o
 .text.NVIC_DisableIRQ
                0x00002018       0x3c source/SerialIO.o
 .text.NVIC_SetPriority
                0x00002054       0x5c source/SerialIO.o
 .text.UART0_IRQHandler
                0x000020b0       0x4c source/SerialIO.o
                0x000020b0                UART0_IRQHandler
 .text.ReceiveText
                0x000020fc       0xdc source/SerialIO.o
                0x000020fc                ReceiveText
 .text.ReadText
                0x000021d8       0xa4 source/SerialIO.o
                0x000021d8                ReadText
 .text.AddTextToBuffer
                0x0000227c       0xa4 source/SerialIO.o
                0x0000227c                AddTextToBuffer
 .text.ProcessBuffer
                0x00002320       0xc4 source/SerialIO.o
                0x00002320                ProcessBuffer
 .text.TransmitText
                0x000023e4      0x10c source/SerialIO.o
                0x000023e4                TransmitText
 .text.InitSerial
                0x000024f0       0x90 source/SerialIO.o
                0x000024f0                InitSerial
 .text.WriteText
                0x00002580       0x30 source/SerialIO.o
                0x00002580                WriteText
 .text.InitSerInterrupts
                0x000025b0       0x88 source/SerialIO.o
                0x000025b0                InitSerInterrupts
 .text.EnableSerInterrupts
                0x00002638       0x10 source/SerialIO.o
                0x00002638                EnableSerInterrupts
 .text.DisableSerInterrupts
                0x00002648       0x10 source/SerialIO.o
                0x00002648                DisableSerInterrupts
 .text          0x00002658        0x0 source/I2C.o
 .text.I2CInit  0x00002658       0x30 source/I2C.o
                0x00002658                I2CInit
 .text.SetupVals
                0x00002688       0x54 source/I2C.o
                0x00002688                SetupVals
 .text.SetupPINS
                0x000026dc       0x44 source/I2C.o
                0x000026dc                SetupPINS
 .text          0x00002720        0x0 Project_Files/ff13c/source/ffsystem.o
 .text          0x00002720        0x0 Project_Files/ff13c/source/ff.o
 .text.ld_word  0x00002720       0x34 Project_Files/ff13c/source/ff.o
 .text.ld_dword
                0x00002754       0x58 Project_Files/ff13c/source/ff.o
 .text.st_word  0x000027ac       0x40 Project_Files/ff13c/source/ff.o
 .text.st_dword
                0x000027ec       0x6c Project_Files/ff13c/source/ff.o
 .text.rtc_gettime
                0x00002858      0x124 Project_Files/ff13c/source/ff.o
                0x00002858                rtc_gettime
 .text.get_fattime
                0x0000297c       0x54 Project_Files/ff13c/source/ff.o
                0x0000297c                get_fattime
 .text.mem_cpy  0x000029d0       0x4c Project_Files/ff13c/source/ff.o
 .text.mem_set  0x00002a1c       0x38 Project_Files/ff13c/source/ff.o
 .text.mem_cmp  0x00002a54       0x5c Project_Files/ff13c/source/ff.o
 .text.chk_chr  0x00002ab0       0x38 Project_Files/ff13c/source/ff.o
 .text.dbc_1st  0x00002ae8       0x68 Project_Files/ff13c/source/ff.o
 .text.dbc_2nd  0x00002b50       0x8c Project_Files/ff13c/source/ff.o
 .text.sync_window
                0x00002bdc       0x90 Project_Files/ff13c/source/ff.o
 .text.move_window
                0x00002c6c       0x68 Project_Files/ff13c/source/ff.o
 .text.sync_fs  0x00002cd4       0xf8 Project_Files/ff13c/source/ff.o
 .text.clst2sect
                0x00002dcc       0x44 Project_Files/ff13c/source/ff.o
 .text.get_fat  0x00002e10      0x180 Project_Files/ff13c/source/ff.o
 .text.put_fat  0x00002f90      0x218 Project_Files/ff13c/source/ff.o
 .text.remove_chain
                0x000031a8       0xdc Project_Files/ff13c/source/ff.o
 .text.create_chain
                0x00003284      0x1c4 Project_Files/ff13c/source/ff.o
 .text.dir_clear
                0x00003448       0xa4 Project_Files/ff13c/source/ff.o
 .text.dir_sdi  0x000034ec      0x114 Project_Files/ff13c/source/ff.o
 .text.dir_next
                0x00003600      0x164 Project_Files/ff13c/source/ff.o
 .text.dir_alloc
                0x00003764       0x9c Project_Files/ff13c/source/ff.o
 .text.ld_clust
                0x00003800       0x48 Project_Files/ff13c/source/ff.o
 .text.st_clust
                0x00003848       0x44 Project_Files/ff13c/source/ff.o
 .text.dir_read
                0x0000388c       0xc4 Project_Files/ff13c/source/ff.o
 .text.dir_find
                0x00003950       0xbc Project_Files/ff13c/source/ff.o
 .text.dir_register
                0x00003a0c       0x74 Project_Files/ff13c/source/ff.o
 .text.dir_remove
                0x00003a80       0x44 Project_Files/ff13c/source/ff.o
 .text.get_fileinfo
                0x00003ac4       0xf4 Project_Files/ff13c/source/ff.o
 .text.create_name
                0x00003bb8      0x1cc Project_Files/ff13c/source/ff.o
 .text.follow_path
                0x00003d84       0xf4 Project_Files/ff13c/source/ff.o
 .text.get_ldnumber
                0x00003e78       0x98 Project_Files/ff13c/source/ff.o
 .text.check_fs
                0x00003f10       0xcc Project_Files/ff13c/source/ff.o
 .text.find_volume
                0x00003fdc      0x538 Project_Files/ff13c/source/ff.o
 .text.validate
                0x00004514       0x74 Project_Files/ff13c/source/ff.o
 .text.f_mount  0x00004588       0x98 Project_Files/ff13c/source/ff.o
                0x00004588                f_mount
 .text.f_open   0x00004620      0x354 Project_Files/ff13c/source/ff.o
                0x00004620                f_open
 .text.f_read   0x00004974      0x2b8 Project_Files/ff13c/source/ff.o
                0x00004974                f_read
 .text.f_write  0x00004c2c      0x324 Project_Files/ff13c/source/ff.o
                0x00004c2c                f_write
 .text.f_sync   0x00004f50      0x118 Project_Files/ff13c/source/ff.o
                0x00004f50                f_sync
 .text.f_close  0x00005068       0x44 Project_Files/ff13c/source/ff.o
                0x00005068                f_close
 .text.f_lseek  0x000050ac      0x2a4 Project_Files/ff13c/source/ff.o
                0x000050ac                f_lseek
 .text.f_opendir
                0x00005350       0xc4 Project_Files/ff13c/source/ff.o
                0x00005350                f_opendir
 .text.f_closedir
                0x00005414       0x34 Project_Files/ff13c/source/ff.o
                0x00005414                f_closedir
 .text.f_readdir
                0x00005448       0x88 Project_Files/ff13c/source/ff.o
                0x00005448                f_readdir
 .text.f_stat   0x000054d0       0x80 Project_Files/ff13c/source/ff.o
                0x000054d0                f_stat
 .text.f_getfree
                0x00005550      0x198 Project_Files/ff13c/source/ff.o
                0x00005550                f_getfree
 .text.f_truncate
                0x000056e8      0x148 Project_Files/ff13c/source/ff.o
                0x000056e8                f_truncate
 .text.f_unlink
                0x00005830      0x158 Project_Files/ff13c/source/ff.o
                0x00005830                f_unlink
 .text.f_mkdir  0x00005988      0x1d8 Project_Files/ff13c/source/ff.o
                0x00005988                f_mkdir
 .text.f_rename
                0x00005b60      0x228 Project_Files/ff13c/source/ff.o
                0x00005b60                f_rename
 .text          0x00005d88        0x0 Project_Files/ff13c/source/ffunicode.o
 .text          0x00005d88        0x0 Project_Files/ff13c/source/mmc_176x_ssp.o
 .text.xchg_spi
                0x00005d88       0x44 Project_Files/ff13c/source/mmc_176x_ssp.o
 .text.rcvr_spi_multi
                0x00005dcc      0x138 Project_Files/ff13c/source/mmc_176x_ssp.o
 .text.xmit_spi_multi
                0x00005f04      0x138 Project_Files/ff13c/source/mmc_176x_ssp.o
 .text.wait_ready
                0x0000603c       0x48 Project_Files/ff13c/source/mmc_176x_ssp.o
 .text.deselect
                0x00006084       0x1c Project_Files/ff13c/source/mmc_176x_ssp.o
 .text.select   0x000060a0       0x3c Project_Files/ff13c/source/mmc_176x_ssp.o
 .text.power_on
                0x000060dc      0x104 Project_Files/ff13c/source/mmc_176x_ssp.o
 .text.power_off
                0x000061e0       0x10 Project_Files/ff13c/source/mmc_176x_ssp.o
 .text.rcvr_datablock
                0x000061f0       0x6c Project_Files/ff13c/source/mmc_176x_ssp.o
 .text.xmit_datablock
                0x0000625c       0x74 Project_Files/ff13c/source/mmc_176x_ssp.o
 .text.send_cmd
                0x000062d0       0xfc Project_Files/ff13c/source/mmc_176x_ssp.o
 .text.disk_initialize
                0x000063cc      0x25c Project_Files/ff13c/source/mmc_176x_ssp.o
                0x000063cc                disk_initialize
 .text.disk_status
                0x00006628       0x30 Project_Files/ff13c/source/mmc_176x_ssp.o
                0x00006628                disk_status
 .text.disk_read
                0x00006658       0xd0 Project_Files/ff13c/source/mmc_176x_ssp.o
                0x00006658                disk_read
 .text.disk_write
                0x00006728      0x128 Project_Files/ff13c/source/mmc_176x_ssp.o
                0x00006728                disk_write
 .text.disk_ioctl
                0x00006850      0x578 Project_Files/ff13c/source/mmc_176x_ssp.o
                0x00006850                disk_ioctl
 .text.disk_timerproc
                0x00006dc8       0xa4 Project_Files/ff13c/source/mmc_176x_ssp.o
                0x00006dc8                disk_timerproc
 .text          0x00006e6c        0x0 Project_Files/ff13c/source/diskio.o
 .text          0x00006e6c        0x0 /opt/york/cs/net/lpc1700-cmsis-lite-2011.01.26-i686-1/lib/core_cm3.o
 .text          0x00006e6c        0x0 /opt/york/cs/net/lpc1700-cmsis-lite-2011.01.26-i686-1/lib/system_LPC17xx.o
 .text.SystemCoreClockUpdate
                0x00006e6c      0x228 /opt/york/cs/net/lpc1700-cmsis-lite-2011.01.26-i686-1/lib/system_LPC17xx.o
                0x00006e6c                SystemCoreClockUpdate
 .text.SystemInit
                0x00007094      0x240 /opt/york/cs/net/lpc1700-cmsis-lite-2011.01.26-i686-1/lib/system_LPC17xx.o
                0x00007094                SystemInit
 .text          0x000072d4       0x14 /opt/york/cs/net/lpc1700-cmsis-lite-2011.01.26-i686-1/lib/startup_LPC17xx.o
                0x000072d4                NMI_Handler
                0x000072d6                HardFault_Handler
                0x000072d8                MemManage_Handler
                0x000072da                BusFault_Handler
                0x000072dc                UsageFault_Handler
                0x000072de                SVC_Handler
                0x000072e0                DebugMon_Handler
                0x000072e2                PendSV_Handler
                0x000072e6                TIMER2_IRQHandler
                0x000072e6                RIT_IRQHandler
                0x000072e6                I2C0_IRQHandler
                0x000072e6                USBActivity_IRQHandler
                0x000072e6                PWM1_IRQHandler
                0x000072e6                I2C1_IRQHandler
                0x000072e6                EINT2_IRQHandler
                0x000072e6                UART1_IRQHandler
                0x000072e6                CANActivity_IRQHandler
                0x000072e6                TIMER3_IRQHandler
                0x000072e6                PLL0_IRQHandler
                0x000072e6                CAN_IRQHandler
                0x000072e6                PLL1_IRQHandler
                0x000072e6                SSP0_IRQHandler
                0x000072e6                I2C2_IRQHandler
                0x000072e6                RTC_IRQHandler
                0x000072e6                TIMER0_IRQHandler
                0x000072e6                SPI_IRQHandler
                0x000072e6                EINT1_IRQHandler
                0x000072e6                TIMER1_IRQHandler
                0x000072e6                UART2_IRQHandler
                0x000072e6                Default_Handler
                0x000072e6                ADC_IRQHandler
                0x000072e6                SSP1_IRQHandler
                0x000072e6                USB_IRQHandler
                0x000072e6                BOD_IRQHandler
                0x000072e6                WDT_IRQHandler
                0x000072e6                QEI_IRQHandler
                0x000072e6                EINT0_IRQHandler
                0x000072e6                UART3_IRQHandler
                0x000072e6                MCPWM_IRQHandler
                0x000072e6                ENET_IRQHandler
 .text          0x000072e8       0x20 /opt/york/cs/net/sourcery-g++-lite-arm-eabi-2010.09.51-i686-1/arm-none-eabi/lib/thumb2/libc.a(lib_a-malloc.o)
                0x000072e8                malloc
                0x000072f8                free
 .text          0x00007308      0x57c /opt/york/cs/net/sourcery-g++-lite-arm-eabi-2010.09.51-i686-1/arm-none-eabi/lib/thumb2/libc.a(lib_a-mallocr.o)
                0x00007308                _malloc_r
 .text          0x00007884        0x8 /opt/york/cs/net/sourcery-g++-lite-arm-eabi-2010.09.51-i686-1/arm-none-eabi/lib/thumb2/libc.a(lib_a-mlock.o)
                0x00007884                __malloc_lock
                0x00007888                __malloc_unlock
 .text          0x0000788c       0x28 /opt/york/cs/net/sourcery-g++-lite-arm-eabi-2010.09.51-i686-1/arm-none-eabi/lib/thumb2/libc.a(lib_a-sbrkr.o)
                0x0000788c                _sbrk_r
 .text          0x000078b4       0x94 /opt/york/cs/net/sourcery-g++-lite-arm-eabi-2010.09.51-i686-1/arm-none-eabi/lib/thumb2/libc.a(lib_a-sprintf.o)
                0x000078b4                _sprintf_r
                0x000078f8                sprintf
 .text          0x00007948       0x60 /opt/york/cs/net/sourcery-g++-lite-arm-eabi-2010.09.51-i686-1/arm-none-eabi/lib/thumb2/libc.a(lib_a-strlen.o)
                0x00007948                strlen
 .text          0x000079a8     0x1658 /opt/york/cs/net/sourcery-g++-lite-arm-eabi-2010.09.51-i686-1/arm-none-eabi/lib/thumb2/libc.a(lib_a-svfprintf.o)
                0x000079a8                _svfprintf_r
 .text          0x00009000     0x1000 /opt/york/cs/net/sourcery-g++-lite-arm-eabi-2010.09.51-i686-1/arm-none-eabi/lib/thumb2/libc.a(lib_a-dtoa.o)
                0x0000912c                _dtoa_r
 .text          0x0000a000      0x240 /opt/york/cs/net/sourcery-g++-lite-arm-eabi-2010.09.51-i686-1/arm-none-eabi/lib/thumb2/libc.a(lib_a-freer.o)
                0x0000a000                _malloc_trim_r
                0x0000a0a8                _free_r
 .text          0x0000a240        0x0 /opt/york/cs/net/sourcery-g++-lite-arm-eabi-2010.09.51-i686-1/arm-none-eabi/lib/thumb2/libc.a(lib_a-impure.o)
 .text          0x0000a240       0xa0 /opt/york/cs/net/sourcery-g++-lite-arm-eabi-2010.09.51-i686-1/arm-none-eabi/lib/thumb2/libc.a(lib_a-locale.o)
                0x0000a240                _setlocale_r
                0x0000a29c                __locale_charset
                0x0000a2a8                __locale_mb_cur_max
                0x0000a2b4                __locale_msgcharset
                0x0000a2bc                __locale_cjk_lang
                0x0000a2c0                _localeconv_r
                0x0000a2c8                setlocale
                0x0000a2d8                localeconv
 .text          0x0000a2e0       0x88 /opt/york/cs/net/sourcery-g++-lite-arm-eabi-2010.09.51-i686-1/arm-none-eabi/lib/thumb2/libc.a(lib_a-memchr.o)
                0x0000a2e0                memchr
 .text          0x0000a368      0x150 /opt/york/cs/net/sourcery-g++-lite-arm-eabi-2010.09.51-i686-1/arm-none-eabi/lib/thumb2/libc.a(lib_a-memcpy.o)
                0x0000a368                memcpy
 .text          0x0000a4b8      0x920 /opt/york/cs/net/sourcery-g++-lite-arm-eabi-2010.09.51-i686-1/arm-none-eabi/lib/thumb2/libc.a(lib_a-mprec.o)
                0x0000a4b8                _Balloc
                0x0000a520                _Bfree
                0x0000a558                __multadd
                0x0000a5dc                __s2b
                0x0000a670                __hi0bits
                0x0000a6b0                __lo0bits
                0x0000a714                __i2b
                0x0000a728                __multiply
                0x0000a850                __pow5mult
                0x0000a8f4                __lshift
                0x0000a9a0                __mcmp
                0x0000a9dc                __mdiff
                0x0000aad4                __ulp
                0x0000ab1c                __b2d
                0x0000abc8                __d2b
                0x0000ac90                __ratio
                0x0000ad00                _mprec_log10
                0x0000ad34                __copybits
                0x0000ad7c                __any_on
 .text          0x0000add8      0x114 /opt/york/cs/net/sourcery-g++-lite-arm-eabi-2010.09.51-i686-1/arm-none-eabi/lib/thumb2/libc.a(lib_a-reent.o)
                0x0000add8                cleanup_glue
                0x0000adf4                _reclaim_reent
                0x0000aeb4                _wrapup_reent
 .text          0x0000aeec       0x90 /opt/york/cs/net/sourcery-g++-lite-arm-eabi-2010.09.51-i686-1/arm-none-eabi/lib/thumb2/libc.a(lib_a-s_fpclassify.o)
                0x0000aeec                __fpclassifyd
 .text          0x0000af7c      0x1dc /opt/york/cs/net/sourcery-g++-lite-arm-eabi-2010.09.51-i686-1/arm-none-eabi/lib/thumb2/libc.a(lib_a-strcmp.o)
                0x0000af7c                strcmp
 .text          0x0000b158      0xbe4 /opt/york/cs/net/sourcery-g++-lite-arm-eabi-2010.09.51-i686-1/arm-none-eabi/lib/thumb2/libc.a(lib_a-svfiprintf.o)
                0x0000b158                __ssprint_r
                0x0000b260                _svfiprintf_r
 .text          0x0000bd3c       0x5c /opt/york/cs/net/sourcery-g++-lite-arm-eabi-2010.09.51-i686-1/arm-none-eabi/lib/thumb2/libc.a(lib_a-callocr.o)
                0x0000bd3c                _calloc_r
 .text          0x0000bd98       0xa0 /opt/york/cs/net/sourcery-g++-lite-arm-eabi-2010.09.51-i686-1/arm-none-eabi/lib/thumb2/libc.a(lib_a-memmove.o)
                0x0000bd98                memmove
 .text          0x0000be38       0xb4 /opt/york/cs/net/sourcery-g++-lite-arm-eabi-2010.09.51-i686-1/arm-none-eabi/lib/thumb2/libc.a(lib_a-memset.o)
                0x0000be38                memset
 .text          0x0000beec      0x41c /opt/york/cs/net/sourcery-g++-lite-arm-eabi-2010.09.51-i686-1/arm-none-eabi/lib/thumb2/libc.a(lib_a-reallocr.o)
                0x0000beec                _realloc_r
 .text          0x0000c308      0x278 /opt/york/cs/net/sourcery-g++-lite-arm-eabi-2010.09.51-i686-1/bin/../lib/gcc/arm-none-eabi/4.5.1/thumb2/libgcc.a(_udivsi3.o)
                0x0000c308                __udivsi3
                0x0000c308                __aeabi_uidiv
                0x0000c564                __aeabi_uidivmod
 .text          0x0000c580        0x4 /opt/york/cs/net/sourcery-g++-lite-arm-eabi-2010.09.51-i686-1/bin/../lib/gcc/arm-none-eabi/4.5.1/thumb2/libgcc.a(_dvmd_tls.o)
                0x0000c580                __aeabi_ldiv0
                0x0000c580                __aeabi_idiv0
 .text          0x0000c584      0x370 /opt/york/cs/net/sourcery-g++-lite-arm-eabi-2010.09.51-i686-1/bin/../lib/gcc/arm-none-eabi/4.5.1/thumb2/libgcc.a(_arm_addsubdf3.o)
                0x0000c584                __aeabi_drsub
                0x0000c58c                __aeabi_dsub
                0x0000c58c                __subdf3
                0x0000c590                __adddf3
                0x0000c590                __aeabi_dadd
                0x0000c808                __aeabi_ui2d
                0x0000c808                __floatunsidf
                0x0000c828                __floatsidf
                0x0000c828                __aeabi_i2d
                0x0000c84c                __extendsfdf2
                0x0000c84c                __aeabi_f2d
                0x0000c888                __aeabi_ul2d
                0x0000c888                __floatundidf
                0x0000c898                __floatdidf
                0x0000c898                __aeabi_l2d
 .text          0x0000c8f4      0x424 /opt/york/cs/net/sourcery-g++-lite-arm-eabi-2010.09.51-i686-1/bin/../lib/gcc/arm-none-eabi/4.5.1/thumb2/libgcc.a(_arm_muldivdf3.o)
                0x0000c8f4                __aeabi_dmul
                0x0000c8f4                __muldf3
                0x0000cb48                __aeabi_ddiv
                0x0000cb48                __divdf3
 .text          0x0000cd18      0x110 /opt/york/cs/net/sourcery-g++-lite-arm-eabi-2010.09.51-i686-1/bin/../lib/gcc/arm-none-eabi/4.5.1/thumb2/libgcc.a(_arm_cmpdf2.o)
                0x0000cd18                __gtdf2
                0x0000cd18                __gedf2
                0x0000cd20                __ltdf2
                0x0000cd20                __ledf2
                0x0000cd28                __cmpdf2
                0x0000cd28                __eqdf2
                0x0000cd28                __nedf2
                0x0000cda4                __aeabi_cdrcmple
                0x0000cdb4                __aeabi_cdcmple
                0x0000cdb4                __aeabi_cdcmpeq
                0x0000cdc4                __aeabi_dcmpeq
                0x0000cdd8                __aeabi_dcmplt
                0x0000cdec                __aeabi_dcmple
                0x0000ce00                __aeabi_dcmpge
                0x0000ce14                __aeabi_dcmpgt
 .text          0x0000ce28       0x50 /opt/york/cs/net/sourcery-g++-lite-arm-eabi-2010.09.51-i686-1/bin/../lib/gcc/arm-none-eabi/4.5.1/thumb2/libgcc.a(_arm_fixdfsi.o)
                0x0000ce28                __fixdfsi
                0x0000ce28                __aeabi_d2iz
 .text          0x0000ce78       0x2c /opt/york/cs/net/sourcery-g++-lite-arm-eabi-2010.09.51-i686-1/bin/../lib/gcc/arm-none-eabi/4.5.1/thumb2/libgcc.a(_aeabi_uldivmod.o)
                0x0000ce78                __aeabi_uldivmod
 .text          0x0000cea4       0x60 /opt/york/cs/net/sourcery-g++-lite-arm-eabi-2010.09.51-i686-1/bin/../lib/gcc/arm-none-eabi/4.5.1/thumb2/libgcc.a(bpabi.o)
                0x0000cea4                __gnu_ldivmod_helper
                0x0000ced4                __gnu_uldivmod_helper
 .text          0x0000cf04      0x364 /opt/york/cs/net/sourcery-g++-lite-arm-eabi-2010.09.51-i686-1/bin/../lib/gcc/arm-none-eabi/4.5.1/thumb2/libgcc.a(_divdi3.o)
                0x0000cf04                __divdi3
 .text          0x0000d268      0x314 /opt/york/cs/net/sourcery-g++-lite-arm-eabi-2010.09.51-i686-1/bin/../lib/gcc/arm-none-eabi/4.5.1/thumb2/libgcc.a(_udivdi3.o)
                0x0000d268                __udivdi3
 .text          0x0000d57c       0x30 /opt/york/cs/net/sourcery-g++-lite-arm-eabi-2010.09.51-i686-1/arm-none-eabi/lib/thumb2/libcs3.a(start_c.o)
                0x0000d57c                __cs3_premain
 .text.cs3.init
                0x0000d5ac       0x50 /opt/york/cs/net/sourcery-g++-lite-arm-eabi-2010.09.51-i686-1/arm-none-eabi/lib/thumb2/libcs3.a(start_c.o)
                0x0000d5ac                __cs3_start_c
 .text          0x0000d5fc       0x40 /opt/york/cs/net/sourcery-g++-lite-arm-eabi-2010.09.51-i686-1/arm-none-eabi/lib/thumb2/libcs3unhosted.a(unhosted-sbrk.o)
                0x0000d5fc                _sbrk
 .text          0x0000d63c        0x0 /opt/york/cs/net/sourcery-g++-lite-arm-eabi-2010.09.51-i686-1/arm-none-eabi/lib/thumb2/libcs3unhosted.a(unhosted-start.o)
 .text.cs3.init
                0x0000d63c       0x10 /opt/york/cs/net/sourcery-g++-lite-arm-eabi-2010.09.51-i686-1/arm-none-eabi/lib/thumb2/libcs3unhosted.a(unhosted-start.o)
                0x0000d63c                _start
 .text          0x0000d64c        0xc /opt/york/cs/net/sourcery-g++-lite-arm-eabi-2010.09.51-i686-1/arm-none-eabi/lib/thumb2/libc.a(lib_a-errno.o)
                0x0000d64c                __errno
 .text          0x0000d658       0x50 /opt/york/cs/net/sourcery-g++-lite-arm-eabi-2010.09.51-i686-1/arm-none-eabi/lib/thumb2/libc.a(lib_a-init.o)
                0x0000d658                __libc_init_array
 .text          0x0000d6a8        0x0 /opt/york/cs/net/sourcery-g++-lite-arm-eabi-2010.09.51-i686-1/arm-none-eabi/lib/thumb2/libcs3.a(heap.o)
 .text          0x0000d6a8        0x0 /opt/york/cs/net/lpc1700-cmsis-lite-2011.01.26-i686-1/lib/libDriversLPC17xxgnu.a(lpc17xx_gpdma.o)
 .text.GPDMA_Init
                0x0000d6a8       0xa0 /opt/york/cs/net/lpc1700-cmsis-lite-2011.01.26-i686-1/lib/libDriversLPC17xxgnu.a(lpc17xx_gpdma.o)
                0x0000d6a8                GPDMA_Init
 .text.GPDMA_Setup
                0x0000d748      0x41c /opt/york/cs/net/lpc1700-cmsis-lite-2011.01.26-i686-1/lib/libDriversLPC17xxgnu.a(lpc17xx_gpdma.o)
                0x0000d748                GPDMA_Setup
 .text.GPDMA_ChannelCmd
                0x0000db64       0x48 /opt/york/cs/net/lpc1700-cmsis-lite-2011.01.26-i686-1/lib/libDriversLPC17xxgnu.a(lpc17xx_gpdma.o)
                0x0000db64                GPDMA_ChannelCmd
 .text.GPDMA_IntGetStatus
                0x0000dbac      0x194 /opt/york/cs/net/lpc1700-cmsis-lite-2011.01.26-i686-1/lib/libDriversLPC17xxgnu.a(lpc17xx_gpdma.o)
                0x0000dbac                GPDMA_IntGetStatus
 .text.GPDMA_ClearIntPending
                0x0000dd40       0x80 /opt/york/cs/net/lpc1700-cmsis-lite-2011.01.26-i686-1/lib/libDriversLPC17xxgnu.a(lpc17xx_gpdma.o)
                0x0000dd40                GPDMA_ClearIntPending
 .text          0x0000ddc0        0x0 /opt/york/cs/net/lpc1700-cmsis-lite-2011.01.26-i686-1/lib/libDriversLPC17xxgnu.a(lpc17xx_i2c.o)
 .text.NVIC_EnableIRQ
                0x0000ddc0       0x38 /opt/york/cs/net/lpc1700-cmsis-lite-2011.01.26-i686-1/lib/libDriversLPC17xxgnu.a(lpc17xx_i2c.o)
 .text.NVIC_DisableIRQ
                0x0000ddf8       0x3c /opt/york/cs/net/lpc1700-cmsis-lite-2011.01.26-i686-1/lib/libDriversLPC17xxgnu.a(lpc17xx_i2c.o)
 .text.I2C_getNum
                0x0000de34       0x54 /opt/york/cs/net/lpc1700-cmsis-lite-2011.01.26-i686-1/lib/libDriversLPC17xxgnu.a(lpc17xx_i2c.o)
 .text.I2C_Start
                0x0000de88       0x44 /opt/york/cs/net/lpc1700-cmsis-lite-2011.01.26-i686-1/lib/libDriversLPC17xxgnu.a(lpc17xx_i2c.o)
 .text.I2C_Stop
                0x0000decc       0x38 /opt/york/cs/net/lpc1700-cmsis-lite-2011.01.26-i686-1/lib/libDriversLPC17xxgnu.a(lpc17xx_i2c.o)
 .text.I2C_SendByte
                0x0000df04       0x50 /opt/york/cs/net/lpc1700-cmsis-lite-2011.01.26-i686-1/lib/libDriversLPC17xxgnu.a(lpc17xx_i2c.o)
 .text.I2C_GetByte
                0x0000df54       0x5c /opt/york/cs/net/lpc1700-cmsis-lite-2011.01.26-i686-1/lib/libDriversLPC17xxgnu.a(lpc17xx_i2c.o)
 .text.I2C_SetClock
                0x0000dfb0       0xc8 /opt/york/cs/net/lpc1700-cmsis-lite-2011.01.26-i686-1/lib/libDriversLPC17xxgnu.a(lpc17xx_i2c.o)
 .text.I2C_Init
                0x0000e078       0xd8 /opt/york/cs/net/lpc1700-cmsis-lite-2011.01.26-i686-1/lib/libDriversLPC17xxgnu.a(lpc17xx_i2c.o)
                0x0000e078                I2C_Init
 .text.I2C_DeInit
                0x0000e150       0xa4 /opt/york/cs/net/lpc1700-cmsis-lite-2011.01.26-i686-1/lib/libDriversLPC17xxgnu.a(lpc17xx_i2c.o)
                0x0000e150                I2C_DeInit
 .text.I2C_Cmd  0x0000e1f4       0x84 /opt/york/cs/net/lpc1700-cmsis-lite-2011.01.26-i686-1/lib/libDriversLPC17xxgnu.a(lpc17xx_i2c.o)
                0x0000e1f4                I2C_Cmd
 .text.I2C_IntCmd
                0x0000e278       0xa8 /opt/york/cs/net/lpc1700-cmsis-lite-2011.01.26-i686-1/lib/libDriversLPC17xxgnu.a(lpc17xx_i2c.o)
                0x0000e278                I2C_IntCmd
 .text.I2C_MasterHandler
                0x0000e320      0x3d8 /opt/york/cs/net/lpc1700-cmsis-lite-2011.01.26-i686-1/lib/libDriversLPC17xxgnu.a(lpc17xx_i2c.o)
                0x0000e320                I2C_MasterHandler
 .text.I2C_SlaveHandler
                0x0000e6f8      0x1d8 /opt/york/cs/net/lpc1700-cmsis-lite-2011.01.26-i686-1/lib/libDriversLPC17xxgnu.a(lpc17xx_i2c.o)
                0x0000e6f8                I2C_SlaveHandler
 .text.I2C_MasterTransferData
                0x0000e8d0      0x33c /opt/york/cs/net/lpc1700-cmsis-lite-2011.01.26-i686-1/lib/libDriversLPC17xxgnu.a(lpc17xx_i2c.o)
                0x0000e8d0                I2C_MasterTransferData
 .text.I2C_SlaveTransferData
                0x0000ec0c      0x268 /opt/york/cs/net/lpc1700-cmsis-lite-2011.01.26-i686-1/lib/libDriversLPC17xxgnu.a(lpc17xx_i2c.o)
                0x0000ec0c                I2C_SlaveTransferData
 .text.I2C_SetOwnSlaveAddr
                0x0000ee74      0x118 /opt/york/cs/net/lpc1700-cmsis-lite-2011.01.26-i686-1/lib/libDriversLPC17xxgnu.a(lpc17xx_i2c.o)
                0x0000ee74                I2C_SetOwnSlaveAddr
 .text.I2C_MonitorModeConfig
                0x0000ef8c       0x9c /opt/york/cs/net/lpc1700-cmsis-lite-2011.01.26-i686-1/lib/libDriversLPC17xxgnu.a(lpc17xx_i2c.o)
                0x0000ef8c                I2C_MonitorModeConfig
 .text.I2C_MonitorModeCmd
                0x0000f028       0xb0 /opt/york/cs/net/lpc1700-cmsis-lite-2011.01.26-i686-1/lib/libDriversLPC17xxgnu.a(lpc17xx_i2c.o)
                0x0000f028                I2C_MonitorModeCmd
 .text.I2C_MonitorGetDatabuffer
                0x0000f0d8       0x54 /opt/york/cs/net/lpc1700-cmsis-lite-2011.01.26-i686-1/lib/libDriversLPC17xxgnu.a(lpc17xx_i2c.o)
                0x0000f0d8                I2C_MonitorGetDatabuffer
 .text.I2C_MonitorHandler
                0x0000f12c       0x6c /opt/york/cs/net/lpc1700-cmsis-lite-2011.01.26-i686-1/lib/libDriversLPC17xxgnu.a(lpc17xx_i2c.o)
                0x0000f12c                I2C_MonitorHandler
 .text.I2C_MasterTransferComplete
                0x0000f198       0x40 /opt/york/cs/net/lpc1700-cmsis-lite-2011.01.26-i686-1/lib/libDriversLPC17xxgnu.a(lpc17xx_i2c.o)
                0x0000f198                I2C_MasterTransferComplete
 .text.I2C_SlaveTransferComplete
                0x0000f1d8       0x40 /opt/york/cs/net/lpc1700-cmsis-lite-2011.01.26-i686-1/lib/libDriversLPC17xxgnu.a(lpc17xx_i2c.o)
                0x0000f1d8                I2C_SlaveTransferComplete
 .text          0x0000f218        0x0 /opt/york/cs/net/lpc1700-cmsis-lite-2011.01.26-i686-1/lib/libDriversLPC17xxgnu.a(lpc17xx_i2s.o)
 .text.i2s_GetWordWidth
                0x0000f218       0x8c /opt/york/cs/net/lpc1700-cmsis-lite-2011.01.26-i686-1/lib/libDriversLPC17xxgnu.a(lpc17xx_i2s.o)
 .text.i2s_GetChannel
                0x0000f2a4       0x84 /opt/york/cs/net/lpc1700-cmsis-lite-2011.01.26-i686-1/lib/libDriversLPC17xxgnu.a(lpc17xx_i2s.o)
 .text.I2S_Init
                0x0000f328       0x54 /opt/york/cs/net/lpc1700-cmsis-lite-2011.01.26-i686-1/lib/libDriversLPC17xxgnu.a(lpc17xx_i2s.o)
                0x0000f328                I2S_Init
 .text.I2S_Config
                0x0000f37c      0x168 /opt/york/cs/net/lpc1700-cmsis-lite-2011.01.26-i686-1/lib/libDriversLPC17xxgnu.a(lpc17xx_i2s.o)
                0x0000f37c                I2S_Config
 .text.I2S_DeInit
                0x0000f4e4       0x3c /opt/york/cs/net/lpc1700-cmsis-lite-2011.01.26-i686-1/lib/libDriversLPC17xxgnu.a(lpc17xx_i2s.o)
                0x0000f4e4                I2S_DeInit
 .text.I2S_GetLevel
                0x0000f520       0x6c /opt/york/cs/net/lpc1700-cmsis-lite-2011.01.26-i686-1/lib/libDriversLPC17xxgnu.a(lpc17xx_i2s.o)
                0x0000f520                I2S_GetLevel
 .text.I2S_Start
                0x0000f58c       0x50 /opt/york/cs/net/lpc1700-cmsis-lite-2011.01.26-i686-1/lib/libDriversLPC17xxgnu.a(lpc17xx_i2s.o)
                0x0000f58c                I2S_Start
 .text.I2S_Send
                0x0000f5dc       0x38 /opt/york/cs/net/lpc1700-cmsis-lite-2011.01.26-i686-1/lib/libDriversLPC17xxgnu.a(lpc17xx_i2s.o)
                0x0000f5dc                I2S_Send
 .text.I2S_Receive
                0x0000f614       0x34 /opt/york/cs/net/lpc1700-cmsis-lite-2011.01.26-i686-1/lib/libDriversLPC17xxgnu.a(lpc17xx_i2s.o)
                0x0000f614                I2S_Receive
 .text.I2S_Pause
                0x0000f648       0x70 /opt/york/cs/net/lpc1700-cmsis-lite-2011.01.26-i686-1/lib/libDriversLPC17xxgnu.a(lpc17xx_i2s.o)
                0x0000f648                I2S_Pause
 .text.I2S_Mute
                0x0000f6b8       0x70 /opt/york/cs/net/lpc1700-cmsis-lite-2011.01.26-i686-1/lib/libDriversLPC17xxgnu.a(lpc17xx_i2s.o)
                0x0000f6b8                I2S_Mute
 .text.I2S_Stop
                0x0000f728       0x94 /opt/york/cs/net/lpc1700-cmsis-lite-2011.01.26-i686-1/lib/libDriversLPC17xxgnu.a(lpc17xx_i2s.o)
                0x0000f728                I2S_Stop
 .text.I2S_FreqConfig
                0x0000f7bc      0x110 /opt/york/cs/net/lpc1700-cmsis-lite-2011.01.26-i686-1/lib/libDriversLPC17xxgnu.a(lpc17xx_i2s.o)
                0x0000f7bc                I2S_FreqConfig
 .text.I2S_SetBitRate
                0x0000f8cc       0x7c /opt/york/cs/net/lpc1700-cmsis-lite-2011.01.26-i686-1/lib/libDriversLPC17xxgnu.a(lpc17xx_i2s.o)
                0x0000f8cc                I2S_SetBitRate
 .text.I2S_ModeConfig
                0x0000f948      0x148 /opt/york/cs/net/lpc1700-cmsis-lite-2011.01.26-i686-1/lib/libDriversLPC17xxgnu.a(lpc17xx_i2s.o)
                0x0000f948                I2S_ModeConfig
 .text.I2S_DMAConfig
                0x0000fa90       0xd4 /opt/york/cs/net/lpc1700-cmsis-lite-2011.01.26-i686-1/lib/libDriversLPC17xxgnu.a(lpc17xx_i2s.o)
                0x0000fa90                I2S_DMAConfig
 .text.I2S_DMACmd
                0x0000fb64      0x120 /opt/york/cs/net/lpc1700-cmsis-lite-2011.01.26-i686-1/lib/libDriversLPC17xxgnu.a(lpc17xx_i2s.o)
                0x0000fb64                I2S_DMACmd
 .text.I2S_IRQConfig
                0x0000fc84       0x80 /opt/york/cs/net/lpc1700-cmsis-lite-2011.01.26-i686-1/lib/libDriversLPC17xxgnu.a(lpc17xx_i2s.o)
                0x0000fc84                I2S_IRQConfig
 .text.I2S_IRQCmd
                0x0000fd04       0x9c /opt/york/cs/net/lpc1700-cmsis-lite-2011.01.26-i686-1/lib/libDriversLPC17xxgnu.a(lpc17xx_i2s.o)
                0x0000fd04                I2S_IRQCmd
 .text.I2S_GetIRQStatus
                0x0000fda0       0x58 /opt/york/cs/net/lpc1700-cmsis-lite-2011.01.26-i686-1/lib/libDriversLPC17xxgnu.a(lpc17xx_i2s.o)
                0x0000fda0                I2S_GetIRQStatus
 .text.I2S_GetIRQDepth
                0x0000fdf8       0x50 /opt/york/cs/net/lpc1700-cmsis-lite-2011.01.26-i686-1/lib/libDriversLPC17xxgnu.a(lpc17xx_i2s.o)
                0x0000fdf8                I2S_GetIRQDepth
 .text          0x0000fe48        0x0 /opt/york/cs/net/lpc1700-cmsis-lite-2011.01.26-i686-1/lib/libDriversLPC17xxgnu.a(lpc17xx_libcfg_default.o)
 .text.check_failed
                0x0000fe48        0xc /opt/york/cs/net/lpc1700-cmsis-lite-2011.01.26-i686-1/lib/libDriversLPC17xxgnu.a(lpc17xx_libcfg_default.o)
                0x0000fe48                check_failed
 .text          0x0000fe54        0x0 /opt/york/cs/net/lpc1700-cmsis-lite-2011.01.26-i686-1/lib/libDriversLPC17xxgnu.a(lpc17xx_pinsel.o)
 .text.set_PinFunc
                0x0000fe54       0xa0 /opt/york/cs/net/lpc1700-cmsis-lite-2011.01.26-i686-1/lib/libDriversLPC17xxgnu.a(lpc17xx_pinsel.o)
 .text.set_ResistorMode
                0x0000fef4       0xa0 /opt/york/cs/net/lpc1700-cmsis-lite-2011.01.26-i686-1/lib/libDriversLPC17xxgnu.a(lpc17xx_pinsel.o)
 .text.set_OpenDrainMode
                0x0000ff94       0x80 /opt/york/cs/net/lpc1700-cmsis-lite-2011.01.26-i686-1/lib/libDriversLPC17xxgnu.a(lpc17xx_pinsel.o)
 .text.PINSEL_ConfigTraceFunc
                0x00010014       0x54 /opt/york/cs/net/lpc1700-cmsis-lite-2011.01.26-i686-1/lib/libDriversLPC17xxgnu.a(lpc17xx_pinsel.o)
                0x00010014                PINSEL_ConfigTraceFunc
 .text.PINSEL_SetI2C0Pins
                0x00010068       0x3c /opt/york/cs/net/lpc1700-cmsis-lite-2011.01.26-i686-1/lib/libDriversLPC17xxgnu.a(lpc17xx_pinsel.o)
                0x00010068                PINSEL_SetI2C0Pins
 .text.PINSEL_ConfigPin
                0x000100a4       0x54 /opt/york/cs/net/lpc1700-cmsis-lite-2011.01.26-i686-1/lib/libDriversLPC17xxgnu.a(lpc17xx_pinsel.o)
                0x000100a4                PINSEL_ConfigPin
 .text          0x000100f8        0x0 /opt/york/cs/net/lpc1700-cmsis-lite-2011.01.26-i686-1/lib/libDriversLPC17xxgnu.a(lpc17xx_uart.o)
 .text.uart_set_divisors
                0x000100f8      0x26c /opt/york/cs/net/lpc1700-cmsis-lite-2011.01.26-i686-1/lib/libDriversLPC17xxgnu.a(lpc17xx_uart.o)
 .text.UART_Init
                0x00010364      0x368 /opt/york/cs/net/lpc1700-cmsis-lite-2011.01.26-i686-1/lib/libDriversLPC17xxgnu.a(lpc17xx_uart.o)
                0x00010364                UART_Init
 .text.UART_DeInit
                0x000106cc       0xcc /opt/york/cs/net/lpc1700-cmsis-lite-2011.01.26-i686-1/lib/libDriversLPC17xxgnu.a(lpc17xx_uart.o)
                0x000106cc                UART_DeInit
 .text.UART_ConfigStructInit
                0x00010798       0x34 /opt/york/cs/net/lpc1700-cmsis-lite-2011.01.26-i686-1/lib/libDriversLPC17xxgnu.a(lpc17xx_uart.o)
                0x00010798                UART_ConfigStructInit
 .text.UART_SendByte
                0x000107cc       0x78 /opt/york/cs/net/lpc1700-cmsis-lite-2011.01.26-i686-1/lib/libDriversLPC17xxgnu.a(lpc17xx_uart.o)
                0x000107cc                UART_SendByte
 .text.UART_ReceiveByte
                0x00010844       0x78 /opt/york/cs/net/lpc1700-cmsis-lite-2011.01.26-i686-1/lib/libDriversLPC17xxgnu.a(lpc17xx_uart.o)
                0x00010844                UART_ReceiveByte
 .text.UART_Send
                0x000108bc      0x10c /opt/york/cs/net/lpc1700-cmsis-lite-2011.01.26-i686-1/lib/libDriversLPC17xxgnu.a(lpc17xx_uart.o)
                0x000108bc                UART_Send
 .text.UART_Receive
                0x000109c8       0xd8 /opt/york/cs/net/lpc1700-cmsis-lite-2011.01.26-i686-1/lib/libDriversLPC17xxgnu.a(lpc17xx_uart.o)
                0x000109c8                UART_Receive
 .text.UART_ForceBreak
                0x00010aa0       0x88 /opt/york/cs/net/lpc1700-cmsis-lite-2011.01.26-i686-1/lib/libDriversLPC17xxgnu.a(lpc17xx_uart.o)
                0x00010aa0                UART_ForceBreak
 .text.UART_IntConfig
                0x00010b28      0x1d0 /opt/york/cs/net/lpc1700-cmsis-lite-2011.01.26-i686-1/lib/libDriversLPC17xxgnu.a(lpc17xx_uart.o)
                0x00010b28                UART_IntConfig
 .text.UART_GetLineStatus
                0x00010cf8       0x7c /opt/york/cs/net/lpc1700-cmsis-lite-2011.01.26-i686-1/lib/libDriversLPC17xxgnu.a(lpc17xx_uart.o)
                0x00010cf8                UART_GetLineStatus
 .text.UART_GetIntId
                0x00010d74       0x68 /opt/york/cs/net/lpc1700-cmsis-lite-2011.01.26-i686-1/lib/libDriversLPC17xxgnu.a(lpc17xx_uart.o)
                0x00010d74                UART_GetIntId
 .text.UART_CheckBusy
                0x00010ddc       0x2c /opt/york/cs/net/lpc1700-cmsis-lite-2011.01.26-i686-1/lib/libDriversLPC17xxgnu.a(lpc17xx_uart.o)
                0x00010ddc                UART_CheckBusy
 .text.UART_FIFOConfig
                0x00010e08      0x184 /opt/york/cs/net/lpc1700-cmsis-lite-2011.01.26-i686-1/lib/libDriversLPC17xxgnu.a(lpc17xx_uart.o)
                0x00010e08                UART_FIFOConfig
 .text.UART_FIFOConfigStructInit
                0x00010f8c       0x34 /opt/york/cs/net/lpc1700-cmsis-lite-2011.01.26-i686-1/lib/libDriversLPC17xxgnu.a(lpc17xx_uart.o)
                0x00010f8c                UART_FIFOConfigStructInit
 .text.UART_ABCmd
                0x00010fc0      0x15c /opt/york/cs/net/lpc1700-cmsis-lite-2011.01.26-i686-1/lib/libDriversLPC17xxgnu.a(lpc17xx_uart.o)
                0x00010fc0                UART_ABCmd
 .text.UART_ABClearIntPending
                0x0001111c       0x88 /opt/york/cs/net/lpc1700-cmsis-lite-2011.01.26-i686-1/lib/libDriversLPC17xxgnu.a(lpc17xx_uart.o)
                0x0001111c                UART_ABClearIntPending
 .text.UART_TxCmd
                0x000111a4       0xe8 /opt/york/cs/net/lpc1700-cmsis-lite-2011.01.26-i686-1/lib/libDriversLPC17xxgnu.a(lpc17xx_uart.o)
                0x000111a4                UART_TxCmd
 .text.UART_IrDAInvtInputCmd
                0x0001128c       0x84 /opt/york/cs/net/lpc1700-cmsis-lite-2011.01.26-i686-1/lib/libDriversLPC17xxgnu.a(lpc17xx_uart.o)
                0x0001128c                UART_IrDAInvtInputCmd
 .text.UART_IrDACmd
                0x00011310       0x80 /opt/york/cs/net/lpc1700-cmsis-lite-2011.01.26-i686-1/lib/libDriversLPC17xxgnu.a(lpc17xx_uart.o)
                0x00011310                UART_IrDACmd
 .text.UART_IrDAPulseDivConfig
                0x00011390       0xac /opt/york/cs/net/lpc1700-cmsis-lite-2011.01.26-i686-1/lib/libDriversLPC17xxgnu.a(lpc17xx_uart.o)
                0x00011390                UART_IrDAPulseDivConfig
 .text.UART_FullModemForcePinState
                0x0001143c       0xcc /opt/york/cs/net/lpc1700-cmsis-lite-2011.01.26-i686-1/lib/libDriversLPC17xxgnu.a(lpc17xx_uart.o)
                0x0001143c                UART_FullModemForcePinState
 .text.UART_FullModemConfigMode
                0x00011508       0xd8 /opt/york/cs/net/lpc1700-cmsis-lite-2011.01.26-i686-1/lib/libDriversLPC17xxgnu.a(lpc17xx_uart.o)
                0x00011508                UART_FullModemConfigMode
 .text.UART_FullModemGetStatus
                0x000115e0       0x38 /opt/york/cs/net/lpc1700-cmsis-lite-2011.01.26-i686-1/lib/libDriversLPC17xxgnu.a(lpc17xx_uart.o)
                0x000115e0                UART_FullModemGetStatus
 .text.UART_RS485Config
                0x00011618      0x1bc /opt/york/cs/net/lpc1700-cmsis-lite-2011.01.26-i686-1/lib/libDriversLPC17xxgnu.a(lpc17xx_uart.o)
                0x00011618                UART_RS485Config
 .text.UART_RS485ReceiverCmd
                0x000117d4       0x48 /opt/york/cs/net/lpc1700-cmsis-lite-2011.01.26-i686-1/lib/libDriversLPC17xxgnu.a(lpc17xx_uart.o)
                0x000117d4                UART_RS485ReceiverCmd
 .text.UART_RS485Send
                0x0001181c       0x84 /opt/york/cs/net/lpc1700-cmsis-lite-2011.01.26-i686-1/lib/libDriversLPC17xxgnu.a(lpc17xx_uart.o)
                0x0001181c                UART_RS485Send
 .text.UART_RS485SendSlvAddr
                0x000118a0       0x28 /opt/york/cs/net/lpc1700-cmsis-lite-2011.01.26-i686-1/lib/libDriversLPC17xxgnu.a(lpc17xx_uart.o)
                0x000118a0                UART_RS485SendSlvAddr
 .text.UART_RS485SendData
                0x000118c8       0x28 /opt/york/cs/net/lpc1700-cmsis-lite-2011.01.26-i686-1/lib/libDriversLPC17xxgnu.a(lpc17xx_uart.o)
                0x000118c8                UART_RS485SendData
 .text          0x000118f0        0x0 /opt/york/cs/net/lpc1700-cmsis-lite-2011.01.26-i686-1/lib/libDriversLPC17xxgnu.a(lpc17xx_clkpwr.o)
 .text.CLKPWR_SetPCLKDiv
                0x000118f0       0xd4 /opt/york/cs/net/lpc1700-cmsis-lite-2011.01.26-i686-1/lib/libDriversLPC17xxgnu.a(lpc17xx_clkpwr.o)
                0x000118f0                CLKPWR_SetPCLKDiv
 .text.CLKPWR_GetPCLKSEL
                0x000119c4       0x54 /opt/york/cs/net/lpc1700-cmsis-lite-2011.01.26-i686-1/lib/libDriversLPC17xxgnu.a(lpc17xx_clkpwr.o)
                0x000119c4                CLKPWR_GetPCLKSEL
 .text.CLKPWR_GetPCLK
                0x00011a18       0x70 /opt/york/cs/net/lpc1700-cmsis-lite-2011.01.26-i686-1/lib/libDriversLPC17xxgnu.a(lpc17xx_clkpwr.o)
                0x00011a18                CLKPWR_GetPCLK
 .text.CLKPWR_ConfigPPWR
                0x00011a88       0x80 /opt/york/cs/net/lpc1700-cmsis-lite-2011.01.26-i686-1/lib/libDriversLPC17xxgnu.a(lpc17xx_clkpwr.o)
                0x00011a88                CLKPWR_ConfigPPWR
 .text.CLKPWR_Sleep
                0x00011b08       0x1c /opt/york/cs/net/lpc1700-cmsis-lite-2011.01.26-i686-1/lib/libDriversLPC17xxgnu.a(lpc17xx_clkpwr.o)
                0x00011b08                CLKPWR_Sleep
 .text.CLKPWR_DeepSleep
                0x00011b24       0x2c /opt/york/cs/net/lpc1700-cmsis-lite-2011.01.26-i686-1/lib/libDriversLPC17xxgnu.a(lpc17xx_clkpwr.o)
                0x00011b24                CLKPWR_DeepSleep
 .text.CLKPWR_PowerDown
                0x00011b50       0x2c /opt/york/cs/net/lpc1700-cmsis-lite-2011.01.26-i686-1/lib/libDriversLPC17xxgnu.a(lpc17xx_clkpwr.o)
                0x00011b50                CLKPWR_PowerDown
 .text.CLKPWR_DeepPowerDown
                0x00011b7c       0x2c /opt/york/cs/net/lpc1700-cmsis-lite-2011.01.26-i686-1/lib/libDriversLPC17xxgnu.a(lpc17xx_clkpwr.o)
                0x00011b7c                CLKPWR_DeepPowerDown
 .text          0x00011ba8        0x0 /opt/york/cs/net/sourcery-g++-lite-arm-eabi-2010.09.51-i686-1/bin/../lib/gcc/arm-none-eabi/4.5.1/thumb2/crtend.o
 .text          0x00011ba8        0x0 /opt/york/cs/net/sourcery-g++-lite-arm-eabi-2010.09.51-i686-1/bin/../lib/gcc/arm-none-eabi/4.5.1/thumb2/crtn.o
 *(.plt)
 *(.gnu.warning)
 *(.glue_7t)
 .glue_7t       0x00000000        0x0 linker stubs
 *(.glue_7)
 .glue_7        0x00000000        0x0 linker stubs
 *(.vfp11_veneer)
 .vfp11_veneer  0x00000000        0x0 linker stubs
 *(.rodata .rodata.* .gnu.linkonce.r.*)
 .rodata        0x00011ba8      0x180 main.o
 .rodata.C.0.2899
                0x00011d28       0x10 source/KeyAccess.o
 .rodata        0x00011d38       0x14 source/LCD.o
 .rodata.C.12.5109
                0x00011d4c        0x4 source/LCD.o
 .rodata.C.13.5110
                0x00011d50       0x14 source/LCD.o
 .rodata.C.14.5111
                0x00011d64        0xc source/LCD.o
 .rodata.C.1.2902
                0x00011d70       0x14 source/TLV320.o
 .rodata.C.2.2903
                0x00011d84       0x10 source/TLV320.o
 .rodata.C.3.2904
                0x00011d94        0x8 source/TLV320.o
 .rodata.C.4.2905
                0x00011d9c        0x8 source/TLV320.o
 .rodata.C.5.2906
                0x00011da4        0x4 source/TLV320.o
 .rodata.DbcTbl
                0x00011da8        0xc Project_Files/ff13c/source/ff.o
 .rodata        0x00011db4       0x1c Project_Files/ff13c/source/ff.o
 .rodata        0x00011dd0       0x20 /opt/york/cs/net/sourcery-g++-lite-arm-eabi-2010.09.51-i686-1/arm-none-eabi/lib/thumb2/libc.a(lib_a-svfprintf.o)
 .rodata.str1.4
                0x00011df0       0x42 /opt/york/cs/net/sourcery-g++-lite-arm-eabi-2010.09.51-i686-1/arm-none-eabi/lib/thumb2/libc.a(lib_a-svfprintf.o)
                                 0x44 (size before relaxing)
 *fill*         0x00011e32        0x2 00
 .rodata.str1.4
                0x00011e34       0x10 /opt/york/cs/net/sourcery-g++-lite-arm-eabi-2010.09.51-i686-1/arm-none-eabi/lib/thumb2/libc.a(lib_a-dtoa.o)
                                 0x14 (size before relaxing)
 .rodata        0x00011e44        0x4 /opt/york/cs/net/sourcery-g++-lite-arm-eabi-2010.09.51-i686-1/arm-none-eabi/lib/thumb2/libc.a(lib_a-impure.o)
                0x00011e44                _global_impure_ptr
 .rodata.str1.4
                0x00011e48        0x2 /opt/york/cs/net/sourcery-g++-lite-arm-eabi-2010.09.51-i686-1/arm-none-eabi/lib/thumb2/libc.a(lib_a-impure.o)
                                  0x4 (size before relaxing)
 *fill*         0x00011e4a        0x2 00
 .rodata.str1.4
                0x00011e4c        0xc /opt/york/cs/net/sourcery-g++-lite-arm-eabi-2010.09.51-i686-1/arm-none-eabi/lib/thumb2/libc.a(lib_a-locale.o)
                                 0x14 (size before relaxing)
 .rodata        0x00011e58      0x128 /opt/york/cs/net/sourcery-g++-lite-arm-eabi-2010.09.51-i686-1/arm-none-eabi/lib/thumb2/libc.a(lib_a-mprec.o)
                0x00011e68                __mprec_tens
                0x00011f30                __mprec_bigtens
                0x00011f58                __mprec_tinytens
 .rodata        0x00011f80       0x20 /opt/york/cs/net/sourcery-g++-lite-arm-eabi-2010.09.51-i686-1/arm-none-eabi/lib/thumb2/libc.a(lib_a-svfiprintf.o)
 .rodata.str1.4
                0x00000000       0x30 /opt/york/cs/net/sourcery-g++-lite-arm-eabi-2010.09.51-i686-1/arm-none-eabi/lib/thumb2/libc.a(lib_a-svfiprintf.o)
 .rodata.GPDMA_LUTPerAddr
                0x00011fa0       0x60 /opt/york/cs/net/lpc1700-cmsis-lite-2011.01.26-i686-1/lib/libDriversLPC17xxgnu.a(lpc17xx_gpdma.o)
                0x00011fa0                GPDMA_LUTPerAddr
 .rodata.GPDMA_LUTPerBurst
                0x00012000       0x18 /opt/york/cs/net/lpc1700-cmsis-lite-2011.01.26-i686-1/lib/libDriversLPC17xxgnu.a(lpc17xx_gpdma.o)
                0x00012000                GPDMA_LUTPerBurst
 .rodata.GPDMA_LUTPerWid
                0x00012018       0x18 /opt/york/cs/net/lpc1700-cmsis-lite-2011.01.26-i686-1/lib/libDriversLPC17xxgnu.a(lpc17xx_gpdma.o)
                0x00012018                GPDMA_LUTPerWid
 .rodata        0x00012030       0x10 /opt/york/cs/net/lpc1700-cmsis-lite-2011.01.26-i686-1/lib/libDriversLPC17xxgnu.a(lpc17xx_gpdma.o)
 .rodata        0x00012040       0x10 /opt/york/cs/net/lpc1700-cmsis-lite-2011.01.26-i686-1/lib/libDriversLPC17xxgnu.a(lpc17xx_i2c.o)
 .rodata        0x00012050       0x10 /opt/york/cs/net/lpc1700-cmsis-lite-2011.01.26-i686-1/lib/libDriversLPC17xxgnu.a(lpc17xx_i2s.o)
 .rodata        0x00012060       0x10 /opt/york/cs/net/lpc1700-cmsis-lite-2011.01.26-i686-1/lib/libDriversLPC17xxgnu.a(lpc17xx_uart.o)
 *(.ARM.extab* .gnu.linkonce.armextab.*)
 .ARM.extab.cs3.reset
                0x00012070        0x0 /opt/york/cs/net/lpc1700-cmsis-lite-2011.01.26-i686-1/lib/startup_LPC17xx.o
 .ARM.extab     0x00012070        0x0 /opt/york/cs/net/sourcery-g++-lite-arm-eabi-2010.09.51-i686-1/bin/../lib/gcc/arm-none-eabi/4.5.1/thumb2/libgcc.a(_divdi3.o)
 .ARM.extab     0x00012070        0x0 /opt/york/cs/net/sourcery-g++-lite-arm-eabi-2010.09.51-i686-1/bin/../lib/gcc/arm-none-eabi/4.5.1/thumb2/libgcc.a(_udivdi3.o)
 *(.gcc_except_table)
 *(.eh_frame_hdr)
 *(.eh_frame)
                0x00012070                . = ALIGN (0x4)
 *(.init)
 .init          0x00012070        0x4 /opt/york/cs/net/sourcery-g++-lite-arm-eabi-2010.09.51-i686-1/bin/../lib/gcc/arm-none-eabi/4.5.1/thumb2/crti.o
                0x00012070                _init
 .init          0x00012074        0x8 /opt/york/cs/net/sourcery-g++-lite-arm-eabi-2010.09.51-i686-1/bin/../lib/gcc/arm-none-eabi/4.5.1/thumb2/crtn.o
                0x0001207c                . = ALIGN (0x4)
                0x0001207c                __preinit_array_start = .
 *(.preinit_array)
                0x0001207c                __preinit_array_end = .
                0x0001207c                . = ALIGN (0x4)
                0x0001207c                __init_array_start = .
 *(SORT(.init_array.*))
 *(.init_array)
 .init_array    0x0001207c        0x4 /opt/york/cs/net/sourcery-g++-lite-arm-eabi-2010.09.51-i686-1/bin/../lib/gcc/arm-none-eabi/4.5.1/thumb2/crtbegin.o
                0x00012080                __init_array_end = .
                0x00012080                . = ALIGN (0x4)
 *crtbegin.o(.ctors)
 *(EXCLUDE_FILE(*crtend.o) .ctors)
 *(SORT(.ctors.*))
 *crtend.o(.ctors)
                0x00012080                . = ALIGN (0x4)
 *(.fini)
 .fini          0x00012080        0x4 /opt/york/cs/net/sourcery-g++-lite-arm-eabi-2010.09.51-i686-1/bin/../lib/gcc/arm-none-eabi/4.5.1/thumb2/crti.o
                0x00012080                _fini
 .fini          0x00012084        0x8 /opt/york/cs/net/sourcery-g++-lite-arm-eabi-2010.09.51-i686-1/bin/../lib/gcc/arm-none-eabi/4.5.1/thumb2/crtn.o
                0x0001208c                . = ALIGN (0x4)
                0x0001208c                __fini_array_start = .
 *(.fini_array)
 .fini_array    0x0001208c        0x4 /opt/york/cs/net/sourcery-g++-lite-arm-eabi-2010.09.51-i686-1/bin/../lib/gcc/arm-none-eabi/4.5.1/thumb2/crtbegin.o
 *(SORT(.fini_array.*))
                0x00012090                __fini_array_end = .
 *crtbegin.o(.dtors)
 *(EXCLUDE_FILE(*crtend.o) .dtors)
 *(SORT(.dtors.*))
 *crtend.o(.dtors)
                0x00012090                . = ALIGN (0x4)
                0x00012090                __cs3_regions = .
                0x00012090        0x4 LONG 0x0
                0x00012094        0x4 LONG 0x120b0 __cs3_region_init_ram
                0x00012098        0x4 LONG 0x10000000 __cs3_region_start_ram
                0x0001209c        0x4 LONG 0x600 __cs3_region_init_size_ram
                0x000120a0        0x4 LONG 0x518 __cs3_region_zero_size_ram
                0x000120a4                __exidx_start = .

.v4_bx          0x000120a4        0x0
 .v4_bx         0x00000000        0x0 linker stubs

.ARM.exidx      0x000120a4        0x8
 *(.ARM.exidx* .gnu.linkonce.armexidx.*)
 .ARM.exidx.cs3.reset
                0x000120a4        0x8 /opt/york/cs/net/lpc1700-cmsis-lite-2011.01.26-i686-1/lib/startup_LPC17xx.o
 .ARM.exidx     0x000120ac        0x0 /opt/york/cs/net/sourcery-g++-lite-arm-eabi-2010.09.51-i686-1/bin/../lib/gcc/arm-none-eabi/4.5.1/thumb2/libgcc.a(_divdi3.o)
                                  0x8 (size before relaxing)
 .ARM.exidx     0x000120ac        0x0 /opt/york/cs/net/sourcery-g++-lite-arm-eabi-2010.09.51-i686-1/bin/../lib/gcc/arm-none-eabi/4.5.1/thumb2/libgcc.a(_udivdi3.o)
                                  0x8 (size before relaxing)
                0x000120ac                __exidx_end = .

.text.align     0x000120ac        0x4
                0x000120b0                . = ALIGN (0x8)
 *fill*         0x000120ac        0x4 00
                0x000120b0                _etext = .
                0x00080000                __cs3_region_size_rom = 0x80000
                0x00000001                __cs3_region_num = 0x1

.data           0x10000000      0x600 load address 0x000120b0
                0x10000000                __cs3_region_start_ram = .
 *(.cs3.region-head.ram)
 *(.jcr)
 .jcr           0x10000000        0x0 /opt/york/cs/net/sourcery-g++-lite-arm-eabi-2010.09.51-i686-1/bin/../lib/gcc/arm-none-eabi/4.5.1/thumb2/crtbegin.o
 .jcr           0x10000000        0x4 /opt/york/cs/net/sourcery-g++-lite-arm-eabi-2010.09.51-i686-1/bin/../lib/gcc/arm-none-eabi/4.5.1/thumb2/crtend.o
 *(.got.plt)
 *(.got)
 *(.shdata)
 *(.data .data.* .gnu.linkonce.d.*)
 .data          0x10000004        0x0 /opt/york/cs/net/sourcery-g++-lite-arm-eabi-2010.09.51-i686-1/bin/../lib/gcc/arm-none-eabi/4.5.1/thumb2/crti.o
 .data          0x10000004        0x4 /opt/york/cs/net/sourcery-g++-lite-arm-eabi-2010.09.51-i686-1/bin/../lib/gcc/arm-none-eabi/4.5.1/thumb2/crtbegin.o
                0x10000004                __dso_handle
 .data          0x10000008        0x0 main.o
 .data.MenuText
                0x10000008       0x1c main.o
                0x10000008                MenuText
 .data.menuFuncs
                0x10000024       0x28 main.o
                0x10000024                menuFuncs
 .data          0x1000004c        0x0 source/i2s_polling.o
 .data          0x1000004c        0x0 source/KeyAccess.o
 .data          0x1000004c        0x0 source/LCD.o
 .data          0x1000004c        0x0 source/i2s.o
 .data          0x1000004c        0x0 source/TLV320.o
 .data          0x1000004c        0x0 source/Delay.o
 .data          0x1000004c        0x0 source/SerialIO.o
 .data          0x1000004c        0x0 source/I2C.o
 .data          0x1000004c        0x0 Project_Files/ff13c/source/ffsystem.o
 .data          0x1000004c        0x0 Project_Files/ff13c/source/ff.o
 .data          0x1000004c        0x0 Project_Files/ff13c/source/ffunicode.o
 .data          0x1000004c        0x0 Project_Files/ff13c/source/mmc_176x_ssp.o
 .data.Stat     0x1000004c        0x1 Project_Files/ff13c/source/mmc_176x_ssp.o
 .data          0x1000004d        0x0 Project_Files/ff13c/source/diskio.o
 .data          0x1000004d        0x0 /opt/york/cs/net/lpc1700-cmsis-lite-2011.01.26-i686-1/lib/core_cm3.o
 .data          0x1000004d        0x0 /opt/york/cs/net/lpc1700-cmsis-lite-2011.01.26-i686-1/lib/system_LPC17xx.o
 *fill*         0x1000004d        0x3 00
 .data.SystemCoreClock
                0x10000050        0x4 /opt/york/cs/net/lpc1700-cmsis-lite-2011.01.26-i686-1/lib/system_LPC17xx.o
                0x10000050                SystemCoreClock
 .data          0x10000054        0x0 /opt/york/cs/net/lpc1700-cmsis-lite-2011.01.26-i686-1/lib/startup_LPC17xx.o
 .data          0x10000054        0x0 /opt/york/cs/net/sourcery-g++-lite-arm-eabi-2010.09.51-i686-1/arm-none-eabi/lib/thumb2/libc.a(lib_a-malloc.o)
 .data          0x10000054      0x410 /opt/york/cs/net/sourcery-g++-lite-arm-eabi-2010.09.51-i686-1/arm-none-eabi/lib/thumb2/libc.a(lib_a-mallocr.o)
                0x10000054                __malloc_av_
                0x1000045c                __malloc_sbrk_base
                0x10000460                __malloc_trim_threshold
 .data          0x10000464        0x0 /opt/york/cs/net/sourcery-g++-lite-arm-eabi-2010.09.51-i686-1/arm-none-eabi/lib/thumb2/libc.a(lib_a-mlock.o)
 .data          0x10000464        0x0 /opt/york/cs/net/sourcery-g++-lite-arm-eabi-2010.09.51-i686-1/arm-none-eabi/lib/thumb2/libc.a(lib_a-sbrkr.o)
 .data          0x10000464        0x0 /opt/york/cs/net/sourcery-g++-lite-arm-eabi-2010.09.51-i686-1/arm-none-eabi/lib/thumb2/libc.a(lib_a-sprintf.o)
 .data          0x10000464        0x0 /opt/york/cs/net/sourcery-g++-lite-arm-eabi-2010.09.51-i686-1/arm-none-eabi/lib/thumb2/libc.a(lib_a-strlen.o)
 .data          0x10000464        0x0 /opt/york/cs/net/sourcery-g++-lite-arm-eabi-2010.09.51-i686-1/arm-none-eabi/lib/thumb2/libc.a(lib_a-svfprintf.o)
 .data          0x10000464        0x0 /opt/york/cs/net/sourcery-g++-lite-arm-eabi-2010.09.51-i686-1/arm-none-eabi/lib/thumb2/libc.a(lib_a-dtoa.o)
 .data          0x10000464        0x0 /opt/york/cs/net/sourcery-g++-lite-arm-eabi-2010.09.51-i686-1/arm-none-eabi/lib/thumb2/libc.a(lib_a-freer.o)
 .data          0x10000464       0xf4 /opt/york/cs/net/sourcery-g++-lite-arm-eabi-2010.09.51-i686-1/arm-none-eabi/lib/thumb2/libc.a(lib_a-impure.o)
                0x10000464                _impure_ptr
 .data          0x10000558       0x7c /opt/york/cs/net/sourcery-g++-lite-arm-eabi-2010.09.51-i686-1/arm-none-eabi/lib/thumb2/libc.a(lib_a-locale.o)
                0x10000578                __mb_cur_max
 .data          0x100005d4        0x0 /opt/york/cs/net/sourcery-g++-lite-arm-eabi-2010.09.51-i686-1/arm-none-eabi/lib/thumb2/libc.a(lib_a-memchr.o)
 .data          0x100005d4        0x0 /opt/york/cs/net/sourcery-g++-lite-arm-eabi-2010.09.51-i686-1/arm-none-eabi/lib/thumb2/libc.a(lib_a-memcpy.o)
 .data          0x100005d4        0x0 /opt/york/cs/net/sourcery-g++-lite-arm-eabi-2010.09.51-i686-1/arm-none-eabi/lib/thumb2/libc.a(lib_a-mprec.o)
 .data          0x100005d4        0x0 /opt/york/cs/net/sourcery-g++-lite-arm-eabi-2010.09.51-i686-1/arm-none-eabi/lib/thumb2/libc.a(lib_a-reent.o)
 .data          0x100005d4        0x0 /opt/york/cs/net/sourcery-g++-lite-arm-eabi-2010.09.51-i686-1/arm-none-eabi/lib/thumb2/libc.a(lib_a-s_fpclassify.o)
 .data          0x100005d4        0x0 /opt/york/cs/net/sourcery-g++-lite-arm-eabi-2010.09.51-i686-1/arm-none-eabi/lib/thumb2/libc.a(lib_a-strcmp.o)
 .data          0x100005d4        0x0 /opt/york/cs/net/sourcery-g++-lite-arm-eabi-2010.09.51-i686-1/arm-none-eabi/lib/thumb2/libc.a(lib_a-svfiprintf.o)
 .data          0x100005d4        0x0 /opt/york/cs/net/sourcery-g++-lite-arm-eabi-2010.09.51-i686-1/arm-none-eabi/lib/thumb2/libc.a(lib_a-callocr.o)
 .data          0x100005d4        0x0 /opt/york/cs/net/sourcery-g++-lite-arm-eabi-2010.09.51-i686-1/arm-none-eabi/lib/thumb2/libc.a(lib_a-memmove.o)
 .data          0x100005d4        0x0 /opt/york/cs/net/sourcery-g++-lite-arm-eabi-2010.09.51-i686-1/arm-none-eabi/lib/thumb2/libc.a(lib_a-memset.o)
 .data          0x100005d4        0x0 /opt/york/cs/net/sourcery-g++-lite-arm-eabi-2010.09.51-i686-1/arm-none-eabi/lib/thumb2/libc.a(lib_a-reallocr.o)
 .data          0x100005d4        0x0 /opt/york/cs/net/sourcery-g++-lite-arm-eabi-2010.09.51-i686-1/bin/../lib/gcc/arm-none-eabi/4.5.1/thumb2/libgcc.a(_udivsi3.o)
 .data          0x100005d4        0x0 /opt/york/cs/net/sourcery-g++-lite-arm-eabi-2010.09.51-i686-1/bin/../lib/gcc/arm-none-eabi/4.5.1/thumb2/libgcc.a(_dvmd_tls.o)
 .data          0x100005d4        0x0 /opt/york/cs/net/sourcery-g++-lite-arm-eabi-2010.09.51-i686-1/bin/../lib/gcc/arm-none-eabi/4.5.1/thumb2/libgcc.a(_arm_addsubdf3.o)
 .data          0x100005d4        0x0 /opt/york/cs/net/sourcery-g++-lite-arm-eabi-2010.09.51-i686-1/bin/../lib/gcc/arm-none-eabi/4.5.1/thumb2/libgcc.a(_arm_muldivdf3.o)
 .data          0x100005d4        0x0 /opt/york/cs/net/sourcery-g++-lite-arm-eabi-2010.09.51-i686-1/bin/../lib/gcc/arm-none-eabi/4.5.1/thumb2/libgcc.a(_arm_cmpdf2.o)
 .data          0x100005d4        0x0 /opt/york/cs/net/sourcery-g++-lite-arm-eabi-2010.09.51-i686-1/bin/../lib/gcc/arm-none-eabi/4.5.1/thumb2/libgcc.a(_arm_fixdfsi.o)
 .data          0x100005d4        0x0 /opt/york/cs/net/sourcery-g++-lite-arm-eabi-2010.09.51-i686-1/bin/../lib/gcc/arm-none-eabi/4.5.1/thumb2/libgcc.a(_aeabi_uldivmod.o)
 .data          0x100005d4        0x0 /opt/york/cs/net/sourcery-g++-lite-arm-eabi-2010.09.51-i686-1/bin/../lib/gcc/arm-none-eabi/4.5.1/thumb2/libgcc.a(bpabi.o)
 .data          0x100005d4        0x0 /opt/york/cs/net/sourcery-g++-lite-arm-eabi-2010.09.51-i686-1/bin/../lib/gcc/arm-none-eabi/4.5.1/thumb2/libgcc.a(_divdi3.o)
 .data          0x100005d4        0x0 /opt/york/cs/net/sourcery-g++-lite-arm-eabi-2010.09.51-i686-1/bin/../lib/gcc/arm-none-eabi/4.5.1/thumb2/libgcc.a(_udivdi3.o)
 .data          0x100005d4        0x0 /opt/york/cs/net/sourcery-g++-lite-arm-eabi-2010.09.51-i686-1/arm-none-eabi/lib/thumb2/libcs3.a(start_c.o)
 .data          0x100005d4        0x4 /opt/york/cs/net/sourcery-g++-lite-arm-eabi-2010.09.51-i686-1/arm-none-eabi/lib/thumb2/libcs3unhosted.a(unhosted-sbrk.o)
 .data          0x100005d8        0x0 /opt/york/cs/net/sourcery-g++-lite-arm-eabi-2010.09.51-i686-1/arm-none-eabi/lib/thumb2/libcs3unhosted.a(unhosted-start.o)
 .data          0x100005d8        0x0 /opt/york/cs/net/sourcery-g++-lite-arm-eabi-2010.09.51-i686-1/arm-none-eabi/lib/thumb2/libc.a(lib_a-errno.o)
 .data          0x100005d8        0x0 /opt/york/cs/net/sourcery-g++-lite-arm-eabi-2010.09.51-i686-1/arm-none-eabi/lib/thumb2/libc.a(lib_a-init.o)
 .data          0x100005d8        0x4 /opt/york/cs/net/sourcery-g++-lite-arm-eabi-2010.09.51-i686-1/arm-none-eabi/lib/thumb2/libcs3.a(heap.o)
                0x100005d8                __cs3_heap_limit
 .data          0x100005dc        0x0 /opt/york/cs/net/lpc1700-cmsis-lite-2011.01.26-i686-1/lib/libDriversLPC17xxgnu.a(lpc17xx_gpdma.o)
 .data.pGPDMACh
                0x100005dc       0x20 /opt/york/cs/net/lpc1700-cmsis-lite-2011.01.26-i686-1/lib/libDriversLPC17xxgnu.a(lpc17xx_gpdma.o)
                0x100005dc                pGPDMACh
 .data          0x100005fc        0x0 /opt/york/cs/net/lpc1700-cmsis-lite-2011.01.26-i686-1/lib/libDriversLPC17xxgnu.a(lpc17xx_i2c.o)
 .data          0x100005fc        0x0 /opt/york/cs/net/lpc1700-cmsis-lite-2011.01.26-i686-1/lib/libDriversLPC17xxgnu.a(lpc17xx_i2s.o)
 .data          0x100005fc        0x0 /opt/york/cs/net/lpc1700-cmsis-lite-2011.01.26-i686-1/lib/libDriversLPC17xxgnu.a(lpc17xx_libcfg_default.o)
 .data          0x100005fc        0x0 /opt/york/cs/net/lpc1700-cmsis-lite-2011.01.26-i686-1/lib/libDriversLPC17xxgnu.a(lpc17xx_pinsel.o)
 .data          0x100005fc        0x0 /opt/york/cs/net/lpc1700-cmsis-lite-2011.01.26-i686-1/lib/libDriversLPC17xxgnu.a(lpc17xx_uart.o)
 .data          0x100005fc        0x0 /opt/york/cs/net/lpc1700-cmsis-lite-2011.01.26-i686-1/lib/libDriversLPC17xxgnu.a(lpc17xx_clkpwr.o)
 .data          0x100005fc        0x0 /opt/york/cs/net/sourcery-g++-lite-arm-eabi-2010.09.51-i686-1/bin/../lib/gcc/arm-none-eabi/4.5.1/thumb2/crtend.o
 .data          0x100005fc        0x0 /opt/york/cs/net/sourcery-g++-lite-arm-eabi-2010.09.51-i686-1/bin/../lib/gcc/arm-none-eabi/4.5.1/thumb2/crtn.o
 *(.ram)
                0x10000600                . = ALIGN (0x8)
 *fill*         0x100005fc        0x4 00
                0x10000600                _edata = .

.bss            0x10000600      0x518 load address 0x000126b0
 *(.shbss)
 *(.bss .bss.* .gnu.linkonce.b.*)
 .bss           0x10000600        0x0 /opt/york/cs/net/sourcery-g++-lite-arm-eabi-2010.09.51-i686-1/bin/../lib/gcc/arm-none-eabi/4.5.1/thumb2/crti.o
 .bss           0x10000600        0x1 /opt/york/cs/net/sourcery-g++-lite-arm-eabi-2010.09.51-i686-1/bin/../lib/gcc/arm-none-eabi/4.5.1/thumb2/crtbegin.o
 .bss           0x10000601        0x0 main.o
 *fill*         0x10000601        0x3 00
 .bss.i2s_Interrupt_Mode
                0x10000604        0x4 main.o
                0x10000604                i2s_Interrupt_Mode
 .bss           0x10000608        0x0 source/i2s_polling.o
 .bss           0x10000608        0x0 source/KeyAccess.o
 .bss           0x10000608        0x0 source/LCD.o
 .bss           0x10000608        0x0 source/i2s.o
 .bss           0x10000608        0x0 source/TLV320.o
 .bss           0x10000608        0x0 source/Delay.o
 .bss           0x10000608        0x0 source/SerialIO.o
 .bss           0x10000608        0x0 source/I2C.o
 .bss           0x10000608        0x0 Project_Files/ff13c/source/ffsystem.o
 .bss           0x10000608        0x0 Project_Files/ff13c/source/ff.o
 .bss.FatFs     0x10000608        0x4 Project_Files/ff13c/source/ff.o
 .bss.Fsid      0x1000060c        0x2 Project_Files/ff13c/source/ff.o
 .bss           0x1000060e        0x0 Project_Files/ff13c/source/ffunicode.o
 .bss           0x1000060e        0x0 Project_Files/ff13c/source/mmc_176x_ssp.o
 *fill*         0x1000060e        0x2 00
 .bss.Timer1    0x10000610        0x4 Project_Files/ff13c/source/mmc_176x_ssp.o
 .bss.Timer2    0x10000614        0x4 Project_Files/ff13c/source/mmc_176x_ssp.o
 .bss.CardType  0x10000618        0x1 Project_Files/ff13c/source/mmc_176x_ssp.o
 .bss           0x10000619        0x0 Project_Files/ff13c/source/diskio.o
 .bss           0x10000619        0x0 /opt/york/cs/net/lpc1700-cmsis-lite-2011.01.26-i686-1/lib/core_cm3.o
 .bss           0x10000619        0x0 /opt/york/cs/net/lpc1700-cmsis-lite-2011.01.26-i686-1/lib/system_LPC17xx.o
 .bss           0x10000619        0x0 /opt/york/cs/net/lpc1700-cmsis-lite-2011.01.26-i686-1/lib/startup_LPC17xx.o
 .bss           0x10000619        0x0 /opt/york/cs/net/sourcery-g++-lite-arm-eabi-2010.09.51-i686-1/arm-none-eabi/lib/thumb2/libc.a(lib_a-malloc.o)
 *fill*         0x10000619        0x3 00
 .bss           0x1000061c       0x34 /opt/york/cs/net/sourcery-g++-lite-arm-eabi-2010.09.51-i686-1/arm-none-eabi/lib/thumb2/libc.a(lib_a-mallocr.o)
                0x1000061c                __malloc_top_pad
                0x10000620                __malloc_current_mallinfo
                0x10000648                __malloc_max_sbrked_mem
                0x1000064c                __malloc_max_total_mem
 .bss           0x10000650        0x0 /opt/york/cs/net/sourcery-g++-lite-arm-eabi-2010.09.51-i686-1/arm-none-eabi/lib/thumb2/libc.a(lib_a-mlock.o)
 .bss           0x10000650        0x0 /opt/york/cs/net/sourcery-g++-lite-arm-eabi-2010.09.51-i686-1/arm-none-eabi/lib/thumb2/libc.a(lib_a-sbrkr.o)
 .bss           0x10000650        0x0 /opt/york/cs/net/sourcery-g++-lite-arm-eabi-2010.09.51-i686-1/arm-none-eabi/lib/thumb2/libc.a(lib_a-sprintf.o)
 .bss           0x10000650        0x0 /opt/york/cs/net/sourcery-g++-lite-arm-eabi-2010.09.51-i686-1/arm-none-eabi/lib/thumb2/libc.a(lib_a-strlen.o)
 .bss           0x10000650        0x0 /opt/york/cs/net/sourcery-g++-lite-arm-eabi-2010.09.51-i686-1/arm-none-eabi/lib/thumb2/libc.a(lib_a-svfprintf.o)
 .bss           0x10000650        0x0 /opt/york/cs/net/sourcery-g++-lite-arm-eabi-2010.09.51-i686-1/arm-none-eabi/lib/thumb2/libc.a(lib_a-dtoa.o)
 .bss           0x10000650        0x0 /opt/york/cs/net/sourcery-g++-lite-arm-eabi-2010.09.51-i686-1/arm-none-eabi/lib/thumb2/libc.a(lib_a-freer.o)
 .bss           0x10000650        0x0 /opt/york/cs/net/sourcery-g++-lite-arm-eabi-2010.09.51-i686-1/arm-none-eabi/lib/thumb2/libc.a(lib_a-impure.o)
 .bss           0x10000650        0xc /opt/york/cs/net/sourcery-g++-lite-arm-eabi-2010.09.51-i686-1/arm-none-eabi/lib/thumb2/libc.a(lib_a-locale.o)
                0x10000650                __nlocale_changed
                0x10000654                __mlocale_changed
                0x10000658                _PathLocale
 .bss           0x1000065c        0x0 /opt/york/cs/net/sourcery-g++-lite-arm-eabi-2010.09.51-i686-1/arm-none-eabi/lib/thumb2/libc.a(lib_a-memchr.o)
 .bss           0x1000065c        0x0 /opt/york/cs/net/sourcery-g++-lite-arm-eabi-2010.09.51-i686-1/arm-none-eabi/lib/thumb2/libc.a(lib_a-memcpy.o)
 .bss           0x1000065c        0x0 /opt/york/cs/net/sourcery-g++-lite-arm-eabi-2010.09.51-i686-1/arm-none-eabi/lib/thumb2/libc.a(lib_a-mprec.o)
 .bss           0x1000065c        0x0 /opt/york/cs/net/sourcery-g++-lite-arm-eabi-2010.09.51-i686-1/arm-none-eabi/lib/thumb2/libc.a(lib_a-reent.o)
 .bss           0x1000065c        0x0 /opt/york/cs/net/sourcery-g++-lite-arm-eabi-2010.09.51-i686-1/arm-none-eabi/lib/thumb2/libc.a(lib_a-s_fpclassify.o)
 .bss           0x1000065c        0x0 /opt/york/cs/net/sourcery-g++-lite-arm-eabi-2010.09.51-i686-1/arm-none-eabi/lib/thumb2/libc.a(lib_a-strcmp.o)
 .bss           0x1000065c        0x0 /opt/york/cs/net/sourcery-g++-lite-arm-eabi-2010.09.51-i686-1/arm-none-eabi/lib/thumb2/libc.a(lib_a-svfiprintf.o)
 .bss           0x1000065c        0x0 /opt/york/cs/net/sourcery-g++-lite-arm-eabi-2010.09.51-i686-1/arm-none-eabi/lib/thumb2/libc.a(lib_a-callocr.o)
 .bss           0x1000065c        0x0 /opt/york/cs/net/sourcery-g++-lite-arm-eabi-2010.09.51-i686-1/arm-none-eabi/lib/thumb2/libc.a(lib_a-memmove.o)
 .bss           0x1000065c        0x0 /opt/york/cs/net/sourcery-g++-lite-arm-eabi-2010.09.51-i686-1/arm-none-eabi/lib/thumb2/libc.a(lib_a-memset.o)
 .bss           0x1000065c        0x0 /opt/york/cs/net/sourcery-g++-lite-arm-eabi-2010.09.51-i686-1/arm-none-eabi/lib/thumb2/libc.a(lib_a-reallocr.o)
 .bss           0x1000065c        0x0 /opt/york/cs/net/sourcery-g++-lite-arm-eabi-2010.09.51-i686-1/bin/../lib/gcc/arm-none-eabi/4.5.1/thumb2/libgcc.a(_udivsi3.o)
 .bss           0x1000065c        0x0 /opt/york/cs/net/sourcery-g++-lite-arm-eabi-2010.09.51-i686-1/bin/../lib/gcc/arm-none-eabi/4.5.1/thumb2/libgcc.a(_dvmd_tls.o)
 .bss           0x1000065c        0x0 /opt/york/cs/net/sourcery-g++-lite-arm-eabi-2010.09.51-i686-1/bin/../lib/gcc/arm-none-eabi/4.5.1/thumb2/libgcc.a(_arm_addsubdf3.o)
 .bss           0x1000065c        0x0 /opt/york/cs/net/sourcery-g++-lite-arm-eabi-2010.09.51-i686-1/bin/../lib/gcc/arm-none-eabi/4.5.1/thumb2/libgcc.a(_arm_muldivdf3.o)
 .bss           0x1000065c        0x0 /opt/york/cs/net/sourcery-g++-lite-arm-eabi-2010.09.51-i686-1/bin/../lib/gcc/arm-none-eabi/4.5.1/thumb2/libgcc.a(_arm_cmpdf2.o)
 .bss           0x1000065c        0x0 /opt/york/cs/net/sourcery-g++-lite-arm-eabi-2010.09.51-i686-1/bin/../lib/gcc/arm-none-eabi/4.5.1/thumb2/libgcc.a(_arm_fixdfsi.o)
 .bss           0x1000065c        0x0 /opt/york/cs/net/sourcery-g++-lite-arm-eabi-2010.09.51-i686-1/bin/../lib/gcc/arm-none-eabi/4.5.1/thumb2/libgcc.a(_aeabi_uldivmod.o)
 .bss           0x1000065c        0x0 /opt/york/cs/net/sourcery-g++-lite-arm-eabi-2010.09.51-i686-1/bin/../lib/gcc/arm-none-eabi/4.5.1/thumb2/libgcc.a(bpabi.o)
 .bss           0x1000065c        0x0 /opt/york/cs/net/sourcery-g++-lite-arm-eabi-2010.09.51-i686-1/bin/../lib/gcc/arm-none-eabi/4.5.1/thumb2/libgcc.a(_divdi3.o)
 .bss           0x1000065c        0x0 /opt/york/cs/net/sourcery-g++-lite-arm-eabi-2010.09.51-i686-1/bin/../lib/gcc/arm-none-eabi/4.5.1/thumb2/libgcc.a(_udivdi3.o)
 .bss           0x1000065c        0x0 /opt/york/cs/net/sourcery-g++-lite-arm-eabi-2010.09.51-i686-1/arm-none-eabi/lib/thumb2/libcs3.a(start_c.o)
 .bss           0x1000065c        0x0 /opt/york/cs/net/sourcery-g++-lite-arm-eabi-2010.09.51-i686-1/arm-none-eabi/lib/thumb2/libcs3unhosted.a(unhosted-sbrk.o)
 .bss           0x1000065c        0x0 /opt/york/cs/net/sourcery-g++-lite-arm-eabi-2010.09.51-i686-1/arm-none-eabi/lib/thumb2/libcs3unhosted.a(unhosted-start.o)
 .bss           0x1000065c        0x0 /opt/york/cs/net/sourcery-g++-lite-arm-eabi-2010.09.51-i686-1/arm-none-eabi/lib/thumb2/libc.a(lib_a-errno.o)
 .bss           0x1000065c        0x0 /opt/york/cs/net/sourcery-g++-lite-arm-eabi-2010.09.51-i686-1/arm-none-eabi/lib/thumb2/libc.a(lib_a-init.o)
 .bss           0x1000065c        0x0 /opt/york/cs/net/sourcery-g++-lite-arm-eabi-2010.09.51-i686-1/arm-none-eabi/lib/thumb2/libcs3.a(heap.o)
 .bss           0x1000065c        0x0 /opt/york/cs/net/lpc1700-cmsis-lite-2011.01.26-i686-1/lib/libDriversLPC17xxgnu.a(lpc17xx_gpdma.o)
 .bss           0x1000065c        0x0 /opt/york/cs/net/lpc1700-cmsis-lite-2011.01.26-i686-1/lib/libDriversLPC17xxgnu.a(lpc17xx_i2c.o)
 .bss.i2cdat    0x1000065c       0x18 /opt/york/cs/net/lpc1700-cmsis-lite-2011.01.26-i686-1/lib/libDriversLPC17xxgnu.a(lpc17xx_i2c.o)
 .bss.I2C_MasterComplete
                0x10000674        0xc /opt/york/cs/net/lpc1700-cmsis-lite-2011.01.26-i686-1/lib/libDriversLPC17xxgnu.a(lpc17xx_i2c.o)
 .bss.I2C_SlaveComplete
                0x10000680        0xc /opt/york/cs/net/lpc1700-cmsis-lite-2011.01.26-i686-1/lib/libDriversLPC17xxgnu.a(lpc17xx_i2c.o)
 .bss.I2C_MonitorBufferIndex
                0x1000068c        0x4 /opt/york/cs/net/lpc1700-cmsis-lite-2011.01.26-i686-1/lib/libDriversLPC17xxgnu.a(lpc17xx_i2c.o)
 .bss           0x10000690        0x0 /opt/york/cs/net/lpc1700-cmsis-lite-2011.01.26-i686-1/lib/libDriversLPC17xxgnu.a(lpc17xx_i2s.o)
 .bss           0x10000690        0x0 /opt/york/cs/net/lpc1700-cmsis-lite-2011.01.26-i686-1/lib/libDriversLPC17xxgnu.a(lpc17xx_libcfg_default.o)
 .bss           0x10000690        0x0 /opt/york/cs/net/lpc1700-cmsis-lite-2011.01.26-i686-1/lib/libDriversLPC17xxgnu.a(lpc17xx_pinsel.o)
 .bss           0x10000690        0x0 /opt/york/cs/net/lpc1700-cmsis-lite-2011.01.26-i686-1/lib/libDriversLPC17xxgnu.a(lpc17xx_uart.o)
 .bss           0x10000690        0x0 /opt/york/cs/net/lpc1700-cmsis-lite-2011.01.26-i686-1/lib/libDriversLPC17xxgnu.a(lpc17xx_clkpwr.o)
 .bss           0x10000690        0x0 /opt/york/cs/net/sourcery-g++-lite-arm-eabi-2010.09.51-i686-1/bin/../lib/gcc/arm-none-eabi/4.5.1/thumb2/crtend.o
 .bss           0x10000690        0x0 /opt/york/cs/net/sourcery-g++-lite-arm-eabi-2010.09.51-i686-1/bin/../lib/gcc/arm-none-eabi/4.5.1/thumb2/crtn.o
 *(COMMON)
 COMMON         0x10000690      0x478 main.o
                0x10000690                Channel1_TC
                0x10000694                BufferIn
                0x10000698                WriteInd
                0x1000069c                Channel0_TC
                0x100006a0                SelMenuItem
                0x100006a4                FatFs
                0x100008d4                rbuf
                0x10000ae4                ReadInd
                0x10000ae8                BufferOut
                0x10000aec                buttonpress
                0x10000af0                Channel0_Err
                0x10000af4                buffer
                0x10000af8                Counter
                0x10000afc                Channel1_Err
                0x10000b00                prevKey
                0x10000b01                key
                0x10000b02                TxIntStat
                0x10000b04                Audio_buf
 COMMON         0x10000b08        0x8 source/i2s.o
                0x10000b08                ENAOUT
                0x10000b0c                ENAINP
 COMMON         0x10000b10        0x4 /opt/york/cs/net/sourcery-g++-lite-arm-eabi-2010.09.51-i686-1/arm-none-eabi/lib/thumb2/libc.a(lib_a-reent.o)
                0x10000b10                errno
 *(.ram.b)
                0x10000b18                . = ALIGN (0x8)
 *fill*         0x10000b14        0x4 00
                0x10000b18                _end = .
                0x10000b18                __end = .

.usb_ram
 *.o(USB_RAM)

.heap           0x10000b18     0x1000
 *(.heap)
 .heap          0x10000b18     0x1000 /opt/york/cs/net/lpc1700-cmsis-lite-2011.01.26-i686-1/lib/startup_LPC17xx.o
                0x10000b18                __cs3_heap_start
                0x10001b18                __cs3_heap_end

.stack          0x10007f00      0x100
 *(.stack)
 .stack         0x10007f00      0x100 /opt/york/cs/net/lpc1700-cmsis-lite-2011.01.26-i686-1/lib/startup_LPC17xx.o
                0x10007f00                __cs3_stack_mem
                0x10008000                _estack = .
                0x10008000                PROVIDE (estack, .)
                0x000120b0                __cs3_region_init_ram = LOADADDR (.data)
                0x00000600                __cs3_region_init_size_ram = (_edata - __cs3_region_start_ram)
                0x00000518                __cs3_region_zero_size_ram = (_end - _edata)
                0x00008000                __cs3_region_size_ram = 0x8000
                0x00000001                __cs3_region_num = 0x1

.stab
 *(.stab)

.stabstr
 *(.stabstr)

.debug
 *(.debug)

.line
 *(.line)

.debug_srcinfo
 *(.debug_srcinfo)

.debug_sfnames
 *(.debug_sfnames)

.comment        0x00000000       0x2a
 .comment       0x00000000       0x2a main.o
                                 0x2b (size before relaxing)
 .comment       0x00000000       0x2b source/i2s_polling.o
 .comment       0x00000000       0x2b source/KeyAccess.o
 .comment       0x00000000       0x2b source/LCD.o
 .comment       0x00000000       0x2b source/i2s.o
 .comment       0x00000000       0x2b source/TLV320.o
 .comment       0x00000000       0x2b source/Delay.o
 .comment       0x00000000       0x2b source/SerialIO.o
 .comment       0x00000000       0x2b source/I2C.o
 .comment       0x00000000       0x2b Project_Files/ff13c/source/ffsystem.o
 .comment       0x00000000       0x2b Project_Files/ff13c/source/ff.o
 .comment       0x00000000       0x2b Project_Files/ff13c/source/ffunicode.o
 .comment       0x00000000       0x2b Project_Files/ff13c/source/mmc_176x_ssp.o
 .comment       0x00000000       0x2b Project_Files/ff13c/source/diskio.o
 .comment       0x00000000       0x2b /opt/york/cs/net/lpc1700-cmsis-lite-2011.01.26-i686-1/lib/core_cm3.o
 .comment       0x00000000       0x2b /opt/york/cs/net/lpc1700-cmsis-lite-2011.01.26-i686-1/lib/system_LPC17xx.o
 .comment       0x00000000       0x2b /opt/york/cs/net/lpc1700-cmsis-lite-2011.01.26-i686-1/lib/libDriversLPC17xxgnu.a(lpc17xx_gpdma.o)
 .comment       0x00000000       0x2b /opt/york/cs/net/lpc1700-cmsis-lite-2011.01.26-i686-1/lib/libDriversLPC17xxgnu.a(lpc17xx_i2c.o)
 .comment       0x00000000       0x2b /opt/york/cs/net/lpc1700-cmsis-lite-2011.01.26-i686-1/lib/libDriversLPC17xxgnu.a(lpc17xx_i2s.o)
 .comment       0x00000000       0x2b /opt/york/cs/net/lpc1700-cmsis-lite-2011.01.26-i686-1/lib/libDriversLPC17xxgnu.a(lpc17xx_libcfg_default.o)
 .comment       0x00000000       0x2b /opt/york/cs/net/lpc1700-cmsis-lite-2011.01.26-i686-1/lib/libDriversLPC17xxgnu.a(lpc17xx_pinsel.o)
 .comment       0x00000000       0x2b /opt/york/cs/net/lpc1700-cmsis-lite-2011.01.26-i686-1/lib/libDriversLPC17xxgnu.a(lpc17xx_uart.o)
 .comment       0x00000000       0x2b /opt/york/cs/net/lpc1700-cmsis-lite-2011.01.26-i686-1/lib/libDriversLPC17xxgnu.a(lpc17xx_clkpwr.o)

.debug_aranges  0x00000000      0x998
 *(.debug_aranges)
 .debug_aranges
                0x00000000       0x98 main.o
 .debug_aranges
                0x00000098       0x48 source/i2s_polling.o
 .debug_aranges
                0x000000e0       0x30 source/KeyAccess.o
 .debug_aranges
                0x00000110       0x78 source/LCD.o
 .debug_aranges
                0x00000188       0x78 source/i2s.o
 .debug_aranges
                0x00000200       0x60 source/TLV320.o
 .debug_aranges
                0x00000260       0x40 source/Delay.o
 .debug_aranges
                0x000002a0       0x88 source/SerialIO.o
 .debug_aranges
                0x00000328       0x30 source/I2C.o
 .debug_aranges
                0x00000358      0x1c0 Project_Files/ff13c/source/ff.o
 .debug_aranges
                0x00000518       0xa0 Project_Files/ff13c/source/mmc_176x_ssp.o
 .debug_aranges
                0x000005b8       0x28 /opt/york/cs/net/lpc1700-cmsis-lite-2011.01.26-i686-1/lib/system_LPC17xx.o
 .debug_aranges
                0x000005e0       0x28 /opt/york/cs/net/lpc1700-cmsis-lite-2011.01.26-i686-1/lib/startup_LPC17xx.o
 .debug_aranges
                0x00000608       0x40 /opt/york/cs/net/lpc1700-cmsis-lite-2011.01.26-i686-1/lib/libDriversLPC17xxgnu.a(lpc17xx_gpdma.o)
 .debug_aranges
                0x00000648       0xd0 /opt/york/cs/net/lpc1700-cmsis-lite-2011.01.26-i686-1/lib/libDriversLPC17xxgnu.a(lpc17xx_i2c.o)
 .debug_aranges
                0x00000718       0xc0 /opt/york/cs/net/lpc1700-cmsis-lite-2011.01.26-i686-1/lib/libDriversLPC17xxgnu.a(lpc17xx_i2s.o)
 .debug_aranges
                0x000007d8       0x20 /opt/york/cs/net/lpc1700-cmsis-lite-2011.01.26-i686-1/lib/libDriversLPC17xxgnu.a(lpc17xx_libcfg_default.o)
 .debug_aranges
                0x000007f8       0x48 /opt/york/cs/net/lpc1700-cmsis-lite-2011.01.26-i686-1/lib/libDriversLPC17xxgnu.a(lpc17xx_pinsel.o)
 .debug_aranges
                0x00000840      0x100 /opt/york/cs/net/lpc1700-cmsis-lite-2011.01.26-i686-1/lib/libDriversLPC17xxgnu.a(lpc17xx_uart.o)
 .debug_aranges
                0x00000940       0x58 /opt/york/cs/net/lpc1700-cmsis-lite-2011.01.26-i686-1/lib/libDriversLPC17xxgnu.a(lpc17xx_clkpwr.o)

.debug_pubnames
                0x00000000     0x107a
 *(.debug_pubnames)
 .debug_pubnames
                0x00000000      0x1fe main.o
 .debug_pubnames
                0x000001fe       0xee source/i2s_polling.o
 .debug_pubnames
                0x000002ec       0x41 source/KeyAccess.o
 .debug_pubnames
                0x0000032d       0xd1 source/LCD.o
 .debug_pubnames
                0x000003fe      0x120 source/i2s.o
 .debug_pubnames
                0x0000051e      0x103 source/TLV320.o
 .debug_pubnames
                0x00000621       0x4a source/Delay.o
 .debug_pubnames
                0x0000066b      0x102 source/SerialIO.o
 .debug_pubnames
                0x0000076d       0x3a source/I2C.o
 .debug_pubnames
                0x000007a7       0xfc Project_Files/ff13c/source/ff.o
 .debug_pubnames
                0x000008a3       0x75 Project_Files/ff13c/source/mmc_176x_ssp.o
 .debug_pubnames
                0x00000918       0x4f /opt/york/cs/net/lpc1700-cmsis-lite-2011.01.26-i686-1/lib/system_LPC17xx.o
 .debug_pubnames
                0x00000967       0xc3 /opt/york/cs/net/lpc1700-cmsis-lite-2011.01.26-i686-1/lib/libDriversLPC17xxgnu.a(lpc17xx_gpdma.o)
 .debug_pubnames
                0x00000a2a      0x163 /opt/york/cs/net/lpc1700-cmsis-lite-2011.01.26-i686-1/lib/libDriversLPC17xxgnu.a(lpc17xx_i2c.o)
 .debug_pubnames
                0x00000b8d      0x145 /opt/york/cs/net/lpc1700-cmsis-lite-2011.01.26-i686-1/lib/libDriversLPC17xxgnu.a(lpc17xx_i2s.o)
 .debug_pubnames