Archive member included because of file (symbol)

/opt/york/cs/net/sourcery-g++-lite-arm-eabi-2010.09.51-i686-1/arm-none-eabi/lib/thumb2/libc.a(lib_a-malloc.o)
                              main.o (malloc)
/opt/york/cs/net/sourcery-g++-lite-arm-eabi-2010.09.51-i686-1/arm-none-eabi/lib/thumb2/libc.a(lib_a-mallocr.o)
                              /opt/york/cs/net/sourcery-g++-lite-arm-eabi-2010.09.51-i686-1/arm-none-eabi/lib/thumb2/libc.a(lib_a-malloc.o) (_malloc_r)
/opt/york/cs/net/sourcery-g++-lite-arm-eabi-2010.09.51-i686-1/arm-none-eabi/lib/thumb2/libc.a(lib_a-mlock.o)
                              /opt/york/cs/net/sourcery-g++-lite-arm-eabi-2010.09.51-i686-1/arm-none-eabi/lib/thumb2/libc.a(lib_a-mallocr.o) (__malloc_lock)
/opt/york/cs/net/sourcery-g++-lite-arm-eabi-2010.09.51-i686-1/arm-none-eabi/lib/thumb2/libc.a(lib_a-sbrkr.o)
                              /opt/york/cs/net/sourcery-g++-lite-arm-eabi-2010.09.51-i686-1/arm-none-eabi/lib/thumb2/libc.a(lib_a-mallocr.o) (_sbrk_r)
/opt/york/cs/net/sourcery-g++-lite-arm-eabi-2010.09.51-i686-1/arm-none-eabi/lib/thumb2/libc.a(lib_a-sprintf.o)
                              main.o (sprintf)
/opt/york/cs/net/sourcery-g++-lite-arm-eabi-2010.09.51-i686-1/arm-none-eabi/lib/thumb2/libc.a(lib_a-strlen.o)
                              main.o (strlen)
/opt/york/cs/net/sourcery-g++-lite-arm-eabi-2010.09.51-i686-1/arm-none-eabi/lib/thumb2/libc.a(lib_a-svfprintf.o)
                              /opt/york/cs/net/sourcery-g++-lite-arm-eabi-2010.09.51-i686-1/arm-none-eabi/lib/thumb2/libc.a(lib_a-sprintf.o) (_svfprintf_r)
/opt/york/cs/net/sourcery-g++-lite-arm-eabi-2010.09.51-i686-1/arm-none-eabi/lib/thumb2/libc.a(lib_a-dtoa.o)
                              /opt/york/cs/net/sourcery-g++-lite-arm-eabi-2010.09.51-i686-1/arm-none-eabi/lib/thumb2/libc.a(lib_a-svfprintf.o) (_dtoa_r)
/opt/york/cs/net/sourcery-g++-lite-arm-eabi-2010.09.51-i686-1/arm-none-eabi/lib/thumb2/libc.a(lib_a-freer.o)
                              /opt/york/cs/net/sourcery-g++-lite-arm-eabi-2010.09.51-i686-1/arm-none-eabi/lib/thumb2/libc.a(lib_a-malloc.o) (_free_r)
/opt/york/cs/net/sourcery-g++-lite-arm-eabi-2010.09.51-i686-1/arm-none-eabi/lib/thumb2/libc.a(lib_a-impure.o)
                              /opt/york/cs/net/sourcery-g++-lite-arm-eabi-2010.09.51-i686-1/arm-none-eabi/lib/thumb2/libc.a(lib_a-malloc.o) (_impure_ptr)
/opt/york/cs/net/sourcery-g++-lite-arm-eabi-2010.09.51-i686-1/arm-none-eabi/lib/thumb2/libc.a(lib_a-locale.o)
                              /opt/york/cs/net/sourcery-g++-lite-arm-eabi-2010.09.51-i686-1/arm-none-eabi/lib/thumb2/libc.a(lib_a-svfprintf.o) (_localeconv_r)
/opt/york/cs/net/sourcery-g++-lite-arm-eabi-2010.09.51-i686-1/arm-none-eabi/lib/thumb2/libc.a(lib_a-memchr.o)
                              /opt/york/cs/net/sourcery-g++-lite-arm-eabi-2010.09.51-i686-1/arm-none-eabi/lib/thumb2/libc.a(lib_a-svfprintf.o) (memchr)
/opt/york/cs/net/sourcery-g++-lite-arm-eabi-2010.09.51-i686-1/arm-none-eabi/lib/thumb2/libc.a(lib_a-memcpy.o)
                              /opt/york/cs/net/sourcery-g++-lite-arm-eabi-2010.09.51-i686-1/arm-none-eabi/lib/thumb2/libc.a(lib_a-dtoa.o) (memcpy)
/opt/york/cs/net/sourcery-g++-lite-arm-eabi-2010.09.51-i686-1/arm-none-eabi/lib/thumb2/libc.a(lib_a-mprec.o)
                              /opt/york/cs/net/sourcery-g++-lite-arm-eabi-2010.09.51-i686-1/arm-none-eabi/lib/thumb2/libc.a(lib_a-dtoa.o) (_Balloc)
/opt/york/cs/net/sourcery-g++-lite-arm-eabi-2010.09.51-i686-1/arm-none-eabi/lib/thumb2/libc.a(lib_a-reent.o)
                              /opt/york/cs/net/sourcery-g++-lite-arm-eabi-2010.09.51-i686-1/arm-none-eabi/lib/thumb2/libc.a(lib_a-sbrkr.o) (errno)
/opt/york/cs/net/sourcery-g++-lite-arm-eabi-2010.09.51-i686-1/arm-none-eabi/lib/thumb2/libc.a(lib_a-s_fpclassify.o)
                              /opt/york/cs/net/sourcery-g++-lite-arm-eabi-2010.09.51-i686-1/arm-none-eabi/lib/thumb2/libc.a(lib_a-svfprintf.o) (__fpclassifyd)
/opt/york/cs/net/sourcery-g++-lite-arm-eabi-2010.09.51-i686-1/arm-none-eabi/lib/thumb2/libc.a(lib_a-strcmp.o)
                              /opt/york/cs/net/sourcery-g++-lite-arm-eabi-2010.09.51-i686-1/arm-none-eabi/lib/thumb2/libc.a(lib_a-locale.o) (strcmp)
/opt/york/cs/net/sourcery-g++-lite-arm-eabi-2010.09.51-i686-1/arm-none-eabi/lib/thumb2/libc.a(lib_a-svfiprintf.o)
                              /opt/york/cs/net/sourcery-g++-lite-arm-eabi-2010.09.51-i686-1/arm-none-eabi/lib/thumb2/libc.a(lib_a-svfprintf.o) (__ssprint_r)
/opt/york/cs/net/sourcery-g++-lite-arm-eabi-2010.09.51-i686-1/arm-none-eabi/lib/thumb2/libc.a(lib_a-callocr.o)
                              /opt/york/cs/net/sourcery-g++-lite-arm-eabi-2010.09.51-i686-1/arm-none-eabi/lib/thumb2/libc.a(lib_a-mprec.o) (_calloc_r)
/opt/york/cs/net/sourcery-g++-lite-arm-eabi-2010.09.51-i686-1/arm-none-eabi/lib/thumb2/libc.a(lib_a-memmove.o)
                              /opt/york/cs/net/sourcery-g++-lite-arm-eabi-2010.09.51-i686-1/arm-none-eabi/lib/thumb2/libc.a(lib_a-svfiprintf.o) (memmove)
[...]
Memory Configuration

Name             Origin             Length             Attributes
rom              0x00000000         0x00080000         xr
ram              0x10000000         0x00008000         xrw
ram1             0x2007c000         0x00004000         xrw
ram2             0x20080000         0x00004000         xrw
*default*        0x00000000         0xffffffff

Linker script and memory map

LOAD /opt/york/cs/net/sourcery-g++-lite-arm-eabi-2010.09.51-i686-1/bin/../lib/gcc/arm-none-eabi/4.5.1/thumb2/crti.o
LOAD /opt/york/cs/net/sourcery-g++-lite-arm-eabi-2010.09.51-i686-1/bin/../lib/gcc/arm-none-eabi/4.5.1/thumb2/crtbegin.o
LOAD main.o
LOAD source/i2s_polling.o
LOAD source/KeyAccess.o
LOAD source/LCD.o
LOAD source/i2s.o
LOAD source/TLV320.o
LOAD source/Delay.o
LOAD source/SerialIO.o
LOAD source/I2C.o
LOAD source/FatFS/ff.o
LOAD source/FatFS/ffunicode.o
LOAD source/FatFS/mmc_176x_ssp.o
LOAD source/FatFS/diskio.o
LOAD /opt/york/cs/net/lpc1700-cmsis-lite-2011.01.26-i686-1/lib/core_cm3.o
LOAD /opt/york/cs/net/lpc1700-cmsis-lite-2011.01.26-i686-1/lib/system_LPC17xx.o
LOAD /opt/york/cs/net/lpc1700-cmsis-lite-2011.01.26-i686-1/lib/startup_LPC17xx.o
START GROUP
LOAD /opt/york/cs/net/sourcery-g++-lite-arm-eabi-2010.09.51-i686-1/arm-none-eabi/lib/thumb2/libc.a
LOAD /opt/york/cs/net/sourcery-g++-lite-arm-eabi-2010.09.51-i686-1/arm-none-eabi/lib/thumb2/libg.a
LOAD /opt/york/cs/net/sourcery-g++-lite-arm-eabi-2010.09.51-i686-1/arm-none-eabi/lib/thumb2/libstdc++.a
LOAD /opt/york/cs/net/sourcery-g++-lite-arm-eabi-2010.09.51-i686-1/arm-none-eabi/lib/thumb2/libsupc++.a
LOAD /opt/york/cs/net/sourcery-g++-lite-arm-eabi-2010.09.51-i686-1/bin/../lib/gcc/arm-none-eabi/4.5.1/thumb2/libgcc.a
LOAD /opt/york/cs/net/sourcery-g++-lite-arm-eabi-2010.09.51-i686-1/arm-none-eabi/lib/thumb2/libm.a
END GROUP
START GROUP
LOAD /opt/york/cs/net/sourcery-g++-lite-arm-eabi-2010.09.51-i686-1/bin/../lib/gcc/arm-none-eabi/4.5.1/thumb2/libgcc.a
LOAD /opt/york/cs/net/sourcery-g++-lite-arm-eabi-2010.09.51-i686-1/arm-none-eabi/lib/thumb2/libc.a
LOAD /opt/york/cs/net/sourcery-g++-lite-arm-eabi-2010.09.51-i686-1/arm-none-eabi/lib/thumb2/libcs3.a
LOAD /opt/york/cs/net/sourcery-g++-lite-arm-eabi-2010.09.51-i686-1/arm-none-eabi/lib/thumb2/libcs3unhosted.a
LOAD /opt/york/cs/net/sourcery-g++-lite-arm-eabi-2010.09.51-i686-1/arm-none-eabi/lib/thumb2/libcs3micro.a
END GROUP
                0x10008000                PROVIDE (__cs3_stack, (__cs3_region_start_ram + __cs3_region_size_ram))
                0x000074c8                PROVIDE (__cs3_stack_size, ((__cs3_region_start_ram + __cs3_region_size_ram) - _end))
                0x10000b38                PROVIDE (__cs3_heap_start, _end)
                0x10008000                PROVIDE (__cs3_heap_end, (__cs3_region_start_ram + __cs3_region_size_ram))

.text           0x00000000    0x13db4
 CREATE_OBJECT_SYMBOLS
                0x00000000                __cs3_region_start_rom = .
 *(.cs3.region-head.rom)
                0x00000000                __cs3_interrupt_vector = __cs3_interrupt_vector_cortex_m
 *(.cs3.interrupt_vector)
 .cs3.interrupt_vector
                0x00000000       0xcc /opt/york/cs/net/lpc1700-cmsis-lite-2011.01.26-i686-1/lib/startup_LPC17xx.o
                0x00000000                __cs3_interrupt_vector_cortex_m
                0x00000001                ASSERT ((. != __cs3_interrupt_vector_cortex_m), No interrupt vector)
 *(.rom)
 *(.rom.b)
                0x000000cc                __cs3_reset = __cs3_reset_cortex_m
 *(.cs3.reset)
 .cs3.reset     0x000000cc       0x10 /opt/york/cs/net/lpc1700-cmsis-lite-2011.01.26-i686-1/lib/startup_LPC17xx.o
                0x000000cc                __cs3_reset_cortex_m
                0x00000001                ASSERT ((. != __cs3_reset), No reset code)
 *(.text .text.* .gnu.linkonce.t.*)
 .text          0x000000dc        0x0 /opt/york/cs/net/sourcery-g++-lite-arm-eabi-2010.09.51-i686-1/bin/../lib/gcc/arm-none-eabi/4.5.1/thumb2/crti.o
 .text          0x000000dc       0x30 /opt/york/cs/net/sourcery-g++-lite-arm-eabi-2010.09.51-i686-1/bin/../lib/gcc/arm-none-eabi/4.5.1/thumb2/crtbegin.o
 .text          0x0000010c        0x0 main.o
 .text.NVIC_EnableIRQ
                0x0000010c       0x38 main.o
 .text.NVIC_DisableIRQ
                0x00000144       0x3c main.o
 .text.NVIC_SetPriority
                0x00000180       0x5c main.o
 .text.EINT3_IRQHandler
                0x000001dc       0xbc main.o
                0x000001dc                EINT3_IRQHandler
 .text.IRQInit  0x00000298       0xd8 main.o
                0x00000298                IRQInit
 .text.DrawMenu
                0x00000370      0x200 main.o
                0x00000370                DrawMenu
 .text.Menu     0x00000570      0x254 main.o
                0x00000570                Menu
 .text.PlayLoop
                0x000007c4      0x158 main.o
                0x000007c4                PlayLoop
 .text.I2S_PassThroughLoop
                0x0000091c       0x8c main.o
                0x0000091c                I2S_PassThroughLoop
 .text.I2S_PassThroughInterrupt
                0x000009a8       0xa0 main.o
                0x000009a8                I2S_PassThroughInterrupt
 .text.MASSIVE_TEST
                0x00000a48       0x64 main.o
                0x00000a48                MASSIVE_TEST
 .text.PassThroughLoop
                0x00000aac       0x3c main.o
                0x00000aac                PassThroughLoop
 .text.UART_Mode
                0x00000ae8       0x98 main.o
                0x00000ae8                UART_Mode
 .text.FatRead  0x00000b80      0x100 main.o
                0x00000b80                FatRead
 .text.main     0x00000c80       0x38 main.o
                0x00000c80                main
 .text.temp     0x00000cb8       0x18 main.o
                0x00000cb8                temp
 .text          0x00000cd0        0x0 source/i2s_polling.o
 .text.NVIC_EnableIRQ
                0x00000cd0       0x38 source/i2s_polling.o
 .text.NVIC_SetPriority
                0x00000d08       0x5c source/i2s_polling.o
 .text.I2S_IRQHandler
                0x00000d64      0x170 source/i2s_polling.o
                0x00000d64                I2S_IRQHandler
 .text.I2S_Polling_Init
                0x00000ed4      0x1ec source/i2s_polling.o
                0x00000ed4                I2S_Polling_Init
 .text.I2S_Polling_Read
                0x000010c0       0x84 source/i2s_polling.o
                0x000010c0                I2S_Polling_Read
 .text.I2S_Polling_Write
                0x00001144       0x5c source/i2s_polling.o
                0x00001144                I2S_Polling_Write
 .text          0x000011a0        0x0 source/KeyAccess.o
 .text.GetKeyInput
                0x000011a0       0x4c source/KeyAccess.o
                0x000011a0                GetKeyInput
 .text.DecodeInput
                0x000011ec       0xc8 source/KeyAccess.o
                0x000011ec                DecodeInput
 .text.GetKeyData
                0x000012b4       0xb4 source/KeyAccess.o
                0x000012b4                GetKeyData
 .text          0x00001368        0x0 source/LCD.o
 .text.NVIC_SetPriority
                0x00001368       0x5c source/LCD.o
 .text.SysTick_Config
                0x000013c4       0x64 source/LCD.o
 .text.SendData
                0x00001428       0x3c source/LCD.o
                0x00001428                SendData
 .text.LCDEnable
                0x00001464       0x28 source/LCD.o
                0x00001464                LCDEnable
 .text.LCDDisable
                0x0000148c       0x28 source/LCD.o
                0x0000148c                LCDDisable
 .text.LCDGoHome
                0x000014b4       0x28 source/LCD.o
                0x000014b4                LCDGoHome
 .text.LCDNewLine
                0x000014dc       0x28 source/LCD.o
                0x000014dc                LCDNewLine
 .text.LCDCursorShift
                0x00001504       0xb0 source/LCD.o
                0x00001504                LCDCursorShift
 .text.LCDInit  0x000015b4       0x38 source/LCD.o
                0x000015b4                LCDInit
 .text.LCDClear
                0x000015ec       0x70 source/LCD.o
                0x000015ec                LCDClear
 .text.LCDPrint
                0x0000165c       0xec source/LCD.o
                0x0000165c                LCDPrint
 .text.main_LDCPrintHelloWorld
                0x00001748       0x68 source/LCD.o
                0x00001748                main_LDCPrintHelloWorld
 .text          0x000017b0        0x0 source/i2s.o
 .text.NVIC_EnableIRQ
                0x000017b0       0x38 source/i2s.o
 .text.NVIC_DisableIRQ
                0x000017e8       0x3c source/i2s.o
 .text.NVIC_SetPriority
                0x00001824       0x5c source/i2s.o
 .text.DMA_IRQHandler
                0x00001880      0x104 source/i2s.o
                0x00001880                DMA_IRQHandler
 .text.Init_I2S
                0x00001984       0xd0 source/i2s.o
                0x00001984                Init_I2S
 .text.ConfInit
                0x00001a54       0x68 source/i2s.o
                0x00001a54                ConfInit
 .text.ClockInit
                0x00001abc       0x54 source/i2s.o
                0x00001abc                ClockInit
 .text.InitializeGPDMA
                0x00001b10      0x150 source/i2s.o
                0x00001b10                InitializeGPDMA
 .text.EnableInput
                0x00001c60       0x50 source/i2s.o
                0x00001c60                EnableInput
 .text.EnableOutput
                0x00001cb0       0x50 source/i2s.o
                0x00001cb0                EnableOutput
 .text.DisableInput
                0x00001d00       0x50 source/i2s.o
                0x00001d00                DisableInput
 .text.DisableOutput
                0x00001d50       0x50 source/i2s.o
                0x00001d50                DisableOutput
 .text          0x00001da0        0x0 source/TLV320.o
 .text.TLV320_ChangeInputVolume
                0x00001da0       0x38 source/TLV320.o
                0x00001da0                TLV320_ChangeInputVolume
 .text.TLV320_ChangeOutputVolume
                0x00001dd8       0x40 source/TLV320.o
                0x00001dd8                TLV320_ChangeOutputVolume
 .text.TLV320_EnablePassThrough
                0x00001e18       0x28 source/TLV320.o
                0x00001e18                TLV320_EnablePassThrough
 .text.TLV320_DisablePassThrough
                0x00001e40       0x30 source/TLV320.o
                0x00001e40                TLV320_DisablePassThrough
 .text.TLV320_Setup
                0x00001e70       0x28 source/TLV320.o
                0x00001e70                TLV320_Setup
 .text.TLV320_EnableDAC
                0x00001e98       0x2c source/TLV320.o
                0x00001e98                TLV320_EnableDAC
 .text.TLV320_EnableOutput
                0x00001ec4       0x2c source/TLV320.o
                0x00001ec4                TLV320_EnableOutput
 .text.TLV320_Start_I2S_Polling_Passthrough
                0x00001ef0       0x38 source/TLV320.o
                0x00001ef0                TLV320_Start_I2S_Polling_Passthrough
 .text.TLV320_SendData
                0x00001f28       0x64 source/TLV320.o
                0x00001f28                TLV320_SendData
 .text          0x00001f8c        0x0 source/Delay.o
 .text.NVIC_SetPriority
                0x00001f8c       0x5c source/Delay.o
 .text.SysTick_Config
                0x00001fe8       0x64 source/Delay.o
 .text.SysTick_Handler
                0x0000204c       0x24 source/Delay.o
                0x0000204c                SysTick_Handler
 .text.Delay    0x00002070       0x34 source/Delay.o
                0x00002070                Delay
 .text.DelayInit
                0x000020a4       0x2c source/Delay.o
                0x000020a4                DelayInit
 .text          0x000020d0        0x0 source/SerialIO.o
 .text.NVIC_EnableIRQ
                0x000020d0       0x38 source/SerialIO.o
 .text.NVIC_DisableIRQ
                0x00002108       0x3c source/SerialIO.o
 .text.NVIC_SetPriority
                0x00002144       0x5c source/SerialIO.o
 .text.UART0_IRQHandler
                0x000021a0       0x4c source/SerialIO.o
                0x000021a0                UART0_IRQHandler
 .text.ReceiveText
                0x000021ec       0xdc source/SerialIO.o
                0x000021ec                ReceiveText
 .text.ReadText
                0x000022c8       0xa4 source/SerialIO.o
                0x000022c8                ReadText
 .text.AddTextToBuffer
                0x0000236c       0xa4 source/SerialIO.o
                0x0000236c                AddTextToBuffer
 .text.ProcessBuffer
                0x00002410       0xc4 source/SerialIO.o
                0x00002410                ProcessBuffer
 .text.TransmitText
                0x000024d4      0x10c source/SerialIO.o
                0x000024d4                TransmitText
 .text.InitSerial
                0x000025e0       0x90 source/SerialIO.o
                0x000025e0                InitSerial
 .text.WriteText
                0x00002670       0x30 source/SerialIO.o
                0x00002670                WriteText
 .text.write_usb_serial_blocking
                0x000026a0       0x2c source/SerialIO.o
                0x000026a0                write_usb_serial_blocking
 .text.InitSerInterrupts
                0x000026cc       0x88 source/SerialIO.o
                0x000026cc                InitSerInterrupts
 .text.EnableSerInterrupts
                0x00002754       0x10 source/SerialIO.o
                0x00002754                EnableSerInterrupts
 .text.DisableSerInterrupts
                0x00002764       0x10 source/SerialIO.o
                0x00002764                DisableSerInterrupts
 .text          0x00002774        0x0 source/I2C.o
 .text.I2CInit  0x00002774       0x30 source/I2C.o
                0x00002774                I2CInit
 .text.SetupVals
                0x000027a4       0x54 source/I2C.o
                0x000027a4                SetupVals
 .text.SetupPINS
                0x000027f8       0x44 source/I2C.o
                0x000027f8                SetupPINS
 .text          0x0000283c        0x0 source/FatFS/ff.o
 .text.ld_word  0x0000283c       0x34 source/FatFS/ff.o
 .text.ld_dword
                0x00002870       0x58 source/FatFS/ff.o
 .text.st_word  0x000028c8       0x40 source/FatFS/ff.o
 .text.st_dword
                0x00002908       0x6c source/FatFS/ff.o
 .text.mem_cpy  0x00002974       0x4c source/FatFS/ff.o
 .text.mem_set  0x000029c0       0x38 source/FatFS/ff.o
 .text.mem_cmp  0x000029f8       0x5c source/FatFS/ff.o
 .text.chk_chr  0x00002a54       0x38 source/FatFS/ff.o
 .text.dbc_1st  0x00002a8c       0x68 source/FatFS/ff.o
 .text.dbc_2nd  0x00002af4       0x8c source/FatFS/ff.o
 .text.sync_window
                0x00002b80       0x90 source/FatFS/ff.o
 .text.move_window
                0x00002c10       0x68 source/FatFS/ff.o
 .text.sync_fs  0x00002c78       0xf8 source/FatFS/ff.o
 .text.clst2sect
                0x00002d70       0x44 source/FatFS/ff.o
 .text.get_fat  0x00002db4      0x180 source/FatFS/ff.o
 .text.put_fat  0x00002f34      0x218 source/FatFS/ff.o
 .text.remove_chain
                0x0000314c       0xdc source/FatFS/ff.o
 .text.create_chain
                0x00003228      0x1c4 source/FatFS/ff.o
 .text.dir_clear
                0x000033ec       0xa4 source/FatFS/ff.o
 .text.dir_sdi  0x00003490      0x114 source/FatFS/ff.o
 .text.dir_next
                0x000035a4      0x164 source/FatFS/ff.o
 .text.dir_alloc
                0x00003708       0x9c source/FatFS/ff.o
 .text.ld_clust
                0x000037a4       0x48 source/FatFS/ff.o
 .text.st_clust
                0x000037ec       0x44 source/FatFS/ff.o
 .text.dir_read
                0x00003830       0xc4 source/FatFS/ff.o
 .text.dir_find
                0x000038f4       0xbc source/FatFS/ff.o
 .text.dir_register
                0x000039b0       0x74 source/FatFS/ff.o
 .text.dir_remove
                0x00003a24       0x44 source/FatFS/ff.o
 .text.get_fileinfo
                0x00003a68       0xf4 source/FatFS/ff.o
 .text.get_achar
                0x00003b5c       0x7c source/FatFS/ff.o
 .text.pattern_matching
                0x00003bd8      0x128 source/FatFS/ff.o
 .text.create_name
                0x00003d00      0x258 source/FatFS/ff.o
 .text.follow_path
                0x00003f58      0x140 source/FatFS/ff.o
 .text.get_ldnumber
                0x00004098       0x9c source/FatFS/ff.o
 .text.check_fs
                0x00004134       0xcc source/FatFS/ff.o
 .text.find_volume
                0x00004200      0x540 source/FatFS/ff.o
 .text.validate
                0x00004740       0x74 source/FatFS/ff.o
 .text.f_mount  0x000047b4       0x98 source/FatFS/ff.o
                0x000047b4                f_mount
 .text.f_open   0x0000484c      0x354 source/FatFS/ff.o
                0x0000484c                f_open
 .text.f_read   0x00004ba0      0x2b8 source/FatFS/ff.o
                0x00004ba0                f_read
 .text.f_write  0x00004e58      0x324 source/FatFS/ff.o
                0x00004e58                f_write
 .text.f_sync   0x0000517c      0x11c source/FatFS/ff.o
                0x0000517c                f_sync
 .text.f_close  0x00005298       0x44 source/FatFS/ff.o
                0x00005298                f_close
 .text.f_chdrive
                0x000052dc       0x3c source/FatFS/ff.o
                0x000052dc                f_chdrive
 .text.f_chdir  0x00005318       0xa4 source/FatFS/ff.o
                0x00005318                f_chdir
 .text.f_getcwd
                0x000053bc      0x220 source/FatFS/ff.o
                0x000053bc                f_getcwd
 .text.f_lseek  0x000055dc      0x2a4 source/FatFS/ff.o
                0x000055dc                f_lseek
 .text.f_opendir
                0x00005880       0xc4 source/FatFS/ff.o
                0x00005880                f_opendir
 .text.f_closedir
                0x00005944       0x34 source/FatFS/ff.o
                0x00005944                f_closedir
 .text.f_readdir
                0x00005978       0x88 source/FatFS/ff.o
                0x00005978                f_readdir
 .text.f_findnext
                0x00005a00       0x5c source/FatFS/ff.o
                0x00005a00                f_findnext
 .text.f_findfirst
                0x00005a5c       0x40 source/FatFS/ff.o
                0x00005a5c                f_findfirst
 .text.f_stat   0x00005a9c       0x80 source/FatFS/ff.o
                0x00005a9c                f_stat
 .text.f_getfree
                0x00005b1c      0x198 source/FatFS/ff.o
                0x00005b1c                f_getfree
 .text.f_truncate
                0x00005cb4      0x148 source/FatFS/ff.o
                0x00005cb4                f_truncate
 .text.f_unlink
                0x00005dfc      0x18c source/FatFS/ff.o
                0x00005dfc                f_unlink
 .text.f_mkdir  0x00005f88      0x1f8 source/FatFS/ff.o
                0x00005f88                f_mkdir
 .text.f_rename
                0x00006180      0x228 source/FatFS/ff.o
                0x00006180                f_rename
 .text.f_chmod  0x000063a8       0xd0 source/FatFS/ff.o
                0x000063a8                f_chmod
 .text.f_utime  0x00006478       0xb4 source/FatFS/ff.o
                0x00006478                f_utime
 .text.f_getlabel
                0x0000652c      0x164 source/FatFS/ff.o
                0x0000652c                f_getlabel
 .text.f_setlabel
                0x00006690      0x270 source/FatFS/ff.o
                0x00006690                f_setlabel
 .text.f_mkfs   0x00006900      0x9d8 source/FatFS/ff.o
                0x00006900                f_mkfs
 .text.f_gets   0x000072d8       0x8c source/FatFS/ff.o
                0x000072d8                f_gets
 .text.putc_bfd
                0x00007364       0x80 source/FatFS/ff.o
 .text.putc_flush
                0x000073e4       0x50 source/FatFS/ff.o
 .text.putc_init
                0x00007434       0x28 source/FatFS/ff.o
 .text.f_putc   0x0000745c       0x3c source/FatFS/ff.o
                0x0000745c                f_putc
 .text.f_puts   0x00007498       0x50 source/FatFS/ff.o
                0x00007498                f_puts
 .text.f_printf
                0x000074e8      0x524 source/FatFS/ff.o
                0x000074e8                f_printf
 .text          0x00007a0c        0x0 source/FatFS/ffunicode.o
 .text          0x00007a0c        0x0 source/FatFS/mmc_176x_ssp.o
 .text.xchg_spi
                0x00007a0c       0x44 source/FatFS/mmc_176x_ssp.o
 .text.rcvr_spi_multi
                0x00007a50      0x134 source/FatFS/mmc_176x_ssp.o
 .text.xmit_spi_multi
                0x00007b84      0x134 source/FatFS/mmc_176x_ssp.o
 .text.wait_ready
                0x00007cb8       0x48 source/FatFS/mmc_176x_ssp.o
 .text.deselect
                0x00007d00       0x1c source/FatFS/mmc_176x_ssp.o
 .text.select   0x00007d1c       0x3c source/FatFS/mmc_176x_ssp.o
 .text.power_on
                0x00007d58      0x104 source/FatFS/mmc_176x_ssp.o
 .text.power_off
                0x00007e5c       0x10 source/FatFS/mmc_176x_ssp.o
 .text.rcvr_datablock
                0x00007e6c       0x6c source/FatFS/mmc_176x_ssp.o
 .text.xmit_datablock
                0x00007ed8       0x74 source/FatFS/mmc_176x_ssp.o
 .text.send_cmd
                0x00007f4c       0xfc source/FatFS/mmc_176x_ssp.o
 .text.disk_initialize
                0x00008048      0x25c source/FatFS/mmc_176x_ssp.o
                0x00008048                disk_initialize
 .text.disk_status
                0x000082a4       0x30 source/FatFS/mmc_176x_ssp.o
                0x000082a4                disk_status
 .text.disk_read
                0x000082d4       0xd0 source/FatFS/mmc_176x_ssp.o
                0x000082d4                disk_read
 .text.disk_write
                0x000083a4      0x128 source/FatFS/mmc_176x_ssp.o
                0x000083a4                disk_write
 .text.disk_ioctl
                0x000084cc      0x578 source/FatFS/mmc_176x_ssp.o
                0x000084cc                disk_ioctl
 .text.disk_timerproc
                0x00008a44       0xa4 source/FatFS/mmc_176x_ssp.o
                0x00008a44                disk_timerproc
 .text          0x00008ae8        0x0 source/FatFS/diskio.o
 .text          0x00008ae8        0x0 /opt/york/cs/net/lpc1700-cmsis-lite-2011.01.26-i686-1/lib/core_cm3.o
 .text          0x00008ae8        0x0 /opt/york/cs/net/lpc1700-cmsis-lite-2011.01.26-i686-1/lib/system_LPC17xx.o
 .text.SystemCoreClockUpdate
                0x00008ae8      0x228 /opt/york/cs/net/lpc1700-cmsis-lite-2011.01.26-i686-1/lib/system_LPC17xx.o
                0x00008ae8                SystemCoreClockUpdate
 .text.SystemInit
                0x00008d10      0x240 /opt/york/cs/net/lpc1700-cmsis-lite-2011.01.26-i686-1/lib/system_LPC17xx.o
                0x00008d10                SystemInit
 .text          0x00008f50       0x14 /opt/york/cs/net/lpc1700-cmsis-lite-2011.01.26-i686-1/lib/startup_LPC17xx.o
                0x00008f50                NMI_Handler
                0x00008f52                HardFault_Handler
                0x00008f54                MemManage_Handler
                0x00008f56                BusFault_Handler
                0x00008f58                UsageFault_Handler
                0x00008f5a                SVC_Handler
                0x00008f5c                DebugMon_Handler
                0x00008f5e                PendSV_Handler
                0x00008f62                TIMER2_IRQHandler
                0x00008f62                RIT_IRQHandler
                0x00008f62                I2C0_IRQHandler
                0x00008f62                USBActivity_IRQHandler
                0x00008f62                PWM1_IRQHandler
                0x00008f62                I2C1_IRQHandler
                0x00008f62                EINT2_IRQHandler
                0x00008f62                UART1_IRQHandler
                0x00008f62                CANActivity_IRQHandler
                0x00008f62                TIMER3_IRQHandler
                0x00008f62                PLL0_IRQHandler
                0x00008f62                CAN_IRQHandler
                0x00008f62                PLL1_IRQHandler
                0x00008f62                SSP0_IRQHandler
                0x00008f62                I2C2_IRQHandler
                0x00008f62                RTC_IRQHandler
                0x00008f62                TIMER0_IRQHandler
                0x00008f62                SPI_IRQHandler
                0x00008f62                EINT1_IRQHandler
                0x00008f62                TIMER1_IRQHandler
                0x00008f62                UART2_IRQHandler
                0x00008f62                Default_Handler
                0x00008f62                ADC_IRQHandler
                0x00008f62                SSP1_IRQHandler
                0x00008f62                USB_IRQHandler
                0x00008f62                BOD_IRQHandler
                0x00008f62                WDT_IRQHandler
                0x00008f62                QEI_IRQHandler
                0x00008f62                EINT0_IRQHandler
                0x00008f62                UART3_IRQHandler
                0x00008f62                MCPWM_IRQHandler
                0x00008f62                ENET_IRQHandler
 .text          0x00008f64       0x20 /opt/york/cs/net/sourcery-g++-lite-arm-eabi-2010.09.51-i686-1/arm-none-eabi/lib/thumb2/libc.a(lib_a-malloc.o)
                0x00008f64                malloc
                0x00008f74                free
 .text          0x00008f84      0x57c /opt/york/cs/net/sourcery-g++-lite-arm-eabi-2010.09.51-i686-1/arm-none-eabi/lib/thumb2/libc.a(lib_a-mallocr.o)
                0x00008f84                _malloc_r
 .text          0x00009500        0x8 /opt/york/cs/net/sourcery-g++-lite-arm-eabi-2010.09.51-i686-1/arm-none-eabi/lib/thumb2/libc.a(lib_a-mlock.o)
                0x00009500                __malloc_lock
                0x00009504                __malloc_unlock
 .text          0x00009508       0x28 /opt/york/cs/net/sourcery-g++-lite-arm-eabi-2010.09.51-i686-1/arm-none-eabi/lib/thumb2/libc.a(lib_a-sbrkr.o)
                0x00009508                _sbrk_r
 .text          0x00009530       0x94 /opt/york/cs/net/sourcery-g++-lite-arm-eabi-2010.09.51-i686-1/arm-none-eabi/lib/thumb2/libc.a(lib_a-sprintf.o)
                0x00009530                _sprintf_r
                0x00009574                sprintf
 .text          0x000095c4       0x60 /opt/york/cs/net/sourcery-g++-lite-arm-eabi-2010.09.51-i686-1/arm-none-eabi/lib/thumb2/libc.a(lib_a-strlen.o)
                0x000095c4                strlen
 .text          0x00009624     0x1658 /opt/york/cs/net/sourcery-g++-lite-arm-eabi-2010.09.51-i686-1/arm-none-eabi/lib/thumb2/libc.a(lib_a-svfprintf.o)
                0x00009624                _svfprintf_r
 *fill*         0x0000ac7c        0x4 00
 .text          0x0000ac80     0x1000 /opt/york/cs/net/sourcery-g++-lite-arm-eabi-2010.09.51-i686-1/arm-none-eabi/lib/thumb2/libc.a(lib_a-dtoa.o)
                0x0000adac                _dtoa_r
 .text          0x0000bc80      0x240 /opt/york/cs/net/sourcery-g++-lite-arm-eabi-2010.09.51-i686-1/arm-none-eabi/lib/thumb2/libc.a(lib_a-freer.o)
                0x0000bc80                _malloc_trim_r
                0x0000bd28                _free_r
 .text          0x0000bec0        0x0 /opt/york/cs/net/sourcery-g++-lite-arm-eabi-2010.09.51-i686-1/arm-none-eabi/lib/thumb2/libc.a(lib_a-impure.o)
 .text          0x0000bec0       0xa0 /opt/york/cs/net/sourcery-g++-lite-arm-eabi-2010.09.51-i686-1/arm-none-eabi/lib/thumb2/libc.a(lib_a-locale.o)
                0x0000bec0                _setlocale_r
                0x0000bf1c                __locale_charset
                0x0000bf28                __locale_mb_cur_max
                0x0000bf34                __locale_msgcharset
                0x0000bf3c                __locale_cjk_lang
                0x0000bf40                _localeconv_r
                0x0000bf48                setlocale
                0x0000bf58                localeconv
 .text          0x0000bf60       0x88 /opt/york/cs/net/sourcery-g++-lite-arm-eabi-2010.09.51-i686-1/arm-none-eabi/lib/thumb2/libc.a(lib_a-memchr.o)
                0x0000bf60                memchr
 .text          0x0000bfe8      0x150 /opt/york/cs/net/sourcery-g++-lite-arm-eabi-2010.09.51-i686-1/arm-none-eabi/lib/thumb2/libc.a(lib_a-memcpy.o)
                0x0000bfe8                memcpy
 .text          0x0000c138      0x920 /opt/york/cs/net/sourcery-g++-lite-arm-eabi-2010.09.51-i686-1/arm-none-eabi/lib/thumb2/libc.a(lib_a-mprec.o)
                0x0000c138                _Balloc
                0x0000c1a0                _Bfree
                0x0000c1d8                __multadd
                0x0000c25c                __s2b
                0x0000c2f0                __hi0bits
                0x0000c330                __lo0bits
                0x0000c394                __i2b
                0x0000c3a8                __multiply
                0x0000c4d0                __pow5mult
                0x0000c574                __lshift
                0x0000c620                __mcmp
                0x0000c65c                __mdiff
                0x0000c754                __ulp
                0x0000c79c                __b2d
                0x0000c848                __d2b
                0x0000c910                __ratio
                0x0000c980                _mprec_log10
                0x0000c9b4                __copybits
                0x0000c9fc                __any_on
 .text          0x0000ca58      0x114 /opt/york/cs/net/sourcery-g++-lite-arm-eabi-2010.09.51-i686-1/arm-none-eabi/lib/thumb2/libc.a(lib_a-reent.o)
                0x0000ca58                cleanup_glue
                0x0000ca74                _reclaim_reent
                0x0000cb34                _wrapup_reent
 .text          0x0000cb6c       0x90 /opt/york/cs/net/sourcery-g++-lite-arm-eabi-2010.09.51-i686-1/arm-none-eabi/lib/thumb2/libc.a(lib_a-s_fpclassify.o)
                0x0000cb6c                __fpclassifyd
 .text          0x0000cbfc      0x1dc /opt/york/cs/net/sourcery-g++-lite-arm-eabi-2010.09.51-i686-1/arm-none-eabi/lib/thumb2/libc.a(lib_a-strcmp.o)
                0x0000cbfc                strcmp
 .text          0x0000cdd8      0xbe4 /opt/york/cs/net/sourcery-g++-lite-arm-eabi-2010.09.51-i686-1/arm-none-eabi/lib/thumb2/libc.a(lib_a-svfiprintf.o)
                0x0000cdd8                __ssprint_r
                0x0000cee0                _svfiprintf_r
 .text          0x0000d9bc       0x5c /opt/york/cs/net/sourcery-g++-lite-arm-eabi-2010.09.51-i686-1/arm-none-eabi/lib/thumb2/libc.a(lib_a-callocr.o)
                0x0000d9bc                _calloc_r
 .text          0x0000da18       0xa0 /opt/york/cs/net/sourcery-g++-lite-arm-eabi-2010.09.51-i686-1/arm-none-eabi/lib/thumb2/libc.a(lib_a-memmove.o)
                0x0000da18                memmove
 .text          0x0000dab8       0xb4 /opt/york/cs/net/sourcery-g++-lite-arm-eabi-2010.09.51-i686-1/arm-none-eabi/lib/thumb2/libc.a(lib_a-memset.o)
                0x0000dab8                memset
 .text          0x0000db6c      0x41c /opt/york/cs/net/sourcery-g++-lite-arm-eabi-2010.09.51-i686-1/arm-none-eabi/lib/thumb2/libc.a(lib_a-reallocr.o)
                0x0000db6c                _realloc_r
 .text          0x0000df88      0x278 /opt/york/cs/net/sourcery-g++-lite-arm-eabi-2010.09.51-i686-1/bin/../lib/gcc/arm-none-eabi/4.5.1/thumb2/libgcc.a(_udivsi3.o)
                0x0000df88                __udivsi3
                0x0000df88                __aeabi_uidiv
                0x0000e1e4                __aeabi_uidivmod
 .text          0x0000e200        0x4 /opt/york/cs/net/sourcery-g++-lite-arm-eabi-2010.09.51-i686-1/bin/../lib/gcc/arm-none-eabi/4.5.1/thumb2/libgcc.a(_dvmd_tls.o)
                0x0000e200                __aeabi_ldiv0
                0x0000e200                __aeabi_idiv0
 .text          0x0000e204      0x370 /opt/york/cs/net/sourcery-g++-lite-arm-eabi-2010.09.51-i686-1/bin/../lib/gcc/arm-none-eabi/4.5.1/thumb2/libgcc.a(_arm_addsubdf3.o)
                0x0000e204                __aeabi_drsub
                0x0000e20c                __aeabi_dsub
                0x0000e20c                __subdf3
                0x0000e210                __adddf3
                0x0000e210                __aeabi_dadd
                0x0000e488                __aeabi_ui2d
                0x0000e488                __floatunsidf
                0x0000e4a8                __floatsidf
                0x0000e4a8                __aeabi_i2d
                0x0000e4cc                __extendsfdf2
                0x0000e4cc                __aeabi_f2d
                0x0000e508                __aeabi_ul2d
                0x0000e508                __floatundidf
                0x0000e518                __floatdidf
                0x0000e518                __aeabi_l2d
 .text          0x0000e574      0x424 /opt/york/cs/net/sourcery-g++-lite-arm-eabi-2010.09.51-i686-1/bin/../lib/gcc/arm-none-eabi/4.5.1/thumb2/libgcc.a(_arm_muldivdf3.o)
                0x0000e574                __aeabi_dmul
                0x0000e574                __muldf3
                0x0000e7c8                __aeabi_ddiv
                0x0000e7c8                __divdf3
 .text          0x0000e998      0x110 /opt/york/cs/net/sourcery-g++-lite-arm-eabi-2010.09.51-i686-1/bin/../lib/gcc/arm-none-eabi/4.5.1/thumb2/libgcc.a(_arm_cmpdf2.o)
                0x0000e998                __gtdf2
                0x0000e998                __gedf2
                0x0000e9a0                __ltdf2
                0x0000e9a0                __ledf2
                0x0000e9a8                __cmpdf2
                0x0000e9a8                __eqdf2
                0x0000e9a8                __nedf2
                0x0000ea24                __aeabi_cdrcmple
                0x0000ea34                __aeabi_cdcmple
                0x0000ea34                __aeabi_cdcmpeq
                0x0000ea44                __aeabi_dcmpeq
                0x0000ea58                __aeabi_dcmplt
                0x0000ea6c                __aeabi_dcmple
                0x0000ea80                __aeabi_dcmpge
                0x0000ea94                __aeabi_dcmpgt
 .text          0x0000eaa8       0x50 /opt/york/cs/net/sourcery-g++-lite-arm-eabi-2010.09.51-i686-1/bin/../lib/gcc/arm-none-eabi/4.5.1/thumb2/libgcc.a(_arm_fixdfsi.o)
                0x0000eaa8                __fixdfsi
                0x0000eaa8                __aeabi_d2iz
 .text          0x0000eaf8       0x2c /opt/york/cs/net/sourcery-g++-lite-arm-eabi-2010.09.51-i686-1/bin/../lib/gcc/arm-none-eabi/4.5.1/thumb2/libgcc.a(_aeabi_uldivmod.o)
                0x0000eaf8                __aeabi_uldivmod
 .text          0x0000eb24       0x60 /opt/york/cs/net/sourcery-g++-lite-arm-eabi-2010.09.51-i686-1/bin/../lib/gcc/arm-none-eabi/4.5.1/thumb2/libgcc.a(bpabi.o)
                0x0000eb24                __gnu_ldivmod_helper
                0x0000eb54                __gnu_uldivmod_helper
 .text          0x0000eb84      0x364 /opt/york/cs/net/sourcery-g++-lite-arm-eabi-2010.09.51-i686-1/bin/../lib/gcc/arm-none-eabi/4.5.1/thumb2/libgcc.a(_divdi3.o)
                0x0000eb84                __divdi3
 .text          0x0000eee8      0x314 /opt/york/cs/net/sourcery-g++-lite-arm-eabi-2010.09.51-i686-1/bin/../lib/gcc/arm-none-eabi/4.5.1/thumb2/libgcc.a(_udivdi3.o)
                0x0000eee8                __udivdi3
 .text          0x0000f1fc       0x30 /opt/york/cs/net/sourcery-g++-lite-arm-eabi-2010.09.51-i686-1/arm-none-eabi/lib/thumb2/libcs3.a(start_c.o)
                0x0000f1fc                __cs3_premain
 .text.cs3.init
                0x0000f22c       0x50 /opt/york/cs/net/sourcery-g++-lite-arm-eabi-2010.09.51-i686-1/arm-none-eabi/lib/thumb2/libcs3.a(start_c.o)
                0x0000f22c                __cs3_start_c
 .text          0x0000f27c       0x40 /opt/york/cs/net/sourcery-g++-lite-arm-eabi-2010.09.51-i686-1/arm-none-eabi/lib/thumb2/libcs3unhosted.a(unhosted-sbrk.o)
                0x0000f27c                _sbrk
 .text          0x0000f2bc        0x0 /opt/york/cs/net/sourcery-g++-lite-arm-eabi-2010.09.51-i686-1/arm-none-eabi/lib/thumb2/libcs3unhosted.a(unhosted-start.o)
 .text.cs3.init
                0x0000f2bc       0x10 /opt/york/cs/net/sourcery-g++-lite-arm-eabi-2010.09.51-i686-1/arm-none-eabi/lib/thumb2/libcs3unhosted.a(unhosted-start.o)
                0x0000f2bc                _start
 .text          0x0000f2cc        0xc /opt/york/cs/net/sourcery-g++-lite-arm-eabi-2010.09.51-i686-1/arm-none-eabi/lib/thumb2/libc.a(lib_a-errno.o)
                0x0000f2cc                __errno
 .text          0x0000f2d8       0x50 /opt/york/cs/net/sourcery-g++-lite-arm-eabi-2010.09.51-i686-1/arm-none-eabi/lib/thumb2/libc.a(lib_a-init.o)
                0x0000f2d8                __libc_init_array
 .text          0x0000f328        0x0 /opt/york/cs/net/sourcery-g++-lite-arm-eabi-2010.09.51-i686-1/arm-none-eabi/lib/thumb2/libcs3.a(heap.o)
 .text          0x0000f328        0x0 /opt/york/cs/net/lpc1700-cmsis-lite-2011.01.26-i686-1/lib/libDriversLPC17xxgnu.a(lpc17xx_gpdma.o)
 .text.GPDMA_Init
                0x0000f328       0xa0 /opt/york/cs/net/lpc1700-cmsis-lite-2011.01.26-i686-1/lib/libDriversLPC17xxgnu.a(lpc17xx_gpdma.o)
                0x0000f328                GPDMA_Init
 .text.GPDMA_Setup
                0x0000f3c8      0x41c /opt/york/cs/net/lpc1700-cmsis-lite-2011.01.26-i686-1/lib/libDriversLPC17xxgnu.a(lpc17xx_gpdma.o)
                0x0000f3c8                GPDMA_Setup
 .text.GPDMA_ChannelCmd
                0x0000f7e4       0x48 /opt/york/cs/net/lpc1700-cmsis-lite-2011.01.26-i686-1/lib/libDriversLPC17xxgnu.a(lpc17xx_gpdma.o)
                0x0000f7e4                GPDMA_ChannelCmd
 .text.GPDMA_IntGetStatus
                0x0000f82c      0x194 /opt/york/cs/net/lpc1700-cmsis-lite-2011.01.26-i686-1/lib/libDriversLPC17xxgnu.a(lpc17xx_gpdma.o)
                0x0000f82c                GPDMA_IntGetStatus
 .text.GPDMA_ClearIntPending
                0x0000f9c0       0x80 /opt/york/cs/net/lpc1700-cmsis-lite-2011.01.26-i686-1/lib/libDriversLPC17xxgnu.a(lpc17xx_gpdma.o)
                0x0000f9c0                GPDMA_ClearIntPending
 .text          0x0000fa40        0x0 /opt/york/cs/net/lpc1700-cmsis-lite-2011.01.26-i686-1/lib/libDriversLPC17xxgnu.a(lpc17xx_i2c.o)
 .text.NVIC_EnableIRQ
                0x0000fa40       0x38 /opt/york/cs/net/lpc1700-cmsis-lite-2011.01.26-i686-1/lib/libDriversLPC17xxgnu.a(lpc17xx_i2c.o)
 .text.NVIC_DisableIRQ
                0x0000fa78       0x3c /opt/york/cs/net/lpc1700-cmsis-lite-2011.01.26-i686-1/lib/libDriversLPC17xxgnu.a(lpc17xx_i2c.o)
 .text.I2C_getNum
                0x0000fab4       0x54 /opt/york/cs/net/lpc1700-cmsis-lite-2011.01.26-i686-1/lib/libDriversLPC17xxgnu.a(lpc17xx_i2c.o)
 .text.I2C_Start
                0x0000fb08       0x44 /opt/york/cs/net/lpc1700-cmsis-lite-2011.01.26-i686-1/lib/libDriversLPC17xxgnu.a(lpc17xx_i2c.o)
 .text.I2C_Stop
                0x0000fb4c       0x38 /opt/york/cs/net/lpc1700-cmsis-lite-2011.01.26-i686-1/lib/libDriversLPC17xxgnu.a(lpc17xx_i2c.o)
 .text.I2C_SendByte
                0x0000fb84       0x50 /opt/york/cs/net/lpc1700-cmsis-lite-2011.01.26-i686-1/lib/libDriversLPC17xxgnu.a(lpc17xx_i2c.o)
 .text.I2C_GetByte
                0x0000fbd4       0x5c /opt/york/cs/net/lpc1700-cmsis-lite-2011.01.26-i686-1/lib/libDriversLPC17xxgnu.a(lpc17xx_i2c.o)
 .text.I2C_SetClock
                0x0000fc30       0xc8 /opt/york/cs/net/lpc1700-cmsis-lite-2011.01.26-i686-1/lib/libDriversLPC17xxgnu.a(lpc17xx_i2c.o)
 .text.I2C_Init
                0x0000fcf8       0xd8 /opt/york/cs/net/lpc1700-cmsis-lite-2011.01.26-i686-1/lib/libDriversLPC17xxgnu.a(lpc17xx_i2c.o)
                0x0000fcf8                I2C_Init
 .text.I2C_DeInit
                0x0000fdd0       0xa4 /opt/york/cs/net/lpc1700-cmsis-lite-2011.01.26-i686-1/lib/libDriversLPC17xxgnu.a(lpc17xx_i2c.o)
                0x0000fdd0                I2C_DeInit
 .text.I2C_Cmd  0x0000fe74       0x84 /opt/york/cs/net/lpc1700-cmsis-lite-2011.01.26-i686-1/lib/libDriversLPC17xxgnu.a(lpc17xx_i2c.o)
                0x0000fe74                I2C_Cmd
 .text.I2C_IntCmd
                0x0000fef8       0xa8 /opt/york/cs/net/lpc1700-cmsis-lite-2011.01.26-i686-1/lib/libDriversLPC17xxgnu.a(lpc17xx_i2c.o)
                0x0000fef8                I2C_IntCmd
 .text.I2C_MasterHandler
                0x0000ffa0      0x3d8 /opt/york/cs/net/lpc1700-cmsis-lite-2011.01.26-i686-1/lib/libDriversLPC17xxgnu.a(lpc17xx_i2c.o)
                0x0000ffa0                I2C_MasterHandler
 .text.I2C_SlaveHandler
                0x00010378      0x1d8 /opt/york/cs/net/lpc1700-cmsis-lite-2011.01.26-i686-1/lib/libDriversLPC17xxgnu.a(lpc17xx_i2c.o)
                0x00010378                I2C_SlaveHandler
 .text.I2C_MasterTransferData
                0x00010550      0x33c /opt/york/cs/net/lpc1700-cmsis-lite-2011.01.26-i686-1/lib/libDriversLPC17xxgnu.a(lpc17xx_i2c.o)
                0x00010550                I2C_MasterTransferData
 .text.I2C_SlaveTransferData
                0x0001088c      0x268 /opt/york/cs/net/lpc1700-cmsis-lite-2011.01.26-i686-1/lib/libDriversLPC17xxgnu.a(lpc17xx_i2c.o)
                0x0001088c                I2C_SlaveTransferData
 .text.I2C_SetOwnSlaveAddr
                0x00010af4      0x118 /opt/york/cs/net/lpc1700-cmsis-lite-2011.01.26-i686-1/lib/libDriversLPC17xxgnu.a(lpc17xx_i2c.o)
                0x00010af4                I2C_SetOwnSlaveAddr
 .text.I2C_MonitorModeConfig
                0x00010c0c       0x9c /opt/york/cs/net/lpc1700-cmsis-lite-2011.01.26-i686-1/lib/libDriversLPC17xxgnu.a(lpc17xx_i2c.o)
                0x00010c0c                I2C_MonitorModeConfig
 .text.I2C_MonitorModeCmd
                0x00010ca8       0xb0 /opt/york/cs/net/lpc1700-cmsis-lite-2011.01.26-i686-1/lib/libDriversLPC17xxgnu.a(lpc17xx_i2c.o)
                0x00010ca8                I2C_MonitorModeCmd
 .text.I2C_MonitorGetDatabuffer
                0x00010d58       0x54 /opt/york/cs/net/lpc1700-cmsis-lite-2011.01.26-i686-1/lib/libDriversLPC17xxgnu.a(lpc17xx_i2c.o)
                0x00010d58                I2C_MonitorGetDatabuffer
 .text.I2C_MonitorHandler
                0x00010dac       0x6c /opt/york/cs/net/lpc1700-cmsis-lite-2011.01.26-i686-1/lib/libDriversLPC17xxgnu.a(lpc17xx_i2c.o)
                0x00010dac                I2C_MonitorHandler
 .text.I2C_MasterTransferComplete
                0x00010e18       0x40 /opt/york/cs/net/lpc1700-cmsis-lite-2011.01.26-i686-1/lib/libDriversLPC17xxgnu.a(lpc17xx_i2c.o)
                0x00010e18                I2C_MasterTransferComplete
 .text.I2C_SlaveTransferComplete
                0x00010e58       0x40 /opt/york/cs/net/lpc1700-cmsis-lite-2011.01.26-i686-1/lib/libDriversLPC17xxgnu.a(lpc17xx_i2c.o)
                0x00010e58                I2C_SlaveTransferComplete
 .text          0x00010e98        0x0 /opt/york/cs/net/lpc1700-cmsis-lite-2011.01.26-i686-1/lib/libDriversLPC17xxgnu.a(lpc17xx_i2s.o)
 .text.i2s_GetWordWidth
                0x00010e98       0x8c /opt/york/cs/net/lpc1700-cmsis-lite-2011.01.26-i686-1/lib/libDriversLPC17xxgnu.a(lpc17xx_i2s.o)
 .text.i2s_GetChannel
                0x00010f24       0x84 /opt/york/cs/net/lpc1700-cmsis-lite-2011.01.26-i686-1/lib/libDriversLPC17xxgnu.a(lpc17xx_i2s.o)
 .text.I2S_Init
                0x00010fa8       0x54 /opt/york/cs/net/lpc1700-cmsis-lite-2011.01.26-i686-1/lib/libDriversLPC17xxgnu.a(lpc17xx_i2s.o)
                0x00010fa8                I2S_Init
 .text.I2S_Config
                0x00010ffc      0x168 /opt/york/cs/net/lpc1700-cmsis-lite-2011.01.26-i686-1/lib/libDriversLPC17xxgnu.a(lpc17xx_i2s.o)
                0x00010ffc                I2S_Config
 .text.I2S_DeInit
                0x00011164       0x3c /opt/york/cs/net/lpc1700-cmsis-lite-2011.01.26-i686-1/lib/libDriversLPC17xxgnu.a(lpc17xx_i2s.o)
                0x00011164                I2S_DeInit
 .text.I2S_GetLevel
                0x000111a0       0x6c /opt/york/cs/net/lpc1700-cmsis-lite-2011.01.26-i686-1/lib/libDriversLPC17xxgnu.a(lpc17xx_i2s.o)
                0x000111a0                I2S_GetLevel
 .text.I2S_Start
                0x0001120c       0x50 /opt/york/cs/net/lpc1700-cmsis-lite-2011.01.26-i686-1/lib/libDriversLPC17xxgnu.a(lpc17xx_i2s.o)
                0x0001120c                I2S_Start
 .text.I2S_Send
                0x0001125c       0x38 /opt/york/cs/net/lpc1700-cmsis-lite-2011.01.26-i686-1/lib/libDriversLPC17xxgnu.a(lpc17xx_i2s.o)
                0x0001125c                I2S_Send
 .text.I2S_Receive
                0x00011294       0x34 /opt/york/cs/net/lpc1700-cmsis-lite-2011.01.26-i686-1/lib/libDriversLPC17xxgnu.a(lpc17xx_i2s.o)
                0x00011294                I2S_Receive
 .text.I2S_Pause
                0x000112c8       0x70 /opt/york/cs/net/lpc1700-cmsis-lite-2011.01.26-i686-1/lib/libDriversLPC17xxgnu.a(lpc17xx_i2s.o)
                0x000112c8                I2S_Pause
 .text.I2S_Mute
                0x00011338       0x70 /opt/york/cs/net/lpc1700-cmsis-lite-2011.01.26-i686-1/lib/libDriversLPC17xxgnu.a(lpc17xx_i2s.o)
                0x00011338                I2S_Mute
 .text.I2S_Stop
                0x000113a8       0x94 /opt/york/cs/net/lpc1700-cmsis-lite-2011.01.26-i686-1/lib/libDriversLPC17xxgnu.a(lpc17xx_i2s.o)
                0x000113a8                I2S_Stop
 .text.I2S_FreqConfig
                0x0001143c      0x110 /opt/york/cs/net/lpc1700-cmsis-lite-2011.01.26-i686-1/lib/libDriversLPC17xxgnu.a(lpc17xx_i2s.o)
                0x0001143c                I2S_FreqConfig
 .text.I2S_SetBitRate
                0x0001154c       0x7c /opt/york/cs/net/lpc1700-cmsis-lite-2011.01.26-i686-1/lib/libDriversLPC17xxgnu.a(lpc17xx_i2s.o)
                0x0001154c                I2S_SetBitRate
 .text.I2S_ModeConfig
                0x000115c8      0x148 /opt/york/cs/net/lpc1700-cmsis-lite-2011.01.26-i686-1/lib/libDriversLPC17xxgnu.a(lpc17xx_i2s.o)
                0x000115c8                I2S_ModeConfig
 .text.I2S_DMAConfig
                0x00011710       0xd4 /opt/york/cs/net/lpc1700-cmsis-lite-2011.01.26-i686-1/lib/libDriversLPC17xxgnu.a(lpc17xx_i2s.o)
                0x00011710                I2S_DMAConfig
 .text.I2S_DMACmd
                0x000117e4      0x120 /opt/york/cs/net/lpc1700-cmsis-lite-2011.01.26-i686-1/lib/libDriversLPC17xxgnu.a(lpc17xx_i2s.o)
                0x000117e4                I2S_DMACmd
 .text.I2S_IRQConfig
                0x00011904       0x80 /opt/york/cs/net/lpc1700-cmsis-lite-2011.01.26-i686-1/lib/libDriversLPC17xxgnu.a(lpc17xx_i2s.o)
                0x00011904                I2S_IRQConfig
 .text.I2S_IRQCmd
                0x00011984       0x9c /opt/york/cs/net/lpc1700-cmsis-lite-2011.01.26-i686-1/lib/libDriversLPC17xxgnu.a(lpc17xx_i2s.o)
                0x00011984                I2S_IRQCmd
 .text.I2S_GetIRQStatus
                0x00011a20       0x58 /opt/york/cs/net/lpc1700-cmsis-lite-2011.01.26-i686-1/lib/libDriversLPC17xxgnu.a(lpc17xx_i2s.o)
                0x00011a20                I2S_GetIRQStatus
 .text.I2S_GetIRQDepth
                0x00011a78       0x50 /opt/york/cs/net/lpc1700-cmsis-lite-2011.01.26-i686-1/lib/libDriversLPC17xxgnu.a(lpc17xx_i2s.o)
                0x00011a78                I2S_GetIRQDepth
 .text          0x00011ac8        0x0 /opt/york/cs/net/lpc1700-cmsis-lite-2011.01.26-i686-1/lib/libDriversLPC17xxgnu.a(lpc17xx_libcfg_default.o)
 .text.check_failed
                0x00011ac8        0xc /opt/york/cs/net/lpc1700-cmsis-lite-2011.01.26-i686-1/lib/libDriversLPC17xxgnu.a(lpc17xx_libcfg_default.o)
                0x00011ac8                check_failed
 .text          0x00011ad4        0x0 /opt/york/cs/net/lpc1700-cmsis-lite-2011.01.26-i686-1/lib/libDriversLPC17xxgnu.a(lpc17xx_pinsel.o)
 .text.set_PinFunc
                0x00011ad4       0xa0 /opt/york/cs/net/lpc1700-cmsis-lite-2011.01.26-i686-1/lib/libDriversLPC17xxgnu.a(lpc17xx_pinsel.o)
 .text.set_ResistorMode
                0x00011b74       0xa0 /opt/york/cs/net/lpc1700-cmsis-lite-2011.01.26-i686-1/lib/libDriversLPC17xxgnu.a(lpc17xx_pinsel.o)
 .text.set_OpenDrainMode
                0x00011c14       0x80 /opt/york/cs/net/lpc1700-cmsis-lite-2011.01.26-i686-1/lib/libDriversLPC17xxgnu.a(lpc17xx_pinsel.o)
 .text.PINSEL_ConfigTraceFunc
                0x00011c94       0x54 /opt/york/cs/net/lpc1700-cmsis-lite-2011.01.26-i686-1/lib/libDriversLPC17xxgnu.a(lpc17xx_pinsel.o)
                0x00011c94                PINSEL_ConfigTraceFunc
 .text.PINSEL_SetI2C0Pins
                0x00011ce8       0x3c /opt/york/cs/net/lpc1700-cmsis-lite-2011.01.26-i686-1/lib/libDriversLPC17xxgnu.a(lpc17xx_pinsel.o)
                0x00011ce8                PINSEL_SetI2C0Pins
 .text.PINSEL_ConfigPin
                0x00011d24       0x54 /opt/york/cs/net/lpc1700-cmsis-lite-2011.01.26-i686-1/lib/libDriversLPC17xxgnu.a(lpc17xx_pinsel.o)
                0x00011d24                PINSEL_ConfigPin
 .text          0x00011d78        0x0 /opt/york/cs/net/lpc1700-cmsis-lite-2011.01.26-i686-1/lib/libDriversLPC17xxgnu.a(lpc17xx_uart.o)
 .text.uart_set_divisors
                0x00011d78      0x26c /opt/york/cs/net/lpc1700-cmsis-lite-2011.01.26-i686-1/lib/libDriversLPC17xxgnu.a(lpc17xx_uart.o)
 .text.UART_Init
                0x00011fe4      0x368 /opt/york/cs/net/lpc1700-cmsis-lite-2011.01.26-i686-1/lib/libDriversLPC17xxgnu.a(lpc17xx_uart.o)
                0x00011fe4                UART_Init
 .text.UART_DeInit
                0x0001234c       0xcc /opt/york/cs/net/lpc1700-cmsis-lite-2011.01.26-i686-1/lib/libDriversLPC17xxgnu.a(lpc17xx_uart.o)
                0x0001234c                UART_DeInit
 .text.UART_ConfigStructInit
                0x00012418       0x34 /opt/york/cs/net/lpc1700-cmsis-lite-2011.01.26-i686-1/lib/libDriversLPC17xxgnu.a(lpc17xx_uart.o)
                0x00012418                UART_ConfigStructInit
 .text.UART_SendByte
                0x0001244c       0x78 /opt/york/cs/net/lpc1700-cmsis-lite-2011.01.26-i686-1/lib/libDriversLPC17xxgnu.a(lpc17xx_uart.o)
                0x0001244c                UART_SendByte
 .text.UART_ReceiveByte
                0x000124c4       0x78 /opt/york/cs/net/lpc1700-cmsis-lite-2011.01.26-i686-1/lib/libDriversLPC17xxgnu.a(lpc17xx_uart.o)
                0x000124c4                UART_ReceiveByte
 .text.UART_Send
                0x0001253c      0x10c /opt/york/cs/net/lpc1700-cmsis-lite-2011.01.26-i686-1/lib/libDriversLPC17xxgnu.a(lpc17xx_uart.o)
                0x0001253c                UART_Send
 .text.UART_Receive
                0x00012648       0xd8 /opt/york/cs/net/lpc1700-cmsis-lite-2011.01.26-i686-1/lib/libDriversLPC17xxgnu.a(lpc17xx_uart.o)
                0x00012648                UART_Receive
 .text.UART_ForceBreak
                0x00012720       0x88 /opt/york/cs/net/lpc1700-cmsis-lite-2011.01.26-i686-1/lib/libDriversLPC17xxgnu.a(lpc17xx_uart.o)
                0x00012720                UART_ForceBreak
 .text.UART_IntConfig
                0x000127a8      0x1d0 /opt/york/cs/net/lpc1700-cmsis-lite-2011.01.26-i686-1/lib/libDriversLPC17xxgnu.a(lpc17xx_uart.o)
                0x000127a8                UART_IntConfig
 .text.UART_GetLineStatus
                0x00012978       0x7c /opt/york/cs/net/lpc1700-cmsis-lite-2011.01.26-i686-1/lib/libDriversLPC17xxgnu.a(lpc17xx_uart.o)
                0x00012978                UART_GetLineStatus
 .text.UART_GetIntId
                0x000129f4       0x68 /opt/york/cs/net/lpc1700-cmsis-lite-2011.01.26-i686-1/lib/libDriversLPC17xxgnu.a(lpc17xx_uart.o)
                0x000129f4                UART_GetIntId
 .text.UART_CheckBusy
                0x00012a5c       0x2c /opt/york/cs/net/lpc1700-cmsis-lite-2011.01.26-i686-1/lib/libDriversLPC17xxgnu.a(lpc17xx_uart.o)
                0x00012a5c                UART_CheckBusy
 .text.UART_FIFOConfig
                0x00012a88      0x184 /opt/york/cs/net/lpc1700-cmsis-lite-2011.01.26-i686-1/lib/libDriversLPC17xxgnu.a(lpc17xx_uart.o)
                0x00012a88                UART_FIFOConfig
 .text.UART_FIFOConfigStructInit
                0x00012c0c       0x34 /opt/york/cs/net/lpc1700-cmsis-lite-2011.01.26-i686-1/lib/libDriversLPC17xxgnu.a(lpc17xx_uart.o)
                0x00012c0c                UART_FIFOConfigStructInit
 .text.UART_ABCmd
                0x00012c40      0x15c /opt/york/cs/net/lpc1700-cmsis-lite-2011.01.26-i686-1/lib/libDriversLPC17xxgnu.a(lpc17xx_uart.o)
                0x00012c40                UART_ABCmd
 .text.UART_ABClearIntPending
                0x00012d9c       0x88 /opt/york/cs/net/lpc1700-cmsis-lite-2011.01.26-i686-1/lib/libDriversLPC17xxgnu.a(lpc17xx_uart.o)
                0x00012d9c                UART_ABClearIntPending
 .text.UART_TxCmd
                0x00012e24       0xe8 /opt/york/cs/net/lpc1700-cmsis-lite-2011.01.26-i686-1/lib/libDriversLPC17xxgnu.a(lpc17xx_uart.o)
                0x00012e24                UART_TxCmd
 .text.UART_IrDAInvtInputCmd
                0x00012f0c       0x84 /opt/york/cs/net/lpc1700-cmsis-lite-2011.01.26-i686-1/lib/libDriversLPC17xxgnu.a(lpc17xx_uart.o)
                0x00012f0c                UART_IrDAInvtInputCmd
 .text.UART_IrDACmd
                0x00012f90       0x80 /opt/york/cs/net/lpc1700-cmsis-lite-2011.01.26-i686-1/lib/libDriversLPC17xxgnu.a(lpc17xx_uart.o)
                0x00012f90                UART_IrDACmd
 .text.UART_IrDAPulseDivConfig
                0x00013010       0xac /opt/york/cs/net/lpc1700-cmsis-lite-2011.01.26-i686-1/lib/libDriversLPC17xxgnu.a(lpc17xx_uart.o)
                0x00013010                UART_IrDAPulseDivConfig
 .text.UART_FullModemForcePinState
                0x000130bc       0xcc /opt/york/cs/net/lpc1700-cmsis-lite-2011.01.26-i686-1/lib/libDriversLPC17xxgnu.a(lpc17xx_uart.o)
                0x000130bc                UART_FullModemForcePinState
 .text.UART_FullModemConfigMode
                0x00013188       0xd8 /opt/york/cs/net/lpc1700-cmsis-lite-2011.01.26-i686-1/lib/libDriversLPC17xxgnu.a(lpc17xx_uart.o)
                0x00013188                UART_FullModemConfigMode
 .text.UART_FullModemGetStatus
                0x00013260       0x38 /opt/york/cs/net/lpc1700-cmsis-lite-2011.01.26-i686-1/lib/libDriversLPC17xxgnu.a(lpc17xx_uart.o)
                0x00013260                UART_FullModemGetStatus
 .text.UART_RS485Config
                0x00013298      0x1bc /opt/york/cs/net/lpc1700-cmsis-lite-2011.01.26-i686-1/lib/libDriversLPC17xxgnu.a(lpc17xx_uart.o)
                0x00013298                UART_RS485Config
 .text.UART_RS485ReceiverCmd
                0x00013454       0x48 /opt/york/cs/net/lpc1700-cmsis-lite-2011.01.26-i686-1/lib/libDriversLPC17xxgnu.a(lpc17xx_uart.o)
                0x00013454                UART_RS485ReceiverCmd
 .text.UART_RS485Send
                0x0001349c       0x84 /opt/york/cs/net/lpc1700-cmsis-lite-2011.01.26-i686-1/lib/libDriversLPC17xxgnu.a(lpc17xx_uart.o)
                0x0001349c                UART_RS485Send
 .text.UART_RS485SendSlvAddr
                0x00013520       0x28 /opt/york/cs/net/lpc1700-cmsis-lite-2011.01.26-i686-1/lib/libDriversLPC17xxgnu.a(lpc17xx_uart.o)
                0x00013520                UART_RS485SendSlvAddr
 .text.UART_RS485SendData
                0x00013548       0x28 /opt/york/cs/net/lpc1700-cmsis-lite-2011.01.26-i686-1/lib/libDriversLPC17xxgnu.a(lpc17xx_uart.o)
                0x00013548                UART_RS485SendData
 .text          0x00013570        0x0 /opt/york/cs/net/lpc1700-cmsis-lite-2011.01.26-i686-1/lib/libDriversLPC17xxgnu.a(lpc17xx_clkpwr.o)
 .text.CLKPWR_SetPCLKDiv
                0x00013570       0xd4 /opt/york/cs/net/lpc1700-cmsis-lite-2011.01.26-i686-1/lib/libDriversLPC17xxgnu.a(lpc17xx_clkpwr.o)
                0x00013570                CLKPWR_SetPCLKDiv
 .text.CLKPWR_GetPCLKSEL
                0x00013644       0x54 /opt/york/cs/net/lpc1700-cmsis-lite-2011.01.26-i686-1/lib/libDriversLPC17xxgnu.a(lpc17xx_clkpwr.o)
                0x00013644                CLKPWR_GetPCLKSEL
 .text.CLKPWR_GetPCLK
                0x00013698       0x70 /opt/york/cs/net/lpc1700-cmsis-lite-2011.01.26-i686-1/lib/libDriversLPC17xxgnu.a(lpc17xx_clkpwr.o)
                0x00013698                CLKPWR_GetPCLK
 .text.CLKPWR_ConfigPPWR
                0x00013708       0x80 /opt/york/cs/net/lpc1700-cmsis-lite-2011.01.26-i686-1/lib/libDriversLPC17xxgnu.a(lpc17xx_clkpwr.o)
                0x00013708                CLKPWR_ConfigPPWR
 .text.CLKPWR_Sleep
                0x00013788       0x1c /opt/york/cs/net/lpc1700-cmsis-lite-2011.01.26-i686-1/lib/libDriversLPC17xxgnu.a(lpc17xx_clkpwr.o)
                0x00013788                CLKPWR_Sleep
 .text.CLKPWR_DeepSleep
                0x000137a4       0x2c /opt/york/cs/net/lpc1700-cmsis-lite-2011.01.26-i686-1/lib/libDriversLPC17xxgnu.a(lpc17xx_clkpwr.o)
                0x000137a4                CLKPWR_DeepSleep
 .text.CLKPWR_PowerDown
                0x000137d0       0x2c /opt/york/cs/net/lpc1700-cmsis-lite-2011.01.26-i686-1/lib/libDriversLPC17xxgnu.a(lpc17xx_clkpwr.o)
                0x000137d0                CLKPWR_PowerDown
 .text.CLKPWR_DeepPowerDown
                0x000137fc       0x2c /opt/york/cs/net/lpc1700-cmsis-lite-2011.01.26-i686-1/lib/libDriversLPC17xxgnu.a(lpc17xx_clkpwr.o)
                0x000137fc                CLKPWR_DeepPowerDown
 .text          0x00013828        0x0 /opt/york/cs/net/sourcery-g++-lite-arm-eabi-2010.09.51-i686-1/bin/../lib/gcc/arm-none-eabi/4.5.1/thumb2/crtend.o
 .text          0x00013828        0x0 /opt/york/cs/net/sourcery-g++-lite-arm-eabi-2010.09.51-i686-1/bin/../lib/gcc/arm-none-eabi/4.5.1/thumb2/crtn.o
 *(.plt)
 *(.gnu.warning)
 *(.glue_7t)
 .glue_7t       0x00000000        0x0 linker stubs
 *(.glue_7)
 .glue_7        0x00000000        0x0 linker stubs
 *(.vfp11_veneer)
 .vfp11_veneer  0x00000000        0x0 linker stubs
 *(.rodata .rodata.* .gnu.linkonce.r.*)
 .rodata        0x00013828      0x1a4 main.o
 .rodata.C.0.2899
                0x000139cc       0x10 source/KeyAccess.o
 .rodata        0x000139dc       0x14 source/LCD.o
 .rodata.C.12.5113
                0x000139f0        0x4 source/LCD.o
 .rodata.C.13.5114
                0x000139f4       0x14 source/LCD.o
 .rodata.C.14.5115
                0x00013a08        0xc source/LCD.o
 .rodata.C.1.2902
                0x00013a14       0x18 source/TLV320.o
 .rodata.C.2.2903
                0x00013a2c       0x10 source/TLV320.o
 .rodata.C.3.2904
                0x00013a3c        0x8 source/TLV320.o
 .rodata.C.4.2905
                0x00013a44        0x8 source/TLV320.o
 .rodata.C.5.2906
                0x00013a4c        0x4 source/TLV320.o
 .rodata.DbcTbl
                0x00013a50        0xc source/FatFS/ff.o
 .rodata        0x00013a5c       0x50 source/FatFS/ff.o
 .rodata.cst32.1625
                0x00013aac       0x10 source/FatFS/ff.o
 .rodata.cst.1624
                0x00013abc       0x10 source/FatFS/ff.o
 .rodata.badchr.1608
                0x00013acc       0x14 source/FatFS/ff.o
 .rodata        0x00013ae0       0x20 /opt/york/cs/net/sourcery-g++-lite-arm-eabi-2010.09.51-i686-1/arm-none-eabi/lib/thumb2/libc.a(lib_a-svfprintf.o)
 .rodata.str1.4
                0x00013b00       0x42 /opt/york/cs/net/sourcery-g++-lite-arm-eabi-2010.09.51-i686-1/arm-none-eabi/lib/thumb2/libc.a(lib_a-svfprintf.o)
                                 0x44 (size before relaxing)
 *fill*         0x00013b42        0x2 00
 .rodata.str1.4
                0x00013b44       0x10 /opt/york/cs/net/sourcery-g++-lite-arm-eabi-2010.09.51-i686-1/arm-none-eabi/lib/thumb2/libc.a(lib_a-dtoa.o)
                                 0x14 (size before relaxing)
 .rodata        0x00013b54        0x4 /opt/york/cs/net/sourcery-g++-lite-arm-eabi-2010.09.51-i686-1/arm-none-eabi/lib/thumb2/libc.a(lib_a-impure.o)
                0x00013b54                _global_impure_ptr
 .rodata.str1.4
                0x00013b58        0x2 /opt/york/cs/net/sourcery-g++-lite-arm-eabi-2010.09.51-i686-1/arm-none-eabi/lib/thumb2/libc.a(lib_a-impure.o)
                                  0x4 (size before relaxing)
 *fill*         0x00013b5a        0x2 00
 .rodata.str1.4
                0x00013b5c        0xc /opt/york/cs/net/sourcery-g++-lite-arm-eabi-2010.09.51-i686-1/arm-none-eabi/lib/thumb2/libc.a(lib_a-locale.o)
                                 0x14 (size before relaxing)
 .rodata        0x00013b68      0x128 /opt/york/cs/net/sourcery-g++-lite-arm-eabi-2010.09.51-i686-1/arm-none-eabi/lib/thumb2/libc.a(lib_a-mprec.o)
                0x00013b78                __mprec_tens
                0x00013c40                __mprec_bigtens
                0x00013c68                __mprec_tinytens
 .rodata        0x00013c90       0x20 /opt/york/cs/net/sourcery-g++-lite-arm-eabi-2010.09.51-i686-1/arm-none-eabi/lib/thumb2/libc.a(lib_a-svfiprintf.o)
 .rodata.str1.4
                0x00000000       0x30 /opt/york/cs/net/sourcery-g++-lite-arm-eabi-2010.09.51-i686-1/arm-none-eabi/lib/thumb2/libc.a(lib_a-svfiprintf.o)
 .rodata.GPDMA_LUTPerAddr
                0x00013cb0       0x60 /opt/york/cs/net/lpc1700-cmsis-lite-2011.01.26-i686-1/lib/libDriversLPC17xxgnu.a(lpc17xx_gpdma.o)
                0x00013cb0                GPDMA_LUTPerAddr
 .rodata.GPDMA_LUTPerBurst
                0x00013d10       0x18 /opt/york/cs/net/lpc1700-cmsis-lite-2011.01.26-i686-1/lib/libDriversLPC17xxgnu.a(lpc17xx_gpdma.o)
                0x00013d10                GPDMA_LUTPerBurst
 .rodata.GPDMA_LUTPerWid
                0x00013d28       0x18 /opt/york/cs/net/lpc1700-cmsis-lite-2011.01.26-i686-1/lib/libDriversLPC17xxgnu.a(lpc17xx_gpdma.o)
                0x00013d28                GPDMA_LUTPerWid
 .rodata        0x00013d40       0x10 /opt/york/cs/net/lpc1700-cmsis-lite-2011.01.26-i686-1/lib/libDriversLPC17xxgnu.a(lpc17xx_gpdma.o)
 .rodata        0x00013d50       0x10 /opt/york/cs/net/lpc1700-cmsis-lite-2011.01.26-i686-1/lib/libDriversLPC17xxgnu.a(lpc17xx_i2c.o)
 .rodata        0x00013d60       0x10 /opt/york/cs/net/lpc1700-cmsis-lite-2011.01.26-i686-1/lib/libDriversLPC17xxgnu.a(lpc17xx_i2s.o)
 .rodata        0x00013d70       0x10 /opt/york/cs/net/lpc1700-cmsis-lite-2011.01.26-i686-1/lib/libDriversLPC17xxgnu.a(lpc17xx_uart.o)
 *(.ARM.extab* .gnu.linkonce.armextab.*)
 .ARM.extab.cs3.reset
                0x00013d80        0x0 /opt/york/cs/net/lpc1700-cmsis-lite-2011.01.26-i686-1/lib/startup_LPC17xx.o
 .ARM.extab     0x00013d80        0x0 /opt/york/cs/net/sourcery-g++-lite-arm-eabi-2010.09.51-i686-1/bin/../lib/gcc/arm-none-eabi/4.5.1/thumb2/libgcc.a(_divdi3.o)
 .ARM.extab     0x00013d80        0x0 /opt/york/cs/net/sourcery-g++-lite-arm-eabi-2010.09.51-i686-1/bin/../lib/gcc/arm-none-eabi/4.5.1/thumb2/libgcc.a(_udivdi3.o)
 *(.gcc_except_table)
 *(.eh_frame_hdr)
 *(.eh_frame)
                0x00013d80                . = ALIGN (0x4)
 *(.init)
 .init          0x00013d80        0x4 /opt/york/cs/net/sourcery-g++-lite-arm-eabi-2010.09.51-i686-1/bin/../lib/gcc/arm-none-eabi/4.5.1/thumb2/crti.o
                0x00013d80                _init
 .init          0x00013d84        0x8 /opt/york/cs/net/sourcery-g++-lite-arm-eabi-2010.09.51-i686-1/bin/../lib/gcc/arm-none-eabi/4.5.1/thumb2/crtn.o
                0x00013d8c                . = ALIGN (0x4)
                0x00013d8c                __preinit_array_start = .
 *(.preinit_array)
                0x00013d8c                __preinit_array_end = .
                0x00013d8c                . = ALIGN (0x4)
                0x00013d8c                __init_array_start = .
 *(SORT(.init_array.*))
 *(.init_array)
 .init_array    0x00013d8c        0x4 /opt/york/cs/net/sourcery-g++-lite-arm-eabi-2010.09.51-i686-1/bin/../lib/gcc/arm-none-eabi/4.5.1/thumb2/crtbegin.o
                0x00013d90                __init_array_end = .
                0x00013d90                . = ALIGN (0x4)
 *crtbegin.o(.ctors)
 *(EXCLUDE_FILE(*crtend.o) .ctors)
 *(SORT(.ctors.*))
 *crtend.o(.ctors)
                0x00013d90                . = ALIGN (0x4)
 *(.fini)
 .fini          0x00013d90        0x4 /opt/york/cs/net/sourcery-g++-lite-arm-eabi-2010.09.51-i686-1/bin/../lib/gcc/arm-none-eabi/4.5.1/thumb2/crti.o
                0x00013d90                _fini
 .fini          0x00013d94        0x8 /opt/york/cs/net/sourcery-g++-lite-arm-eabi-2010.09.51-i686-1/bin/../lib/gcc/arm-none-eabi/4.5.1/thumb2/crtn.o
                0x00013d9c                . = ALIGN (0x4)
                0x00013d9c                __fini_array_start = .
 *(.fini_array)
 .fini_array    0x00013d9c        0x4 /opt/york/cs/net/sourcery-g++-lite-arm-eabi-2010.09.51-i686-1/bin/../lib/gcc/arm-none-eabi/4.5.1/thumb2/crtbegin.o
 *(SORT(.fini_array.*))
                0x00013da0                __fini_array_end = .
 *crtbegin.o(.dtors)
 *(EXCLUDE_FILE(*crtend.o) .dtors)
 *(SORT(.dtors.*))
 *crtend.o(.dtors)
                0x00013da0                . = ALIGN (0x4)
                0x00013da0                __cs3_regions = .
                0x00013da0        0x4 LONG 0x0
                0x00013da4        0x4 LONG 0x13dc0 __cs3_region_init_ram
                0x00013da8        0x4 LONG 0x10000000 __cs3_region_start_ram
                0x00013dac        0x4 LONG 0x600 __cs3_region_init_size_ram
                0x00013db0        0x4 LONG 0x538 __cs3_region_zero_size_ram
                0x00013db4                __exidx_start = .

.v4_bx          0x00013db4        0x0
 .v4_bx         0x00000000        0x0 linker stubs

.ARM.exidx      0x00013db4        0x8
 *(.ARM.exidx* .gnu.linkonce.armexidx.*)
 .ARM.exidx.cs3.reset
                0x00013db4        0x8 /opt/york/cs/net/lpc1700-cmsis-lite-2011.01.26-i686-1/lib/startup_LPC17xx.o
 .ARM.exidx     0x00013dbc        0x0 /opt/york/cs/net/sourcery-g++-lite-arm-eabi-2010.09.51-i686-1/bin/../lib/gcc/arm-none-eabi/4.5.1/thumb2/libgcc.a(_divdi3.o)
                                  0x8 (size before relaxing)
 .ARM.exidx     0x00013dbc        0x0 /opt/york/cs/net/sourcery-g++-lite-arm-eabi-2010.09.51-i686-1/bin/../lib/gcc/arm-none-eabi/4.5.1/thumb2/libgcc.a(_udivdi3.o)
                                  0x8 (size before relaxing)
                0x00013dbc                __exidx_end = .

.text.align     0x00013dbc        0x4
                0x00013dc0                . = ALIGN (0x8)
 *fill*         0x00013dbc        0x4 00
                0x00013dc0                _etext = .
                0x00080000                __cs3_region_size_rom = 0x80000
                0x00000001                __cs3_region_num = 0x1

.data           0x10000000      0x600 load address 0x00013dc0
                0x10000000                __cs3_region_start_ram = .
 *(.cs3.region-head.ram)
 *(.jcr)
 .jcr           0x10000000        0x0 /opt/york/cs/net/sourcery-g++-lite-arm-eabi-2010.09.51-i686-1/bin/../lib/gcc/arm-none-eabi/4.5.1/thumb2/crtbegin.o
 .jcr           0x10000000        0x4 /opt/york/cs/net/sourcery-g++-lite-arm-eabi-2010.09.51-i686-1/bin/../lib/gcc/arm-none-eabi/4.5.1/thumb2/crtend.o
 *(.got.plt)
 *(.got)
 *(.shdata)
 *(.data .data.* .gnu.linkonce.d.*)
 .data          0x10000004        0x0 /opt/york/cs/net/sourcery-g++-lite-arm-eabi-2010.09.51-i686-1/bin/../lib/gcc/arm-none-eabi/4.5.1/thumb2/crti.o
 .data          0x10000004        0x4 /opt/york/cs/net/sourcery-g++-lite-arm-eabi-2010.09.51-i686-1/bin/../lib/gcc/arm-none-eabi/4.5.1/thumb2/crtbegin.o
                0x10000004                __dso_handle
 .data          0x10000008        0x0 main.o
 .data.MenuText
                0x10000008       0x1c main.o
                0x10000008                MenuText
 .data.menuFuncs
                0x10000024       0x28 main.o
                0x10000024                menuFuncs
 .data          0x1000004c        0x0 source/i2s_polling.o
 .data          0x1000004c        0x0 source/KeyAccess.o
 .data          0x1000004c        0x0 source/LCD.o
 .data          0x1000004c        0x0 source/i2s.o
 .data          0x1000004c        0x0 source/TLV320.o
 .data          0x1000004c        0x0 source/Delay.o
 .data          0x1000004c        0x0 source/SerialIO.o
 .data          0x1000004c        0x0 source/I2C.o
 .data          0x1000004c        0x0 source/FatFS/ff.o
 .data          0x1000004c        0x0 source/FatFS/ffunicode.o
 .data          0x1000004c        0x0 source/FatFS/mmc_176x_ssp.o
 .data.Stat     0x1000004c        0x1 source/FatFS/mmc_176x_ssp.o
 .data          0x1000004d        0x0 source/FatFS/diskio.o
 .data          0x1000004d        0x0 /opt/york/cs/net/lpc1700-cmsis-lite-2011.01.26-i686-1/lib/core_cm3.o
 .data          0x1000004d        0x0 /opt/york/cs/net/lpc1700-cmsis-lite-2011.01.26-i686-1/lib/system_LPC17xx.o
 *fill*         0x1000004d        0x3 00
 .data.SystemCoreClock
                0x10000050        0x4 /opt/york/cs/net/lpc1700-cmsis-lite-2011.01.26-i686-1/lib/system_LPC17xx.o
                0x10000050                SystemCoreClock
 .data          0x10000054        0x0 /opt/york/cs/net/lpc1700-cmsis-lite-2011.01.26-i686-1/lib/startup_LPC17xx.o
 .data          0x10000054        0x0 /opt/york/cs/net/sourcery-g++-lite-arm-eabi-2010.09.51-i686-1/arm-none-eabi/lib/thumb2/libc.a(lib_a-malloc.o)
 .data          0x10000054      0x410 /opt/york/cs/net/sourcery-g++-lite-arm-eabi-2010.09.51-i686-1/arm-none-eabi/lib/thumb2/libc.a(lib_a-mallocr.o)
                0x10000054                __malloc_av_
                0x1000045c                __malloc_sbrk_base
                0x10000460                __malloc_trim_threshold
 .data          0x10000464        0x0 /opt/york/cs/net/sourcery-g++-lite-arm-eabi-2010.09.51-i686-1/arm-none-eabi/lib/thumb2/libc.a(lib_a-mlock.o)
 .data          0x10000464        0x0 /opt/york/cs/net/sourcery-g++-lite-arm-eabi-2010.09.51-i686-1/arm-none-eabi/lib/thumb2/libc.a(lib_a-sbrkr.o)
 .data          0x10000464        0x0 /opt/york/cs/net/sourcery-g++-lite-arm-eabi-2010.09.51-i686-1/arm-none-eabi/lib/thumb2/libc.a(lib_a-sprintf.o)
 .data          0x10000464        0x0 /opt/york/cs/net/sourcery-g++-lite-arm-eabi-2010.09.51-i686-1/arm-none-eabi/lib/thumb2/libc.a(lib_a-strlen.o)
 .data          0x10000464        0x0 /opt/york/cs/net/sourcery-g++-lite-arm-eabi-2010.09.51-i686-1/arm-none-eabi/lib/thumb2/libc.a(lib_a-svfprintf.o)
 .data          0x10000464        0x0 /opt/york/cs/net/sourcery-g++-lite-arm-eabi-2010.09.51-i686-1/arm-none-eabi/lib/thumb2/libc.a(lib_a-dtoa.o)
 .data          0x10000464        0x0 /opt/york/cs/net/sourcery-g++-lite-arm-eabi-2010.09.51-i686-1/arm-none-eabi/lib/thumb2/libc.a(lib_a-freer.o)
 .data          0x10000464       0xf4 /opt/york/cs/net/sourcery-g++-lite-arm-eabi-2010.09.51-i686-1/arm-none-eabi/lib/thumb2/libc.a(lib_a-impure.o)
                0x10000464                _impure_ptr
 .data          0x10000558       0x7c /opt/york/cs/net/sourcery-g++-lite-arm-eabi-2010.09.51-i686-1/arm-none-eabi/lib/thumb2/libc.a(lib_a-locale.o)
                0x10000578                __mb_cur_max
 .data          0x100005d4        0x0 /opt/york/cs/net/sourcery-g++-lite-arm-eabi-2010.09.51-i686-1/arm-none-eabi/lib/thumb2/libc.a(lib_a-memchr.o)
 .data          0x100005d4        0x0 /opt/york/cs/net/sourcery-g++-lite-arm-eabi-2010.09.51-i686-1/arm-none-eabi/lib/thumb2/libc.a(lib_a-memcpy.o)
 .data          0x100005d4        0x0 /opt/york/cs/net/sourcery-g++-lite-arm-eabi-2010.09.51-i686-1/arm-none-eabi/lib/thumb2/libc.a(lib_a-mprec.o)
 .data          0x100005d4        0x0 /opt/york/cs/net/sourcery-g++-lite-arm-eabi-2010.09.51-i686-1/arm-none-eabi/lib/thumb2/libc.a(lib_a-reent.o)
 .data          0x100005d4        0x0 /opt/york/cs/net/sourcery-g++-lite-arm-eabi-2010.09.51-i686-1/arm-none-eabi/lib/thumb2/libc.a(lib_a-s_fpclassify.o)
 .data          0x100005d4        0x0 /opt/york/cs/net/sourcery-g++-lite-arm-eabi-2010.09.51-i686-1/arm-none-eabi/lib/thumb2/libc.a(lib_a-strcmp.o)
 .data          0x100005d4        0x0 /opt/york/cs/net/sourcery-g++-lite-arm-eabi-2010.09.51-i686-1/arm-none-eabi/lib/thumb2/libc.a(lib_a-svfiprintf.o)
 .data          0x100005d4        0x0 /opt/york/cs/net/sourcery-g++-lite-arm-eabi-2010.09.51-i686-1/arm-none-eabi/lib/thumb2/libc.a(lib_a-callocr.o)
 .data          0x100005d4        0x0 /opt/york/cs/net/sourcery-g++-lite-arm-eabi-2010.09.51-i686-1/arm-none-eabi/lib/thumb2/libc.a(lib_a-memmove.o)
 .data          0x100005d4        0x0 /opt/york/cs/net/sourcery-g++-lite-arm-eabi-2010.09.51-i686-1/arm-none-eabi/lib/thumb2/libc.a(lib_a-memset.o)
 .data          0x100005d4        0x0 /opt/york/cs/net/sourcery-g++-lite-arm-eabi-2010.09.51-i686-1/arm-none-eabi/lib/thumb2/libc.a(lib_a-reallocr.o)
 .data          0x100005d4        0x0 /opt/york/cs/net/sourcery-g++-lite-arm-eabi-2010.09.51-i686-1/bin/../lib/gcc/arm-none-eabi/4.5.1/thumb2/libgcc.a(_udivsi3.o)
 .data          0x100005d4        0x0 /opt/york/cs/net/sourcery-g++-lite-arm-eabi-2010.09.51-i686-1/bin/../lib/gcc/arm-none-eabi/4.5.1/thumb2/libgcc.a(_dvmd_tls.o)
 .data          0x100005d4        0x0 /opt/york/cs/net/sourcery-g++-lite-arm-eabi-2010.09.51-i686-1/bin/../lib/gcc/arm-none-eabi/4.5.1/thumb2/libgcc.a(_arm_addsubdf3.o)
 .data          0x100005d4        0x0 /opt/york/cs/net/sourcery-g++-lite-arm-eabi-2010.09.51-i686-1/bin/../lib/gcc/arm-none-eabi/4.5.1/thumb2/libgcc.a(_arm_muldivdf3.o)
 .data          0x100005d4        0x0 /opt/york/cs/net/sourcery-g++-lite-arm-eabi-2010.09.51-i686-1/bin/../lib/gcc/arm-none-eabi/4.5.1/thumb2/libgcc.a(_arm_cmpdf2.o)
 .data          0x100005d4        0x0 /opt/york/cs/net/sourcery-g++-lite-arm-eabi-2010.09.51-i686-1/bin/../lib/gcc/arm-none-eabi/4.5.1/thumb2/libgcc.a(_arm_fixdfsi.o)
 .data          0x100005d4        0x0 /opt/york/cs/net/sourcery-g++-lite-arm-eabi-2010.09.51-i686-1/bin/../lib/gcc/arm-none-eabi/4.5.1/thumb2/libgcc.a(_aeabi_uldivmod.o)
 .data          0x100005d4        0x0 /opt/york/cs/net/sourcery-g++-lite-arm-eabi-2010.09.51-i686-1/bin/../lib/gcc/arm-none-eabi/4.5.1/thumb2/libgcc.a(bpabi.o)
 .data          0x100005d4        0x0 /opt/york/cs/net/sourcery-g++-lite-arm-eabi-2010.09.51-i686-1/bin/../lib/gcc/arm-none-eabi/4.5.1/thumb2/libgcc.a(_divdi3.o)
 .data          0x100005d4        0x0 /opt/york/cs/net/sourcery-g++-lite-arm-eabi-2010.09.51-i686-1/bin/../lib/gcc/arm-none-eabi/4.5.1/thumb2/libgcc.a(_udivdi3.o)
 .data          0x100005d4        0x0 /opt/york/cs/net/sourcery-g++-lite-arm-eabi-2010.09.51-i686-1/arm-none-eabi/lib/thumb2/libcs3.a(start_c.o)
 .data          0x100005d4        0x4 /opt/york/cs/net/sourcery-g++-lite-arm-eabi-2010.09.51-i686-1/arm-none-eabi/lib/thumb2/libcs3unhosted.a(unhosted-sbrk.o)
 .data          0x100005d8        0x0 /opt/york/cs/net/sourcery-g++-lite-arm-eabi-2010.09.51-i686-1/arm-none-eabi/lib/thumb2/libcs3unhosted.a(unhosted-start.o)
 .data          0x100005d8        0x0 /opt/york/cs/net/sourcery-g++-lite-arm-eabi-2010.09.51-i686-1/arm-none-eabi/lib/thumb2/libc.a(lib_a-errno.o)
 .data          0x100005d8        0x0 /opt/york/cs/net/sourcery-g++-lite-arm-eabi-2010.09.51-i686-1/arm-none-eabi/lib/thumb2/libc.a(lib_a-init.o)
 .data          0x100005d8        0x4 /opt/york/cs/net/sourcery-g++-lite-arm-eabi-2010.09.51-i686-1/arm-none-eabi/lib/thumb2/libcs3.a(heap.o)
                0x100005d8                __cs3_heap_limit
 .data          0x100005dc        0x0 /opt/york/cs/net/lpc1700-cmsis-lite-2011.01.26-i686-1/lib/libDriversLPC17xxgnu.a(lpc17xx_gpdma.o)
 .data.pGPDMACh
                0x100005dc       0x20 /opt/york/cs/net/lpc1700-cmsis-lite-2011.01.26-i686-1/lib/libDriversLPC17xxgnu.a(lpc17xx_gpdma.o)
                0x100005dc                pGPDMACh
 .data          0x100005fc        0x0 /opt/york/cs/net/lpc1700-cmsis-lite-2011.01.26-i686-1/lib/libDriversLPC17xxgnu.a(lpc17xx_i2c.o)
 .data          0x100005fc        0x0 /opt/york/cs/net/lpc1700-cmsis-lite-2011.01.26-i686-1/lib/libDriversLPC17xxgnu.a(lpc17xx_i2s.o)
 .data          0x100005fc        0x0 /opt/york/cs/net/lpc1700-cmsis-lite-2011.01.26-i686-1/lib/libDriversLPC17xxgnu.a(lpc17xx_libcfg_default.o)
 .data          0x100005fc        0x0 /opt/york/cs/net/lpc1700-cmsis-lite-2011.01.26-i686-1/lib/libDriversLPC17xxgnu.a(lpc17xx_pinsel.o)
 .data          0x100005fc        0x0 /opt/york/cs/net/lpc1700-cmsis-lite-2011.01.26-i686-1/lib/libDriversLPC17xxgnu.a(lpc17xx_uart.o)
 .data          0x100005fc        0x0 /opt/york/cs/net/lpc1700-cmsis-lite-2011.01.26-i686-1/lib/libDriversLPC17xxgnu.a(lpc17xx_clkpwr.o)
 .data          0x100005fc        0x0 /opt/york/cs/net/sourcery-g++-lite-arm-eabi-2010.09.51-i686-1/bin/../lib/gcc/arm-none-eabi/4.5.1/thumb2/crtend.o
 .data          0x100005fc        0x0 /opt/york/cs/net/sourcery-g++-lite-arm-eabi-2010.09.51-i686-1/bin/../lib/gcc/arm-none-eabi/4.5.1/thumb2/crtn.o
 *(.ram)
                0x10000600                . = ALIGN (0x8)
 *fill*         0x100005fc        0x4 00
                0x10000600                _edata = .

.bss            0x10000600      0x538 load address 0x000143c0
 *(.shbss)
 *(.bss .bss.* .gnu.linkonce.b.*)
 .bss           0x10000600        0x0 /opt/york/cs/net/sourcery-g++-lite-arm-eabi-2010.09.51-i686-1/bin/../lib/gcc/arm-none-eabi/4.5.1/thumb2/crti.o
 .bss           0x10000600        0x1 /opt/york/cs/net/sourcery-g++-lite-arm-eabi-2010.09.51-i686-1/bin/../lib/gcc/arm-none-eabi/4.5.1/thumb2/crtbegin.o
 .bss           0x10000601        0x0 main.o
 *fill*         0x10000601        0x3 00
 .bss.i2s_Interrupt_Mode
                0x10000604        0x4 main.o
                0x10000604                i2s_Interrupt_Mode
 .bss           0x10000608        0x0 source/i2s_polling.o
 .bss           0x10000608        0x0 source/KeyAccess.o
 .bss           0x10000608        0x0 source/LCD.o
 .bss           0x10000608        0x0 source/i2s.o
 .bss           0x10000608        0x0 source/TLV320.o
 .bss           0x10000608        0x0 source/Delay.o
 .bss           0x10000608        0x0 source/SerialIO.o
 .bss           0x10000608        0x0 source/I2C.o
 .bss           0x10000608        0x0 source/FatFS/ff.o
 .bss.FatFs     0x10000608        0x4 source/FatFS/ff.o
 .bss.Fsid      0x1000060c        0x2 source/FatFS/ff.o
 .bss.CurrVol   0x1000060e        0x1 source/FatFS/ff.o
 .bss           0x1000060f        0x0 source/FatFS/ffunicode.o
 .bss           0x1000060f        0x0 source/FatFS/mmc_176x_ssp.o
 *fill*         0x1000060f        0x1 00
 .bss.Timer1    0x10000610        0x4 source/FatFS/mmc_176x_ssp.o
 .bss.Timer2    0x10000614        0x4 source/FatFS/mmc_176x_ssp.o
 .bss.CardType  0x10000618        0x1 source/FatFS/mmc_176x_ssp.o
 .bss           0x10000619        0x0 source/FatFS/diskio.o
 .bss           0x10000619        0x0 /opt/york/cs/net/lpc1700-cmsis-lite-2011.01.26-i686-1/lib/core_cm3.o
 .bss           0x10000619        0x0 /opt/york/cs/net/lpc1700-cmsis-lite-2011.01.26-i686-1/lib/system_LPC17xx.o
 .bss           0x10000619        0x0 /opt/york/cs/net/lpc1700-cmsis-lite-2011.01.26-i686-1/lib/startup_LPC17xx.o
 .bss           0x10000619        0x0 /opt/york/cs/net/sourcery-g++-lite-arm-eabi-2010.09.51-i686-1/arm-none-eabi/lib/thumb2/libc.a(lib_a-malloc.o)
 *fill*         0x10000619        0x3 00
 .bss           0x1000061c       0x34 /opt/york/cs/net/sourcery-g++-lite-arm-eabi-2010.09.51-i686-1/arm-none-eabi/lib/thumb2/libc.a(lib_a-mallocr.o)
                0x1000061c                __malloc_top_pad
                0x10000620                __malloc_current_mallinfo
                0x10000648                __malloc_max_sbrked_mem
                0x1000064c                __malloc_max_total_mem
 .bss           0x10000650        0x0 /opt/york/cs/net/sourcery-g++-lite-arm-eabi-2010.09.51-i686-1/arm-none-eabi/lib/thumb2/libc.a(lib_a-mlock.o)
 .bss           0x10000650        0x0 /opt/york/cs/net/sourcery-g++-lite-arm-eabi-2010.09.51-i686-1/arm-none-eabi/lib/thumb2/libc.a(lib_a-sbrkr.o)
 .bss           0x10000650        0x0 /opt/york/cs/net/sourcery-g++-lite-arm-eabi-2010.09.51-i686-1/arm-none-eabi/lib/thumb2/libc.a(lib_a-sprintf.o)
 .bss           0x10000650        0x0 /opt/york/cs/net/sourcery-g++-lite-arm-eabi-2010.09.51-i686-1/arm-none-eabi/lib/thumb2/libc.a(lib_a-strlen.o)
 .bss           0x10000650        0x0 /opt/york/cs/net/sourcery-g++-lite-arm-eabi-2010.09.51-i686-1/arm-none-eabi/lib/thumb2/libc.a(lib_a-svfprintf.o)
 .bss           0x10000650        0x0 /opt/york/cs/net/sourcery-g++-lite-arm-eabi-2010.09.51-i686-1/arm-none-eabi/lib/thumb2/libc.a(lib_a-dtoa.o)
 .bss           0x10000650        0x0 /opt/york/cs/net/sourcery-g++-lite-arm-eabi-2010.09.51-i686-1/arm-none-eabi/lib/thumb2/libc.a(lib_a-freer.o)
 .bss           0x10000650        0x0 /opt/york/cs/net/sourcery-g++-lite-arm-eabi-2010.09.51-i686-1/arm-none-eabi/lib/thumb2/libc.a(lib_a-impure.o)
 .bss           0x10000650        0xc /opt/york/cs/net/sourcery-g++-lite-arm-eabi-2010.09.51-i686-1/arm-none-eabi/lib/thumb2/libc.a(lib_a-locale.o)
                0x10000650                __nlocale_changed
                0x10000654                __mlocale_changed
                0x10000658                _PathLocale
 .bss           0x1000065c        0x0 /opt/york/cs/net/sourcery-g++-lite-arm-eabi-2010.09.51-i686-1/arm-none-eabi/lib/thumb2/libc.a(lib_a-memchr.o)
 .bss           0x1000065c        0x0 /opt/york/cs/net/sourcery-g++-lite-arm-eabi-2010.09.51-i686-1/arm-none-eabi/lib/thumb2/libc.a(lib_a-memcpy.o)
 .bss           0x1000065c        0x0 /opt/york/cs/net/sourcery-g++-lite-arm-eabi-2010.09.51-i686-1/arm-none-eabi/lib/thumb2/libc.a(lib_a-mprec.o)
 .bss           0x1000065c        0x0 /opt/york/cs/net/sourcery-g++-lite-arm-eabi-2010.09.51-i686-1/arm-none-eabi/lib/thumb2/libc.a(lib_a-reent.o)
 .bss           0x1000065c        0x0 /opt/york/cs/net/sourcery-g++-lite-arm-eabi-2010.09.51-i686-1/arm-none-eabi/lib/thumb2/libc.a(lib_a-s_fpclassify.o)
 .bss           0x1000065c        0x0 /opt/york/cs/net/sourcery-g++-lite-arm-eabi-2010.09.51-i686-1/arm-none-eabi/lib/thumb2/libc.a(lib_a-strcmp.o)
 .bss           0x1000065c        0x0 /opt/york/cs/net/sourcery-g++-lite-arm-eabi-2010.09.51-i686-1/arm-none-eabi/lib/thumb2/libc.a(lib_a-svfiprintf.o)
 .bss           0x1000065c        0x0 /opt/york/cs/net/sourcery-g++-lite-arm-eabi-2010.09.51-i686-1/arm-none-eabi/lib/thumb2/libc.a(lib_a-callocr.o)
 .bss           0x1000065c        0x0 /opt/york/cs/net/sourcery-g++-lite-arm-eabi-2010.09.51-i686-1/arm-none-eabi/lib/thumb2/libc.a(lib_a-memmove.o)
 .bss           0x1000065c        0x0 /opt/york/cs/net/sourcery-g++-lite-arm-eabi-2010.09.51-i686-1/arm-none-eabi/lib/thumb2/libc.a(lib_a-memset.o)
 .bss           0x1000065c        0x0 /opt/york/cs/net/sourcery-g++-lite-arm-eabi-2010.09.51-i686-1/arm-none-eabi/lib/thumb2/libc.a(lib_a-reallocr.o)
 .bss           0x1000065c        0x0 /opt/york/cs/net/sourcery-g++-lite-arm-eabi-2010.09.51-i686-1/bin/../lib/gcc/arm-none-eabi/4.5.1/thumb2/libgcc.a(_udivsi3.o)
 .bss           0x1000065c        0x0 /opt/york/cs/net/sourcery-g++-lite-arm-eabi-2010.09.51-i686-1/bin/../lib/gcc/arm-none-eabi/4.5.1/thumb2/libgcc.a(_dvmd_tls.o)
 .bss           0x1000065c        0x0 /opt/york/cs/net/sourcery-g++-lite-arm-eabi-2010.09.51-i686-1/bin/../lib/gcc/arm-none-eabi/4.5.1/thumb2/libgcc.a(_arm_addsubdf3.o)
 .bss           0x1000065c        0x0 /opt/york/cs/net/sourcery-g++-lite-arm-eabi-2010.09.51-i686-1/bin/../lib/gcc/arm-none-eabi/4.5.1/thumb2/libgcc.a(_arm_muldivdf3.o)
 .bss           0x1000065c        0x0 /opt/york/cs/net/sourcery-g++-lite-arm-eabi-2010.09.51-i686-1/bin/../lib/gcc/arm-none-eabi/4.5.1/thumb2/libgcc.a(_arm_cmpdf2.o)
 .bss           0x1000065c        0x0 /opt/york/cs/net/sourcery-g++-lite-arm-eabi-2010.09.51-i686-1/bin/../lib/gcc/arm-none-eabi/4.5.1/thumb2/libgcc.a(_arm_fixdfsi.o)
 .bss           0x1000065c        0x0 /opt/york/cs/net/sourcery-g++-lite-arm-eabi-2010.09.51-i686-1/bin/../lib/gcc/arm-none-eabi/4.5.1/thumb2/libgcc.a(_aeabi_uldivmod.o)
 .bss           0x1000065c        0x0 /opt/york/cs/net/sourcery-g++-lite-arm-eabi-2010.09.51-i686-1/bin/../lib/gcc/arm-none-eabi/4.5.1/thumb2/libgcc.a(bpabi.o)
 .bss           0x1000065c        0x0 /opt/york/cs/net/sourcery-g++-lite-arm-eabi-2010.09.51-i686-1/bin/../lib/gcc/arm-none-eabi/4.5.1/thumb2/libgcc.a(_divdi3.o)
 .bss           0x1000065c        0x0 /opt/york/cs/net/sourcery-g++-lite-arm-eabi-2010.09.51-i686-1/bin/../lib/gcc/arm-none-eabi/4.5.1/thumb2/libgcc.a(_udivdi3.o)
 .bss           0x1000065c        0x0 /opt/york/cs/net/sourcery-g++-lite-arm-eabi-2010.09.51-i686-1/arm-none-eabi/lib/thumb2/libcs3.a(start_c.o)
 .bss           0x1000065c        0x0 /opt/york/cs/net/sourcery-g++-lite-arm-eabi-2010.09.51-i686-1/arm-none-eabi/lib/thumb2/libcs3unhosted.a(unhosted-sbrk.o)
 .bss           0x1000065c        0x0 /opt/york/cs/net/sourcery-g++-lite-arm-eabi-2010.09.51-i686-1/arm-none-eabi/lib/thumb2/libcs3unhosted.a(unhosted-start.o)
 .bss           0x1000065c        0x0 /opt/york/cs/net/sourcery-g++-lite-arm-eabi-2010.09.51-i686-1/arm-none-eabi/lib/thumb2/libc.a(lib_a-errno.o)
 .bss           0x1000065c        0x0 /opt/york/cs/net/sourcery-g++-lite-arm-eabi-2010.09.51-i686-1/arm-none-eabi/lib/thumb2/libc.a(lib_a-init.o)
 .bss           0x1000065c        0x0 /opt/york/cs/net/sourcery-g++-lite-arm-eabi-2010.09.51-i686-1/arm-none-eabi/lib/thumb2/libcs3.a(heap.o)
 .bss           0x1000065c        0x0 /opt/york/cs/net/lpc1700-cmsis-lite-2011.01.26-i686-1/lib/libDriversLPC17xxgnu.a(lpc17xx_gpdma.o)
 .bss           0x1000065c        0x0 /opt/york/cs/net/lpc1700-cmsis-lite-2011.01.26-i686-1/lib/libDriversLPC17xxgnu.a(lpc17xx_i2c.o)
 .bss.i2cdat    0x1000065c       0x18 /opt/york/cs/net/lpc1700-cmsis-lite-2011.01.26-i686-1/lib/libDriversLPC17xxgnu.a(lpc17xx_i2c.o)
 .bss.I2C_MasterComplete
                0x10000674        0xc /opt/york/cs/net/lpc1700-cmsis-lite-2011.01.26-i686-1/lib/libDriversLPC17xxgnu.a(lpc17xx_i2c.o)
 .bss.I2C_SlaveComplete
                0x10000680        0xc /opt/york/cs/net/lpc1700-cmsis-lite-2011.01.26-i686-1/lib/libDriversLPC17xxgnu.a(lpc17xx_i2c.o)
 .bss.I2C_MonitorBufferIndex
                0x1000068c        0x4 /opt/york/cs/net/lpc1700-cmsis-lite-2011.01.26-i686-1/lib/libDriversLPC17xxgnu.a(lpc17xx_i2c.o)
 .bss           0x10000690        0x0 /opt/york/cs/net/lpc1700-cmsis-lite-2011.01.26-i686-1/lib/libDriversLPC17xxgnu.a(lpc17xx_i2s.o)
 .bss           0x10000690        0x0 /opt/york/cs/net/lpc1700-cmsis-lite-2011.01.26-i686-1/lib/libDriversLPC17xxgnu.a(lpc17xx_libcfg_default.o)
 .bss           0x10000690        0x0 /opt/york/cs/net/lpc1700-cmsis-lite-2011.01.26-i686-1/lib/libDriversLPC17xxgnu.a(lpc17xx_pinsel.o)
 .bss           0x10000690        0x0 /opt/york/cs/net/lpc1700-cmsis-lite-2011.01.26-i686-1/lib/libDriversLPC17xxgnu.a(lpc17xx_uart.o)
 .bss           0x10000690        0x0 /opt/york/cs/net/lpc1700-cmsis-lite-2011.01.26-i686-1/lib/libDriversLPC17xxgnu.a(lpc17xx_clkpwr.o)
 .bss           0x10000690        0x0 /opt/york/cs/net/sourcery-g++-lite-arm-eabi-2010.09.51-i686-1/bin/../lib/gcc/arm-none-eabi/4.5.1/thumb2/crtend.o
 .bss           0x10000690        0x0 /opt/york/cs/net/sourcery-g++-lite-arm-eabi-2010.09.51-i686-1/bin/../lib/gcc/arm-none-eabi/4.5.1/thumb2/crtn.o
 *(COMMON)
 COMMON         0x10000690      0x498 main.o
                0x10000690                Channel1_TC
                0x10000694                BufferIn
                0x10000698                WriteInd
                0x1000069c                Channel0_TC
                0x100006a0                SelMenuItem
                0x100006a4                FatFs
                0x100008d8                counter1
                0x100008dc                rbuf
                0x10000aec                ReadInd
                0x10000af0                BufferOut
                0x10000af4                extra_inc
                0x10000af8                buttonpress
                0x10000afc                Channel0_Err
                0x10000b00                buffer
                0x10000b04                Counter
                0x10000b08                Channel1_Err
                0x10000b0c                prevKey
                0x10000b10                quotient
                0x10000b14                key
                0x10000b18                county2
                0x10000b1c                TxIntStat
                0x10000b20                Audio_buf
                0x10000b24                county
 COMMON         0x10000b28        0x8 source/i2s.o
                0x10000b28                ENAOUT
                0x10000b2c                ENAINP
 COMMON         0x10000b30        0x4 /opt/york/cs/net/sourcery-g++-lite-arm-eabi-2010.09.51-i686-1/arm-none-eabi/lib/thumb2/libc.a(lib_a-reent.o)
                0x10000b30                errno
 *(.ram.b)
                0x10000b38                . = ALIGN (0x8)
 *fill*         0x10000b34        0x4 00
                0x10000b38                _end = .
                0x10000b38                __end = .

.usb_ram
 *.o(USB_RAM)

.heap           0x10000b38     0x1000
 *(.heap)
 .heap          0x10000b38     0x1000 /opt/york/cs/net/lpc1700-cmsis-lite-2011.01.26-i686-1/lib/startup_LPC17xx.o
                0x10000b38                __cs3_heap_start
                0x10001b38                __cs3_heap_end

.stack          0x10007f00      0x100
 *(.stack)
 .stack         0x10007f00      0x100 /opt/york/cs/net/lpc1700-cmsis-lite-2011.01.26-i686-1/lib/startup_LPC17xx.o
                0x10007f00                __cs3_stack_mem
                0x10008000                _estack = .
                0x10008000                PROVIDE (estack, .)
                0x00013dc0                __cs3_region_init_ram = LOADADDR (.data)
                0x00000600                __cs3_region_init_size_ram = (_edata - __cs3_region_start_ram)
                0x00000538                __cs3_region_zero_size_ram = (_end - _edata)
                0x00008000                __cs3_region_size_ram = 0x8000
                0x00000001                __cs3_region_num = 0x1

.stab
 *(.stab)

.stabstr
 *(.stabstr)

.debug
 *(.debug)

.line
 *(.line)

.debug_srcinfo
 *(.debug_srcinfo)

.debug_sfnames
 *(.debug_sfnames)

.comment        0x00000000       0x2a
 .comment       0x00000000       0x2a main.o
                                 0x2b (size before relaxing)
 .comment       0x00000000       0x2b source/i2s_polling.o
 .comment       0x00000000       0x2b source/KeyAccess.o
 .comment       0x00000000       0x2b source/LCD.o
 .comment       0x00000000       0x2b source/i2s.o
 .comment       0x00000000       0x2b source/TLV320.o
 .comment       0x00000000       0x2b source/Delay.o
 .comment       0x00000000       0x2b source/SerialIO.o
 .comment       0x00000000       0x2b source/I2C.o
 .comment       0x00000000       0x2b source/FatFS/ff.o
 .comment       0x00000000       0x2b source/FatFS/ffunicode.o
 .comment       0x00000000       0x2b source/FatFS/mmc_176x_ssp.o
 .comment       0x00000000       0x2b source/FatFS/diskio.o
 .comment       0x00000000       0x2b /opt/york/cs/net/lpc1700-cmsis-lite-2011.01.26-i686-1/lib/core_cm3.o
 .comment       0x00000000       0x2b /opt/york/cs/net/lpc1700-cmsis-lite-2011.01.26-i686-1/lib/system_LPC17xx.o
 .comment       0x00000000       0x2b /opt/york/cs/net/lpc1700-cmsis-lite-2011.01.26-i686-1/lib/libDriversLPC17xxgnu.a(lpc17xx_gpdma.o)
 .comment       0x00000000       0x2b /opt/york/cs/net/lpc1700-cmsis-lite-2011.01.26-i686-1/lib/libDriversLPC17xxgnu.a(lpc17xx_i2c.o)
 .comment       0x00000000       0x2b /opt/york/cs/net/lpc1700-cmsis-lite-2011.01.26-i686-1/lib/libDriversLPC17xxgnu.a(lpc17xx_i2s.o)
 .comment       0x00000000       0x2b /opt/york/cs/net/lpc1700-cmsis-lite-2011.01.26-i686-1/lib/libDriversLPC17xxgnu.a(lpc17xx_libcfg_default.o)
 .comment       0x00000000       0x2b /opt/york/cs/net/lpc1700-cmsis-lite-2011.01.26-i686-1/lib/libDriversLPC17xxgnu.a(lpc17xx_pinsel.o)
 .comment       0x00000000       0x2b /opt/york/cs/net/lpc1700-cmsis-lite-2011.01.26-i686-1/lib/libDriversLPC17xxgnu.a(lpc17xx_uart.o)
 .comment       0x00000000       0x2b /opt/york/cs/net/lpc1700-cmsis-lite-2011.01.26-i686-1/lib/libDriversLPC17xxgnu.a(lpc17xx_clkpwr.o)

.debug_aranges  0x00000000      0xa28
 *(.debug_aranges)
 .debug_aranges
                0x00000000       0x98 main.o
 .debug_aranges
                0x00000098       0x48 source/i2s_polling.o
 .debug_aranges
                0x000000e0       0x30 source/KeyAccess.o
 .debug_aranges
                0x00000110       0x78 source/LCD.o
 .debug_aranges
                0x00000188       0x78 source/i2s.o
 .debug_aranges
                0x00000200       0x60 source/TLV320.o
 .debug_aranges
                0x00000260       0x40 source/Delay.o
 .debug_aranges
                0x000002a0       0x90 source/SerialIO.o
 .debug_aranges
                0x00000330       0x30 source/I2C.o
 .debug_aranges
                0x00000360      0x248 source/FatFS/ff.o
 .debug_aranges
                0x000005a8       0xa0 source/FatFS/mmc_176x_ssp.o
 .debug_aranges
                0x00000648       0x28 /opt/york/cs/net/lpc1700-cmsis-lite-2011.01.26-i686-1/lib/system_LPC17xx.o
 .debug_aranges
                0x00000670       0x28 /opt/york/cs/net/lpc1700-cmsis-lite-2011.01.26-i686-1/lib/startup_LPC17xx.o
 .debug_aranges
                0x00000698       0x40 /opt/york/cs/net/lpc1700-cmsis-lite-2011.01.26-i686-1/lib/libDriversLPC17xxgnu.a(lpc17xx_gpdma.o)
 .debug_aranges
                0x000006d8       0xd0 /opt/york/cs/net/lpc1700-cmsis-lite-2011.01.26-i686-1/lib/libDriversLPC17xxgnu.a(lpc17xx_i2c.o)
 .debug_aranges
                0x000007a8       0xc0 /opt/york/cs/net/lpc1700-cmsis-lite-2011.01.26-i686-1/lib/libDriversLPC17xxgnu.a(lpc17xx_i2s.o)
 .debug_aranges
                0x00000868       0x20 /opt/york/cs/net/lpc1700-cmsis-lite-2011.01.26-i686-1/lib/libDriversLPC17xxgnu.a(lpc17xx_libcfg_default.o)
 .debug_aranges
                0x00000888       0x48 /opt/york/cs/net/lpc1700-cmsis-lite-2011.01.26-i686-1/lib/libDriversLPC17xxgnu.a(lpc17xx_pinsel.o)
 .debug_aranges
                0x000008d0      0x100 /opt/york/cs/net/lpc1700-cmsis-lite-2011.01.26-i686-1/lib/libDriversLPC17xxgnu.a(lpc17xx_uart.o)
 .debug_aranges
                0x000009d0       0x58 /opt/york/cs/net/lpc1700-cmsis-lite-2011.01.26-i686-1/lib/libDriversLPC17xxgnu.a(lpc17xx_clkpwr.o)

.debug_pubnames
                0x00000000     0x116c
 *(.debug_pubnames)
 .debug_pubnames
                0x00000000      0x23d main.o
 .debug_pubnames
                0x0000023d       0xee source/i2s_polling.o
 .debug_pubnames
                0x0000032b       0x41 source/KeyAccess.o
 .debug_pubnames
                0x0000036c       0xd1 source/LCD.o
 .debug_pubnames
                0x0000043d      0x120 source/i2s.o
 .debug_pubnames
                0x0000055d      0x103 source/TLV320.o
 .debug_pubnames
                0x00000660       0x4a source/Delay.o
 .debug_pubnames
                0x000006aa      0x120 source/SerialIO.o
 .debug_pubnames
                0x000007ca       0x3a source/I2C.o
 .debug_pubnames
                0x00000804      0x191 source/FatFS/ff.o
 .debug_pubnames