Archive member included because of file (symbol)

/opt/york/cs/net/sourcery-g++-lite-arm-eabi-2010.09.51-i686-1/arm-none-eabi/lib/thumb2/libc.a(lib_a-malloc.o)
                              main.o (malloc)
/opt/york/cs/net/sourcery-g++-lite-arm-eabi-2010.09.51-i686-1/arm-none-eabi/lib/thumb2/libc.a(lib_a-mallocr.o)
                              /opt/york/cs/net/sourcery-g++-lite-arm-eabi-2010.09.51-i686-1/arm-none-eabi/lib/thumb2/libc.a(lib_a-malloc.o) (_malloc_r)
/opt/york/cs/net/sourcery-g++-lite-arm-eabi-2010.09.51-i686-1/arm-none-eabi/lib/thumb2/libc.a(lib_a-mlock.o)
                              /opt/york/cs/net/sourcery-g++-lite-arm-eabi-2010.09.51-i686-1/arm-none-eabi/lib/thumb2/libc.a(lib_a-mallocr.o) (__malloc_lock)
/opt/york/cs/net/sourcery-g++-lite-arm-eabi-2010.09.51-i686-1/arm-none-eabi/lib/thumb2/libc.a(lib_a-sbrkr.o)
                              /opt/york/cs/net/sourcery-g++-lite-arm-eabi-2010.09.51-i686-1/arm-none-eabi/lib/thumb2/libc.a(lib_a-mallocr.o) (_sbrk_r)
/opt/york/cs/net/sourcery-g++-lite-arm-eabi-2010.09.51-i686-1/arm-none-eabi/lib/thumb2/libc.a(lib_a-sprintf.o)
                              main.o (sprintf)
/opt/york/cs/net/sourcery-g++-lite-arm-eabi-2010.09.51-i686-1/arm-none-eabi/lib/thumb2/libc.a(lib_a-strlen.o)
                              main.o (strlen)
/opt/york/cs/net/sourcery-g++-lite-arm-eabi-2010.09.51-i686-1/arm-none-eabi/lib/thumb2/libc.a(lib_a-svfprintf.o)
                              /opt/york/cs/net/sourcery-g++-lite-arm-eabi-2010.09.51-i686-1/arm-none-eabi/lib/thumb2/libc.a(lib_a-sprintf.o) (_svfprintf_r)
/opt/york/cs/net/sourcery-g++-lite-arm-eabi-2010.09.51-i686-1/arm-none-eabi/lib/thumb2/libc.a(lib_a-dtoa.o)
                              /opt/york/cs/net/sourcery-g++-lite-arm-eabi-2010.09.51-i686-1/arm-none-eabi/lib/thumb2/libc.a(lib_a-svfprintf.o) (_dtoa_r)
/opt/york/cs/net/sourcery-g++-lite-arm-eabi-2010.09.51-i686-1/arm-none-eabi/lib/thumb2/libc.a(lib_a-freer.o)
                              /opt/york/cs/net/sourcery-g++-lite-arm-eabi-2010.09.51-i686-1/arm-none-eabi/lib/thumb2/libc.a(lib_a-malloc.o) (_free_r)
/opt/york/cs/net/sourcery-g++-lite-arm-eabi-2010.09.51-i686-1/arm-none-eabi/lib/thumb2/libc.a(lib_a-impure.o)
                              /opt/york/cs/net/sourcery-g++-lite-arm-eabi-2010.09.51-i686-1/arm-none-eabi/lib/thumb2/libc.a(lib_a-malloc.o) (_impure_ptr)
/opt/york/cs/net/sourcery-g++-lite-arm-eabi-2010.09.51-i686-1/arm-none-eabi/lib/thumb2/libc.a(lib_a-locale.o)
                              /opt/york/cs/net/sourcery-g++-lite-arm-eabi-2010.09.51-i686-1/arm-none-eabi/lib/thumb2/libc.a(lib_a-svfprintf.o) (_localeconv_r)
/opt/york/cs/net/sourcery-g++-lite-arm-eabi-2010.09.51-i686-1/arm-none-eabi/lib/thumb2/libc.a(lib_a-memchr.o)
                              /opt/york/cs/net/sourcery-g++-lite-arm-eabi-2010.09.51-i686-1/arm-none-eabi/lib/thumb2/libc.a(lib_a-svfprintf.o) (memchr)
/opt/york/cs/net/sourcery-g++-lite-arm-eabi-2010.09.51-i686-1/arm-none-eabi/lib/thumb2/libc.a(lib_a-memcpy.o)
                              /opt/york/cs/net/sourcery-g++-lite-arm-eabi-2010.09.51-i686-1/arm-none-eabi/lib/thumb2/libc.a(lib_a-dtoa.o) (memcpy)
/opt/york/cs/net/sourcery-g++-lite-arm-eabi-2010.09.51-i686-1/arm-none-eabi/lib/thumb2/libc.a(lib_a-mprec.o)
                              /opt/york/cs/net/sourcery-g++-lite-arm-eabi-2010.09.51-i686-1/arm-none-eabi/lib/thumb2/libc.a(lib_a-dtoa.o) (_Balloc)
/opt/york/cs/net/sourcery-g++-lite-arm-eabi-2010.09.51-i686-1/arm-none-eabi/lib/thumb2/libc.a(lib_a-reent.o)
                              /opt/york/cs/net/sourcery-g++-lite-arm-eabi-2010.09.51-i686-1/arm-none-eabi/lib/thumb2/libc.a(lib_a-sbrkr.o) (errno)
/opt/york/cs/net/sourcery-g++-lite-arm-eabi-2010.09.51-i686-1/arm-none-eabi/lib/thumb2/libc.a(lib_a-s_fpclassify.o)
                              /opt/york/cs/net/sourcery-g++-lite-arm-eabi-2010.09.51-i686-1/arm-none-eabi/lib/thumb2/libc.a(lib_a-svfprintf.o) (__fpclassifyd)
/opt/york/cs/net/sourcery-g++-lite-arm-eabi-2010.09.51-i686-1/arm-none-eabi/lib/thumb2/libc.a(lib_a-strcmp.o)
                              /opt/york/cs/net/sourcery-g++-lite-arm-eabi-2010.09.51-i686-1/arm-none-eabi/lib/thumb2/libc.a(lib_a-locale.o) (strcmp)
/opt/york/cs/net/sourcery-g++-lite-arm-eabi-2010.09.51-i686-1/arm-none-eabi/lib/thumb2/libc.a(lib_a-svfiprintf.o)
                              /opt/york/cs/net/sourcery-g++-lite-arm-eabi-2010.09.51-i686-1/arm-none-eabi/lib/thumb2/libc.a(lib_a-svfprintf.o) (__ssprint_r)
/opt/york/cs/net/sourcery-g++-lite-arm-eabi-2010.09.51-i686-1/arm-none-eabi/lib/thumb2/libc.a(lib_a-callocr.o)
                              /opt/york/cs/net/sourcery-g++-lite-arm-eabi-2010.09.51-i686-1/arm-none-eabi/lib/thumb2/libc.a(lib_a-mprec.o) (_calloc_r)
/opt/york/cs/net/sourcery-g++-lite-arm-eabi-2010.09.51-i686-1/arm-none-eabi/lib/thumb2/libc.a(lib_a-memmove.o)
                              /opt/york/cs/net/sourcery-g++-lite-arm-eabi-2010.09.51-i686-1/arm-none-eabi/lib/thumb2/libc.a(lib_a-svfiprintf.o) (memmove)
[...]
Memory Configuration

Name             Origin             Length             Attributes
rom              0x00000000         0x00080000         xr
ram              0x10000000         0x00008000         xrw
ram1             0x2007c000         0x00004000         xrw
ram2             0x20080000         0x00004000         xrw
*default*        0x00000000         0xffffffff

Linker script and memory map

LOAD /opt/york/cs/net/sourcery-g++-lite-arm-eabi-2010.09.51-i686-1/bin/../lib/gcc/arm-none-eabi/4.5.1/thumb2/crti.o
LOAD /opt/york/cs/net/sourcery-g++-lite-arm-eabi-2010.09.51-i686-1/bin/../lib/gcc/arm-none-eabi/4.5.1/thumb2/crtbegin.o
LOAD main.o
LOAD source/i2s_polling.o
LOAD source/KeyAccess.o
LOAD source/LCD.o
LOAD source/i2s.o
LOAD source/TLV320.o
LOAD source/Delay.o
LOAD source/SerialIO.o
LOAD source/I2C.o
LOAD source/FatFS/ff.o
LOAD source/FatFS/ffunicode.o
LOAD source/FatFS/mmc_176x_ssp.o
LOAD source/FatFS/diskio.o
LOAD /opt/york/cs/net/lpc1700-cmsis-lite-2011.01.26-i686-1/lib/core_cm3.o
LOAD /opt/york/cs/net/lpc1700-cmsis-lite-2011.01.26-i686-1/lib/system_LPC17xx.o
LOAD /opt/york/cs/net/lpc1700-cmsis-lite-2011.01.26-i686-1/lib/startup_LPC17xx.o
START GROUP
LOAD /opt/york/cs/net/sourcery-g++-lite-arm-eabi-2010.09.51-i686-1/arm-none-eabi/lib/thumb2/libc.a
LOAD /opt/york/cs/net/sourcery-g++-lite-arm-eabi-2010.09.51-i686-1/arm-none-eabi/lib/thumb2/libg.a
LOAD /opt/york/cs/net/sourcery-g++-lite-arm-eabi-2010.09.51-i686-1/arm-none-eabi/lib/thumb2/libstdc++.a
LOAD /opt/york/cs/net/sourcery-g++-lite-arm-eabi-2010.09.51-i686-1/arm-none-eabi/lib/thumb2/libsupc++.a
LOAD /opt/york/cs/net/sourcery-g++-lite-arm-eabi-2010.09.51-i686-1/bin/../lib/gcc/arm-none-eabi/4.5.1/thumb2/libgcc.a
LOAD /opt/york/cs/net/sourcery-g++-lite-arm-eabi-2010.09.51-i686-1/arm-none-eabi/lib/thumb2/libm.a
END GROUP
START GROUP
LOAD /opt/york/cs/net/sourcery-g++-lite-arm-eabi-2010.09.51-i686-1/bin/../lib/gcc/arm-none-eabi/4.5.1/thumb2/libgcc.a
LOAD /opt/york/cs/net/sourcery-g++-lite-arm-eabi-2010.09.51-i686-1/arm-none-eabi/lib/thumb2/libc.a
LOAD /opt/york/cs/net/sourcery-g++-lite-arm-eabi-2010.09.51-i686-1/arm-none-eabi/lib/thumb2/libcs3.a
LOAD /opt/york/cs/net/sourcery-g++-lite-arm-eabi-2010.09.51-i686-1/arm-none-eabi/lib/thumb2/libcs3unhosted.a
LOAD /opt/york/cs/net/sourcery-g++-lite-arm-eabi-2010.09.51-i686-1/arm-none-eabi/lib/thumb2/libcs3micro.a
END GROUP
                0x10008000                PROVIDE (__cs3_stack, (__cs3_region_start_ram + __cs3_region_size_ram))
                0x000071b0                PROVIDE (__cs3_stack_size, ((__cs3_region_start_ram + __cs3_region_size_ram) - _end))
                0x10000e50                PROVIDE (__cs3_heap_start, _end)
                0x10008000                PROVIDE (__cs3_heap_end, (__cs3_region_start_ram + __cs3_region_size_ram))

.text           0x00000000    0x14004
 CREATE_OBJECT_SYMBOLS
                0x00000000                __cs3_region_start_rom = .
 *(.cs3.region-head.rom)
                0x00000000                __cs3_interrupt_vector = __cs3_interrupt_vector_cortex_m
 *(.cs3.interrupt_vector)
 .cs3.interrupt_vector
                0x00000000       0xcc /opt/york/cs/net/lpc1700-cmsis-lite-2011.01.26-i686-1/lib/startup_LPC17xx.o
                0x00000000                __cs3_interrupt_vector_cortex_m
                0x00000001                ASSERT ((. != __cs3_interrupt_vector_cortex_m), No interrupt vector)
 *(.rom)
 *(.rom.b)
                0x000000cc                __cs3_reset = __cs3_reset_cortex_m
 *(.cs3.reset)
 .cs3.reset     0x000000cc       0x10 /opt/york/cs/net/lpc1700-cmsis-lite-2011.01.26-i686-1/lib/startup_LPC17xx.o
                0x000000cc                __cs3_reset_cortex_m
                0x00000001                ASSERT ((. != __cs3_reset), No reset code)
 *(.text .text.* .gnu.linkonce.t.*)
 .text          0x000000dc        0x0 /opt/york/cs/net/sourcery-g++-lite-arm-eabi-2010.09.51-i686-1/bin/../lib/gcc/arm-none-eabi/4.5.1/thumb2/crti.o
 .text          0x000000dc       0x30 /opt/york/cs/net/sourcery-g++-lite-arm-eabi-2010.09.51-i686-1/bin/../lib/gcc/arm-none-eabi/4.5.1/thumb2/crtbegin.o
 .text          0x0000010c        0x0 main.o
 .text.NVIC_EnableIRQ
                0x0000010c       0x38 main.o
 .text.NVIC_DisableIRQ
                0x00000144       0x3c main.o
 .text.NVIC_SetPriority
                0x00000180       0x5c main.o
 .text.EINT3_IRQHandler
                0x000001dc       0xbc main.o
                0x000001dc                EINT3_IRQHandler
 .text.IRQInit  0x00000298       0xd8 main.o
                0x00000298                IRQInit
 .text.DrawMenu
                0x00000370      0x200 main.o
                0x00000370                DrawMenu
 .text.Menu     0x00000570      0x254 main.o
                0x00000570                Menu
 .text.PlayLoop
                0x000007c4      0x158 main.o
                0x000007c4                PlayLoop
 .text.I2S_PassThroughLoop
                0x0000091c       0x8c main.o
                0x0000091c                I2S_PassThroughLoop
 .text.I2S_PassThroughInterrupt
                0x000009a8       0xa0 main.o
                0x000009a8                I2S_PassThroughInterrupt
 .text.MASSIVE_TEST
                0x00000a48       0x64 main.o
                0x00000a48                MASSIVE_TEST
 .text.PassThroughLoop
                0x00000aac       0x3c main.o
                0x00000aac                PassThroughLoop
 .text.UART_Mode
                0x00000ae8       0x98 main.o
                0x00000ae8                UART_Mode
 .text.FatRead  0x00000b80      0x100 main.o
                0x00000b80                FatRead
 .text.Read2Audio
                0x00000c80       0xa8 main.o
                0x00000c80                Read2Audio
 .text.main     0x00000d28       0x38 main.o
                0x00000d28                main
 .text.temp     0x00000d60       0x18 main.o
                0x00000d60                temp
 .text          0x00000d78        0x0 source/i2s_polling.o
 .text.NVIC_EnableIRQ
                0x00000d78       0x38 source/i2s_polling.o
 .text.NVIC_DisableIRQ
                0x00000db0       0x3c source/i2s_polling.o
 .text.NVIC_SetPriority
                0x00000dec       0x5c source/i2s_polling.o
 .text.I2S_IRQHandler
                0x00000e48      0x174 source/i2s_polling.o
                0x00000e48                I2S_IRQHandler
 .text.I2S_Polling_Init
                0x00000fbc      0x1ec source/i2s_polling.o
                0x00000fbc                I2S_Polling_Init
 .text.I2S_A_Polling_Init
                0x000011a8      0x144 source/i2s_polling.o
                0x000011a8                I2S_A_Polling_Init
 .text.I2S_Polling_Read
                0x000012ec       0x84 source/i2s_polling.o
                0x000012ec                I2S_Polling_Read
 .text.I2S_Polling_Write
                0x00001370       0x5c source/i2s_polling.o
                0x00001370                I2S_Polling_Write
 .text          0x000013cc        0x0 source/KeyAccess.o
 .text.GetKeyInput
                0x000013cc       0x4c source/KeyAccess.o
                0x000013cc                GetKeyInput
 .text.DecodeInput
                0x00001418       0xc8 source/KeyAccess.o
                0x00001418                DecodeInput
 .text.GetKeyData
                0x000014e0       0xb4 source/KeyAccess.o
                0x000014e0                GetKeyData
 .text          0x00001594        0x0 source/LCD.o
 .text.NVIC_SetPriority
                0x00001594       0x5c source/LCD.o
 .text.SysTick_Config
                0x000015f0       0x64 source/LCD.o
 .text.SendData
                0x00001654       0x3c source/LCD.o
                0x00001654                SendData
 .text.LCDEnable
                0x00001690       0x28 source/LCD.o
                0x00001690                LCDEnable
 .text.LCDDisable
                0x000016b8       0x28 source/LCD.o
                0x000016b8                LCDDisable
 .text.LCDGoHome
                0x000016e0       0x28 source/LCD.o
                0x000016e0                LCDGoHome
 .text.LCDNewLine
                0x00001708       0x28 source/LCD.o
                0x00001708                LCDNewLine
 .text.LCDCursorShift
                0x00001730       0xb0 source/LCD.o
                0x00001730                LCDCursorShift
 .text.LCDInit  0x000017e0       0x38 source/LCD.o
                0x000017e0                LCDInit
 .text.LCDClear
                0x00001818       0x70 source/LCD.o
                0x00001818                LCDClear
 .text.LCDPrint
                0x00001888       0xec source/LCD.o
                0x00001888                LCDPrint
 .text.main_LDCPrintHelloWorld
                0x00001974       0x68 source/LCD.o
                0x00001974                main_LDCPrintHelloWorld
 .text          0x000019dc        0x0 source/i2s.o
 .text.NVIC_EnableIRQ
                0x000019dc       0x38 source/i2s.o
 .text.NVIC_DisableIRQ
                0x00001a14       0x3c source/i2s.o
 .text.NVIC_SetPriority
                0x00001a50       0x5c source/i2s.o
 .text.DMA_IRQHandler
                0x00001aac      0x104 source/i2s.o
                0x00001aac                DMA_IRQHandler
 .text.Init_I2S
                0x00001bb0       0xd0 source/i2s.o
                0x00001bb0                Init_I2S
 .text.ConfInit
                0x00001c80       0x68 source/i2s.o
                0x00001c80                ConfInit
 .text.ClockInit
                0x00001ce8       0x54 source/i2s.o
                0x00001ce8                ClockInit
 .text.InitializeGPDMA
                0x00001d3c      0x150 source/i2s.o
                0x00001d3c                InitializeGPDMA
 .text.EnableInput
                0x00001e8c       0x50 source/i2s.o
                0x00001e8c                EnableInput
 .text.EnableOutput
                0x00001edc       0x50 source/i2s.o
                0x00001edc                EnableOutput
 .text.DisableInput
                0x00001f2c       0x50 source/i2s.o
                0x00001f2c                DisableInput
 .text.DisableOutput
                0x00001f7c       0x50 source/i2s.o
                0x00001f7c                DisableOutput
 .text          0x00001fcc        0x0 source/TLV320.o
 .text.TLV320_ChangeInputVolume
                0x00001fcc       0x38 source/TLV320.o
                0x00001fcc                TLV320_ChangeInputVolume
 .text.TLV320_ChangeOutputVolume
                0x00002004       0x40 source/TLV320.o
                0x00002004                TLV320_ChangeOutputVolume
 .text.TLV320_EnablePassThrough
                0x00002044       0x28 source/TLV320.o
                0x00002044                TLV320_EnablePassThrough
 .text.TLV320_DisablePassThrough
                0x0000206c       0x30 source/TLV320.o
                0x0000206c                TLV320_DisablePassThrough
 .text.TLV320_Setup
                0x0000209c       0x28 source/TLV320.o
                0x0000209c                TLV320_Setup
 .text.TLV320_EnableDAC
                0x000020c4       0x2c source/TLV320.o
                0x000020c4                TLV320_EnableDAC
 .text.TLV320_EnableOutput
                0x000020f0       0x2c source/TLV320.o
                0x000020f0                TLV320_EnableOutput
 .text.TLV320_Start_I2S_Polling_Passthrough
                0x0000211c       0x38 source/TLV320.o
                0x0000211c                TLV320_Start_I2S_Polling_Passthrough
 .text.TLV320_SendData
                0x00002154       0x64 source/TLV320.o
                0x00002154                TLV320_SendData
 .text          0x000021b8        0x0 source/Delay.o
 .text.NVIC_SetPriority
                0x000021b8       0x5c source/Delay.o
 .text.SysTick_Config
                0x00002214       0x64 source/Delay.o
 .text.SysTick_Handler
                0x00002278       0x24 source/Delay.o
                0x00002278                SysTick_Handler
 .text.Delay    0x0000229c       0x34 source/Delay.o
                0x0000229c                Delay
 .text.DelayInit
                0x000022d0       0x2c source/Delay.o
                0x000022d0                DelayInit
 .text          0x000022fc        0x0 source/SerialIO.o
 .text.NVIC_EnableIRQ
                0x000022fc       0x38 source/SerialIO.o
 .text.NVIC_DisableIRQ
                0x00002334       0x3c source/SerialIO.o
 .text.NVIC_SetPriority
                0x00002370       0x5c source/SerialIO.o
 .text.UART0_IRQHandler
                0x000023cc       0x4c source/SerialIO.o
                0x000023cc                UART0_IRQHandler
 .text.ReceiveText
                0x00002418       0xdc source/SerialIO.o
                0x00002418                ReceiveText
 .text.ReadText
                0x000024f4       0xa4 source/SerialIO.o
                0x000024f4                ReadText
 .text.AddTextToBuffer
                0x00002598       0xa4 source/SerialIO.o
                0x00002598                AddTextToBuffer
 .text.ProcessBuffer
                0x0000263c       0xc4 source/SerialIO.o
                0x0000263c                ProcessBuffer
 .text.TransmitText
                0x00002700      0x10c source/SerialIO.o
                0x00002700                TransmitText
 .text.InitSerial
                0x0000280c       0x90 source/SerialIO.o
                0x0000280c                InitSerial
 .text.WriteText
                0x0000289c       0x30 source/SerialIO.o
                0x0000289c                WriteText
 .text.write_usb_serial_blocking
                0x000028cc       0x2c source/SerialIO.o
                0x000028cc                write_usb_serial_blocking
 .text.InitSerInterrupts
                0x000028f8       0x88 source/SerialIO.o
                0x000028f8                InitSerInterrupts
 .text.EnableSerInterrupts
                0x00002980       0x10 source/SerialIO.o
                0x00002980                EnableSerInterrupts
 .text.DisableSerInterrupts
                0x00002990       0x10 source/SerialIO.o
                0x00002990                DisableSerInterrupts
 .text          0x000029a0        0x0 source/I2C.o
 .text.I2CInit  0x000029a0       0x30 source/I2C.o
                0x000029a0                I2CInit
 .text.SetupVals
                0x000029d0       0x54 source/I2C.o
                0x000029d0                SetupVals
 .text.SetupPINS
                0x00002a24       0x44 source/I2C.o
                0x00002a24                SetupPINS
 .text          0x00002a68        0x0 source/FatFS/ff.o
 .text.ld_word  0x00002a68       0x34 source/FatFS/ff.o
 .text.ld_dword
                0x00002a9c       0x58 source/FatFS/ff.o
 .text.st_word  0x00002af4       0x40 source/FatFS/ff.o
 .text.st_dword
                0x00002b34       0x6c source/FatFS/ff.o
 .text.mem_cpy  0x00002ba0       0x4c source/FatFS/ff.o
 .text.mem_set  0x00002bec       0x38 source/FatFS/ff.o
 .text.mem_cmp  0x00002c24       0x5c source/FatFS/ff.o
 .text.chk_chr  0x00002c80       0x38 source/FatFS/ff.o
 .text.dbc_1st  0x00002cb8       0x68 source/FatFS/ff.o
 .text.dbc_2nd  0x00002d20       0x8c source/FatFS/ff.o
 .text.sync_window
                0x00002dac       0x90 source/FatFS/ff.o
 .text.move_window
                0x00002e3c       0x68 source/FatFS/ff.o
 .text.sync_fs  0x00002ea4       0xf8 source/FatFS/ff.o
 .text.clst2sect
                0x00002f9c       0x44 source/FatFS/ff.o
 .text.get_fat  0x00002fe0      0x180 source/FatFS/ff.o
 .text.put_fat  0x00003160      0x218 source/FatFS/ff.o
 .text.remove_chain
                0x00003378       0xdc source/FatFS/ff.o
 .text.create_chain
                0x00003454      0x1c4 source/FatFS/ff.o
 .text.dir_clear
                0x00003618       0xa4 source/FatFS/ff.o
 .text.dir_sdi  0x000036bc      0x114 source/FatFS/ff.o
 .text.dir_next
                0x000037d0      0x164 source/FatFS/ff.o
 .text.dir_alloc
                0x00003934       0x9c source/FatFS/ff.o
 .text.ld_clust
                0x000039d0       0x48 source/FatFS/ff.o
 .text.st_clust
                0x00003a18       0x44 source/FatFS/ff.o
 .text.dir_read
                0x00003a5c       0xc4 source/FatFS/ff.o
 .text.dir_find
                0x00003b20       0xbc source/FatFS/ff.o
 .text.dir_register
                0x00003bdc       0x74 source/FatFS/ff.o
 .text.dir_remove
                0x00003c50       0x44 source/FatFS/ff.o
 .text.get_fileinfo
                0x00003c94       0xf4 source/FatFS/ff.o
 .text.get_achar
                0x00003d88       0x7c source/FatFS/ff.o
 .text.pattern_matching
                0x00003e04      0x128 source/FatFS/ff.o
 .text.create_name
                0x00003f2c      0x258 source/FatFS/ff.o
 .text.follow_path
                0x00004184      0x140 source/FatFS/ff.o
 .text.get_ldnumber
                0x000042c4       0x9c source/FatFS/ff.o
 .text.check_fs
                0x00004360       0xcc source/FatFS/ff.o
 .text.find_volume
                0x0000442c      0x540 source/FatFS/ff.o
 .text.validate
                0x0000496c       0x74 source/FatFS/ff.o
 .text.f_mount  0x000049e0       0x98 source/FatFS/ff.o
                0x000049e0                f_mount
 .text.f_open   0x00004a78      0x354 source/FatFS/ff.o
                0x00004a78                f_open
 .text.f_read   0x00004dcc      0x2b8 source/FatFS/ff.o
                0x00004dcc                f_read
 .text.f_write  0x00005084      0x324 source/FatFS/ff.o
                0x00005084                f_write
 .text.f_sync   0x000053a8      0x11c source/FatFS/ff.o
                0x000053a8                f_sync
 .text.f_close  0x000054c4       0x44 source/FatFS/ff.o
                0x000054c4                f_close
 .text.f_chdrive
                0x00005508       0x3c source/FatFS/ff.o
                0x00005508                f_chdrive
 .text.f_chdir  0x00005544       0xa4 source/FatFS/ff.o
                0x00005544                f_chdir
 .text.f_getcwd
                0x000055e8      0x220 source/FatFS/ff.o
                0x000055e8                f_getcwd
 .text.f_lseek  0x00005808      0x2a4 source/FatFS/ff.o
                0x00005808                f_lseek
 .text.f_opendir
                0x00005aac       0xc4 source/FatFS/ff.o
                0x00005aac                f_opendir
 .text.f_closedir
                0x00005b70       0x34 source/FatFS/ff.o
                0x00005b70                f_closedir
 .text.f_readdir
                0x00005ba4       0x88 source/FatFS/ff.o
                0x00005ba4                f_readdir
 .text.f_findnext
                0x00005c2c       0x5c source/FatFS/ff.o
                0x00005c2c                f_findnext
 .text.f_findfirst
                0x00005c88       0x40 source/FatFS/ff.o
                0x00005c88                f_findfirst
 .text.f_stat   0x00005cc8       0x80 source/FatFS/ff.o
                0x00005cc8                f_stat
 .text.f_getfree
                0x00005d48      0x198 source/FatFS/ff.o
                0x00005d48                f_getfree
 .text.f_truncate
                0x00005ee0      0x148 source/FatFS/ff.o
                0x00005ee0                f_truncate
 .text.f_unlink
                0x00006028      0x18c source/FatFS/ff.o
                0x00006028                f_unlink
 .text.f_mkdir  0x000061b4      0x1f8 source/FatFS/ff.o
                0x000061b4                f_mkdir
 .text.f_rename
                0x000063ac      0x228 source/FatFS/ff.o
                0x000063ac                f_rename
 .text.f_chmod  0x000065d4       0xd0 source/FatFS/ff.o
                0x000065d4                f_chmod
 .text.f_utime  0x000066a4       0xb4 source/FatFS/ff.o
                0x000066a4                f_utime
 .text.f_getlabel
                0x00006758      0x164 source/FatFS/ff.o
                0x00006758                f_getlabel
 .text.f_setlabel
                0x000068bc      0x270 source/FatFS/ff.o
                0x000068bc                f_setlabel
 .text.f_mkfs   0x00006b2c      0x9d8 source/FatFS/ff.o
                0x00006b2c                f_mkfs
 .text.f_gets   0x00007504       0x8c source/FatFS/ff.o
                0x00007504                f_gets
 .text.putc_bfd
                0x00007590       0x80 source/FatFS/ff.o
 .text.putc_flush
                0x00007610       0x50 source/FatFS/ff.o
 .text.putc_init
                0x00007660       0x28 source/FatFS/ff.o
 .text.f_putc   0x00007688       0x3c source/FatFS/ff.o
                0x00007688                f_putc
 .text.f_puts   0x000076c4       0x50 source/FatFS/ff.o
                0x000076c4                f_puts
 .text.f_printf
                0x00007714      0x524 source/FatFS/ff.o
                0x00007714                f_printf
 .text          0x00007c38        0x0 source/FatFS/ffunicode.o
 .text          0x00007c38        0x0 source/FatFS/mmc_176x_ssp.o
 .text.xchg_spi
                0x00007c38       0x44 source/FatFS/mmc_176x_ssp.o
 .text.rcvr_spi_multi
                0x00007c7c      0x134 source/FatFS/mmc_176x_ssp.o
 .text.xmit_spi_multi
                0x00007db0      0x134 source/FatFS/mmc_176x_ssp.o
 .text.wait_ready
                0x00007ee4       0x48 source/FatFS/mmc_176x_ssp.o
 .text.deselect
                0x00007f2c       0x1c source/FatFS/mmc_176x_ssp.o
 .text.select   0x00007f48       0x3c source/FatFS/mmc_176x_ssp.o
 .text.power_on
                0x00007f84      0x104 source/FatFS/mmc_176x_ssp.o
 .text.power_off
                0x00008088       0x10 source/FatFS/mmc_176x_ssp.o
 .text.rcvr_datablock
                0x00008098       0x6c source/FatFS/mmc_176x_ssp.o
 .text.xmit_datablock
                0x00008104       0x74 source/FatFS/mmc_176x_ssp.o
 .text.send_cmd
                0x00008178       0xfc source/FatFS/mmc_176x_ssp.o
 .text.disk_initialize
                0x00008274      0x25c source/FatFS/mmc_176x_ssp.o
                0x00008274                disk_initialize
 .text.disk_status
                0x000084d0       0x30 source/FatFS/mmc_176x_ssp.o
                0x000084d0                disk_status
 .text.disk_read
                0x00008500       0xd0 source/FatFS/mmc_176x_ssp.o
                0x00008500                disk_read
 .text.disk_write
                0x000085d0      0x128 source/FatFS/mmc_176x_ssp.o
                0x000085d0                disk_write
 .text.disk_ioctl
                0x000086f8      0x578 source/FatFS/mmc_176x_ssp.o
                0x000086f8                disk_ioctl
 .text.disk_timerproc
                0x00008c70       0xa4 source/FatFS/mmc_176x_ssp.o
                0x00008c70                disk_timerproc
 .text          0x00008d14        0x0 source/FatFS/diskio.o
 .text          0x00008d14        0x0 /opt/york/cs/net/lpc1700-cmsis-lite-2011.01.26-i686-1/lib/core_cm3.o
 .text          0x00008d14        0x0 /opt/york/cs/net/lpc1700-cmsis-lite-2011.01.26-i686-1/lib/system_LPC17xx.o
 .text.SystemCoreClockUpdate
                0x00008d14      0x228 /opt/york/cs/net/lpc1700-cmsis-lite-2011.01.26-i686-1/lib/system_LPC17xx.o
                0x00008d14                SystemCoreClockUpdate
 .text.SystemInit
                0x00008f3c      0x240 /opt/york/cs/net/lpc1700-cmsis-lite-2011.01.26-i686-1/lib/system_LPC17xx.o
                0x00008f3c                SystemInit
 .text          0x0000917c       0x14 /opt/york/cs/net/lpc1700-cmsis-lite-2011.01.26-i686-1/lib/startup_LPC17xx.o
                0x0000917c                NMI_Handler
                0x0000917e                HardFault_Handler
                0x00009180                MemManage_Handler
                0x00009182                BusFault_Handler
                0x00009184                UsageFault_Handler
                0x00009186                SVC_Handler
                0x00009188                DebugMon_Handler
                0x0000918a                PendSV_Handler
                0x0000918e                TIMER2_IRQHandler
                0x0000918e                RIT_IRQHandler
                0x0000918e                I2C0_IRQHandler
                0x0000918e                USBActivity_IRQHandler
                0x0000918e                PWM1_IRQHandler
                0x0000918e                I2C1_IRQHandler
                0x0000918e                EINT2_IRQHandler
                0x0000918e                UART1_IRQHandler
                0x0000918e                CANActivity_IRQHandler
                0x0000918e                TIMER3_IRQHandler
                0x0000918e                PLL0_IRQHandler
                0x0000918e                CAN_IRQHandler
                0x0000918e                PLL1_IRQHandler
                0x0000918e                SSP0_IRQHandler
                0x0000918e                I2C2_IRQHandler
                0x0000918e                RTC_IRQHandler
                0x0000918e                TIMER0_IRQHandler
                0x0000918e                SPI_IRQHandler
                0x0000918e                EINT1_IRQHandler
                0x0000918e                TIMER1_IRQHandler
                0x0000918e                UART2_IRQHandler
                0x0000918e                Default_Handler
                0x0000918e                ADC_IRQHandler
                0x0000918e                SSP1_IRQHandler
                0x0000918e                USB_IRQHandler
                0x0000918e                BOD_IRQHandler
                0x0000918e                WDT_IRQHandler
                0x0000918e                QEI_IRQHandler
                0x0000918e                EINT0_IRQHandler
                0x0000918e                UART3_IRQHandler
                0x0000918e                MCPWM_IRQHandler
                0x0000918e                ENET_IRQHandler
 .text          0x00009190       0x20 /opt/york/cs/net/sourcery-g++-lite-arm-eabi-2010.09.51-i686-1/arm-none-eabi/lib/thumb2/libc.a(lib_a-malloc.o)
                0x00009190                malloc
                0x000091a0                free
 .text          0x000091b0      0x57c /opt/york/cs/net/sourcery-g++-lite-arm-eabi-2010.09.51-i686-1/arm-none-eabi/lib/thumb2/libc.a(lib_a-mallocr.o)
                0x000091b0                _malloc_r
 .text          0x0000972c        0x8 /opt/york/cs/net/sourcery-g++-lite-arm-eabi-2010.09.51-i686-1/arm-none-eabi/lib/thumb2/libc.a(lib_a-mlock.o)
                0x0000972c                __malloc_lock
                0x00009730                __malloc_unlock
 .text          0x00009734       0x28 /opt/york/cs/net/sourcery-g++-lite-arm-eabi-2010.09.51-i686-1/arm-none-eabi/lib/thumb2/libc.a(lib_a-sbrkr.o)
                0x00009734                _sbrk_r
 .text          0x0000975c       0x94 /opt/york/cs/net/sourcery-g++-lite-arm-eabi-2010.09.51-i686-1/arm-none-eabi/lib/thumb2/libc.a(lib_a-sprintf.o)
                0x0000975c                _sprintf_r
                0x000097a0                sprintf
 .text          0x000097f0       0x60 /opt/york/cs/net/sourcery-g++-lite-arm-eabi-2010.09.51-i686-1/arm-none-eabi/lib/thumb2/libc.a(lib_a-strlen.o)
                0x000097f0                strlen
 .text          0x00009850     0x1658 /opt/york/cs/net/sourcery-g++-lite-arm-eabi-2010.09.51-i686-1/arm-none-eabi/lib/thumb2/libc.a(lib_a-svfprintf.o)
                0x00009850                _svfprintf_r
 .text          0x0000aea8     0x1000 /opt/york/cs/net/sourcery-g++-lite-arm-eabi-2010.09.51-i686-1/arm-none-eabi/lib/thumb2/libc.a(lib_a-dtoa.o)
                0x0000afd4                _dtoa_r
 .text          0x0000bea8      0x240 /opt/york/cs/net/sourcery-g++-lite-arm-eabi-2010.09.51-i686-1/arm-none-eabi/lib/thumb2/libc.a(lib_a-freer.o)
                0x0000bea8                _malloc_trim_r
                0x0000bf50                _free_r
 .text          0x0000c0e8        0x0 /opt/york/cs/net/sourcery-g++-lite-arm-eabi-2010.09.51-i686-1/arm-none-eabi/lib/thumb2/libc.a(lib_a-impure.o)
 .text          0x0000c0e8       0xa0 /opt/york/cs/net/sourcery-g++-lite-arm-eabi-2010.09.51-i686-1/arm-none-eabi/lib/thumb2/libc.a(lib_a-locale.o)
                0x0000c0e8                _setlocale_r
                0x0000c144                __locale_charset
                0x0000c150                __locale_mb_cur_max
                0x0000c15c                __locale_msgcharset
                0x0000c164                __locale_cjk_lang
                0x0000c168                _localeconv_r
                0x0000c170                setlocale
                0x0000c180                localeconv
 .text          0x0000c188       0x88 /opt/york/cs/net/sourcery-g++-lite-arm-eabi-2010.09.51-i686-1/arm-none-eabi/lib/thumb2/libc.a(lib_a-memchr.o)
                0x0000c188                memchr
 .text          0x0000c210      0x150 /opt/york/cs/net/sourcery-g++-lite-arm-eabi-2010.09.51-i686-1/arm-none-eabi/lib/thumb2/libc.a(lib_a-memcpy.o)
                0x0000c210                memcpy
 .text          0x0000c360      0x920 /opt/york/cs/net/sourcery-g++-lite-arm-eabi-2010.09.51-i686-1/arm-none-eabi/lib/thumb2/libc.a(lib_a-mprec.o)
                0x0000c360                _Balloc
                0x0000c3c8                _Bfree
                0x0000c400                __multadd
                0x0000c484                __s2b
                0x0000c518                __hi0bits
                0x0000c558                __lo0bits
                0x0000c5bc                __i2b
                0x0000c5d0                __multiply
                0x0000c6f8                __pow5mult
                0x0000c79c                __lshift
                0x0000c848                __mcmp
                0x0000c884                __mdiff
                0x0000c97c                __ulp
                0x0000c9c4                __b2d
                0x0000ca70                __d2b
                0x0000cb38                __ratio
                0x0000cba8                _mprec_log10
                0x0000cbdc                __copybits
                0x0000cc24                __any_on
 .text          0x0000cc80      0x114 /opt/york/cs/net/sourcery-g++-lite-arm-eabi-2010.09.51-i686-1/arm-none-eabi/lib/thumb2/libc.a(lib_a-reent.o)
                0x0000cc80                cleanup_glue
                0x0000cc9c                _reclaim_reent
                0x0000cd5c                _wrapup_reent
 .text          0x0000cd94       0x90 /opt/york/cs/net/sourcery-g++-lite-arm-eabi-2010.09.51-i686-1/arm-none-eabi/lib/thumb2/libc.a(lib_a-s_fpclassify.o)
                0x0000cd94                __fpclassifyd
 .text          0x0000ce24      0x1dc /opt/york/cs/net/sourcery-g++-lite-arm-eabi-2010.09.51-i686-1/arm-none-eabi/lib/thumb2/libc.a(lib_a-strcmp.o)
                0x0000ce24                strcmp
 .text          0x0000d000      0xbe4 /opt/york/cs/net/sourcery-g++-lite-arm-eabi-2010.09.51-i686-1/arm-none-eabi/lib/thumb2/libc.a(lib_a-svfiprintf.o)
                0x0000d000                __ssprint_r
                0x0000d108                _svfiprintf_r
 .text          0x0000dbe4       0x5c /opt/york/cs/net/sourcery-g++-lite-arm-eabi-2010.09.51-i686-1/arm-none-eabi/lib/thumb2/libc.a(lib_a-callocr.o)
                0x0000dbe4                _calloc_r
 .text          0x0000dc40       0xa0 /opt/york/cs/net/sourcery-g++-lite-arm-eabi-2010.09.51-i686-1/arm-none-eabi/lib/thumb2/libc.a(lib_a-memmove.o)
                0x0000dc40                memmove
 .text          0x0000dce0       0xb4 /opt/york/cs/net/sourcery-g++-lite-arm-eabi-2010.09.51-i686-1/arm-none-eabi/lib/thumb2/libc.a(lib_a-memset.o)
                0x0000dce0                memset
 .text          0x0000dd94      0x41c /opt/york/cs/net/sourcery-g++-lite-arm-eabi-2010.09.51-i686-1/arm-none-eabi/lib/thumb2/libc.a(lib_a-reallocr.o)
                0x0000dd94                _realloc_r
 .text          0x0000e1b0      0x278 /opt/york/cs/net/sourcery-g++-lite-arm-eabi-2010.09.51-i686-1/bin/../lib/gcc/arm-none-eabi/4.5.1/thumb2/libgcc.a(_udivsi3.o)
                0x0000e1b0                __udivsi3
                0x0000e1b0                __aeabi_uidiv
                0x0000e40c                __aeabi_uidivmod
 .text          0x0000e428        0x4 /opt/york/cs/net/sourcery-g++-lite-arm-eabi-2010.09.51-i686-1/bin/../lib/gcc/arm-none-eabi/4.5.1/thumb2/libgcc.a(_dvmd_tls.o)
                0x0000e428                __aeabi_ldiv0
                0x0000e428                __aeabi_idiv0
 .text          0x0000e42c      0x370 /opt/york/cs/net/sourcery-g++-lite-arm-eabi-2010.09.51-i686-1/bin/../lib/gcc/arm-none-eabi/4.5.1/thumb2/libgcc.a(_arm_addsubdf3.o)
                0x0000e42c                __aeabi_drsub
                0x0000e434                __aeabi_dsub
                0x0000e434                __subdf3
                0x0000e438                __adddf3
                0x0000e438                __aeabi_dadd
                0x0000e6b0                __aeabi_ui2d
                0x0000e6b0                __floatunsidf
                0x0000e6d0                __floatsidf
                0x0000e6d0                __aeabi_i2d
                0x0000e6f4                __extendsfdf2
                0x0000e6f4                __aeabi_f2d
                0x0000e730                __aeabi_ul2d
                0x0000e730                __floatundidf
                0x0000e740                __floatdidf
                0x0000e740                __aeabi_l2d
 .text          0x0000e79c      0x424 /opt/york/cs/net/sourcery-g++-lite-arm-eabi-2010.09.51-i686-1/bin/../lib/gcc/arm-none-eabi/4.5.1/thumb2/libgcc.a(_arm_muldivdf3.o)
                0x0000e79c                __aeabi_dmul
                0x0000e79c                __muldf3
                0x0000e9f0                __aeabi_ddiv
                0x0000e9f0                __divdf3
 .text          0x0000ebc0      0x110 /opt/york/cs/net/sourcery-g++-lite-arm-eabi-2010.09.51-i686-1/bin/../lib/gcc/arm-none-eabi/4.5.1/thumb2/libgcc.a(_arm_cmpdf2.o)
                0x0000ebc0                __gtdf2
                0x0000ebc0                __gedf2
                0x0000ebc8                __ltdf2
                0x0000ebc8                __ledf2
                0x0000ebd0                __cmpdf2
                0x0000ebd0                __eqdf2
                0x0000ebd0                __nedf2
                0x0000ec4c                __aeabi_cdrcmple
                0x0000ec5c                __aeabi_cdcmple
                0x0000ec5c                __aeabi_cdcmpeq
                0x0000ec6c                __aeabi_dcmpeq
                0x0000ec80                __aeabi_dcmplt
                0x0000ec94                __aeabi_dcmple
                0x0000eca8                __aeabi_dcmpge
                0x0000ecbc                __aeabi_dcmpgt
 .text          0x0000ecd0       0x50 /opt/york/cs/net/sourcery-g++-lite-arm-eabi-2010.09.51-i686-1/bin/../lib/gcc/arm-none-eabi/4.5.1/thumb2/libgcc.a(_arm_fixdfsi.o)
                0x0000ecd0                __fixdfsi
                0x0000ecd0                __aeabi_d2iz
 .text          0x0000ed20       0x2c /opt/york/cs/net/sourcery-g++-lite-arm-eabi-2010.09.51-i686-1/bin/../lib/gcc/arm-none-eabi/4.5.1/thumb2/libgcc.a(_aeabi_uldivmod.o)
                0x0000ed20                __aeabi_uldivmod
 .text          0x0000ed4c       0x60 /opt/york/cs/net/sourcery-g++-lite-arm-eabi-2010.09.51-i686-1/bin/../lib/gcc/arm-none-eabi/4.5.1/thumb2/libgcc.a(bpabi.o)
                0x0000ed4c                __gnu_ldivmod_helper
                0x0000ed7c                __gnu_uldivmod_helper
 .text          0x0000edac      0x364 /opt/york/cs/net/sourcery-g++-lite-arm-eabi-2010.09.51-i686-1/bin/../lib/gcc/arm-none-eabi/4.5.1/thumb2/libgcc.a(_divdi3.o)
                0x0000edac                __divdi3
 .text          0x0000f110      0x314 /opt/york/cs/net/sourcery-g++-lite-arm-eabi-2010.09.51-i686-1/bin/../lib/gcc/arm-none-eabi/4.5.1/thumb2/libgcc.a(_udivdi3.o)
                0x0000f110                __udivdi3
 .text          0x0000f424       0x30 /opt/york/cs/net/sourcery-g++-lite-arm-eabi-2010.09.51-i686-1/arm-none-eabi/lib/thumb2/libcs3.a(start_c.o)
                0x0000f424                __cs3_premain
 .text.cs3.init
                0x0000f454       0x50 /opt/york/cs/net/sourcery-g++-lite-arm-eabi-2010.09.51-i686-1/arm-none-eabi/lib/thumb2/libcs3.a(start_c.o)
                0x0000f454                __cs3_start_c
 .text          0x0000f4a4       0x40 /opt/york/cs/net/sourcery-g++-lite-arm-eabi-2010.09.51-i686-1/arm-none-eabi/lib/thumb2/libcs3unhosted.a(unhosted-sbrk.o)
                0x0000f4a4                _sbrk
 .text          0x0000f4e4        0x0 /opt/york/cs/net/sourcery-g++-lite-arm-eabi-2010.09.51-i686-1/arm-none-eabi/lib/thumb2/libcs3unhosted.a(unhosted-start.o)
 .text.cs3.init
                0x0000f4e4       0x10 /opt/york/cs/net/sourcery-g++-lite-arm-eabi-2010.09.51-i686-1/arm-none-eabi/lib/thumb2/libcs3unhosted.a(unhosted-start.o)
                0x0000f4e4                _start
 .text          0x0000f4f4        0xc /opt/york/cs/net/sourcery-g++-lite-arm-eabi-2010.09.51-i686-1/arm-none-eabi/lib/thumb2/libc.a(lib_a-errno.o)
                0x0000f4f4                __errno
 .text          0x0000f500       0x50 /opt/york/cs/net/sourcery-g++-lite-arm-eabi-2010.09.51-i686-1/arm-none-eabi/lib/thumb2/libc.a(lib_a-init.o)
                0x0000f500                __libc_init_array
 .text          0x0000f550        0x0 /opt/york/cs/net/sourcery-g++-lite-arm-eabi-2010.09.51-i686-1/arm-none-eabi/lib/thumb2/libcs3.a(heap.o)
 .text          0x0000f550        0x0 /opt/york/cs/net/lpc1700-cmsis-lite-2011.01.26-i686-1/lib/libDriversLPC17xxgnu.a(lpc17xx_gpdma.o)
 .text.GPDMA_Init
                0x0000f550       0xa0 /opt/york/cs/net/lpc1700-cmsis-lite-2011.01.26-i686-1/lib/libDriversLPC17xxgnu.a(lpc17xx_gpdma.o)
                0x0000f550                GPDMA_Init
 .text.GPDMA_Setup
                0x0000f5f0      0x41c /opt/york/cs/net/lpc1700-cmsis-lite-2011.01.26-i686-1/lib/libDriversLPC17xxgnu.a(lpc17xx_gpdma.o)
                0x0000f5f0                GPDMA_Setup
 .text.GPDMA_ChannelCmd
                0x0000fa0c       0x48 /opt/york/cs/net/lpc1700-cmsis-lite-2011.01.26-i686-1/lib/libDriversLPC17xxgnu.a(lpc17xx_gpdma.o)
                0x0000fa0c                GPDMA_ChannelCmd
 .text.GPDMA_IntGetStatus
                0x0000fa54      0x194 /opt/york/cs/net/lpc1700-cmsis-lite-2011.01.26-i686-1/lib/libDriversLPC17xxgnu.a(lpc17xx_gpdma.o)
                0x0000fa54                GPDMA_IntGetStatus
 .text.GPDMA_ClearIntPending
                0x0000fbe8       0x80 /opt/york/cs/net/lpc1700-cmsis-lite-2011.01.26-i686-1/lib/libDriversLPC17xxgnu.a(lpc17xx_gpdma.o)
                0x0000fbe8                GPDMA_ClearIntPending
 .text          0x0000fc68        0x0 /opt/york/cs/net/lpc1700-cmsis-lite-2011.01.26-i686-1/lib/libDriversLPC17xxgnu.a(lpc17xx_i2c.o)
 .text.NVIC_EnableIRQ
                0x0000fc68       0x38 /opt/york/cs/net/lpc1700-cmsis-lite-2011.01.26-i686-1/lib/libDriversLPC17xxgnu.a(lpc17xx_i2c.o)
 .text.NVIC_DisableIRQ
                0x0000fca0       0x3c /opt/york/cs/net/lpc1700-cmsis-lite-2011.01.26-i686-1/lib/libDriversLPC17xxgnu.a(lpc17xx_i2c.o)
 .text.I2C_getNum
                0x0000fcdc       0x54 /opt/york/cs/net/lpc1700-cmsis-lite-2011.01.26-i686-1/lib/libDriversLPC17xxgnu.a(lpc17xx_i2c.o)
 .text.I2C_Start
                0x0000fd30       0x44 /opt/york/cs/net/lpc1700-cmsis-lite-2011.01.26-i686-1/lib/libDriversLPC17xxgnu.a(lpc17xx_i2c.o)
 .text.I2C_Stop
                0x0000fd74       0x38 /opt/york/cs/net/lpc1700-cmsis-lite-2011.01.26-i686-1/lib/libDriversLPC17xxgnu.a(lpc17xx_i2c.o)
 .text.I2C_SendByte
                0x0000fdac       0x50 /opt/york/cs/net/lpc1700-cmsis-lite-2011.01.26-i686-1/lib/libDriversLPC17xxgnu.a(lpc17xx_i2c.o)
 .text.I2C_GetByte
                0x0000fdfc       0x5c /opt/york/cs/net/lpc1700-cmsis-lite-2011.01.26-i686-1/lib/libDriversLPC17xxgnu.a(lpc17xx_i2c.o)
 .text.I2C_SetClock
                0x0000fe58       0xc8 /opt/york/cs/net/lpc1700-cmsis-lite-2011.01.26-i686-1/lib/libDriversLPC17xxgnu.a(lpc17xx_i2c.o)
 .text.I2C_Init
                0x0000ff20       0xd8 /opt/york/cs/net/lpc1700-cmsis-lite-2011.01.26-i686-1/lib/libDriversLPC17xxgnu.a(lpc17xx_i2c.o)
                0x0000ff20                I2C_Init
 .text.I2C_DeInit
                0x0000fff8       0xa4 /opt/york/cs/net/lpc1700-cmsis-lite-2011.01.26-i686-1/lib/libDriversLPC17xxgnu.a(lpc17xx_i2c.o)
                0x0000fff8                I2C_DeInit
 .text.I2C_Cmd  0x0001009c       0x84 /opt/york/cs/net/lpc1700-cmsis-lite-2011.01.26-i686-1/lib/libDriversLPC17xxgnu.a(lpc17xx_i2c.o)
                0x0001009c                I2C_Cmd
 .text.I2C_IntCmd
                0x00010120       0xa8 /opt/york/cs/net/lpc1700-cmsis-lite-2011.01.26-i686-1/lib/libDriversLPC17xxgnu.a(lpc17xx_i2c.o)
                0x00010120                I2C_IntCmd
 .text.I2C_MasterHandler
                0x000101c8      0x3d8 /opt/york/cs/net/lpc1700-cmsis-lite-2011.01.26-i686-1/lib/libDriversLPC17xxgnu.a(lpc17xx_i2c.o)
                0x000101c8                I2C_MasterHandler
 .text.I2C_SlaveHandler
                0x000105a0      0x1d8 /opt/york/cs/net/lpc1700-cmsis-lite-2011.01.26-i686-1/lib/libDriversLPC17xxgnu.a(lpc17xx_i2c.o)
                0x000105a0                I2C_SlaveHandler
 .text.I2C_MasterTransferData
                0x00010778      0x33c /opt/york/cs/net/lpc1700-cmsis-lite-2011.01.26-i686-1/lib/libDriversLPC17xxgnu.a(lpc17xx_i2c.o)
                0x00010778                I2C_MasterTransferData
 .text.I2C_SlaveTransferData
                0x00010ab4      0x268 /opt/york/cs/net/lpc1700-cmsis-lite-2011.01.26-i686-1/lib/libDriversLPC17xxgnu.a(lpc17xx_i2c.o)
                0x00010ab4                I2C_SlaveTransferData
 .text.I2C_SetOwnSlaveAddr
                0x00010d1c      0x118 /opt/york/cs/net/lpc1700-cmsis-lite-2011.01.26-i686-1/lib/libDriversLPC17xxgnu.a(lpc17xx_i2c.o)
                0x00010d1c                I2C_SetOwnSlaveAddr
 .text.I2C_MonitorModeConfig
                0x00010e34       0x9c /opt/york/cs/net/lpc1700-cmsis-lite-2011.01.26-i686-1/lib/libDriversLPC17xxgnu.a(lpc17xx_i2c.o)
                0x00010e34                I2C_MonitorModeConfig
 .text.I2C_MonitorModeCmd
                0x00010ed0       0xb0 /opt/york/cs/net/lpc1700-cmsis-lite-2011.01.26-i686-1/lib/libDriversLPC17xxgnu.a(lpc17xx_i2c.o)
                0x00010ed0                I2C_MonitorModeCmd
 .text.I2C_MonitorGetDatabuffer
                0x00010f80       0x54 /opt/york/cs/net/lpc1700-cmsis-lite-2011.01.26-i686-1/lib/libDriversLPC17xxgnu.a(lpc17xx_i2c.o)
                0x00010f80                I2C_MonitorGetDatabuffer
 .text.I2C_MonitorHandler
                0x00010fd4       0x6c /opt/york/cs/net/lpc1700-cmsis-lite-2011.01.26-i686-1/lib/libDriversLPC17xxgnu.a(lpc17xx_i2c.o)
                0x00010fd4                I2C_MonitorHandler
 .text.I2C_MasterTransferComplete
                0x00011040       0x40 /opt/york/cs/net/lpc1700-cmsis-lite-2011.01.26-i686-1/lib/libDriversLPC17xxgnu.a(lpc17xx_i2c.o)
                0x00011040                I2C_MasterTransferComplete
 .text.I2C_SlaveTransferComplete
                0x00011080       0x40 /opt/york/cs/net/lpc1700-cmsis-lite-2011.01.26-i686-1/lib/libDriversLPC17xxgnu.a(lpc17xx_i2c.o)
                0x00011080                I2C_SlaveTransferComplete
 .text          0x000110c0        0x0 /opt/york/cs/net/lpc1700-cmsis-lite-2011.01.26-i686-1/lib/libDriversLPC17xxgnu.a(lpc17xx_i2s.o)
 .text.i2s_GetWordWidth
                0x000110c0       0x8c /opt/york/cs/net/lpc1700-cmsis-lite-2011.01.26-i686-1/lib/libDriversLPC17xxgnu.a(lpc17xx_i2s.o)
 .text.i2s_GetChannel
                0x0001114c       0x84 /opt/york/cs/net/lpc1700-cmsis-lite-2011.01.26-i686-1/lib/libDriversLPC17xxgnu.a(lpc17xx_i2s.o)
 .text.I2S_Init
                0x000111d0       0x54 /opt/york/cs/net/lpc1700-cmsis-lite-2011.01.26-i686-1/lib/libDriversLPC17xxgnu.a(lpc17xx_i2s.o)
                0x000111d0                I2S_Init
 .text.I2S_Config
                0x00011224      0x168 /opt/york/cs/net/lpc1700-cmsis-lite-2011.01.26-i686-1/lib/libDriversLPC17xxgnu.a(lpc17xx_i2s.o)
                0x00011224                I2S_Config
 .text.I2S_DeInit
                0x0001138c       0x3c /opt/york/cs/net/lpc1700-cmsis-lite-2011.01.26-i686-1/lib/libDriversLPC17xxgnu.a(lpc17xx_i2s.o)
                0x0001138c                I2S_DeInit
 .text.I2S_GetLevel
                0x000113c8       0x6c /opt/york/cs/net/lpc1700-cmsis-lite-2011.01.26-i686-1/lib/libDriversLPC17xxgnu.a(lpc17xx_i2s.o)
                0x000113c8                I2S_GetLevel
 .text.I2S_Start
                0x00011434       0x50 /opt/york/cs/net/lpc1700-cmsis-lite-2011.01.26-i686-1/lib/libDriversLPC17xxgnu.a(lpc17xx_i2s.o)
                0x00011434                I2S_Start
 .text.I2S_Send
                0x00011484       0x38 /opt/york/cs/net/lpc1700-cmsis-lite-2011.01.26-i686-1/lib/libDriversLPC17xxgnu.a(lpc17xx_i2s.o)
                0x00011484                I2S_Send
 .text.I2S_Receive
                0x000114bc       0x34 /opt/york/cs/net/lpc1700-cmsis-lite-2011.01.26-i686-1/lib/libDriversLPC17xxgnu.a(lpc17xx_i2s.o)
                0x000114bc                I2S_Receive
 .text.I2S_Pause
                0x000114f0       0x70 /opt/york/cs/net/lpc1700-cmsis-lite-2011.01.26-i686-1/lib/libDriversLPC17xxgnu.a(lpc17xx_i2s.o)
                0x000114f0                I2S_Pause
 .text.I2S_Mute
                0x00011560       0x70 /opt/york/cs/net/lpc1700-cmsis-lite-2011.01.26-i686-1/lib/libDriversLPC17xxgnu.a(lpc17xx_i2s.o)
                0x00011560                I2S_Mute
 .text.I2S_Stop
                0x000115d0       0x94 /opt/york/cs/net/lpc1700-cmsis-lite-2011.01.26-i686-1/lib/libDriversLPC17xxgnu.a(lpc17xx_i2s.o)
                0x000115d0                I2S_Stop
 .text.I2S_FreqConfig
                0x00011664      0x110 /opt/york/cs/net/lpc1700-cmsis-lite-2011.01.26-i686-1/lib/libDriversLPC17xxgnu.a(lpc17xx_i2s.o)
                0x00011664                I2S_FreqConfig
 .text.I2S_SetBitRate
                0x00011774       0x7c /opt/york/cs/net/lpc1700-cmsis-lite-2011.01.26-i686-1/lib/libDriversLPC17xxgnu.a(lpc17xx_i2s.o)
                0x00011774                I2S_SetBitRate
 .text.I2S_ModeConfig
                0x000117f0      0x148 /opt/york/cs/net/lpc1700-cmsis-lite-2011.01.26-i686-1/lib/libDriversLPC17xxgnu.a(lpc17xx_i2s.o)
                0x000117f0                I2S_ModeConfig
 .text.I2S_DMAConfig
                0x00011938       0xd4 /opt/york/cs/net/lpc1700-cmsis-lite-2011.01.26-i686-1/lib/libDriversLPC17xxgnu.a(lpc17xx_i2s.o)
                0x00011938                I2S_DMAConfig
 .text.I2S_DMACmd
                0x00011a0c      0x120 /opt/york/cs/net/lpc1700-cmsis-lite-2011.01.26-i686-1/lib/libDriversLPC17xxgnu.a(lpc17xx_i2s.o)
                0x00011a0c                I2S_DMACmd
 .text.I2S_IRQConfig
                0x00011b2c       0x80 /opt/york/cs/net/lpc1700-cmsis-lite-2011.01.26-i686-1/lib/libDriversLPC17xxgnu.a(lpc17xx_i2s.o)
                0x00011b2c                I2S_IRQConfig
 .text.I2S_IRQCmd
                0x00011bac       0x9c /opt/york/cs/net/lpc1700-cmsis-lite-2011.01.26-i686-1/lib/libDriversLPC17xxgnu.a(lpc17xx_i2s.o)
                0x00011bac                I2S_IRQCmd
 .text.I2S_GetIRQStatus
                0x00011c48       0x58 /opt/york/cs/net/lpc1700-cmsis-lite-2011.01.26-i686-1/lib/libDriversLPC17xxgnu.a(lpc17xx_i2s.o)
                0x00011c48                I2S_GetIRQStatus
 .text.I2S_GetIRQDepth
                0x00011ca0       0x50 /opt/york/cs/net/lpc1700-cmsis-lite-2011.01.26-i686-1/lib/libDriversLPC17xxgnu.a(lpc17xx_i2s.o)
                0x00011ca0                I2S_GetIRQDepth
 .text          0x00011cf0        0x0 /opt/york/cs/net/lpc1700-cmsis-lite-2011.01.26-i686-1/lib/libDriversLPC17xxgnu.a(lpc17xx_libcfg_default.o)
 .text.check_failed
                0x00011cf0        0xc /opt/york/cs/net/lpc1700-cmsis-lite-2011.01.26-i686-1/lib/libDriversLPC17xxgnu.a(lpc17xx_libcfg_default.o)
                0x00011cf0                check_failed
 .text          0x00011cfc        0x0 /opt/york/cs/net/lpc1700-cmsis-lite-2011.01.26-i686-1/lib/libDriversLPC17xxgnu.a(lpc17xx_pinsel.o)
 .text.set_PinFunc
                0x00011cfc       0xa0 /opt/york/cs/net/lpc1700-cmsis-lite-2011.01.26-i686-1/lib/libDriversLPC17xxgnu.a(lpc17xx_pinsel.o)
 .text.set_ResistorMode
                0x00011d9c       0xa0 /opt/york/cs/net/lpc1700-cmsis-lite-2011.01.26-i686-1/lib/libDriversLPC17xxgnu.a(lpc17xx_pinsel.o)
 .text.set_OpenDrainMode
                0x00011e3c       0x80 /opt/york/cs/net/lpc1700-cmsis-lite-2011.01.26-i686-1/lib/libDriversLPC17xxgnu.a(lpc17xx_pinsel.o)
 .text.PINSEL_ConfigTraceFunc
                0x00011ebc       0x54 /opt/york/cs/net/lpc1700-cmsis-lite-2011.01.26-i686-1/lib/libDriversLPC17xxgnu.a(lpc17xx_pinsel.o)
                0x00011ebc                PINSEL_ConfigTraceFunc
 .text.PINSEL_SetI2C0Pins
                0x00011f10       0x3c /opt/york/cs/net/lpc1700-cmsis-lite-2011.01.26-i686-1/lib/libDriversLPC17xxgnu.a(lpc17xx_pinsel.o)
                0x00011f10                PINSEL_SetI2C0Pins
 .text.PINSEL_ConfigPin
                0x00011f4c       0x54 /opt/york/cs/net/lpc1700-cmsis-lite-2011.01.26-i686-1/lib/libDriversLPC17xxgnu.a(lpc17xx_pinsel.o)
                0x00011f4c                PINSEL_ConfigPin
 .text          0x00011fa0        0x0 /opt/york/cs/net/lpc1700-cmsis-lite-2011.01.26-i686-1/lib/libDriversLPC17xxgnu.a(lpc17xx_uart.o)
 .text.uart_set_divisors
                0x00011fa0      0x26c /opt/york/cs/net/lpc1700-cmsis-lite-2011.01.26-i686-1/lib/libDriversLPC17xxgnu.a(lpc17xx_uart.o)
 .text.UART_Init
                0x0001220c      0x368 /opt/york/cs/net/lpc1700-cmsis-lite-2011.01.26-i686-1/lib/libDriversLPC17xxgnu.a(lpc17xx_uart.o)
                0x0001220c                UART_Init
 .text.UART_DeInit
                0x00012574       0xcc /opt/york/cs/net/lpc1700-cmsis-lite-2011.01.26-i686-1/lib/libDriversLPC17xxgnu.a(lpc17xx_uart.o)
                0x00012574                UART_DeInit
 .text.UART_ConfigStructInit
                0x00012640       0x34 /opt/york/cs/net/lpc1700-cmsis-lite-2011.01.26-i686-1/lib/libDriversLPC17xxgnu.a(lpc17xx_uart.o)
                0x00012640                UART_ConfigStructInit
 .text.UART_SendByte
                0x00012674       0x78 /opt/york/cs/net/lpc1700-cmsis-lite-2011.01.26-i686-1/lib/libDriversLPC17xxgnu.a(lpc17xx_uart.o)
                0x00012674                UART_SendByte
 .text.UART_ReceiveByte
                0x000126ec       0x78 /opt/york/cs/net/lpc1700-cmsis-lite-2011.01.26-i686-1/lib/libDriversLPC17xxgnu.a(lpc17xx_uart.o)
                0x000126ec                UART_ReceiveByte
 .text.UART_Send
                0x00012764      0x10c /opt/york/cs/net/lpc1700-cmsis-lite-2011.01.26-i686-1/lib/libDriversLPC17xxgnu.a(lpc17xx_uart.o)
                0x00012764                UART_Send
 .text.UART_Receive
                0x00012870       0xd8 /opt/york/cs/net/lpc1700-cmsis-lite-2011.01.26-i686-1/lib/libDriversLPC17xxgnu.a(lpc17xx_uart.o)
                0x00012870                UART_Receive
 .text.UART_ForceBreak
                0x00012948       0x88 /opt/york/cs/net/lpc1700-cmsis-lite-2011.01.26-i686-1/lib/libDriversLPC17xxgnu.a(lpc17xx_uart.o)
                0x00012948                UART_ForceBreak
 .text.UART_IntConfig
                0x000129d0      0x1d0 /opt/york/cs/net/lpc1700-cmsis-lite-2011.01.26-i686-1/lib/libDriversLPC17xxgnu.a(lpc17xx_uart.o)
                0x000129d0                UART_IntConfig
 .text.UART_GetLineStatus
                0x00012ba0       0x7c /opt/york/cs/net/lpc1700-cmsis-lite-2011.01.26-i686-1/lib/libDriversLPC17xxgnu.a(lpc17xx_uart.o)
                0x00012ba0                UART_GetLineStatus
 .text.UART_GetIntId
                0x00012c1c       0x68 /opt/york/cs/net/lpc1700-cmsis-lite-2011.01.26-i686-1/lib/libDriversLPC17xxgnu.a(lpc17xx_uart.o)
                0x00012c1c                UART_GetIntId
 .text.UART_CheckBusy
                0x00012c84       0x2c /opt/york/cs/net/lpc1700-cmsis-lite-2011.01.26-i686-1/lib/libDriversLPC17xxgnu.a(lpc17xx_uart.o)
                0x00012c84                UART_CheckBusy
 .text.UART_FIFOConfig
                0x00012cb0      0x184 /opt/york/cs/net/lpc1700-cmsis-lite-2011.01.26-i686-1/lib/libDriversLPC17xxgnu.a(lpc17xx_uart.o)
                0x00012cb0                UART_FIFOConfig
 .text.UART_FIFOConfigStructInit
                0x00012e34       0x34 /opt/york/cs/net/lpc1700-cmsis-lite-2011.01.26-i686-1/lib/libDriversLPC17xxgnu.a(lpc17xx_uart.o)
                0x00012e34                UART_FIFOConfigStructInit
 .text.UART_ABCmd
                0x00012e68      0x15c /opt/york/cs/net/lpc1700-cmsis-lite-2011.01.26-i686-1/lib/libDriversLPC17xxgnu.a(lpc17xx_uart.o)
                0x00012e68                UART_ABCmd
 .text.UART_ABClearIntPending
                0x00012fc4       0x88 /opt/york/cs/net/lpc1700-cmsis-lite-2011.01.26-i686-1/lib/libDriversLPC17xxgnu.a(lpc17xx_uart.o)
                0x00012fc4                UART_ABClearIntPending
 .text.UART_TxCmd
                0x0001304c       0xe8 /opt/york/cs/net/lpc1700-cmsis-lite-2011.01.26-i686-1/lib/libDriversLPC17xxgnu.a(lpc17xx_uart.o)
                0x0001304c                UART_TxCmd
 .text.UART_IrDAInvtInputCmd
                0x00013134       0x84 /opt/york/cs/net/lpc1700-cmsis-lite-2011.01.26-i686-1/lib/libDriversLPC17xxgnu.a(lpc17xx_uart.o)
                0x00013134                UART_IrDAInvtInputCmd
 .text.UART_IrDACmd
                0x000131b8       0x80 /opt/york/cs/net/lpc1700-cmsis-lite-2011.01.26-i686-1/lib/libDriversLPC17xxgnu.a(lpc17xx_uart.o)
                0x000131b8                UART_IrDACmd
 .text.UART_IrDAPulseDivConfig
                0x00013238       0xac /opt/york/cs/net/lpc1700-cmsis-lite-2011.01.26-i686-1/lib/libDriversLPC17xxgnu.a(lpc17xx_uart.o)
                0x00013238                UART_IrDAPulseDivConfig
 .text.UART_FullModemForcePinState
                0x000132e4       0xcc /opt/york/cs/net/lpc1700-cmsis-lite-2011.01.26-i686-1/lib/libDriversLPC17xxgnu.a(lpc17xx_uart.o)
                0x000132e4                UART_FullModemForcePinState
 .text.UART_FullModemConfigMode
                0x000133b0       0xd8 /opt/york/cs/net/lpc1700-cmsis-lite-2011.01.26-i686-1/lib/libDriversLPC17xxgnu.a(lpc17xx_uart.o)
                0x000133b0                UART_FullModemConfigMode
 .text.UART_FullModemGetStatus
                0x00013488       0x38 /opt/york/cs/net/lpc1700-cmsis-lite-2011.01.26-i686-1/lib/libDriversLPC17xxgnu.a(lpc17xx_uart.o)
                0x00013488                UART_FullModemGetStatus
 .text.UART_RS485Config
                0x000134c0      0x1bc /opt/york/cs/net/lpc1700-cmsis-lite-2011.01.26-i686-1/lib/libDriversLPC17xxgnu.a(lpc17xx_uart.o)
                0x000134c0                UART_RS485Config
 .text.UART_RS485ReceiverCmd
                0x0001367c       0x48 /opt/york/cs/net/lpc1700-cmsis-lite-2011.01.26-i686-1/lib/libDriversLPC17xxgnu.a(lpc17xx_uart.o)
                0x0001367c                UART_RS485ReceiverCmd
 .text.UART_RS485Send
                0x000136c4       0x84 /opt/york/cs/net/lpc1700-cmsis-lite-2011.01.26-i686-1/lib/libDriversLPC17xxgnu.a(lpc17xx_uart.o)
                0x000136c4                UART_RS485Send
 .text.UART_RS485SendSlvAddr
                0x00013748       0x28 /opt/york/cs/net/lpc1700-cmsis-lite-2011.01.26-i686-1/lib/libDriversLPC17xxgnu.a(lpc17xx_uart.o)
                0x00013748                UART_RS485SendSlvAddr
 .text.UART_RS485SendData
                0x00013770       0x28 /opt/york/cs/net/lpc1700-cmsis-lite-2011.01.26-i686-1/lib/libDriversLPC17xxgnu.a(lpc17xx_uart.o)
                0x00013770                UART_RS485SendData
 .text          0x00013798        0x0 /opt/york/cs/net/lpc1700-cmsis-lite-2011.01.26-i686-1/lib/libDriversLPC17xxgnu.a(lpc17xx_clkpwr.o)
 .text.CLKPWR_SetPCLKDiv
                0x00013798       0xd4 /opt/york/cs/net/lpc1700-cmsis-lite-2011.01.26-i686-1/lib/libDriversLPC17xxgnu.a(lpc17xx_clkpwr.o)
                0x00013798                CLKPWR_SetPCLKDiv
 .text.CLKPWR_GetPCLKSEL
                0x0001386c       0x54 /opt/york/cs/net/lpc1700-cmsis-lite-2011.01.26-i686-1/lib/libDriversLPC17xxgnu.a(lpc17xx_clkpwr.o)
                0x0001386c                CLKPWR_GetPCLKSEL
 .text.CLKPWR_GetPCLK
                0x000138c0       0x70 /opt/york/cs/net/lpc1700-cmsis-lite-2011.01.26-i686-1/lib/libDriversLPC17xxgnu.a(lpc17xx_clkpwr.o)
                0x000138c0                CLKPWR_GetPCLK
 .text.CLKPWR_ConfigPPWR
                0x00013930       0x80 /opt/york/cs/net/lpc1700-cmsis-lite-2011.01.26-i686-1/lib/libDriversLPC17xxgnu.a(lpc17xx_clkpwr.o)
                0x00013930                CLKPWR_ConfigPPWR
 .text.CLKPWR_Sleep
                0x000139b0       0x1c /opt/york/cs/net/lpc1700-cmsis-lite-2011.01.26-i686-1/lib/libDriversLPC17xxgnu.a(lpc17xx_clkpwr.o)
                0x000139b0                CLKPWR_Sleep
 .text.CLKPWR_DeepSleep
                0x000139cc       0x2c /opt/york/cs/net/lpc1700-cmsis-lite-2011.01.26-i686-1/lib/libDriversLPC17xxgnu.a(lpc17xx_clkpwr.o)
                0x000139cc                CLKPWR_DeepSleep
 .text.CLKPWR_PowerDown
                0x000139f8       0x2c /opt/york/cs/net/lpc1700-cmsis-lite-2011.01.26-i686-1/lib/libDriversLPC17xxgnu.a(lpc17xx_clkpwr.o)
                0x000139f8                CLKPWR_PowerDown
 .text.CLKPWR_DeepPowerDown
                0x00013a24       0x2c /opt/york/cs/net/lpc1700-cmsis-lite-2011.01.26-i686-1/lib/libDriversLPC17xxgnu.a(lpc17xx_clkpwr.o)
                0x00013a24                CLKPWR_DeepPowerDown
 .text          0x00013a50        0x0 /opt/york/cs/net/sourcery-g++-lite-arm-eabi-2010.09.51-i686-1/bin/../lib/gcc/arm-none-eabi/4.5.1/thumb2/crtend.o
 .text          0x00013a50        0x0 /opt/york/cs/net/sourcery-g++-lite-arm-eabi-2010.09.51-i686-1/bin/../lib/gcc/arm-none-eabi/4.5.1/thumb2/crtn.o
 *(.plt)
 *(.gnu.warning)
 *(.glue_7t)
 .glue_7t       0x00000000        0x0 linker stubs
 *(.glue_7)
 .glue_7        0x00000000        0x0 linker stubs
 *(.vfp11_veneer)
 .vfp11_veneer  0x00000000        0x0 linker stubs
 *(.rodata .rodata.* .gnu.linkonce.r.*)
 .rodata        0x00013a50      0x1c8 main.o
 .rodata.C.0.2899
                0x00013c18       0x10 source/KeyAccess.o
 .rodata        0x00013c28       0x14 source/LCD.o
 .rodata.C.12.5113
                0x00013c3c        0x4 source/LCD.o
 .rodata.C.13.5114
                0x00013c40       0x14 source/LCD.o
 .rodata.C.14.5115
                0x00013c54        0xc source/LCD.o
 .rodata.C.1.2902
                0x00013c60       0x18 source/TLV320.o
 .rodata.C.2.2903
                0x00013c78       0x10 source/TLV320.o
 .rodata.C.3.2904
                0x00013c88        0x8 source/TLV320.o
 .rodata.C.4.2905
                0x00013c90        0x8 source/TLV320.o
 .rodata.C.5.2906
                0x00013c98        0x4 source/TLV320.o
 .rodata.DbcTbl
                0x00013c9c        0xc source/FatFS/ff.o
 .rodata        0x00013ca8       0x50 source/FatFS/ff.o
 .rodata.cst32.1625
                0x00013cf8       0x10 source/FatFS/ff.o
 .rodata.cst.1624
                0x00013d08       0x10 source/FatFS/ff.o
 .rodata.badchr.1608
                0x00013d18       0x14 source/FatFS/ff.o
 .rodata        0x00013d2c       0x20 /opt/york/cs/net/sourcery-g++-lite-arm-eabi-2010.09.51-i686-1/arm-none-eabi/lib/thumb2/libc.a(lib_a-svfprintf.o)
 .rodata.str1.4
                0x00013d4c       0x42 /opt/york/cs/net/sourcery-g++-lite-arm-eabi-2010.09.51-i686-1/arm-none-eabi/lib/thumb2/libc.a(lib_a-svfprintf.o)
                                 0x44 (size before relaxing)
 *fill*         0x00013d8e        0x2 00
 .rodata.str1.4
                0x00013d90       0x10 /opt/york/cs/net/sourcery-g++-lite-arm-eabi-2010.09.51-i686-1/arm-none-eabi/lib/thumb2/libc.a(lib_a-dtoa.o)
                                 0x14 (size before relaxing)
 .rodata        0x00013da0        0x4 /opt/york/cs/net/sourcery-g++-lite-arm-eabi-2010.09.51-i686-1/arm-none-eabi/lib/thumb2/libc.a(lib_a-impure.o)
                0x00013da0                _global_impure_ptr
 .rodata.str1.4
                0x00013da4        0x2 /opt/york/cs/net/sourcery-g++-lite-arm-eabi-2010.09.51-i686-1/arm-none-eabi/lib/thumb2/libc.a(lib_a-impure.o)
                                  0x4 (size before relaxing)
 *fill*         0x00013da6        0x2 00
 .rodata.str1.4
                0x00013da8        0xc /opt/york/cs/net/sourcery-g++-lite-arm-eabi-2010.09.51-i686-1/arm-none-eabi/lib/thumb2/libc.a(lib_a-locale.o)
                                 0x14 (size before relaxing)
 *fill*         0x00013db4        0x4 00
 .rodata        0x00013db8      0x128 /opt/york/cs/net/sourcery-g++-lite-arm-eabi-2010.09.51-i686-1/arm-none-eabi/lib/thumb2/libc.a(lib_a-mprec.o)
                0x00013dc8                __mprec_tens
                0x00013e90                __mprec_bigtens
                0x00013eb8                __mprec_tinytens
 .rodata        0x00013ee0       0x20 /opt/york/cs/net/sourcery-g++-lite-arm-eabi-2010.09.51-i686-1/arm-none-eabi/lib/thumb2/libc.a(lib_a-svfiprintf.o)
 .rodata.str1.4
                0x00000000       0x30 /opt/york/cs/net/sourcery-g++-lite-arm-eabi-2010.09.51-i686-1/arm-none-eabi/lib/thumb2/libc.a(lib_a-svfiprintf.o)
 .rodata.GPDMA_LUTPerAddr
                0x00013f00       0x60 /opt/york/cs/net/lpc1700-cmsis-lite-2011.01.26-i686-1/lib/libDriversLPC17xxgnu.a(lpc17xx_gpdma.o)
                0x00013f00                GPDMA_LUTPerAddr
 .rodata.GPDMA_LUTPerBurst
                0x00013f60       0x18 /opt/york/cs/net/lpc1700-cmsis-lite-2011.01.26-i686-1/lib/libDriversLPC17xxgnu.a(lpc17xx_gpdma.o)
                0x00013f60                GPDMA_LUTPerBurst
 .rodata.GPDMA_LUTPerWid
                0x00013f78       0x18 /opt/york/cs/net/lpc1700-cmsis-lite-2011.01.26-i686-1/lib/libDriversLPC17xxgnu.a(lpc17xx_gpdma.o)
                0x00013f78                GPDMA_LUTPerWid
 .rodata        0x00013f90       0x10 /opt/york/cs/net/lpc1700-cmsis-lite-2011.01.26-i686-1/lib/libDriversLPC17xxgnu.a(lpc17xx_gpdma.o)
 .rodata        0x00013fa0       0x10 /opt/york/cs/net/lpc1700-cmsis-lite-2011.01.26-i686-1/lib/libDriversLPC17xxgnu.a(lpc17xx_i2c.o)
 .rodata        0x00013fb0       0x10 /opt/york/cs/net/lpc1700-cmsis-lite-2011.01.26-i686-1/lib/libDriversLPC17xxgnu.a(lpc17xx_i2s.o)
 .rodata        0x00013fc0       0x10 /opt/york/cs/net/lpc1700-cmsis-lite-2011.01.26-i686-1/lib/libDriversLPC17xxgnu.a(lpc17xx_uart.o)
 *(.ARM.extab* .gnu.linkonce.armextab.*)
 .ARM.extab.cs3.reset
                0x00013fd0        0x0 /opt/york/cs/net/lpc1700-cmsis-lite-2011.01.26-i686-1/lib/startup_LPC17xx.o
 .ARM.extab     0x00013fd0        0x0 /opt/york/cs/net/sourcery-g++-lite-arm-eabi-2010.09.51-i686-1/bin/../lib/gcc/arm-none-eabi/4.5.1/thumb2/libgcc.a(_divdi3.o)
 .ARM.extab     0x00013fd0        0x0 /opt/york/cs/net/sourcery-g++-lite-arm-eabi-2010.09.51-i686-1/bin/../lib/gcc/arm-none-eabi/4.5.1/thumb2/libgcc.a(_udivdi3.o)
 *(.gcc_except_table)
 *(.eh_frame_hdr)
 *(.eh_frame)
                0x00013fd0                . = ALIGN (0x4)
 *(.init)
 .init          0x00013fd0        0x4 /opt/york/cs/net/sourcery-g++-lite-arm-eabi-2010.09.51-i686-1/bin/../lib/gcc/arm-none-eabi/4.5.1/thumb2/crti.o
                0x00013fd0                _init
 .init          0x00013fd4        0x8 /opt/york/cs/net/sourcery-g++-lite-arm-eabi-2010.09.51-i686-1/bin/../lib/gcc/arm-none-eabi/4.5.1/thumb2/crtn.o
                0x00013fdc                . = ALIGN (0x4)
                0x00013fdc                __preinit_array_start = .
 *(.preinit_array)
                0x00013fdc                __preinit_array_end = .
                0x00013fdc                . = ALIGN (0x4)
                0x00013fdc                __init_array_start = .
 *(SORT(.init_array.*))
 *(.init_array)
 .init_array    0x00013fdc        0x4 /opt/york/cs/net/sourcery-g++-lite-arm-eabi-2010.09.51-i686-1/bin/../lib/gcc/arm-none-eabi/4.5.1/thumb2/crtbegin.o
                0x00013fe0                __init_array_end = .
                0x00013fe0                . = ALIGN (0x4)
 *crtbegin.o(.ctors)
 *(EXCLUDE_FILE(*crtend.o) .ctors)
 *(SORT(.ctors.*))
 *crtend.o(.ctors)
                0x00013fe0                . = ALIGN (0x4)
 *(.fini)
 .fini          0x00013fe0        0x4 /opt/york/cs/net/sourcery-g++-lite-arm-eabi-2010.09.51-i686-1/bin/../lib/gcc/arm-none-eabi/4.5.1/thumb2/crti.o
                0x00013fe0                _fini
 .fini          0x00013fe4        0x8 /opt/york/cs/net/sourcery-g++-lite-arm-eabi-2010.09.51-i686-1/bin/../lib/gcc/arm-none-eabi/4.5.1/thumb2/crtn.o
                0x00013fec                . = ALIGN (0x4)
                0x00013fec                __fini_array_start = .
 *(.fini_array)
 .fini_array    0x00013fec        0x4 /opt/york/cs/net/sourcery-g++-lite-arm-eabi-2010.09.51-i686-1/bin/../lib/gcc/arm-none-eabi/4.5.1/thumb2/crtbegin.o
 *(SORT(.fini_array.*))
                0x00013ff0                __fini_array_end = .
 *crtbegin.o(.dtors)
 *(EXCLUDE_FILE(*crtend.o) .dtors)
 *(SORT(.dtors.*))
 *crtend.o(.dtors)
                0x00013ff0                . = ALIGN (0x4)
                0x00013ff0                __cs3_regions = .
                0x00013ff0        0x4 LONG 0x0
                0x00013ff4        0x4 LONG 0x14010 __cs3_region_init_ram
                0x00013ff8        0x4 LONG 0x10000000 __cs3_region_start_ram
                0x00013ffc        0x4 LONG 0x600 __cs3_region_init_size_ram
                0x00014000        0x4 LONG 0x850 __cs3_region_zero_size_ram
                0x00014004                __exidx_start = .

.v4_bx          0x00014004        0x0
 .v4_bx         0x00000000        0x0 linker stubs

.ARM.exidx      0x00014004        0x8
 *(.ARM.exidx* .gnu.linkonce.armexidx.*)
 .ARM.exidx.cs3.reset
                0x00014004        0x8 /opt/york/cs/net/lpc1700-cmsis-lite-2011.01.26-i686-1/lib/startup_LPC17xx.o
 .ARM.exidx     0x0001400c        0x0 /opt/york/cs/net/sourcery-g++-lite-arm-eabi-2010.09.51-i686-1/bin/../lib/gcc/arm-none-eabi/4.5.1/thumb2/libgcc.a(_divdi3.o)
                                  0x8 (size before relaxing)
 .ARM.exidx     0x0001400c        0x0 /opt/york/cs/net/sourcery-g++-lite-arm-eabi-2010.09.51-i686-1/bin/../lib/gcc/arm-none-eabi/4.5.1/thumb2/libgcc.a(_udivdi3.o)
                                  0x8 (size before relaxing)
                0x0001400c                __exidx_end = .

.text.align     0x0001400c        0x4
                0x00014010                . = ALIGN (0x8)
 *fill*         0x0001400c        0x4 00
                0x00014010                _etext = .
                0x00080000                __cs3_region_size_rom = 0x80000
                0x00000001                __cs3_region_num = 0x1

.data           0x10000000      0x600 load address 0x00014010
                0x10000000                __cs3_region_start_ram = .
 *(.cs3.region-head.ram)
 *(.jcr)
 .jcr           0x10000000        0x0 /opt/york/cs/net/sourcery-g++-lite-arm-eabi-2010.09.51-i686-1/bin/../lib/gcc/arm-none-eabi/4.5.1/thumb2/crtbegin.o
 .jcr           0x10000000        0x4 /opt/york/cs/net/sourcery-g++-lite-arm-eabi-2010.09.51-i686-1/bin/../lib/gcc/arm-none-eabi/4.5.1/thumb2/crtend.o
 *(.got.plt)
 *(.got)
 *(.shdata)
 *(.data .data.* .gnu.linkonce.d.*)
 .data          0x10000004        0x0 /opt/york/cs/net/sourcery-g++-lite-arm-eabi-2010.09.51-i686-1/bin/../lib/gcc/arm-none-eabi/4.5.1/thumb2/crti.o
 .data          0x10000004        0x4 /opt/york/cs/net/sourcery-g++-lite-arm-eabi-2010.09.51-i686-1/bin/../lib/gcc/arm-none-eabi/4.5.1/thumb2/crtbegin.o
                0x10000004                __dso_handle
 .data          0x10000008        0x0 main.o
 .data.MenuText
                0x10000008       0x1c main.o
                0x10000008                MenuText
 .data.menuFuncs
                0x10000024       0x28 main.o
                0x10000024                menuFuncs
 .data          0x1000004c        0x0 source/i2s_polling.o
 .data          0x1000004c        0x0 source/KeyAccess.o
 .data          0x1000004c        0x0 source/LCD.o
 .data          0x1000004c        0x0 source/i2s.o
 .data          0x1000004c        0x0 source/TLV320.o
 .data          0x1000004c        0x0 source/Delay.o
 .data          0x1000004c        0x0 source/SerialIO.o
 .data          0x1000004c        0x0 source/I2C.o
 .data          0x1000004c        0x0 source/FatFS/ff.o
 .data          0x1000004c        0x0 source/FatFS/ffunicode.o
 .data          0x1000004c        0x0 source/FatFS/mmc_176x_ssp.o
 .data.Stat     0x1000004c        0x1 source/FatFS/mmc_176x_ssp.o
 .data          0x1000004d        0x0 source/FatFS/diskio.o
 .data          0x1000004d        0x0 /opt/york/cs/net/lpc1700-cmsis-lite-2011.01.26-i686-1/lib/core_cm3.o
 .data          0x1000004d        0x0 /opt/york/cs/net/lpc1700-cmsis-lite-2011.01.26-i686-1/lib/system_LPC17xx.o
 *fill*         0x1000004d        0x3 00
 .data.SystemCoreClock
                0x10000050        0x4 /opt/york/cs/net/lpc1700-cmsis-lite-2011.01.26-i686-1/lib/system_LPC17xx.o
                0x10000050                SystemCoreClock
 .data          0x10000054        0x0 /opt/york/cs/net/lpc1700-cmsis-lite-2011.01.26-i686-1/lib/startup_LPC17xx.o
 .data          0x10000054        0x0 /opt/york/cs/net/sourcery-g++-lite-arm-eabi-2010.09.51-i686-1/arm-none-eabi/lib/thumb2/libc.a(lib_a-malloc.o)
 .data          0x10000054      0x410 /opt/york/cs/net/sourcery-g++-lite-arm-eabi-2010.09.51-i686-1/arm-none-eabi/lib/thumb2/libc.a(lib_a-mallocr.o)
                0x10000054                __malloc_av_
                0x1000045c                __malloc_sbrk_base
                0x10000460                __malloc_trim_threshold
 .data          0x10000464        0x0 /opt/york/cs/net/sourcery-g++-lite-arm-eabi-2010.09.51-i686-1/arm-none-eabi/lib/thumb2/libc.a(lib_a-mlock.o)
 .data          0x10000464        0x0 /opt/york/cs/net/sourcery-g++-lite-arm-eabi-2010.09.51-i686-1/arm-none-eabi/lib/thumb2/libc.a(lib_a-sbrkr.o)
 .data          0x10000464        0x0 /opt/york/cs/net/sourcery-g++-lite-arm-eabi-2010.09.51-i686-1/arm-none-eabi/lib/thumb2/libc.a(lib_a-sprintf.o)
 .data          0x10000464        0x0 /opt/york/cs/net/sourcery-g++-lite-arm-eabi-2010.09.51-i686-1/arm-none-eabi/lib/thumb2/libc.a(lib_a-strlen.o)
 .data          0x10000464        0x0 /opt/york/cs/net/sourcery-g++-lite-arm-eabi-2010.09.51-i686-1/arm-none-eabi/lib/thumb2/libc.a(lib_a-svfprintf.o)
 .data          0x10000464        0x0 /opt/york/cs/net/sourcery-g++-lite-arm-eabi-2010.09.51-i686-1/arm-none-eabi/lib/thumb2/libc.a(lib_a-dtoa.o)
 .data          0x10000464        0x0 /opt/york/cs/net/sourcery-g++-lite-arm-eabi-2010.09.51-i686-1/arm-none-eabi/lib/thumb2/libc.a(lib_a-freer.o)
 .data          0x10000464       0xf4 /opt/york/cs/net/sourcery-g++-lite-arm-eabi-2010.09.51-i686-1/arm-none-eabi/lib/thumb2/libc.a(lib_a-impure.o)
                0x10000464                _impure_ptr
 .data          0x10000558       0x7c /opt/york/cs/net/sourcery-g++-lite-arm-eabi-2010.09.51-i686-1/arm-none-eabi/lib/thumb2/libc.a(lib_a-locale.o)
                0x10000578                __mb_cur_max
 .data          0x100005d4        0x0 /opt/york/cs/net/sourcery-g++-lite-arm-eabi-2010.09.51-i686-1/arm-none-eabi/lib/thumb2/libc.a(lib_a-memchr.o)
 .data          0x100005d4        0x0 /opt/york/cs/net/sourcery-g++-lite-arm-eabi-2010.09.51-i686-1/arm-none-eabi/lib/thumb2/libc.a(lib_a-memcpy.o)
 .data          0x100005d4        0x0 /opt/york/cs/net/sourcery-g++-lite-arm-eabi-2010.09.51-i686-1/arm-none-eabi/lib/thumb2/libc.a(lib_a-mprec.o)
 .data          0x100005d4        0x0 /opt/york/cs/net/sourcery-g++-lite-arm-eabi-2010.09.51-i686-1/arm-none-eabi/lib/thumb2/libc.a(lib_a-reent.o)
 .data          0x100005d4        0x0 /opt/york/cs/net/sourcery-g++-lite-arm-eabi-2010.09.51-i686-1/arm-none-eabi/lib/thumb2/libc.a(lib_a-s_fpclassify.o)
 .data          0x100005d4        0x0 /opt/york/cs/net/sourcery-g++-lite-arm-eabi-2010.09.51-i686-1/arm-none-eabi/lib/thumb2/libc.a(lib_a-strcmp.o)
 .data          0x100005d4        0x0 /opt/york/cs/net/sourcery-g++-lite-arm-eabi-2010.09.51-i686-1/arm-none-eabi/lib/thumb2/libc.a(lib_a-svfiprintf.o)
 .data          0x100005d4        0x0 /opt/york/cs/net/sourcery-g++-lite-arm-eabi-2010.09.51-i686-1/arm-none-eabi/lib/thumb2/libc.a(lib_a-callocr.o)
 .data          0x100005d4        0x0 /opt/york/cs/net/sourcery-g++-lite-arm-eabi-2010.09.51-i686-1/arm-none-eabi/lib/thumb2/libc.a(lib_a-memmove.o)
 .data          0x100005d4        0x0 /opt/york/cs/net/sourcery-g++-lite-arm-eabi-2010.09.51-i686-1/arm-none-eabi/lib/thumb2/libc.a(lib_a-memset.o)
 .data          0x100005d4        0x0 /opt/york/cs/net/sourcery-g++-lite-arm-eabi-2010.09.51-i686-1/arm-none-eabi/lib/thumb2/libc.a(lib_a-reallocr.o)
 .data          0x100005d4        0x0 /opt/york/cs/net/sourcery-g++-lite-arm-eabi-2010.09.51-i686-1/bin/../lib/gcc/arm-none-eabi/4.5.1/thumb2/libgcc.a(_udivsi3.o)
 .data          0x100005d4        0x0 /opt/york/cs/net/sourcery-g++-lite-arm-eabi-2010.09.51-i686-1/bin/../lib/gcc/arm-none-eabi/4.5.1/thumb2/libgcc.a(_dvmd_tls.o)
 .data          0x100005d4        0x0 /opt/york/cs/net/sourcery-g++-lite-arm-eabi-2010.09.51-i686-1/bin/../lib/gcc/arm-none-eabi/4.5.1/thumb2/libgcc.a(_arm_addsubdf3.o)
 .data          0x100005d4        0x0 /opt/york/cs/net/sourcery-g++-lite-arm-eabi-2010.09.51-i686-1/bin/../lib/gcc/arm-none-eabi/4.5.1/thumb2/libgcc.a(_arm_muldivdf3.o)
 .data          0x100005d4        0x0 /opt/york/cs/net/sourcery-g++-lite-arm-eabi-2010.09.51-i686-1/bin/../lib/gcc/arm-none-eabi/4.5.1/thumb2/libgcc.a(_arm_cmpdf2.o)
 .data          0x100005d4        0x0 /opt/york/cs/net/sourcery-g++-lite-arm-eabi-2010.09.51-i686-1/bin/../lib/gcc/arm-none-eabi/4.5.1/thumb2/libgcc.a(_arm_fixdfsi.o)
 .data          0x100005d4        0x0 /opt/york/cs/net/sourcery-g++-lite-arm-eabi-2010.09.51-i686-1/bin/../lib/gcc/arm-none-eabi/4.5.1/thumb2/libgcc.a(_aeabi_uldivmod.o)
 .data          0x100005d4        0x0 /opt/york/cs/net/sourcery-g++-lite-arm-eabi-2010.09.51-i686-1/bin/../lib/gcc/arm-none-eabi/4.5.1/thumb2/libgcc.a(bpabi.o)
 .data          0x100005d4        0x0 /opt/york/cs/net/sourcery-g++-lite-arm-eabi-2010.09.51-i686-1/bin/../lib/gcc/arm-none-eabi/4.5.1/thumb2/libgcc.a(_divdi3.o)
 .data          0x100005d4        0x0 /opt/york/cs/net/sourcery-g++-lite-arm-eabi-2010.09.51-i686-1/bin/../lib/gcc/arm-none-eabi/4.5.1/thumb2/libgcc.a(_udivdi3.o)
 .data          0x100005d4        0x0 /opt/york/cs/net/sourcery-g++-lite-arm-eabi-2010.09.51-i686-1/arm-none-eabi/lib/thumb2/libcs3.a(start_c.o)
 .data          0x100005d4        0x4 /opt/york/cs/net/sourcery-g++-lite-arm-eabi-2010.09.51-i686-1/arm-none-eabi/lib/thumb2/libcs3unhosted.a(unhosted-sbrk.o)
 .data          0x100005d8        0x0 /opt/york/cs/net/sourcery-g++-lite-arm-eabi-2010.09.51-i686-1/arm-none-eabi/lib/thumb2/libcs3unhosted.a(unhosted-start.o)
 .data          0x100005d8        0x0 /opt/york/cs/net/sourcery-g++-lite-arm-eabi-2010.09.51-i686-1/arm-none-eabi/lib/thumb2/libc.a(lib_a-errno.o)
 .data          0x100005d8        0x0 /opt/york/cs/net/sourcery-g++-lite-arm-eabi-2010.09.51-i686-1/arm-none-eabi/lib/thumb2/libc.a(lib_a-init.o)
 .data          0x100005d8        0x4 /opt/york/cs/net/sourcery-g++-lite-arm-eabi-2010.09.51-i686-1/arm-none-eabi/lib/thumb2/libcs3.a(heap.o)
                0x100005d8                __cs3_heap_limit
 .data          0x100005dc        0x0 /opt/york/cs/net/lpc1700-cmsis-lite-2011.01.26-i686-1/lib/libDriversLPC17xxgnu.a(lpc17xx_gpdma.o)
 .data.pGPDMACh
                0x100005dc       0x20 /opt/york/cs/net/lpc1700-cmsis-lite-2011.01.26-i686-1/lib/libDriversLPC17xxgnu.a(lpc17xx_gpdma.o)
                0x100005dc                pGPDMACh
 .data          0x100005fc        0x0 /opt/york/cs/net/lpc1700-cmsis-lite-2011.01.26-i686-1/lib/libDriversLPC17xxgnu.a(lpc17xx_i2c.o)
 .data          0x100005fc        0x0 /opt/york/cs/net/lpc1700-cmsis-lite-2011.01.26-i686-1/lib/libDriversLPC17xxgnu.a(lpc17xx_i2s.o)
 .data          0x100005fc        0x0 /opt/york/cs/net/lpc1700-cmsis-lite-2011.01.26-i686-1/lib/libDriversLPC17xxgnu.a(lpc17xx_libcfg_default.o)
 .data          0x100005fc        0x0 /opt/york/cs/net/lpc1700-cmsis-lite-2011.01.26-i686-1/lib/libDriversLPC17xxgnu.a(lpc17xx_pinsel.o)
 .data          0x100005fc        0x0 /opt/york/cs/net/lpc1700-cmsis-lite-2011.01.26-i686-1/lib/libDriversLPC17xxgnu.a(lpc17xx_uart.o)
 .data          0x100005fc        0x0 /opt/york/cs/net/lpc1700-cmsis-lite-2011.01.26-i686-1/lib/libDriversLPC17xxgnu.a(lpc17xx_clkpwr.o)
 .data          0x100005fc        0x0 /opt/york/cs/net/sourcery-g++-lite-arm-eabi-2010.09.51-i686-1/bin/../lib/gcc/arm-none-eabi/4.5.1/thumb2/crtend.o
 .data          0x100005fc        0x0 /opt/york/cs/net/sourcery-g++-lite-arm-eabi-2010.09.51-i686-1/bin/../lib/gcc/arm-none-eabi/4.5.1/thumb2/crtn.o
 *(.ram)
                0x10000600                . = ALIGN (0x8)
 *fill*         0x100005fc        0x4 00
                0x10000600                _edata = .

.bss            0x10000600      0x850 load address 0x00014610
 *(.shbss)
 *(.bss .bss.* .gnu.linkonce.b.*)
 .bss           0x10000600        0x0 /opt/york/cs/net/sourcery-g++-lite-arm-eabi-2010.09.51-i686-1/bin/../lib/gcc/arm-none-eabi/4.5.1/thumb2/crti.o
 .bss           0x10000600        0x1 /opt/york/cs/net/sourcery-g++-lite-arm-eabi-2010.09.51-i686-1/bin/../lib/gcc/arm-none-eabi/4.5.1/thumb2/crtbegin.o
 .bss           0x10000601        0x0 main.o
 *fill*         0x10000601        0x3 00
 .bss.i2s_Interrupt_Mode
                0x10000604        0x4 main.o
                0x10000604                i2s_Interrupt_Mode
 .bss           0x10000608        0x0 source/i2s_polling.o
 .bss           0x10000608        0x0 source/KeyAccess.o
 .bss           0x10000608        0x0 source/LCD.o
 .bss           0x10000608        0x0 source/i2s.o
 .bss           0x10000608        0x0 source/TLV320.o
 .bss           0x10000608        0x0 source/Delay.o
 .bss           0x10000608        0x0 source/SerialIO.o
 .bss           0x10000608        0x0 source/I2C.o
 .bss           0x10000608        0x0 source/FatFS/ff.o
 .bss.FatFs     0x10000608        0x4 source/FatFS/ff.o
 .bss.Fsid      0x1000060c        0x2 source/FatFS/ff.o
 .bss.CurrVol   0x1000060e        0x1 source/FatFS/ff.o
 .bss           0x1000060f        0x0 source/FatFS/ffunicode.o
 .bss           0x1000060f        0x0 source/FatFS/mmc_176x_ssp.o
 *fill*         0x1000060f        0x1 00
 .bss.Timer1    0x10000610        0x4 source/FatFS/mmc_176x_ssp.o
 .bss.Timer2    0x10000614        0x4 source/FatFS/mmc_176x_ssp.o
 .bss.CardType  0x10000618        0x1 source/FatFS/mmc_176x_ssp.o
 .bss           0x10000619        0x0 source/FatFS/diskio.o
 .bss           0x10000619        0x0 /opt/york/cs/net/lpc1700-cmsis-lite-2011.01.26-i686-1/lib/core_cm3.o
 .bss           0x10000619        0x0 /opt/york/cs/net/lpc1700-cmsis-lite-2011.01.26-i686-1/lib/system_LPC17xx.o
 .bss           0x10000619        0x0 /opt/york/cs/net/lpc1700-cmsis-lite-2011.01.26-i686-1/lib/startup_LPC17xx.o
 .bss           0x10000619        0x0 /opt/york/cs/net/sourcery-g++-lite-arm-eabi-2010.09.51-i686-1/arm-none-eabi/lib/thumb2/libc.a(lib_a-malloc.o)
 *fill*         0x10000619        0x3 00
 .bss           0x1000061c       0x34 /opt/york/cs/net/sourcery-g++-lite-arm-eabi-2010.09.51-i686-1/arm-none-eabi/lib/thumb2/libc.a(lib_a-mallocr.o)
                0x1000061c                __malloc_top_pad
                0x10000620                __malloc_current_mallinfo
                0x10000648                __malloc_max_sbrked_mem
                0x1000064c                __malloc_max_total_mem
 .bss           0x10000650        0x0 /opt/york/cs/net/sourcery-g++-lite-arm-eabi-2010.09.51-i686-1/arm-none-eabi/lib/thumb2/libc.a(lib_a-mlock.o)
 .bss           0x10000650        0x0 /opt/york/cs/net/sourcery-g++-lite-arm-eabi-2010.09.51-i686-1/arm-none-eabi/lib/thumb2/libc.a(lib_a-sbrkr.o)
 .bss           0x10000650        0x0 /opt/york/cs/net/sourcery-g++-lite-arm-eabi-2010.09.51-i686-1/arm-none-eabi/lib/thumb2/libc.a(lib_a-sprintf.o)
 .bss           0x10000650        0x0 /opt/york/cs/net/sourcery-g++-lite-arm-eabi-2010.09.51-i686-1/arm-none-eabi/lib/thumb2/libc.a(lib_a-strlen.o)
 .bss           0x10000650        0x0 /opt/york/cs/net/sourcery-g++-lite-arm-eabi-2010.09.51-i686-1/arm-none-eabi/lib/thumb2/libc.a(lib_a-svfprintf.o)
 .bss           0x10000650        0x0 /opt/york/cs/net/sourcery-g++-lite-arm-eabi-2010.09.51-i686-1/arm-none-eabi/lib/thumb2/libc.a(lib_a-dtoa.o)
 .bss           0x10000650        0x0 /opt/york/cs/net/sourcery-g++-lite-arm-eabi-2010.09.51-i686-1/arm-none-eabi/lib/thumb2/libc.a(lib_a-freer.o)
 .bss           0x10000650        0x0 /opt/york/cs/net/sourcery-g++-lite-arm-eabi-2010.09.51-i686-1/arm-none-eabi/lib/thumb2/libc.a(lib_a-impure.o)
 .bss           0x10000650        0xc /opt/york/cs/net/sourcery-g++-lite-arm-eabi-2010.09.51-i686-1/arm-none-eabi/lib/thumb2/libc.a(lib_a-locale.o)
                0x10000650                __nlocale_changed
                0x10000654                __mlocale_changed
                0x10000658                _PathLocale
 .bss           0x1000065c        0x0 /opt/york/cs/net/sourcery-g++-lite-arm-eabi-2010.09.51-i686-1/arm-none-eabi/lib/thumb2/libc.a(lib_a-memchr.o)
 .bss           0x1000065c        0x0 /opt/york/cs/net/sourcery-g++-lite-arm-eabi-2010.09.51-i686-1/arm-none-eabi/lib/thumb2/libc.a(lib_a-memcpy.o)
 .bss           0x1000065c        0x0 /opt/york/cs/net/sourcery-g++-lite-arm-eabi-2010.09.51-i686-1/arm-none-eabi/lib/thumb2/libc.a(lib_a-mprec.o)
 .bss           0x1000065c        0x0 /opt/york/cs/net/sourcery-g++-lite-arm-eabi-2010.09.51-i686-1/arm-none-eabi/lib/thumb2/libc.a(lib_a-reent.o)
 .bss           0x1000065c        0x0 /opt/york/cs/net/sourcery-g++-lite-arm-eabi-2010.09.51-i686-1/arm-none-eabi/lib/thumb2/libc.a(lib_a-s_fpclassify.o)
 .bss           0x1000065c        0x0 /opt/york/cs/net/sourcery-g++-lite-arm-eabi-2010.09.51-i686-1/arm-none-eabi/lib/thumb2/libc.a(lib_a-strcmp.o)
 .bss           0x1000065c        0x0 /opt/york/cs/net/sourcery-g++-lite-arm-eabi-2010.09.51-i686-1/arm-none-eabi/lib/thumb2/libc.a(lib_a-svfiprintf.o)
 .bss           0x1000065c        0x0 /opt/york/cs/net/sourcery-g++-lite-arm-eabi-2010.09.51-i686-1/arm-none-eabi/lib/thumb2/libc.a(lib_a-callocr.o)
 .bss           0x1000065c        0x0 /opt/york/cs/net/sourcery-g++-lite-arm-eabi-2010.09.51-i686-1/arm-none-eabi/lib/thumb2/libc.a(lib_a-memmove.o)
 .bss           0x1000065c        0x0 /opt/york/cs/net/sourcery-g++-lite-arm-eabi-2010.09.51-i686-1/arm-none-eabi/lib/thumb2/libc.a(lib_a-memset.o)
 .bss           0x1000065c        0x0 /opt/york/cs/net/sourcery-g++-lite-arm-eabi-2010.09.51-i686-1/arm-none-eabi/lib/thumb2/libc.a(lib_a-reallocr.o)
 .bss           0x1000065c        0x0 /opt/york/cs/net/sourcery-g++-lite-arm-eabi-2010.09.51-i686-1/bin/../lib/gcc/arm-none-eabi/4.5.1/thumb2/libgcc.a(_udivsi3.o)
 .bss           0x1000065c        0x0 /opt/york/cs/net/sourcery-g++-lite-arm-eabi-2010.09.51-i686-1/bin/../lib/gcc/arm-none-eabi/4.5.1/thumb2/libgcc.a(_dvmd_tls.o)
 .bss           0x1000065c        0x0 /opt/york/cs/net/sourcery-g++-lite-arm-eabi-2010.09.51-i686-1/bin/../lib/gcc/arm-none-eabi/4.5.1/thumb2/libgcc.a(_arm_addsubdf3.o)
 .bss           0x1000065c        0x0 /opt/york/cs/net/sourcery-g++-lite-arm-eabi-2010.09.51-i686-1/bin/../lib/gcc/arm-none-eabi/4.5.1/thumb2/libgcc.a(_arm_muldivdf3.o)
 .bss           0x1000065c        0x0 /opt/york/cs/net/sourcery-g++-lite-arm-eabi-2010.09.51-i686-1/bin/../lib/gcc/arm-none-eabi/4.5.1/thumb2/libgcc.a(_arm_cmpdf2.o)
 .bss           0x1000065c        0x0 /opt/york/cs/net/sourcery-g++-lite-arm-eabi-2010.09.51-i686-1/bin/../lib/gcc/arm-none-eabi/4.5.1/thumb2/libgcc.a(_arm_fixdfsi.o)
 .bss           0x1000065c        0x0 /opt/york/cs/net/sourcery-g++-lite-arm-eabi-2010.09.51-i686-1/bin/../lib/gcc/arm-none-eabi/4.5.1/thumb2/libgcc.a(_aeabi_uldivmod.o)
 .bss           0x1000065c        0x0 /opt/york/cs/net/sourcery-g++-lite-arm-eabi-2010.09.51-i686-1/bin/../lib/gcc/arm-none-eabi/4.5.1/thumb2/libgcc.a(bpabi.o)
 .bss           0x1000065c        0x0 /opt/york/cs/net/sourcery-g++-lite-arm-eabi-2010.09.51-i686-1/bin/../lib/gcc/arm-none-eabi/4.5.1/thumb2/libgcc.a(_divdi3.o)
 .bss           0x1000065c        0x0 /opt/york/cs/net/sourcery-g++-lite-arm-eabi-2010.09.51-i686-1/bin/../lib/gcc/arm-none-eabi/4.5.1/thumb2/libgcc.a(_udivdi3.o)
 .bss           0x1000065c        0x0 /opt/york/cs/net/sourcery-g++-lite-arm-eabi-2010.09.51-i686-1/arm-none-eabi/lib/thumb2/libcs3.a(start_c.o)
 .bss           0x1000065c        0x0 /opt/york/cs/net/sourcery-g++-lite-arm-eabi-2010.09.51-i686-1/arm-none-eabi/lib/thumb2/libcs3unhosted.a(unhosted-sbrk.o)
 .bss           0x1000065c        0x0 /opt/york/cs/net/sourcery-g++-lite-arm-eabi-2010.09.51-i686-1/arm-none-eabi/lib/thumb2/libcs3unhosted.a(unhosted-start.o)
 .bss           0x1000065c        0x0 /opt/york/cs/net/sourcery-g++-lite-arm-eabi-2010.09.51-i686-1/arm-none-eabi/lib/thumb2/libc.a(lib_a-errno.o)
 .bss           0x1000065c        0x0 /opt/york/cs/net/sourcery-g++-lite-arm-eabi-2010.09.51-i686-1/arm-none-eabi/lib/thumb2/libc.a(lib_a-init.o)
 .bss           0x1000065c        0x0 /opt/york/cs/net/sourcery-g++-lite-arm-eabi-2010.09.51-i686-1/arm-none-eabi/lib/thumb2/libcs3.a(heap.o)
 .bss           0x1000065c        0x0 /opt/york/cs/net/lpc1700-cmsis-lite-2011.01.26-i686-1/lib/libDriversLPC17xxgnu.a(lpc17xx_gpdma.o)
 .bss           0x1000065c        0x0 /opt/york/cs/net/lpc1700-cmsis-lite-2011.01.26-i686-1/lib/libDriversLPC17xxgnu.a(lpc17xx_i2c.o)
 .bss.i2cdat    0x1000065c       0x18 /opt/york/cs/net/lpc1700-cmsis-lite-2011.01.26-i686-1/lib/libDriversLPC17xxgnu.a(lpc17xx_i2c.o)
 .bss.I2C_MasterComplete
                0x10000674        0xc /opt/york/cs/net/lpc1700-cmsis-lite-2011.01.26-i686-1/lib/libDriversLPC17xxgnu.a(lpc17xx_i2c.o)
 .bss.I2C_SlaveComplete
                0x10000680        0xc /opt/york/cs/net/lpc1700-cmsis-lite-2011.01.26-i686-1/lib/libDriversLPC17xxgnu.a(lpc17xx_i2c.o)
 .bss.I2C_MonitorBufferIndex
                0x1000068c        0x4 /opt/york/cs/net/lpc1700-cmsis-lite-2011.01.26-i686-1/lib/libDriversLPC17xxgnu.a(lpc17xx_i2c.o)
 .bss           0x10000690        0x0 /opt/york/cs/net/lpc1700-cmsis-lite-2011.01.26-i686-1/lib/libDriversLPC17xxgnu.a(lpc17xx_i2s.o)
 .bss           0x10000690        0x0 /opt/york/cs/net/lpc1700-cmsis-lite-2011.01.26-i686-1/lib/libDriversLPC17xxgnu.a(lpc17xx_libcfg_default.o)
 .bss           0x10000690        0x0 /opt/york/cs/net/lpc1700-cmsis-lite-2011.01.26-i686-1/lib/libDriversLPC17xxgnu.a(lpc17xx_pinsel.o)
 .bss           0x10000690        0x0 /opt/york/cs/net/lpc1700-cmsis-lite-2011.01.26-i686-1/lib/libDriversLPC17xxgnu.a(lpc17xx_uart.o)
 .bss           0x10000690        0x0 /opt/york/cs/net/lpc1700-cmsis-lite-2011.01.26-i686-1/lib/libDriversLPC17xxgnu.a(lpc17xx_clkpwr.o)
 .bss           0x10000690        0x0 /opt/york/cs/net/sourcery-g++-lite-arm-eabi-2010.09.51-i686-1/bin/../lib/gcc/arm-none-eabi/4.5.1/thumb2/crtend.o
 .bss           0x10000690        0x0 /opt/york/cs/net/sourcery-g++-lite-arm-eabi-2010.09.51-i686-1/bin/../lib/gcc/arm-none-eabi/4.5.1/thumb2/crtn.o
 *(COMMON)
 COMMON         0x10000690      0x7af main.o
                0x10000690                Channel1_TC
                0x10000694                BufferIn
                0x10000698                WriteInd
                0x1000069c                Channel0_TC
                0x100006a0                SelMenuItem
                0x100006a4                FatFs
                0x100008d8                rbuf
                0x10000ae8                ReadInd
                0x10000aec                BufferOut
                0x10000af0                buttonpress
                0x10000af4                Channel0_Err
                0x10000af8                buffer
                0x10000afc                Counter
                0x10000b00                Channel1_Err
                0x10000b04                prevKey
                0x10000b05                key
                0x10000b08                ReadAudInd
                0x10000b0c                TxIntStat
                0x10000b10                Audio_buf
                0x10000b14                fre
                0x10000b18                fil
                0x10000d40                audioBuff
 *fill*         0x10000e3f        0x1 00
 COMMON         0x10000e40        0x8 source/i2s.o
                0x10000e40                ENAOUT
                0x10000e44                ENAINP
 COMMON         0x10000e48        0x4 /opt/york/cs/net/sourcery-g++-lite-arm-eabi-2010.09.51-i686-1/arm-none-eabi/lib/thumb2/libc.a(lib_a-reent.o)
                0x10000e48                errno
 *(.ram.b)
                0x10000e50                . = ALIGN (0x8)
 *fill*         0x10000e4c        0x4 00
                0x10000e50                _end = .
                0x10000e50                __end = .

.usb_ram
 *.o(USB_RAM)

.heap           0x10000e50     0x1000
 *(.heap)
 .heap          0x10000e50     0x1000 /opt/york/cs/net/lpc1700-cmsis-lite-2011.01.26-i686-1/lib/startup_LPC17xx.o
                0x10000e50                __cs3_heap_start
                0x10001e50                __cs3_heap_end

.stack          0x10007f00      0x100
 *(.stack)
 .stack         0x10007f00      0x100 /opt/york/cs/net/lpc1700-cmsis-lite-2011.01.26-i686-1/lib/startup_LPC17xx.o
                0x10007f00                __cs3_stack_mem
                0x10008000                _estack = .
                0x10008000                PROVIDE (estack, .)
                0x00014010                __cs3_region_init_ram = LOADADDR (.data)
                0x00000600                __cs3_region_init_size_ram = (_edata - __cs3_region_start_ram)
                0x00000850                __cs3_region_zero_size_ram = (_end - _edata)
                0x00008000                __cs3_region_size_ram = 0x8000
                0x00000001                __cs3_region_num = 0x1

.stab
 *(.stab)

.stabstr
 *(.stabstr)

.debug
 *(.debug)

.line
 *(.line)

.debug_srcinfo
 *(.debug_srcinfo)

.debug_sfnames
 *(.debug_sfnames)

.comment        0x00000000       0x2a
 .comment       0x00000000       0x2a main.o
                                 0x2b (size before relaxing)
 .comment       0x00000000       0x2b source/i2s_polling.o
 .comment       0x00000000       0x2b source/KeyAccess.o
 .comment       0x00000000       0x2b source/LCD.o
 .comment       0x00000000       0x2b source/i2s.o
 .comment       0x00000000       0x2b source/TLV320.o
 .comment       0x00000000       0x2b source/Delay.o
 .comment       0x00000000       0x2b source/SerialIO.o
 .comment       0x00000000       0x2b source/I2C.o
 .comment       0x00000000       0x2b source/FatFS/ff.o
 .comment       0x00000000       0x2b source/FatFS/ffunicode.o
 .comment       0x00000000       0x2b source/FatFS/mmc_176x_ssp.o
 .comment       0x00000000       0x2b source/FatFS/diskio.o
 .comment       0x00000000       0x2b /opt/york/cs/net/lpc1700-cmsis-lite-2011.01.26-i686-1/lib/core_cm3.o
 .comment       0x00000000       0x2b /opt/york/cs/net/lpc1700-cmsis-lite-2011.01.26-i686-1/lib/system_LPC17xx.o
 .comment       0x00000000       0x2b /opt/york/cs/net/lpc1700-cmsis-lite-2011.01.26-i686-1/lib/libDriversLPC17xxgnu.a(lpc17xx_gpdma.o)
 .comment       0x00000000       0x2b /opt/york/cs/net/lpc1700-cmsis-lite-2011.01.26-i686-1/lib/libDriversLPC17xxgnu.a(lpc17xx_i2c.o)
 .comment       0x00000000       0x2b /opt/york/cs/net/lpc1700-cmsis-lite-2011.01.26-i686-1/lib/libDriversLPC17xxgnu.a(lpc17xx_i2s.o)
 .comment       0x00000000       0x2b /opt/york/cs/net/lpc1700-cmsis-lite-2011.01.26-i686-1/lib/libDriversLPC17xxgnu.a(lpc17xx_libcfg_default.o)
 .comment       0x00000000       0x2b /opt/york/cs/net/lpc1700-cmsis-lite-2011.01.26-i686-1/lib/libDriversLPC17xxgnu.a(lpc17xx_pinsel.o)
 .comment       0x00000000       0x2b /opt/york/cs/net/lpc1700-cmsis-lite-2011.01.26-i686-1/lib/libDriversLPC17xxgnu.a(lpc17xx_uart.o)
 .comment       0x00000000       0x2b /opt/york/cs/net/lpc1700-cmsis-lite-2011.01.26-i686-1/lib/libDriversLPC17xxgnu.a(lpc17xx_clkpwr.o)

.debug_aranges  0x00000000      0xa40
 *(.debug_aranges)
 .debug_aranges
                0x00000000       0xa0 main.o
 .debug_aranges
                0x000000a0       0x58 source/i2s_polling.o
 .debug_aranges
                0x000000f8       0x30 source/KeyAccess.o
 .debug_aranges
                0x00000128       0x78 source/LCD.o
 .debug_aranges
                0x000001a0       0x78 source/i2s.o
 .debug_aranges
                0x00000218       0x60 source/TLV320.o
 .debug_aranges
                0x00000278       0x40 source/Delay.o
 .debug_aranges
                0x000002b8       0x90 source/SerialIO.o
 .debug_aranges
                0x00000348       0x30 source/I2C.o
 .debug_aranges
                0x00000378      0x248 source/FatFS/ff.o
 .debug_aranges
                0x000005c0       0xa0 source/FatFS/mmc_176x_ssp.o
 .debug_aranges
                0x00000660       0x28 /opt/york/cs/net/lpc1700-cmsis-lite-2011.01.26-i686-1/lib/system_LPC17xx.o
 .debug_aranges
                0x00000688       0x28 /opt/york/cs/net/lpc1700-cmsis-lite-2011.01.26-i686-1/lib/startup_LPC17xx.o
 .debug_aranges
                0x000006b0       0x40 /opt/york/cs/net/lpc1700-cmsis-lite-2011.01.26-i686-1/lib/libDriversLPC17xxgnu.a(lpc17xx_gpdma.o)
 .debug_aranges
                0x000006f0       0xd0 /opt/york/cs/net/lpc1700-cmsis-lite-2011.01.26-i686-1/lib/libDriversLPC17xxgnu.a(lpc17xx_i2c.o)
 .debug_aranges
                0x000007c0       0xc0 /opt/york/cs/net/lpc1700-cmsis-lite-2011.01.26-i686-1/lib/libDriversLPC17xxgnu.a(lpc17xx_i2s.o)
 .debug_aranges
                0x00000880       0x20 /opt/york/cs/net/lpc1700-cmsis-lite-2011.01.26-i686-1/lib/libDriversLPC17xxgnu.a(lpc17xx_libcfg_default.o)
 .debug_aranges
                0x000008a0       0x48 /opt/york/cs/net/lpc1700-cmsis-lite-2011.01.26-i686-1/lib/libDriversLPC17xxgnu.a(lpc17xx_pinsel.o)
 .debug_aranges
                0x000008e8      0x100 /opt/york/cs/net/lpc1700-cmsis-lite-2011.01.26-i686-1/lib/libDriversLPC17xxgnu.a(lpc17xx_uart.o)
 .debug_aranges
                0x000009e8       0x58 /opt/york/cs/net/lpc1700-cmsis-lite-2011.01.26-i686-1/lib/libDriversLPC17xxgnu.a(lpc17xx_clkpwr.o)

.debug_pubnames
                0x00000000     0x11ad
 *(.debug_pubnames)
 .debug_pubnames
                0x00000000      0x23a main.o
 .debug_pubnames
                0x0000023a      0x132 source/i2s_polling.o
 .debug_pubnames
                0x0000036c       0x41 source/KeyAccess.o
 .debug_pubnames
                0x000003ad       0xd1 source/LCD.o
 .debug_pubnames
                0x0000047e      0x120 source/i2s.o
 .debug_pubnames