Archive member included because of file (symbol)

/opt/york/cs/net/sourcery-g++-lite-arm-eabi-2010.09.51-i686-1/arm-none-eabi/lib/thumb2/libc.a(lib_a-malloc.o)
                              main.o (malloc)
/opt/york/cs/net/sourcery-g++-lite-arm-eabi-2010.09.51-i686-1/arm-none-eabi/lib/thumb2/libc.a(lib_a-mallocr.o)
                              /opt/york/cs/net/sourcery-g++-lite-arm-eabi-2010.09.51-i686-1/arm-none-eabi/lib/thumb2/libc.a(lib_a-malloc.o) (_malloc_r)
/opt/york/cs/net/sourcery-g++-lite-arm-eabi-2010.09.51-i686-1/arm-none-eabi/lib/thumb2/libc.a(lib_a-mlock.o)
                              /opt/york/cs/net/sourcery-g++-lite-arm-eabi-2010.09.51-i686-1/arm-none-eabi/lib/thumb2/libc.a(lib_a-mallocr.o) (__malloc_lock)
/opt/york/cs/net/sourcery-g++-lite-arm-eabi-2010.09.51-i686-1/arm-none-eabi/lib/thumb2/libc.a(lib_a-sbrkr.o)
                              /opt/york/cs/net/sourcery-g++-lite-arm-eabi-2010.09.51-i686-1/arm-none-eabi/lib/thumb2/libc.a(lib_a-mallocr.o) (_sbrk_r)
/opt/york/cs/net/sourcery-g++-lite-arm-eabi-2010.09.51-i686-1/arm-none-eabi/lib/thumb2/libc.a(lib_a-sprintf.o)
                              main.o (sprintf)
/opt/york/cs/net/sourcery-g++-lite-arm-eabi-2010.09.51-i686-1/arm-none-eabi/lib/thumb2/libc.a(lib_a-strlen.o)
                              main.o (strlen)
/opt/york/cs/net/sourcery-g++-lite-arm-eabi-2010.09.51-i686-1/arm-none-eabi/lib/thumb2/libc.a(lib_a-svfprintf.o)
                              /opt/york/cs/net/sourcery-g++-lite-arm-eabi-2010.09.51-i686-1/arm-none-eabi/lib/thumb2/libc.a(lib_a-sprintf.o) (_svfprintf_r)
/opt/york/cs/net/sourcery-g++-lite-arm-eabi-2010.09.51-i686-1/arm-none-eabi/lib/thumb2/libc.a(lib_a-dtoa.o)
                              /opt/york/cs/net/sourcery-g++-lite-arm-eabi-2010.09.51-i686-1/arm-none-eabi/lib/thumb2/libc.a(lib_a-svfprintf.o) (_dtoa_r)
/opt/york/cs/net/sourcery-g++-lite-arm-eabi-2010.09.51-i686-1/arm-none-eabi/lib/thumb2/libc.a(lib_a-freer.o)
                              /opt/york/cs/net/sourcery-g++-lite-arm-eabi-2010.09.51-i686-1/arm-none-eabi/lib/thumb2/libc.a(lib_a-malloc.o) (_free_r)
/opt/york/cs/net/sourcery-g++-lite-arm-eabi-2010.09.51-i686-1/arm-none-eabi/lib/thumb2/libc.a(lib_a-impure.o)
                              /opt/york/cs/net/sourcery-g++-lite-arm-eabi-2010.09.51-i686-1/arm-none-eabi/lib/thumb2/libc.a(lib_a-malloc.o) (_impure_ptr)
/opt/york/cs/net/sourcery-g++-lite-arm-eabi-2010.09.51-i686-1/arm-none-eabi/lib/thumb2/libc.a(lib_a-locale.o)
                              /opt/york/cs/net/sourcery-g++-lite-arm-eabi-2010.09.51-i686-1/arm-none-eabi/lib/thumb2/libc.a(lib_a-svfprintf.o) (_localeconv_r)
/opt/york/cs/net/sourcery-g++-lite-arm-eabi-2010.09.51-i686-1/arm-none-eabi/lib/thumb2/libc.a(lib_a-memchr.o)
                              /opt/york/cs/net/sourcery-g++-lite-arm-eabi-2010.09.51-i686-1/arm-none-eabi/lib/thumb2/libc.a(lib_a-svfprintf.o) (memchr)
/opt/york/cs/net/sourcery-g++-lite-arm-eabi-2010.09.51-i686-1/arm-none-eabi/lib/thumb2/libc.a(lib_a-memcpy.o)
                              /opt/york/cs/net/sourcery-g++-lite-arm-eabi-2010.09.51-i686-1/arm-none-eabi/lib/thumb2/libc.a(lib_a-dtoa.o) (memcpy)
/opt/york/cs/net/sourcery-g++-lite-arm-eabi-2010.09.51-i686-1/arm-none-eabi/lib/thumb2/libc.a(lib_a-mprec.o)
                              /opt/york/cs/net/sourcery-g++-lite-arm-eabi-2010.09.51-i686-1/arm-none-eabi/lib/thumb2/libc.a(lib_a-dtoa.o) (_Balloc)
/opt/york/cs/net/sourcery-g++-lite-arm-eabi-2010.09.51-i686-1/arm-none-eabi/lib/thumb2/libc.a(lib_a-reent.o)
                              /opt/york/cs/net/sourcery-g++-lite-arm-eabi-2010.09.51-i686-1/arm-none-eabi/lib/thumb2/libc.a(lib_a-sbrkr.o) (errno)
/opt/york/cs/net/sourcery-g++-lite-arm-eabi-2010.09.51-i686-1/arm-none-eabi/lib/thumb2/libc.a(lib_a-s_fpclassify.o)
                              /opt/york/cs/net/sourcery-g++-lite-arm-eabi-2010.09.51-i686-1/arm-none-eabi/lib/thumb2/libc.a(lib_a-svfprintf.o) (__fpclassifyd)
/opt/york/cs/net/sourcery-g++-lite-arm-eabi-2010.09.51-i686-1/arm-none-eabi/lib/thumb2/libc.a(lib_a-strcmp.o)
                              /opt/york/cs/net/sourcery-g++-lite-arm-eabi-2010.09.51-i686-1/arm-none-eabi/lib/thumb2/libc.a(lib_a-locale.o) (strcmp)
/opt/york/cs/net/sourcery-g++-lite-arm-eabi-2010.09.51-i686-1/arm-none-eabi/lib/thumb2/libc.a(lib_a-svfiprintf.o)
                              /opt/york/cs/net/sourcery-g++-lite-arm-eabi-2010.09.51-i686-1/arm-none-eabi/lib/thumb2/libc.a(lib_a-svfprintf.o) (__ssprint_r)
/opt/york/cs/net/sourcery-g++-lite-arm-eabi-2010.09.51-i686-1/arm-none-eabi/lib/thumb2/libc.a(lib_a-callocr.o)
                              /opt/york/cs/net/sourcery-g++-lite-arm-eabi-2010.09.51-i686-1/arm-none-eabi/lib/thumb2/libc.a(lib_a-mprec.o) (_calloc_r)
/opt/york/cs/net/sourcery-g++-lite-arm-eabi-2010.09.51-i686-1/arm-none-eabi/lib/thumb2/libc.a(lib_a-memmove.o)
                              /opt/york/cs/net/sourcery-g++-lite-arm-eabi-2010.09.51-i686-1/arm-none-eabi/lib/thumb2/libc.a(lib_a-svfiprintf.o) (memmove)
[...]
Memory Configuration

Name             Origin             Length             Attributes
rom              0x00000000         0x00080000         xr
ram              0x10000000         0x00008000         xrw
ram1             0x2007c000         0x00004000         xrw
ram2             0x20080000         0x00004000         xrw
*default*        0x00000000         0xffffffff

Linker script and memory map

LOAD /opt/york/cs/net/sourcery-g++-lite-arm-eabi-2010.09.51-i686-1/bin/../lib/gcc/arm-none-eabi/4.5.1/thumb2/crti.o
LOAD /opt/york/cs/net/sourcery-g++-lite-arm-eabi-2010.09.51-i686-1/bin/../lib/gcc/arm-none-eabi/4.5.1/thumb2/crtbegin.o
LOAD main.o
LOAD source/i2s_polling.o
LOAD source/KeyAccess.o
LOAD source/LCD.o
LOAD source/i2s.o
LOAD source/Delay.o
LOAD source/SerialIO.o
LOAD source/I2C.o
LOAD source/TLV320.o
LOAD Project_Files/ff13c/source/ffsystem.o
LOAD Project_Files/ff13c/source/ff.o
LOAD Project_Files/ff13c/source/ffunicode.o
LOAD Project_Files/ff13c/source/mmc_176x_ssp.o
LOAD Project_Files/ff13c/source/diskio.o
LOAD /opt/york/cs/net/lpc1700-cmsis-lite-2011.01.26-i686-1/lib/core_cm3.o
LOAD /opt/york/cs/net/lpc1700-cmsis-lite-2011.01.26-i686-1/lib/system_LPC17xx.o
LOAD /opt/york/cs/net/lpc1700-cmsis-lite-2011.01.26-i686-1/lib/startup_LPC17xx.o
START GROUP
LOAD /opt/york/cs/net/sourcery-g++-lite-arm-eabi-2010.09.51-i686-1/arm-none-eabi/lib/thumb2/libc.a
LOAD /opt/york/cs/net/sourcery-g++-lite-arm-eabi-2010.09.51-i686-1/arm-none-eabi/lib/thumb2/libg.a
LOAD /opt/york/cs/net/sourcery-g++-lite-arm-eabi-2010.09.51-i686-1/arm-none-eabi/lib/thumb2/libstdc++.a
LOAD /opt/york/cs/net/sourcery-g++-lite-arm-eabi-2010.09.51-i686-1/arm-none-eabi/lib/thumb2/libsupc++.a
LOAD /opt/york/cs/net/sourcery-g++-lite-arm-eabi-2010.09.51-i686-1/bin/../lib/gcc/arm-none-eabi/4.5.1/thumb2/libgcc.a
LOAD /opt/york/cs/net/sourcery-g++-lite-arm-eabi-2010.09.51-i686-1/arm-none-eabi/lib/thumb2/libm.a
END GROUP
START GROUP
LOAD /opt/york/cs/net/sourcery-g++-lite-arm-eabi-2010.09.51-i686-1/bin/../lib/gcc/arm-none-eabi/4.5.1/thumb2/libgcc.a
LOAD /opt/york/cs/net/sourcery-g++-lite-arm-eabi-2010.09.51-i686-1/arm-none-eabi/lib/thumb2/libc.a
LOAD /opt/york/cs/net/sourcery-g++-lite-arm-eabi-2010.09.51-i686-1/arm-none-eabi/lib/thumb2/libcs3.a
LOAD /opt/york/cs/net/sourcery-g++-lite-arm-eabi-2010.09.51-i686-1/arm-none-eabi/lib/thumb2/libcs3unhosted.a
LOAD /opt/york/cs/net/sourcery-g++-lite-arm-eabi-2010.09.51-i686-1/arm-none-eabi/lib/thumb2/libcs3micro.a
END GROUP
                0x10008000                PROVIDE (__cs3_stack, (__cs3_region_start_ram + __cs3_region_size_ram))
                0x00007718                PROVIDE (__cs3_stack_size, ((__cs3_region_start_ram + __cs3_region_size_ram) - _end))
                0x100008e8                PROVIDE (__cs3_heap_start, _end)
                0x10008000                PROVIDE (__cs3_heap_end, (__cs3_region_start_ram + __cs3_region_size_ram))

.text           0x00000000    0x11ffc
 CREATE_OBJECT_SYMBOLS
                0x00000000                __cs3_region_start_rom = .
 *(.cs3.region-head.rom)
                0x00000000                __cs3_interrupt_vector = __cs3_interrupt_vector_cortex_m
 *(.cs3.interrupt_vector)
 .cs3.interrupt_vector
                0x00000000       0xcc /opt/york/cs/net/lpc1700-cmsis-lite-2011.01.26-i686-1/lib/startup_LPC17xx.o
                0x00000000                __cs3_interrupt_vector_cortex_m
                0x00000001                ASSERT ((. != __cs3_interrupt_vector_cortex_m), No interrupt vector)
 *(.rom)
 *(.rom.b)
                0x000000cc                __cs3_reset = __cs3_reset_cortex_m
 *(.cs3.reset)
 .cs3.reset     0x000000cc       0x10 /opt/york/cs/net/lpc1700-cmsis-lite-2011.01.26-i686-1/lib/startup_LPC17xx.o
                0x000000cc                __cs3_reset_cortex_m
                0x00000001                ASSERT ((. != __cs3_reset), No reset code)
 *(.text .text.* .gnu.linkonce.t.*)
 .text          0x000000dc        0x0 /opt/york/cs/net/sourcery-g++-lite-arm-eabi-2010.09.51-i686-1/bin/../lib/gcc/arm-none-eabi/4.5.1/thumb2/crti.o
 .text          0x000000dc       0x30 /opt/york/cs/net/sourcery-g++-lite-arm-eabi-2010.09.51-i686-1/bin/../lib/gcc/arm-none-eabi/4.5.1/thumb2/crtbegin.o
 .text          0x0000010c        0x0 main.o
 .text.NVIC_EnableIRQ
                0x0000010c       0x38 main.o
 .text.NVIC_DisableIRQ
                0x00000144       0x3c main.o
 .text.NVIC_SetPriority
                0x00000180       0x5c main.o
 .text.EINT3_IRQHandler
                0x000001dc       0xbc main.o
                0x000001dc                EINT3_IRQHandler
 .text.IRQInit  0x00000298       0xd8 main.o
                0x00000298                IRQInit
 .text.DrawMenu
                0x00000370      0x200 main.o
                0x00000370                DrawMenu
 .text.Menu     0x00000570      0x254 main.o
                0x00000570                Menu
 .text.PlayLoop
                0x000007c4      0x158 main.o
                0x000007c4                PlayLoop
 .text.I2S_PassThroughLoop
                0x0000091c       0x8c main.o
                0x0000091c                I2S_PassThroughLoop
 .text.I2S_PassThroughInterrupt
                0x000009a8       0xa0 main.o
                0x000009a8                I2S_PassThroughInterrupt
 .text.MASSIVE_TEST
                0x00000a48       0x64 main.o
                0x00000a48                MASSIVE_TEST
 .text.PassThroughLoop
                0x00000aac       0x3c main.o
                0x00000aac                PassThroughLoop
 .text.UART_Mode
                0x00000ae8       0x98 main.o
                0x00000ae8                UART_Mode
 .text.main     0x00000b80       0x38 main.o
                0x00000b80                main
 .text.temp     0x00000bb8       0x18 main.o
                0x00000bb8                temp
 .text          0x00000bd0        0x0 source/i2s_polling.o
 .text.NVIC_EnableIRQ
                0x00000bd0       0x38 source/i2s_polling.o
 .text.NVIC_SetPriority
                0x00000c08       0x5c source/i2s_polling.o
 .text.I2S_IRQHandler
                0x00000c64      0x154 source/i2s_polling.o
                0x00000c64                I2S_IRQHandler
 .text.I2S_Polling_Init
                0x00000db8      0x180 source/i2s_polling.o
                0x00000db8                I2S_Polling_Init
 .text.I2S_Polling_Read
                0x00000f38       0x84 source/i2s_polling.o
                0x00000f38                I2S_Polling_Read
 .text.I2S_Polling_Write
                0x00000fbc       0x5c source/i2s_polling.o
                0x00000fbc                I2S_Polling_Write
 .text          0x00001018        0x0 source/KeyAccess.o
 .text.GetKeyInput
                0x00001018       0x4c source/KeyAccess.o
                0x00001018                GetKeyInput
 .text.DecodeInput
                0x00001064       0xc8 source/KeyAccess.o
                0x00001064                DecodeInput
 .text.GetKeyData
                0x0000112c       0xb4 source/KeyAccess.o
                0x0000112c                GetKeyData
 .text          0x000011e0        0x0 source/LCD.o
 .text.NVIC_SetPriority
                0x000011e0       0x5c source/LCD.o
 .text.SysTick_Config
                0x0000123c       0x64 source/LCD.o
 .text.SendData
                0x000012a0       0x3c source/LCD.o
                0x000012a0                SendData
 .text.LCDEnable
                0x000012dc       0x28 source/LCD.o
                0x000012dc                LCDEnable
 .text.LCDDisable
                0x00001304       0x28 source/LCD.o
                0x00001304                LCDDisable
 .text.LCDGoHome
                0x0000132c       0x28 source/LCD.o
                0x0000132c                LCDGoHome
 .text.LCDNewLine
                0x00001354       0x28 source/LCD.o
                0x00001354                LCDNewLine
 .text.LCDCursorShift
                0x0000137c       0xb0 source/LCD.o
                0x0000137c                LCDCursorShift
 .text.LCDInit  0x0000142c       0x38 source/LCD.o
                0x0000142c                LCDInit
 .text.LCDClear
                0x00001464       0x70 source/LCD.o
                0x00001464                LCDClear
 .text.LCDPrint
                0x000014d4       0xec source/LCD.o
                0x000014d4                LCDPrint
 .text.main_LDCPrintHelloWorld
                0x000015c0       0x68 source/LCD.o
                0x000015c0                main_LDCPrintHelloWorld
 .text          0x00001628        0x0 source/i2s.o
 .text.NVIC_EnableIRQ
                0x00001628       0x38 source/i2s.o
 .text.NVIC_DisableIRQ
                0x00001660       0x3c source/i2s.o
 .text.NVIC_SetPriority
                0x0000169c       0x5c source/i2s.o
 .text.DMA_IRQHandler
                0x000016f8      0x104 source/i2s.o
                0x000016f8                DMA_IRQHandler
 .text.Init_I2S
                0x000017fc       0xd0 source/i2s.o
                0x000017fc                Init_I2S
 .text.ConfInit
                0x000018cc       0x68 source/i2s.o
                0x000018cc                ConfInit
 .text.ClockInit
                0x00001934       0x54 source/i2s.o
                0x00001934                ClockInit
 .text.InitializeGPDMA
                0x00001988      0x150 source/i2s.o
                0x00001988                InitializeGPDMA
 .text.EnableInput
                0x00001ad8       0x50 source/i2s.o
                0x00001ad8                EnableInput
 .text.EnableOutput
                0x00001b28       0x50 source/i2s.o
                0x00001b28                EnableOutput
 .text.DisableInput
                0x00001b78       0x50 source/i2s.o
                0x00001b78                DisableInput
 .text.DisableOutput
                0x00001bc8       0x50 source/i2s.o
                0x00001bc8                DisableOutput
 .text          0x00001c18        0x0 source/Delay.o
 .text.NVIC_SetPriority
                0x00001c18       0x5c source/Delay.o
 .text.SysTick_Config
                0x00001c74       0x64 source/Delay.o
 .text.SysTick_Handler
                0x00001cd8       0x24 source/Delay.o
                0x00001cd8                SysTick_Handler
 .text.Delay    0x00001cfc       0x34 source/Delay.o
                0x00001cfc                Delay
 .text.DelayInit
                0x00001d30       0x2c source/Delay.o
                0x00001d30                DelayInit
 .text          0x00001d5c        0x0 source/SerialIO.o
 .text.NVIC_EnableIRQ
                0x00001d5c       0x38 source/SerialIO.o
 .text.NVIC_DisableIRQ
                0x00001d94       0x3c source/SerialIO.o
 .text.NVIC_SetPriority
                0x00001dd0       0x5c source/SerialIO.o
 .text.UART0_IRQHandler
                0x00001e2c       0x4c source/SerialIO.o
                0x00001e2c                UART0_IRQHandler
 .text.ReceiveText
                0x00001e78       0xdc source/SerialIO.o
                0x00001e78                ReceiveText
 .text.ReadText
                0x00001f54       0xa4 source/SerialIO.o
                0x00001f54                ReadText
 .text.AddTextToBuffer
                0x00001ff8       0xa4 source/SerialIO.o
                0x00001ff8                AddTextToBuffer
 .text.ProcessBuffer
                0x0000209c       0xc4 source/SerialIO.o
                0x0000209c                ProcessBuffer
 .text.TransmitText
                0x00002160      0x10c source/SerialIO.o
                0x00002160                TransmitText
 .text.InitSerial
                0x0000226c       0x90 source/SerialIO.o
                0x0000226c                InitSerial
 .text.WriteText
                0x000022fc       0x30 source/SerialIO.o
                0x000022fc                WriteText
 .text.InitSerInterrupts
                0x0000232c       0x88 source/SerialIO.o
                0x0000232c                InitSerInterrupts
 .text.EnableSerInterrupts
                0x000023b4       0x10 source/SerialIO.o
                0x000023b4                EnableSerInterrupts
 .text.DisableSerInterrupts
                0x000023c4       0x10 source/SerialIO.o
                0x000023c4                DisableSerInterrupts
 .text          0x000023d4        0x0 source/I2C.o
 .text.I2CInit  0x000023d4       0x30 source/I2C.o
                0x000023d4                I2CInit
 .text.SetupVals
                0x00002404       0x54 source/I2C.o
                0x00002404                SetupVals
 .text.SetupPINS
                0x00002458       0x44 source/I2C.o
                0x00002458                SetupPINS
 .text          0x0000249c        0x0 source/TLV320.o
 .text.TLV320_ChangeInputVolume
                0x0000249c       0x38 source/TLV320.o
                0x0000249c                TLV320_ChangeInputVolume
 .text.TLV320_ChangeOutputVolume
                0x000024d4       0x40 source/TLV320.o
                0x000024d4                TLV320_ChangeOutputVolume
 .text.TLV320_EnablePassThrough
                0x00002514       0x28 source/TLV320.o
                0x00002514                TLV320_EnablePassThrough
 .text.TLV320_DisablePassThrough
                0x0000253c       0x30 source/TLV320.o
                0x0000253c                TLV320_DisablePassThrough
 .text.TLV320_Setup
                0x0000256c       0x28 source/TLV320.o
                0x0000256c                TLV320_Setup
 .text.TLV320_EnableDAC
                0x00002594       0x2c source/TLV320.o
                0x00002594                TLV320_EnableDAC
 .text.TLV320_EnableOutput
                0x000025c0       0x2c source/TLV320.o
                0x000025c0                TLV320_EnableOutput
 .text.TLV320_Start_I2S_Polling_Passthrough
                0x000025ec       0x34 source/TLV320.o
                0x000025ec                TLV320_Start_I2S_Polling_Passthrough
 .text.TLV320_SendData
                0x00002620       0x64 source/TLV320.o
                0x00002620                TLV320_SendData
 .text          0x00002684        0x0 Project_Files/ff13c/source/ffsystem.o
 .text          0x00002684        0x0 Project_Files/ff13c/source/ff.o
 .text.ld_word  0x00002684       0x34 Project_Files/ff13c/source/ff.o
 .text.ld_dword
                0x000026b8       0x58 Project_Files/ff13c/source/ff.o
 .text.st_word  0x00002710       0x40 Project_Files/ff13c/source/ff.o
 .text.st_dword
                0x00002750       0x6c Project_Files/ff13c/source/ff.o
 .text.rtc_gettime
                0x000027bc      0x124 Project_Files/ff13c/source/ff.o
                0x000027bc                rtc_gettime
 .text.get_fattime
                0x000028e0       0x54 Project_Files/ff13c/source/ff.o
                0x000028e0                get_fattime
 .text.mem_cpy  0x00002934       0x4c Project_Files/ff13c/source/ff.o
 .text.mem_set  0x00002980       0x38 Project_Files/ff13c/source/ff.o
 .text.mem_cmp  0x000029b8       0x5c Project_Files/ff13c/source/ff.o
 .text.chk_chr  0x00002a14       0x38 Project_Files/ff13c/source/ff.o
 .text.dbc_1st  0x00002a4c       0x68 Project_Files/ff13c/source/ff.o
 .text.dbc_2nd  0x00002ab4       0x8c Project_Files/ff13c/source/ff.o
 .text.sync_window
                0x00002b40       0x90 Project_Files/ff13c/source/ff.o
 .text.move_window
                0x00002bd0       0x68 Project_Files/ff13c/source/ff.o
 .text.sync_fs  0x00002c38       0xf8 Project_Files/ff13c/source/ff.o
 .text.clst2sect
                0x00002d30       0x44 Project_Files/ff13c/source/ff.o
 .text.get_fat  0x00002d74      0x180 Project_Files/ff13c/source/ff.o
 .text.put_fat  0x00002ef4      0x218 Project_Files/ff13c/source/ff.o
 .text.remove_chain
                0x0000310c       0xdc Project_Files/ff13c/source/ff.o
 .text.create_chain
                0x000031e8      0x1c4 Project_Files/ff13c/source/ff.o
 .text.dir_clear
                0x000033ac       0xa4 Project_Files/ff13c/source/ff.o
 .text.dir_sdi  0x00003450      0x114 Project_Files/ff13c/source/ff.o
 .text.dir_next
                0x00003564      0x164 Project_Files/ff13c/source/ff.o
 .text.dir_alloc
                0x000036c8       0x9c Project_Files/ff13c/source/ff.o
 .text.ld_clust
                0x00003764       0x48 Project_Files/ff13c/source/ff.o
 .text.st_clust
                0x000037ac       0x44 Project_Files/ff13c/source/ff.o
 .text.dir_read
                0x000037f0       0xc4 Project_Files/ff13c/source/ff.o
 .text.dir_find
                0x000038b4       0xbc Project_Files/ff13c/source/ff.o
 .text.dir_register
                0x00003970       0x74 Project_Files/ff13c/source/ff.o
 .text.dir_remove
                0x000039e4       0x44 Project_Files/ff13c/source/ff.o
 .text.get_fileinfo
                0x00003a28       0xf4 Project_Files/ff13c/source/ff.o
 .text.create_name
                0x00003b1c      0x1cc Project_Files/ff13c/source/ff.o
 .text.follow_path
                0x00003ce8       0xf4 Project_Files/ff13c/source/ff.o
 .text.get_ldnumber
                0x00003ddc       0x98 Project_Files/ff13c/source/ff.o
 .text.check_fs
                0x00003e74       0xcc Project_Files/ff13c/source/ff.o
 .text.find_volume
                0x00003f40      0x538 Project_Files/ff13c/source/ff.o
 .text.validate
                0x00004478       0x74 Project_Files/ff13c/source/ff.o
 .text.f_mount  0x000044ec       0x98 Project_Files/ff13c/source/ff.o
                0x000044ec                f_mount
 .text.f_open   0x00004584      0x354 Project_Files/ff13c/source/ff.o
                0x00004584                f_open
 .text.f_read   0x000048d8      0x2b8 Project_Files/ff13c/source/ff.o
                0x000048d8                f_read
 .text.f_write  0x00004b90      0x324 Project_Files/ff13c/source/ff.o
                0x00004b90                f_write
 .text.f_sync   0x00004eb4      0x118 Project_Files/ff13c/source/ff.o
                0x00004eb4                f_sync
 .text.f_close  0x00004fcc       0x44 Project_Files/ff13c/source/ff.o
                0x00004fcc                f_close
 .text.f_lseek  0x00005010      0x2a4 Project_Files/ff13c/source/ff.o
                0x00005010                f_lseek
 .text.f_opendir
                0x000052b4       0xc4 Project_Files/ff13c/source/ff.o
                0x000052b4                f_opendir
 .text.f_closedir
                0x00005378       0x34 Project_Files/ff13c/source/ff.o
                0x00005378                f_closedir
 .text.f_readdir
                0x000053ac       0x88 Project_Files/ff13c/source/ff.o
                0x000053ac                f_readdir
 .text.f_stat   0x00005434       0x80 Project_Files/ff13c/source/ff.o
                0x00005434                f_stat
 .text.f_getfree
                0x000054b4      0x198 Project_Files/ff13c/source/ff.o
                0x000054b4                f_getfree
 .text.f_truncate
                0x0000564c      0x148 Project_Files/ff13c/source/ff.o
                0x0000564c                f_truncate
 .text.f_unlink
                0x00005794      0x158 Project_Files/ff13c/source/ff.o
                0x00005794                f_unlink
 .text.f_mkdir  0x000058ec      0x1d8 Project_Files/ff13c/source/ff.o
                0x000058ec                f_mkdir
 .text.f_rename
                0x00005ac4      0x228 Project_Files/ff13c/source/ff.o
                0x00005ac4                f_rename
 .text          0x00005cec        0x0 Project_Files/ff13c/source/ffunicode.o
 .text          0x00005cec        0x0 Project_Files/ff13c/source/mmc_176x_ssp.o
 .text.xchg_spi
                0x00005cec       0x44 Project_Files/ff13c/source/mmc_176x_ssp.o
 .text.rcvr_spi_multi
                0x00005d30      0x138 Project_Files/ff13c/source/mmc_176x_ssp.o
 .text.xmit_spi_multi
                0x00005e68      0x138 Project_Files/ff13c/source/mmc_176x_ssp.o
 .text.wait_ready
                0x00005fa0       0x48 Project_Files/ff13c/source/mmc_176x_ssp.o
 .text.deselect
                0x00005fe8       0x1c Project_Files/ff13c/source/mmc_176x_ssp.o
 .text.select   0x00006004       0x3c Project_Files/ff13c/source/mmc_176x_ssp.o
 .text.power_on
                0x00006040      0x104 Project_Files/ff13c/source/mmc_176x_ssp.o
 .text.power_off
                0x00006144       0x10 Project_Files/ff13c/source/mmc_176x_ssp.o
 .text.rcvr_datablock
                0x00006154       0x6c Project_Files/ff13c/source/mmc_176x_ssp.o
 .text.xmit_datablock
                0x000061c0       0x74 Project_Files/ff13c/source/mmc_176x_ssp.o
 .text.send_cmd
                0x00006234       0xfc Project_Files/ff13c/source/mmc_176x_ssp.o
 .text.disk_initialize
                0x00006330      0x25c Project_Files/ff13c/source/mmc_176x_ssp.o
                0x00006330                disk_initialize
 .text.disk_status
                0x0000658c       0x30 Project_Files/ff13c/source/mmc_176x_ssp.o
                0x0000658c                disk_status
 .text.disk_read
                0x000065bc       0xd0 Project_Files/ff13c/source/mmc_176x_ssp.o
                0x000065bc                disk_read
 .text.disk_write
                0x0000668c      0x128 Project_Files/ff13c/source/mmc_176x_ssp.o
                0x0000668c                disk_write
 .text.disk_ioctl
                0x000067b4      0x578 Project_Files/ff13c/source/mmc_176x_ssp.o
                0x000067b4                disk_ioctl
 .text.disk_timerproc
                0x00006d2c       0xa4 Project_Files/ff13c/source/mmc_176x_ssp.o
                0x00006d2c                disk_timerproc
 .text          0x00006dd0        0x0 Project_Files/ff13c/source/diskio.o
 .text          0x00006dd0        0x0 /opt/york/cs/net/lpc1700-cmsis-lite-2011.01.26-i686-1/lib/core_cm3.o
 .text          0x00006dd0        0x0 /opt/york/cs/net/lpc1700-cmsis-lite-2011.01.26-i686-1/lib/system_LPC17xx.o
 .text.SystemCoreClockUpdate
                0x00006dd0      0x228 /opt/york/cs/net/lpc1700-cmsis-lite-2011.01.26-i686-1/lib/system_LPC17xx.o
                0x00006dd0                SystemCoreClockUpdate
 .text.SystemInit
                0x00006ff8      0x240 /opt/york/cs/net/lpc1700-cmsis-lite-2011.01.26-i686-1/lib/system_LPC17xx.o
                0x00006ff8                SystemInit
 .text          0x00007238       0x14 /opt/york/cs/net/lpc1700-cmsis-lite-2011.01.26-i686-1/lib/startup_LPC17xx.o
                0x00007238                NMI_Handler
                0x0000723a                HardFault_Handler
                0x0000723c                MemManage_Handler
                0x0000723e                BusFault_Handler
                0x00007240                UsageFault_Handler
                0x00007242                SVC_Handler
                0x00007244                DebugMon_Handler
                0x00007246                PendSV_Handler
                0x0000724a                TIMER2_IRQHandler
                0x0000724a                RIT_IRQHandler
                0x0000724a                I2C0_IRQHandler
                0x0000724a                USBActivity_IRQHandler
                0x0000724a                PWM1_IRQHandler
                0x0000724a                I2C1_IRQHandler
                0x0000724a                EINT2_IRQHandler
                0x0000724a                UART1_IRQHandler
                0x0000724a                CANActivity_IRQHandler
                0x0000724a                TIMER3_IRQHandler
                0x0000724a                PLL0_IRQHandler
                0x0000724a                CAN_IRQHandler
                0x0000724a                PLL1_IRQHandler
                0x0000724a                SSP0_IRQHandler
                0x0000724a                I2C2_IRQHandler
                0x0000724a                RTC_IRQHandler
                0x0000724a                TIMER0_IRQHandler
                0x0000724a                SPI_IRQHandler
                0x0000724a                EINT1_IRQHandler
                0x0000724a                TIMER1_IRQHandler
                0x0000724a                UART2_IRQHandler
                0x0000724a                Default_Handler
                0x0000724a                ADC_IRQHandler
                0x0000724a                SSP1_IRQHandler
                0x0000724a                USB_IRQHandler
                0x0000724a                BOD_IRQHandler
                0x0000724a                WDT_IRQHandler
                0x0000724a                QEI_IRQHandler
                0x0000724a                EINT0_IRQHandler
                0x0000724a                UART3_IRQHandler
                0x0000724a                MCPWM_IRQHandler
                0x0000724a                ENET_IRQHandler
 .text          0x0000724c       0x20 /opt/york/cs/net/sourcery-g++-lite-arm-eabi-2010.09.51-i686-1/arm-none-eabi/lib/thumb2/libc.a(lib_a-malloc.o)
                0x0000724c                malloc
                0x0000725c                free
 .text          0x0000726c      0x57c /opt/york/cs/net/sourcery-g++-lite-arm-eabi-2010.09.51-i686-1/arm-none-eabi/lib/thumb2/libc.a(lib_a-mallocr.o)
                0x0000726c                _malloc_r
 .text          0x000077e8        0x8 /opt/york/cs/net/sourcery-g++-lite-arm-eabi-2010.09.51-i686-1/arm-none-eabi/lib/thumb2/libc.a(lib_a-mlock.o)
                0x000077e8                __malloc_lock
                0x000077ec                __malloc_unlock
 .text          0x000077f0       0x28 /opt/york/cs/net/sourcery-g++-lite-arm-eabi-2010.09.51-i686-1/arm-none-eabi/lib/thumb2/libc.a(lib_a-sbrkr.o)
                0x000077f0                _sbrk_r
 .text          0x00007818       0x94 /opt/york/cs/net/sourcery-g++-lite-arm-eabi-2010.09.51-i686-1/arm-none-eabi/lib/thumb2/libc.a(lib_a-sprintf.o)
                0x00007818                _sprintf_r
                0x0000785c                sprintf
 .text          0x000078ac       0x60 /opt/york/cs/net/sourcery-g++-lite-arm-eabi-2010.09.51-i686-1/arm-none-eabi/lib/thumb2/libc.a(lib_a-strlen.o)
                0x000078ac                strlen
 .text          0x0000790c     0x1658 /opt/york/cs/net/sourcery-g++-lite-arm-eabi-2010.09.51-i686-1/arm-none-eabi/lib/thumb2/libc.a(lib_a-svfprintf.o)
                0x0000790c                _svfprintf_r
 *fill*         0x00008f64        0x4 00
 .text          0x00008f68     0x1000 /opt/york/cs/net/sourcery-g++-lite-arm-eabi-2010.09.51-i686-1/arm-none-eabi/lib/thumb2/libc.a(lib_a-dtoa.o)
                0x00009094                _dtoa_r
 .text          0x00009f68      0x240 /opt/york/cs/net/sourcery-g++-lite-arm-eabi-2010.09.51-i686-1/arm-none-eabi/lib/thumb2/libc.a(lib_a-freer.o)
                0x00009f68                _malloc_trim_r
                0x0000a010                _free_r
 .text          0x0000a1a8        0x0 /opt/york/cs/net/sourcery-g++-lite-arm-eabi-2010.09.51-i686-1/arm-none-eabi/lib/thumb2/libc.a(lib_a-impure.o)
 .text          0x0000a1a8       0xa0 /opt/york/cs/net/sourcery-g++-lite-arm-eabi-2010.09.51-i686-1/arm-none-eabi/lib/thumb2/libc.a(lib_a-locale.o)
                0x0000a1a8                _setlocale_r
                0x0000a204                __locale_charset
                0x0000a210                __locale_mb_cur_max
                0x0000a21c                __locale_msgcharset
                0x0000a224                __locale_cjk_lang
                0x0000a228                _localeconv_r
                0x0000a230                setlocale
                0x0000a240                localeconv
 .text          0x0000a248       0x88 /opt/york/cs/net/sourcery-g++-lite-arm-eabi-2010.09.51-i686-1/arm-none-eabi/lib/thumb2/libc.a(lib_a-memchr.o)
                0x0000a248                memchr
 .text          0x0000a2d0      0x150 /opt/york/cs/net/sourcery-g++-lite-arm-eabi-2010.09.51-i686-1/arm-none-eabi/lib/thumb2/libc.a(lib_a-memcpy.o)
                0x0000a2d0                memcpy
 .text          0x0000a420      0x920 /opt/york/cs/net/sourcery-g++-lite-arm-eabi-2010.09.51-i686-1/arm-none-eabi/lib/thumb2/libc.a(lib_a-mprec.o)
                0x0000a420                _Balloc
                0x0000a488                _Bfree
                0x0000a4c0                __multadd
                0x0000a544                __s2b
                0x0000a5d8                __hi0bits
                0x0000a618                __lo0bits
                0x0000a67c                __i2b
                0x0000a690                __multiply
                0x0000a7b8                __pow5mult
                0x0000a85c                __lshift
                0x0000a908                __mcmp
                0x0000a944                __mdiff
                0x0000aa3c                __ulp
                0x0000aa84                __b2d
                0x0000ab30                __d2b
                0x0000abf8                __ratio
                0x0000ac68                _mprec_log10
                0x0000ac9c                __copybits
                0x0000ace4                __any_on
 .text          0x0000ad40      0x114 /opt/york/cs/net/sourcery-g++-lite-arm-eabi-2010.09.51-i686-1/arm-none-eabi/lib/thumb2/libc.a(lib_a-reent.o)
                0x0000ad40                cleanup_glue
                0x0000ad5c                _reclaim_reent
                0x0000ae1c                _wrapup_reent
 .text          0x0000ae54       0x90 /opt/york/cs/net/sourcery-g++-lite-arm-eabi-2010.09.51-i686-1/arm-none-eabi/lib/thumb2/libc.a(lib_a-s_fpclassify.o)
                0x0000ae54                __fpclassifyd
 .text          0x0000aee4      0x1dc /opt/york/cs/net/sourcery-g++-lite-arm-eabi-2010.09.51-i686-1/arm-none-eabi/lib/thumb2/libc.a(lib_a-strcmp.o)
                0x0000aee4                strcmp
 .text          0x0000b0c0      0xbe4 /opt/york/cs/net/sourcery-g++-lite-arm-eabi-2010.09.51-i686-1/arm-none-eabi/lib/thumb2/libc.a(lib_a-svfiprintf.o)
                0x0000b0c0                __ssprint_r
                0x0000b1c8                _svfiprintf_r
 .text          0x0000bca4       0x5c /opt/york/cs/net/sourcery-g++-lite-arm-eabi-2010.09.51-i686-1/arm-none-eabi/lib/thumb2/libc.a(lib_a-callocr.o)
                0x0000bca4                _calloc_r
 .text          0x0000bd00       0xa0 /opt/york/cs/net/sourcery-g++-lite-arm-eabi-2010.09.51-i686-1/arm-none-eabi/lib/thumb2/libc.a(lib_a-memmove.o)
                0x0000bd00                memmove
 .text          0x0000bda0       0xb4 /opt/york/cs/net/sourcery-g++-lite-arm-eabi-2010.09.51-i686-1/arm-none-eabi/lib/thumb2/libc.a(lib_a-memset.o)
                0x0000bda0                memset
 .text          0x0000be54      0x41c /opt/york/cs/net/sourcery-g++-lite-arm-eabi-2010.09.51-i686-1/arm-none-eabi/lib/thumb2/libc.a(lib_a-reallocr.o)
                0x0000be54                _realloc_r
 .text          0x0000c270      0x278 /opt/york/cs/net/sourcery-g++-lite-arm-eabi-2010.09.51-i686-1/bin/../lib/gcc/arm-none-eabi/4.5.1/thumb2/libgcc.a(_udivsi3.o)
                0x0000c270                __udivsi3
                0x0000c270                __aeabi_uidiv
                0x0000c4cc                __aeabi_uidivmod
 .text          0x0000c4e8        0x4 /opt/york/cs/net/sourcery-g++-lite-arm-eabi-2010.09.51-i686-1/bin/../lib/gcc/arm-none-eabi/4.5.1/thumb2/libgcc.a(_dvmd_tls.o)
                0x0000c4e8                __aeabi_ldiv0
                0x0000c4e8                __aeabi_idiv0
 .text          0x0000c4ec      0x370 /opt/york/cs/net/sourcery-g++-lite-arm-eabi-2010.09.51-i686-1/bin/../lib/gcc/arm-none-eabi/4.5.1/thumb2/libgcc.a(_arm_addsubdf3.o)
                0x0000c4ec                __aeabi_drsub
                0x0000c4f4                __aeabi_dsub
                0x0000c4f4                __subdf3
                0x0000c4f8                __adddf3
                0x0000c4f8                __aeabi_dadd
                0x0000c770                __aeabi_ui2d
                0x0000c770                __floatunsidf
                0x0000c790                __floatsidf
                0x0000c790                __aeabi_i2d
                0x0000c7b4                __extendsfdf2
                0x0000c7b4                __aeabi_f2d
                0x0000c7f0                __aeabi_ul2d
                0x0000c7f0                __floatundidf
                0x0000c800                __floatdidf
                0x0000c800                __aeabi_l2d
 .text          0x0000c85c      0x424 /opt/york/cs/net/sourcery-g++-lite-arm-eabi-2010.09.51-i686-1/bin/../lib/gcc/arm-none-eabi/4.5.1/thumb2/libgcc.a(_arm_muldivdf3.o)
                0x0000c85c                __aeabi_dmul
                0x0000c85c                __muldf3
                0x0000cab0                __aeabi_ddiv
                0x0000cab0                __divdf3
 .text          0x0000cc80      0x110 /opt/york/cs/net/sourcery-g++-lite-arm-eabi-2010.09.51-i686-1/bin/../lib/gcc/arm-none-eabi/4.5.1/thumb2/libgcc.a(_arm_cmpdf2.o)
                0x0000cc80                __gtdf2
                0x0000cc80                __gedf2
                0x0000cc88                __ltdf2
                0x0000cc88                __ledf2
                0x0000cc90                __cmpdf2
                0x0000cc90                __eqdf2
                0x0000cc90                __nedf2
                0x0000cd0c                __aeabi_cdrcmple
                0x0000cd1c                __aeabi_cdcmple
                0x0000cd1c                __aeabi_cdcmpeq
                0x0000cd2c                __aeabi_dcmpeq
                0x0000cd40                __aeabi_dcmplt
                0x0000cd54                __aeabi_dcmple
                0x0000cd68                __aeabi_dcmpge
                0x0000cd7c                __aeabi_dcmpgt
 .text          0x0000cd90       0x50 /opt/york/cs/net/sourcery-g++-lite-arm-eabi-2010.09.51-i686-1/bin/../lib/gcc/arm-none-eabi/4.5.1/thumb2/libgcc.a(_arm_fixdfsi.o)
                0x0000cd90                __fixdfsi
                0x0000cd90                __aeabi_d2iz
 .text          0x0000cde0       0x2c /opt/york/cs/net/sourcery-g++-lite-arm-eabi-2010.09.51-i686-1/bin/../lib/gcc/arm-none-eabi/4.5.1/thumb2/libgcc.a(_aeabi_uldivmod.o)
                0x0000cde0                __aeabi_uldivmod
 .text          0x0000ce0c       0x60 /opt/york/cs/net/sourcery-g++-lite-arm-eabi-2010.09.51-i686-1/bin/../lib/gcc/arm-none-eabi/4.5.1/thumb2/libgcc.a(bpabi.o)
                0x0000ce0c                __gnu_ldivmod_helper
                0x0000ce3c                __gnu_uldivmod_helper
 .text          0x0000ce6c      0x364 /opt/york/cs/net/sourcery-g++-lite-arm-eabi-2010.09.51-i686-1/bin/../lib/gcc/arm-none-eabi/4.5.1/thumb2/libgcc.a(_divdi3.o)
                0x0000ce6c                __divdi3
 .text          0x0000d1d0      0x314 /opt/york/cs/net/sourcery-g++-lite-arm-eabi-2010.09.51-i686-1/bin/../lib/gcc/arm-none-eabi/4.5.1/thumb2/libgcc.a(_udivdi3.o)
                0x0000d1d0                __udivdi3
 .text          0x0000d4e4       0x30 /opt/york/cs/net/sourcery-g++-lite-arm-eabi-2010.09.51-i686-1/arm-none-eabi/lib/thumb2/libcs3.a(start_c.o)
                0x0000d4e4                __cs3_premain
 .text.cs3.init
                0x0000d514       0x50 /opt/york/cs/net/sourcery-g++-lite-arm-eabi-2010.09.51-i686-1/arm-none-eabi/lib/thumb2/libcs3.a(start_c.o)
                0x0000d514                __cs3_start_c
 .text          0x0000d564       0x40 /opt/york/cs/net/sourcery-g++-lite-arm-eabi-2010.09.51-i686-1/arm-none-eabi/lib/thumb2/libcs3unhosted.a(unhosted-sbrk.o)
                0x0000d564                _sbrk
 .text          0x0000d5a4        0x0 /opt/york/cs/net/sourcery-g++-lite-arm-eabi-2010.09.51-i686-1/arm-none-eabi/lib/thumb2/libcs3unhosted.a(unhosted-start.o)
 .text.cs3.init
                0x0000d5a4       0x10 /opt/york/cs/net/sourcery-g++-lite-arm-eabi-2010.09.51-i686-1/arm-none-eabi/lib/thumb2/libcs3unhosted.a(unhosted-start.o)
                0x0000d5a4                _start
 .text          0x0000d5b4        0xc /opt/york/cs/net/sourcery-g++-lite-arm-eabi-2010.09.51-i686-1/arm-none-eabi/lib/thumb2/libc.a(lib_a-errno.o)
                0x0000d5b4                __errno
 .text          0x0000d5c0       0x50 /opt/york/cs/net/sourcery-g++-lite-arm-eabi-2010.09.51-i686-1/arm-none-eabi/lib/thumb2/libc.a(lib_a-init.o)
                0x0000d5c0                __libc_init_array
 .text          0x0000d610        0x0 /opt/york/cs/net/sourcery-g++-lite-arm-eabi-2010.09.51-i686-1/arm-none-eabi/lib/thumb2/libcs3.a(heap.o)
 .text          0x0000d610        0x0 /opt/york/cs/net/lpc1700-cmsis-lite-2011.01.26-i686-1/lib/libDriversLPC17xxgnu.a(lpc17xx_gpdma.o)
 .text.GPDMA_Init
                0x0000d610       0xa0 /opt/york/cs/net/lpc1700-cmsis-lite-2011.01.26-i686-1/lib/libDriversLPC17xxgnu.a(lpc17xx_gpdma.o)
                0x0000d610                GPDMA_Init
 .text.GPDMA_Setup
                0x0000d6b0      0x41c /opt/york/cs/net/lpc1700-cmsis-lite-2011.01.26-i686-1/lib/libDriversLPC17xxgnu.a(lpc17xx_gpdma.o)
                0x0000d6b0                GPDMA_Setup
 .text.GPDMA_ChannelCmd
                0x0000dacc       0x48 /opt/york/cs/net/lpc1700-cmsis-lite-2011.01.26-i686-1/lib/libDriversLPC17xxgnu.a(lpc17xx_gpdma.o)
                0x0000dacc                GPDMA_ChannelCmd
 .text.GPDMA_IntGetStatus
                0x0000db14      0x194 /opt/york/cs/net/lpc1700-cmsis-lite-2011.01.26-i686-1/lib/libDriversLPC17xxgnu.a(lpc17xx_gpdma.o)
                0x0000db14                GPDMA_IntGetStatus
 .text.GPDMA_ClearIntPending
                0x0000dca8       0x80 /opt/york/cs/net/lpc1700-cmsis-lite-2011.01.26-i686-1/lib/libDriversLPC17xxgnu.a(lpc17xx_gpdma.o)
                0x0000dca8                GPDMA_ClearIntPending
 .text          0x0000dd28        0x0 /opt/york/cs/net/lpc1700-cmsis-lite-2011.01.26-i686-1/lib/libDriversLPC17xxgnu.a(lpc17xx_i2c.o)
 .text.NVIC_EnableIRQ
                0x0000dd28       0x38 /opt/york/cs/net/lpc1700-cmsis-lite-2011.01.26-i686-1/lib/libDriversLPC17xxgnu.a(lpc17xx_i2c.o)
 .text.NVIC_DisableIRQ
                0x0000dd60       0x3c /opt/york/cs/net/lpc1700-cmsis-lite-2011.01.26-i686-1/lib/libDriversLPC17xxgnu.a(lpc17xx_i2c.o)
 .text.I2C_getNum
                0x0000dd9c       0x54 /opt/york/cs/net/lpc1700-cmsis-lite-2011.01.26-i686-1/lib/libDriversLPC17xxgnu.a(lpc17xx_i2c.o)
 .text.I2C_Start
                0x0000ddf0       0x44 /opt/york/cs/net/lpc1700-cmsis-lite-2011.01.26-i686-1/lib/libDriversLPC17xxgnu.a(lpc17xx_i2c.o)
 .text.I2C_Stop
                0x0000de34       0x38 /opt/york/cs/net/lpc1700-cmsis-lite-2011.01.26-i686-1/lib/libDriversLPC17xxgnu.a(lpc17xx_i2c.o)
 .text.I2C_SendByte
                0x0000de6c       0x50 /opt/york/cs/net/lpc1700-cmsis-lite-2011.01.26-i686-1/lib/libDriversLPC17xxgnu.a(lpc17xx_i2c.o)
 .text.I2C_GetByte
                0x0000debc       0x5c /opt/york/cs/net/lpc1700-cmsis-lite-2011.01.26-i686-1/lib/libDriversLPC17xxgnu.a(lpc17xx_i2c.o)
 .text.I2C_SetClock
                0x0000df18       0xc8 /opt/york/cs/net/lpc1700-cmsis-lite-2011.01.26-i686-1/lib/libDriversLPC17xxgnu.a(lpc17xx_i2c.o)
 .text.I2C_Init
                0x0000dfe0       0xd8 /opt/york/cs/net/lpc1700-cmsis-lite-2011.01.26-i686-1/lib/libDriversLPC17xxgnu.a(lpc17xx_i2c.o)
                0x0000dfe0                I2C_Init
 .text.I2C_DeInit
                0x0000e0b8       0xa4 /opt/york/cs/net/lpc1700-cmsis-lite-2011.01.26-i686-1/lib/libDriversLPC17xxgnu.a(lpc17xx_i2c.o)
                0x0000e0b8                I2C_DeInit
 .text.I2C_Cmd  0x0000e15c       0x84 /opt/york/cs/net/lpc1700-cmsis-lite-2011.01.26-i686-1/lib/libDriversLPC17xxgnu.a(lpc17xx_i2c.o)
                0x0000e15c                I2C_Cmd
 .text.I2C_IntCmd
                0x0000e1e0       0xa8 /opt/york/cs/net/lpc1700-cmsis-lite-2011.01.26-i686-1/lib/libDriversLPC17xxgnu.a(lpc17xx_i2c.o)
                0x0000e1e0                I2C_IntCmd
 .text.I2C_MasterHandler
                0x0000e288      0x3d8 /opt/york/cs/net/lpc1700-cmsis-lite-2011.01.26-i686-1/lib/libDriversLPC17xxgnu.a(lpc17xx_i2c.o)
                0x0000e288                I2C_MasterHandler
 .text.I2C_SlaveHandler
                0x0000e660      0x1d8 /opt/york/cs/net/lpc1700-cmsis-lite-2011.01.26-i686-1/lib/libDriversLPC17xxgnu.a(lpc17xx_i2c.o)
                0x0000e660                I2C_SlaveHandler
 .text.I2C_MasterTransferData
                0x0000e838      0x33c /opt/york/cs/net/lpc1700-cmsis-lite-2011.01.26-i686-1/lib/libDriversLPC17xxgnu.a(lpc17xx_i2c.o)
                0x0000e838                I2C_MasterTransferData
 .text.I2C_SlaveTransferData
                0x0000eb74      0x268 /opt/york/cs/net/lpc1700-cmsis-lite-2011.01.26-i686-1/lib/libDriversLPC17xxgnu.a(lpc17xx_i2c.o)
                0x0000eb74                I2C_SlaveTransferData
 .text.I2C_SetOwnSlaveAddr
                0x0000eddc      0x118 /opt/york/cs/net/lpc1700-cmsis-lite-2011.01.26-i686-1/lib/libDriversLPC17xxgnu.a(lpc17xx_i2c.o)
                0x0000eddc                I2C_SetOwnSlaveAddr
 .text.I2C_MonitorModeConfig
                0x0000eef4       0x9c /opt/york/cs/net/lpc1700-cmsis-lite-2011.01.26-i686-1/lib/libDriversLPC17xxgnu.a(lpc17xx_i2c.o)
                0x0000eef4                I2C_MonitorModeConfig
 .text.I2C_MonitorModeCmd
                0x0000ef90       0xb0 /opt/york/cs/net/lpc1700-cmsis-lite-2011.01.26-i686-1/lib/libDriversLPC17xxgnu.a(lpc17xx_i2c.o)
                0x0000ef90                I2C_MonitorModeCmd
 .text.I2C_MonitorGetDatabuffer
                0x0000f040       0x54 /opt/york/cs/net/lpc1700-cmsis-lite-2011.01.26-i686-1/lib/libDriversLPC17xxgnu.a(lpc17xx_i2c.o)
                0x0000f040                I2C_MonitorGetDatabuffer
 .text.I2C_MonitorHandler
                0x0000f094       0x6c /opt/york/cs/net/lpc1700-cmsis-lite-2011.01.26-i686-1/lib/libDriversLPC17xxgnu.a(lpc17xx_i2c.o)
                0x0000f094                I2C_MonitorHandler
 .text.I2C_MasterTransferComplete
                0x0000f100       0x40 /opt/york/cs/net/lpc1700-cmsis-lite-2011.01.26-i686-1/lib/libDriversLPC17xxgnu.a(lpc17xx_i2c.o)
                0x0000f100                I2C_MasterTransferComplete
 .text.I2C_SlaveTransferComplete
                0x0000f140       0x40 /opt/york/cs/net/lpc1700-cmsis-lite-2011.01.26-i686-1/lib/libDriversLPC17xxgnu.a(lpc17xx_i2c.o)
                0x0000f140                I2C_SlaveTransferComplete
 .text          0x0000f180        0x0 /opt/york/cs/net/lpc1700-cmsis-lite-2011.01.26-i686-1/lib/libDriversLPC17xxgnu.a(lpc17xx_i2s.o)
 .text.i2s_GetWordWidth
                0x0000f180       0x8c /opt/york/cs/net/lpc1700-cmsis-lite-2011.01.26-i686-1/lib/libDriversLPC17xxgnu.a(lpc17xx_i2s.o)
 .text.i2s_GetChannel
                0x0000f20c       0x84 /opt/york/cs/net/lpc1700-cmsis-lite-2011.01.26-i686-1/lib/libDriversLPC17xxgnu.a(lpc17xx_i2s.o)
 .text.I2S_Init
                0x0000f290       0x54 /opt/york/cs/net/lpc1700-cmsis-lite-2011.01.26-i686-1/lib/libDriversLPC17xxgnu.a(lpc17xx_i2s.o)
                0x0000f290                I2S_Init
 .text.I2S_Config
                0x0000f2e4      0x168 /opt/york/cs/net/lpc1700-cmsis-lite-2011.01.26-i686-1/lib/libDriversLPC17xxgnu.a(lpc17xx_i2s.o)
                0x0000f2e4                I2S_Config
 .text.I2S_DeInit
                0x0000f44c       0x3c /opt/york/cs/net/lpc1700-cmsis-lite-2011.01.26-i686-1/lib/libDriversLPC17xxgnu.a(lpc17xx_i2s.o)
                0x0000f44c                I2S_DeInit
 .text.I2S_GetLevel
                0x0000f488       0x6c /opt/york/cs/net/lpc1700-cmsis-lite-2011.01.26-i686-1/lib/libDriversLPC17xxgnu.a(lpc17xx_i2s.o)
                0x0000f488                I2S_GetLevel
 .text.I2S_Start
                0x0000f4f4       0x50 /opt/york/cs/net/lpc1700-cmsis-lite-2011.01.26-i686-1/lib/libDriversLPC17xxgnu.a(lpc17xx_i2s.o)
                0x0000f4f4                I2S_Start
 .text.I2S_Send
                0x0000f544       0x38 /opt/york/cs/net/lpc1700-cmsis-lite-2011.01.26-i686-1/lib/libDriversLPC17xxgnu.a(lpc17xx_i2s.o)
                0x0000f544                I2S_Send
 .text.I2S_Receive
                0x0000f57c       0x34 /opt/york/cs/net/lpc1700-cmsis-lite-2011.01.26-i686-1/lib/libDriversLPC17xxgnu.a(lpc17xx_i2s.o)
                0x0000f57c                I2S_Receive
 .text.I2S_Pause
                0x0000f5b0       0x70 /opt/york/cs/net/lpc1700-cmsis-lite-2011.01.26-i686-1/lib/libDriversLPC17xxgnu.a(lpc17xx_i2s.o)
                0x0000f5b0                I2S_Pause
 .text.I2S_Mute
                0x0000f620       0x70 /opt/york/cs/net/lpc1700-cmsis-lite-2011.01.26-i686-1/lib/libDriversLPC17xxgnu.a(lpc17xx_i2s.o)
                0x0000f620                I2S_Mute
 .text.I2S_Stop
                0x0000f690       0x94 /opt/york/cs/net/lpc1700-cmsis-lite-2011.01.26-i686-1/lib/libDriversLPC17xxgnu.a(lpc17xx_i2s.o)
                0x0000f690                I2S_Stop
 .text.I2S_FreqConfig
                0x0000f724      0x110 /opt/york/cs/net/lpc1700-cmsis-lite-2011.01.26-i686-1/lib/libDriversLPC17xxgnu.a(lpc17xx_i2s.o)
                0x0000f724                I2S_FreqConfig
 .text.I2S_SetBitRate
                0x0000f834       0x7c /opt/york/cs/net/lpc1700-cmsis-lite-2011.01.26-i686-1/lib/libDriversLPC17xxgnu.a(lpc17xx_i2s.o)
                0x0000f834                I2S_SetBitRate
 .text.I2S_ModeConfig
                0x0000f8b0      0x148 /opt/york/cs/net/lpc1700-cmsis-lite-2011.01.26-i686-1/lib/libDriversLPC17xxgnu.a(lpc17xx_i2s.o)
                0x0000f8b0                I2S_ModeConfig
 .text.I2S_DMAConfig
                0x0000f9f8       0xd4 /opt/york/cs/net/lpc1700-cmsis-lite-2011.01.26-i686-1/lib/libDriversLPC17xxgnu.a(lpc17xx_i2s.o)
                0x0000f9f8                I2S_DMAConfig
 .text.I2S_DMACmd
                0x0000facc      0x120 /opt/york/cs/net/lpc1700-cmsis-lite-2011.01.26-i686-1/lib/libDriversLPC17xxgnu.a(lpc17xx_i2s.o)
                0x0000facc                I2S_DMACmd
 .text.I2S_IRQConfig
                0x0000fbec       0x80 /opt/york/cs/net/lpc1700-cmsis-lite-2011.01.26-i686-1/lib/libDriversLPC17xxgnu.a(lpc17xx_i2s.o)
                0x0000fbec                I2S_IRQConfig
 .text.I2S_IRQCmd
                0x0000fc6c       0x9c /opt/york/cs/net/lpc1700-cmsis-lite-2011.01.26-i686-1/lib/libDriversLPC17xxgnu.a(lpc17xx_i2s.o)
                0x0000fc6c                I2S_IRQCmd
 .text.I2S_GetIRQStatus
                0x0000fd08       0x58 /opt/york/cs/net/lpc1700-cmsis-lite-2011.01.26-i686-1/lib/libDriversLPC17xxgnu.a(lpc17xx_i2s.o)
                0x0000fd08                I2S_GetIRQStatus
 .text.I2S_GetIRQDepth
                0x0000fd60       0x50 /opt/york/cs/net/lpc1700-cmsis-lite-2011.01.26-i686-1/lib/libDriversLPC17xxgnu.a(lpc17xx_i2s.o)
                0x0000fd60                I2S_GetIRQDepth
 .text          0x0000fdb0        0x0 /opt/york/cs/net/lpc1700-cmsis-lite-2011.01.26-i686-1/lib/libDriversLPC17xxgnu.a(lpc17xx_libcfg_default.o)
 .text.check_failed
                0x0000fdb0        0xc /opt/york/cs/net/lpc1700-cmsis-lite-2011.01.26-i686-1/lib/libDriversLPC17xxgnu.a(lpc17xx_libcfg_default.o)
                0x0000fdb0                check_failed
 .text          0x0000fdbc        0x0 /opt/york/cs/net/lpc1700-cmsis-lite-2011.01.26-i686-1/lib/libDriversLPC17xxgnu.a(lpc17xx_pinsel.o)
 .text.set_PinFunc
                0x0000fdbc       0xa0 /opt/york/cs/net/lpc1700-cmsis-lite-2011.01.26-i686-1/lib/libDriversLPC17xxgnu.a(lpc17xx_pinsel.o)
 .text.set_ResistorMode
                0x0000fe5c       0xa0 /opt/york/cs/net/lpc1700-cmsis-lite-2011.01.26-i686-1/lib/libDriversLPC17xxgnu.a(lpc17xx_pinsel.o)
 .text.set_OpenDrainMode
                0x0000fefc       0x80 /opt/york/cs/net/lpc1700-cmsis-lite-2011.01.26-i686-1/lib/libDriversLPC17xxgnu.a(lpc17xx_pinsel.o)
 .text.PINSEL_ConfigTraceFunc
                0x0000ff7c       0x54 /opt/york/cs/net/lpc1700-cmsis-lite-2011.01.26-i686-1/lib/libDriversLPC17xxgnu.a(lpc17xx_pinsel.o)
                0x0000ff7c                PINSEL_ConfigTraceFunc
 .text.PINSEL_SetI2C0Pins
                0x0000ffd0       0x3c /opt/york/cs/net/lpc1700-cmsis-lite-2011.01.26-i686-1/lib/libDriversLPC17xxgnu.a(lpc17xx_pinsel.o)
                0x0000ffd0                PINSEL_SetI2C0Pins
 .text.PINSEL_ConfigPin
                0x0001000c       0x54 /opt/york/cs/net/lpc1700-cmsis-lite-2011.01.26-i686-1/lib/libDriversLPC17xxgnu.a(lpc17xx_pinsel.o)
                0x0001000c                PINSEL_ConfigPin
 .text          0x00010060        0x0 /opt/york/cs/net/lpc1700-cmsis-lite-2011.01.26-i686-1/lib/libDriversLPC17xxgnu.a(lpc17xx_uart.o)
 .text.uart_set_divisors
                0x00010060      0x26c /opt/york/cs/net/lpc1700-cmsis-lite-2011.01.26-i686-1/lib/libDriversLPC17xxgnu.a(lpc17xx_uart.o)
 .text.UART_Init
                0x000102cc      0x368 /opt/york/cs/net/lpc1700-cmsis-lite-2011.01.26-i686-1/lib/libDriversLPC17xxgnu.a(lpc17xx_uart.o)
                0x000102cc                UART_Init
 .text.UART_DeInit
                0x00010634       0xcc /opt/york/cs/net/lpc1700-cmsis-lite-2011.01.26-i686-1/lib/libDriversLPC17xxgnu.a(lpc17xx_uart.o)
                0x00010634                UART_DeInit
 .text.UART_ConfigStructInit
                0x00010700       0x34 /opt/york/cs/net/lpc1700-cmsis-lite-2011.01.26-i686-1/lib/libDriversLPC17xxgnu.a(lpc17xx_uart.o)
                0x00010700                UART_ConfigStructInit
 .text.UART_SendByte
                0x00010734       0x78 /opt/york/cs/net/lpc1700-cmsis-lite-2011.01.26-i686-1/lib/libDriversLPC17xxgnu.a(lpc17xx_uart.o)
                0x00010734                UART_SendByte
 .text.UART_ReceiveByte
                0x000107ac       0x78 /opt/york/cs/net/lpc1700-cmsis-lite-2011.01.26-i686-1/lib/libDriversLPC17xxgnu.a(lpc17xx_uart.o)
                0x000107ac                UART_ReceiveByte
 .text.UART_Send
                0x00010824      0x10c /opt/york/cs/net/lpc1700-cmsis-lite-2011.01.26-i686-1/lib/libDriversLPC17xxgnu.a(lpc17xx_uart.o)
                0x00010824                UART_Send
 .text.UART_Receive
                0x00010930       0xd8 /opt/york/cs/net/lpc1700-cmsis-lite-2011.01.26-i686-1/lib/libDriversLPC17xxgnu.a(lpc17xx_uart.o)
                0x00010930                UART_Receive
 .text.UART_ForceBreak
                0x00010a08       0x88 /opt/york/cs/net/lpc1700-cmsis-lite-2011.01.26-i686-1/lib/libDriversLPC17xxgnu.a(lpc17xx_uart.o)
                0x00010a08                UART_ForceBreak
 .text.UART_IntConfig
                0x00010a90      0x1d0 /opt/york/cs/net/lpc1700-cmsis-lite-2011.01.26-i686-1/lib/libDriversLPC17xxgnu.a(lpc17xx_uart.o)
                0x00010a90                UART_IntConfig
 .text.UART_GetLineStatus
                0x00010c60       0x7c /opt/york/cs/net/lpc1700-cmsis-lite-2011.01.26-i686-1/lib/libDriversLPC17xxgnu.a(lpc17xx_uart.o)
                0x00010c60                UART_GetLineStatus
 .text.UART_GetIntId
                0x00010cdc       0x68 /opt/york/cs/net/lpc1700-cmsis-lite-2011.01.26-i686-1/lib/libDriversLPC17xxgnu.a(lpc17xx_uart.o)
                0x00010cdc                UART_GetIntId
 .text.UART_CheckBusy
                0x00010d44       0x2c /opt/york/cs/net/lpc1700-cmsis-lite-2011.01.26-i686-1/lib/libDriversLPC17xxgnu.a(lpc17xx_uart.o)
                0x00010d44                UART_CheckBusy
 .text.UART_FIFOConfig
                0x00010d70      0x184 /opt/york/cs/net/lpc1700-cmsis-lite-2011.01.26-i686-1/lib/libDriversLPC17xxgnu.a(lpc17xx_uart.o)
                0x00010d70                UART_FIFOConfig
 .text.UART_FIFOConfigStructInit
                0x00010ef4       0x34 /opt/york/cs/net/lpc1700-cmsis-lite-2011.01.26-i686-1/lib/libDriversLPC17xxgnu.a(lpc17xx_uart.o)
                0x00010ef4                UART_FIFOConfigStructInit
 .text.UART_ABCmd
                0x00010f28      0x15c /opt/york/cs/net/lpc1700-cmsis-lite-2011.01.26-i686-1/lib/libDriversLPC17xxgnu.a(lpc17xx_uart.o)
                0x00010f28                UART_ABCmd
 .text.UART_ABClearIntPending
                0x00011084       0x88 /opt/york/cs/net/lpc1700-cmsis-lite-2011.01.26-i686-1/lib/libDriversLPC17xxgnu.a(lpc17xx_uart.o)
                0x00011084                UART_ABClearIntPending
 .text.UART_TxCmd
                0x0001110c       0xe8 /opt/york/cs/net/lpc1700-cmsis-lite-2011.01.26-i686-1/lib/libDriversLPC17xxgnu.a(lpc17xx_uart.o)
                0x0001110c                UART_TxCmd
 .text.UART_IrDAInvtInputCmd
                0x000111f4       0x84 /opt/york/cs/net/lpc1700-cmsis-lite-2011.01.26-i686-1/lib/libDriversLPC17xxgnu.a(lpc17xx_uart.o)
                0x000111f4                UART_IrDAInvtInputCmd
 .text.UART_IrDACmd
                0x00011278       0x80 /opt/york/cs/net/lpc1700-cmsis-lite-2011.01.26-i686-1/lib/libDriversLPC17xxgnu.a(lpc17xx_uart.o)
                0x00011278                UART_IrDACmd
 .text.UART_IrDAPulseDivConfig
                0x000112f8       0xac /opt/york/cs/net/lpc1700-cmsis-lite-2011.01.26-i686-1/lib/libDriversLPC17xxgnu.a(lpc17xx_uart.o)
                0x000112f8                UART_IrDAPulseDivConfig
 .text.UART_FullModemForcePinState
                0x000113a4       0xcc /opt/york/cs/net/lpc1700-cmsis-lite-2011.01.26-i686-1/lib/libDriversLPC17xxgnu.a(lpc17xx_uart.o)
                0x000113a4                UART_FullModemForcePinState
 .text.UART_FullModemConfigMode
                0x00011470       0xd8 /opt/york/cs/net/lpc1700-cmsis-lite-2011.01.26-i686-1/lib/libDriversLPC17xxgnu.a(lpc17xx_uart.o)
                0x00011470                UART_FullModemConfigMode
 .text.UART_FullModemGetStatus
                0x00011548       0x38 /opt/york/cs/net/lpc1700-cmsis-lite-2011.01.26-i686-1/lib/libDriversLPC17xxgnu.a(lpc17xx_uart.o)
                0x00011548                UART_FullModemGetStatus
 .text.UART_RS485Config
                0x00011580      0x1bc /opt/york/cs/net/lpc1700-cmsis-lite-2011.01.26-i686-1/lib/libDriversLPC17xxgnu.a(lpc17xx_uart.o)
                0x00011580                UART_RS485Config
 .text.UART_RS485ReceiverCmd
                0x0001173c       0x48 /opt/york/cs/net/lpc1700-cmsis-lite-2011.01.26-i686-1/lib/libDriversLPC17xxgnu.a(lpc17xx_uart.o)
                0x0001173c                UART_RS485ReceiverCmd
 .text.UART_RS485Send
                0x00011784       0x84 /opt/york/cs/net/lpc1700-cmsis-lite-2011.01.26-i686-1/lib/libDriversLPC17xxgnu.a(lpc17xx_uart.o)
                0x00011784                UART_RS485Send
 .text.UART_RS485SendSlvAddr
                0x00011808       0x28 /opt/york/cs/net/lpc1700-cmsis-lite-2011.01.26-i686-1/lib/libDriversLPC17xxgnu.a(lpc17xx_uart.o)
                0x00011808                UART_RS485SendSlvAddr
 .text.UART_RS485SendData
                0x00011830       0x28 /opt/york/cs/net/lpc1700-cmsis-lite-2011.01.26-i686-1/lib/libDriversLPC17xxgnu.a(lpc17xx_uart.o)
                0x00011830                UART_RS485SendData
 .text          0x00011858        0x0 /opt/york/cs/net/lpc1700-cmsis-lite-2011.01.26-i686-1/lib/libDriversLPC17xxgnu.a(lpc17xx_clkpwr.o)
 .text.CLKPWR_SetPCLKDiv
                0x00011858       0xd4 /opt/york/cs/net/lpc1700-cmsis-lite-2011.01.26-i686-1/lib/libDriversLPC17xxgnu.a(lpc17xx_clkpwr.o)
                0x00011858                CLKPWR_SetPCLKDiv
 .text.CLKPWR_GetPCLKSEL
                0x0001192c       0x54 /opt/york/cs/net/lpc1700-cmsis-lite-2011.01.26-i686-1/lib/libDriversLPC17xxgnu.a(lpc17xx_clkpwr.o)
                0x0001192c                CLKPWR_GetPCLKSEL
 .text.CLKPWR_GetPCLK
                0x00011980       0x70 /opt/york/cs/net/lpc1700-cmsis-lite-2011.01.26-i686-1/lib/libDriversLPC17xxgnu.a(lpc17xx_clkpwr.o)
                0x00011980                CLKPWR_GetPCLK
 .text.CLKPWR_ConfigPPWR
                0x000119f0       0x80 /opt/york/cs/net/lpc1700-cmsis-lite-2011.01.26-i686-1/lib/libDriversLPC17xxgnu.a(lpc17xx_clkpwr.o)
                0x000119f0                CLKPWR_ConfigPPWR
 .text.CLKPWR_Sleep
                0x00011a70       0x1c /opt/york/cs/net/lpc1700-cmsis-lite-2011.01.26-i686-1/lib/libDriversLPC17xxgnu.a(lpc17xx_clkpwr.o)
                0x00011a70                CLKPWR_Sleep
 .text.CLKPWR_DeepSleep
                0x00011a8c       0x2c /opt/york/cs/net/lpc1700-cmsis-lite-2011.01.26-i686-1/lib/libDriversLPC17xxgnu.a(lpc17xx_clkpwr.o)
                0x00011a8c                CLKPWR_DeepSleep
 .text.CLKPWR_PowerDown
                0x00011ab8       0x2c /opt/york/cs/net/lpc1700-cmsis-lite-2011.01.26-i686-1/lib/libDriversLPC17xxgnu.a(lpc17xx_clkpwr.o)
                0x00011ab8                CLKPWR_PowerDown
 .text.CLKPWR_DeepPowerDown
                0x00011ae4       0x2c /opt/york/cs/net/lpc1700-cmsis-lite-2011.01.26-i686-1/lib/libDriversLPC17xxgnu.a(lpc17xx_clkpwr.o)
                0x00011ae4                CLKPWR_DeepPowerDown
 .text          0x00011b10        0x0 /opt/york/cs/net/sourcery-g++-lite-arm-eabi-2010.09.51-i686-1/bin/../lib/gcc/arm-none-eabi/4.5.1/thumb2/crtend.o
 .text          0x00011b10        0x0 /opt/york/cs/net/sourcery-g++-lite-arm-eabi-2010.09.51-i686-1/bin/../lib/gcc/arm-none-eabi/4.5.1/thumb2/crtn.o
 *(.plt)
 *(.gnu.warning)
 *(.glue_7t)
 .glue_7t       0x00000000        0x0 linker stubs
 *(.glue_7)
 .glue_7        0x00000000        0x0 linker stubs
 *(.vfp11_veneer)
 .vfp11_veneer  0x00000000        0x0 linker stubs
 *(.rodata .rodata.* .gnu.linkonce.r.*)
 .rodata        0x00011b10      0x170 main.o
 .rodata.C.0.2899
                0x00011c80       0x10 source/KeyAccess.o
 .rodata        0x00011c90       0x14 source/LCD.o
 .rodata.C.12.5109
                0x00011ca4        0x4 source/LCD.o
 .rodata.C.13.5110
                0x00011ca8       0x14 source/LCD.o
 .rodata.C.14.5111
                0x00011cbc        0xc source/LCD.o
 .rodata.C.1.2902
                0x00011cc8       0x14 source/TLV320.o
 .rodata.C.2.2903
                0x00011cdc       0x10 source/TLV320.o
 .rodata.C.3.2904
                0x00011cec        0x8 source/TLV320.o
 .rodata.C.4.2905
                0x00011cf4        0x8 source/TLV320.o
 .rodata.C.5.2906
                0x00011cfc        0x4 source/TLV320.o
 .rodata.DbcTbl
                0x00011d00        0xc Project_Files/ff13c/source/ff.o
 .rodata        0x00011d0c       0x1c Project_Files/ff13c/source/ff.o
 .rodata        0x00011d28       0x20 /opt/york/cs/net/sourcery-g++-lite-arm-eabi-2010.09.51-i686-1/arm-none-eabi/lib/thumb2/libc.a(lib_a-svfprintf.o)
 .rodata.str1.4
                0x00011d48       0x42 /opt/york/cs/net/sourcery-g++-lite-arm-eabi-2010.09.51-i686-1/arm-none-eabi/lib/thumb2/libc.a(lib_a-svfprintf.o)
                                 0x44 (size before relaxing)
 *fill*         0x00011d8a        0x2 00
 .rodata.str1.4
                0x00011d8c       0x10 /opt/york/cs/net/sourcery-g++-lite-arm-eabi-2010.09.51-i686-1/arm-none-eabi/lib/thumb2/libc.a(lib_a-dtoa.o)
                                 0x14 (size before relaxing)
 .rodata        0x00011d9c        0x4 /opt/york/cs/net/sourcery-g++-lite-arm-eabi-2010.09.51-i686-1/arm-none-eabi/lib/thumb2/libc.a(lib_a-impure.o)
                0x00011d9c                _global_impure_ptr
 .rodata.str1.4
                0x00011da0        0x2 /opt/york/cs/net/sourcery-g++-lite-arm-eabi-2010.09.51-i686-1/arm-none-eabi/lib/thumb2/libc.a(lib_a-impure.o)
                                  0x4 (size before relaxing)
 *fill*         0x00011da2        0x2 00
 .rodata.str1.4
                0x00011da4        0xc /opt/york/cs/net/sourcery-g++-lite-arm-eabi-2010.09.51-i686-1/arm-none-eabi/lib/thumb2/libc.a(lib_a-locale.o)
                                 0x14 (size before relaxing)
 .rodata        0x00011db0      0x128 /opt/york/cs/net/sourcery-g++-lite-arm-eabi-2010.09.51-i686-1/arm-none-eabi/lib/thumb2/libc.a(lib_a-mprec.o)
                0x00011dc0                __mprec_tens
                0x00011e88                __mprec_bigtens
                0x00011eb0                __mprec_tinytens
 .rodata        0x00011ed8       0x20 /opt/york/cs/net/sourcery-g++-lite-arm-eabi-2010.09.51-i686-1/arm-none-eabi/lib/thumb2/libc.a(lib_a-svfiprintf.o)
 .rodata.str1.4
                0x00000000       0x30 /opt/york/cs/net/sourcery-g++-lite-arm-eabi-2010.09.51-i686-1/arm-none-eabi/lib/thumb2/libc.a(lib_a-svfiprintf.o)
 .rodata.GPDMA_LUTPerAddr
                0x00011ef8       0x60 /opt/york/cs/net/lpc1700-cmsis-lite-2011.01.26-i686-1/lib/libDriversLPC17xxgnu.a(lpc17xx_gpdma.o)
                0x00011ef8                GPDMA_LUTPerAddr
 .rodata.GPDMA_LUTPerBurst
                0x00011f58       0x18 /opt/york/cs/net/lpc1700-cmsis-lite-2011.01.26-i686-1/lib/libDriversLPC17xxgnu.a(lpc17xx_gpdma.o)
                0x00011f58                GPDMA_LUTPerBurst
 .rodata.GPDMA_LUTPerWid
                0x00011f70       0x18 /opt/york/cs/net/lpc1700-cmsis-lite-2011.01.26-i686-1/lib/libDriversLPC17xxgnu.a(lpc17xx_gpdma.o)
                0x00011f70                GPDMA_LUTPerWid
 .rodata        0x00011f88       0x10 /opt/york/cs/net/lpc1700-cmsis-lite-2011.01.26-i686-1/lib/libDriversLPC17xxgnu.a(lpc17xx_gpdma.o)
 .rodata        0x00011f98       0x10 /opt/york/cs/net/lpc1700-cmsis-lite-2011.01.26-i686-1/lib/libDriversLPC17xxgnu.a(lpc17xx_i2c.o)
 .rodata        0x00011fa8       0x10 /opt/york/cs/net/lpc1700-cmsis-lite-2011.01.26-i686-1/lib/libDriversLPC17xxgnu.a(lpc17xx_i2s.o)
 .rodata        0x00011fb8       0x10 /opt/york/cs/net/lpc1700-cmsis-lite-2011.01.26-i686-1/lib/libDriversLPC17xxgnu.a(lpc17xx_uart.o)
 *(.ARM.extab* .gnu.linkonce.armextab.*)
 .ARM.extab.cs3.reset
                0x00011fc8        0x0 /opt/york/cs/net/lpc1700-cmsis-lite-2011.01.26-i686-1/lib/startup_LPC17xx.o
 .ARM.extab     0x00011fc8        0x0 /opt/york/cs/net/sourcery-g++-lite-arm-eabi-2010.09.51-i686-1/bin/../lib/gcc/arm-none-eabi/4.5.1/thumb2/libgcc.a(_divdi3.o)
 .ARM.extab     0x00011fc8        0x0 /opt/york/cs/net/sourcery-g++-lite-arm-eabi-2010.09.51-i686-1/bin/../lib/gcc/arm-none-eabi/4.5.1/thumb2/libgcc.a(_udivdi3.o)
 *(.gcc_except_table)
 *(.eh_frame_hdr)
 *(.eh_frame)
                0x00011fc8                . = ALIGN (0x4)
 *(.init)
 .init          0x00011fc8        0x4 /opt/york/cs/net/sourcery-g++-lite-arm-eabi-2010.09.51-i686-1/bin/../lib/gcc/arm-none-eabi/4.5.1/thumb2/crti.o
                0x00011fc8                _init
 .init          0x00011fcc        0x8 /opt/york/cs/net/sourcery-g++-lite-arm-eabi-2010.09.51-i686-1/bin/../lib/gcc/arm-none-eabi/4.5.1/thumb2/crtn.o
                0x00011fd4                . = ALIGN (0x4)
                0x00011fd4                __preinit_array_start = .
 *(.preinit_array)
                0x00011fd4                __preinit_array_end = .
                0x00011fd4                . = ALIGN (0x4)
                0x00011fd4                __init_array_start = .
 *(SORT(.init_array.*))
 *(.init_array)
 .init_array    0x00011fd4        0x4 /opt/york/cs/net/sourcery-g++-lite-arm-eabi-2010.09.51-i686-1/bin/../lib/gcc/arm-none-eabi/4.5.1/thumb2/crtbegin.o
                0x00011fd8                __init_array_end = .
                0x00011fd8                . = ALIGN (0x4)
 *crtbegin.o(.ctors)
 *(EXCLUDE_FILE(*crtend.o) .ctors)
 *(SORT(.ctors.*))
 *crtend.o(.ctors)
                0x00011fd8                . = ALIGN (0x4)
 *(.fini)
 .fini          0x00011fd8        0x4 /opt/york/cs/net/sourcery-g++-lite-arm-eabi-2010.09.51-i686-1/bin/../lib/gcc/arm-none-eabi/4.5.1/thumb2/crti.o
                0x00011fd8                _fini
 .fini          0x00011fdc        0x8 /opt/york/cs/net/sourcery-g++-lite-arm-eabi-2010.09.51-i686-1/bin/../lib/gcc/arm-none-eabi/4.5.1/thumb2/crtn.o
                0x00011fe4                . = ALIGN (0x4)
                0x00011fe4                __fini_array_start = .
 *(.fini_array)
 .fini_array    0x00011fe4        0x4 /opt/york/cs/net/sourcery-g++-lite-arm-eabi-2010.09.51-i686-1/bin/../lib/gcc/arm-none-eabi/4.5.1/thumb2/crtbegin.o
 *(SORT(.fini_array.*))
                0x00011fe8                __fini_array_end = .
 *crtbegin.o(.dtors)
 *(EXCLUDE_FILE(*crtend.o) .dtors)
 *(SORT(.dtors.*))
 *crtend.o(.dtors)
                0x00011fe8                . = ALIGN (0x4)
                0x00011fe8                __cs3_regions = .
                0x00011fe8        0x4 LONG 0x0
                0x00011fec        0x4 LONG 0x12008 __cs3_region_init_ram
                0x00011ff0        0x4 LONG 0x10000000 __cs3_region_start_ram
                0x00011ff4        0x4 LONG 0x600 __cs3_region_init_size_ram
                0x00011ff8        0x4 LONG 0x2e8 __cs3_region_zero_size_ram
                0x00011ffc                __exidx_start = .

.v4_bx          0x00011ffc        0x0
 .v4_bx         0x00000000        0x0 linker stubs

.ARM.exidx      0x00011ffc        0x8
 *(.ARM.exidx* .gnu.linkonce.armexidx.*)
 .ARM.exidx.cs3.reset
                0x00011ffc        0x8 /opt/york/cs/net/lpc1700-cmsis-lite-2011.01.26-i686-1/lib/startup_LPC17xx.o
 .ARM.exidx     0x00012004        0x0 /opt/york/cs/net/sourcery-g++-lite-arm-eabi-2010.09.51-i686-1/bin/../lib/gcc/arm-none-eabi/4.5.1/thumb2/libgcc.a(_divdi3.o)
                                  0x8 (size before relaxing)
 .ARM.exidx     0x00012004        0x0 /opt/york/cs/net/sourcery-g++-lite-arm-eabi-2010.09.51-i686-1/bin/../lib/gcc/arm-none-eabi/4.5.1/thumb2/libgcc.a(_udivdi3.o)
                                  0x8 (size before relaxing)
                0x00012004                __exidx_end = .

.text.align     0x00012004        0x4
                0x00012008                . = ALIGN (0x8)
 *fill*         0x00012004        0x4 00
                0x00012008                _etext = .
                0x00080000                __cs3_region_size_rom = 0x80000
                0x00000001                __cs3_region_num = 0x1

.data           0x10000000      0x600 load address 0x00012008
                0x10000000                __cs3_region_start_ram = .
 *(.cs3.region-head.ram)
 *(.jcr)
 .jcr           0x10000000        0x0 /opt/york/cs/net/sourcery-g++-lite-arm-eabi-2010.09.51-i686-1/bin/../lib/gcc/arm-none-eabi/4.5.1/thumb2/crtbegin.o
 .jcr           0x10000000        0x4 /opt/york/cs/net/sourcery-g++-lite-arm-eabi-2010.09.51-i686-1/bin/../lib/gcc/arm-none-eabi/4.5.1/thumb2/crtend.o
 *(.got.plt)
 *(.got)
 *(.shdata)
 *(.data .data.* .gnu.linkonce.d.*)
 .data          0x10000004        0x0 /opt/york/cs/net/sourcery-g++-lite-arm-eabi-2010.09.51-i686-1/bin/../lib/gcc/arm-none-eabi/4.5.1/thumb2/crti.o
 .data          0x10000004        0x4 /opt/york/cs/net/sourcery-g++-lite-arm-eabi-2010.09.51-i686-1/bin/../lib/gcc/arm-none-eabi/4.5.1/thumb2/crtbegin.o
                0x10000004                __dso_handle
 .data          0x10000008        0x0 main.o
 .data.MenuText
                0x10000008       0x1c main.o
                0x10000008                MenuText
 .data.menuFuncs
                0x10000024       0x28 main.o
                0x10000024                menuFuncs
 .data          0x1000004c        0x0 source/i2s_polling.o
 .data          0x1000004c        0x0 source/KeyAccess.o
 .data          0x1000004c        0x0 source/LCD.o
 .data          0x1000004c        0x0 source/i2s.o
 .data          0x1000004c        0x0 source/Delay.o
 .data          0x1000004c        0x0 source/SerialIO.o
 .data          0x1000004c        0x0 source/I2C.o
 .data          0x1000004c        0x0 source/TLV320.o
 .data          0x1000004c        0x0 Project_Files/ff13c/source/ffsystem.o
 .data          0x1000004c        0x0 Project_Files/ff13c/source/ff.o
 .data          0x1000004c        0x0 Project_Files/ff13c/source/ffunicode.o
 .data          0x1000004c        0x0 Project_Files/ff13c/source/mmc_176x_ssp.o
 .data.Stat     0x1000004c        0x1 Project_Files/ff13c/source/mmc_176x_ssp.o
 .data          0x1000004d        0x0 Project_Files/ff13c/source/diskio.o
 .data          0x1000004d        0x0 /opt/york/cs/net/lpc1700-cmsis-lite-2011.01.26-i686-1/lib/core_cm3.o
 .data          0x1000004d        0x0 /opt/york/cs/net/lpc1700-cmsis-lite-2011.01.26-i686-1/lib/system_LPC17xx.o
 *fill*         0x1000004d        0x3 00
 .data.SystemCoreClock
                0x10000050        0x4 /opt/york/cs/net/lpc1700-cmsis-lite-2011.01.26-i686-1/lib/system_LPC17xx.o
                0x10000050                SystemCoreClock
 .data          0x10000054        0x0 /opt/york/cs/net/lpc1700-cmsis-lite-2011.01.26-i686-1/lib/startup_LPC17xx.o
 .data          0x10000054        0x0 /opt/york/cs/net/sourcery-g++-lite-arm-eabi-2010.09.51-i686-1/arm-none-eabi/lib/thumb2/libc.a(lib_a-malloc.o)
 .data          0x10000054      0x410 /opt/york/cs/net/sourcery-g++-lite-arm-eabi-2010.09.51-i686-1/arm-none-eabi/lib/thumb2/libc.a(lib_a-mallocr.o)
                0x10000054                __malloc_av_
                0x1000045c                __malloc_sbrk_base
                0x10000460                __malloc_trim_threshold
 .data          0x10000464        0x0 /opt/york/cs/net/sourcery-g++-lite-arm-eabi-2010.09.51-i686-1/arm-none-eabi/lib/thumb2/libc.a(lib_a-mlock.o)
 .data          0x10000464        0x0 /opt/york/cs/net/sourcery-g++-lite-arm-eabi-2010.09.51-i686-1/arm-none-eabi/lib/thumb2/libc.a(lib_a-sbrkr.o)
 .data          0x10000464        0x0 /opt/york/cs/net/sourcery-g++-lite-arm-eabi-2010.09.51-i686-1/arm-none-eabi/lib/thumb2/libc.a(lib_a-sprintf.o)
 .data          0x10000464        0x0 /opt/york/cs/net/sourcery-g++-lite-arm-eabi-2010.09.51-i686-1/arm-none-eabi/lib/thumb2/libc.a(lib_a-strlen.o)
 .data          0x10000464        0x0 /opt/york/cs/net/sourcery-g++-lite-arm-eabi-2010.09.51-i686-1/arm-none-eabi/lib/thumb2/libc.a(lib_a-svfprintf.o)
 .data          0x10000464        0x0 /opt/york/cs/net/sourcery-g++-lite-arm-eabi-2010.09.51-i686-1/arm-none-eabi/lib/thumb2/libc.a(lib_a-dtoa.o)
 .data          0x10000464        0x0 /opt/york/cs/net/sourcery-g++-lite-arm-eabi-2010.09.51-i686-1/arm-none-eabi/lib/thumb2/libc.a(lib_a-freer.o)
 .data          0x10000464       0xf4 /opt/york/cs/net/sourcery-g++-lite-arm-eabi-2010.09.51-i686-1/arm-none-eabi/lib/thumb2/libc.a(lib_a-impure.o)
                0x10000464                _impure_ptr
 .data          0x10000558       0x7c /opt/york/cs/net/sourcery-g++-lite-arm-eabi-2010.09.51-i686-1/arm-none-eabi/lib/thumb2/libc.a(lib_a-locale.o)
                0x10000578                __mb_cur_max
 .data          0x100005d4        0x0 /opt/york/cs/net/sourcery-g++-lite-arm-eabi-2010.09.51-i686-1/arm-none-eabi/lib/thumb2/libc.a(lib_a-memchr.o)
 .data          0x100005d4        0x0 /opt/york/cs/net/sourcery-g++-lite-arm-eabi-2010.09.51-i686-1/arm-none-eabi/lib/thumb2/libc.a(lib_a-memcpy.o)
 .data          0x100005d4        0x0 /opt/york/cs/net/sourcery-g++-lite-arm-eabi-2010.09.51-i686-1/arm-none-eabi/lib/thumb2/libc.a(lib_a-mprec.o)
 .data          0x100005d4        0x0 /opt/york/cs/net/sourcery-g++-lite-arm-eabi-2010.09.51-i686-1/arm-none-eabi/lib/thumb2/libc.a(lib_a-reent.o)
 .data          0x100005d4        0x0 /opt/york/cs/net/sourcery-g++-lite-arm-eabi-2010.09.51-i686-1/arm-none-eabi/lib/thumb2/libc.a(lib_a-s_fpclassify.o)
 .data          0x100005d4        0x0 /opt/york/cs/net/sourcery-g++-lite-arm-eabi-2010.09.51-i686-1/arm-none-eabi/lib/thumb2/libc.a(lib_a-strcmp.o)
 .data          0x100005d4        0x0 /opt/york/cs/net/sourcery-g++-lite-arm-eabi-2010.09.51-i686-1/arm-none-eabi/lib/thumb2/libc.a(lib_a-svfiprintf.o)
 .data          0x100005d4        0x0 /opt/york/cs/net/sourcery-g++-lite-arm-eabi-2010.09.51-i686-1/arm-none-eabi/lib/thumb2/libc.a(lib_a-callocr.o)
 .data          0x100005d4        0x0 /opt/york/cs/net/sourcery-g++-lite-arm-eabi-2010.09.51-i686-1/arm-none-eabi/lib/thumb2/libc.a(lib_a-memmove.o)
 .data          0x100005d4        0x0 /opt/york/cs/net/sourcery-g++-lite-arm-eabi-2010.09.51-i686-1/arm-none-eabi/lib/thumb2/libc.a(lib_a-memset.o)
 .data          0x100005d4        0x0 /opt/york/cs/net/sourcery-g++-lite-arm-eabi-2010.09.51-i686-1/arm-none-eabi/lib/thumb2/libc.a(lib_a-reallocr.o)
 .data          0x100005d4        0x0 /opt/york/cs/net/sourcery-g++-lite-arm-eabi-2010.09.51-i686-1/bin/../lib/gcc/arm-none-eabi/4.5.1/thumb2/libgcc.a(_udivsi3.o)
 .data          0x100005d4        0x0 /opt/york/cs/net/sourcery-g++-lite-arm-eabi-2010.09.51-i686-1/bin/../lib/gcc/arm-none-eabi/4.5.1/thumb2/libgcc.a(_dvmd_tls.o)
 .data          0x100005d4        0x0 /opt/york/cs/net/sourcery-g++-lite-arm-eabi-2010.09.51-i686-1/bin/../lib/gcc/arm-none-eabi/4.5.1/thumb2/libgcc.a(_arm_addsubdf3.o)
 .data          0x100005d4        0x0 /opt/york/cs/net/sourcery-g++-lite-arm-eabi-2010.09.51-i686-1/bin/../lib/gcc/arm-none-eabi/4.5.1/thumb2/libgcc.a(_arm_muldivdf3.o)
 .data          0x100005d4        0x0 /opt/york/cs/net/sourcery-g++-lite-arm-eabi-2010.09.51-i686-1/bin/../lib/gcc/arm-none-eabi/4.5.1/thumb2/libgcc.a(_arm_cmpdf2.o)
 .data          0x100005d4        0x0 /opt/york/cs/net/sourcery-g++-lite-arm-eabi-2010.09.51-i686-1/bin/../lib/gcc/arm-none-eabi/4.5.1/thumb2/libgcc.a(_arm_fixdfsi.o)
 .data          0x100005d4        0x0 /opt/york/cs/net/sourcery-g++-lite-arm-eabi-2010.09.51-i686-1/bin/../lib/gcc/arm-none-eabi/4.5.1/thumb2/libgcc.a(_aeabi_uldivmod.o)
 .data          0x100005d4        0x0 /opt/york/cs/net/sourcery-g++-lite-arm-eabi-2010.09.51-i686-1/bin/../lib/gcc/arm-none-eabi/4.5.1/thumb2/libgcc.a(bpabi.o)
 .data          0x100005d4        0x0 /opt/york/cs/net/sourcery-g++-lite-arm-eabi-2010.09.51-i686-1/bin/../lib/gcc/arm-none-eabi/4.5.1/thumb2/libgcc.a(_divdi3.o)
 .data          0x100005d4        0x0 /opt/york/cs/net/sourcery-g++-lite-arm-eabi-2010.09.51-i686-1/bin/../lib/gcc/arm-none-eabi/4.5.1/thumb2/libgcc.a(_udivdi3.o)
 .data          0x100005d4        0x0 /opt/york/cs/net/sourcery-g++-lite-arm-eabi-2010.09.51-i686-1/arm-none-eabi/lib/thumb2/libcs3.a(start_c.o)
 .data          0x100005d4        0x4 /opt/york/cs/net/sourcery-g++-lite-arm-eabi-2010.09.51-i686-1/arm-none-eabi/lib/thumb2/libcs3unhosted.a(unhosted-sbrk.o)
 .data          0x100005d8        0x0 /opt/york/cs/net/sourcery-g++-lite-arm-eabi-2010.09.51-i686-1/arm-none-eabi/lib/thumb2/libcs3unhosted.a(unhosted-start.o)
 .data          0x100005d8        0x0 /opt/york/cs/net/sourcery-g++-lite-arm-eabi-2010.09.51-i686-1/arm-none-eabi/lib/thumb2/libc.a(lib_a-errno.o)
 .data          0x100005d8        0x0 /opt/york/cs/net/sourcery-g++-lite-arm-eabi-2010.09.51-i686-1/arm-none-eabi/lib/thumb2/libc.a(lib_a-init.o)
 .data          0x100005d8        0x4 /opt/york/cs/net/sourcery-g++-lite-arm-eabi-2010.09.51-i686-1/arm-none-eabi/lib/thumb2/libcs3.a(heap.o)
                0x100005d8                __cs3_heap_limit
 .data          0x100005dc        0x0 /opt/york/cs/net/lpc1700-cmsis-lite-2011.01.26-i686-1/lib/libDriversLPC17xxgnu.a(lpc17xx_gpdma.o)
 .data.pGPDMACh
                0x100005dc       0x20 /opt/york/cs/net/lpc1700-cmsis-lite-2011.01.26-i686-1/lib/libDriversLPC17xxgnu.a(lpc17xx_gpdma.o)
                0x100005dc                pGPDMACh
 .data          0x100005fc        0x0 /opt/york/cs/net/lpc1700-cmsis-lite-2011.01.26-i686-1/lib/libDriversLPC17xxgnu.a(lpc17xx_i2c.o)
 .data          0x100005fc        0x0 /opt/york/cs/net/lpc1700-cmsis-lite-2011.01.26-i686-1/lib/libDriversLPC17xxgnu.a(lpc17xx_i2s.o)
 .data          0x100005fc        0x0 /opt/york/cs/net/lpc1700-cmsis-lite-2011.01.26-i686-1/lib/libDriversLPC17xxgnu.a(lpc17xx_libcfg_default.o)
 .data          0x100005fc        0x0 /opt/york/cs/net/lpc1700-cmsis-lite-2011.01.26-i686-1/lib/libDriversLPC17xxgnu.a(lpc17xx_pinsel.o)
 .data          0x100005fc        0x0 /opt/york/cs/net/lpc1700-cmsis-lite-2011.01.26-i686-1/lib/libDriversLPC17xxgnu.a(lpc17xx_uart.o)
 .data          0x100005fc        0x0 /opt/york/cs/net/lpc1700-cmsis-lite-2011.01.26-i686-1/lib/libDriversLPC17xxgnu.a(lpc17xx_clkpwr.o)
 .data          0x100005fc        0x0 /opt/york/cs/net/sourcery-g++-lite-arm-eabi-2010.09.51-i686-1/bin/../lib/gcc/arm-none-eabi/4.5.1/thumb2/crtend.o
 .data          0x100005fc        0x0 /opt/york/cs/net/sourcery-g++-lite-arm-eabi-2010.09.51-i686-1/bin/../lib/gcc/arm-none-eabi/4.5.1/thumb2/crtn.o
 *(.ram)
                0x10000600                . = ALIGN (0x8)
 *fill*         0x100005fc        0x4 00
                0x10000600                _edata = .

.bss            0x10000600      0x2e8 load address 0x00012608
 *(.shbss)
 *(.bss .bss.* .gnu.linkonce.b.*)
 .bss           0x10000600        0x0 /opt/york/cs/net/sourcery-g++-lite-arm-eabi-2010.09.51-i686-1/bin/../lib/gcc/arm-none-eabi/4.5.1/thumb2/crti.o
 .bss           0x10000600        0x1 /opt/york/cs/net/sourcery-g++-lite-arm-eabi-2010.09.51-i686-1/bin/../lib/gcc/arm-none-eabi/4.5.1/thumb2/crtbegin.o
 .bss           0x10000601        0x0 main.o
 *fill*         0x10000601        0x3 00
 .bss.i2s_Interrupt_Mode
                0x10000604        0x4 main.o
                0x10000604                i2s_Interrupt_Mode
 .bss           0x10000608        0x0 source/i2s_polling.o
 .bss           0x10000608        0x0 source/KeyAccess.o
 .bss           0x10000608        0x0 source/LCD.o
 .bss           0x10000608        0x0 source/i2s.o
 .bss           0x10000608        0x0 source/Delay.o
 .bss           0x10000608        0x0 source/SerialIO.o
 .bss           0x10000608        0x0 source/I2C.o
 .bss           0x10000608        0x0 source/TLV320.o
 .bss           0x10000608        0x0 Project_Files/ff13c/source/ffsystem.o
 .bss           0x10000608        0x0 Project_Files/ff13c/source/ff.o
 .bss.FatFs     0x10000608        0x4 Project_Files/ff13c/source/ff.o
 .bss.Fsid      0x1000060c        0x2 Project_Files/ff13c/source/ff.o
 .bss           0x1000060e        0x0 Project_Files/ff13c/source/ffunicode.o
 .bss           0x1000060e        0x0 Project_Files/ff13c/source/mmc_176x_ssp.o
 *fill*         0x1000060e        0x2 00
 .bss.Timer1    0x10000610        0x4 Project_Files/ff13c/source/mmc_176x_ssp.o
 .bss.Timer2    0x10000614        0x4 Project_Files/ff13c/source/mmc_176x_ssp.o
 .bss.CardType  0x10000618        0x1 Project_Files/ff13c/source/mmc_176x_ssp.o
 .bss           0x10000619        0x0 Project_Files/ff13c/source/diskio.o
 .bss           0x10000619        0x0 /opt/york/cs/net/lpc1700-cmsis-lite-2011.01.26-i686-1/lib/core_cm3.o
 .bss           0x10000619        0x0 /opt/york/cs/net/lpc1700-cmsis-lite-2011.01.26-i686-1/lib/system_LPC17xx.o
 .bss           0x10000619        0x0 /opt/york/cs/net/lpc1700-cmsis-lite-2011.01.26-i686-1/lib/startup_LPC17xx.o
 .bss           0x10000619        0x0 /opt/york/cs/net/sourcery-g++-lite-arm-eabi-2010.09.51-i686-1/arm-none-eabi/lib/thumb2/libc.a(lib_a-malloc.o)
 *fill*         0x10000619        0x3 00
 .bss           0x1000061c       0x34 /opt/york/cs/net/sourcery-g++-lite-arm-eabi-2010.09.51-i686-1/arm-none-eabi/lib/thumb2/libc.a(lib_a-mallocr.o)
                0x1000061c                __malloc_top_pad
                0x10000620                __malloc_current_mallinfo
                0x10000648                __malloc_max_sbrked_mem
                0x1000064c                __malloc_max_total_mem
 .bss           0x10000650        0x0 /opt/york/cs/net/sourcery-g++-lite-arm-eabi-2010.09.51-i686-1/arm-none-eabi/lib/thumb2/libc.a(lib_a-mlock.o)
 .bss           0x10000650        0x0 /opt/york/cs/net/sourcery-g++-lite-arm-eabi-2010.09.51-i686-1/arm-none-eabi/lib/thumb2/libc.a(lib_a-sbrkr.o)
 .bss           0x10000650        0x0 /opt/york/cs/net/sourcery-g++-lite-arm-eabi-2010.09.51-i686-1/arm-none-eabi/lib/thumb2/libc.a(lib_a-sprintf.o)
 .bss           0x10000650        0x0 /opt/york/cs/net/sourcery-g++-lite-arm-eabi-2010.09.51-i686-1/arm-none-eabi/lib/thumb2/libc.a(lib_a-strlen.o)
 .bss           0x10000650        0x0 /opt/york/cs/net/sourcery-g++-lite-arm-eabi-2010.09.51-i686-1/arm-none-eabi/lib/thumb2/libc.a(lib_a-svfprintf.o)
 .bss           0x10000650        0x0 /opt/york/cs/net/sourcery-g++-lite-arm-eabi-2010.09.51-i686-1/arm-none-eabi/lib/thumb2/libc.a(lib_a-dtoa.o)
 .bss           0x10000650        0x0 /opt/york/cs/net/sourcery-g++-lite-arm-eabi-2010.09.51-i686-1/arm-none-eabi/lib/thumb2/libc.a(lib_a-freer.o)
 .bss           0x10000650        0x0 /opt/york/cs/net/sourcery-g++-lite-arm-eabi-2010.09.51-i686-1/arm-none-eabi/lib/thumb2/libc.a(lib_a-impure.o)
 .bss           0x10000650        0xc /opt/york/cs/net/sourcery-g++-lite-arm-eabi-2010.09.51-i686-1/arm-none-eabi/lib/thumb2/libc.a(lib_a-locale.o)
                0x10000650                __nlocale_changed
                0x10000654                __mlocale_changed
                0x10000658                _PathLocale
 .bss           0x1000065c        0x0 /opt/york/cs/net/sourcery-g++-lite-arm-eabi-2010.09.51-i686-1/arm-none-eabi/lib/thumb2/libc.a(lib_a-memchr.o)
 .bss           0x1000065c        0x0 /opt/york/cs/net/sourcery-g++-lite-arm-eabi-2010.09.51-i686-1/arm-none-eabi/lib/thumb2/libc.a(lib_a-memcpy.o)
 .bss           0x1000065c        0x0 /opt/york/cs/net/sourcery-g++-lite-arm-eabi-2010.09.51-i686-1/arm-none-eabi/lib/thumb2/libc.a(lib_a-mprec.o)
 .bss           0x1000065c        0x0 /opt/york/cs/net/sourcery-g++-lite-arm-eabi-2010.09.51-i686-1/arm-none-eabi/lib/thumb2/libc.a(lib_a-reent.o)
 .bss           0x1000065c        0x0 /opt/york/cs/net/sourcery-g++-lite-arm-eabi-2010.09.51-i686-1/arm-none-eabi/lib/thumb2/libc.a(lib_a-s_fpclassify.o)
 .bss           0x1000065c        0x0 /opt/york/cs/net/sourcery-g++-lite-arm-eabi-2010.09.51-i686-1/arm-none-eabi/lib/thumb2/libc.a(lib_a-strcmp.o)
 .bss           0x1000065c        0x0 /opt/york/cs/net/sourcery-g++-lite-arm-eabi-2010.09.51-i686-1/arm-none-eabi/lib/thumb2/libc.a(lib_a-svfiprintf.o)
 .bss           0x1000065c        0x0 /opt/york/cs/net/sourcery-g++-lite-arm-eabi-2010.09.51-i686-1/arm-none-eabi/lib/thumb2/libc.a(lib_a-callocr.o)
 .bss           0x1000065c        0x0 /opt/york/cs/net/sourcery-g++-lite-arm-eabi-2010.09.51-i686-1/arm-none-eabi/lib/thumb2/libc.a(lib_a-memmove.o)
 .bss           0x1000065c        0x0 /opt/york/cs/net/sourcery-g++-lite-arm-eabi-2010.09.51-i686-1/arm-none-eabi/lib/thumb2/libc.a(lib_a-memset.o)
 .bss           0x1000065c        0x0 /opt/york/cs/net/sourcery-g++-lite-arm-eabi-2010.09.51-i686-1/arm-none-eabi/lib/thumb2/libc.a(lib_a-reallocr.o)
 .bss           0x1000065c        0x0 /opt/york/cs/net/sourcery-g++-lite-arm-eabi-2010.09.51-i686-1/bin/../lib/gcc/arm-none-eabi/4.5.1/thumb2/libgcc.a(_udivsi3.o)
 .bss           0x1000065c        0x0 /opt/york/cs/net/sourcery-g++-lite-arm-eabi-2010.09.51-i686-1/bin/../lib/gcc/arm-none-eabi/4.5.1/thumb2/libgcc.a(_dvmd_tls.o)
 .bss           0x1000065c        0x0 /opt/york/cs/net/sourcery-g++-lite-arm-eabi-2010.09.51-i686-1/bin/../lib/gcc/arm-none-eabi/4.5.1/thumb2/libgcc.a(_arm_addsubdf3.o)
 .bss           0x1000065c        0x0 /opt/york/cs/net/sourcery-g++-lite-arm-eabi-2010.09.51-i686-1/bin/../lib/gcc/arm-none-eabi/4.5.1/thumb2/libgcc.a(_arm_muldivdf3.o)
 .bss           0x1000065c        0x0 /opt/york/cs/net/sourcery-g++-lite-arm-eabi-2010.09.51-i686-1/bin/../lib/gcc/arm-none-eabi/4.5.1/thumb2/libgcc.a(_arm_cmpdf2.o)
 .bss           0x1000065c        0x0 /opt/york/cs/net/sourcery-g++-lite-arm-eabi-2010.09.51-i686-1/bin/../lib/gcc/arm-none-eabi/4.5.1/thumb2/libgcc.a(_arm_fixdfsi.o)
 .bss           0x1000065c        0x0 /opt/york/cs/net/sourcery-g++-lite-arm-eabi-2010.09.51-i686-1/bin/../lib/gcc/arm-none-eabi/4.5.1/thumb2/libgcc.a(_aeabi_uldivmod.o)
 .bss           0x1000065c        0x0 /opt/york/cs/net/sourcery-g++-lite-arm-eabi-2010.09.51-i686-1/bin/../lib/gcc/arm-none-eabi/4.5.1/thumb2/libgcc.a(bpabi.o)
 .bss           0x1000065c        0x0 /opt/york/cs/net/sourcery-g++-lite-arm-eabi-2010.09.51-i686-1/bin/../lib/gcc/arm-none-eabi/4.5.1/thumb2/libgcc.a(_divdi3.o)
 .bss           0x1000065c        0x0 /opt/york/cs/net/sourcery-g++-lite-arm-eabi-2010.09.51-i686-1/bin/../lib/gcc/arm-none-eabi/4.5.1/thumb2/libgcc.a(_udivdi3.o)
 .bss           0x1000065c        0x0 /opt/york/cs/net/sourcery-g++-lite-arm-eabi-2010.09.51-i686-1/arm-none-eabi/lib/thumb2/libcs3.a(start_c.o)
 .bss           0x1000065c        0x0 /opt/york/cs/net/sourcery-g++-lite-arm-eabi-2010.09.51-i686-1/arm-none-eabi/lib/thumb2/libcs3unhosted.a(unhosted-sbrk.o)
 .bss           0x1000065c        0x0 /opt/york/cs/net/sourcery-g++-lite-arm-eabi-2010.09.51-i686-1/arm-none-eabi/lib/thumb2/libcs3unhosted.a(unhosted-start.o)
 .bss           0x1000065c        0x0 /opt/york/cs/net/sourcery-g++-lite-arm-eabi-2010.09.51-i686-1/arm-none-eabi/lib/thumb2/libc.a(lib_a-errno.o)
 .bss           0x1000065c        0x0 /opt/york/cs/net/sourcery-g++-lite-arm-eabi-2010.09.51-i686-1/arm-none-eabi/lib/thumb2/libc.a(lib_a-init.o)
 .bss           0x1000065c        0x0 /opt/york/cs/net/sourcery-g++-lite-arm-eabi-2010.09.51-i686-1/arm-none-eabi/lib/thumb2/libcs3.a(heap.o)
 .bss           0x1000065c        0x0 /opt/york/cs/net/lpc1700-cmsis-lite-2011.01.26-i686-1/lib/libDriversLPC17xxgnu.a(lpc17xx_gpdma.o)
 .bss           0x1000065c        0x0 /opt/york/cs/net/lpc1700-cmsis-lite-2011.01.26-i686-1/lib/libDriversLPC17xxgnu.a(lpc17xx_i2c.o)
 .bss.i2cdat    0x1000065c       0x18 /opt/york/cs/net/lpc1700-cmsis-lite-2011.01.26-i686-1/lib/libDriversLPC17xxgnu.a(lpc17xx_i2c.o)
 .bss.I2C_MasterComplete
                0x10000674        0xc /opt/york/cs/net/lpc1700-cmsis-lite-2011.01.26-i686-1/lib/libDriversLPC17xxgnu.a(lpc17xx_i2c.o)
 .bss.I2C_SlaveComplete
                0x10000680        0xc /opt/york/cs/net/lpc1700-cmsis-lite-2011.01.26-i686-1/lib/libDriversLPC17xxgnu.a(lpc17xx_i2c.o)
 .bss.I2C_MonitorBufferIndex
                0x1000068c        0x4 /opt/york/cs/net/lpc1700-cmsis-lite-2011.01.26-i686-1/lib/libDriversLPC17xxgnu.a(lpc17xx_i2c.o)
 .bss           0x10000690        0x0 /opt/york/cs/net/lpc1700-cmsis-lite-2011.01.26-i686-1/lib/libDriversLPC17xxgnu.a(lpc17xx_i2s.o)
 .bss           0x10000690        0x0 /opt/york/cs/net/lpc1700-cmsis-lite-2011.01.26-i686-1/lib/libDriversLPC17xxgnu.a(lpc17xx_libcfg_default.o)
 .bss           0x10000690        0x0 /opt/york/cs/net/lpc1700-cmsis-lite-2011.01.26-i686-1/lib/libDriversLPC17xxgnu.a(lpc17xx_pinsel.o)
 .bss           0x10000690        0x0 /opt/york/cs/net/lpc1700-cmsis-lite-2011.01.26-i686-1/lib/libDriversLPC17xxgnu.a(lpc17xx_uart.o)
 .bss           0x10000690        0x0 /opt/york/cs/net/lpc1700-cmsis-lite-2011.01.26-i686-1/lib/libDriversLPC17xxgnu.a(lpc17xx_clkpwr.o)
 .bss           0x10000690        0x0 /opt/york/cs/net/sourcery-g++-lite-arm-eabi-2010.09.51-i686-1/bin/../lib/gcc/arm-none-eabi/4.5.1/thumb2/crtend.o
 .bss           0x10000690        0x0 /opt/york/cs/net/sourcery-g++-lite-arm-eabi-2010.09.51-i686-1/bin/../lib/gcc/arm-none-eabi/4.5.1/thumb2/crtn.o
 *(COMMON)
 COMMON         0x10000690      0x248 main.o
                0x10000690                Channel1_TC
                0x10000694                BufferIn
                0x10000698                WriteInd
                0x1000069c                Channel0_TC
                0x100006a0                SelMenuItem
                0x100006a4                rbuf
                0x100008b4                ReadInd
                0x100008b8                BufferOut
                0x100008bc                buttonpress
                0x100008c0                Channel0_Err
                0x100008c4                buffer
                0x100008c8                Counter
                0x100008cc                Channel1_Err
                0x100008d0                prevKey
                0x100008d1                key
                0x100008d2                TxIntStat
                0x100008d4                Audio_buf
 COMMON         0x100008d8        0x8 source/i2s.o
                0x100008d8                ENAOUT
                0x100008dc                ENAINP
 COMMON         0x100008e0        0x4 /opt/york/cs/net/sourcery-g++-lite-arm-eabi-2010.09.51-i686-1/arm-none-eabi/lib/thumb2/libc.a(lib_a-reent.o)
                0x100008e0                errno
 *(.ram.b)
                0x100008e8                . = ALIGN (0x8)
 *fill*         0x100008e4        0x4 00
                0x100008e8                _end = .
                0x100008e8                __end = .

.usb_ram
 *.o(USB_RAM)

.heap           0x100008e8     0x1000
 *(.heap)
 .heap          0x100008e8     0x1000 /opt/york/cs/net/lpc1700-cmsis-lite-2011.01.26-i686-1/lib/startup_LPC17xx.o
                0x100008e8                __cs3_heap_start
                0x100018e8                __cs3_heap_end

.stack          0x10007f00      0x100
 *(.stack)
 .stack         0x10007f00      0x100 /opt/york/cs/net/lpc1700-cmsis-lite-2011.01.26-i686-1/lib/startup_LPC17xx.o
                0x10007f00                __cs3_stack_mem
                0x10008000                _estack = .
                0x10008000                PROVIDE (estack, .)
                0x00012008                __cs3_region_init_ram = LOADADDR (.data)
                0x00000600                __cs3_region_init_size_ram = (_edata - __cs3_region_start_ram)
                0x000002e8                __cs3_region_zero_size_ram = (_end - _edata)
                0x00008000                __cs3_region_size_ram = 0x8000
                0x00000001                __cs3_region_num = 0x1

.stab
 *(.stab)

.stabstr
 *(.stabstr)

.debug
 *(.debug)

.line
 *(.line)

.debug_srcinfo
 *(.debug_srcinfo)

.debug_sfnames
 *(.debug_sfnames)

.comment        0x00000000       0x2a
 .comment       0x00000000       0x2a main.o
                                 0x2b (size before relaxing)
 .comment       0x00000000       0x2b source/i2s_polling.o
 .comment       0x00000000       0x2b source/KeyAccess.o
 .comment       0x00000000       0x2b source/LCD.o
 .comment       0x00000000       0x2b source/i2s.o
 .comment       0x00000000       0x2b source/Delay.o
 .comment       0x00000000       0x2b source/SerialIO.o
 .comment       0x00000000       0x2b source/I2C.o
 .comment       0x00000000       0x2b source/TLV320.o
 .comment       0x00000000       0x2b Project_Files/ff13c/source/ffsystem.o
 .comment       0x00000000       0x2b Project_Files/ff13c/source/ff.o
 .comment       0x00000000       0x2b Project_Files/ff13c/source/ffunicode.o
 .comment       0x00000000       0x2b Project_Files/ff13c/source/mmc_176x_ssp.o
 .comment       0x00000000       0x2b Project_Files/ff13c/source/diskio.o
 .comment       0x00000000       0x2b /opt/york/cs/net/lpc1700-cmsis-lite-2011.01.26-i686-1/lib/core_cm3.o
 .comment       0x00000000       0x2b /opt/york/cs/net/lpc1700-cmsis-lite-2011.01.26-i686-1/lib/system_LPC17xx.o
 .comment       0x00000000       0x2b /opt/york/cs/net/lpc1700-cmsis-lite-2011.01.26-i686-1/lib/libDriversLPC17xxgnu.a(lpc17xx_gpdma.o)
 .comment       0x00000000       0x2b /opt/york/cs/net/lpc1700-cmsis-lite-2011.01.26-i686-1/lib/libDriversLPC17xxgnu.a(lpc17xx_i2c.o)
 .comment       0x00000000       0x2b /opt/york/cs/net/lpc1700-cmsis-lite-2011.01.26-i686-1/lib/libDriversLPC17xxgnu.a(lpc17xx_i2s.o)
 .comment       0x00000000       0x2b /opt/york/cs/net/lpc1700-cmsis-lite-2011.01.26-i686-1/lib/libDriversLPC17xxgnu.a(lpc17xx_libcfg_default.o)
 .comment       0x00000000       0x2b /opt/york/cs/net/lpc1700-cmsis-lite-2011.01.26-i686-1/lib/libDriversLPC17xxgnu.a(lpc17xx_pinsel.o)
 .comment       0x00000000       0x2b /opt/york/cs/net/lpc1700-cmsis-lite-2011.01.26-i686-1/lib/libDriversLPC17xxgnu.a(lpc17xx_uart.o)
 .comment       0x00000000       0x2b /opt/york/cs/net/lpc1700-cmsis-lite-2011.01.26-i686-1/lib/libDriversLPC17xxgnu.a(lpc17xx_clkpwr.o)

.debug_aranges  0x00000000      0x990
 *(.debug_aranges)
 .debug_aranges
                0x00000000       0x90 main.o
 .debug_aranges
                0x00000090       0x48 source/i2s_polling.o
 .debug_aranges
                0x000000d8       0x30 source/KeyAccess.o
 .debug_aranges
                0x00000108       0x78 source/LCD.o
 .debug_aranges
                0x00000180       0x78 source/i2s.o
 .debug_aranges
                0x000001f8       0x40 source/Delay.o
 .debug_aranges
                0x00000238       0x88 source/SerialIO.o
 .debug_aranges
                0x000002c0       0x30 source/I2C.o
 .debug_aranges
                0x000002f0       0x60 source/TLV320.o
 .debug_aranges
                0x00000350      0x1c0 Project_Files/ff13c/source/ff.o
 .debug_aranges
                0x00000510       0xa0 Project_Files/ff13c/source/mmc_176x_ssp.o
 .debug_aranges
                0x000005b0       0x28 /opt/york/cs/net/lpc1700-cmsis-lite-2011.01.26-i686-1/lib/system_LPC17xx.o
 .debug_aranges
                0x000005d8       0x28 /opt/york/cs/net/lpc1700-cmsis-lite-2011.01.26-i686-1/lib/startup_LPC17xx.o
 .debug_aranges
                0x00000600       0x40 /opt/york/cs/net/lpc1700-cmsis-lite-2011.01.26-i686-1/lib/libDriversLPC17xxgnu.a(lpc17xx_gpdma.o)
 .debug_aranges
                0x00000640       0xd0 /opt/york/cs/net/lpc1700-cmsis-lite-2011.01.26-i686-1/lib/libDriversLPC17xxgnu.a(lpc17xx_i2c.o)
 .debug_aranges
                0x00000710       0xc0 /opt/york/cs/net/lpc1700-cmsis-lite-2011.01.26-i686-1/lib/libDriversLPC17xxgnu.a(lpc17xx_i2s.o)
 .debug_aranges
                0x000007d0       0x20 /opt/york/cs/net/lpc1700-cmsis-lite-2011.01.26-i686-1/lib/libDriversLPC17xxgnu.a(lpc17xx_libcfg_default.o)
 .debug_aranges
                0x000007f0       0x48 /opt/york/cs/net/lpc1700-cmsis-lite-2011.01.26-i686-1/lib/libDriversLPC17xxgnu.a(lpc17xx_pinsel.o)
 .debug_aranges
                0x00000838      0x100 /opt/york/cs/net/lpc1700-cmsis-lite-2011.01.26-i686-1/lib/libDriversLPC17xxgnu.a(lpc17xx_uart.o)
 .debug_aranges
                0x00000938       0x58 /opt/york/cs/net/lpc1700-cmsis-lite-2011.01.26-i686-1/lib/libDriversLPC17xxgnu.a(lpc17xx_clkpwr.o)

.debug_pubnames
                0x00000000     0x1064
 *(.debug_pubnames)
 .debug_pubnames
                0x00000000      0x1e8 main.o
 .debug_pubnames
                0x000001e8       0xee source/i2s_polling.o
 .debug_pubnames
                0x000002d6       0x41 source/KeyAccess.o
 .debug_pubnames
                0x00000317       0xd1 source/LCD.o
 .debug_pubnames
                0x000003e8      0x120 source/i2s.o
 .debug_pubnames
                0x00000508       0x4a source/Delay.o
 .debug_pubnames
                0x00000552      0x102 source/SerialIO.o
 .debug_pubnames
                0x00000654       0x3a source/I2C.o
 .debug_pubnames
                0x0000068e      0x103 source/TLV320.o
 .debug_pubnames
                0x00000791       0xfc Project_Files/ff13c/source/ff.o
 .debug_pubnames
                0x0000088d       0x75 Project_Files/ff13c/source/mmc_176x_ssp.o
 .debug_pubnames
                0x00000902       0x4f /opt/york/cs/net/lpc1700-cmsis-lite-2011.01.26-i686-1/lib/system_LPC17xx.o
 .debug_pubnames
                0x00000951       0xc3 /opt/york/cs/net/lpc1700-cmsis-lite-2011.01.26-i686-1/lib/libDriversLPC17xxgnu.a(lpc17xx_gpdma.o)
 .debug_pubnames
                0x00000a14      0x163 /opt/york/cs/net/lpc1700-cmsis-lite-2011.01.26-i686-1/lib/libDriversLPC17xxgnu.a(lpc17xx_i2c.o)
 .debug_pubnames
                0x00000b77      0x145 /opt/york/cs/net/lpc1700-cmsis-lite-2011.01.26-i686-1/lib/libDriversLPC17xxgnu.a(lpc17xx_i2s.o)
 .debug_pubnames
                0x00000cbc       0x23 /opt/york/cs/net/lpc1700-cmsis-lite-2011.01.26-i686-1/lib/libDriversLPC17xxgnu.a(lpc17xx_libcfg_default.o)