Archive member included because of file (symbol)

/opt/york/cs/net/sourcery-g++-lite-arm-eabi-2010.09.51-i686-1/arm-none-eabi/lib/thumb2/libc.a(lib_a-malloc.o)
                              main.o (malloc)
/opt/york/cs/net/sourcery-g++-lite-arm-eabi-2010.09.51-i686-1/arm-none-eabi/lib/thumb2/libc.a(lib_a-mallocr.o)
                              /opt/york/cs/net/sourcery-g++-lite-arm-eabi-2010.09.51-i686-1/arm-none-eabi/lib/thumb2/libc.a(lib_a-malloc.o) (_malloc_r)
/opt/york/cs/net/sourcery-g++-lite-arm-eabi-2010.09.51-i686-1/arm-none-eabi/lib/thumb2/libc.a(lib_a-mlock.o)
                              /opt/york/cs/net/sourcery-g++-lite-arm-eabi-2010.09.51-i686-1/arm-none-eabi/lib/thumb2/libc.a(lib_a-mallocr.o) (__malloc_lock)
/opt/york/cs/net/sourcery-g++-lite-arm-eabi-2010.09.51-i686-1/arm-none-eabi/lib/thumb2/libc.a(lib_a-sbrkr.o)
                              /opt/york/cs/net/sourcery-g++-lite-arm-eabi-2010.09.51-i686-1/arm-none-eabi/lib/thumb2/libc.a(lib_a-mallocr.o) (_sbrk_r)
/opt/york/cs/net/sourcery-g++-lite-arm-eabi-2010.09.51-i686-1/arm-none-eabi/lib/thumb2/libc.a(lib_a-sprintf.o)
                              main.o (sprintf)
/opt/york/cs/net/sourcery-g++-lite-arm-eabi-2010.09.51-i686-1/arm-none-eabi/lib/thumb2/libc.a(lib_a-strlen.o)
                              main.o (strlen)
/opt/york/cs/net/sourcery-g++-lite-arm-eabi-2010.09.51-i686-1/arm-none-eabi/lib/thumb2/libc.a(lib_a-svfprintf.o)
                              /opt/york/cs/net/sourcery-g++-lite-arm-eabi-2010.09.51-i686-1/arm-none-eabi/lib/thumb2/libc.a(lib_a-sprintf.o) (_svfprintf_r)
/opt/york/cs/net/sourcery-g++-lite-arm-eabi-2010.09.51-i686-1/arm-none-eabi/lib/thumb2/libc.a(lib_a-dtoa.o)
                              /opt/york/cs/net/sourcery-g++-lite-arm-eabi-2010.09.51-i686-1/arm-none-eabi/lib/thumb2/libc.a(lib_a-svfprintf.o) (_dtoa_r)
/opt/york/cs/net/sourcery-g++-lite-arm-eabi-2010.09.51-i686-1/arm-none-eabi/lib/thumb2/libc.a(lib_a-freer.o)
                              /opt/york/cs/net/sourcery-g++-lite-arm-eabi-2010.09.51-i686-1/arm-none-eabi/lib/thumb2/libc.a(lib_a-malloc.o) (_free_r)
/opt/york/cs/net/sourcery-g++-lite-arm-eabi-2010.09.51-i686-1/arm-none-eabi/lib/thumb2/libc.a(lib_a-impure.o)
                              /opt/york/cs/net/sourcery-g++-lite-arm-eabi-2010.09.51-i686-1/arm-none-eabi/lib/thumb2/libc.a(lib_a-malloc.o) (_impure_ptr)
/opt/york/cs/net/sourcery-g++-lite-arm-eabi-2010.09.51-i686-1/arm-none-eabi/lib/thumb2/libc.a(lib_a-locale.o)
                              /opt/york/cs/net/sourcery-g++-lite-arm-eabi-2010.09.51-i686-1/arm-none-eabi/lib/thumb2/libc.a(lib_a-svfprintf.o) (_localeconv_r)
/opt/york/cs/net/sourcery-g++-lite-arm-eabi-2010.09.51-i686-1/arm-none-eabi/lib/thumb2/libc.a(lib_a-memchr.o)
                              /opt/york/cs/net/sourcery-g++-lite-arm-eabi-2010.09.51-i686-1/arm-none-eabi/lib/thumb2/libc.a(lib_a-svfprintf.o) (memchr)
/opt/york/cs/net/sourcery-g++-lite-arm-eabi-2010.09.51-i686-1/arm-none-eabi/lib/thumb2/libc.a(lib_a-memcpy.o)
                              /opt/york/cs/net/sourcery-g++-lite-arm-eabi-2010.09.51-i686-1/arm-none-eabi/lib/thumb2/libc.a(lib_a-dtoa.o) (memcpy)
/opt/york/cs/net/sourcery-g++-lite-arm-eabi-2010.09.51-i686-1/arm-none-eabi/lib/thumb2/libc.a(lib_a-mprec.o)
                              /opt/york/cs/net/sourcery-g++-lite-arm-eabi-2010.09.51-i686-1/arm-none-eabi/lib/thumb2/libc.a(lib_a-dtoa.o) (_Balloc)
/opt/york/cs/net/sourcery-g++-lite-arm-eabi-2010.09.51-i686-1/arm-none-eabi/lib/thumb2/libc.a(lib_a-reent.o)
                              /opt/york/cs/net/sourcery-g++-lite-arm-eabi-2010.09.51-i686-1/arm-none-eabi/lib/thumb2/libc.a(lib_a-sbrkr.o) (errno)
/opt/york/cs/net/sourcery-g++-lite-arm-eabi-2010.09.51-i686-1/arm-none-eabi/lib/thumb2/libc.a(lib_a-s_fpclassify.o)
                              /opt/york/cs/net/sourcery-g++-lite-arm-eabi-2010.09.51-i686-1/arm-none-eabi/lib/thumb2/libc.a(lib_a-svfprintf.o) (__fpclassifyd)
/opt/york/cs/net/sourcery-g++-lite-arm-eabi-2010.09.51-i686-1/arm-none-eabi/lib/thumb2/libc.a(lib_a-strcmp.o)
                              /opt/york/cs/net/sourcery-g++-lite-arm-eabi-2010.09.51-i686-1/arm-none-eabi/lib/thumb2/libc.a(lib_a-locale.o) (strcmp)
/opt/york/cs/net/sourcery-g++-lite-arm-eabi-2010.09.51-i686-1/arm-none-eabi/lib/thumb2/libc.a(lib_a-svfiprintf.o)
                              /opt/york/cs/net/sourcery-g++-lite-arm-eabi-2010.09.51-i686-1/arm-none-eabi/lib/thumb2/libc.a(lib_a-svfprintf.o) (__ssprint_r)
/opt/york/cs/net/sourcery-g++-lite-arm-eabi-2010.09.51-i686-1/arm-none-eabi/lib/thumb2/libc.a(lib_a-callocr.o)
                              /opt/york/cs/net/sourcery-g++-lite-arm-eabi-2010.09.51-i686-1/arm-none-eabi/lib/thumb2/libc.a(lib_a-mprec.o) (_calloc_r)
/opt/york/cs/net/sourcery-g++-lite-arm-eabi-2010.09.51-i686-1/arm-none-eabi/lib/thumb2/libc.a(lib_a-memmove.o)
                              /opt/york/cs/net/sourcery-g++-lite-arm-eabi-2010.09.51-i686-1/arm-none-eabi/lib/thumb2/libc.a(lib_a-svfiprintf.o) (memmove)
[...]
Memory Configuration

Name             Origin             Length             Attributes
rom              0x00000000         0x00080000         xr
ram              0x10000000         0x00008000         xrw
ram1             0x2007c000         0x00004000         xrw
ram2             0x20080000         0x00004000         xrw
*default*        0x00000000         0xffffffff

Linker script and memory map

LOAD /opt/york/cs/net/sourcery-g++-lite-arm-eabi-2010.09.51-i686-1/bin/../lib/gcc/arm-none-eabi/4.5.1/thumb2/crti.o
LOAD /opt/york/cs/net/sourcery-g++-lite-arm-eabi-2010.09.51-i686-1/bin/../lib/gcc/arm-none-eabi/4.5.1/thumb2/crtbegin.o
LOAD main.o
LOAD source/i2s_polling.o
LOAD source/KeyAccess.o
LOAD source/LCD.o
LOAD source/i2s.o
LOAD source/Delay.o
LOAD source/SerialIO.o
LOAD source/I2C.o
LOAD source/TLV320.o
LOAD source/FatFS/ffsystem.o
LOAD source/FatFS/ff.o
LOAD source/FatFS/ffunicode.o
LOAD source/FatFS/mmc_176x_ssp.o
LOAD source/FatFS/diskio.o
LOAD /opt/york/cs/net/lpc1700-cmsis-lite-2011.01.26-i686-1/lib/core_cm3.o
LOAD /opt/york/cs/net/lpc1700-cmsis-lite-2011.01.26-i686-1/lib/system_LPC17xx.o
LOAD /opt/york/cs/net/lpc1700-cmsis-lite-2011.01.26-i686-1/lib/startup_LPC17xx.o
START GROUP
LOAD /opt/york/cs/net/sourcery-g++-lite-arm-eabi-2010.09.51-i686-1/arm-none-eabi/lib/thumb2/libc.a
LOAD /opt/york/cs/net/sourcery-g++-lite-arm-eabi-2010.09.51-i686-1/arm-none-eabi/lib/thumb2/libg.a
LOAD /opt/york/cs/net/sourcery-g++-lite-arm-eabi-2010.09.51-i686-1/arm-none-eabi/lib/thumb2/libstdc++.a
LOAD /opt/york/cs/net/sourcery-g++-lite-arm-eabi-2010.09.51-i686-1/arm-none-eabi/lib/thumb2/libsupc++.a
LOAD /opt/york/cs/net/sourcery-g++-lite-arm-eabi-2010.09.51-i686-1/bin/../lib/gcc/arm-none-eabi/4.5.1/thumb2/libgcc.a
LOAD /opt/york/cs/net/sourcery-g++-lite-arm-eabi-2010.09.51-i686-1/arm-none-eabi/lib/thumb2/libm.a
END GROUP
START GROUP
LOAD /opt/york/cs/net/sourcery-g++-lite-arm-eabi-2010.09.51-i686-1/bin/../lib/gcc/arm-none-eabi/4.5.1/thumb2/libgcc.a
LOAD /opt/york/cs/net/sourcery-g++-lite-arm-eabi-2010.09.51-i686-1/arm-none-eabi/lib/thumb2/libc.a
LOAD /opt/york/cs/net/sourcery-g++-lite-arm-eabi-2010.09.51-i686-1/arm-none-eabi/lib/thumb2/libcs3.a
LOAD /opt/york/cs/net/sourcery-g++-lite-arm-eabi-2010.09.51-i686-1/arm-none-eabi/lib/thumb2/libcs3unhosted.a
LOAD /opt/york/cs/net/sourcery-g++-lite-arm-eabi-2010.09.51-i686-1/arm-none-eabi/lib/thumb2/libcs3micro.a
END GROUP
                0x10008000                PROVIDE (__cs3_stack, (__cs3_region_start_ram + __cs3_region_size_ram))
                0x000074e8                PROVIDE (__cs3_stack_size, ((__cs3_region_start_ram + __cs3_region_size_ram) - _end))
                0x10000b18                PROVIDE (__cs3_heap_start, _end)
                0x10008000                PROVIDE (__cs3_heap_end, (__cs3_region_start_ram + __cs3_region_size_ram))

.text           0x00000000    0x12114
 CREATE_OBJECT_SYMBOLS
                0x00000000                __cs3_region_start_rom = .
 *(.cs3.region-head.rom)
                0x00000000                __cs3_interrupt_vector = __cs3_interrupt_vector_cortex_m
 *(.cs3.interrupt_vector)
 .cs3.interrupt_vector
                0x00000000       0xcc /opt/york/cs/net/lpc1700-cmsis-lite-2011.01.26-i686-1/lib/startup_LPC17xx.o
                0x00000000                __cs3_interrupt_vector_cortex_m
                0x00000001                ASSERT ((. != __cs3_interrupt_vector_cortex_m), No interrupt vector)
 *(.rom)
 *(.rom.b)
                0x000000cc                __cs3_reset = __cs3_reset_cortex_m
 *(.cs3.reset)
 .cs3.reset     0x000000cc       0x10 /opt/york/cs/net/lpc1700-cmsis-lite-2011.01.26-i686-1/lib/startup_LPC17xx.o
                0x000000cc                __cs3_reset_cortex_m
                0x00000001                ASSERT ((. != __cs3_reset), No reset code)
 *(.text .text.* .gnu.linkonce.t.*)
 .text          0x000000dc        0x0 /opt/york/cs/net/sourcery-g++-lite-arm-eabi-2010.09.51-i686-1/bin/../lib/gcc/arm-none-eabi/4.5.1/thumb2/crti.o
 .text          0x000000dc       0x30 /opt/york/cs/net/sourcery-g++-lite-arm-eabi-2010.09.51-i686-1/bin/../lib/gcc/arm-none-eabi/4.5.1/thumb2/crtbegin.o
 .text          0x0000010c        0x0 main.o
 .text.NVIC_EnableIRQ
                0x0000010c       0x38 main.o
 .text.NVIC_DisableIRQ
                0x00000144       0x3c main.o
 .text.NVIC_SetPriority
                0x00000180       0x5c main.o
 .text.EINT3_IRQHandler
                0x000001dc       0xbc main.o
                0x000001dc                EINT3_IRQHandler
 .text.IRQInit  0x00000298       0xd8 main.o
                0x00000298                IRQInit
 .text.DrawMenu
                0x00000370      0x200 main.o
                0x00000370                DrawMenu
 .text.Menu     0x00000570      0x254 main.o
                0x00000570                Menu
 .text.PlayLoop
                0x000007c4      0x158 main.o
                0x000007c4                PlayLoop
 .text.I2S_PassThroughLoop
                0x0000091c       0x8c main.o
                0x0000091c                I2S_PassThroughLoop
 .text.I2S_PassThroughInterrupt
                0x000009a8       0xa0 main.o
                0x000009a8                I2S_PassThroughInterrupt
 .text.MASSIVE_TEST
                0x00000a48       0x64 main.o
                0x00000a48                MASSIVE_TEST
 .text.PassThroughLoop
                0x00000aac       0x3c main.o
                0x00000aac                PassThroughLoop
 .text.UART_Mode
                0x00000ae8       0x98 main.o
                0x00000ae8                UART_Mode
 .text.FatRead  0x00000b80       0xc4 main.o
                0x00000b80                FatRead
 .text.main     0x00000c44       0x38 main.o
                0x00000c44                main
 .text.temp     0x00000c7c       0x18 main.o
                0x00000c7c                temp
 .text          0x00000c94        0x0 source/i2s_polling.o
 .text.NVIC_EnableIRQ
                0x00000c94       0x38 source/i2s_polling.o
 .text.NVIC_SetPriority
                0x00000ccc       0x5c source/i2s_polling.o
 .text.I2S_IRQHandler
                0x00000d28      0x154 source/i2s_polling.o
                0x00000d28                I2S_IRQHandler
 .text.I2S_Polling_Init
                0x00000e7c      0x180 source/i2s_polling.o
                0x00000e7c                I2S_Polling_Init
 .text.I2S_Polling_Read
                0x00000ffc       0x84 source/i2s_polling.o
                0x00000ffc                I2S_Polling_Read
 .text.I2S_Polling_Write
                0x00001080       0x5c source/i2s_polling.o
                0x00001080                I2S_Polling_Write
 .text          0x000010dc        0x0 source/KeyAccess.o
 .text.GetKeyInput
                0x000010dc       0x4c source/KeyAccess.o
                0x000010dc                GetKeyInput
 .text.DecodeInput
                0x00001128       0xc8 source/KeyAccess.o
                0x00001128                DecodeInput
 .text.GetKeyData
                0x000011f0       0xb4 source/KeyAccess.o
                0x000011f0                GetKeyData
 .text          0x000012a4        0x0 source/LCD.o
 .text.NVIC_SetPriority
                0x000012a4       0x5c source/LCD.o
 .text.SysTick_Config
                0x00001300       0x64 source/LCD.o
 .text.SendData
                0x00001364       0x3c source/LCD.o
                0x00001364                SendData
 .text.LCDEnable
                0x000013a0       0x28 source/LCD.o
                0x000013a0                LCDEnable
 .text.LCDDisable
                0x000013c8       0x28 source/LCD.o
                0x000013c8                LCDDisable
 .text.LCDGoHome
                0x000013f0       0x28 source/LCD.o
                0x000013f0                LCDGoHome
 .text.LCDNewLine
                0x00001418       0x28 source/LCD.o
                0x00001418                LCDNewLine
 .text.LCDCursorShift
                0x00001440       0xb0 source/LCD.o
                0x00001440                LCDCursorShift
 .text.LCDInit  0x000014f0       0x38 source/LCD.o
                0x000014f0                LCDInit
 .text.LCDClear
                0x00001528       0x70 source/LCD.o
                0x00001528                LCDClear
 .text.LCDPrint
                0x00001598       0xec source/LCD.o
                0x00001598                LCDPrint
 .text.main_LDCPrintHelloWorld
                0x00001684       0x68 source/LCD.o
                0x00001684                main_LDCPrintHelloWorld
 .text          0x000016ec        0x0 source/i2s.o
 .text.NVIC_EnableIRQ
                0x000016ec       0x38 source/i2s.o
 .text.NVIC_DisableIRQ
                0x00001724       0x3c source/i2s.o
 .text.NVIC_SetPriority
                0x00001760       0x5c source/i2s.o
 .text.DMA_IRQHandler
                0x000017bc      0x104 source/i2s.o
                0x000017bc                DMA_IRQHandler
 .text.Init_I2S
                0x000018c0       0xd0 source/i2s.o
                0x000018c0                Init_I2S
 .text.ConfInit
                0x00001990       0x68 source/i2s.o
                0x00001990                ConfInit
 .text.ClockInit
                0x000019f8       0x54 source/i2s.o
                0x000019f8                ClockInit
 .text.InitializeGPDMA
                0x00001a4c      0x150 source/i2s.o
                0x00001a4c                InitializeGPDMA
 .text.EnableInput
                0x00001b9c       0x50 source/i2s.o
                0x00001b9c                EnableInput
 .text.EnableOutput
                0x00001bec       0x50 source/i2s.o
                0x00001bec                EnableOutput
 .text.DisableInput
                0x00001c3c       0x50 source/i2s.o
                0x00001c3c                DisableInput
 .text.DisableOutput
                0x00001c8c       0x50 source/i2s.o
                0x00001c8c                DisableOutput
 .text          0x00001cdc        0x0 source/Delay.o
 .text.NVIC_SetPriority
                0x00001cdc       0x5c source/Delay.o
 .text.SysTick_Config
                0x00001d38       0x64 source/Delay.o
 .text.SysTick_Handler
                0x00001d9c       0x24 source/Delay.o
                0x00001d9c                SysTick_Handler
 .text.Delay    0x00001dc0       0x34 source/Delay.o
                0x00001dc0                Delay
 .text.DelayInit
                0x00001df4       0x2c source/Delay.o
                0x00001df4                DelayInit
 .text          0x00001e20        0x0 source/SerialIO.o
 .text.NVIC_EnableIRQ
                0x00001e20       0x38 source/SerialIO.o
 .text.NVIC_DisableIRQ
                0x00001e58       0x3c source/SerialIO.o
 .text.NVIC_SetPriority
                0x00001e94       0x5c source/SerialIO.o
 .text.UART0_IRQHandler
                0x00001ef0       0x4c source/SerialIO.o
                0x00001ef0                UART0_IRQHandler
 .text.ReceiveText
                0x00001f3c       0xdc source/SerialIO.o
                0x00001f3c                ReceiveText
 .text.ReadText
                0x00002018       0xa4 source/SerialIO.o
                0x00002018                ReadText
 .text.AddTextToBuffer
                0x000020bc       0xa4 source/SerialIO.o
                0x000020bc                AddTextToBuffer
 .text.ProcessBuffer
                0x00002160       0xc4 source/SerialIO.o
                0x00002160                ProcessBuffer
 .text.TransmitText
                0x00002224      0x10c source/SerialIO.o
                0x00002224                TransmitText
 .text.InitSerial
                0x00002330       0x90 source/SerialIO.o
                0x00002330                InitSerial
 .text.WriteText
                0x000023c0       0x30 source/SerialIO.o
                0x000023c0                WriteText
 .text.InitSerInterrupts
                0x000023f0       0x88 source/SerialIO.o
                0x000023f0                InitSerInterrupts
 .text.EnableSerInterrupts
                0x00002478       0x10 source/SerialIO.o
                0x00002478                EnableSerInterrupts
 .text.DisableSerInterrupts
                0x00002488       0x10 source/SerialIO.o
                0x00002488                DisableSerInterrupts
 .text          0x00002498        0x0 source/I2C.o
 .text.I2CInit  0x00002498       0x30 source/I2C.o
                0x00002498                I2CInit
 .text.SetupVals
                0x000024c8       0x54 source/I2C.o
                0x000024c8                SetupVals
 .text.SetupPINS
                0x0000251c       0x44 source/I2C.o
                0x0000251c                SetupPINS
 .text          0x00002560        0x0 source/TLV320.o
 .text.TLV320_ChangeInputVolume
                0x00002560       0x38 source/TLV320.o
                0x00002560                TLV320_ChangeInputVolume
 .text.TLV320_ChangeOutputVolume
                0x00002598       0x40 source/TLV320.o
                0x00002598                TLV320_ChangeOutputVolume
 .text.TLV320_EnablePassThrough
                0x000025d8       0x28 source/TLV320.o
                0x000025d8                TLV320_EnablePassThrough
 .text.TLV320_DisablePassThrough
                0x00002600       0x30 source/TLV320.o
                0x00002600                TLV320_DisablePassThrough
 .text.TLV320_Setup
                0x00002630       0x28 source/TLV320.o
                0x00002630                TLV320_Setup
 .text.TLV320_EnableDAC
                0x00002658       0x2c source/TLV320.o
                0x00002658                TLV320_EnableDAC
 .text.TLV320_EnableOutput
                0x00002684       0x2c source/TLV320.o
                0x00002684                TLV320_EnableOutput
 .text.TLV320_Start_I2S_Polling_Passthrough
                0x000026b0       0x34 source/TLV320.o
                0x000026b0                TLV320_Start_I2S_Polling_Passthrough
 .text.TLV320_SendData
                0x000026e4       0x64 source/TLV320.o
                0x000026e4                TLV320_SendData
 .text          0x00002748        0x0 source/FatFS/ffsystem.o
 .text          0x00002748        0x0 source/FatFS/ff.o
 .text.ld_word  0x00002748       0x34 source/FatFS/ff.o
 .text.ld_dword
                0x0000277c       0x58 source/FatFS/ff.o
 .text.st_word  0x000027d4       0x40 source/FatFS/ff.o
 .text.st_dword
                0x00002814       0x6c source/FatFS/ff.o
 .text.rtc_gettime
                0x00002880      0x124 source/FatFS/ff.o
                0x00002880                rtc_gettime
 .text.get_fattime
                0x000029a4       0x54 source/FatFS/ff.o
                0x000029a4                get_fattime
 .text.mem_cpy  0x000029f8       0x4c source/FatFS/ff.o
 .text.mem_set  0x00002a44       0x38 source/FatFS/ff.o
 .text.mem_cmp  0x00002a7c       0x5c source/FatFS/ff.o
 .text.chk_chr  0x00002ad8       0x38 source/FatFS/ff.o
 .text.dbc_1st  0x00002b10       0x68 source/FatFS/ff.o
 .text.dbc_2nd  0x00002b78       0x8c source/FatFS/ff.o
 .text.sync_window
                0x00002c04       0x90 source/FatFS/ff.o
 .text.move_window
                0x00002c94       0x68 source/FatFS/ff.o
 .text.sync_fs  0x00002cfc       0xf8 source/FatFS/ff.o
 .text.clst2sect
                0x00002df4       0x44 source/FatFS/ff.o
 .text.get_fat  0x00002e38      0x180 source/FatFS/ff.o
 .text.put_fat  0x00002fb8      0x218 source/FatFS/ff.o
 .text.remove_chain
                0x000031d0       0xdc source/FatFS/ff.o
 .text.create_chain
                0x000032ac      0x1c4 source/FatFS/ff.o
 .text.dir_clear
                0x00003470       0xa4 source/FatFS/ff.o
 .text.dir_sdi  0x00003514      0x114 source/FatFS/ff.o
 .text.dir_next
                0x00003628      0x164 source/FatFS/ff.o
 .text.dir_alloc
                0x0000378c       0x9c source/FatFS/ff.o
 .text.ld_clust
                0x00003828       0x48 source/FatFS/ff.o
 .text.st_clust
                0x00003870       0x44 source/FatFS/ff.o
 .text.dir_read
                0x000038b4       0xc4 source/FatFS/ff.o
 .text.dir_find
                0x00003978       0xbc source/FatFS/ff.o
 .text.dir_register
                0x00003a34       0x74 source/FatFS/ff.o
 .text.dir_remove
                0x00003aa8       0x44 source/FatFS/ff.o
 .text.get_fileinfo
                0x00003aec       0xf4 source/FatFS/ff.o
 .text.create_name
                0x00003be0      0x1cc source/FatFS/ff.o
 .text.follow_path
                0x00003dac       0xf4 source/FatFS/ff.o
 .text.get_ldnumber
                0x00003ea0       0x98 source/FatFS/ff.o
 .text.check_fs
                0x00003f38       0xcc source/FatFS/ff.o
 .text.find_volume
                0x00004004      0x538 source/FatFS/ff.o
 .text.validate
                0x0000453c       0x74 source/FatFS/ff.o
 .text.f_mount  0x000045b0       0x98 source/FatFS/ff.o
                0x000045b0                f_mount
 .text.f_open   0x00004648      0x354 source/FatFS/ff.o
                0x00004648                f_open
 .text.f_read   0x0000499c      0x2b8 source/FatFS/ff.o
                0x0000499c                f_read
 .text.f_write  0x00004c54      0x324 source/FatFS/ff.o
                0x00004c54                f_write
 .text.f_sync   0x00004f78      0x118 source/FatFS/ff.o
                0x00004f78                f_sync
 .text.f_close  0x00005090       0x44 source/FatFS/ff.o
                0x00005090                f_close
 .text.f_lseek  0x000050d4      0x2a4 source/FatFS/ff.o
                0x000050d4                f_lseek
 .text.f_opendir
                0x00005378       0xc4 source/FatFS/ff.o
                0x00005378                f_opendir
 .text.f_closedir
                0x0000543c       0x34 source/FatFS/ff.o
                0x0000543c                f_closedir
 .text.f_readdir
                0x00005470       0x88 source/FatFS/ff.o
                0x00005470                f_readdir
 .text.f_stat   0x000054f8       0x80 source/FatFS/ff.o
                0x000054f8                f_stat
 .text.f_getfree
                0x00005578      0x198 source/FatFS/ff.o
                0x00005578                f_getfree
 .text.f_truncate
                0x00005710      0x148 source/FatFS/ff.o
                0x00005710                f_truncate
 .text.f_unlink
                0x00005858      0x158 source/FatFS/ff.o
                0x00005858                f_unlink
 .text.f_mkdir  0x000059b0      0x1d8 source/FatFS/ff.o
                0x000059b0                f_mkdir
 .text.f_rename
                0x00005b88      0x228 source/FatFS/ff.o
                0x00005b88                f_rename
 .text          0x00005db0        0x0 source/FatFS/ffunicode.o
 .text          0x00005db0        0x0 source/FatFS/mmc_176x_ssp.o
 .text.xchg_spi
                0x00005db0       0x44 source/FatFS/mmc_176x_ssp.o
 .text.rcvr_spi_multi
                0x00005df4      0x138 source/FatFS/mmc_176x_ssp.o
 .text.xmit_spi_multi
                0x00005f2c      0x138 source/FatFS/mmc_176x_ssp.o
 .text.wait_ready
                0x00006064       0x48 source/FatFS/mmc_176x_ssp.o
 .text.deselect
                0x000060ac       0x1c source/FatFS/mmc_176x_ssp.o
 .text.select   0x000060c8       0x3c source/FatFS/mmc_176x_ssp.o
 .text.power_on
                0x00006104      0x104 source/FatFS/mmc_176x_ssp.o
 .text.power_off
                0x00006208       0x10 source/FatFS/mmc_176x_ssp.o
 .text.rcvr_datablock
                0x00006218       0x6c source/FatFS/mmc_176x_ssp.o
 .text.xmit_datablock
                0x00006284       0x74 source/FatFS/mmc_176x_ssp.o
 .text.send_cmd
                0x000062f8       0xfc source/FatFS/mmc_176x_ssp.o
 .text.disk_initialize
                0x000063f4      0x25c source/FatFS/mmc_176x_ssp.o
                0x000063f4                disk_initialize
 .text.disk_status
                0x00006650       0x30 source/FatFS/mmc_176x_ssp.o
                0x00006650                disk_status
 .text.disk_read
                0x00006680       0xd0 source/FatFS/mmc_176x_ssp.o
                0x00006680                disk_read
 .text.disk_write
                0x00006750      0x128 source/FatFS/mmc_176x_ssp.o
                0x00006750                disk_write
 .text.disk_ioctl
                0x00006878      0x578 source/FatFS/mmc_176x_ssp.o
                0x00006878                disk_ioctl
 .text.disk_timerproc
                0x00006df0       0xa4 source/FatFS/mmc_176x_ssp.o
                0x00006df0                disk_timerproc
 .text          0x00006e94        0x0 source/FatFS/diskio.o
 .text          0x00006e94        0x0 /opt/york/cs/net/lpc1700-cmsis-lite-2011.01.26-i686-1/lib/core_cm3.o
 .text          0x00006e94        0x0 /opt/york/cs/net/lpc1700-cmsis-lite-2011.01.26-i686-1/lib/system_LPC17xx.o
 .text.SystemCoreClockUpdate
                0x00006e94      0x228 /opt/york/cs/net/lpc1700-cmsis-lite-2011.01.26-i686-1/lib/system_LPC17xx.o
                0x00006e94                SystemCoreClockUpdate
 .text.SystemInit
                0x000070bc      0x240 /opt/york/cs/net/lpc1700-cmsis-lite-2011.01.26-i686-1/lib/system_LPC17xx.o
                0x000070bc                SystemInit
 .text          0x000072fc       0x14 /opt/york/cs/net/lpc1700-cmsis-lite-2011.01.26-i686-1/lib/startup_LPC17xx.o
                0x000072fc                NMI_Handler
                0x000072fe                HardFault_Handler
                0x00007300                MemManage_Handler
                0x00007302                BusFault_Handler
                0x00007304                UsageFault_Handler
                0x00007306                SVC_Handler
                0x00007308                DebugMon_Handler
                0x0000730a                PendSV_Handler
                0x0000730e                TIMER2_IRQHandler
                0x0000730e                RIT_IRQHandler
                0x0000730e                I2C0_IRQHandler
                0x0000730e                USBActivity_IRQHandler
                0x0000730e                PWM1_IRQHandler
                0x0000730e                I2C1_IRQHandler
                0x0000730e                EINT2_IRQHandler
                0x0000730e                UART1_IRQHandler
                0x0000730e                CANActivity_IRQHandler
                0x0000730e                TIMER3_IRQHandler
                0x0000730e                PLL0_IRQHandler
                0x0000730e                CAN_IRQHandler
                0x0000730e                PLL1_IRQHandler
                0x0000730e                SSP0_IRQHandler
                0x0000730e                I2C2_IRQHandler
                0x0000730e                RTC_IRQHandler
                0x0000730e                TIMER0_IRQHandler
                0x0000730e                SPI_IRQHandler
                0x0000730e                EINT1_IRQHandler
                0x0000730e                TIMER1_IRQHandler
                0x0000730e                UART2_IRQHandler
                0x0000730e                Default_Handler
                0x0000730e                ADC_IRQHandler
                0x0000730e                SSP1_IRQHandler
                0x0000730e                USB_IRQHandler
                0x0000730e                BOD_IRQHandler
                0x0000730e                WDT_IRQHandler
                0x0000730e                QEI_IRQHandler
                0x0000730e                EINT0_IRQHandler
                0x0000730e                UART3_IRQHandler
                0x0000730e                MCPWM_IRQHandler
                0x0000730e                ENET_IRQHandler
 .text          0x00007310       0x20 /opt/york/cs/net/sourcery-g++-lite-arm-eabi-2010.09.51-i686-1/arm-none-eabi/lib/thumb2/libc.a(lib_a-malloc.o)
                0x00007310                malloc
                0x00007320                free
 .text          0x00007330      0x57c /opt/york/cs/net/sourcery-g++-lite-arm-eabi-2010.09.51-i686-1/arm-none-eabi/lib/thumb2/libc.a(lib_a-mallocr.o)
                0x00007330                _malloc_r
 .text          0x000078ac        0x8 /opt/york/cs/net/sourcery-g++-lite-arm-eabi-2010.09.51-i686-1/arm-none-eabi/lib/thumb2/libc.a(lib_a-mlock.o)
                0x000078ac                __malloc_lock
                0x000078b0                __malloc_unlock
 .text          0x000078b4       0x28 /opt/york/cs/net/sourcery-g++-lite-arm-eabi-2010.09.51-i686-1/arm-none-eabi/lib/thumb2/libc.a(lib_a-sbrkr.o)
                0x000078b4                _sbrk_r
 .text          0x000078dc       0x94 /opt/york/cs/net/sourcery-g++-lite-arm-eabi-2010.09.51-i686-1/arm-none-eabi/lib/thumb2/libc.a(lib_a-sprintf.o)
                0x000078dc                _sprintf_r
                0x00007920                sprintf
 .text          0x00007970       0x60 /opt/york/cs/net/sourcery-g++-lite-arm-eabi-2010.09.51-i686-1/arm-none-eabi/lib/thumb2/libc.a(lib_a-strlen.o)
                0x00007970                strlen
 .text          0x000079d0     0x1658 /opt/york/cs/net/sourcery-g++-lite-arm-eabi-2010.09.51-i686-1/arm-none-eabi/lib/thumb2/libc.a(lib_a-svfprintf.o)
                0x000079d0                _svfprintf_r
 .text          0x00009028     0x1000 /opt/york/cs/net/sourcery-g++-lite-arm-eabi-2010.09.51-i686-1/arm-none-eabi/lib/thumb2/libc.a(lib_a-dtoa.o)
                0x00009154                _dtoa_r
 .text          0x0000a028      0x240 /opt/york/cs/net/sourcery-g++-lite-arm-eabi-2010.09.51-i686-1/arm-none-eabi/lib/thumb2/libc.a(lib_a-freer.o)
                0x0000a028                _malloc_trim_r
                0x0000a0d0                _free_r
 .text          0x0000a268        0x0 /opt/york/cs/net/sourcery-g++-lite-arm-eabi-2010.09.51-i686-1/arm-none-eabi/lib/thumb2/libc.a(lib_a-impure.o)
 .text          0x0000a268       0xa0 /opt/york/cs/net/sourcery-g++-lite-arm-eabi-2010.09.51-i686-1/arm-none-eabi/lib/thumb2/libc.a(lib_a-locale.o)
                0x0000a268                _setlocale_r
                0x0000a2c4                __locale_charset
                0x0000a2d0                __locale_mb_cur_max
                0x0000a2dc                __locale_msgcharset
                0x0000a2e4                __locale_cjk_lang
                0x0000a2e8                _localeconv_r
                0x0000a2f0                setlocale
                0x0000a300                localeconv
 .text          0x0000a308       0x88 /opt/york/cs/net/sourcery-g++-lite-arm-eabi-2010.09.51-i686-1/arm-none-eabi/lib/thumb2/libc.a(lib_a-memchr.o)
                0x0000a308                memchr
 .text          0x0000a390      0x150 /opt/york/cs/net/sourcery-g++-lite-arm-eabi-2010.09.51-i686-1/arm-none-eabi/lib/thumb2/libc.a(lib_a-memcpy.o)
                0x0000a390                memcpy
 .text          0x0000a4e0      0x920 /opt/york/cs/net/sourcery-g++-lite-arm-eabi-2010.09.51-i686-1/arm-none-eabi/lib/thumb2/libc.a(lib_a-mprec.o)
                0x0000a4e0                _Balloc
                0x0000a548                _Bfree
                0x0000a580                __multadd
                0x0000a604                __s2b
                0x0000a698                __hi0bits
                0x0000a6d8                __lo0bits
                0x0000a73c                __i2b
                0x0000a750                __multiply
                0x0000a878                __pow5mult
                0x0000a91c                __lshift
                0x0000a9c8                __mcmp
                0x0000aa04                __mdiff
                0x0000aafc                __ulp
                0x0000ab44                __b2d
                0x0000abf0                __d2b
                0x0000acb8                __ratio
                0x0000ad28                _mprec_log10
                0x0000ad5c                __copybits
                0x0000ada4                __any_on
 .text          0x0000ae00      0x114 /opt/york/cs/net/sourcery-g++-lite-arm-eabi-2010.09.51-i686-1/arm-none-eabi/lib/thumb2/libc.a(lib_a-reent.o)
                0x0000ae00                cleanup_glue
                0x0000ae1c                _reclaim_reent
                0x0000aedc                _wrapup_reent
 .text          0x0000af14       0x90 /opt/york/cs/net/sourcery-g++-lite-arm-eabi-2010.09.51-i686-1/arm-none-eabi/lib/thumb2/libc.a(lib_a-s_fpclassify.o)
                0x0000af14                __fpclassifyd
 .text          0x0000afa4      0x1dc /opt/york/cs/net/sourcery-g++-lite-arm-eabi-2010.09.51-i686-1/arm-none-eabi/lib/thumb2/libc.a(lib_a-strcmp.o)
                0x0000afa4                strcmp
 .text          0x0000b180      0xbe4 /opt/york/cs/net/sourcery-g++-lite-arm-eabi-2010.09.51-i686-1/arm-none-eabi/lib/thumb2/libc.a(lib_a-svfiprintf.o)
                0x0000b180                __ssprint_r
                0x0000b288                _svfiprintf_r
 .text          0x0000bd64       0x5c /opt/york/cs/net/sourcery-g++-lite-arm-eabi-2010.09.51-i686-1/arm-none-eabi/lib/thumb2/libc.a(lib_a-callocr.o)
                0x0000bd64                _calloc_r
 .text          0x0000bdc0       0xa0 /opt/york/cs/net/sourcery-g++-lite-arm-eabi-2010.09.51-i686-1/arm-none-eabi/lib/thumb2/libc.a(lib_a-memmove.o)
                0x0000bdc0                memmove
 .text          0x0000be60       0xb4 /opt/york/cs/net/sourcery-g++-lite-arm-eabi-2010.09.51-i686-1/arm-none-eabi/lib/thumb2/libc.a(lib_a-memset.o)
                0x0000be60                memset
 .text          0x0000bf14      0x41c /opt/york/cs/net/sourcery-g++-lite-arm-eabi-2010.09.51-i686-1/arm-none-eabi/lib/thumb2/libc.a(lib_a-reallocr.o)
                0x0000bf14                _realloc_r
 .text          0x0000c330      0x278 /opt/york/cs/net/sourcery-g++-lite-arm-eabi-2010.09.51-i686-1/bin/../lib/gcc/arm-none-eabi/4.5.1/thumb2/libgcc.a(_udivsi3.o)
                0x0000c330                __udivsi3
                0x0000c330                __aeabi_uidiv
                0x0000c58c                __aeabi_uidivmod
 .text          0x0000c5a8        0x4 /opt/york/cs/net/sourcery-g++-lite-arm-eabi-2010.09.51-i686-1/bin/../lib/gcc/arm-none-eabi/4.5.1/thumb2/libgcc.a(_dvmd_tls.o)
                0x0000c5a8                __aeabi_ldiv0
                0x0000c5a8                __aeabi_idiv0
 .text          0x0000c5ac      0x370 /opt/york/cs/net/sourcery-g++-lite-arm-eabi-2010.09.51-i686-1/bin/../lib/gcc/arm-none-eabi/4.5.1/thumb2/libgcc.a(_arm_addsubdf3.o)
                0x0000c5ac                __aeabi_drsub
                0x0000c5b4                __aeabi_dsub
                0x0000c5b4                __subdf3
                0x0000c5b8                __adddf3
                0x0000c5b8                __aeabi_dadd
                0x0000c830                __aeabi_ui2d
                0x0000c830                __floatunsidf
                0x0000c850                __floatsidf
                0x0000c850                __aeabi_i2d
                0x0000c874                __extendsfdf2
                0x0000c874                __aeabi_f2d
                0x0000c8b0                __aeabi_ul2d
                0x0000c8b0                __floatundidf
                0x0000c8c0                __floatdidf
                0x0000c8c0                __aeabi_l2d
 .text          0x0000c91c      0x424 /opt/york/cs/net/sourcery-g++-lite-arm-eabi-2010.09.51-i686-1/bin/../lib/gcc/arm-none-eabi/4.5.1/thumb2/libgcc.a(_arm_muldivdf3.o)
                0x0000c91c                __aeabi_dmul
                0x0000c91c                __muldf3
                0x0000cb70                __aeabi_ddiv
                0x0000cb70                __divdf3
 .text          0x0000cd40      0x110 /opt/york/cs/net/sourcery-g++-lite-arm-eabi-2010.09.51-i686-1/bin/../lib/gcc/arm-none-eabi/4.5.1/thumb2/libgcc.a(_arm_cmpdf2.o)
                0x0000cd40                __gtdf2
                0x0000cd40                __gedf2
                0x0000cd48                __ltdf2
                0x0000cd48                __ledf2
                0x0000cd50                __cmpdf2
                0x0000cd50                __eqdf2
                0x0000cd50                __nedf2
                0x0000cdcc                __aeabi_cdrcmple
                0x0000cddc                __aeabi_cdcmple
                0x0000cddc                __aeabi_cdcmpeq
                0x0000cdec                __aeabi_dcmpeq
                0x0000ce00                __aeabi_dcmplt
                0x0000ce14                __aeabi_dcmple
                0x0000ce28                __aeabi_dcmpge
                0x0000ce3c                __aeabi_dcmpgt
 .text          0x0000ce50       0x50 /opt/york/cs/net/sourcery-g++-lite-arm-eabi-2010.09.51-i686-1/bin/../lib/gcc/arm-none-eabi/4.5.1/thumb2/libgcc.a(_arm_fixdfsi.o)
                0x0000ce50                __fixdfsi
                0x0000ce50                __aeabi_d2iz
 .text          0x0000cea0       0x2c /opt/york/cs/net/sourcery-g++-lite-arm-eabi-2010.09.51-i686-1/bin/../lib/gcc/arm-none-eabi/4.5.1/thumb2/libgcc.a(_aeabi_uldivmod.o)
                0x0000cea0                __aeabi_uldivmod
 .text          0x0000cecc       0x60 /opt/york/cs/net/sourcery-g++-lite-arm-eabi-2010.09.51-i686-1/bin/../lib/gcc/arm-none-eabi/4.5.1/thumb2/libgcc.a(bpabi.o)
                0x0000cecc                __gnu_ldivmod_helper
                0x0000cefc                __gnu_uldivmod_helper
 .text          0x0000cf2c      0x364 /opt/york/cs/net/sourcery-g++-lite-arm-eabi-2010.09.51-i686-1/bin/../lib/gcc/arm-none-eabi/4.5.1/thumb2/libgcc.a(_divdi3.o)
                0x0000cf2c                __divdi3
 .text          0x0000d290      0x314 /opt/york/cs/net/sourcery-g++-lite-arm-eabi-2010.09.51-i686-1/bin/../lib/gcc/arm-none-eabi/4.5.1/thumb2/libgcc.a(_udivdi3.o)
                0x0000d290                __udivdi3
 .text          0x0000d5a4       0x30 /opt/york/cs/net/sourcery-g++-lite-arm-eabi-2010.09.51-i686-1/arm-none-eabi/lib/thumb2/libcs3.a(start_c.o)
                0x0000d5a4                __cs3_premain
 .text.cs3.init
                0x0000d5d4       0x50 /opt/york/cs/net/sourcery-g++-lite-arm-eabi-2010.09.51-i686-1/arm-none-eabi/lib/thumb2/libcs3.a(start_c.o)
                0x0000d5d4                __cs3_start_c
 .text          0x0000d624       0x40 /opt/york/cs/net/sourcery-g++-lite-arm-eabi-2010.09.51-i686-1/arm-none-eabi/lib/thumb2/libcs3unhosted.a(unhosted-sbrk.o)
                0x0000d624                _sbrk
 .text          0x0000d664        0x0 /opt/york/cs/net/sourcery-g++-lite-arm-eabi-2010.09.51-i686-1/arm-none-eabi/lib/thumb2/libcs3unhosted.a(unhosted-start.o)
 .text.cs3.init
                0x0000d664       0x10 /opt/york/cs/net/sourcery-g++-lite-arm-eabi-2010.09.51-i686-1/arm-none-eabi/lib/thumb2/libcs3unhosted.a(unhosted-start.o)
                0x0000d664                _start
 .text          0x0000d674        0xc /opt/york/cs/net/sourcery-g++-lite-arm-eabi-2010.09.51-i686-1/arm-none-eabi/lib/thumb2/libc.a(lib_a-errno.o)
                0x0000d674                __errno
 .text          0x0000d680       0x50 /opt/york/cs/net/sourcery-g++-lite-arm-eabi-2010.09.51-i686-1/arm-none-eabi/lib/thumb2/libc.a(lib_a-init.o)
                0x0000d680                __libc_init_array
 .text          0x0000d6d0        0x0 /opt/york/cs/net/sourcery-g++-lite-arm-eabi-2010.09.51-i686-1/arm-none-eabi/lib/thumb2/libcs3.a(heap.o)
 .text          0x0000d6d0        0x0 /opt/york/cs/net/lpc1700-cmsis-lite-2011.01.26-i686-1/lib/libDriversLPC17xxgnu.a(lpc17xx_gpdma.o)
 .text.GPDMA_Init
                0x0000d6d0       0xa0 /opt/york/cs/net/lpc1700-cmsis-lite-2011.01.26-i686-1/lib/libDriversLPC17xxgnu.a(lpc17xx_gpdma.o)
                0x0000d6d0                GPDMA_Init
 .text.GPDMA_Setup
                0x0000d770      0x41c /opt/york/cs/net/lpc1700-cmsis-lite-2011.01.26-i686-1/lib/libDriversLPC17xxgnu.a(lpc17xx_gpdma.o)
                0x0000d770                GPDMA_Setup
 .text.GPDMA_ChannelCmd
                0x0000db8c       0x48 /opt/york/cs/net/lpc1700-cmsis-lite-2011.01.26-i686-1/lib/libDriversLPC17xxgnu.a(lpc17xx_gpdma.o)
                0x0000db8c                GPDMA_ChannelCmd
 .text.GPDMA_IntGetStatus
                0x0000dbd4      0x194 /opt/york/cs/net/lpc1700-cmsis-lite-2011.01.26-i686-1/lib/libDriversLPC17xxgnu.a(lpc17xx_gpdma.o)
                0x0000dbd4                GPDMA_IntGetStatus
 .text.GPDMA_ClearIntPending
                0x0000dd68       0x80 /opt/york/cs/net/lpc1700-cmsis-lite-2011.01.26-i686-1/lib/libDriversLPC17xxgnu.a(lpc17xx_gpdma.o)
                0x0000dd68                GPDMA_ClearIntPending
 .text          0x0000dde8        0x0 /opt/york/cs/net/lpc1700-cmsis-lite-2011.01.26-i686-1/lib/libDriversLPC17xxgnu.a(lpc17xx_i2c.o)
 .text.NVIC_EnableIRQ
                0x0000dde8       0x38 /opt/york/cs/net/lpc1700-cmsis-lite-2011.01.26-i686-1/lib/libDriversLPC17xxgnu.a(lpc17xx_i2c.o)
 .text.NVIC_DisableIRQ
                0x0000de20       0x3c /opt/york/cs/net/lpc1700-cmsis-lite-2011.01.26-i686-1/lib/libDriversLPC17xxgnu.a(lpc17xx_i2c.o)
 .text.I2C_getNum
                0x0000de5c       0x54 /opt/york/cs/net/lpc1700-cmsis-lite-2011.01.26-i686-1/lib/libDriversLPC17xxgnu.a(lpc17xx_i2c.o)
 .text.I2C_Start
                0x0000deb0       0x44 /opt/york/cs/net/lpc1700-cmsis-lite-2011.01.26-i686-1/lib/libDriversLPC17xxgnu.a(lpc17xx_i2c.o)
 .text.I2C_Stop
                0x0000def4       0x38 /opt/york/cs/net/lpc1700-cmsis-lite-2011.01.26-i686-1/lib/libDriversLPC17xxgnu.a(lpc17xx_i2c.o)
 .text.I2C_SendByte
                0x0000df2c       0x50 /opt/york/cs/net/lpc1700-cmsis-lite-2011.01.26-i686-1/lib/libDriversLPC17xxgnu.a(lpc17xx_i2c.o)
 .text.I2C_GetByte
                0x0000df7c       0x5c /opt/york/cs/net/lpc1700-cmsis-lite-2011.01.26-i686-1/lib/libDriversLPC17xxgnu.a(lpc17xx_i2c.o)
 .text.I2C_SetClock
                0x0000dfd8       0xc8 /opt/york/cs/net/lpc1700-cmsis-lite-2011.01.26-i686-1/lib/libDriversLPC17xxgnu.a(lpc17xx_i2c.o)
 .text.I2C_Init
                0x0000e0a0       0xd8 /opt/york/cs/net/lpc1700-cmsis-lite-2011.01.26-i686-1/lib/libDriversLPC17xxgnu.a(lpc17xx_i2c.o)
                0x0000e0a0                I2C_Init
 .text.I2C_DeInit
                0x0000e178       0xa4 /opt/york/cs/net/lpc1700-cmsis-lite-2011.01.26-i686-1/lib/libDriversLPC17xxgnu.a(lpc17xx_i2c.o)
                0x0000e178                I2C_DeInit
 .text.I2C_Cmd  0x0000e21c       0x84 /opt/york/cs/net/lpc1700-cmsis-lite-2011.01.26-i686-1/lib/libDriversLPC17xxgnu.a(lpc17xx_i2c.o)
                0x0000e21c                I2C_Cmd
 .text.I2C_IntCmd
                0x0000e2a0       0xa8 /opt/york/cs/net/lpc1700-cmsis-lite-2011.01.26-i686-1/lib/libDriversLPC17xxgnu.a(lpc17xx_i2c.o)
                0x0000e2a0                I2C_IntCmd
 .text.I2C_MasterHandler
                0x0000e348      0x3d8 /opt/york/cs/net/lpc1700-cmsis-lite-2011.01.26-i686-1/lib/libDriversLPC17xxgnu.a(lpc17xx_i2c.o)
                0x0000e348                I2C_MasterHandler
 .text.I2C_SlaveHandler
                0x0000e720      0x1d8 /opt/york/cs/net/lpc1700-cmsis-lite-2011.01.26-i686-1/lib/libDriversLPC17xxgnu.a(lpc17xx_i2c.o)
                0x0000e720                I2C_SlaveHandler
 .text.I2C_MasterTransferData
                0x0000e8f8      0x33c /opt/york/cs/net/lpc1700-cmsis-lite-2011.01.26-i686-1/lib/libDriversLPC17xxgnu.a(lpc17xx_i2c.o)
                0x0000e8f8                I2C_MasterTransferData
 .text.I2C_SlaveTransferData
                0x0000ec34      0x268 /opt/york/cs/net/lpc1700-cmsis-lite-2011.01.26-i686-1/lib/libDriversLPC17xxgnu.a(lpc17xx_i2c.o)
                0x0000ec34                I2C_SlaveTransferData
 .text.I2C_SetOwnSlaveAddr
                0x0000ee9c      0x118 /opt/york/cs/net/lpc1700-cmsis-lite-2011.01.26-i686-1/lib/libDriversLPC17xxgnu.a(lpc17xx_i2c.o)
                0x0000ee9c                I2C_SetOwnSlaveAddr
 .text.I2C_MonitorModeConfig
                0x0000efb4       0x9c /opt/york/cs/net/lpc1700-cmsis-lite-2011.01.26-i686-1/lib/libDriversLPC17xxgnu.a(lpc17xx_i2c.o)
                0x0000efb4                I2C_MonitorModeConfig
 .text.I2C_MonitorModeCmd
                0x0000f050       0xb0 /opt/york/cs/net/lpc1700-cmsis-lite-2011.01.26-i686-1/lib/libDriversLPC17xxgnu.a(lpc17xx_i2c.o)
                0x0000f050                I2C_MonitorModeCmd
 .text.I2C_MonitorGetDatabuffer
                0x0000f100       0x54 /opt/york/cs/net/lpc1700-cmsis-lite-2011.01.26-i686-1/lib/libDriversLPC17xxgnu.a(lpc17xx_i2c.o)
                0x0000f100                I2C_MonitorGetDatabuffer
 .text.I2C_MonitorHandler
                0x0000f154       0x6c /opt/york/cs/net/lpc1700-cmsis-lite-2011.01.26-i686-1/lib/libDriversLPC17xxgnu.a(lpc17xx_i2c.o)
                0x0000f154                I2C_MonitorHandler
 .text.I2C_MasterTransferComplete
                0x0000f1c0       0x40 /opt/york/cs/net/lpc1700-cmsis-lite-2011.01.26-i686-1/lib/libDriversLPC17xxgnu.a(lpc17xx_i2c.o)
                0x0000f1c0                I2C_MasterTransferComplete
 .text.I2C_SlaveTransferComplete
                0x0000f200       0x40 /opt/york/cs/net/lpc1700-cmsis-lite-2011.01.26-i686-1/lib/libDriversLPC17xxgnu.a(lpc17xx_i2c.o)
                0x0000f200                I2C_SlaveTransferComplete
 .text          0x0000f240        0x0 /opt/york/cs/net/lpc1700-cmsis-lite-2011.01.26-i686-1/lib/libDriversLPC17xxgnu.a(lpc17xx_i2s.o)
 .text.i2s_GetWordWidth
                0x0000f240       0x8c /opt/york/cs/net/lpc1700-cmsis-lite-2011.01.26-i686-1/lib/libDriversLPC17xxgnu.a(lpc17xx_i2s.o)
 .text.i2s_GetChannel
                0x0000f2cc       0x84 /opt/york/cs/net/lpc1700-cmsis-lite-2011.01.26-i686-1/lib/libDriversLPC17xxgnu.a(lpc17xx_i2s.o)
 .text.I2S_Init
                0x0000f350       0x54 /opt/york/cs/net/lpc1700-cmsis-lite-2011.01.26-i686-1/lib/libDriversLPC17xxgnu.a(lpc17xx_i2s.o)
                0x0000f350                I2S_Init
 .text.I2S_Config
                0x0000f3a4      0x168 /opt/york/cs/net/lpc1700-cmsis-lite-2011.01.26-i686-1/lib/libDriversLPC17xxgnu.a(lpc17xx_i2s.o)
                0x0000f3a4                I2S_Config
 .text.I2S_DeInit
                0x0000f50c       0x3c /opt/york/cs/net/lpc1700-cmsis-lite-2011.01.26-i686-1/lib/libDriversLPC17xxgnu.a(lpc17xx_i2s.o)
                0x0000f50c                I2S_DeInit
 .text.I2S_GetLevel
                0x0000f548       0x6c /opt/york/cs/net/lpc1700-cmsis-lite-2011.01.26-i686-1/lib/libDriversLPC17xxgnu.a(lpc17xx_i2s.o)
                0x0000f548                I2S_GetLevel
 .text.I2S_Start
                0x0000f5b4       0x50 /opt/york/cs/net/lpc1700-cmsis-lite-2011.01.26-i686-1/lib/libDriversLPC17xxgnu.a(lpc17xx_i2s.o)
                0x0000f5b4                I2S_Start
 .text.I2S_Send
                0x0000f604       0x38 /opt/york/cs/net/lpc1700-cmsis-lite-2011.01.26-i686-1/lib/libDriversLPC17xxgnu.a(lpc17xx_i2s.o)
                0x0000f604                I2S_Send
 .text.I2S_Receive
                0x0000f63c       0x34 /opt/york/cs/net/lpc1700-cmsis-lite-2011.01.26-i686-1/lib/libDriversLPC17xxgnu.a(lpc17xx_i2s.o)
                0x0000f63c                I2S_Receive
 .text.I2S_Pause
                0x0000f670       0x70 /opt/york/cs/net/lpc1700-cmsis-lite-2011.01.26-i686-1/lib/libDriversLPC17xxgnu.a(lpc17xx_i2s.o)
                0x0000f670                I2S_Pause
 .text.I2S_Mute
                0x0000f6e0       0x70 /opt/york/cs/net/lpc1700-cmsis-lite-2011.01.26-i686-1/lib/libDriversLPC17xxgnu.a(lpc17xx_i2s.o)
                0x0000f6e0                I2S_Mute
 .text.I2S_Stop
                0x0000f750       0x94 /opt/york/cs/net/lpc1700-cmsis-lite-2011.01.26-i686-1/lib/libDriversLPC17xxgnu.a(lpc17xx_i2s.o)
                0x0000f750                I2S_Stop
 .text.I2S_FreqConfig
                0x0000f7e4      0x110 /opt/york/cs/net/lpc1700-cmsis-lite-2011.01.26-i686-1/lib/libDriversLPC17xxgnu.a(lpc17xx_i2s.o)
                0x0000f7e4                I2S_FreqConfig
 .text.I2S_SetBitRate
                0x0000f8f4       0x7c /opt/york/cs/net/lpc1700-cmsis-lite-2011.01.26-i686-1/lib/libDriversLPC17xxgnu.a(lpc17xx_i2s.o)
                0x0000f8f4                I2S_SetBitRate
 .text.I2S_ModeConfig
                0x0000f970      0x148 /opt/york/cs/net/lpc1700-cmsis-lite-2011.01.26-i686-1/lib/libDriversLPC17xxgnu.a(lpc17xx_i2s.o)
                0x0000f970                I2S_ModeConfig
 .text.I2S_DMAConfig
                0x0000fab8       0xd4 /opt/york/cs/net/lpc1700-cmsis-lite-2011.01.26-i686-1/lib/libDriversLPC17xxgnu.a(lpc17xx_i2s.o)
                0x0000fab8                I2S_DMAConfig
 .text.I2S_DMACmd
                0x0000fb8c      0x120 /opt/york/cs/net/lpc1700-cmsis-lite-2011.01.26-i686-1/lib/libDriversLPC17xxgnu.a(lpc17xx_i2s.o)
                0x0000fb8c                I2S_DMACmd
 .text.I2S_IRQConfig
                0x0000fcac       0x80 /opt/york/cs/net/lpc1700-cmsis-lite-2011.01.26-i686-1/lib/libDriversLPC17xxgnu.a(lpc17xx_i2s.o)
                0x0000fcac                I2S_IRQConfig
 .text.I2S_IRQCmd
                0x0000fd2c       0x9c /opt/york/cs/net/lpc1700-cmsis-lite-2011.01.26-i686-1/lib/libDriversLPC17xxgnu.a(lpc17xx_i2s.o)
                0x0000fd2c                I2S_IRQCmd
 .text.I2S_GetIRQStatus
                0x0000fdc8       0x58 /opt/york/cs/net/lpc1700-cmsis-lite-2011.01.26-i686-1/lib/libDriversLPC17xxgnu.a(lpc17xx_i2s.o)
                0x0000fdc8                I2S_GetIRQStatus
 .text.I2S_GetIRQDepth
                0x0000fe20       0x50 /opt/york/cs/net/lpc1700-cmsis-lite-2011.01.26-i686-1/lib/libDriversLPC17xxgnu.a(lpc17xx_i2s.o)
                0x0000fe20                I2S_GetIRQDepth
 .text          0x0000fe70        0x0 /opt/york/cs/net/lpc1700-cmsis-lite-2011.01.26-i686-1/lib/libDriversLPC17xxgnu.a(lpc17xx_libcfg_default.o)
 .text.check_failed
                0x0000fe70        0xc /opt/york/cs/net/lpc1700-cmsis-lite-2011.01.26-i686-1/lib/libDriversLPC17xxgnu.a(lpc17xx_libcfg_default.o)
                0x0000fe70                check_failed
 .text          0x0000fe7c        0x0 /opt/york/cs/net/lpc1700-cmsis-lite-2011.01.26-i686-1/lib/libDriversLPC17xxgnu.a(lpc17xx_pinsel.o)
 .text.set_PinFunc
                0x0000fe7c       0xa0 /opt/york/cs/net/lpc1700-cmsis-lite-2011.01.26-i686-1/lib/libDriversLPC17xxgnu.a(lpc17xx_pinsel.o)
 .text.set_ResistorMode
                0x0000ff1c       0xa0 /opt/york/cs/net/lpc1700-cmsis-lite-2011.01.26-i686-1/lib/libDriversLPC17xxgnu.a(lpc17xx_pinsel.o)
 .text.set_OpenDrainMode
                0x0000ffbc       0x80 /opt/york/cs/net/lpc1700-cmsis-lite-2011.01.26-i686-1/lib/libDriversLPC17xxgnu.a(lpc17xx_pinsel.o)
 .text.PINSEL_ConfigTraceFunc
                0x0001003c       0x54 /opt/york/cs/net/lpc1700-cmsis-lite-2011.01.26-i686-1/lib/libDriversLPC17xxgnu.a(lpc17xx_pinsel.o)
                0x0001003c                PINSEL_ConfigTraceFunc
 .text.PINSEL_SetI2C0Pins
                0x00010090       0x3c /opt/york/cs/net/lpc1700-cmsis-lite-2011.01.26-i686-1/lib/libDriversLPC17xxgnu.a(lpc17xx_pinsel.o)
                0x00010090                PINSEL_SetI2C0Pins
 .text.PINSEL_ConfigPin
                0x000100cc       0x54 /opt/york/cs/net/lpc1700-cmsis-lite-2011.01.26-i686-1/lib/libDriversLPC17xxgnu.a(lpc17xx_pinsel.o)
                0x000100cc                PINSEL_ConfigPin
 .text          0x00010120        0x0 /opt/york/cs/net/lpc1700-cmsis-lite-2011.01.26-i686-1/lib/libDriversLPC17xxgnu.a(lpc17xx_uart.o)
 .text.uart_set_divisors
                0x00010120      0x26c /opt/york/cs/net/lpc1700-cmsis-lite-2011.01.26-i686-1/lib/libDriversLPC17xxgnu.a(lpc17xx_uart.o)
 .text.UART_Init
                0x0001038c      0x368 /opt/york/cs/net/lpc1700-cmsis-lite-2011.01.26-i686-1/lib/libDriversLPC17xxgnu.a(lpc17xx_uart.o)
                0x0001038c                UART_Init
 .text.UART_DeInit
                0x000106f4       0xcc /opt/york/cs/net/lpc1700-cmsis-lite-2011.01.26-i686-1/lib/libDriversLPC17xxgnu.a(lpc17xx_uart.o)
                0x000106f4                UART_DeInit
 .text.UART_ConfigStructInit
                0x000107c0       0x34 /opt/york/cs/net/lpc1700-cmsis-lite-2011.01.26-i686-1/lib/libDriversLPC17xxgnu.a(lpc17xx_uart.o)
                0x000107c0                UART_ConfigStructInit
 .text.UART_SendByte
                0x000107f4       0x78 /opt/york/cs/net/lpc1700-cmsis-lite-2011.01.26-i686-1/lib/libDriversLPC17xxgnu.a(lpc17xx_uart.o)
                0x000107f4                UART_SendByte
 .text.UART_ReceiveByte
                0x0001086c       0x78 /opt/york/cs/net/lpc1700-cmsis-lite-2011.01.26-i686-1/lib/libDriversLPC17xxgnu.a(lpc17xx_uart.o)
                0x0001086c                UART_ReceiveByte
 .text.UART_Send
                0x000108e4      0x10c /opt/york/cs/net/lpc1700-cmsis-lite-2011.01.26-i686-1/lib/libDriversLPC17xxgnu.a(lpc17xx_uart.o)
                0x000108e4                UART_Send
 .text.UART_Receive
                0x000109f0       0xd8 /opt/york/cs/net/lpc1700-cmsis-lite-2011.01.26-i686-1/lib/libDriversLPC17xxgnu.a(lpc17xx_uart.o)
                0x000109f0                UART_Receive
 .text.UART_ForceBreak
                0x00010ac8       0x88 /opt/york/cs/net/lpc1700-cmsis-lite-2011.01.26-i686-1/lib/libDriversLPC17xxgnu.a(lpc17xx_uart.o)
                0x00010ac8                UART_ForceBreak
 .text.UART_IntConfig
                0x00010b50      0x1d0 /opt/york/cs/net/lpc1700-cmsis-lite-2011.01.26-i686-1/lib/libDriversLPC17xxgnu.a(lpc17xx_uart.o)
                0x00010b50                UART_IntConfig
 .text.UART_GetLineStatus
                0x00010d20       0x7c /opt/york/cs/net/lpc1700-cmsis-lite-2011.01.26-i686-1/lib/libDriversLPC17xxgnu.a(lpc17xx_uart.o)
                0x00010d20                UART_GetLineStatus
 .text.UART_GetIntId
                0x00010d9c       0x68 /opt/york/cs/net/lpc1700-cmsis-lite-2011.01.26-i686-1/lib/libDriversLPC17xxgnu.a(lpc17xx_uart.o)
                0x00010d9c                UART_GetIntId
 .text.UART_CheckBusy
                0x00010e04       0x2c /opt/york/cs/net/lpc1700-cmsis-lite-2011.01.26-i686-1/lib/libDriversLPC17xxgnu.a(lpc17xx_uart.o)
                0x00010e04                UART_CheckBusy
 .text.UART_FIFOConfig
                0x00010e30      0x184 /opt/york/cs/net/lpc1700-cmsis-lite-2011.01.26-i686-1/lib/libDriversLPC17xxgnu.a(lpc17xx_uart.o)
                0x00010e30                UART_FIFOConfig
 .text.UART_FIFOConfigStructInit
                0x00010fb4       0x34 /opt/york/cs/net/lpc1700-cmsis-lite-2011.01.26-i686-1/lib/libDriversLPC17xxgnu.a(lpc17xx_uart.o)
                0x00010fb4                UART_FIFOConfigStructInit
 .text.UART_ABCmd
                0x00010fe8      0x15c /opt/york/cs/net/lpc1700-cmsis-lite-2011.01.26-i686-1/lib/libDriversLPC17xxgnu.a(lpc17xx_uart.o)
                0x00010fe8                UART_ABCmd
 .text.UART_ABClearIntPending
                0x00011144       0x88 /opt/york/cs/net/lpc1700-cmsis-lite-2011.01.26-i686-1/lib/libDriversLPC17xxgnu.a(lpc17xx_uart.o)
                0x00011144                UART_ABClearIntPending
 .text.UART_TxCmd
                0x000111cc       0xe8 /opt/york/cs/net/lpc1700-cmsis-lite-2011.01.26-i686-1/lib/libDriversLPC17xxgnu.a(lpc17xx_uart.o)
                0x000111cc                UART_TxCmd
 .text.UART_IrDAInvtInputCmd
                0x000112b4       0x84 /opt/york/cs/net/lpc1700-cmsis-lite-2011.01.26-i686-1/lib/libDriversLPC17xxgnu.a(lpc17xx_uart.o)
                0x000112b4                UART_IrDAInvtInputCmd
 .text.UART_IrDACmd
                0x00011338       0x80 /opt/york/cs/net/lpc1700-cmsis-lite-2011.01.26-i686-1/lib/libDriversLPC17xxgnu.a(lpc17xx_uart.o)
                0x00011338                UART_IrDACmd
 .text.UART_IrDAPulseDivConfig
                0x000113b8       0xac /opt/york/cs/net/lpc1700-cmsis-lite-2011.01.26-i686-1/lib/libDriversLPC17xxgnu.a(lpc17xx_uart.o)
                0x000113b8                UART_IrDAPulseDivConfig
 .text.UART_FullModemForcePinState
                0x00011464       0xcc /opt/york/cs/net/lpc1700-cmsis-lite-2011.01.26-i686-1/lib/libDriversLPC17xxgnu.a(lpc17xx_uart.o)
                0x00011464                UART_FullModemForcePinState
 .text.UART_FullModemConfigMode
                0x00011530       0xd8 /opt/york/cs/net/lpc1700-cmsis-lite-2011.01.26-i686-1/lib/libDriversLPC17xxgnu.a(lpc17xx_uart.o)
                0x00011530                UART_FullModemConfigMode
 .text.UART_FullModemGetStatus
                0x00011608       0x38 /opt/york/cs/net/lpc1700-cmsis-lite-2011.01.26-i686-1/lib/libDriversLPC17xxgnu.a(lpc17xx_uart.o)
                0x00011608                UART_FullModemGetStatus
 .text.UART_RS485Config
                0x00011640      0x1bc /opt/york/cs/net/lpc1700-cmsis-lite-2011.01.26-i686-1/lib/libDriversLPC17xxgnu.a(lpc17xx_uart.o)
                0x00011640                UART_RS485Config
 .text.UART_RS485ReceiverCmd
                0x000117fc       0x48 /opt/york/cs/net/lpc1700-cmsis-lite-2011.01.26-i686-1/lib/libDriversLPC17xxgnu.a(lpc17xx_uart.o)
                0x000117fc                UART_RS485ReceiverCmd
 .text.UART_RS485Send
                0x00011844       0x84 /opt/york/cs/net/lpc1700-cmsis-lite-2011.01.26-i686-1/lib/libDriversLPC17xxgnu.a(lpc17xx_uart.o)
                0x00011844                UART_RS485Send
 .text.UART_RS485SendSlvAddr
                0x000118c8       0x28 /opt/york/cs/net/lpc1700-cmsis-lite-2011.01.26-i686-1/lib/libDriversLPC17xxgnu.a(lpc17xx_uart.o)
                0x000118c8                UART_RS485SendSlvAddr
 .text.UART_RS485SendData
                0x000118f0       0x28 /opt/york/cs/net/lpc1700-cmsis-lite-2011.01.26-i686-1/lib/libDriversLPC17xxgnu.a(lpc17xx_uart.o)
                0x000118f0                UART_RS485SendData
 .text          0x00011918        0x0 /opt/york/cs/net/lpc1700-cmsis-lite-2011.01.26-i686-1/lib/libDriversLPC17xxgnu.a(lpc17xx_clkpwr.o)
 .text.CLKPWR_SetPCLKDiv
                0x00011918       0xd4 /opt/york/cs/net/lpc1700-cmsis-lite-2011.01.26-i686-1/lib/libDriversLPC17xxgnu.a(lpc17xx_clkpwr.o)
                0x00011918                CLKPWR_SetPCLKDiv
 .text.CLKPWR_GetPCLKSEL
                0x000119ec       0x54 /opt/york/cs/net/lpc1700-cmsis-lite-2011.01.26-i686-1/lib/libDriversLPC17xxgnu.a(lpc17xx_clkpwr.o)
                0x000119ec                CLKPWR_GetPCLKSEL
 .text.CLKPWR_GetPCLK
                0x00011a40       0x70 /opt/york/cs/net/lpc1700-cmsis-lite-2011.01.26-i686-1/lib/libDriversLPC17xxgnu.a(lpc17xx_clkpwr.o)
                0x00011a40                CLKPWR_GetPCLK
 .text.CLKPWR_ConfigPPWR
                0x00011ab0       0x80 /opt/york/cs/net/lpc1700-cmsis-lite-2011.01.26-i686-1/lib/libDriversLPC17xxgnu.a(lpc17xx_clkpwr.o)
                0x00011ab0                CLKPWR_ConfigPPWR
 .text.CLKPWR_Sleep
                0x00011b30       0x1c /opt/york/cs/net/lpc1700-cmsis-lite-2011.01.26-i686-1/lib/libDriversLPC17xxgnu.a(lpc17xx_clkpwr.o)
                0x00011b30                CLKPWR_Sleep
 .text.CLKPWR_DeepSleep
                0x00011b4c       0x2c /opt/york/cs/net/lpc1700-cmsis-lite-2011.01.26-i686-1/lib/libDriversLPC17xxgnu.a(lpc17xx_clkpwr.o)
                0x00011b4c                CLKPWR_DeepSleep
 .text.CLKPWR_PowerDown
                0x00011b78       0x2c /opt/york/cs/net/lpc1700-cmsis-lite-2011.01.26-i686-1/lib/libDriversLPC17xxgnu.a(lpc17xx_clkpwr.o)
                0x00011b78                CLKPWR_PowerDown
 .text.CLKPWR_DeepPowerDown
                0x00011ba4       0x2c /opt/york/cs/net/lpc1700-cmsis-lite-2011.01.26-i686-1/lib/libDriversLPC17xxgnu.a(lpc17xx_clkpwr.o)
                0x00011ba4                CLKPWR_DeepPowerDown
 .text          0x00011bd0        0x0 /opt/york/cs/net/sourcery-g++-lite-arm-eabi-2010.09.51-i686-1/bin/../lib/gcc/arm-none-eabi/4.5.1/thumb2/crtend.o
 .text          0x00011bd0        0x0 /opt/york/cs/net/sourcery-g++-lite-arm-eabi-2010.09.51-i686-1/bin/../lib/gcc/arm-none-eabi/4.5.1/thumb2/crtn.o
 *(.plt)
 *(.gnu.warning)
 *(.glue_7t)
 .glue_7t       0x00000000        0x0 linker stubs
 *(.glue_7)
 .glue_7        0x00000000        0x0 linker stubs
 *(.vfp11_veneer)
 .vfp11_veneer  0x00000000        0x0 linker stubs
 *(.rodata .rodata.* .gnu.linkonce.r.*)
 .rodata        0x00011bd0      0x1c4 main.o
 .rodata.C.0.2899
                0x00011d94       0x10 source/KeyAccess.o
 .rodata        0x00011da4       0x14 source/LCD.o
 .rodata.C.12.5109
                0x00011db8        0x4 source/LCD.o
 .rodata.C.13.5110
                0x00011dbc       0x14 source/LCD.o
 .rodata.C.14.5111
                0x00011dd0        0xc source/LCD.o
 .rodata.C.1.2902
                0x00011ddc       0x14 source/TLV320.o
 .rodata.C.2.2903
                0x00011df0       0x10 source/TLV320.o
 .rodata.C.3.2904
                0x00011e00        0x8 source/TLV320.o
 .rodata.C.4.2905
                0x00011e08        0x8 source/TLV320.o
 .rodata.C.5.2906
                0x00011e10        0x4 source/TLV320.o
 .rodata.DbcTbl
                0x00011e14        0xc source/FatFS/ff.o
 .rodata        0x00011e20       0x1c source/FatFS/ff.o
 .rodata        0x00011e3c       0x20 /opt/york/cs/net/sourcery-g++-lite-arm-eabi-2010.09.51-i686-1/arm-none-eabi/lib/thumb2/libc.a(lib_a-svfprintf.o)
 .rodata.str1.4
                0x00011e5c       0x42 /opt/york/cs/net/sourcery-g++-lite-arm-eabi-2010.09.51-i686-1/arm-none-eabi/lib/thumb2/libc.a(lib_a-svfprintf.o)
                                 0x44 (size before relaxing)
 *fill*         0x00011e9e        0x2 00
 .rodata.str1.4
                0x00011ea0       0x10 /opt/york/cs/net/sourcery-g++-lite-arm-eabi-2010.09.51-i686-1/arm-none-eabi/lib/thumb2/libc.a(lib_a-dtoa.o)
                                 0x14 (size before relaxing)
 .rodata        0x00011eb0        0x4 /opt/york/cs/net/sourcery-g++-lite-arm-eabi-2010.09.51-i686-1/arm-none-eabi/lib/thumb2/libc.a(lib_a-impure.o)
                0x00011eb0                _global_impure_ptr
 .rodata.str1.4
                0x00011eb4        0x2 /opt/york/cs/net/sourcery-g++-lite-arm-eabi-2010.09.51-i686-1/arm-none-eabi/lib/thumb2/libc.a(lib_a-impure.o)
                                  0x4 (size before relaxing)
 *fill*         0x00011eb6        0x2 00
 .rodata.str1.4
                0x00011eb8        0xc /opt/york/cs/net/sourcery-g++-lite-arm-eabi-2010.09.51-i686-1/arm-none-eabi/lib/thumb2/libc.a(lib_a-locale.o)
                                 0x14 (size before relaxing)
 *fill*         0x00011ec4        0x4 00
 .rodata        0x00011ec8      0x128 /opt/york/cs/net/sourcery-g++-lite-arm-eabi-2010.09.51-i686-1/arm-none-eabi/lib/thumb2/libc.a(lib_a-mprec.o)
                0x00011ed8                __mprec_tens
                0x00011fa0                __mprec_bigtens
                0x00011fc8                __mprec_tinytens
 .rodata        0x00011ff0       0x20 /opt/york/cs/net/sourcery-g++-lite-arm-eabi-2010.09.51-i686-1/arm-none-eabi/lib/thumb2/libc.a(lib_a-svfiprintf.o)
 .rodata.str1.4
                0x00000000       0x30 /opt/york/cs/net/sourcery-g++-lite-arm-eabi-2010.09.51-i686-1/arm-none-eabi/lib/thumb2/libc.a(lib_a-svfiprintf.o)
 .rodata.GPDMA_LUTPerAddr
                0x00012010       0x60 /opt/york/cs/net/lpc1700-cmsis-lite-2011.01.26-i686-1/lib/libDriversLPC17xxgnu.a(lpc17xx_gpdma.o)
                0x00012010                GPDMA_LUTPerAddr
 .rodata.GPDMA_LUTPerBurst
                0x00012070       0x18 /opt/york/cs/net/lpc1700-cmsis-lite-2011.01.26-i686-1/lib/libDriversLPC17xxgnu.a(lpc17xx_gpdma.o)
                0x00012070                GPDMA_LUTPerBurst
 .rodata.GPDMA_LUTPerWid
                0x00012088       0x18 /opt/york/cs/net/lpc1700-cmsis-lite-2011.01.26-i686-1/lib/libDriversLPC17xxgnu.a(lpc17xx_gpdma.o)
                0x00012088                GPDMA_LUTPerWid
 .rodata        0x000120a0       0x10 /opt/york/cs/net/lpc1700-cmsis-lite-2011.01.26-i686-1/lib/libDriversLPC17xxgnu.a(lpc17xx_gpdma.o)
 .rodata        0x000120b0       0x10 /opt/york/cs/net/lpc1700-cmsis-lite-2011.01.26-i686-1/lib/libDriversLPC17xxgnu.a(lpc17xx_i2c.o)
 .rodata        0x000120c0       0x10 /opt/york/cs/net/lpc1700-cmsis-lite-2011.01.26-i686-1/lib/libDriversLPC17xxgnu.a(lpc17xx_i2s.o)
 .rodata        0x000120d0       0x10 /opt/york/cs/net/lpc1700-cmsis-lite-2011.01.26-i686-1/lib/libDriversLPC17xxgnu.a(lpc17xx_uart.o)
 *(.ARM.extab* .gnu.linkonce.armextab.*)
 .ARM.extab.cs3.reset
                0x000120e0        0x0 /opt/york/cs/net/lpc1700-cmsis-lite-2011.01.26-i686-1/lib/startup_LPC17xx.o
 .ARM.extab     0x000120e0        0x0 /opt/york/cs/net/sourcery-g++-lite-arm-eabi-2010.09.51-i686-1/bin/../lib/gcc/arm-none-eabi/4.5.1/thumb2/libgcc.a(_divdi3.o)
 .ARM.extab     0x000120e0        0x0 /opt/york/cs/net/sourcery-g++-lite-arm-eabi-2010.09.51-i686-1/bin/../lib/gcc/arm-none-eabi/4.5.1/thumb2/libgcc.a(_udivdi3.o)
 *(.gcc_except_table)
 *(.eh_frame_hdr)
 *(.eh_frame)
                0x000120e0                . = ALIGN (0x4)
 *(.init)
 .init          0x000120e0        0x4 /opt/york/cs/net/sourcery-g++-lite-arm-eabi-2010.09.51-i686-1/bin/../lib/gcc/arm-none-eabi/4.5.1/thumb2/crti.o
                0x000120e0                _init
 .init          0x000120e4        0x8 /opt/york/cs/net/sourcery-g++-lite-arm-eabi-2010.09.51-i686-1/bin/../lib/gcc/arm-none-eabi/4.5.1/thumb2/crtn.o
                0x000120ec                . = ALIGN (0x4)
                0x000120ec                __preinit_array_start = .
 *(.preinit_array)
                0x000120ec                __preinit_array_end = .
                0x000120ec                . = ALIGN (0x4)
                0x000120ec                __init_array_start = .
 *(SORT(.init_array.*))
 *(.init_array)
 .init_array    0x000120ec        0x4 /opt/york/cs/net/sourcery-g++-lite-arm-eabi-2010.09.51-i686-1/bin/../lib/gcc/arm-none-eabi/4.5.1/thumb2/crtbegin.o
                0x000120f0                __init_array_end = .
                0x000120f0                . = ALIGN (0x4)
 *crtbegin.o(.ctors)
 *(EXCLUDE_FILE(*crtend.o) .ctors)
 *(SORT(.ctors.*))
 *crtend.o(.ctors)
                0x000120f0                . = ALIGN (0x4)
 *(.fini)
 .fini          0x000120f0        0x4 /opt/york/cs/net/sourcery-g++-lite-arm-eabi-2010.09.51-i686-1/bin/../lib/gcc/arm-none-eabi/4.5.1/thumb2/crti.o
                0x000120f0                _fini
 .fini          0x000120f4        0x8 /opt/york/cs/net/sourcery-g++-lite-arm-eabi-2010.09.51-i686-1/bin/../lib/gcc/arm-none-eabi/4.5.1/thumb2/crtn.o
                0x000120fc                . = ALIGN (0x4)
                0x000120fc                __fini_array_start = .
 *(.fini_array)
 .fini_array    0x000120fc        0x4 /opt/york/cs/net/sourcery-g++-lite-arm-eabi-2010.09.51-i686-1/bin/../lib/gcc/arm-none-eabi/4.5.1/thumb2/crtbegin.o
 *(SORT(.fini_array.*))
                0x00012100                __fini_array_end = .
 *crtbegin.o(.dtors)
 *(EXCLUDE_FILE(*crtend.o) .dtors)
 *(SORT(.dtors.*))
 *crtend.o(.dtors)
                0x00012100                . = ALIGN (0x4)
                0x00012100                __cs3_regions = .
                0x00012100        0x4 LONG 0x0
                0x00012104        0x4 LONG 0x12120 __cs3_region_init_ram
                0x00012108        0x4 LONG 0x10000000 __cs3_region_start_ram
                0x0001210c        0x4 LONG 0x600 __cs3_region_init_size_ram
                0x00012110        0x4 LONG 0x518 __cs3_region_zero_size_ram
                0x00012114                __exidx_start = .

.v4_bx          0x00012114        0x0
 .v4_bx         0x00000000        0x0 linker stubs

.ARM.exidx      0x00012114        0x8
 *(.ARM.exidx* .gnu.linkonce.armexidx.*)
 .ARM.exidx.cs3.reset
                0x00012114        0x8 /opt/york/cs/net/lpc1700-cmsis-lite-2011.01.26-i686-1/lib/startup_LPC17xx.o
 .ARM.exidx     0x0001211c        0x0 /opt/york/cs/net/sourcery-g++-lite-arm-eabi-2010.09.51-i686-1/bin/../lib/gcc/arm-none-eabi/4.5.1/thumb2/libgcc.a(_divdi3.o)
                                  0x8 (size before relaxing)
 .ARM.exidx     0x0001211c        0x0 /opt/york/cs/net/sourcery-g++-lite-arm-eabi-2010.09.51-i686-1/bin/../lib/gcc/arm-none-eabi/4.5.1/thumb2/libgcc.a(_udivdi3.o)
                                  0x8 (size before relaxing)
                0x0001211c                __exidx_end = .

.text.align     0x0001211c        0x4
                0x00012120                . = ALIGN (0x8)
 *fill*         0x0001211c        0x4 00
                0x00012120                _etext = .
                0x00080000                __cs3_region_size_rom = 0x80000
                0x00000001                __cs3_region_num = 0x1

.data           0x10000000      0x600 load address 0x00012120
                0x10000000                __cs3_region_start_ram = .
 *(.cs3.region-head.ram)
 *(.jcr)
 .jcr           0x10000000        0x0 /opt/york/cs/net/sourcery-g++-lite-arm-eabi-2010.09.51-i686-1/bin/../lib/gcc/arm-none-eabi/4.5.1/thumb2/crtbegin.o
 .jcr           0x10000000        0x4 /opt/york/cs/net/sourcery-g++-lite-arm-eabi-2010.09.51-i686-1/bin/../lib/gcc/arm-none-eabi/4.5.1/thumb2/crtend.o
 *(.got.plt)
 *(.got)
 *(.shdata)
 *(.data .data.* .gnu.linkonce.d.*)
 .data          0x10000004        0x0 /opt/york/cs/net/sourcery-g++-lite-arm-eabi-2010.09.51-i686-1/bin/../lib/gcc/arm-none-eabi/4.5.1/thumb2/crti.o
 .data          0x10000004        0x4 /opt/york/cs/net/sourcery-g++-lite-arm-eabi-2010.09.51-i686-1/bin/../lib/gcc/arm-none-eabi/4.5.1/thumb2/crtbegin.o
                0x10000004                __dso_handle
 .data          0x10000008        0x0 main.o
 .data.MenuText
                0x10000008       0x1c main.o
                0x10000008                MenuText
 .data.menuFuncs
                0x10000024       0x28 main.o
                0x10000024                menuFuncs
 .data          0x1000004c        0x0 source/i2s_polling.o
 .data          0x1000004c        0x0 source/KeyAccess.o
 .data          0x1000004c        0x0 source/LCD.o
 .data          0x1000004c        0x0 source/i2s.o
 .data          0x1000004c        0x0 source/Delay.o
 .data          0x1000004c        0x0 source/SerialIO.o
 .data          0x1000004c        0x0 source/I2C.o
 .data          0x1000004c        0x0 source/TLV320.o
 .data          0x1000004c        0x0 source/FatFS/ffsystem.o
 .data          0x1000004c        0x0 source/FatFS/ff.o
 .data          0x1000004c        0x0 source/FatFS/ffunicode.o
 .data          0x1000004c        0x0 source/FatFS/mmc_176x_ssp.o
 .data.Stat     0x1000004c        0x1 source/FatFS/mmc_176x_ssp.o
 .data          0x1000004d        0x0 source/FatFS/diskio.o
 .data          0x1000004d        0x0 /opt/york/cs/net/lpc1700-cmsis-lite-2011.01.26-i686-1/lib/core_cm3.o
 .data          0x1000004d        0x0 /opt/york/cs/net/lpc1700-cmsis-lite-2011.01.26-i686-1/lib/system_LPC17xx.o
 *fill*         0x1000004d        0x3 00
 .data.SystemCoreClock
                0x10000050        0x4 /opt/york/cs/net/lpc1700-cmsis-lite-2011.01.26-i686-1/lib/system_LPC17xx.o
                0x10000050                SystemCoreClock
 .data          0x10000054        0x0 /opt/york/cs/net/lpc1700-cmsis-lite-2011.01.26-i686-1/lib/startup_LPC17xx.o
 .data          0x10000054        0x0 /opt/york/cs/net/sourcery-g++-lite-arm-eabi-2010.09.51-i686-1/arm-none-eabi/lib/thumb2/libc.a(lib_a-malloc.o)
 .data          0x10000054      0x410 /opt/york/cs/net/sourcery-g++-lite-arm-eabi-2010.09.51-i686-1/arm-none-eabi/lib/thumb2/libc.a(lib_a-mallocr.o)
                0x10000054                __malloc_av_
                0x1000045c                __malloc_sbrk_base
                0x10000460                __malloc_trim_threshold
 .data          0x10000464        0x0 /opt/york/cs/net/sourcery-g++-lite-arm-eabi-2010.09.51-i686-1/arm-none-eabi/lib/thumb2/libc.a(lib_a-mlock.o)
 .data          0x10000464        0x0 /opt/york/cs/net/sourcery-g++-lite-arm-eabi-2010.09.51-i686-1/arm-none-eabi/lib/thumb2/libc.a(lib_a-sbrkr.o)
 .data          0x10000464        0x0 /opt/york/cs/net/sourcery-g++-lite-arm-eabi-2010.09.51-i686-1/arm-none-eabi/lib/thumb2/libc.a(lib_a-sprintf.o)
 .data          0x10000464        0x0 /opt/york/cs/net/sourcery-g++-lite-arm-eabi-2010.09.51-i686-1/arm-none-eabi/lib/thumb2/libc.a(lib_a-strlen.o)
 .data          0x10000464        0x0 /opt/york/cs/net/sourcery-g++-lite-arm-eabi-2010.09.51-i686-1/arm-none-eabi/lib/thumb2/libc.a(lib_a-svfprintf.o)
 .data          0x10000464        0x0 /opt/york/cs/net/sourcery-g++-lite-arm-eabi-2010.09.51-i686-1/arm-none-eabi/lib/thumb2/libc.a(lib_a-dtoa.o)
 .data          0x10000464        0x0 /opt/york/cs/net/sourcery-g++-lite-arm-eabi-2010.09.51-i686-1/arm-none-eabi/lib/thumb2/libc.a(lib_a-freer.o)
 .data          0x10000464       0xf4 /opt/york/cs/net/sourcery-g++-lite-arm-eabi-2010.09.51-i686-1/arm-none-eabi/lib/thumb2/libc.a(lib_a-impure.o)
                0x10000464                _impure_ptr
 .data          0x10000558       0x7c /opt/york/cs/net/sourcery-g++-lite-arm-eabi-2010.09.51-i686-1/arm-none-eabi/lib/thumb2/libc.a(lib_a-locale.o)
                0x10000578                __mb_cur_max
 .data          0x100005d4        0x0 /opt/york/cs/net/sourcery-g++-lite-arm-eabi-2010.09.51-i686-1/arm-none-eabi/lib/thumb2/libc.a(lib_a-memchr.o)
 .data          0x100005d4        0x0 /opt/york/cs/net/sourcery-g++-lite-arm-eabi-2010.09.51-i686-1/arm-none-eabi/lib/thumb2/libc.a(lib_a-memcpy.o)
 .data          0x100005d4        0x0 /opt/york/cs/net/sourcery-g++-lite-arm-eabi-2010.09.51-i686-1/arm-none-eabi/lib/thumb2/libc.a(lib_a-mprec.o)
 .data          0x100005d4        0x0 /opt/york/cs/net/sourcery-g++-lite-arm-eabi-2010.09.51-i686-1/arm-none-eabi/lib/thumb2/libc.a(lib_a-reent.o)
 .data          0x100005d4        0x0 /opt/york/cs/net/sourcery-g++-lite-arm-eabi-2010.09.51-i686-1/arm-none-eabi/lib/thumb2/libc.a(lib_a-s_fpclassify.o)
 .data          0x100005d4        0x0 /opt/york/cs/net/sourcery-g++-lite-arm-eabi-2010.09.51-i686-1/arm-none-eabi/lib/thumb2/libc.a(lib_a-strcmp.o)
 .data          0x100005d4        0x0 /opt/york/cs/net/sourcery-g++-lite-arm-eabi-2010.09.51-i686-1/arm-none-eabi/lib/thumb2/libc.a(lib_a-svfiprintf.o)
 .data          0x100005d4        0x0 /opt/york/cs/net/sourcery-g++-lite-arm-eabi-2010.09.51-i686-1/arm-none-eabi/lib/thumb2/libc.a(lib_a-callocr.o)
 .data          0x100005d4        0x0 /opt/york/cs/net/sourcery-g++-lite-arm-eabi-2010.09.51-i686-1/arm-none-eabi/lib/thumb2/libc.a(lib_a-memmove.o)
 .data          0x100005d4        0x0 /opt/york/cs/net/sourcery-g++-lite-arm-eabi-2010.09.51-i686-1/arm-none-eabi/lib/thumb2/libc.a(lib_a-memset.o)
 .data          0x100005d4        0x0 /opt/york/cs/net/sourcery-g++-lite-arm-eabi-2010.09.51-i686-1/arm-none-eabi/lib/thumb2/libc.a(lib_a-reallocr.o)
 .data          0x100005d4        0x0 /opt/york/cs/net/sourcery-g++-lite-arm-eabi-2010.09.51-i686-1/bin/../lib/gcc/arm-none-eabi/4.5.1/thumb2/libgcc.a(_udivsi3.o)
 .data          0x100005d4        0x0 /opt/york/cs/net/sourcery-g++-lite-arm-eabi-2010.09.51-i686-1/bin/../lib/gcc/arm-none-eabi/4.5.1/thumb2/libgcc.a(_dvmd_tls.o)
 .data          0x100005d4        0x0 /opt/york/cs/net/sourcery-g++-lite-arm-eabi-2010.09.51-i686-1/bin/../lib/gcc/arm-none-eabi/4.5.1/thumb2/libgcc.a(_arm_addsubdf3.o)
 .data          0x100005d4        0x0 /opt/york/cs/net/sourcery-g++-lite-arm-eabi-2010.09.51-i686-1/bin/../lib/gcc/arm-none-eabi/4.5.1/thumb2/libgcc.a(_arm_muldivdf3.o)
 .data          0x100005d4        0x0 /opt/york/cs/net/sourcery-g++-lite-arm-eabi-2010.09.51-i686-1/bin/../lib/gcc/arm-none-eabi/4.5.1/thumb2/libgcc.a(_arm_cmpdf2.o)
 .data          0x100005d4        0x0 /opt/york/cs/net/sourcery-g++-lite-arm-eabi-2010.09.51-i686-1/bin/../lib/gcc/arm-none-eabi/4.5.1/thumb2/libgcc.a(_arm_fixdfsi.o)
 .data          0x100005d4        0x0 /opt/york/cs/net/sourcery-g++-lite-arm-eabi-2010.09.51-i686-1/bin/../lib/gcc/arm-none-eabi/4.5.1/thumb2/libgcc.a(_aeabi_uldivmod.o)
 .data          0x100005d4        0x0 /opt/york/cs/net/sourcery-g++-lite-arm-eabi-2010.09.51-i686-1/bin/../lib/gcc/arm-none-eabi/4.5.1/thumb2/libgcc.a(bpabi.o)
 .data          0x100005d4        0x0 /opt/york/cs/net/sourcery-g++-lite-arm-eabi-2010.09.51-i686-1/bin/../lib/gcc/arm-none-eabi/4.5.1/thumb2/libgcc.a(_divdi3.o)
 .data          0x100005d4        0x0 /opt/york/cs/net/sourcery-g++-lite-arm-eabi-2010.09.51-i686-1/bin/../lib/gcc/arm-none-eabi/4.5.1/thumb2/libgcc.a(_udivdi3.o)
 .data          0x100005d4        0x0 /opt/york/cs/net/sourcery-g++-lite-arm-eabi-2010.09.51-i686-1/arm-none-eabi/lib/thumb2/libcs3.a(start_c.o)
 .data          0x100005d4        0x4 /opt/york/cs/net/sourcery-g++-lite-arm-eabi-2010.09.51-i686-1/arm-none-eabi/lib/thumb2/libcs3unhosted.a(unhosted-sbrk.o)
 .data          0x100005d8        0x0 /opt/york/cs/net/sourcery-g++-lite-arm-eabi-2010.09.51-i686-1/arm-none-eabi/lib/thumb2/libcs3unhosted.a(unhosted-start.o)
 .data          0x100005d8        0x0 /opt/york/cs/net/sourcery-g++-lite-arm-eabi-2010.09.51-i686-1/arm-none-eabi/lib/thumb2/libc.a(lib_a-errno.o)
 .data          0x100005d8        0x0 /opt/york/cs/net/sourcery-g++-lite-arm-eabi-2010.09.51-i686-1/arm-none-eabi/lib/thumb2/libc.a(lib_a-init.o)
 .data          0x100005d8        0x4 /opt/york/cs/net/sourcery-g++-lite-arm-eabi-2010.09.51-i686-1/arm-none-eabi/lib/thumb2/libcs3.a(heap.o)
                0x100005d8                __cs3_heap_limit
 .data          0x100005dc        0x0 /opt/york/cs/net/lpc1700-cmsis-lite-2011.01.26-i686-1/lib/libDriversLPC17xxgnu.a(lpc17xx_gpdma.o)
 .data.pGPDMACh
                0x100005dc       0x20 /opt/york/cs/net/lpc1700-cmsis-lite-2011.01.26-i686-1/lib/libDriversLPC17xxgnu.a(lpc17xx_gpdma.o)
                0x100005dc                pGPDMACh
 .data          0x100005fc        0x0 /opt/york/cs/net/lpc1700-cmsis-lite-2011.01.26-i686-1/lib/libDriversLPC17xxgnu.a(lpc17xx_i2c.o)
 .data          0x100005fc        0x0 /opt/york/cs/net/lpc1700-cmsis-lite-2011.01.26-i686-1/lib/libDriversLPC17xxgnu.a(lpc17xx_i2s.o)
 .data          0x100005fc        0x0 /opt/york/cs/net/lpc1700-cmsis-lite-2011.01.26-i686-1/lib/libDriversLPC17xxgnu.a(lpc17xx_libcfg_default.o)
 .data          0x100005fc        0x0 /opt/york/cs/net/lpc1700-cmsis-lite-2011.01.26-i686-1/lib/libDriversLPC17xxgnu.a(lpc17xx_pinsel.o)
 .data          0x100005fc        0x0 /opt/york/cs/net/lpc1700-cmsis-lite-2011.01.26-i686-1/lib/libDriversLPC17xxgnu.a(lpc17xx_uart.o)
 .data          0x100005fc        0x0 /opt/york/cs/net/lpc1700-cmsis-lite-2011.01.26-i686-1/lib/libDriversLPC17xxgnu.a(lpc17xx_clkpwr.o)
 .data          0x100005fc        0x0 /opt/york/cs/net/sourcery-g++-lite-arm-eabi-2010.09.51-i686-1/bin/../lib/gcc/arm-none-eabi/4.5.1/thumb2/crtend.o
 .data          0x100005fc        0x0 /opt/york/cs/net/sourcery-g++-lite-arm-eabi-2010.09.51-i686-1/bin/../lib/gcc/arm-none-eabi/4.5.1/thumb2/crtn.o
 *(.ram)
                0x10000600                . = ALIGN (0x8)
 *fill*         0x100005fc        0x4 00
                0x10000600                _edata = .

.bss            0x10000600      0x518 load address 0x00012720
 *(.shbss)
 *(.bss .bss.* .gnu.linkonce.b.*)
 .bss           0x10000600        0x0 /opt/york/cs/net/sourcery-g++-lite-arm-eabi-2010.09.51-i686-1/bin/../lib/gcc/arm-none-eabi/4.5.1/thumb2/crti.o
 .bss           0x10000600        0x1 /opt/york/cs/net/sourcery-g++-lite-arm-eabi-2010.09.51-i686-1/bin/../lib/gcc/arm-none-eabi/4.5.1/thumb2/crtbegin.o
 .bss           0x10000601        0x0 main.o
 *fill*         0x10000601        0x3 00
 .bss.i2s_Interrupt_Mode
                0x10000604        0x4 main.o
                0x10000604                i2s_Interrupt_Mode
 .bss           0x10000608        0x0 source/i2s_polling.o
 .bss           0x10000608        0x0 source/KeyAccess.o
 .bss           0x10000608        0x0 source/LCD.o
 .bss           0x10000608        0x0 source/i2s.o
 .bss           0x10000608        0x0 source/Delay.o
 .bss           0x10000608        0x0 source/SerialIO.o
 .bss           0x10000608        0x0 source/I2C.o
 .bss           0x10000608        0x0 source/TLV320.o
 .bss           0x10000608        0x0 source/FatFS/ffsystem.o
 .bss           0x10000608        0x0 source/FatFS/ff.o
 .bss.FatFs     0x10000608        0x4 source/FatFS/ff.o
 .bss.Fsid      0x1000060c        0x2 source/FatFS/ff.o
 .bss           0x1000060e        0x0 source/FatFS/ffunicode.o
 .bss           0x1000060e        0x0 source/FatFS/mmc_176x_ssp.o
 *fill*         0x1000060e        0x2 00
 .bss.Timer1    0x10000610        0x4 source/FatFS/mmc_176x_ssp.o
 .bss.Timer2    0x10000614        0x4 source/FatFS/mmc_176x_ssp.o
 .bss.CardType  0x10000618        0x1 source/FatFS/mmc_176x_ssp.o
 .bss           0x10000619        0x0 source/FatFS/diskio.o
 .bss           0x10000619        0x0 /opt/york/cs/net/lpc1700-cmsis-lite-2011.01.26-i686-1/lib/core_cm3.o
 .bss           0x10000619        0x0 /opt/york/cs/net/lpc1700-cmsis-lite-2011.01.26-i686-1/lib/system_LPC17xx.o
 .bss           0x10000619        0x0 /opt/york/cs/net/lpc1700-cmsis-lite-2011.01.26-i686-1/lib/startup_LPC17xx.o
 .bss           0x10000619        0x0 /opt/york/cs/net/sourcery-g++-lite-arm-eabi-2010.09.51-i686-1/arm-none-eabi/lib/thumb2/libc.a(lib_a-malloc.o)
 *fill*         0x10000619        0x3 00
 .bss           0x1000061c       0x34 /opt/york/cs/net/sourcery-g++-lite-arm-eabi-2010.09.51-i686-1/arm-none-eabi/lib/thumb2/libc.a(lib_a-mallocr.o)
                0x1000061c                __malloc_top_pad
                0x10000620                __malloc_current_mallinfo
                0x10000648                __malloc_max_sbrked_mem
                0x1000064c                __malloc_max_total_mem
 .bss           0x10000650        0x0 /opt/york/cs/net/sourcery-g++-lite-arm-eabi-2010.09.51-i686-1/arm-none-eabi/lib/thumb2/libc.a(lib_a-mlock.o)
 .bss           0x10000650        0x0 /opt/york/cs/net/sourcery-g++-lite-arm-eabi-2010.09.51-i686-1/arm-none-eabi/lib/thumb2/libc.a(lib_a-sbrkr.o)
 .bss           0x10000650        0x0 /opt/york/cs/net/sourcery-g++-lite-arm-eabi-2010.09.51-i686-1/arm-none-eabi/lib/thumb2/libc.a(lib_a-sprintf.o)
 .bss           0x10000650        0x0 /opt/york/cs/net/sourcery-g++-lite-arm-eabi-2010.09.51-i686-1/arm-none-eabi/lib/thumb2/libc.a(lib_a-strlen.o)
 .bss           0x10000650        0x0 /opt/york/cs/net/sourcery-g++-lite-arm-eabi-2010.09.51-i686-1/arm-none-eabi/lib/thumb2/libc.a(lib_a-svfprintf.o)
 .bss           0x10000650        0x0 /opt/york/cs/net/sourcery-g++-lite-arm-eabi-2010.09.51-i686-1/arm-none-eabi/lib/thumb2/libc.a(lib_a-dtoa.o)
 .bss           0x10000650        0x0 /opt/york/cs/net/sourcery-g++-lite-arm-eabi-2010.09.51-i686-1/arm-none-eabi/lib/thumb2/libc.a(lib_a-freer.o)
 .bss           0x10000650        0x0 /opt/york/cs/net/sourcery-g++-lite-arm-eabi-2010.09.51-i686-1/arm-none-eabi/lib/thumb2/libc.a(lib_a-impure.o)
 .bss           0x10000650        0xc /opt/york/cs/net/sourcery-g++-lite-arm-eabi-2010.09.51-i686-1/arm-none-eabi/lib/thumb2/libc.a(lib_a-locale.o)
                0x10000650                __nlocale_changed
                0x10000654                __mlocale_changed
                0x10000658                _PathLocale
 .bss           0x1000065c        0x0 /opt/york/cs/net/sourcery-g++-lite-arm-eabi-2010.09.51-i686-1/arm-none-eabi/lib/thumb2/libc.a(lib_a-memchr.o)
 .bss           0x1000065c        0x0 /opt/york/cs/net/sourcery-g++-lite-arm-eabi-2010.09.51-i686-1/arm-none-eabi/lib/thumb2/libc.a(lib_a-memcpy.o)
 .bss           0x1000065c        0x0 /opt/york/cs/net/sourcery-g++-lite-arm-eabi-2010.09.51-i686-1/arm-none-eabi/lib/thumb2/libc.a(lib_a-mprec.o)
 .bss           0x1000065c        0x0 /opt/york/cs/net/sourcery-g++-lite-arm-eabi-2010.09.51-i686-1/arm-none-eabi/lib/thumb2/libc.a(lib_a-reent.o)
 .bss           0x1000065c        0x0 /opt/york/cs/net/sourcery-g++-lite-arm-eabi-2010.09.51-i686-1/arm-none-eabi/lib/thumb2/libc.a(lib_a-s_fpclassify.o)
 .bss           0x1000065c        0x0 /opt/york/cs/net/sourcery-g++-lite-arm-eabi-2010.09.51-i686-1/arm-none-eabi/lib/thumb2/libc.a(lib_a-strcmp.o)
 .bss           0x1000065c        0x0 /opt/york/cs/net/sourcery-g++-lite-arm-eabi-2010.09.51-i686-1/arm-none-eabi/lib/thumb2/libc.a(lib_a-svfiprintf.o)
 .bss           0x1000065c        0x0 /opt/york/cs/net/sourcery-g++-lite-arm-eabi-2010.09.51-i686-1/arm-none-eabi/lib/thumb2/libc.a(lib_a-callocr.o)
 .bss           0x1000065c        0x0 /opt/york/cs/net/sourcery-g++-lite-arm-eabi-2010.09.51-i686-1/arm-none-eabi/lib/thumb2/libc.a(lib_a-memmove.o)
 .bss           0x1000065c        0x0 /opt/york/cs/net/sourcery-g++-lite-arm-eabi-2010.09.51-i686-1/arm-none-eabi/lib/thumb2/libc.a(lib_a-memset.o)
 .bss           0x1000065c        0x0 /opt/york/cs/net/sourcery-g++-lite-arm-eabi-2010.09.51-i686-1/arm-none-eabi/lib/thumb2/libc.a(lib_a-reallocr.o)
 .bss           0x1000065c        0x0 /opt/york/cs/net/sourcery-g++-lite-arm-eabi-2010.09.51-i686-1/bin/../lib/gcc/arm-none-eabi/4.5.1/thumb2/libgcc.a(_udivsi3.o)
 .bss           0x1000065c        0x0 /opt/york/cs/net/sourcery-g++-lite-arm-eabi-2010.09.51-i686-1/bin/../lib/gcc/arm-none-eabi/4.5.1/thumb2/libgcc.a(_dvmd_tls.o)
 .bss           0x1000065c        0x0 /opt/york/cs/net/sourcery-g++-lite-arm-eabi-2010.09.51-i686-1/bin/../lib/gcc/arm-none-eabi/4.5.1/thumb2/libgcc.a(_arm_addsubdf3.o)
 .bss           0x1000065c        0x0 /opt/york/cs/net/sourcery-g++-lite-arm-eabi-2010.09.51-i686-1/bin/../lib/gcc/arm-none-eabi/4.5.1/thumb2/libgcc.a(_arm_muldivdf3.o)
 .bss           0x1000065c        0x0 /opt/york/cs/net/sourcery-g++-lite-arm-eabi-2010.09.51-i686-1/bin/../lib/gcc/arm-none-eabi/4.5.1/thumb2/libgcc.a(_arm_cmpdf2.o)
 .bss           0x1000065c        0x0 /opt/york/cs/net/sourcery-g++-lite-arm-eabi-2010.09.51-i686-1/bin/../lib/gcc/arm-none-eabi/4.5.1/thumb2/libgcc.a(_arm_fixdfsi.o)
 .bss           0x1000065c        0x0 /opt/york/cs/net/sourcery-g++-lite-arm-eabi-2010.09.51-i686-1/bin/../lib/gcc/arm-none-eabi/4.5.1/thumb2/libgcc.a(_aeabi_uldivmod.o)
 .bss           0x1000065c        0x0 /opt/york/cs/net/sourcery-g++-lite-arm-eabi-2010.09.51-i686-1/bin/../lib/gcc/arm-none-eabi/4.5.1/thumb2/libgcc.a(bpabi.o)
 .bss           0x1000065c        0x0 /opt/york/cs/net/sourcery-g++-lite-arm-eabi-2010.09.51-i686-1/bin/../lib/gcc/arm-none-eabi/4.5.1/thumb2/libgcc.a(_divdi3.o)
 .bss           0x1000065c        0x0 /opt/york/cs/net/sourcery-g++-lite-arm-eabi-2010.09.51-i686-1/bin/../lib/gcc/arm-none-eabi/4.5.1/thumb2/libgcc.a(_udivdi3.o)
 .bss           0x1000065c        0x0 /opt/york/cs/net/sourcery-g++-lite-arm-eabi-2010.09.51-i686-1/arm-none-eabi/lib/thumb2/libcs3.a(start_c.o)
 .bss           0x1000065c        0x0 /opt/york/cs/net/sourcery-g++-lite-arm-eabi-2010.09.51-i686-1/arm-none-eabi/lib/thumb2/libcs3unhosted.a(unhosted-sbrk.o)
 .bss           0x1000065c        0x0 /opt/york/cs/net/sourcery-g++-lite-arm-eabi-2010.09.51-i686-1/arm-none-eabi/lib/thumb2/libcs3unhosted.a(unhosted-start.o)
 .bss           0x1000065c        0x0 /opt/york/cs/net/sourcery-g++-lite-arm-eabi-2010.09.51-i686-1/arm-none-eabi/lib/thumb2/libc.a(lib_a-errno.o)
 .bss           0x1000065c        0x0 /opt/york/cs/net/sourcery-g++-lite-arm-eabi-2010.09.51-i686-1/arm-none-eabi/lib/thumb2/libc.a(lib_a-init.o)
 .bss           0x1000065c        0x0 /opt/york/cs/net/sourcery-g++-lite-arm-eabi-2010.09.51-i686-1/arm-none-eabi/lib/thumb2/libcs3.a(heap.o)
 .bss           0x1000065c        0x0 /opt/york/cs/net/lpc1700-cmsis-lite-2011.01.26-i686-1/lib/libDriversLPC17xxgnu.a(lpc17xx_gpdma.o)
 .bss           0x1000065c        0x0 /opt/york/cs/net/lpc1700-cmsis-lite-2011.01.26-i686-1/lib/libDriversLPC17xxgnu.a(lpc17xx_i2c.o)
 .bss.i2cdat    0x1000065c       0x18 /opt/york/cs/net/lpc1700-cmsis-lite-2011.01.26-i686-1/lib/libDriversLPC17xxgnu.a(lpc17xx_i2c.o)
 .bss.I2C_MasterComplete
                0x10000674        0xc /opt/york/cs/net/lpc1700-cmsis-lite-2011.01.26-i686-1/lib/libDriversLPC17xxgnu.a(lpc17xx_i2c.o)
 .bss.I2C_SlaveComplete
                0x10000680        0xc /opt/york/cs/net/lpc1700-cmsis-lite-2011.01.26-i686-1/lib/libDriversLPC17xxgnu.a(lpc17xx_i2c.o)
 .bss.I2C_MonitorBufferIndex
                0x1000068c        0x4 /opt/york/cs/net/lpc1700-cmsis-lite-2011.01.26-i686-1/lib/libDriversLPC17xxgnu.a(lpc17xx_i2c.o)
 .bss           0x10000690        0x0 /opt/york/cs/net/lpc1700-cmsis-lite-2011.01.26-i686-1/lib/libDriversLPC17xxgnu.a(lpc17xx_i2s.o)
 .bss           0x10000690        0x0 /opt/york/cs/net/lpc1700-cmsis-lite-2011.01.26-i686-1/lib/libDriversLPC17xxgnu.a(lpc17xx_libcfg_default.o)
 .bss           0x10000690        0x0 /opt/york/cs/net/lpc1700-cmsis-lite-2011.01.26-i686-1/lib/libDriversLPC17xxgnu.a(lpc17xx_pinsel.o)
 .bss           0x10000690        0x0 /opt/york/cs/net/lpc1700-cmsis-lite-2011.01.26-i686-1/lib/libDriversLPC17xxgnu.a(lpc17xx_uart.o)
 .bss           0x10000690        0x0 /opt/york/cs/net/lpc1700-cmsis-lite-2011.01.26-i686-1/lib/libDriversLPC17xxgnu.a(lpc17xx_clkpwr.o)
 .bss           0x10000690        0x0 /opt/york/cs/net/sourcery-g++-lite-arm-eabi-2010.09.51-i686-1/bin/../lib/gcc/arm-none-eabi/4.5.1/thumb2/crtend.o
 .bss           0x10000690        0x0 /opt/york/cs/net/sourcery-g++-lite-arm-eabi-2010.09.51-i686-1/bin/../lib/gcc/arm-none-eabi/4.5.1/thumb2/crtn.o
 *(COMMON)
 COMMON         0x10000690      0x478 main.o
                0x10000690                Channel1_TC
                0x10000694                BufferIn
                0x10000698                WriteInd
                0x1000069c                Channel0_TC
                0x100006a0                SelMenuItem
                0x100006a4                FatFs
                0x100008d4                rbuf
                0x10000ae4                ReadInd
                0x10000ae8                BufferOut
                0x10000aec                buttonpress
                0x10000af0                Channel0_Err
                0x10000af4                buffer
                0x10000af8                Counter
                0x10000afc                Channel1_Err
                0x10000b00                prevKey
                0x10000b01                key
                0x10000b02                TxIntStat
                0x10000b04                Audio_buf
 COMMON         0x10000b08        0x8 source/i2s.o
                0x10000b08                ENAOUT
                0x10000b0c                ENAINP
 COMMON         0x10000b10        0x4 /opt/york/cs/net/sourcery-g++-lite-arm-eabi-2010.09.51-i686-1/arm-none-eabi/lib/thumb2/libc.a(lib_a-reent.o)
                0x10000b10                errno
 *(.ram.b)
                0x10000b18                . = ALIGN (0x8)
 *fill*         0x10000b14        0x4 00
                0x10000b18                _end = .
                0x10000b18                __end = .

.usb_ram
 *.o(USB_RAM)

.heap           0x10000b18     0x1000
 *(.heap)
 .heap          0x10000b18     0x1000 /opt/york/cs/net/lpc1700-cmsis-lite-2011.01.26-i686-1/lib/startup_LPC17xx.o
                0x10000b18                __cs3_heap_start
                0x10001b18                __cs3_heap_end

.stack          0x10007f00      0x100
 *(.stack)
 .stack         0x10007f00      0x100 /opt/york/cs/net/lpc1700-cmsis-lite-2011.01.26-i686-1/lib/startup_LPC17xx.o
                0x10007f00                __cs3_stack_mem
                0x10008000                _estack = .
                0x10008000                PROVIDE (estack, .)
                0x00012120                __cs3_region_init_ram = LOADADDR (.data)
                0x00000600                __cs3_region_init_size_ram = (_edata - __cs3_region_start_ram)
                0x00000518                __cs3_region_zero_size_ram = (_end - _edata)
                0x00008000                __cs3_region_size_ram = 0x8000
                0x00000001                __cs3_region_num = 0x1

.stab
 *(.stab)

.stabstr
 *(.stabstr)

.debug
 *(.debug)

.line
 *(.line)

.debug_srcinfo
 *(.debug_srcinfo)

.debug_sfnames
 *(.debug_sfnames)

.comment        0x00000000       0x2a
 .comment       0x00000000       0x2a main.o
                                 0x2b (size before relaxing)
 .comment       0x00000000       0x2b source/i2s_polling.o
 .comment       0x00000000       0x2b source/KeyAccess.o
 .comment       0x00000000       0x2b source/LCD.o
 .comment       0x00000000       0x2b source/i2s.o
 .comment       0x00000000       0x2b source/Delay.o
 .comment       0x00000000       0x2b source/SerialIO.o
 .comment       0x00000000       0x2b source/I2C.o
 .comment       0x00000000       0x2b source/TLV320.o
 .comment       0x00000000       0x2b source/FatFS/ffsystem.o
 .comment       0x00000000       0x2b source/FatFS/ff.o
 .comment       0x00000000       0x2b source/FatFS/ffunicode.o
 .comment       0x00000000       0x2b source/FatFS/mmc_176x_ssp.o
 .comment       0x00000000       0x2b source/FatFS/diskio.o
 .comment       0x00000000       0x2b /opt/york/cs/net/lpc1700-cmsis-lite-2011.01.26-i686-1/lib/core_cm3.o
 .comment       0x00000000       0x2b /opt/york/cs/net/lpc1700-cmsis-lite-2011.01.26-i686-1/lib/system_LPC17xx.o
 .comment       0x00000000       0x2b /opt/york/cs/net/lpc1700-cmsis-lite-2011.01.26-i686-1/lib/libDriversLPC17xxgnu.a(lpc17xx_gpdma.o)
 .comment       0x00000000       0x2b /opt/york/cs/net/lpc1700-cmsis-lite-2011.01.26-i686-1/lib/libDriversLPC17xxgnu.a(lpc17xx_i2c.o)
 .comment       0x00000000       0x2b /opt/york/cs/net/lpc1700-cmsis-lite-2011.01.26-i686-1/lib/libDriversLPC17xxgnu.a(lpc17xx_i2s.o)
 .comment       0x00000000       0x2b /opt/york/cs/net/lpc1700-cmsis-lite-2011.01.26-i686-1/lib/libDriversLPC17xxgnu.a(lpc17xx_libcfg_default.o)
 .comment       0x00000000       0x2b /opt/york/cs/net/lpc1700-cmsis-lite-2011.01.26-i686-1/lib/libDriversLPC17xxgnu.a(lpc17xx_pinsel.o)
 .comment       0x00000000       0x2b /opt/york/cs/net/lpc1700-cmsis-lite-2011.01.26-i686-1/lib/libDriversLPC17xxgnu.a(lpc17xx_uart.o)
 .comment       0x00000000       0x2b /opt/york/cs/net/lpc1700-cmsis-lite-2011.01.26-i686-1/lib/libDriversLPC17xxgnu.a(lpc17xx_clkpwr.o)

.debug_aranges  0x00000000      0x998
 *(.debug_aranges)
 .debug_aranges
                0x00000000       0x98 main.o
 .debug_aranges
                0x00000098       0x48 source/i2s_polling.o
 .debug_aranges
                0x000000e0       0x30 source/KeyAccess.o
 .debug_aranges
                0x00000110       0x78 source/LCD.o
 .debug_aranges
                0x00000188       0x78 source/i2s.o
 .debug_aranges
                0x00000200       0x40 source/Delay.o
 .debug_aranges
                0x00000240       0x88 source/SerialIO.o
 .debug_aranges
                0x000002c8       0x30 source/I2C.o
 .debug_aranges
                0x000002f8       0x60 source/TLV320.o
 .debug_aranges
                0x00000358      0x1c0 source/FatFS/ff.o
 .debug_aranges
                0x00000518       0xa0 source/FatFS/mmc_176x_ssp.o
 .debug_aranges
                0x000005b8       0x28 /opt/york/cs/net/lpc1700-cmsis-lite-2011.01.26-i686-1/lib/system_LPC17xx.o
 .debug_aranges
                0x000005e0       0x28 /opt/york/cs/net/lpc1700-cmsis-lite-2011.01.26-i686-1/lib/startup_LPC17xx.o
 .debug_aranges
                0x00000608       0x40 /opt/york/cs/net/lpc1700-cmsis-lite-2011.01.26-i686-1/lib/libDriversLPC17xxgnu.a(lpc17xx_gpdma.o)
 .debug_aranges
                0x00000648       0xd0 /opt/york/cs/net/lpc1700-cmsis-lite-2011.01.26-i686-1/lib/libDriversLPC17xxgnu.a(lpc17xx_i2c.o)
 .debug_aranges
                0x00000718       0xc0 /opt/york/cs/net/lpc1700-cmsis-lite-2011.01.26-i686-1/lib/libDriversLPC17xxgnu.a(lpc17xx_i2s.o)
 .debug_aranges
                0x000007d8       0x20 /opt/york/cs/net/lpc1700-cmsis-lite-2011.01.26-i686-1/lib/libDriversLPC17xxgnu.a(lpc17xx_libcfg_default.o)
 .debug_aranges
                0x000007f8       0x48 /opt/york/cs/net/lpc1700-cmsis-lite-2011.01.26-i686-1/lib/libDriversLPC17xxgnu.a(lpc17xx_pinsel.o)
 .debug_aranges
                0x00000840      0x100 /opt/york/cs/net/lpc1700-cmsis-lite-2011.01.26-i686-1/lib/libDriversLPC17xxgnu.a(lpc17xx_uart.o)
 .debug_aranges
                0x00000940       0x58 /opt/york/cs/net/lpc1700-cmsis-lite-2011.01.26-i686-1/lib/libDriversLPC17xxgnu.a(lpc17xx_clkpwr.o)

.debug_pubnames
                0x00000000     0x107a
 *(.debug_pubnames)
 .debug_pubnames
                0x00000000      0x1fe main.o
 .debug_pubnames
                0x000001fe       0xee source/i2s_polling.o
 .debug_pubnames
                0x000002ec       0x41 source/KeyAccess.o
 .debug_pubnames
                0x0000032d       0xd1 source/LCD.o
 .debug_pubnames
                0x000003fe      0x120 source/i2s.o
 .debug_pubnames
                0x0000051e       0x4a source/Delay.o
 .debug_pubnames
                0x00000568      0x102 source/SerialIO.o
 .debug_pubnames
                0x0000066a       0x3a source/I2C.o
 .debug_pubnames
                0x000006a4      0x103 source/TLV320.o
 .debug_pubnames
                0x000007a7       0xfc source/FatFS/ff.o
 .debug_pubnames
                0x000008a3       0x75 source/FatFS/mmc_176x_ssp.o
 .debug_pubnames
                0x00000918       0x4f /opt/york/cs/net/lpc1700-cmsis-lite-2011.01.26-i686-1/lib/system_LPC17xx.o
 .debug_pubnames
                0x00000967       0xc3 /opt/york/cs/net/lpc1700-cmsis-lite-2011.01.26-i686-1/lib/libDriversLPC17xxgnu.a(lpc17xx_gpdma.o)
 .debug_pubnames
                0x00000a2a      0x163 /opt/york/cs/net/lpc1700-cmsis-lite-2011.01.26-i686-1/lib/libDriversLPC17xxgnu.a(lpc17xx_i2c.o)
 .debug_pubnames
                0x00000b8d      0x145 /opt/york/cs/net/lpc1700-cmsis-lite-2011.01.26-i686-1/lib/libDriversLPC17xxgnu.a(lpc17xx_i2s.o)
 .debug_pubnames
                0x00000cd2       0x23 /opt/york/cs/net/lpc1700-cmsis-lite-2011.01.26-i686-1/lib/libDriversLPC17xxgnu.a(lpc17xx_libcfg_default.o)
 .debug_pubnames
                0x00000cf5       0x59 /opt/york/cs/net/lpc1700-cmsis-lite-2011.01.26-i686-1/lib/libDriversLPC17xxgnu.a(lpc17xx_pinsel.o)
 .debug_pubnames
                0x00000d4e      0x271 /opt/york/cs/net/lpc1700-cmsis-lite-2011.01.26-i686-1/lib/libDriversLPC17xxgnu.a(lpc17xx_uart.o)
 .debug_pubnames
                0x00000fbf       0xbb /opt/york/cs/net/lpc1700-cmsis-lite-2011.01.26-i686-1/lib/libDriversLPC17xxgnu.a(lpc17xx_clkpwr.o)

.debug_info     0x00000000     0xcbcb
 *(.debug_info .gnu.linkonce.wi.*)
 .debug_info    0x00000000     0x1763 main.o
 .debug_info    0x00001763      0xb0b source/i2s_polling.o
 .debug_info    0x0000226e      0x3ea source/KeyAccess.o
 .debug_info    0x00002658      0xa9f source/LCD.o
 .debug_info    0x000030f7      0xe7b source/i2s.o
 .debug_info    0x00003f72      0x5fb source/Delay.o
 .debug_info    0x0000456d      0xc17 source/SerialIO.o
 .debug_info    0x00005184      0x396 source/I2C.o
 .debug_info    0x0000551a      0x4ae source/TLV320.o
 .debug_info    0x000059c8       0x9f source/FatFS/ffsystem.o
 .debug_info    0x00005a67     0x1ef9 source/FatFS/ff.o
 .debug_info    0x00007960       0x9f source/FatFS/ffunicode.o
 .debug_info    0x000079ff      0x9f3 source/FatFS/mmc_176x_ssp.o
 .debug_info    0x000083f2       0x9f source/FatFS/diskio.o