Archive member included because of file (symbol)

/opt/york/cs/net/sourcery-g++-lite-arm-eabi-2010.09.51-i686-1/arm-none-eabi/lib/thumb2/libc.a(lib_a-sprintf.o)
                              main.o (sprintf)
/opt/york/cs/net/sourcery-g++-lite-arm-eabi-2010.09.51-i686-1/arm-none-eabi/lib/thumb2/libc.a(lib_a-svfprintf.o)
                              /opt/york/cs/net/sourcery-g++-lite-arm-eabi-2010.09.51-i686-1/arm-none-eabi/lib/thumb2/libc.a(lib_a-sprintf.o) (_svfprintf_r)
/opt/york/cs/net/sourcery-g++-lite-arm-eabi-2010.09.51-i686-1/arm-none-eabi/lib/thumb2/libc.a(lib_a-dtoa.o)
                              /opt/york/cs/net/sourcery-g++-lite-arm-eabi-2010.09.51-i686-1/arm-none-eabi/lib/thumb2/libc.a(lib_a-svfprintf.o) (_dtoa_r)
/opt/york/cs/net/sourcery-g++-lite-arm-eabi-2010.09.51-i686-1/arm-none-eabi/lib/thumb2/libc.a(lib_a-impure.o)
                              /opt/york/cs/net/sourcery-g++-lite-arm-eabi-2010.09.51-i686-1/arm-none-eabi/lib/thumb2/libc.a(lib_a-sprintf.o) (_impure_ptr)
/opt/york/cs/net/sourcery-g++-lite-arm-eabi-2010.09.51-i686-1/arm-none-eabi/lib/thumb2/libc.a(lib_a-locale.o)
                              /opt/york/cs/net/sourcery-g++-lite-arm-eabi-2010.09.51-i686-1/arm-none-eabi/lib/thumb2/libc.a(lib_a-svfprintf.o) (_localeconv_r)
/opt/york/cs/net/sourcery-g++-lite-arm-eabi-2010.09.51-i686-1/arm-none-eabi/lib/thumb2/libc.a(lib_a-malloc.o)
                              /opt/york/cs/net/sourcery-g++-lite-arm-eabi-2010.09.51-i686-1/arm-none-eabi/lib/thumb2/libc.a(lib_a-dtoa.o) (malloc)
/opt/york/cs/net/sourcery-g++-lite-arm-eabi-2010.09.51-i686-1/arm-none-eabi/lib/thumb2/libc.a(lib_a-mallocr.o)
                              /opt/york/cs/net/sourcery-g++-lite-arm-eabi-2010.09.51-i686-1/arm-none-eabi/lib/thumb2/libc.a(lib_a-svfprintf.o) (_malloc_r)
/opt/york/cs/net/sourcery-g++-lite-arm-eabi-2010.09.51-i686-1/arm-none-eabi/lib/thumb2/libc.a(lib_a-memchr.o)
                              /opt/york/cs/net/sourcery-g++-lite-arm-eabi-2010.09.51-i686-1/arm-none-eabi/lib/thumb2/libc.a(lib_a-svfprintf.o) (memchr)
/opt/york/cs/net/sourcery-g++-lite-arm-eabi-2010.09.51-i686-1/arm-none-eabi/lib/thumb2/libc.a(lib_a-memcpy.o)
                              /opt/york/cs/net/sourcery-g++-lite-arm-eabi-2010.09.51-i686-1/arm-none-eabi/lib/thumb2/libc.a(lib_a-dtoa.o) (memcpy)
/opt/york/cs/net/sourcery-g++-lite-arm-eabi-2010.09.51-i686-1/arm-none-eabi/lib/thumb2/libc.a(lib_a-mlock.o)
                              /opt/york/cs/net/sourcery-g++-lite-arm-eabi-2010.09.51-i686-1/arm-none-eabi/lib/thumb2/libc.a(lib_a-mallocr.o) (__malloc_lock)
/opt/york/cs/net/sourcery-g++-lite-arm-eabi-2010.09.51-i686-1/arm-none-eabi/lib/thumb2/libc.a(lib_a-mprec.o)
                              /opt/york/cs/net/sourcery-g++-lite-arm-eabi-2010.09.51-i686-1/arm-none-eabi/lib/thumb2/libc.a(lib_a-dtoa.o) (_Balloc)
/opt/york/cs/net/sourcery-g++-lite-arm-eabi-2010.09.51-i686-1/arm-none-eabi/lib/thumb2/libc.a(lib_a-s_fpclassify.o)
                              /opt/york/cs/net/sourcery-g++-lite-arm-eabi-2010.09.51-i686-1/arm-none-eabi/lib/thumb2/libc.a(lib_a-svfprintf.o) (__fpclassifyd)
/opt/york/cs/net/sourcery-g++-lite-arm-eabi-2010.09.51-i686-1/arm-none-eabi/lib/thumb2/libc.a(lib_a-sbrkr.o)
                              /opt/york/cs/net/sourcery-g++-lite-arm-eabi-2010.09.51-i686-1/arm-none-eabi/lib/thumb2/libc.a(lib_a-mallocr.o) (_sbrk_r)
/opt/york/cs/net/sourcery-g++-lite-arm-eabi-2010.09.51-i686-1/arm-none-eabi/lib/thumb2/libc.a(lib_a-strcmp.o)
                              /opt/york/cs/net/sourcery-g++-lite-arm-eabi-2010.09.51-i686-1/arm-none-eabi/lib/thumb2/libc.a(lib_a-locale.o) (strcmp)
/opt/york/cs/net/sourcery-g++-lite-arm-eabi-2010.09.51-i686-1/arm-none-eabi/lib/thumb2/libc.a(lib_a-strlen.o)
                              /opt/york/cs/net/sourcery-g++-lite-arm-eabi-2010.09.51-i686-1/arm-none-eabi/lib/thumb2/libc.a(lib_a-svfprintf.o) (strlen)
/opt/york/cs/net/sourcery-g++-lite-arm-eabi-2010.09.51-i686-1/arm-none-eabi/lib/thumb2/libc.a(lib_a-svfiprintf.o)
                              /opt/york/cs/net/sourcery-g++-lite-arm-eabi-2010.09.51-i686-1/arm-none-eabi/lib/thumb2/libc.a(lib_a-svfprintf.o) (__ssprint_r)
/opt/york/cs/net/sourcery-g++-lite-arm-eabi-2010.09.51-i686-1/arm-none-eabi/lib/thumb2/libc.a(lib_a-callocr.o)
                              /opt/york/cs/net/sourcery-g++-lite-arm-eabi-2010.09.51-i686-1/arm-none-eabi/lib/thumb2/libc.a(lib_a-mprec.o) (_calloc_r)
/opt/york/cs/net/sourcery-g++-lite-arm-eabi-2010.09.51-i686-1/arm-none-eabi/lib/thumb2/libc.a(lib_a-freer.o)
                              /opt/york/cs/net/sourcery-g++-lite-arm-eabi-2010.09.51-i686-1/arm-none-eabi/lib/thumb2/libc.a(lib_a-malloc.o) (_free_r)
/opt/york/cs/net/sourcery-g++-lite-arm-eabi-2010.09.51-i686-1/arm-none-eabi/lib/thumb2/libc.a(lib_a-memmove.o)
                              /opt/york/cs/net/sourcery-g++-lite-arm-eabi-2010.09.51-i686-1/arm-none-eabi/lib/thumb2/libc.a(lib_a-svfiprintf.o) (memmove)
[...]
Memory Configuration

Name             Origin             Length             Attributes
rom              0x00000000         0x00080000         xr
ram              0x10000000         0x00008000         xrw
ram1             0x2007c000         0x00004000         xrw
ram2             0x20080000         0x00004000         xrw
*default*        0x00000000         0xffffffff

Linker script and memory map

LOAD /opt/york/cs/net/sourcery-g++-lite-arm-eabi-2010.09.51-i686-1/bin/../lib/gcc/arm-none-eabi/4.5.1/thumb2/crti.o
LOAD /opt/york/cs/net/sourcery-g++-lite-arm-eabi-2010.09.51-i686-1/bin/../lib/gcc/arm-none-eabi/4.5.1/thumb2/crtbegin.o
LOAD crp.o
LOAD ff.o
LOAD ffunicode.o
LOAD main.o
LOAD mmc_176x_ssp.o
LOAD rtc176x.o
LOAD serial.o
LOAD sound.o
LOAD startup176x.o
LOAD uart176x.o
LOAD xprintf.o
LOAD /opt/york/cs/net/lpc1700-cmsis-lite-2011.01.26-i686-1/lib/core_cm3.o
LOAD /opt/york/cs/net/lpc1700-cmsis-lite-2011.01.26-i686-1/lib/system_LPC17xx.o
LOAD /opt/york/cs/net/lpc1700-cmsis-lite-2011.01.26-i686-1/lib/startup_LPC17xx.o
START GROUP
LOAD /opt/york/cs/net/sourcery-g++-lite-arm-eabi-2010.09.51-i686-1/arm-none-eabi/lib/thumb2/libc.a
LOAD /opt/york/cs/net/sourcery-g++-lite-arm-eabi-2010.09.51-i686-1/arm-none-eabi/lib/thumb2/libg.a
LOAD /opt/york/cs/net/sourcery-g++-lite-arm-eabi-2010.09.51-i686-1/arm-none-eabi/lib/thumb2/libstdc++.a
LOAD /opt/york/cs/net/sourcery-g++-lite-arm-eabi-2010.09.51-i686-1/arm-none-eabi/lib/thumb2/libsupc++.a
LOAD /opt/york/cs/net/sourcery-g++-lite-arm-eabi-2010.09.51-i686-1/bin/../lib/gcc/arm-none-eabi/4.5.1/thumb2/libgcc.a
LOAD /opt/york/cs/net/sourcery-g++-lite-arm-eabi-2010.09.51-i686-1/arm-none-eabi/lib/thumb2/libm.a
END GROUP
START GROUP
LOAD /opt/york/cs/net/sourcery-g++-lite-arm-eabi-2010.09.51-i686-1/bin/../lib/gcc/arm-none-eabi/4.5.1/thumb2/libgcc.a
LOAD /opt/york/cs/net/sourcery-g++-lite-arm-eabi-2010.09.51-i686-1/arm-none-eabi/lib/thumb2/libc.a
LOAD /opt/york/cs/net/sourcery-g++-lite-arm-eabi-2010.09.51-i686-1/arm-none-eabi/lib/thumb2/libcs3.a
LOAD /opt/york/cs/net/sourcery-g++-lite-arm-eabi-2010.09.51-i686-1/arm-none-eabi/lib/thumb2/libcs3unhosted.a
LOAD /opt/york/cs/net/sourcery-g++-lite-arm-eabi-2010.09.51-i686-1/arm-none-eabi/lib/thumb2/libcs3micro.a
END GROUP
                0x10008000                PROVIDE (__cs3_stack, (__cs3_region_start_ram + __cs3_region_size_ram))
                0x000070e0                PROVIDE (__cs3_stack_size, ((__cs3_region_start_ram + __cs3_region_size_ram) - _end))
                0x10000f20                PROVIDE (__cs3_heap_start, _end)
                0x10008000                PROVIDE (__cs3_heap_end, (__cs3_region_start_ram + __cs3_region_size_ram))

.text           0x00000000    0x10a7c
 CREATE_OBJECT_SYMBOLS
                0x00000000                __cs3_region_start_rom = .
 *(.cs3.region-head.rom)
                0x00000000                __cs3_interrupt_vector = __cs3_interrupt_vector_cortex_m
 *(.cs3.interrupt_vector)
 .cs3.interrupt_vector
                0x00000000       0xcc /opt/york/cs/net/lpc1700-cmsis-lite-2011.01.26-i686-1/lib/startup_LPC17xx.o
                0x00000000                __cs3_interrupt_vector_cortex_m
                0x00000001                ASSERT ((. != __cs3_interrupt_vector_cortex_m), No interrupt vector)
 *(.rom)
 *(.rom.b)
                0x000000cc                __cs3_reset = __cs3_reset_cortex_m
 *(.cs3.reset)
 .cs3.reset     0x000000cc       0x10 /opt/york/cs/net/lpc1700-cmsis-lite-2011.01.26-i686-1/lib/startup_LPC17xx.o
                0x000000cc                __cs3_reset_cortex_m
                0x00000001                ASSERT ((. != __cs3_reset), No reset code)
 *(.text .text.* .gnu.linkonce.t.*)
 .text          0x000000dc        0x0 /opt/york/cs/net/sourcery-g++-lite-arm-eabi-2010.09.51-i686-1/bin/../lib/gcc/arm-none-eabi/4.5.1/thumb2/crti.o
 .text          0x000000dc       0x30 /opt/york/cs/net/sourcery-g++-lite-arm-eabi-2010.09.51-i686-1/bin/../lib/gcc/arm-none-eabi/4.5.1/thumb2/crtbegin.o
 .text          0x0000010c        0x0 crp.o
 .text          0x0000010c        0x0 ff.o
 .text.ld_word  0x0000010c       0x34 ff.o
 .text.ld_dword
                0x00000140       0x58 ff.o
 .text.st_word  0x00000198       0x40 ff.o
 .text.st_dword
                0x000001d8       0x6c ff.o
 .text.mem_cpy  0x00000244       0x4c ff.o
 .text.mem_set  0x00000290       0x38 ff.o
 .text.mem_cmp  0x000002c8       0x5c ff.o
 .text.chk_chr  0x00000324       0x38 ff.o
 .text.dbc_1st  0x0000035c       0x68 ff.o
 .text.dbc_2nd  0x000003c4       0x8c ff.o
 .text.sync_window
                0x00000450       0x90 ff.o
 .text.move_window
                0x000004e0       0x68 ff.o
 .text.sync_fs  0x00000548       0xf8 ff.o
 .text.clst2sect
                0x00000640       0x44 ff.o
 .text.get_fat  0x00000684      0x180 ff.o
 .text.put_fat  0x00000804      0x218 ff.o
 .text.remove_chain
                0x00000a1c       0xdc ff.o
 .text.create_chain
                0x00000af8      0x1c4 ff.o
 .text.dir_clear
                0x00000cbc       0xa4 ff.o
 .text.dir_sdi  0x00000d60      0x114 ff.o
 .text.dir_next
                0x00000e74      0x164 ff.o
 .text.dir_alloc
                0x00000fd8       0x9c ff.o
 .text.ld_clust
                0x00001074       0x48 ff.o
 .text.st_clust
                0x000010bc       0x44 ff.o
 .text.dir_read
                0x00001100       0xc4 ff.o
 .text.dir_find
                0x000011c4       0xbc ff.o
 .text.dir_register
                0x00001280       0x74 ff.o
 .text.dir_remove
                0x000012f4       0x44 ff.o
 .text.get_fileinfo
                0x00001338       0xf4 ff.o
 .text.get_achar
                0x0000142c       0x7c ff.o
 .text.pattern_matching
                0x000014a8      0x128 ff.o
 .text.create_name
                0x000015d0      0x258 ff.o
 .text.follow_path
                0x00001828      0x140 ff.o
 .text.get_ldnumber
                0x00001968       0x9c ff.o
 .text.check_fs
                0x00001a04       0xcc ff.o
 .text.find_volume
                0x00001ad0      0x540 ff.o
 .text.validate
                0x00002010       0x74 ff.o
 .text.f_mount  0x00002084       0x98 ff.o
                0x00002084                f_mount
 .text.f_open   0x0000211c      0x354 ff.o
                0x0000211c                f_open
 .text.f_read   0x00002470      0x2b8 ff.o
                0x00002470                f_read
 .text.f_write  0x00002728      0x324 ff.o
                0x00002728                f_write
 .text.f_sync   0x00002a4c      0x11c ff.o
                0x00002a4c                f_sync
 .text.f_close  0x00002b68       0x44 ff.o
                0x00002b68                f_close
 .text.f_chdrive
                0x00002bac       0x3c ff.o
                0x00002bac                f_chdrive
 .text.f_chdir  0x00002be8       0xa4 ff.o
                0x00002be8                f_chdir
 .text.f_getcwd
                0x00002c8c      0x220 ff.o
                0x00002c8c                f_getcwd
 .text.f_lseek  0x00002eac      0x2a4 ff.o
                0x00002eac                f_lseek
 .text.f_opendir
                0x00003150       0xc4 ff.o
                0x00003150                f_opendir
 .text.f_closedir
                0x00003214       0x34 ff.o
                0x00003214                f_closedir
 .text.f_readdir
                0x00003248       0x88 ff.o
                0x00003248                f_readdir
 .text.f_findnext
                0x000032d0       0x5c ff.o
                0x000032d0                f_findnext
 .text.f_findfirst
                0x0000332c       0x40 ff.o
                0x0000332c                f_findfirst
 .text.f_stat   0x0000336c       0x80 ff.o
                0x0000336c                f_stat
 .text.f_getfree
                0x000033ec      0x198 ff.o
                0x000033ec                f_getfree
 .text.f_truncate
                0x00003584      0x148 ff.o
                0x00003584                f_truncate
 .text.f_unlink
                0x000036cc      0x18c ff.o
                0x000036cc                f_unlink
 .text.f_mkdir  0x00003858      0x1f8 ff.o
                0x00003858                f_mkdir
 .text.f_rename
                0x00003a50      0x228 ff.o
                0x00003a50                f_rename
 .text.f_chmod  0x00003c78       0xd0 ff.o
                0x00003c78                f_chmod
 .text.f_utime  0x00003d48       0xb4 ff.o
                0x00003d48                f_utime
 .text.f_getlabel
                0x00003dfc      0x164 ff.o
                0x00003dfc                f_getlabel
 .text.f_setlabel
                0x00003f60      0x270 ff.o
                0x00003f60                f_setlabel
 .text.f_mkfs   0x000041d0      0x9d8 ff.o
                0x000041d0                f_mkfs
 .text.f_gets   0x00004ba8       0x8c ff.o
                0x00004ba8                f_gets
 .text.putc_bfd
                0x00004c34       0x80 ff.o
 .text.putc_flush
                0x00004cb4       0x50 ff.o
 .text.putc_init
                0x00004d04       0x28 ff.o
 .text.f_putc   0x00004d2c       0x3c ff.o
                0x00004d2c                f_putc
 .text.f_puts   0x00004d68       0x50 ff.o
                0x00004d68                f_puts
 .text.f_printf
                0x00004db8      0x524 ff.o
                0x00004db8                f_printf
 .text          0x000052dc        0x0 ffunicode.o
 .text          0x000052dc        0x0 main.o
 .text.main     0x000052dc      0x120 main.o
                0x000052dc                main
 .text          0x000053fc        0x0 mmc_176x_ssp.o
 .text.xchg_spi
                0x000053fc       0x44 mmc_176x_ssp.o
 .text.rcvr_spi_multi
                0x00005440      0x134 mmc_176x_ssp.o
 .text.xmit_spi_multi
                0x00005574      0x134 mmc_176x_ssp.o
 .text.wait_ready
                0x000056a8       0x48 mmc_176x_ssp.o
 .text.deselect
                0x000056f0       0x1c mmc_176x_ssp.o
 .text.select   0x0000570c       0x3c mmc_176x_ssp.o
 .text.power_on
                0x00005748      0x104 mmc_176x_ssp.o
 .text.power_off
                0x0000584c       0x10 mmc_176x_ssp.o
 .text.rcvr_datablock
                0x0000585c       0x6c mmc_176x_ssp.o
 .text.xmit_datablock
                0x000058c8       0x74 mmc_176x_ssp.o
 .text.send_cmd
                0x0000593c       0xfc mmc_176x_ssp.o
 .text.disk_initialize
                0x00005a38      0x25c mmc_176x_ssp.o
                0x00005a38                disk_initialize
 .text.disk_status
                0x00005c94       0x30 mmc_176x_ssp.o
                0x00005c94                disk_status
 .text.disk_read
                0x00005cc4       0xd0 mmc_176x_ssp.o
                0x00005cc4                disk_read
 .text.disk_write
                0x00005d94      0x128 mmc_176x_ssp.o
                0x00005d94                disk_write
 .text.disk_ioctl
                0x00005ebc      0x578 mmc_176x_ssp.o
                0x00005ebc                disk_ioctl
 .text.disk_timerproc
                0x00006434       0xa4 mmc_176x_ssp.o
                0x00006434                disk_timerproc
 .text          0x000064d8        0x0 rtc176x.o
 .text.rtc_initialize
                0x000064d8       0x38 rtc176x.o
                0x000064d8                rtc_initialize
 .text.rtc_gettime
                0x00006510      0x11c rtc176x.o
                0x00006510                rtc_gettime
 .text.rtc_settime
                0x0000662c       0xa4 rtc176x.o
                0x0000662c                rtc_settime
 .text          0x000066d0        0x0 serial.o
 .text.serial_init
                0x000066d0       0x90 serial.o
                0x000066d0                serial_init
 .text.write_usb_serial_blocking
                0x00006760       0x2c serial.o
                0x00006760                write_usb_serial_blocking
 .text          0x0000678c        0x0 sound.o
 .text.TIMER3_IRQHandler
                0x0000678c      0x20c sound.o
                0x0000678c                TIMER3_IRQHandler
 .text.sound_start
                0x00006998      0x20c sound.o
                0x00006998                sound_start
 .text.sound_stop
                0x00006ba4       0xd4 sound.o
                0x00006ba4                sound_stop
 .text.load_wav
                0x00006c78      0x640 sound.o
                0x00006c78                load_wav
 .text          0x000072b8        0x0 startup176x.o
 .text.Reset_Handler
                0x000072b8      0x14c startup176x.o
                0x000072b8                Reset_Handler
 .text.Exception_Trap
                0x00007404        0x8 startup176x.o
                0x00007404                DebugMon_Handler
                0x00007404                SysTick_Handler
                0x00007404                PendSV_Handler
                0x00007404                NMI_Handler
                0x00007404                UsageFault_Handler
                0x00007404                Exception_Trap
                0x00007404                MemManage_Handler
                0x00007404                HardFault_Hander
                0x00007404                BusFault_Handler
 .text.IRQ_Trap
                0x0000740c        0x8 startup176x.o
                0x0000740c                TIMER2_IRQHandler
                0x0000740c                RIT_IRQHandler
                0x0000740c                I2C0_IRQHandler
                0x0000740c                PWM1_IRQHandler
                0x0000740c                I2C1_IRQHandler
                0x0000740c                EINT2_IRQHandler
                0x0000740c                UART1_IRQHandler
                0x0000740c                EINT3_IRQHandler
                0x0000740c                PLL0_IRQHandler
                0x0000740c                CAN_IRQHandler
                0x0000740c                PLL1_IRQHandler
                0x0000740c                SSP0_IRQHandler
                0x0000740c                I2S_IRQHandler
                0x0000740c                I2C2_IRQHandler
                0x0000740c                RTC_IRQHandler
                0x0000740c                TIMER0_IRQHandler
                0x0000740c                SPI_IRQHandler
                0x0000740c                EINT1_IRQHandler
                0x0000740c                TIMER1_IRQHandler
                0x0000740c                ETHER_IRQHandler
                0x0000740c                UART2_IRQHandler
                0x0000740c                ADC_IRQHandler
                0x0000740c                SSP1_IRQHandler
                0x0000740c                GPDMA_IRQHandler
                0x0000740c                USB_IRQHandler
                0x0000740c                BOD_IRQHandler
                0x0000740c                WDT_IRQHandler
                0x0000740c                QEI_IRQHandler
                0x0000740c                IRQ_Trap
                0x0000740c                EINT0_IRQHandler
                0x0000740c                USBACT_IRQHandler
                0x0000740c                CANACT_IRQHandler
                0x0000740c                UART3_IRQHandler
                0x0000740c                MCPWM_IRQHandler
 .text.SVC_Handler
                0x00007414        0x8 startup176x.o
                0x00007414                SVC_Handler
 .text          0x0000741c        0x0 uart176x.o
 .text.UART0_IRQHandler
                0x0000741c      0x198 uart176x.o
                0x0000741c                UART0_IRQHandler
 .text.uart0_test
                0x000075b4       0x18 uart176x.o
                0x000075b4                uart0_test
 .text.uart0_getc
                0x000075cc       0x8c uart176x.o
                0x000075cc                uart0_getc
 .text.uart0_putc
                0x00007658       0xbc uart176x.o
                0x00007658                uart0_putc
 .text.uart0_init
                0x00007714      0x160 uart176x.o
                0x00007714                uart0_init
 .text          0x00007874        0x0 xprintf.o
 .text.xputc    0x00007874       0x6c xprintf.o
                0x00007874                xputc
 .text.xputs    0x000078e0       0x2c xprintf.o
                0x000078e0                xputs
 .text.xfputs   0x0000790c       0x54 xprintf.o
                0x0000790c                xfputs
 .text.xvprintf
                0x00007960      0x394 xprintf.o
 .text.xprintf  0x00007cf4       0x24 xprintf.o
                0x00007cf4                xprintf
 .text.xsprintf
                0x00007d18       0x50 xprintf.o
                0x00007d18                xsprintf
 .text.xfprintf
                0x00007d68       0x4c xprintf.o
                0x00007d68                xfprintf
 .text.put_dump
                0x00007db4      0x120 xprintf.o
                0x00007db4                put_dump
 .text.xgets    0x00007ed4       0xd0 xprintf.o
                0x00007ed4                xgets
 .text.xfgets   0x00007fa4       0x48 xprintf.o
                0x00007fa4                xfgets
 .text.xatoi    0x00007fec      0x184 xprintf.o
                0x00007fec                xatoi
 .text          0x00008170        0x0 /opt/york/cs/net/lpc1700-cmsis-lite-2011.01.26-i686-1/lib/core_cm3.o
 .text          0x00008170        0x0 /opt/york/cs/net/lpc1700-cmsis-lite-2011.01.26-i686-1/lib/system_LPC17xx.o
 .text.SystemCoreClockUpdate
                0x00008170      0x228 /opt/york/cs/net/lpc1700-cmsis-lite-2011.01.26-i686-1/lib/system_LPC17xx.o
                0x00008170                SystemCoreClockUpdate
 .text.SystemInit
                0x00008398      0x240 /opt/york/cs/net/lpc1700-cmsis-lite-2011.01.26-i686-1/lib/system_LPC17xx.o
                0x00008398                SystemInit
 .text          0x000085d8       0x14 /opt/york/cs/net/lpc1700-cmsis-lite-2011.01.26-i686-1/lib/startup_LPC17xx.o
                0x000085da                HardFault_Handler
                0x000085ea                USBActivity_IRQHandler
                0x000085ea                CANActivity_IRQHandler
                0x000085ea                Default_Handler
                0x000085ea                DMA_IRQHandler
                0x000085ea                ENET_IRQHandler
 .text          0x000085ec       0x94 /opt/york/cs/net/sourcery-g++-lite-arm-eabi-2010.09.51-i686-1/arm-none-eabi/lib/thumb2/libc.a(lib_a-sprintf.o)
                0x000085ec                _sprintf_r
                0x00008630                sprintf
 .text          0x00008680     0x1658 /opt/york/cs/net/sourcery-g++-lite-arm-eabi-2010.09.51-i686-1/arm-none-eabi/lib/thumb2/libc.a(lib_a-svfprintf.o)
                0x00008680                _svfprintf_r
 .text          0x00009cd8     0x1000 /opt/york/cs/net/sourcery-g++-lite-arm-eabi-2010.09.51-i686-1/arm-none-eabi/lib/thumb2/libc.a(lib_a-dtoa.o)
                0x00009e04                _dtoa_r
 .text          0x0000acd8        0x0 /opt/york/cs/net/sourcery-g++-lite-arm-eabi-2010.09.51-i686-1/arm-none-eabi/lib/thumb2/libc.a(lib_a-impure.o)
 .text          0x0000acd8       0xa0 /opt/york/cs/net/sourcery-g++-lite-arm-eabi-2010.09.51-i686-1/arm-none-eabi/lib/thumb2/libc.a(lib_a-locale.o)
                0x0000acd8                _setlocale_r
                0x0000ad34                __locale_charset
                0x0000ad40                __locale_mb_cur_max
                0x0000ad4c                __locale_msgcharset
                0x0000ad54                __locale_cjk_lang
                0x0000ad58                _localeconv_r
                0x0000ad60                setlocale
                0x0000ad70                localeconv
 .text          0x0000ad78       0x20 /opt/york/cs/net/sourcery-g++-lite-arm-eabi-2010.09.51-i686-1/arm-none-eabi/lib/thumb2/libc.a(lib_a-malloc.o)
                0x0000ad78                malloc
                0x0000ad88                free
 .text          0x0000ad98      0x57c /opt/york/cs/net/sourcery-g++-lite-arm-eabi-2010.09.51-i686-1/arm-none-eabi/lib/thumb2/libc.a(lib_a-mallocr.o)
                0x0000ad98                _malloc_r
 .text          0x0000b314       0x88 /opt/york/cs/net/sourcery-g++-lite-arm-eabi-2010.09.51-i686-1/arm-none-eabi/lib/thumb2/libc.a(lib_a-memchr.o)
                0x0000b314                memchr
 .text          0x0000b39c      0x150 /opt/york/cs/net/sourcery-g++-lite-arm-eabi-2010.09.51-i686-1/arm-none-eabi/lib/thumb2/libc.a(lib_a-memcpy.o)
                0x0000b39c                memcpy
 .text          0x0000b4ec        0x8 /opt/york/cs/net/sourcery-g++-lite-arm-eabi-2010.09.51-i686-1/arm-none-eabi/lib/thumb2/libc.a(lib_a-mlock.o)
                0x0000b4ec                __malloc_lock
                0x0000b4f0                __malloc_unlock
 .text          0x0000b4f4      0x920 /opt/york/cs/net/sourcery-g++-lite-arm-eabi-2010.09.51-i686-1/arm-none-eabi/lib/thumb2/libc.a(lib_a-mprec.o)
                0x0000b4f4                _Balloc
                0x0000b55c                _Bfree
                0x0000b594                __multadd
                0x0000b618                __s2b
                0x0000b6ac                __hi0bits
                0x0000b6ec                __lo0bits
                0x0000b750                __i2b
                0x0000b764                __multiply
                0x0000b88c                __pow5mult
                0x0000b930                __lshift
                0x0000b9dc                __mcmp
                0x0000ba18                __mdiff
                0x0000bb10                __ulp
                0x0000bb58                __b2d
                0x0000bc04                __d2b
                0x0000bccc                __ratio
                0x0000bd3c                _mprec_log10
                0x0000bd70                __copybits
                0x0000bdb8                __any_on
 .text          0x0000be14       0x90 /opt/york/cs/net/sourcery-g++-lite-arm-eabi-2010.09.51-i686-1/arm-none-eabi/lib/thumb2/libc.a(lib_a-s_fpclassify.o)
                0x0000be14                __fpclassifyd
 .text          0x0000bea4       0x28 /opt/york/cs/net/sourcery-g++-lite-arm-eabi-2010.09.51-i686-1/arm-none-eabi/lib/thumb2/libc.a(lib_a-sbrkr.o)
                0x0000bea4                _sbrk_r
 .text          0x0000becc      0x1dc /opt/york/cs/net/sourcery-g++-lite-arm-eabi-2010.09.51-i686-1/arm-none-eabi/lib/thumb2/libc.a(lib_a-strcmp.o)
                0x0000becc                strcmp
 .text          0x0000c0a8       0x60 /opt/york/cs/net/sourcery-g++-lite-arm-eabi-2010.09.51-i686-1/arm-none-eabi/lib/thumb2/libc.a(lib_a-strlen.o)
                0x0000c0a8                strlen
 .text          0x0000c108      0xbe4 /opt/york/cs/net/sourcery-g++-lite-arm-eabi-2010.09.51-i686-1/arm-none-eabi/lib/thumb2/libc.a(lib_a-svfiprintf.o)
                0x0000c108                __ssprint_r
                0x0000c210                _svfiprintf_r
 .text          0x0000ccec       0x5c /opt/york/cs/net/sourcery-g++-lite-arm-eabi-2010.09.51-i686-1/arm-none-eabi/lib/thumb2/libc.a(lib_a-callocr.o)
                0x0000ccec                _calloc_r
 .text          0x0000cd48      0x240 /opt/york/cs/net/sourcery-g++-lite-arm-eabi-2010.09.51-i686-1/arm-none-eabi/lib/thumb2/libc.a(lib_a-freer.o)
                0x0000cd48                _malloc_trim_r
                0x0000cdf0                _free_r
 .text          0x0000cf88       0xa0 /opt/york/cs/net/sourcery-g++-lite-arm-eabi-2010.09.51-i686-1/arm-none-eabi/lib/thumb2/libc.a(lib_a-memmove.o)
                0x0000cf88                memmove
 .text          0x0000d028       0xb4 /opt/york/cs/net/sourcery-g++-lite-arm-eabi-2010.09.51-i686-1/arm-none-eabi/lib/thumb2/libc.a(lib_a-memset.o)
                0x0000d028                memset
 .text          0x0000d0dc      0x41c /opt/york/cs/net/sourcery-g++-lite-arm-eabi-2010.09.51-i686-1/arm-none-eabi/lib/thumb2/libc.a(lib_a-reallocr.o)
                0x0000d0dc                _realloc_r
 .text          0x0000d4f8      0x114 /opt/york/cs/net/sourcery-g++-lite-arm-eabi-2010.09.51-i686-1/arm-none-eabi/lib/thumb2/libc.a(lib_a-reent.o)
                0x0000d4f8                cleanup_glue
                0x0000d514                _reclaim_reent
                0x0000d5d4                _wrapup_reent
 *fill*         0x0000d60c        0x4 00
 .text          0x0000d610      0x278 /opt/york/cs/net/sourcery-g++-lite-arm-eabi-2010.09.51-i686-1/bin/../lib/gcc/arm-none-eabi/4.5.1/thumb2/libgcc.a(_udivsi3.o)
                0x0000d610                __udivsi3
                0x0000d610                __aeabi_uidiv
                0x0000d86c                __aeabi_uidivmod
 .text          0x0000d888        0x4 /opt/york/cs/net/sourcery-g++-lite-arm-eabi-2010.09.51-i686-1/bin/../lib/gcc/arm-none-eabi/4.5.1/thumb2/libgcc.a(_dvmd_tls.o)
                0x0000d888                __aeabi_ldiv0
                0x0000d888                __aeabi_idiv0
 .text          0x0000d88c      0x370 /opt/york/cs/net/sourcery-g++-lite-arm-eabi-2010.09.51-i686-1/bin/../lib/gcc/arm-none-eabi/4.5.1/thumb2/libgcc.a(_arm_addsubdf3.o)
                0x0000d88c                __aeabi_drsub
                0x0000d894                __aeabi_dsub
                0x0000d894                __subdf3
                0x0000d898                __adddf3
                0x0000d898                __aeabi_dadd
                0x0000db10                __aeabi_ui2d
                0x0000db10                __floatunsidf
                0x0000db30                __floatsidf
                0x0000db30                __aeabi_i2d
                0x0000db54                __extendsfdf2
                0x0000db54                __aeabi_f2d
                0x0000db90                __aeabi_ul2d
                0x0000db90                __floatundidf
                0x0000dba0                __floatdidf
                0x0000dba0                __aeabi_l2d
 .text          0x0000dbfc      0x424 /opt/york/cs/net/sourcery-g++-lite-arm-eabi-2010.09.51-i686-1/bin/../lib/gcc/arm-none-eabi/4.5.1/thumb2/libgcc.a(_arm_muldivdf3.o)
                0x0000dbfc                __aeabi_dmul
                0x0000dbfc                __muldf3
                0x0000de50                __aeabi_ddiv
                0x0000de50                __divdf3
 .text          0x0000e020      0x110 /opt/york/cs/net/sourcery-g++-lite-arm-eabi-2010.09.51-i686-1/bin/../lib/gcc/arm-none-eabi/4.5.1/thumb2/libgcc.a(_arm_cmpdf2.o)
                0x0000e020                __gtdf2
                0x0000e020                __gedf2
                0x0000e028                __ltdf2
                0x0000e028                __ledf2
                0x0000e030                __cmpdf2
                0x0000e030                __eqdf2
                0x0000e030                __nedf2
                0x0000e0ac                __aeabi_cdrcmple
                0x0000e0bc                __aeabi_cdcmple
                0x0000e0bc                __aeabi_cdcmpeq
                0x0000e0cc                __aeabi_dcmpeq
                0x0000e0e0                __aeabi_dcmplt
                0x0000e0f4                __aeabi_dcmple
                0x0000e108                __aeabi_dcmpge
                0x0000e11c                __aeabi_dcmpgt
 .text          0x0000e130       0x50 /opt/york/cs/net/sourcery-g++-lite-arm-eabi-2010.09.51-i686-1/bin/../lib/gcc/arm-none-eabi/4.5.1/thumb2/libgcc.a(_arm_fixdfsi.o)
                0x0000e130                __fixdfsi
                0x0000e130                __aeabi_d2iz
 .text          0x0000e180       0x2c /opt/york/cs/net/sourcery-g++-lite-arm-eabi-2010.09.51-i686-1/bin/../lib/gcc/arm-none-eabi/4.5.1/thumb2/libgcc.a(_aeabi_uldivmod.o)
                0x0000e180                __aeabi_uldivmod
 .text          0x0000e1ac       0x60 /opt/york/cs/net/sourcery-g++-lite-arm-eabi-2010.09.51-i686-1/bin/../lib/gcc/arm-none-eabi/4.5.1/thumb2/libgcc.a(bpabi.o)
                0x0000e1ac                __gnu_ldivmod_helper
                0x0000e1dc                __gnu_uldivmod_helper
 .text          0x0000e20c      0x364 /opt/york/cs/net/sourcery-g++-lite-arm-eabi-2010.09.51-i686-1/bin/../lib/gcc/arm-none-eabi/4.5.1/thumb2/libgcc.a(_divdi3.o)
                0x0000e20c                __divdi3
 .text          0x0000e570      0x314 /opt/york/cs/net/sourcery-g++-lite-arm-eabi-2010.09.51-i686-1/bin/../lib/gcc/arm-none-eabi/4.5.1/thumb2/libgcc.a(_udivdi3.o)
                0x0000e570                __udivdi3
 .text          0x0000e884       0x30 /opt/york/cs/net/sourcery-g++-lite-arm-eabi-2010.09.51-i686-1/arm-none-eabi/lib/thumb2/libcs3.a(start_c.o)
                0x0000e884                __cs3_premain
 .text.cs3.init
                0x0000e8b4       0x50 /opt/york/cs/net/sourcery-g++-lite-arm-eabi-2010.09.51-i686-1/arm-none-eabi/lib/thumb2/libcs3.a(start_c.o)
                0x0000e8b4                __cs3_start_c
 .text          0x0000e904       0x40 /opt/york/cs/net/sourcery-g++-lite-arm-eabi-2010.09.51-i686-1/arm-none-eabi/lib/thumb2/libcs3unhosted.a(unhosted-sbrk.o)
                0x0000e904                _sbrk
 .text          0x0000e944        0x0 /opt/york/cs/net/sourcery-g++-lite-arm-eabi-2010.09.51-i686-1/arm-none-eabi/lib/thumb2/libcs3unhosted.a(unhosted-start.o)
 .text.cs3.init
                0x0000e944       0x10 /opt/york/cs/net/sourcery-g++-lite-arm-eabi-2010.09.51-i686-1/arm-none-eabi/lib/thumb2/libcs3unhosted.a(unhosted-start.o)
                0x0000e944                _start
 .text          0x0000e954        0xc /opt/york/cs/net/sourcery-g++-lite-arm-eabi-2010.09.51-i686-1/arm-none-eabi/lib/thumb2/libc.a(lib_a-errno.o)
                0x0000e954                __errno
 .text          0x0000e960       0x50 /opt/york/cs/net/sourcery-g++-lite-arm-eabi-2010.09.51-i686-1/arm-none-eabi/lib/thumb2/libc.a(lib_a-init.o)
                0x0000e960                __libc_init_array
 .text          0x0000e9b0        0x0 /opt/york/cs/net/sourcery-g++-lite-arm-eabi-2010.09.51-i686-1/arm-none-eabi/lib/thumb2/libcs3.a(heap.o)
 .text          0x0000e9b0        0x0 /opt/york/cs/net/lpc1700-cmsis-lite-2011.01.26-i686-1/lib/libDriversLPC17xxgnu.a(lpc17xx_pinsel.o)
 .text.set_PinFunc
                0x0000e9b0       0xa0 /opt/york/cs/net/lpc1700-cmsis-lite-2011.01.26-i686-1/lib/libDriversLPC17xxgnu.a(lpc17xx_pinsel.o)
 .text.set_ResistorMode
                0x0000ea50       0xa0 /opt/york/cs/net/lpc1700-cmsis-lite-2011.01.26-i686-1/lib/libDriversLPC17xxgnu.a(lpc17xx_pinsel.o)
 .text.set_OpenDrainMode
                0x0000eaf0       0x80 /opt/york/cs/net/lpc1700-cmsis-lite-2011.01.26-i686-1/lib/libDriversLPC17xxgnu.a(lpc17xx_pinsel.o)
 .text.PINSEL_ConfigTraceFunc
                0x0000eb70       0x54 /opt/york/cs/net/lpc1700-cmsis-lite-2011.01.26-i686-1/lib/libDriversLPC17xxgnu.a(lpc17xx_pinsel.o)
                0x0000eb70                PINSEL_ConfigTraceFunc
 .text.PINSEL_SetI2C0Pins
                0x0000ebc4       0x3c /opt/york/cs/net/lpc1700-cmsis-lite-2011.01.26-i686-1/lib/libDriversLPC17xxgnu.a(lpc17xx_pinsel.o)
                0x0000ebc4                PINSEL_SetI2C0Pins
 .text.PINSEL_ConfigPin
                0x0000ec00       0x54 /opt/york/cs/net/lpc1700-cmsis-lite-2011.01.26-i686-1/lib/libDriversLPC17xxgnu.a(lpc17xx_pinsel.o)
                0x0000ec00                PINSEL_ConfigPin
 .text          0x0000ec54        0x0 /opt/york/cs/net/lpc1700-cmsis-lite-2011.01.26-i686-1/lib/libDriversLPC17xxgnu.a(lpc17xx_uart.o)
 .text.uart_set_divisors
                0x0000ec54      0x26c /opt/york/cs/net/lpc1700-cmsis-lite-2011.01.26-i686-1/lib/libDriversLPC17xxgnu.a(lpc17xx_uart.o)
 .text.UART_Init
                0x0000eec0      0x368 /opt/york/cs/net/lpc1700-cmsis-lite-2011.01.26-i686-1/lib/libDriversLPC17xxgnu.a(lpc17xx_uart.o)
                0x0000eec0                UART_Init
 .text.UART_DeInit
                0x0000f228       0xcc /opt/york/cs/net/lpc1700-cmsis-lite-2011.01.26-i686-1/lib/libDriversLPC17xxgnu.a(lpc17xx_uart.o)
                0x0000f228                UART_DeInit
 .text.UART_ConfigStructInit
                0x0000f2f4       0x34 /opt/york/cs/net/lpc1700-cmsis-lite-2011.01.26-i686-1/lib/libDriversLPC17xxgnu.a(lpc17xx_uart.o)
                0x0000f2f4                UART_ConfigStructInit
 .text.UART_SendByte
                0x0000f328       0x78 /opt/york/cs/net/lpc1700-cmsis-lite-2011.01.26-i686-1/lib/libDriversLPC17xxgnu.a(lpc17xx_uart.o)
                0x0000f328                UART_SendByte
 .text.UART_ReceiveByte
                0x0000f3a0       0x78 /opt/york/cs/net/lpc1700-cmsis-lite-2011.01.26-i686-1/lib/libDriversLPC17xxgnu.a(lpc17xx_uart.o)
                0x0000f3a0                UART_ReceiveByte
 .text.UART_Send
                0x0000f418      0x10c /opt/york/cs/net/lpc1700-cmsis-lite-2011.01.26-i686-1/lib/libDriversLPC17xxgnu.a(lpc17xx_uart.o)
                0x0000f418                UART_Send
 .text.UART_Receive
                0x0000f524       0xd8 /opt/york/cs/net/lpc1700-cmsis-lite-2011.01.26-i686-1/lib/libDriversLPC17xxgnu.a(lpc17xx_uart.o)
                0x0000f524                UART_Receive
 .text.UART_ForceBreak
                0x0000f5fc       0x88 /opt/york/cs/net/lpc1700-cmsis-lite-2011.01.26-i686-1/lib/libDriversLPC17xxgnu.a(lpc17xx_uart.o)
                0x0000f5fc                UART_ForceBreak
 .text.UART_IntConfig
                0x0000f684      0x1d0 /opt/york/cs/net/lpc1700-cmsis-lite-2011.01.26-i686-1/lib/libDriversLPC17xxgnu.a(lpc17xx_uart.o)
                0x0000f684                UART_IntConfig
 .text.UART_GetLineStatus
                0x0000f854       0x7c /opt/york/cs/net/lpc1700-cmsis-lite-2011.01.26-i686-1/lib/libDriversLPC17xxgnu.a(lpc17xx_uart.o)
                0x0000f854                UART_GetLineStatus
 .text.UART_GetIntId
                0x0000f8d0       0x68 /opt/york/cs/net/lpc1700-cmsis-lite-2011.01.26-i686-1/lib/libDriversLPC17xxgnu.a(lpc17xx_uart.o)
                0x0000f8d0                UART_GetIntId
 .text.UART_CheckBusy
                0x0000f938       0x2c /opt/york/cs/net/lpc1700-cmsis-lite-2011.01.26-i686-1/lib/libDriversLPC17xxgnu.a(lpc17xx_uart.o)
                0x0000f938                UART_CheckBusy
 .text.UART_FIFOConfig
                0x0000f964      0x184 /opt/york/cs/net/lpc1700-cmsis-lite-2011.01.26-i686-1/lib/libDriversLPC17xxgnu.a(lpc17xx_uart.o)
                0x0000f964                UART_FIFOConfig
 .text.UART_FIFOConfigStructInit
                0x0000fae8       0x34 /opt/york/cs/net/lpc1700-cmsis-lite-2011.01.26-i686-1/lib/libDriversLPC17xxgnu.a(lpc17xx_uart.o)
                0x0000fae8                UART_FIFOConfigStructInit
 .text.UART_ABCmd
                0x0000fb1c      0x15c /opt/york/cs/net/lpc1700-cmsis-lite-2011.01.26-i686-1/lib/libDriversLPC17xxgnu.a(lpc17xx_uart.o)
                0x0000fb1c                UART_ABCmd
 .text.UART_ABClearIntPending
                0x0000fc78       0x88 /opt/york/cs/net/lpc1700-cmsis-lite-2011.01.26-i686-1/lib/libDriversLPC17xxgnu.a(lpc17xx_uart.o)
                0x0000fc78                UART_ABClearIntPending
 .text.UART_TxCmd
                0x0000fd00       0xe8 /opt/york/cs/net/lpc1700-cmsis-lite-2011.01.26-i686-1/lib/libDriversLPC17xxgnu.a(lpc17xx_uart.o)
                0x0000fd00                UART_TxCmd
 .text.UART_IrDAInvtInputCmd
                0x0000fde8       0x84 /opt/york/cs/net/lpc1700-cmsis-lite-2011.01.26-i686-1/lib/libDriversLPC17xxgnu.a(lpc17xx_uart.o)
                0x0000fde8                UART_IrDAInvtInputCmd
 .text.UART_IrDACmd
                0x0000fe6c       0x80 /opt/york/cs/net/lpc1700-cmsis-lite-2011.01.26-i686-1/lib/libDriversLPC17xxgnu.a(lpc17xx_uart.o)
                0x0000fe6c                UART_IrDACmd
 .text.UART_IrDAPulseDivConfig
                0x0000feec       0xac /opt/york/cs/net/lpc1700-cmsis-lite-2011.01.26-i686-1/lib/libDriversLPC17xxgnu.a(lpc17xx_uart.o)
                0x0000feec                UART_IrDAPulseDivConfig
 .text.UART_FullModemForcePinState
                0x0000ff98       0xcc /opt/york/cs/net/lpc1700-cmsis-lite-2011.01.26-i686-1/lib/libDriversLPC17xxgnu.a(lpc17xx_uart.o)
                0x0000ff98                UART_FullModemForcePinState
 .text.UART_FullModemConfigMode
                0x00010064       0xd8 /opt/york/cs/net/lpc1700-cmsis-lite-2011.01.26-i686-1/lib/libDriversLPC17xxgnu.a(lpc17xx_uart.o)
                0x00010064                UART_FullModemConfigMode
 .text.UART_FullModemGetStatus
                0x0001013c       0x38 /opt/york/cs/net/lpc1700-cmsis-lite-2011.01.26-i686-1/lib/libDriversLPC17xxgnu.a(lpc17xx_uart.o)
                0x0001013c                UART_FullModemGetStatus
 .text.UART_RS485Config
                0x00010174      0x1bc /opt/york/cs/net/lpc1700-cmsis-lite-2011.01.26-i686-1/lib/libDriversLPC17xxgnu.a(lpc17xx_uart.o)
                0x00010174                UART_RS485Config
 .text.UART_RS485ReceiverCmd
                0x00010330       0x48 /opt/york/cs/net/lpc1700-cmsis-lite-2011.01.26-i686-1/lib/libDriversLPC17xxgnu.a(lpc17xx_uart.o)
                0x00010330                UART_RS485ReceiverCmd
 .text.UART_RS485Send
                0x00010378       0x84 /opt/york/cs/net/lpc1700-cmsis-lite-2011.01.26-i686-1/lib/libDriversLPC17xxgnu.a(lpc17xx_uart.o)
                0x00010378                UART_RS485Send
 .text.UART_RS485SendSlvAddr
                0x000103fc       0x28 /opt/york/cs/net/lpc1700-cmsis-lite-2011.01.26-i686-1/lib/libDriversLPC17xxgnu.a(lpc17xx_uart.o)
                0x000103fc                UART_RS485SendSlvAddr
 .text.UART_RS485SendData
                0x00010424       0x28 /opt/york/cs/net/lpc1700-cmsis-lite-2011.01.26-i686-1/lib/libDriversLPC17xxgnu.a(lpc17xx_uart.o)
                0x00010424                UART_RS485SendData
 .text          0x0001044c        0x0 /opt/york/cs/net/lpc1700-cmsis-lite-2011.01.26-i686-1/lib/libDriversLPC17xxgnu.a(lpc17xx_clkpwr.o)
 .text.CLKPWR_SetPCLKDiv
                0x0001044c       0xd4 /opt/york/cs/net/lpc1700-cmsis-lite-2011.01.26-i686-1/lib/libDriversLPC17xxgnu.a(lpc17xx_clkpwr.o)
                0x0001044c                CLKPWR_SetPCLKDiv
 .text.CLKPWR_GetPCLKSEL
                0x00010520       0x54 /opt/york/cs/net/lpc1700-cmsis-lite-2011.01.26-i686-1/lib/libDriversLPC17xxgnu.a(lpc17xx_clkpwr.o)
                0x00010520                CLKPWR_GetPCLKSEL
 .text.CLKPWR_GetPCLK
                0x00010574       0x70 /opt/york/cs/net/lpc1700-cmsis-lite-2011.01.26-i686-1/lib/libDriversLPC17xxgnu.a(lpc17xx_clkpwr.o)
                0x00010574                CLKPWR_GetPCLK
 .text.CLKPWR_ConfigPPWR
                0x000105e4       0x80 /opt/york/cs/net/lpc1700-cmsis-lite-2011.01.26-i686-1/lib/libDriversLPC17xxgnu.a(lpc17xx_clkpwr.o)
                0x000105e4                CLKPWR_ConfigPPWR
 .text.CLKPWR_Sleep
                0x00010664       0x1c /opt/york/cs/net/lpc1700-cmsis-lite-2011.01.26-i686-1/lib/libDriversLPC17xxgnu.a(lpc17xx_clkpwr.o)
                0x00010664                CLKPWR_Sleep
 .text.CLKPWR_DeepSleep
                0x00010680       0x2c /opt/york/cs/net/lpc1700-cmsis-lite-2011.01.26-i686-1/lib/libDriversLPC17xxgnu.a(lpc17xx_clkpwr.o)
                0x00010680                CLKPWR_DeepSleep
 .text.CLKPWR_PowerDown
                0x000106ac       0x2c /opt/york/cs/net/lpc1700-cmsis-lite-2011.01.26-i686-1/lib/libDriversLPC17xxgnu.a(lpc17xx_clkpwr.o)
                0x000106ac                CLKPWR_PowerDown
 .text.CLKPWR_DeepPowerDown
                0x000106d8       0x2c /opt/york/cs/net/lpc1700-cmsis-lite-2011.01.26-i686-1/lib/libDriversLPC17xxgnu.a(lpc17xx_clkpwr.o)
                0x000106d8                CLKPWR_DeepPowerDown
 .text          0x00010704        0x0 /opt/york/cs/net/lpc1700-cmsis-lite-2011.01.26-i686-1/lib/libDriversLPC17xxgnu.a(lpc17xx_libcfg_default.o)
 .text.check_failed
                0x00010704        0xc /opt/york/cs/net/lpc1700-cmsis-lite-2011.01.26-i686-1/lib/libDriversLPC17xxgnu.a(lpc17xx_libcfg_default.o)
                0x00010704                check_failed
 .text          0x00010710        0x0 /opt/york/cs/net/sourcery-g++-lite-arm-eabi-2010.09.51-i686-1/bin/../lib/gcc/arm-none-eabi/4.5.1/thumb2/crtend.o
 .text          0x00010710        0x0 /opt/york/cs/net/sourcery-g++-lite-arm-eabi-2010.09.51-i686-1/bin/../lib/gcc/arm-none-eabi/4.5.1/thumb2/crtn.o
 *(.plt)
 *(.gnu.warning)
 *(.glue_7t)
 .glue_7t       0x00000000        0x0 linker stubs
 *(.glue_7)
 .glue_7        0x00000000        0x0 linker stubs
 *(.vfp11_veneer)
 .vfp11_veneer  0x00000000        0x0 linker stubs
 *(.rodata .rodata.* .gnu.linkonce.r.*)
 .rodata.DbcTbl
                0x00010710        0xc ff.o
 .rodata        0x0001071c       0x50 ff.o
 .rodata.cst32.1625
                0x0001076c       0x10 ff.o
 .rodata.cst.1624
                0x0001077c       0x10 ff.o
 .rodata.badchr.1608
                0x0001078c       0x14 ff.o
 .rodata        0x000107a0       0x34 main.o
 .rodata        0x000107d4       0x70 sound.o
 .rodata        0x00010844       0x20 xprintf.o
 .rodata        0x00010864       0x20 /opt/york/cs/net/sourcery-g++-lite-arm-eabi-2010.09.51-i686-1/arm-none-eabi/lib/thumb2/libc.a(lib_a-svfprintf.o)
 .rodata.str1.4
                0x00010884       0x42 /opt/york/cs/net/sourcery-g++-lite-arm-eabi-2010.09.51-i686-1/arm-none-eabi/lib/thumb2/libc.a(lib_a-svfprintf.o)
                                 0x44 (size before relaxing)
 *fill*         0x000108c6        0x2 00
 .rodata.str1.4
                0x000108c8       0x10 /opt/york/cs/net/sourcery-g++-lite-arm-eabi-2010.09.51-i686-1/arm-none-eabi/lib/thumb2/libc.a(lib_a-dtoa.o)
                                 0x14 (size before relaxing)
 .rodata        0x000108d8        0x4 /opt/york/cs/net/sourcery-g++-lite-arm-eabi-2010.09.51-i686-1/arm-none-eabi/lib/thumb2/libc.a(lib_a-impure.o)
                0x000108d8                _global_impure_ptr
 .rodata.str1.4
                0x000108dc        0x2 /opt/york/cs/net/sourcery-g++-lite-arm-eabi-2010.09.51-i686-1/arm-none-eabi/lib/thumb2/libc.a(lib_a-impure.o)
                                  0x4 (size before relaxing)
 *fill*         0x000108de        0x2 00
 .rodata.str1.4
                0x000108e0        0xc /opt/york/cs/net/sourcery-g++-lite-arm-eabi-2010.09.51-i686-1/arm-none-eabi/lib/thumb2/libc.a(lib_a-locale.o)
                                 0x14 (size before relaxing)
 *fill*         0x000108ec        0x4 00
 .rodata        0x000108f0      0x128 /opt/york/cs/net/sourcery-g++-lite-arm-eabi-2010.09.51-i686-1/arm-none-eabi/lib/thumb2/libc.a(lib_a-mprec.o)
                0x00010900                __mprec_tens
                0x000109c8                __mprec_bigtens
                0x000109f0                __mprec_tinytens
 .rodata        0x00010a18       0x20 /opt/york/cs/net/sourcery-g++-lite-arm-eabi-2010.09.51-i686-1/arm-none-eabi/lib/thumb2/libc.a(lib_a-svfiprintf.o)
 .rodata.str1.4
                0x00000000       0x30 /opt/york/cs/net/sourcery-g++-lite-arm-eabi-2010.09.51-i686-1/arm-none-eabi/lib/thumb2/libc.a(lib_a-svfiprintf.o)
 .rodata        0x00010a38       0x10 /opt/york/cs/net/lpc1700-cmsis-lite-2011.01.26-i686-1/lib/libDriversLPC17xxgnu.a(lpc17xx_uart.o)
 *(.ARM.extab* .gnu.linkonce.armextab.*)
 .ARM.extab.cs3.reset
                0x00010a48        0x0 /opt/york/cs/net/lpc1700-cmsis-lite-2011.01.26-i686-1/lib/startup_LPC17xx.o
 .ARM.extab     0x00010a48        0x0 /opt/york/cs/net/sourcery-g++-lite-arm-eabi-2010.09.51-i686-1/bin/../lib/gcc/arm-none-eabi/4.5.1/thumb2/libgcc.a(_divdi3.o)
 .ARM.extab     0x00010a48        0x0 /opt/york/cs/net/sourcery-g++-lite-arm-eabi-2010.09.51-i686-1/bin/../lib/gcc/arm-none-eabi/4.5.1/thumb2/libgcc.a(_udivdi3.o)
 *(.gcc_except_table)
 *(.eh_frame_hdr)
 *(.eh_frame)
                0x00010a48                . = ALIGN (0x4)
 *(.init)
 .init          0x00010a48        0x4 /opt/york/cs/net/sourcery-g++-lite-arm-eabi-2010.09.51-i686-1/bin/../lib/gcc/arm-none-eabi/4.5.1/thumb2/crti.o
                0x00010a48                _init
 .init          0x00010a4c        0x8 /opt/york/cs/net/sourcery-g++-lite-arm-eabi-2010.09.51-i686-1/bin/../lib/gcc/arm-none-eabi/4.5.1/thumb2/crtn.o
                0x00010a54                . = ALIGN (0x4)
                0x00010a54                __preinit_array_start = .
 *(.preinit_array)
                0x00010a54                __preinit_array_end = .
                0x00010a54                . = ALIGN (0x4)
                0x00010a54                __init_array_start = .
 *(SORT(.init_array.*))
 *(.init_array)
 .init_array    0x00010a54        0x4 /opt/york/cs/net/sourcery-g++-lite-arm-eabi-2010.09.51-i686-1/bin/../lib/gcc/arm-none-eabi/4.5.1/thumb2/crtbegin.o
                0x00010a58                __init_array_end = .
                0x00010a58                . = ALIGN (0x4)
 *crtbegin.o(.ctors)
 *(EXCLUDE_FILE(*crtend.o) .ctors)
 *(SORT(.ctors.*))
 *crtend.o(.ctors)
                0x00010a58                . = ALIGN (0x4)
 *(.fini)
 .fini          0x00010a58        0x4 /opt/york/cs/net/sourcery-g++-lite-arm-eabi-2010.09.51-i686-1/bin/../lib/gcc/arm-none-eabi/4.5.1/thumb2/crti.o
                0x00010a58                _fini
 .fini          0x00010a5c        0x8 /opt/york/cs/net/sourcery-g++-lite-arm-eabi-2010.09.51-i686-1/bin/../lib/gcc/arm-none-eabi/4.5.1/thumb2/crtn.o
                0x00010a64                . = ALIGN (0x4)
                0x00010a64                __fini_array_start = .
 *(.fini_array)
 .fini_array    0x00010a64        0x4 /opt/york/cs/net/sourcery-g++-lite-arm-eabi-2010.09.51-i686-1/bin/../lib/gcc/arm-none-eabi/4.5.1/thumb2/crtbegin.o
 *(SORT(.fini_array.*))
                0x00010a68                __fini_array_end = .
 *crtbegin.o(.dtors)
 *(EXCLUDE_FILE(*crtend.o) .dtors)
 *(SORT(.dtors.*))
 *crtend.o(.dtors)
                0x00010a68                . = ALIGN (0x4)
                0x00010a68                __cs3_regions = .
                0x00010a68        0x4 LONG 0x0
                0x00010a6c        0x4 LONG 0x10b50 __cs3_region_init_ram
                0x00010a70        0x4 LONG 0x10000000 __cs3_region_start_ram
                0x00010a74        0x4 LONG 0x598 __cs3_region_init_size_ram
                0x00010a78        0x4 LONG 0x988 __cs3_region_zero_size_ram
                0x00010a7c                __exidx_start = .

.v4_bx          0x00010a7c        0x0
 .v4_bx         0x00000000        0x0 linker stubs

.ARM.exidx      0x00010a7c        0x8
 *(.ARM.exidx* .gnu.linkonce.armexidx.*)
 .ARM.exidx.cs3.reset
                0x00010a7c        0x8 /opt/york/cs/net/lpc1700-cmsis-lite-2011.01.26-i686-1/lib/startup_LPC17xx.o
 .ARM.exidx     0x00010a84        0x0 /opt/york/cs/net/sourcery-g++-lite-arm-eabi-2010.09.51-i686-1/bin/../lib/gcc/arm-none-eabi/4.5.1/thumb2/libgcc.a(_divdi3.o)
                                  0x8 (size before relaxing)
 .ARM.exidx     0x00010a84        0x0 /opt/york/cs/net/sourcery-g++-lite-arm-eabi-2010.09.51-i686-1/bin/../lib/gcc/arm-none-eabi/4.5.1/thumb2/libgcc.a(_udivdi3.o)
                                  0x8 (size before relaxing)
                0x00010a84                __exidx_end = .

.VECTOR         0x00010a84       0xcc
 .VECTOR        0x00010a84       0xcc startup176x.o
                0x00010a84                vector

.text.align     0x00010b50        0x0
                0x00010b50                . = ALIGN (0x8)
                0x00010b50                _etext = .
                0x00080000                __cs3_region_size_rom = 0x80000
                0x00000001                __cs3_region_num = 0x1

.data           0x10000000      0x598 load address 0x00010b50
                0x10000000                __cs3_region_start_ram = .
 *(.cs3.region-head.ram)
 *(.jcr)
 .jcr           0x10000000        0x0 /opt/york/cs/net/sourcery-g++-lite-arm-eabi-2010.09.51-i686-1/bin/../lib/gcc/arm-none-eabi/4.5.1/thumb2/crtbegin.o
 .jcr           0x10000000        0x4 /opt/york/cs/net/sourcery-g++-lite-arm-eabi-2010.09.51-i686-1/bin/../lib/gcc/arm-none-eabi/4.5.1/thumb2/crtend.o
 *(.got.plt)
 *(.got)
 *(.shdata)
 *(.data .data.* .gnu.linkonce.d.*)
 .data          0x10000004        0x0 /opt/york/cs/net/sourcery-g++-lite-arm-eabi-2010.09.51-i686-1/bin/../lib/gcc/arm-none-eabi/4.5.1/thumb2/crti.o
 .data          0x10000004        0x4 /opt/york/cs/net/sourcery-g++-lite-arm-eabi-2010.09.51-i686-1/bin/../lib/gcc/arm-none-eabi/4.5.1/thumb2/crtbegin.o
                0x10000004                __dso_handle
 .data          0x10000008        0x0 crp.o
 .data          0x10000008        0x0 ff.o
 .data          0x10000008        0x0 ffunicode.o
 .data          0x10000008        0x0 main.o
 .data          0x10000008        0x0 mmc_176x_ssp.o
 .data.Stat     0x10000008        0x1 mmc_176x_ssp.o
 .data          0x10000009        0x0 rtc176x.o
 .data          0x10000009        0x0 serial.o
 .data          0x10000009        0x0 sound.o
 .data          0x10000009        0x0 startup176x.o
 .data          0x10000009        0x0 uart176x.o
 .data          0x10000009        0x0 xprintf.o
 .data          0x10000009        0x0 /opt/york/cs/net/lpc1700-cmsis-lite-2011.01.26-i686-1/lib/core_cm3.o
 .data          0x10000009        0x0 /opt/york/cs/net/lpc1700-cmsis-lite-2011.01.26-i686-1/lib/system_LPC17xx.o
 *fill*         0x10000009        0x3 00
 .data.SystemCoreClock
                0x1000000c        0x4 /opt/york/cs/net/lpc1700-cmsis-lite-2011.01.26-i686-1/lib/system_LPC17xx.o
                0x1000000c                SystemCoreClock
 .data          0x10000010        0x0 /opt/york/cs/net/lpc1700-cmsis-lite-2011.01.26-i686-1/lib/startup_LPC17xx.o
 .data          0x10000010        0x0 /opt/york/cs/net/sourcery-g++-lite-arm-eabi-2010.09.51-i686-1/arm-none-eabi/lib/thumb2/libc.a(lib_a-sprintf.o)
 .data          0x10000010        0x0 /opt/york/cs/net/sourcery-g++-lite-arm-eabi-2010.09.51-i686-1/arm-none-eabi/lib/thumb2/libc.a(lib_a-svfprintf.o)
 .data          0x10000010        0x0 /opt/york/cs/net/sourcery-g++-lite-arm-eabi-2010.09.51-i686-1/arm-none-eabi/lib/thumb2/libc.a(lib_a-dtoa.o)
 .data          0x10000010       0xf4 /opt/york/cs/net/sourcery-g++-lite-arm-eabi-2010.09.51-i686-1/arm-none-eabi/lib/thumb2/libc.a(lib_a-impure.o)
                0x10000010                _impure_ptr
 .data          0x10000104       0x7c /opt/york/cs/net/sourcery-g++-lite-arm-eabi-2010.09.51-i686-1/arm-none-eabi/lib/thumb2/libc.a(lib_a-locale.o)
                0x10000124                __mb_cur_max
 .data          0x10000180        0x0 /opt/york/cs/net/sourcery-g++-lite-arm-eabi-2010.09.51-i686-1/arm-none-eabi/lib/thumb2/libc.a(lib_a-malloc.o)
 .data          0x10000180      0x410 /opt/york/cs/net/sourcery-g++-lite-arm-eabi-2010.09.51-i686-1/arm-none-eabi/lib/thumb2/libc.a(lib_a-mallocr.o)
                0x10000180                __malloc_av_
                0x10000588                __malloc_sbrk_base
                0x1000058c                __malloc_trim_threshold
 .data          0x10000590        0x0 /opt/york/cs/net/sourcery-g++-lite-arm-eabi-2010.09.51-i686-1/arm-none-eabi/lib/thumb2/libc.a(lib_a-memchr.o)
 .data          0x10000590        0x0 /opt/york/cs/net/sourcery-g++-lite-arm-eabi-2010.09.51-i686-1/arm-none-eabi/lib/thumb2/libc.a(lib_a-memcpy.o)
 .data          0x10000590        0x0 /opt/york/cs/net/sourcery-g++-lite-arm-eabi-2010.09.51-i686-1/arm-none-eabi/lib/thumb2/libc.a(lib_a-mlock.o)
 .data          0x10000590        0x0 /opt/york/cs/net/sourcery-g++-lite-arm-eabi-2010.09.51-i686-1/arm-none-eabi/lib/thumb2/libc.a(lib_a-mprec.o)
 .data          0x10000590        0x0 /opt/york/cs/net/sourcery-g++-lite-arm-eabi-2010.09.51-i686-1/arm-none-eabi/lib/thumb2/libc.a(lib_a-s_fpclassify.o)
 .data          0x10000590        0x0 /opt/york/cs/net/sourcery-g++-lite-arm-eabi-2010.09.51-i686-1/arm-none-eabi/lib/thumb2/libc.a(lib_a-sbrkr.o)
 .data          0x10000590        0x0 /opt/york/cs/net/sourcery-g++-lite-arm-eabi-2010.09.51-i686-1/arm-none-eabi/lib/thumb2/libc.a(lib_a-strcmp.o)
 .data          0x10000590        0x0 /opt/york/cs/net/sourcery-g++-lite-arm-eabi-2010.09.51-i686-1/arm-none-eabi/lib/thumb2/libc.a(lib_a-strlen.o)
 .data          0x10000590        0x0 /opt/york/cs/net/sourcery-g++-lite-arm-eabi-2010.09.51-i686-1/arm-none-eabi/lib/thumb2/libc.a(lib_a-svfiprintf.o)
 .data          0x10000590        0x0 /opt/york/cs/net/sourcery-g++-lite-arm-eabi-2010.09.51-i686-1/arm-none-eabi/lib/thumb2/libc.a(lib_a-callocr.o)
 .data          0x10000590        0x0 /opt/york/cs/net/sourcery-g++-lite-arm-eabi-2010.09.51-i686-1/arm-none-eabi/lib/thumb2/libc.a(lib_a-freer.o)
 .data          0x10000590        0x0 /opt/york/cs/net/sourcery-g++-lite-arm-eabi-2010.09.51-i686-1/arm-none-eabi/lib/thumb2/libc.a(lib_a-memmove.o)
 .data          0x10000590        0x0 /opt/york/cs/net/sourcery-g++-lite-arm-eabi-2010.09.51-i686-1/arm-none-eabi/lib/thumb2/libc.a(lib_a-memset.o)
 .data          0x10000590        0x0 /opt/york/cs/net/sourcery-g++-lite-arm-eabi-2010.09.51-i686-1/arm-none-eabi/lib/thumb2/libc.a(lib_a-reallocr.o)
 .data          0x10000590        0x0 /opt/york/cs/net/sourcery-g++-lite-arm-eabi-2010.09.51-i686-1/arm-none-eabi/lib/thumb2/libc.a(lib_a-reent.o)
 .data          0x10000590        0x0 /opt/york/cs/net/sourcery-g++-lite-arm-eabi-2010.09.51-i686-1/bin/../lib/gcc/arm-none-eabi/4.5.1/thumb2/libgcc.a(_udivsi3.o)
 .data          0x10000590        0x0 /opt/york/cs/net/sourcery-g++-lite-arm-eabi-2010.09.51-i686-1/bin/../lib/gcc/arm-none-eabi/4.5.1/thumb2/libgcc.a(_dvmd_tls.o)
 .data          0x10000590        0x0 /opt/york/cs/net/sourcery-g++-lite-arm-eabi-2010.09.51-i686-1/bin/../lib/gcc/arm-none-eabi/4.5.1/thumb2/libgcc.a(_arm_addsubdf3.o)
 .data          0x10000590        0x0 /opt/york/cs/net/sourcery-g++-lite-arm-eabi-2010.09.51-i686-1/bin/../lib/gcc/arm-none-eabi/4.5.1/thumb2/libgcc.a(_arm_muldivdf3.o)
 .data          0x10000590        0x0 /opt/york/cs/net/sourcery-g++-lite-arm-eabi-2010.09.51-i686-1/bin/../lib/gcc/arm-none-eabi/4.5.1/thumb2/libgcc.a(_arm_cmpdf2.o)
 .data          0x10000590        0x0 /opt/york/cs/net/sourcery-g++-lite-arm-eabi-2010.09.51-i686-1/bin/../lib/gcc/arm-none-eabi/4.5.1/thumb2/libgcc.a(_arm_fixdfsi.o)
 .data          0x10000590        0x0 /opt/york/cs/net/sourcery-g++-lite-arm-eabi-2010.09.51-i686-1/bin/../lib/gcc/arm-none-eabi/4.5.1/thumb2/libgcc.a(_aeabi_uldivmod.o)
 .data          0x10000590        0x0 /opt/york/cs/net/sourcery-g++-lite-arm-eabi-2010.09.51-i686-1/bin/../lib/gcc/arm-none-eabi/4.5.1/thumb2/libgcc.a(bpabi.o)
 .data          0x10000590        0x0 /opt/york/cs/net/sourcery-g++-lite-arm-eabi-2010.09.51-i686-1/bin/../lib/gcc/arm-none-eabi/4.5.1/thumb2/libgcc.a(_divdi3.o)
 .data          0x10000590        0x0 /opt/york/cs/net/sourcery-g++-lite-arm-eabi-2010.09.51-i686-1/bin/../lib/gcc/arm-none-eabi/4.5.1/thumb2/libgcc.a(_udivdi3.o)
 .data          0x10000590        0x0 /opt/york/cs/net/sourcery-g++-lite-arm-eabi-2010.09.51-i686-1/arm-none-eabi/lib/thumb2/libcs3.a(start_c.o)
 .data          0x10000590        0x4 /opt/york/cs/net/sourcery-g++-lite-arm-eabi-2010.09.51-i686-1/arm-none-eabi/lib/thumb2/libcs3unhosted.a(unhosted-sbrk.o)
 .data          0x10000594        0x0 /opt/york/cs/net/sourcery-g++-lite-arm-eabi-2010.09.51-i686-1/arm-none-eabi/lib/thumb2/libcs3unhosted.a(unhosted-start.o)
 .data          0x10000594        0x0 /opt/york/cs/net/sourcery-g++-lite-arm-eabi-2010.09.51-i686-1/arm-none-eabi/lib/thumb2/libc.a(lib_a-errno.o)
 .data          0x10000594        0x0 /opt/york/cs/net/sourcery-g++-lite-arm-eabi-2010.09.51-i686-1/arm-none-eabi/lib/thumb2/libc.a(lib_a-init.o)
 .data          0x10000594        0x4 /opt/york/cs/net/sourcery-g++-lite-arm-eabi-2010.09.51-i686-1/arm-none-eabi/lib/thumb2/libcs3.a(heap.o)
                0x10000594                __cs3_heap_limit
 .data          0x10000598        0x0 /opt/york/cs/net/lpc1700-cmsis-lite-2011.01.26-i686-1/lib/libDriversLPC17xxgnu.a(lpc17xx_pinsel.o)
 .data          0x10000598        0x0 /opt/york/cs/net/lpc1700-cmsis-lite-2011.01.26-i686-1/lib/libDriversLPC17xxgnu.a(lpc17xx_uart.o)
 .data          0x10000598        0x0 /opt/york/cs/net/lpc1700-cmsis-lite-2011.01.26-i686-1/lib/libDriversLPC17xxgnu.a(lpc17xx_clkpwr.o)
 .data          0x10000598        0x0 /opt/york/cs/net/lpc1700-cmsis-lite-2011.01.26-i686-1/lib/libDriversLPC17xxgnu.a(lpc17xx_libcfg_default.o)
 .data          0x10000598        0x0 /opt/york/cs/net/sourcery-g++-lite-arm-eabi-2010.09.51-i686-1/bin/../lib/gcc/arm-none-eabi/4.5.1/thumb2/crtend.o
 .data          0x10000598        0x0 /opt/york/cs/net/sourcery-g++-lite-arm-eabi-2010.09.51-i686-1/bin/../lib/gcc/arm-none-eabi/4.5.1/thumb2/crtn.o
 *(.ram)
                0x10000598                . = ALIGN (0x8)
                0x10000598                _edata = .

.CRP            0x10000598        0x4 load address 0x000110e8
 .CRP           0x10000598        0x4 crp.o
                0x10000598                _crp_magic

.STACK          0x100005a0      0x800 load address 0x000110ec
 .STACK         0x100005a0      0x800 startup176x.o
                0x100005a0                mstk

.bss            0x10000da0      0x180 load address 0x000118ec
 *(.shbss)
 *(.bss .bss.* .gnu.linkonce.b.*)
 .bss           0x10000da0        0x0 /opt/york/cs/net/sourcery-g++-lite-arm-eabi-2010.09.51-i686-1/bin/../lib/gcc/arm-none-eabi/4.5.1/thumb2/crti.o
 .bss           0x10000da0        0x1 /opt/york/cs/net/sourcery-g++-lite-arm-eabi-2010.09.51-i686-1/bin/../lib/gcc/arm-none-eabi/4.5.1/thumb2/crtbegin.o
 .bss           0x10000da1        0x0 crp.o
 .bss           0x10000da1        0x0 ff.o
 *fill*         0x10000da1        0x3 00
 .bss.FatFs     0x10000da4        0x4 ff.o
 .bss.Fsid      0x10000da8        0x2 ff.o
 .bss.CurrVol   0x10000daa        0x1 ff.o
 .bss           0x10000dab        0x0 ffunicode.o
 .bss           0x10000dab        0x0 main.o
 .bss           0x10000dab        0x0 mmc_176x_ssp.o
 *fill*         0x10000dab        0x1 00
 .bss.Timer1    0x10000dac        0x4 mmc_176x_ssp.o
 .bss.Timer2    0x10000db0        0x4 mmc_176x_ssp.o
 .bss.CardType  0x10000db4        0x1 mmc_176x_ssp.o
 .bss           0x10000db5        0x0 rtc176x.o
 .bss           0x10000db5        0x0 serial.o
 .bss           0x10000db5        0x0 sound.o
 *fill*         0x10000db5        0x3 00
 .bss.WavFifo   0x10000db8        0x4 sound.o
 .bss           0x10000dbc        0x0 startup176x.o
 .bss           0x10000dbc        0x0 uart176x.o
 .bss.TxBuff0   0x10000dbc       0x88 uart176x.o
 .bss.RxBuff0   0x10000e44       0x88 uart176x.o
 .bss           0x10000ecc        0x0 xprintf.o
 .bss.outptr    0x10000ecc        0x4 xprintf.o
 .bss           0x10000ed0        0x0 /opt/york/cs/net/lpc1700-cmsis-lite-2011.01.26-i686-1/lib/core_cm3.o
 .bss           0x10000ed0        0x0 /opt/york/cs/net/lpc1700-cmsis-lite-2011.01.26-i686-1/lib/system_LPC17xx.o
 .bss           0x10000ed0        0x0 /opt/york/cs/net/lpc1700-cmsis-lite-2011.01.26-i686-1/lib/startup_LPC17xx.o
 .bss           0x10000ed0        0x0 /opt/york/cs/net/sourcery-g++-lite-arm-eabi-2010.09.51-i686-1/arm-none-eabi/lib/thumb2/libc.a(lib_a-sprintf.o)
 .bss           0x10000ed0        0x0 /opt/york/cs/net/sourcery-g++-lite-arm-eabi-2010.09.51-i686-1/arm-none-eabi/lib/thumb2/libc.a(lib_a-svfprintf.o)
 .bss           0x10000ed0        0x0 /opt/york/cs/net/sourcery-g++-lite-arm-eabi-2010.09.51-i686-1/arm-none-eabi/lib/thumb2/libc.a(lib_a-dtoa.o)
 .bss           0x10000ed0        0x0 /opt/york/cs/net/sourcery-g++-lite-arm-eabi-2010.09.51-i686-1/arm-none-eabi/lib/thumb2/libc.a(lib_a-impure.o)
 .bss           0x10000ed0        0xc /opt/york/cs/net/sourcery-g++-lite-arm-eabi-2010.09.51-i686-1/arm-none-eabi/lib/thumb2/libc.a(lib_a-locale.o)
                0x10000ed0                __nlocale_changed
                0x10000ed4                __mlocale_changed
                0x10000ed8                _PathLocale
 .bss           0x10000edc        0x0 /opt/york/cs/net/sourcery-g++-lite-arm-eabi-2010.09.51-i686-1/arm-none-eabi/lib/thumb2/libc.a(lib_a-malloc.o)
 .bss           0x10000edc       0x34 /opt/york/cs/net/sourcery-g++-lite-arm-eabi-2010.09.51-i686-1/arm-none-eabi/lib/thumb2/libc.a(lib_a-mallocr.o)
                0x10000edc                __malloc_top_pad
                0x10000ee0                __malloc_current_mallinfo
                0x10000f08                __malloc_max_sbrked_mem
                0x10000f0c                __malloc_max_total_mem
 .bss           0x10000f10        0x0 /opt/york/cs/net/sourcery-g++-lite-arm-eabi-2010.09.51-i686-1/arm-none-eabi/lib/thumb2/libc.a(lib_a-memchr.o)
 .bss           0x10000f10        0x0 /opt/york/cs/net/sourcery-g++-lite-arm-eabi-2010.09.51-i686-1/arm-none-eabi/lib/thumb2/libc.a(lib_a-memcpy.o)
 .bss           0x10000f10        0x0 /opt/york/cs/net/sourcery-g++-lite-arm-eabi-2010.09.51-i686-1/arm-none-eabi/lib/thumb2/libc.a(lib_a-mlock.o)
 .bss           0x10000f10        0x0 /opt/york/cs/net/sourcery-g++-lite-arm-eabi-2010.09.51-i686-1/arm-none-eabi/lib/thumb2/libc.a(lib_a-mprec.o)
 .bss           0x10000f10        0x0 /opt/york/cs/net/sourcery-g++-lite-arm-eabi-2010.09.51-i686-1/arm-none-eabi/lib/thumb2/libc.a(lib_a-s_fpclassify.o)
 .bss           0x10000f10        0x0 /opt/york/cs/net/sourcery-g++-lite-arm-eabi-2010.09.51-i686-1/arm-none-eabi/lib/thumb2/libc.a(lib_a-sbrkr.o)
 .bss           0x10000f10        0x0 /opt/york/cs/net/sourcery-g++-lite-arm-eabi-2010.09.51-i686-1/arm-none-eabi/lib/thumb2/libc.a(lib_a-strcmp.o)
 .bss           0x10000f10        0x0 /opt/york/cs/net/sourcery-g++-lite-arm-eabi-2010.09.51-i686-1/arm-none-eabi/lib/thumb2/libc.a(lib_a-strlen.o)
 .bss           0x10000f10        0x0 /opt/york/cs/net/sourcery-g++-lite-arm-eabi-2010.09.51-i686-1/arm-none-eabi/lib/thumb2/libc.a(lib_a-svfiprintf.o)
 .bss           0x10000f10        0x0 /opt/york/cs/net/sourcery-g++-lite-arm-eabi-2010.09.51-i686-1/arm-none-eabi/lib/thumb2/libc.a(lib_a-callocr.o)
 .bss           0x10000f10        0x0 /opt/york/cs/net/sourcery-g++-lite-arm-eabi-2010.09.51-i686-1/arm-none-eabi/lib/thumb2/libc.a(lib_a-freer.o)
 .bss           0x10000f10        0x0 /opt/york/cs/net/sourcery-g++-lite-arm-eabi-2010.09.51-i686-1/arm-none-eabi/lib/thumb2/libc.a(lib_a-memmove.o)
 .bss           0x10000f10        0x0 /opt/york/cs/net/sourcery-g++-lite-arm-eabi-2010.09.51-i686-1/arm-none-eabi/lib/thumb2/libc.a(lib_a-memset.o)
 .bss           0x10000f10        0x0 /opt/york/cs/net/sourcery-g++-lite-arm-eabi-2010.09.51-i686-1/arm-none-eabi/lib/thumb2/libc.a(lib_a-reallocr.o)
 .bss           0x10000f10        0x0 /opt/york/cs/net/sourcery-g++-lite-arm-eabi-2010.09.51-i686-1/arm-none-eabi/lib/thumb2/libc.a(lib_a-reent.o)
 .bss           0x10000f10        0x0 /opt/york/cs/net/sourcery-g++-lite-arm-eabi-2010.09.51-i686-1/bin/../lib/gcc/arm-none-eabi/4.5.1/thumb2/libgcc.a(_udivsi3.o)
 .bss           0x10000f10        0x0 /opt/york/cs/net/sourcery-g++-lite-arm-eabi-2010.09.51-i686-1/bin/../lib/gcc/arm-none-eabi/4.5.1/thumb2/libgcc.a(_dvmd_tls.o)
 .bss           0x10000f10        0x0 /opt/york/cs/net/sourcery-g++-lite-arm-eabi-2010.09.51-i686-1/bin/../lib/gcc/arm-none-eabi/4.5.1/thumb2/libgcc.a(_arm_addsubdf3.o)
 .bss           0x10000f10        0x0 /opt/york/cs/net/sourcery-g++-lite-arm-eabi-2010.09.51-i686-1/bin/../lib/gcc/arm-none-eabi/4.5.1/thumb2/libgcc.a(_arm_muldivdf3.o)
 .bss           0x10000f10        0x0 /opt/york/cs/net/sourcery-g++-lite-arm-eabi-2010.09.51-i686-1/bin/../lib/gcc/arm-none-eabi/4.5.1/thumb2/libgcc.a(_arm_cmpdf2.o)
 .bss           0x10000f10        0x0 /opt/york/cs/net/sourcery-g++-lite-arm-eabi-2010.09.51-i686-1/bin/../lib/gcc/arm-none-eabi/4.5.1/thumb2/libgcc.a(_arm_fixdfsi.o)
 .bss           0x10000f10        0x0 /opt/york/cs/net/sourcery-g++-lite-arm-eabi-2010.09.51-i686-1/bin/../lib/gcc/arm-none-eabi/4.5.1/thumb2/libgcc.a(_aeabi_uldivmod.o)
 .bss           0x10000f10        0x0 /opt/york/cs/net/sourcery-g++-lite-arm-eabi-2010.09.51-i686-1/bin/../lib/gcc/arm-none-eabi/4.5.1/thumb2/libgcc.a(bpabi.o)
 .bss           0x10000f10        0x0 /opt/york/cs/net/sourcery-g++-lite-arm-eabi-2010.09.51-i686-1/bin/../lib/gcc/arm-none-eabi/4.5.1/thumb2/libgcc.a(_divdi3.o)
 .bss           0x10000f10        0x0 /opt/york/cs/net/sourcery-g++-lite-arm-eabi-2010.09.51-i686-1/bin/../lib/gcc/arm-none-eabi/4.5.1/thumb2/libgcc.a(_udivdi3.o)
 .bss           0x10000f10        0x0 /opt/york/cs/net/sourcery-g++-lite-arm-eabi-2010.09.51-i686-1/arm-none-eabi/lib/thumb2/libcs3.a(start_c.o)
 .bss           0x10000f10        0x0 /opt/york/cs/net/sourcery-g++-lite-arm-eabi-2010.09.51-i686-1/arm-none-eabi/lib/thumb2/libcs3unhosted.a(unhosted-sbrk.o)
 .bss           0x10000f10        0x0 /opt/york/cs/net/sourcery-g++-lite-arm-eabi-2010.09.51-i686-1/arm-none-eabi/lib/thumb2/libcs3unhosted.a(unhosted-start.o)
 .bss           0x10000f10        0x0 /opt/york/cs/net/sourcery-g++-lite-arm-eabi-2010.09.51-i686-1/arm-none-eabi/lib/thumb2/libc.a(lib_a-errno.o)
 .bss           0x10000f10        0x0 /opt/york/cs/net/sourcery-g++-lite-arm-eabi-2010.09.51-i686-1/arm-none-eabi/lib/thumb2/libc.a(lib_a-init.o)
 .bss           0x10000f10        0x0 /opt/york/cs/net/sourcery-g++-lite-arm-eabi-2010.09.51-i686-1/arm-none-eabi/lib/thumb2/libcs3.a(heap.o)
 .bss           0x10000f10        0x0 /opt/york/cs/net/lpc1700-cmsis-lite-2011.01.26-i686-1/lib/libDriversLPC17xxgnu.a(lpc17xx_pinsel.o)
 .bss           0x10000f10        0x0 /opt/york/cs/net/lpc1700-cmsis-lite-2011.01.26-i686-1/lib/libDriversLPC17xxgnu.a(lpc17xx_uart.o)
 .bss           0x10000f10        0x0 /opt/york/cs/net/lpc1700-cmsis-lite-2011.01.26-i686-1/lib/libDriversLPC17xxgnu.a(lpc17xx_clkpwr.o)
 .bss           0x10000f10        0x0 /opt/york/cs/net/lpc1700-cmsis-lite-2011.01.26-i686-1/lib/libDriversLPC17xxgnu.a(lpc17xx_libcfg_default.o)
 .bss           0x10000f10        0x0 /opt/york/cs/net/sourcery-g++-lite-arm-eabi-2010.09.51-i686-1/bin/../lib/gcc/arm-none-eabi/4.5.1/thumb2/crtend.o
 .bss           0x10000f10        0x0 /opt/york/cs/net/sourcery-g++-lite-arm-eabi-2010.09.51-i686-1/bin/../lib/gcc/arm-none-eabi/4.5.1/thumb2/crtn.o
 *(COMMON)
 COMMON         0x10000f10        0x8 xprintf.o
                0x10000f10                xfunc_in
                0x10000f14                xfunc_out
 COMMON         0x10000f18        0x4 /opt/york/cs/net/sourcery-g++-lite-arm-eabi-2010.09.51-i686-1/arm-none-eabi/lib/thumb2/libc.a(lib_a-reent.o)
                0x10000f18                errno
 *(.ram.b)
                0x10000f20                . = ALIGN (0x8)
 *fill*         0x10000f1c        0x4 00
                0x10000f20                _end = .
                0x10000f20                __end = .

.usb_ram
 *.o(USB_RAM)

.heap           0x10000f20     0x1000
 *(.heap)
 .heap          0x10000f20     0x1000 /opt/york/cs/net/lpc1700-cmsis-lite-2011.01.26-i686-1/lib/startup_LPC17xx.o
                0x10000f20                __cs3_heap_start
                0x10001f20                __cs3_heap_end

.stack          0x10007f00      0x100
 *(.stack)
 .stack         0x10007f00      0x100 /opt/york/cs/net/lpc1700-cmsis-lite-2011.01.26-i686-1/lib/startup_LPC17xx.o
                0x10007f00                __cs3_stack_mem
                0x10008000                _estack = .
                0x10008000                PROVIDE (estack, .)
                0x00010b50                __cs3_region_init_ram = LOADADDR (.data)
                0x00000598                __cs3_region_init_size_ram = (_edata - __cs3_region_start_ram)
                0x00000988                __cs3_region_zero_size_ram = (_end - _edata)
                0x00008000                __cs3_region_size_ram = 0x8000
                0x00000001                __cs3_region_num = 0x1

.stab
 *(.stab)

.stabstr
 *(.stabstr)

.debug
 *(.debug)

.line
 *(.line)

.debug_srcinfo
 *(.debug_srcinfo)

.debug_sfnames
 *(.debug_sfnames)

.comment        0x00000000       0x2a
 .comment       0x00000000       0x2a crp.o
                                 0x2b (size before relaxing)
 .comment       0x00000000       0x2b ff.o
 .comment       0x00000000       0x2b ffunicode.o
 .comment       0x00000000       0x2b main.o
 .comment       0x00000000       0x2b mmc_176x_ssp.o
 .comment       0x00000000       0x2b rtc176x.o
 .comment       0x00000000       0x2b serial.o
 .comment       0x00000000       0x2b sound.o
 .comment       0x00000000       0x2b startup176x.o
 .comment       0x00000000       0x2b uart176x.o
 .comment       0x00000000       0x2b xprintf.o
 .comment       0x00000000       0x2b /opt/york/cs/net/lpc1700-cmsis-lite-2011.01.26-i686-1/lib/core_cm3.o
 .comment       0x00000000       0x2b /opt/york/cs/net/lpc1700-cmsis-lite-2011.01.26-i686-1/lib/system_LPC17xx.o
 .comment       0x00000000       0x2b /opt/york/cs/net/lpc1700-cmsis-lite-2011.01.26-i686-1/lib/libDriversLPC17xxgnu.a(lpc17xx_pinsel.o)
 .comment       0x00000000       0x2b /opt/york/cs/net/lpc1700-cmsis-lite-2011.01.26-i686-1/lib/libDriversLPC17xxgnu.a(lpc17xx_uart.o)
 .comment       0x00000000       0x2b /opt/york/cs/net/lpc1700-cmsis-lite-2011.01.26-i686-1/lib/libDriversLPC17xxgnu.a(lpc17xx_clkpwr.o)
 .comment       0x00000000       0x2b /opt/york/cs/net/lpc1700-cmsis-lite-2011.01.26-i686-1/lib/libDriversLPC17xxgnu.a(lpc17xx_libcfg_default.o)

.debug_aranges  0x00000000      0x690
 *(.debug_aranges)
 .debug_aranges
                0x00000000      0x248 ff.o
 .debug_aranges
                0x00000248       0x20 main.o
 .debug_aranges
                0x00000268       0xa0 mmc_176x_ssp.o
 .debug_aranges
                0x00000308       0x30 rtc176x.o
 .debug_aranges
                0x00000338       0x28 serial.o
 .debug_aranges
                0x00000360       0x38 sound.o
 .debug_aranges
                0x00000398       0x38 startup176x.o
 .debug_aranges
                0x000003d0       0x40 uart176x.o
 .debug_aranges
                0x00000410       0x70 xprintf.o
 .debug_aranges
                0x00000480       0x28 /opt/york/cs/net/lpc1700-cmsis-lite-2011.01.26-i686-1/lib/system_LPC17xx.o
 .debug_aranges
                0x000004a8       0x28 /opt/york/cs/net/lpc1700-cmsis-lite-2011.01.26-i686-1/lib/startup_LPC17xx.o
 .debug_aranges
                0x000004d0       0x48 /opt/york/cs/net/lpc1700-cmsis-lite-2011.01.26-i686-1/lib/libDriversLPC17xxgnu.a(lpc17xx_pinsel.o)
 .debug_aranges
                0x00000518      0x100 /opt/york/cs/net/lpc1700-cmsis-lite-2011.01.26-i686-1/lib/libDriversLPC17xxgnu.a(lpc17xx_uart.o)
 .debug_aranges
                0x00000618       0x58 /opt/york/cs/net/lpc1700-cmsis-lite-2011.01.26-i686-1/lib/libDriversLPC17xxgnu.a(lpc17xx_clkpwr.o)
 .debug_aranges
                0x00000670       0x20 /opt/york/cs/net/lpc1700-cmsis-lite-2011.01.26-i686-1/lib/libDriversLPC17xxgnu.a(lpc17xx_libcfg_default.o)

.debug_pubnames
                0x00000000      0x87b
 *(.debug_pubnames)
 .debug_pubnames
                0x00000000       0x21 crp.o
 .debug_pubnames
                0x00000021      0x191 ff.o
 .debug_pubnames
                0x000001b2       0x1b main.o
 .debug_pubnames
                0x000001cd       0x75 mmc_176x_ssp.o
 .debug_pubnames
                0x00000242       0x45 rtc176x.o
 .debug_pubnames
                0x00000287       0x40 serial.o
 .debug_pubnames
                0x000002c7       0x54 sound.o
 .debug_pubnames
                0x0000031b       0x68 startup176x.o
 .debug_pubnames
                0x00000383       0x63 uart176x.o
 .debug_pubnames
                0x000003e6       0x9e xprintf.o
 .debug_pubnames
                0x00000484       0x4f /opt/york/cs/net/lpc1700-cmsis-lite-2011.01.26-i686-1/lib/system_LPC17xx.o
 .debug_pubnames
                0x000004d3       0x59 /opt/york/cs/net/lpc1700-cmsis-lite-2011.01.26-i686-1/lib/libDriversLPC17xxgnu.a(lpc17xx_pinsel.o)
 .debug_pubnames
                0x0000052c      0x271 /opt/york/cs/net/lpc1700-cmsis-lite-2011.01.26-i686-1/lib/libDriversLPC17xxgnu.a(lpc17xx_uart.o)
 .debug_pubnames
                0x0000079d       0xbb /opt/york/cs/net/lpc1700-cmsis-lite-2011.01.26-i686-1/lib/libDriversLPC17xxgnu.a(lpc17xx_clkpwr.o)
 .debug_pubnames
                0x00000858       0x23 /opt/york/cs/net/lpc1700-cmsis-lite-2011.01.26-i686-1/lib/libDriversLPC17xxgnu.a(lpc17xx_libcfg_default.o)

.debug_info     0x00000000     0x6930
 *(.debug_info .gnu.linkonce.wi.*)
 .debug_info    0x00000000       0x3f crp.o
 .debug_info    0x0000003f     0x2584 ff.o
 .debug_info    0x000025c3       0x49 ffunicode.o
 .debug_info    0x0000260c      0x45a main.o
 .debug_info    0x00002a66      0x61f mmc_176x_ssp.o
 .debug_info    0x00003085      0x1a1 rtc176x.o
 .debug_info    0x00003226      0x4e4 serial.o
 .debug_info    0x0000370a      0x5cc sound.o
 .debug_info    0x00003cd6      0x14b startup176x.o
 .debug_info    0x00003e21      0x23b uart176x.o
 .debug_info    0x0000405c      0x512 xprintf.o
 .debug_info    0x0000456e       0x68 /opt/york/cs/net/lpc1700-cmsis-lite-2011.01.26-i686-1/lib/core_cm3.o
 .debug_info    0x000045d6      0x509 /opt/york/cs/net/lpc1700-cmsis-lite-2011.01.26-i686-1/lib/system_LPC17xx.o
 .debug_info    0x00004adf       0xc1 /opt/york/cs/net/lpc1700-cmsis-lite-2011.01.26-i686-1/lib/startup_LPC17xx.o
 .debug_info    0x00004ba0      0x4b5 /opt/york/cs/net/lpc1700-cmsis-lite-2011.01.26-i686-1/lib/libDriversLPC17xxgnu.a(lpc17xx_pinsel.o)
 .debug_info    0x00005055     0x114d /opt/york/cs/net/lpc1700-cmsis-lite-2011.01.26-i686-1/lib/libDriversLPC17xxgnu.a(lpc17xx_uart.o)
 .debug_info    0x000061a2      0x6c5 /opt/york/cs/net/lpc1700-cmsis-lite-2011.01.26-i686-1/lib/libDriversLPC17xxgnu.a(lpc17xx_clkpwr.o)
 .debug_info    0x00006867       0xc9 /opt/york/cs/net/lpc1700-cmsis-lite-2011.01.26-i686-1/lib/libDriversLPC17xxgnu.a(lpc17xx_libcfg_default.o)

.debug_abbrev   0x00000000     0x11af
 *(.debug_abbrev)
 .debug_abbrev  0x00000000       0x30 crp.o
 .debug_abbrev  0x00000030      0x1a5 ff.o
 .debug_abbrev  0x000001d5       0x1f ffunicode.o
 .debug_abbrev  0x000001f4      0x111 main.o
 .debug_abbrev  0x00000305      0x1ba mmc_176x_ssp.o
 .debug_abbrev  0x000004bf       0xcf rtc176x.o
 .debug_abbrev  0x0000058e      0x177 serial.o
 .debug_abbrev  0x00000705      0x138 sound.o
 .debug_abbrev  0x0000083d       0xc6 startup176x.o
 .debug_abbrev  0x00000903      0x106 uart176x.o
 .debug_abbrev  0x00000a09      0x182 xprintf.o
 .debug_abbrev  0x00000b8b       0x28 /opt/york/cs/net/lpc1700-cmsis-lite-2011.01.26-i686-1/lib/core_cm3.o
 .debug_abbrev  0x00000bb3      0x102 /opt/york/cs/net/lpc1700-cmsis-lite-2011.01.26-i686-1/lib/system_LPC17xx.o
 .debug_abbrev  0x00000cb5       0x12 /opt/york/cs/net/lpc1700-cmsis-lite-2011.01.26-i686-1/lib/startup_LPC17xx.o
 .debug_abbrev  0x00000cc7      0x11d /opt/york/cs/net/lpc1700-cmsis-lite-2011.01.26-i686-1/lib/libDriversLPC17xxgnu.a(lpc17xx_pinsel.o)
 .debug_abbrev  0x00000de4      0x1ce /opt/york/cs/net/lpc1700-cmsis-lite-2011.01.26-i686-1/lib/libDriversLPC17xxgnu.a(lpc17xx_uart.o)
 .debug_abbrev  0x00000fb2      0x195 /opt/york/cs/net/lpc1700-cmsis-lite-2011.01.26-i686-1/lib/libDriversLPC17xxgnu.a(lpc17xx_clkpwr.o)
 .debug_abbrev  0x00001147       0x68 /opt/york/cs/net/lpc1700-cmsis-lite-2011.01.26-i686-1/lib/libDriversLPC17xxgnu.a(lpc17xx_libcfg_default.o)

.debug_line     0x00000000     0x3733
 *(.debug_line)
 .debug_line    0x00000000       0x26 crp.o
 .debug_line    0x00000026     0x15ba ff.o
 .debug_line    0x000015e0       0x1d ffunicode.o
 .debug_line    0x000015fd       0x58 main.o
 .debug_line    0x00001655      0x4fd mmc_176x_ssp.o
 .debug_line    0x00001b52      0x110 rtc176x.o
 .debug_line    0x00001c62      0x15e serial.o
 .debug_line    0x00001dc0      0x29c sound.o
 .debug_line    0x0000205c      0x11e startup176x.o
 .debug_line    0x0000217a      0x161 uart176x.o
 .debug_line    0x000022db      0x3a0 xprintf.o
 .debug_line    0x0000267b       0x1d /opt/york/cs/net/lpc1700-cmsis-lite-2011.01.26-i686-1/lib/core_cm3.o
 .debug_line    0x00002698      0x1e4 /opt/york/cs/net/lpc1700-cmsis-lite-2011.01.26-i686-1/lib/system_LPC17xx.o
 .debug_line    0x0000287c       0xb1 /opt/york/cs/net/lpc1700-cmsis-lite-2011.01.26-i686-1/lib/startup_LPC17xx.o
 .debug_line    0x0000292d      0x220 /opt/york/cs/net/lpc1700-cmsis-lite-2011.01.26-i686-1/lib/libDriversLPC17xxgnu.a(lpc17xx_pinsel.o)
 .debug_line    0x00002b4d      0x888 /opt/york/cs/net/lpc1700-cmsis-lite-2011.01.26-i686-1/lib/libDriversLPC17xxgnu.a(lpc17xx_uart.o)
 .debug_line    0x000033d5      0x29a /opt/york/cs/net/lpc1700-cmsis-lite-2011.01.26-i686-1/lib/libDriversLPC17xxgnu.a(lpc17xx_clkpwr.o)
 .debug_line    0x0000366f       0xc4 /opt/york/cs/net/lpc1700-cmsis-lite-2011.01.26-i686-1/lib/libDriversLPC17xxgnu.a(lpc17xx_libcfg_default.o)

.debug_frame    0x00000000     0x1d40
 *(.debug_frame)
 .debug_frame   0x00000000      0x8a8 ff.o
 .debug_frame   0x000008a8       0x30 main.o
 .debug_frame   0x000008d8      0x20c mmc_176x_ssp.o
 .debug_frame   0x00000ae4       0x60 rtc176x.o
 .debug_frame   0x00000b44       0x50 serial.o
 .debug_frame   0x00000b94       0x88 sound.o
 .debug_frame   0x00000c1c       0x68 startup176x.o
 .debug_frame   0x00000c84       0x94 uart176x.o
 .debug_frame   0x00000d18      0x184 xprintf.o
 .debug_frame   0x00000e9c       0x40 /opt/york/cs/net/lpc1700-cmsis-lite-2011.01.26-i686-1/lib/system_LPC17xx.o
 .debug_frame   0x00000edc       0x64 /opt/york/cs/net/sourcery-g++-lite-arm-eabi-2010.09.51-i686-1/arm-none-eabi/lib/thumb2/libc.a(lib_a-sprintf.o)
 .debug_frame   0x00000f40       0x3c /opt/york/cs/net/sourcery-g++-lite-arm-eabi-2010.09.51-i686-1/arm-none-eabi/lib/thumb2/libc.a(lib_a-svfprintf.o)
 .debug_frame   0x00000f7c       0x68 /opt/york/cs/net/sourcery-g++-lite-arm-eabi-2010.09.51-i686-1/arm-none-eabi/lib/thumb2/libc.a(lib_a-dtoa.o)
 .debug_frame   0x00000fe4       0x98 /opt/york/cs/net/sourcery-g++-lite-arm-eabi-2010.09.51-i686-1/arm-none-eabi/lib/thumb2/libc.a(lib_a-locale.o)
 .debug_frame   0x0000107c       0x30 /opt/york/cs/net/sourcery-g++-lite-arm-eabi-2010.09.51-i686-1/arm-none-eabi/lib/thumb2/libc.a(lib_a-malloc.o)
 .debug_frame   0x000010ac       0x3c /opt/york/cs/net/sourcery-g++-lite-arm-eabi-2010.09.51-i686-1/arm-none-eabi/lib/thumb2/libc.a(lib_a-mallocr.o)
 .debug_frame   0x000010e8       0x2c /opt/york/cs/net/sourcery-g++-lite-arm-eabi-2010.09.51-i686-1/arm-none-eabi/lib/thumb2/libc.a(lib_a-memchr.o)
 .debug_frame   0x00001114       0x30 /opt/york/cs/net/sourcery-g++-lite-arm-eabi-2010.09.51-i686-1/arm-none-eabi/lib/thumb2/libc.a(lib_a-memcpy.o)
 .debug_frame   0x00001144       0x30 /opt/york/cs/net/sourcery-g++-lite-arm-eabi-2010.09.51-i686-1/arm-none-eabi/lib/thumb2/libc.a(lib_a-mlock.o)
 .debug_frame   0x00001174      0x244 /opt/york/cs/net/sourcery-g++-lite-arm-eabi-2010.09.51-i686-1/arm-none-eabi/lib/thumb2/libc.a(lib_a-mprec.o)
 .debug_frame   0x000013b8       0x28 /opt/york/cs/net/sourcery-g++-lite-arm-eabi-2010.09.51-i686-1/arm-none-eabi/lib/thumb2/libc.a(lib_a-s_fpclassify.o)
 .debug_frame   0x000013e0       0x2c /opt/york/cs/net/sourcery-g++-lite-arm-eabi-2010.09.51-i686-1/arm-none-eabi/lib/thumb2/libc.a(lib_a-sbrkr.o)
 .debug_frame   0x0000140c       0x30 /opt/york/cs/net/sourcery-g++-lite-arm-eabi-2010.09.51-i686-1/arm-none-eabi/lib/thumb2/libc.a(lib_a-strcmp.o)
 .debug_frame   0x0000143c       0x20 /opt/york/cs/net/sourcery-g++-lite-arm-eabi-2010.09.51-i686-1/arm-none-eabi/lib/thumb2/libc.a(lib_a-strlen.o)
 .debug_frame   0x0000145c       0x68 /opt/york/cs/net/sourcery-g++-lite-arm-eabi-2010.09.51-i686-1/arm-none-eabi/lib/thumb2/libc.a(lib_a-svfiprintf.o)
 .debug_frame   0x000014c4       0x2c /opt/york/cs/net/sourcery-g++-lite-arm-eabi-2010.09.51-i686-1/arm-none-eabi/lib/thumb2/libc.a(lib_a-callocr.o)
 .debug_frame   0x000014f0       0x50 /opt/york/cs/net/sourcery-g++-lite-arm-eabi-2010.09.51-i686-1/arm-none-eabi/lib/thumb2/libc.a(lib_a-freer.o)
 .debug_frame   0x00001540       0x2c /opt/york/cs/net/sourcery-g++-lite-arm-eabi-2010.09.51-i686-1/arm-none-eabi/lib/thumb2/libc.a(lib_a-memmove.o)
 .debug_frame   0x0000156c       0x2c /opt/york/cs/net/sourcery-g++-lite-arm-eabi-2010.09.51-i686-1/arm-none-eabi/lib/thumb2/libc.a(lib_a-memset.o)
 .debug_frame   0x00001598       0x3c /opt/york/cs/net/sourcery-g++-lite-arm-eabi-2010.09.51-i686-1/arm-none-eabi/lib/thumb2/libc.a(lib_a-reallocr.o)
 .debug_frame   0x000015d4       0x64 /opt/york/cs/net/sourcery-g++-lite-arm-eabi-2010.09.51-i686-1/arm-none-eabi/lib/thumb2/libc.a(lib_a-reent.o)
 .debug_frame   0x00001638       0x20 /opt/york/cs/net/sourcery-g++-lite-arm-eabi-2010.09.51-i686-1/bin/../lib/gcc/arm-none-eabi/4.5.1/thumb2/libgcc.a(_udivsi3.o)
 .debug_frame   0x00001658       0x50 /opt/york/cs/net/sourcery-g++-lite-arm-eabi-2010.09.51-i686-1/bin/../lib/gcc/arm-none-eabi/4.5.1/thumb2/libgcc.a(bpabi.o)
 .debug_frame   0x000016a8       0x3c /opt/york/cs/net/sourcery-g++-lite-arm-eabi-2010.09.51-i686-1/bin/../lib/gcc/arm-none-eabi/4.5.1/thumb2/libgcc.a(_divdi3.o)
 .debug_frame   0x000016e4       0x3c /opt/york/cs/net/sourcery-g++-lite-arm-eabi-2010.09.51-i686-1/bin/../lib/gcc/arm-none-eabi/4.5.1/thumb2/libgcc.a(_udivdi3.o)
 .debug_frame   0x00001720       0x40 /opt/york/cs/net/sourcery-g++-lite-arm-eabi-2010.09.51-i686-1/arm-none-eabi/lib/thumb2/libcs3.a(start_c.o)
 .debug_frame   0x00001760       0x28 /opt/york/cs/net/sourcery-g++-lite-arm-eabi-2010.09.51-i686-1/arm-none-eabi/lib/thumb2/libcs3unhosted.a(unhosted-sbrk.o)
 .debug_frame   0x00001788       0x20 /opt/york/cs/net/sourcery-g++-lite-arm-eabi-2010.09.51-i686-1/arm-none-eabi/lib/thumb2/libc.a(lib_a-errno.o)
 .debug_frame   0x000017a8       0x2c /opt/york/cs/net/sourcery-g++-lite-arm-eabi-2010.09.51-i686-1/arm-none-eabi/lib/thumb2/libc.a(lib_a-init.o)
 .debug_frame   0x000017d4       0xbc /opt/york/cs/net/lpc1700-cmsis-lite-2011.01.26-i686-1/lib/libDriversLPC17xxgnu.a(lpc17xx_pinsel.o)
 .debug_frame   0x00001890      0x3a0 /opt/york/cs/net/lpc1700-cmsis-lite-2011.01.26-i686-1/lib/libDriversLPC17xxgnu.a(lpc17xx_uart.o)
 .debug_frame   0x00001c30       0xe4 /opt/york/cs/net/lpc1700-cmsis-lite-2011.01.26-i686-1/lib/libDriversLPC17xxgnu.a(lpc17xx_clkpwr.o)
 .debug_frame   0x00001d14       0x2c /opt/york/cs/net/lpc1700-cmsis-lite-2011.01.26-i686-1/lib/libDriversLPC17xxgnu.a(lpc17xx_libcfg_default.o)

.debug_str      0x00000000     0x19e1
 *(.debug_str)
 .debug_str     0x00000000       0x3f crp.o
                                 0x51 (size before relaxing)
 .debug_str     0x0000003f      0x675 ff.o
                                0x713 (size before relaxing)
 .debug_str     0x000006b4        0xc ffunicode.o
                                 0x7f (size before relaxing)
 .debug_str     0x000006c0       0x36 main.o
                                0x2ee (size before relaxing)
 .debug_str     0x000006f6      0x11b mmc_176x_ssp.o
                                0x239 (size before relaxing)
 .debug_str     0x00000811       0x54 rtc176x.o
                                0x117 (size before relaxing)
 .debug_str     0x00000865      0x2f1 serial.o
                                0x3ca (size before relaxing)
 .debug_str     0x00000b56       0x75 sound.o
                                0x243 (size before relaxing)
 .debug_str     0x00000bcb       0x4c startup176x.o
                                0x10c (size before relaxing)
 .debug_str     0x00000c17       0x58 uart176x.o
                                0x129 (size before relaxing)
 .debug_str     0x00000c6f       0x86 xprintf.o
                                0x12d (size before relaxing)
 .debug_str     0x00000cf5       0x42 /opt/york/cs/net/lpc1700-cmsis-lite-2011.01.26-i686-1/lib/core_cm3.o
                                 0xd2 (size before relaxing)
 .debug_str     0x00000d37      0x1d9 /opt/york/cs/net/lpc1700-cmsis-lite-2011.01.26-i686-1/lib/system_LPC17xx.o
                                0x2d5 (size before relaxing)
 .debug_str     0x00000f10      0x235 /opt/york/cs/net/lpc1700-cmsis-lite-2011.01.26-i686-1/lib/libDriversLPC17xxgnu.a(lpc17xx_pinsel.o)
                                0x359 (size before relaxing)
 .debug_str     0x00001145      0x7a8 /opt/york/cs/net/lpc1700-cmsis-lite-2011.01.26-i686-1/lib/libDriversLPC17xxgnu.a(lpc17xx_uart.o)
                                0xb32 (size before relaxing)
 .debug_str     0x000018ed       0xc4 /opt/york/cs/net/lpc1700-cmsis-lite-2011.01.26-i686-1/lib/libDriversLPC17xxgnu.a(lpc17xx_clkpwr.o)
                                0x380 (size before relaxing)
 .debug_str     0x000019b1       0x30 /opt/york/cs/net/lpc1700-cmsis-lite-2011.01.26-i686-1/lib/libDriversLPC17xxgnu.a(lpc17xx_libcfg_default.o)
                                0x107 (size before relaxing)

.debug_loc      0x00000000     0x230c
 *(.debug_loc)
 .debug_loc     0x00000000      0xf80 ff.o
 .debug_loc     0x00000f80       0x3a main.o
 .debug_loc     0x00000fba      0x394 mmc_176x_ssp.o
 .debug_loc     0x0000134e       0x9c rtc176x.o
 .debug_loc     0x000013ea       0x70 serial.o
 .debug_loc     0x0000145a       0xd6 sound.o
 .debug_loc     0x00001530       0x84 startup176x.o
 .debug_loc     0x000015b4      0x100 uart176x.o
 .debug_loc     0x000016b4      0x28e xprintf.o
 .debug_loc     0x00001942       0x58 /opt/york/cs/net/lpc1700-cmsis-lite-2011.01.26-i686-1/lib/system_LPC17xx.o
 .debug_loc     0x0000199a      0x150 /opt/york/cs/net/lpc1700-cmsis-lite-2011.01.26-i686-1/lib/libDriversLPC17xxgnu.a(lpc17xx_pinsel.o)
 .debug_loc     0x00001aea      0x65a /opt/york/cs/net/lpc1700-cmsis-lite-2011.01.26-i686-1/lib/libDriversLPC17xxgnu.a(lpc17xx_uart.o)
 .debug_loc     0x00002144      0x190 /opt/york/cs/net/lpc1700-cmsis-lite-2011.01.26-i686-1/lib/libDriversLPC17xxgnu.a(lpc17xx_clkpwr.o)
 .debug_loc     0x000022d4       0x38 /opt/york/cs/net/lpc1700-cmsis-lite-2011.01.26-i686-1/lib/libDriversLPC17xxgnu.a(lpc17xx_libcfg_default.o)

.debug_macinfo
 *(.debug_macinfo)

.debug_weaknames
 *(.debug_weaknames)

.debug_funcnames
 *(.debug_funcnames)

.debug_typenames
 *(.debug_typenames)

.debug_varnames
 *(.debug_varnames)

.note.gnu.arm.ident
 *(.note.gnu.arm.ident)

.ARM.attributes
                0x00000000       0x25
 *(.ARM.attributes)
 .ARM.attributes
                0x00000000       0x19 /opt/york/cs/net/sourcery-g++-lite-arm-eabi-2010.09.51-i686-1/bin/../lib/gcc/arm-none-eabi/4.5.1/thumb2/crti.o
 .ARM.attributes
                0x00000019       0x29 /opt/york/cs/net/sourcery-g++-lite-arm-eabi-2010.09.51-i686-1/bin/../lib/gcc/arm-none-eabi/4.5.1/thumb2/crtbegin.o
 .ARM.attributes
                0x00000042       0x31 crp.o
 .ARM.attributes
                0x00000073       0x31 ff.o
 .ARM.attributes
                0x000000a4       0x31 ffunicode.o
 .ARM.attributes
                0x000000d5       0x31 main.o
 .ARM.attributes
                0x00000106       0x31 mmc_176x_ssp.o
 .ARM.attributes
                0x00000137       0x31 rtc176x.o
 .ARM.attributes
                0x00000168       0x31 serial.o
 .ARM.attributes
                0x00000199       0x31 sound.o
 .ARM.attributes
                0x000001ca       0x31 startup176x.o
 .ARM.attributes
                0x000001fb       0x31 uart176x.o
 .ARM.attributes
                0x0000022c       0x31 xprintf.o
 .ARM.attributes
                0x0000025d       0x31 /opt/york/cs/net/lpc1700-cmsis-lite-2011.01.26-i686-1/lib/core_cm3.o
 .ARM.attributes
                0x0000028e       0x31 /opt/york/cs/net/lpc1700-cmsis-lite-2011.01.26-i686-1/lib/system_LPC17xx.o
 .ARM.attributes
                0x000002bf       0x21 /opt/york/cs/net/lpc1700-cmsis-lite-2011.01.26-i686-1/lib/startup_LPC17xx.o
 .ARM.attributes
                0x000002e0       0x29 /opt/york/cs/net/sourcery-g++-lite-arm-eabi-2010.09.51-i686-1/arm-none-eabi/lib/thumb2/libc.a(lib_a-sprintf.o)
 .ARM.attributes
                0x00000309       0x29 /opt/york/cs/net/sourcery-g++-lite-arm-eabi-2010.09.51-i686-1/arm-none-eabi/lib/thumb2/libc.a(lib_a-svfprintf.o)
 .ARM.attributes
                0x00000332       0x29 /opt/york/cs/net/sourcery-g++-lite-arm-eabi-2010.09.51-i686-1/arm-none-eabi/lib/thumb2/libc.a(lib_a-dtoa.o)
 .ARM.attributes
                0x0000035b       0x29 /opt/york/cs/net/sourcery-g++-lite-arm-eabi-2010.09.51-i686-1/arm-none-eabi/lib/thumb2/libc.a(lib_a-impure.o)
 .ARM.attributes
                0x00000384       0x29 /opt/york/cs/net/sourcery-g++-lite-arm-eabi-2010.09.51-i686-1/arm-none-eabi/lib/thumb2/libc.a(lib_a-locale.o)
 .ARM.attributes
                0x000003ad       0x29 /opt/york/cs/net/sourcery-g++-lite-arm-eabi-2010.09.51-i686-1/arm-none-eabi/lib/thumb2/libc.a(lib_a-malloc.o)
 .ARM.attributes
                0x000003d6       0x29 /opt/york/cs/net/sourcery-g++-lite-arm-eabi-2010.09.51-i686-1/arm-none-eabi/lib/thumb2/libc.a(lib_a-mallocr.o)
 .ARM.attributes
                0x000003ff       0x29 /opt/york/cs/net/sourcery-g++-lite-arm-eabi-2010.09.51-i686-1/arm-none-eabi/lib/thumb2/libc.a(lib_a-memchr.o)
 .ARM.attributes
                0x00000428       0x29 /opt/york/cs/net/sourcery-g++-lite-arm-eabi-2010.09.51-i686-1/arm-none-eabi/lib/thumb2/libc.a(lib_a-memcpy.o)
 .ARM.attributes
                0x00000451       0x29 /opt/york/cs/net/sourcery-g++-lite-arm-eabi-2010.09.51-i686-1/arm-none-eabi/lib/thumb2/libc.a(lib_a-mlock.o)
 .ARM.attributes
                0x0000047a       0x29 /opt/york/cs/net/sourcery-g++-lite-arm-eabi-2010.09.51-i686-1/arm-none-eabi/lib/thumb2/libc.a(lib_a-mprec.o)
 .ARM.attributes
                0x000004a3       0x29 /opt/york/cs/net/sourcery-g++-lite-arm-eabi-2010.09.51-i686-1/arm-none-eabi/lib/thumb2/libc.a(lib_a-s_fpclassify.o)
 .ARM.attributes
                0x000004cc       0x29 /opt/york/cs/net/sourcery-g++-lite-arm-eabi-2010.09.51-i686-1/arm-none-eabi/lib/thumb2/libc.a(lib_a-sbrkr.o)
 .ARM.attributes
                0x000004f5       0x29 /opt/york/cs/net/sourcery-g++-lite-arm-eabi-2010.09.51-i686-1/arm-none-eabi/lib/thumb2/libc.a(lib_a-strcmp.o)
 .ARM.attributes
                0x0000051e       0x29 /opt/york/cs/net/sourcery-g++-lite-arm-eabi-2010.09.51-i686-1/arm-none-eabi/lib/thumb2/libc.a(lib_a-strlen.o)
 .ARM.attributes
                0x00000547       0x29 /opt/york/cs/net/sourcery-g++-lite-arm-eabi-2010.09.51-i686-1/arm-none-eabi/lib/thumb2/libc.a(lib_a-svfiprintf.o)
 .ARM.attributes
                0x00000570       0x29 /opt/york/cs/net/sourcery-g++-lite-arm-eabi-2010.09.51-i686-1/arm-none-eabi/lib/thumb2/libc.a(lib_a-callocr.o)
 .ARM.attributes
                0x00000599       0x29 /opt/york/cs/net/sourcery-g++-lite-arm-eabi-2010.09.51-i686-1/arm-none-eabi/lib/thumb2/libc.a(lib_a-freer.o)
 .ARM.attributes
                0x000005c2       0x29 /opt/york/cs/net/sourcery-g++-lite-arm-eabi-2010.09.51-i686-1/arm-none-eabi/lib/thumb2/libc.a(lib_a-memmove.o)
 .ARM.attributes
                0x000005eb       0x29 /opt/york/cs/net/sourcery-g++-lite-arm-eabi-2010.09.51-i686-1/arm-none-eabi/lib/thumb2/libc.a(lib_a-memset.o)
 .ARM.attributes
                0x00000614       0x29 /opt/york/cs/net/sourcery-g++-lite-arm-eabi-2010.09.51-i686-1/arm-none-eabi/lib/thumb2/libc.a(lib_a-reallocr.o)
 .ARM.attributes
                0x0000063d       0x29 /opt/york/cs/net/sourcery-g++-lite-arm-eabi-2010.09.51-i686-1/arm-none-eabi/lib/thumb2/libc.a(lib_a-reent.o)
 .ARM.attributes
                0x00000666       0x1b /opt/york/cs/net/sourcery-g++-lite-arm-eabi-2010.09.51-i686-1/bin/../lib/gcc/arm-none-eabi/4.5.1/thumb2/libgcc.a(_udivsi3.o)
 .ARM.attributes
                0x00000681       0x1b /opt/york/cs/net/sourcery-g++-lite-arm-eabi-2010.09.51-i686-1/bin/../lib/gcc/arm-none-eabi/4.5.1/thumb2/libgcc.a(_dvmd_tls.o)
 .ARM.attributes
                0x0000069c       0x1b /opt/york/cs/net/sourcery-g++-lite-arm-eabi-2010.09.51-i686-1/bin/../lib/gcc/arm-none-eabi/4.5.1/thumb2/libgcc.a(_arm_addsubdf3.o)
 .ARM.attributes
                0x000006b7       0x1b /opt/york/cs/net/sourcery-g++-lite-arm-eabi-2010.09.51-i686-1/bin/../lib/gcc/arm-none-eabi/4.5.1/thumb2/libgcc.a(_arm_muldivdf3.o)
 .ARM.attributes
                0x000006d2       0x1b /opt/york/cs/net/sourcery-g++-lite-arm-eabi-2010.09.51-i686-1/bin/../lib/gcc/arm-none-eabi/4.5.1/thumb2/libgcc.a(_arm_cmpdf2.o)
 .ARM.attributes
                0x000006ed       0x1b /opt/york/cs/net/sourcery-g++-lite-arm-eabi-2010.09.51-i686-1/bin/../lib/gcc/arm-none-eabi/4.5.1/thumb2/libgcc.a(_arm_fixdfsi.o)
 .ARM.attributes
                0x00000708       0x1b /opt/york/cs/net/sourcery-g++-lite-arm-eabi-2010.09.51-i686-1/bin/../lib/gcc/arm-none-eabi/4.5.1/thumb2/libgcc.a(_aeabi_uldivmod.o)
 .ARM.attributes
                0x00000723       0x29 /opt/york/cs/net/sourcery-g++-lite-arm-eabi-2010.09.51-i686-1/bin/../lib/gcc/arm-none-eabi/4.5.1/thumb2/libgcc.a(bpabi.o)
 .ARM.attributes
                0x0000074c       0x29 /opt/york/cs/net/sourcery-g++-lite-arm-eabi-2010.09.51-i686-1/bin/../lib/gcc/arm-none-eabi/4.5.1/thumb2/libgcc.a(_divdi3.o)
 .ARM.attributes
                0x00000775       0x29 /opt/york/cs/net/sourcery-g++-lite-arm-eabi-2010.09.51-i686-1/bin/../lib/gcc/arm-none-eabi/4.5.1/thumb2/libgcc.a(_udivdi3.o)
 .ARM.attributes
                0x0000079e       0x29 /opt/york/cs/net/sourcery-g++-lite-arm-eabi-2010.09.51-i686-1/arm-none-eabi/lib/thumb2/libcs3.a(start_c.o)
 .ARM.attributes
                0x000007c7       0x29 /opt/york/cs/net/sourcery-g++-lite-arm-eabi-2010.09.51-i686-1/arm-none-eabi/lib/thumb2/libcs3unhosted.a(unhosted-sbrk.o)
 .ARM.attributes
                0x000007f0       0x19 /opt/york/cs/net/sourcery-g++-lite-arm-eabi-2010.09.51-i686-1/arm-none-eabi/lib/thumb2/libcs3unhosted.a(unhosted-start.o)
 .ARM.attributes
                0x00000809       0x29 /opt/york/cs/net/sourcery-g++-lite-arm-eabi-2010.09.51-i686-1/arm-none-eabi/lib/thumb2/libc.a(lib_a-errno.o)
 .ARM.attributes
                0x00000832       0x29 /opt/york/cs/net/sourcery-g++-lite-arm-eabi-2010.09.51-i686-1/arm-none-eabi/lib/thumb2/libc.a(lib_a-init.o)
 .ARM.attributes
                0x0000085b       0x29 /opt/york/cs/net/sourcery-g++-lite-arm-eabi-2010.09.51-i686-1/arm-none-eabi/lib/thumb2/libcs3.a(heap.o)
 .ARM.attributes
                0x00000884       0x31 /opt/york/cs/net/lpc1700-cmsis-lite-2011.01.26-i686-1/lib/libDriversLPC17xxgnu.a(lpc17xx_pinsel.o)
 .ARM.attributes
                0x000008b5       0x31 /opt/york/cs/net/lpc1700-cmsis-lite-2011.01.26-i686-1/lib/libDriversLPC17xxgnu.a(lpc17xx_uart.o)
 .ARM.attributes
                0x000008e6       0x31 /opt/york/cs/net/lpc1700-cmsis-lite-2011.01.26-i686-1/lib/libDriversLPC17xxgnu.a(lpc17xx_clkpwr.o)
 .ARM.attributes
                0x00000917       0x31 /opt/york/cs/net/lpc1700-cmsis-lite-2011.01.26-i686-1/lib/libDriversLPC17xxgnu.a(lpc17xx_libcfg_default.o)
 .ARM.attributes
                0x00000948       0x29 /opt/york/cs/net/sourcery-g++-lite-arm-eabi-2010.09.51-i686-1/bin/../lib/gcc/arm-none-eabi/4.5.1/thumb2/crtend.o
 .ARM.attributes
                0x00000971       0x19 /opt/york/cs/net/sourcery-g++-lite-arm-eabi-2010.09.51-i686-1/bin/../lib/gcc/arm-none-eabi/4.5.1/thumb2/crtn.o

/DISCARD/
 *(.note.GNU-stack)
LOAD /opt/york/cs/net/lpc1700-cmsis-lite-2011.01.26-i686-1/lib/libDriversLPC17xxgnu.a
START GROUP