Archive member included because of file (symbol)

/opt/york/cs/net/sourcery-g++-lite-arm-eabi-2010.09.51-i686-1/arm-none-eabi/lib/thumb2/libcs3.a(start_c.o)
                              (__cs3_start_c)
/opt/york/cs/net/sourcery-g++-lite-arm-eabi-2010.09.51-i686-1/arm-none-eabi/lib/thumb2/libcs3unhosted.a(unhosted-start.o)
                              /opt/york/cs/net/lpc1700-cmsis-lite-2011.01.26-i686-1/lib/startup_LPC17xx.o (_start)
/opt/york/cs/net/sourcery-g++-lite-arm-eabi-2010.09.51-i686-1/arm-none-eabi/lib/thumb2/libc.a(lib_a-init.o)
                              /opt/york/cs/net/sourcery-g++-lite-arm-eabi-2010.09.51-i686-1/arm-none-eabi/lib/thumb2/libcs3.a(start_c.o) (__libc_init_array)
/opt/york/cs/net/lpc1700-cmsis-lite-2011.01.26-i686-1/lib/libDriversLPC17xxgnu.a(lpc17xx_pinsel.o)
                              serial.o (PINSEL_ConfigPin)
/opt/york/cs/net/lpc1700-cmsis-lite-2011.01.26-i686-1/lib/libDriversLPC17xxgnu.a(lpc17xx_uart.o)
                              serial.o (UART_Init)
/opt/york/cs/net/lpc1700-cmsis-lite-2011.01.26-i686-1/lib/libDriversLPC17xxgnu.a(lpc17xx_clkpwr.o)
                              /opt/york/cs/net/lpc1700-cmsis-lite-2011.01.26-i686-1/lib/libDriversLPC17xxgnu.a(lpc17xx_uart.o) (CLKPWR_GetPCLK)
/opt/york/cs/net/lpc1700-cmsis-lite-2011.01.26-i686-1/lib/libDriversLPC17xxgnu.a(lpc17xx_libcfg_default.o)
                              /opt/york/cs/net/lpc1700-cmsis-lite-2011.01.26-i686-1/lib/libDriversLPC17xxgnu.a(lpc17xx_uart.o) (check_failed)

Allocating common symbols
Common symbol       size              file

xfunc_in            0x4               xprintf.o
xfunc_out           0x4               xprintf.o

Memory Configuration

Name             Origin             Length             Attributes
rom              0x00000000         0x00080000         xr
ram              0x10000000         0x00008000         xrw
ram1             0x2007c000         0x00004000         xrw
ram2             0x20080000         0x00004000         xrw
*default*        0x00000000         0xffffffff

Linker script and memory map

LOAD /opt/york/cs/net/sourcery-g++-lite-arm-eabi-2010.09.51-i686-1/bin/../lib/gcc/arm-none-eabi/4.5.1/thumb2/crti.o
LOAD /opt/york/cs/net/sourcery-g++-lite-arm-eabi-2010.09.51-i686-1/bin/../lib/gcc/arm-none-eabi/4.5.1/thumb2/crtbegin.o
LOAD crp.o
LOAD ff.o
LOAD ffunicode.o
LOAD main.o
LOAD mmc_176x_ssp.o
LOAD rtc176x.o
LOAD serial.o
LOAD sound.o
LOAD startup176x.o
LOAD uart176x.o
LOAD xprintf.o
LOAD /opt/york/cs/net/lpc1700-cmsis-lite-2011.01.26-i686-1/lib/core_cm3.o
LOAD /opt/york/cs/net/lpc1700-cmsis-lite-2011.01.26-i686-1/lib/system_LPC17xx.o
LOAD /opt/york/cs/net/lpc1700-cmsis-lite-2011.01.26-i686-1/lib/startup_LPC17xx.o
START GROUP
LOAD /opt/york/cs/net/sourcery-g++-lite-arm-eabi-2010.09.51-i686-1/arm-none-eabi/lib/thumb2/libc.a
LOAD /opt/york/cs/net/sourcery-g++-lite-arm-eabi-2010.09.51-i686-1/arm-none-eabi/lib/thumb2/libg.a
LOAD /opt/york/cs/net/sourcery-g++-lite-arm-eabi-2010.09.51-i686-1/arm-none-eabi/lib/thumb2/libstdc++.a
LOAD /opt/york/cs/net/sourcery-g++-lite-arm-eabi-2010.09.51-i686-1/arm-none-eabi/lib/thumb2/libsupc++.a
LOAD /opt/york/cs/net/sourcery-g++-lite-arm-eabi-2010.09.51-i686-1/bin/../lib/gcc/arm-none-eabi/4.5.1/thumb2/libgcc.a
LOAD /opt/york/cs/net/sourcery-g++-lite-arm-eabi-2010.09.51-i686-1/arm-none-eabi/lib/thumb2/libm.a
END GROUP
START GROUP
LOAD /opt/york/cs/net/sourcery-g++-lite-arm-eabi-2010.09.51-i686-1/bin/../lib/gcc/arm-none-eabi/4.5.1/thumb2/libgcc.a
LOAD /opt/york/cs/net/sourcery-g++-lite-arm-eabi-2010.09.51-i686-1/arm-none-eabi/lib/thumb2/libc.a
LOAD /opt/york/cs/net/sourcery-g++-lite-arm-eabi-2010.09.51-i686-1/arm-none-eabi/lib/thumb2/libcs3.a
LOAD /opt/york/cs/net/sourcery-g++-lite-arm-eabi-2010.09.51-i686-1/arm-none-eabi/lib/thumb2/libcs3unhosted.a
LOAD /opt/york/cs/net/sourcery-g++-lite-arm-eabi-2010.09.51-i686-1/arm-none-eabi/lib/thumb2/libcs3micro.a
END GROUP
                0x10008000                PROVIDE (__cs3_stack, (__cs3_region_start_ram + __cs3_region_size_ram))
                0x000076b0                PROVIDE (__cs3_stack_size, ((__cs3_region_start_ram + __cs3_region_size_ram) - _end))
                0x10000950                PROVIDE (__cs3_heap_start, _end)
                0x10008000                PROVIDE (__cs3_heap_end, (__cs3_region_start_ram + __cs3_region_size_ram))

.text           0x00000000     0xa5b8
 CREATE_OBJECT_SYMBOLS
                0x00000000                __cs3_region_start_rom = .
 *(.cs3.region-head.rom)
                0x00000000                __cs3_interrupt_vector = __cs3_interrupt_vector_cortex_m
 *(.cs3.interrupt_vector)
 .cs3.interrupt_vector
                0x00000000       0xcc /opt/york/cs/net/lpc1700-cmsis-lite-2011.01.26-i686-1/lib/startup_LPC17xx.o
                0x00000000                __cs3_interrupt_vector_cortex_m
                0x00000001                ASSERT ((. != __cs3_interrupt_vector_cortex_m), No interrupt vector)
 *(.rom)
 *(.rom.b)
                0x000000cc                __cs3_reset = __cs3_reset_cortex_m
 *(.cs3.reset)
 .cs3.reset     0x000000cc       0x10 /opt/york/cs/net/lpc1700-cmsis-lite-2011.01.26-i686-1/lib/startup_LPC17xx.o
                0x000000cc                __cs3_reset_cortex_m
                0x00000001                ASSERT ((. != __cs3_reset), No reset code)
 *(.text .text.* .gnu.linkonce.t.*)
 .text          0x000000dc        0x0 /opt/york/cs/net/sourcery-g++-lite-arm-eabi-2010.09.51-i686-1/bin/../lib/gcc/arm-none-eabi/4.5.1/thumb2/crti.o
 .text          0x000000dc       0x30 /opt/york/cs/net/sourcery-g++-lite-arm-eabi-2010.09.51-i686-1/bin/../lib/gcc/arm-none-eabi/4.5.1/thumb2/crtbegin.o
 .text          0x0000010c        0x0 crp.o
 .text          0x0000010c        0x0 ff.o
 .text.ld_word  0x0000010c       0x34 ff.o
 .text.ld_dword
                0x00000140       0x58 ff.o
 .text.st_word  0x00000198       0x40 ff.o
 .text.st_dword
                0x000001d8       0x6c ff.o
 .text.mem_cpy  0x00000244       0x4c ff.o
 .text.mem_set  0x00000290       0x38 ff.o
 .text.mem_cmp  0x000002c8       0x5c ff.o
 .text.chk_chr  0x00000324       0x38 ff.o
 .text.dbc_1st  0x0000035c       0x68 ff.o
 .text.dbc_2nd  0x000003c4       0x8c ff.o
 .text.sync_window
                0x00000450       0x90 ff.o
 .text.move_window
                0x000004e0       0x68 ff.o
 .text.sync_fs  0x00000548       0xf8 ff.o
 .text.clst2sect
                0x00000640       0x44 ff.o
 .text.get_fat  0x00000684      0x180 ff.o
 .text.put_fat  0x00000804      0x218 ff.o
 .text.remove_chain
                0x00000a1c       0xdc ff.o
 .text.create_chain
                0x00000af8      0x1c4 ff.o
 .text.dir_clear
                0x00000cbc       0xa4 ff.o
 .text.dir_sdi  0x00000d60      0x114 ff.o
 .text.dir_next
                0x00000e74      0x164 ff.o
 .text.dir_alloc
                0x00000fd8       0x9c ff.o
 .text.ld_clust
                0x00001074       0x48 ff.o
 .text.st_clust
                0x000010bc       0x44 ff.o
 .text.dir_read
                0x00001100       0xc4 ff.o
 .text.dir_find
                0x000011c4       0xbc ff.o
 .text.dir_register
                0x00001280       0x74 ff.o
 .text.dir_remove
                0x000012f4       0x44 ff.o
 .text.get_fileinfo
                0x00001338       0xf4 ff.o
 .text.get_achar
                0x0000142c       0x7c ff.o
 .text.pattern_matching
                0x000014a8      0x128 ff.o
 .text.create_name
                0x000015d0      0x258 ff.o
 .text.follow_path
                0x00001828      0x140 ff.o
 .text.get_ldnumber
                0x00001968       0x9c ff.o
 .text.check_fs
                0x00001a04       0xcc ff.o
 .text.find_volume
                0x00001ad0      0x540 ff.o
 .text.validate
                0x00002010       0x74 ff.o
 .text.f_mount  0x00002084       0x98 ff.o
                0x00002084                f_mount
 .text.f_open   0x0000211c      0x354 ff.o
                0x0000211c                f_open
 .text.f_read   0x00002470      0x2b8 ff.o
                0x00002470                f_read
 .text.f_write  0x00002728      0x324 ff.o
                0x00002728                f_write
 .text.f_sync   0x00002a4c      0x11c ff.o
                0x00002a4c                f_sync
 .text.f_close  0x00002b68       0x44 ff.o
                0x00002b68                f_close
 .text.f_chdrive
                0x00002bac       0x3c ff.o
                0x00002bac                f_chdrive
 .text.f_chdir  0x00002be8       0xa4 ff.o
                0x00002be8                f_chdir
 .text.f_getcwd
                0x00002c8c      0x220 ff.o
                0x00002c8c                f_getcwd
 .text.f_lseek  0x00002eac      0x2a4 ff.o
                0x00002eac                f_lseek
 .text.f_opendir
                0x00003150       0xc4 ff.o
                0x00003150                f_opendir
 .text.f_closedir
                0x00003214       0x34 ff.o
                0x00003214                f_closedir
 .text.f_readdir
                0x00003248       0x88 ff.o
                0x00003248                f_readdir
 .text.f_findnext
                0x000032d0       0x5c ff.o
                0x000032d0                f_findnext
 .text.f_findfirst
                0x0000332c       0x40 ff.o
                0x0000332c                f_findfirst
 .text.f_stat   0x0000336c       0x80 ff.o
                0x0000336c                f_stat
 .text.f_getfree
                0x000033ec      0x198 ff.o
                0x000033ec                f_getfree
 .text.f_truncate
                0x00003584      0x148 ff.o
                0x00003584                f_truncate
 .text.f_unlink
                0x000036cc      0x18c ff.o
                0x000036cc                f_unlink
 .text.f_mkdir  0x00003858      0x1f8 ff.o
                0x00003858                f_mkdir
 .text.f_rename
                0x00003a50      0x228 ff.o
                0x00003a50                f_rename
 .text.f_chmod  0x00003c78       0xd0 ff.o
                0x00003c78                f_chmod
 .text.f_utime  0x00003d48       0xb4 ff.o
                0x00003d48                f_utime
 .text.f_getlabel
                0x00003dfc      0x164 ff.o
                0x00003dfc                f_getlabel
 .text.f_setlabel
                0x00003f60      0x270 ff.o
                0x00003f60                f_setlabel
 .text.f_mkfs   0x000041d0      0x9d8 ff.o
                0x000041d0                f_mkfs
 .text.f_gets   0x00004ba8       0x8c ff.o
                0x00004ba8                f_gets
 .text.putc_bfd
                0x00004c34       0x80 ff.o
 .text.putc_flush
                0x00004cb4       0x50 ff.o
 .text.putc_init
                0x00004d04       0x28 ff.o
 .text.f_putc   0x00004d2c       0x3c ff.o
                0x00004d2c                f_putc
 .text.f_puts   0x00004d68       0x50 ff.o
                0x00004d68                f_puts
 .text.f_printf
                0x00004db8      0x524 ff.o
                0x00004db8                f_printf
 .text          0x000052dc        0x0 ffunicode.o
 .text          0x000052dc        0x0 main.o
 .text.main     0x000052dc      0x118 main.o
                0x000052dc                main
 .text          0x000053f4        0x0 mmc_176x_ssp.o
 .text.xchg_spi
                0x000053f4       0x44 mmc_176x_ssp.o
 .text.rcvr_spi_multi
                0x00005438      0x134 mmc_176x_ssp.o
 .text.xmit_spi_multi
                0x0000556c      0x134 mmc_176x_ssp.o
 .text.wait_ready
                0x000056a0       0x48 mmc_176x_ssp.o
 .text.deselect
                0x000056e8       0x1c mmc_176x_ssp.o
 .text.select   0x00005704       0x3c mmc_176x_ssp.o
 .text.power_on
                0x00005740      0x100 mmc_176x_ssp.o
 .text.power_off
                0x00005840       0x10 mmc_176x_ssp.o
 .text.rcvr_datablock
                0x00005850       0x6c mmc_176x_ssp.o
 .text.xmit_datablock
                0x000058bc       0x74 mmc_176x_ssp.o
 .text.send_cmd
                0x00005930       0xfc mmc_176x_ssp.o
 .text.disk_initialize
                0x00005a2c      0x25c mmc_176x_ssp.o
                0x00005a2c                disk_initialize
 .text.disk_status
                0x00005c88       0x30 mmc_176x_ssp.o
                0x00005c88                disk_status
 .text.disk_read
                0x00005cb8       0xd0 mmc_176x_ssp.o
                0x00005cb8                disk_read
 .text.disk_write
                0x00005d88      0x128 mmc_176x_ssp.o
                0x00005d88                disk_write
 .text.disk_ioctl
                0x00005eb0      0x578 mmc_176x_ssp.o
                0x00005eb0                disk_ioctl
 .text.disk_timerproc
                0x00006428       0xa4 mmc_176x_ssp.o
                0x00006428                disk_timerproc
 .text          0x000064cc        0x0 rtc176x.o
 .text.rtc_initialize
                0x000064cc       0x38 rtc176x.o
                0x000064cc                rtc_initialize
 .text.rtc_gettime
                0x00006504      0x11c rtc176x.o
                0x00006504                rtc_gettime
 .text.rtc_settime
                0x00006620       0xa4 rtc176x.o
                0x00006620                rtc_settime
 .text          0x000066c4        0x0 serial.o
 .text.serial_init
                0x000066c4       0x90 serial.o
                0x000066c4                serial_init
 .text.write_usb_serial_blocking
                0x00006754       0x2c serial.o
                0x00006754                write_usb_serial_blocking
 .text          0x00006780        0x0 sound.o
 .text.TIMER3_IRQHandler
                0x00006780      0x20c sound.o
                0x00006780                TIMER3_IRQHandler
 .text.sound_start
                0x0000698c      0x20c sound.o
                0x0000698c                sound_start
 .text.sound_stop
                0x00006b98       0xd4 sound.o
                0x00006b98                sound_stop
 .text.load_wav
                0x00006c6c      0x640 sound.o
                0x00006c6c                load_wav
 .text          0x000072ac        0x0 startup176x.o
 .text.Reset_Handler
                0x000072ac      0x14c startup176x.o
                0x000072ac                Reset_Handler
 .text.Exception_Trap
                0x000073f8        0x8 startup176x.o
                0x000073f8                DebugMon_Handler
                0x000073f8                SysTick_Handler
                0x000073f8                PendSV_Handler
                0x000073f8                NMI_Handler
                0x000073f8                UsageFault_Handler
                0x000073f8                Exception_Trap
                0x000073f8                MemManage_Handler
                0x000073f8                HardFault_Hander
                0x000073f8                BusFault_Handler
 .text.IRQ_Trap
                0x00007400        0x8 startup176x.o
                0x00007400                TIMER2_IRQHandler
                0x00007400                RIT_IRQHandler
                0x00007400                I2C0_IRQHandler
                0x00007400                PWM1_IRQHandler
                0x00007400                I2C1_IRQHandler
                0x00007400                EINT2_IRQHandler
                0x00007400                UART1_IRQHandler
                0x00007400                EINT3_IRQHandler
                0x00007400                PLL0_IRQHandler
                0x00007400                CAN_IRQHandler
                0x00007400                PLL1_IRQHandler
                0x00007400                SSP0_IRQHandler
                0x00007400                I2S_IRQHandler
                0x00007400                I2C2_IRQHandler
                0x00007400                RTC_IRQHandler
                0x00007400                TIMER0_IRQHandler
                0x00007400                SPI_IRQHandler
                0x00007400                EINT1_IRQHandler
                0x00007400                TIMER1_IRQHandler
                0x00007400                ETHER_IRQHandler
                0x00007400                UART2_IRQHandler
                0x00007400                ADC_IRQHandler
                0x00007400                SSP1_IRQHandler
                0x00007400                GPDMA_IRQHandler
                0x00007400                USB_IRQHandler
                0x00007400                BOD_IRQHandler
                0x00007400                WDT_IRQHandler
                0x00007400                QEI_IRQHandler
                0x00007400                IRQ_Trap
                0x00007400                EINT0_IRQHandler
                0x00007400                USBACT_IRQHandler
                0x00007400                CANACT_IRQHandler
                0x00007400                UART3_IRQHandler
                0x00007400                MCPWM_IRQHandler
 .text.SVC_Handler
                0x00007408        0x8 startup176x.o
                0x00007408                SVC_Handler
 .text          0x00007410        0x0 uart176x.o
 .text.UART0_IRQHandler
                0x00007410      0x198 uart176x.o
                0x00007410                UART0_IRQHandler
 .text.uart0_test
                0x000075a8       0x18 uart176x.o
                0x000075a8                uart0_test
 .text.uart0_getc
                0x000075c0       0x8c uart176x.o
                0x000075c0                uart0_getc
 .text.uart0_putc
                0x0000764c       0xbc uart176x.o
                0x0000764c                uart0_putc
 .text.uart0_init
                0x00007708      0x160 uart176x.o
                0x00007708                uart0_init
 .text          0x00007868        0x0 xprintf.o
 .text.xputc    0x00007868       0x6c xprintf.o
                0x00007868                xputc
 .text.xputs    0x000078d4       0x2c xprintf.o
                0x000078d4                xputs
 .text.xfputs   0x00007900       0x54 xprintf.o
                0x00007900                xfputs
 .text.xvprintf
                0x00007954      0x394 xprintf.o
 .text.xprintf  0x00007ce8       0x24 xprintf.o
                0x00007ce8                xprintf
 .text.xsprintf
                0x00007d0c       0x50 xprintf.o
                0x00007d0c                xsprintf
 .text.xfprintf
                0x00007d5c       0x4c xprintf.o
                0x00007d5c                xfprintf
 .text.put_dump
                0x00007da8      0x120 xprintf.o
                0x00007da8                put_dump
 .text.xgets    0x00007ec8       0xd0 xprintf.o
                0x00007ec8                xgets
 .text.xfgets   0x00007f98       0x48 xprintf.o
                0x00007f98                xfgets
 .text.xatoi    0x00007fe0      0x184 xprintf.o
                0x00007fe0                xatoi
 .text          0x00008164        0x0 /opt/york/cs/net/lpc1700-cmsis-lite-2011.01.26-i686-1/lib/core_cm3.o
 .text          0x00008164        0x0 /opt/york/cs/net/lpc1700-cmsis-lite-2011.01.26-i686-1/lib/system_LPC17xx.o
 .text.SystemCoreClockUpdate
                0x00008164      0x228 /opt/york/cs/net/lpc1700-cmsis-lite-2011.01.26-i686-1/lib/system_LPC17xx.o
                0x00008164                SystemCoreClockUpdate
 .text.SystemInit
                0x0000838c      0x240 /opt/york/cs/net/lpc1700-cmsis-lite-2011.01.26-i686-1/lib/system_LPC17xx.o
                0x0000838c                SystemInit
 .text          0x000085cc       0x14 /opt/york/cs/net/lpc1700-cmsis-lite-2011.01.26-i686-1/lib/startup_LPC17xx.o
                0x000085ce                HardFault_Handler
                0x000085de                USBActivity_IRQHandler
                0x000085de                CANActivity_IRQHandler
                0x000085de                Default_Handler
                0x000085de                DMA_IRQHandler
                0x000085de                ENET_IRQHandler
 .text          0x000085e0       0x30 /opt/york/cs/net/sourcery-g++-lite-arm-eabi-2010.09.51-i686-1/arm-none-eabi/lib/thumb2/libcs3.a(start_c.o)
                0x000085e0                __cs3_premain
 .text.cs3.init
                0x00008610       0x50 /opt/york/cs/net/sourcery-g++-lite-arm-eabi-2010.09.51-i686-1/arm-none-eabi/lib/thumb2/libcs3.a(start_c.o)
                0x00008610                __cs3_start_c
 .text          0x00008660        0x0 /opt/york/cs/net/sourcery-g++-lite-arm-eabi-2010.09.51-i686-1/arm-none-eabi/lib/thumb2/libcs3unhosted.a(unhosted-start.o)
 .text.cs3.init
                0x00008660       0x10 /opt/york/cs/net/sourcery-g++-lite-arm-eabi-2010.09.51-i686-1/arm-none-eabi/lib/thumb2/libcs3unhosted.a(unhosted-start.o)
                0x00008660                _start
 .text          0x00008670       0x50 /opt/york/cs/net/sourcery-g++-lite-arm-eabi-2010.09.51-i686-1/arm-none-eabi/lib/thumb2/libc.a(lib_a-init.o)
                0x00008670                __libc_init_array
 .text          0x000086c0        0x0 /opt/york/cs/net/lpc1700-cmsis-lite-2011.01.26-i686-1/lib/libDriversLPC17xxgnu.a(lpc17xx_pinsel.o)
 .text.set_PinFunc
                0x000086c0       0xa0 /opt/york/cs/net/lpc1700-cmsis-lite-2011.01.26-i686-1/lib/libDriversLPC17xxgnu.a(lpc17xx_pinsel.o)
 .text.set_ResistorMode
                0x00008760       0xa0 /opt/york/cs/net/lpc1700-cmsis-lite-2011.01.26-i686-1/lib/libDriversLPC17xxgnu.a(lpc17xx_pinsel.o)
 .text.set_OpenDrainMode
                0x00008800       0x80 /opt/york/cs/net/lpc1700-cmsis-lite-2011.01.26-i686-1/lib/libDriversLPC17xxgnu.a(lpc17xx_pinsel.o)
 .text.PINSEL_ConfigTraceFunc
                0x00008880       0x54 /opt/york/cs/net/lpc1700-cmsis-lite-2011.01.26-i686-1/lib/libDriversLPC17xxgnu.a(lpc17xx_pinsel.o)
                0x00008880                PINSEL_ConfigTraceFunc
 .text.PINSEL_SetI2C0Pins
                0x000088d4       0x3c /opt/york/cs/net/lpc1700-cmsis-lite-2011.01.26-i686-1/lib/libDriversLPC17xxgnu.a(lpc17xx_pinsel.o)
                0x000088d4                PINSEL_SetI2C0Pins
 .text.PINSEL_ConfigPin
                0x00008910       0x54 /opt/york/cs/net/lpc1700-cmsis-lite-2011.01.26-i686-1/lib/libDriversLPC17xxgnu.a(lpc17xx_pinsel.o)
                0x00008910                PINSEL_ConfigPin
 .text          0x00008964        0x0 /opt/york/cs/net/lpc1700-cmsis-lite-2011.01.26-i686-1/lib/libDriversLPC17xxgnu.a(lpc17xx_uart.o)
 .text.uart_set_divisors
                0x00008964      0x26c /opt/york/cs/net/lpc1700-cmsis-lite-2011.01.26-i686-1/lib/libDriversLPC17xxgnu.a(lpc17xx_uart.o)
 .text.UART_Init
                0x00008bd0      0x368 /opt/york/cs/net/lpc1700-cmsis-lite-2011.01.26-i686-1/lib/libDriversLPC17xxgnu.a(lpc17xx_uart.o)
                0x00008bd0                UART_Init
 .text.UART_DeInit
                0x00008f38       0xcc /opt/york/cs/net/lpc1700-cmsis-lite-2011.01.26-i686-1/lib/libDriversLPC17xxgnu.a(lpc17xx_uart.o)
                0x00008f38                UART_DeInit
 .text.UART_ConfigStructInit
                0x00009004       0x34 /opt/york/cs/net/lpc1700-cmsis-lite-2011.01.26-i686-1/lib/libDriversLPC17xxgnu.a(lpc17xx_uart.o)
                0x00009004                UART_ConfigStructInit
 .text.UART_SendByte
                0x00009038       0x78 /opt/york/cs/net/lpc1700-cmsis-lite-2011.01.26-i686-1/lib/libDriversLPC17xxgnu.a(lpc17xx_uart.o)
                0x00009038                UART_SendByte
 .text.UART_ReceiveByte
                0x000090b0       0x78 /opt/york/cs/net/lpc1700-cmsis-lite-2011.01.26-i686-1/lib/libDriversLPC17xxgnu.a(lpc17xx_uart.o)
                0x000090b0                UART_ReceiveByte
 .text.UART_Send
                0x00009128      0x10c /opt/york/cs/net/lpc1700-cmsis-lite-2011.01.26-i686-1/lib/libDriversLPC17xxgnu.a(lpc17xx_uart.o)
                0x00009128                UART_Send
 .text.UART_Receive
                0x00009234       0xd8 /opt/york/cs/net/lpc1700-cmsis-lite-2011.01.26-i686-1/lib/libDriversLPC17xxgnu.a(lpc17xx_uart.o)
                0x00009234                UART_Receive
 .text.UART_ForceBreak
                0x0000930c       0x88 /opt/york/cs/net/lpc1700-cmsis-lite-2011.01.26-i686-1/lib/libDriversLPC17xxgnu.a(lpc17xx_uart.o)
                0x0000930c                UART_ForceBreak
 .text.UART_IntConfig
                0x00009394      0x1d0 /opt/york/cs/net/lpc1700-cmsis-lite-2011.01.26-i686-1/lib/libDriversLPC17xxgnu.a(lpc17xx_uart.o)
                0x00009394                UART_IntConfig
 .text.UART_GetLineStatus
                0x00009564       0x7c /opt/york/cs/net/lpc1700-cmsis-lite-2011.01.26-i686-1/lib/libDriversLPC17xxgnu.a(lpc17xx_uart.o)
                0x00009564                UART_GetLineStatus
 .text.UART_GetIntId
                0x000095e0       0x68 /opt/york/cs/net/lpc1700-cmsis-lite-2011.01.26-i686-1/lib/libDriversLPC17xxgnu.a(lpc17xx_uart.o)
                0x000095e0                UART_GetIntId
 .text.UART_CheckBusy
                0x00009648       0x2c /opt/york/cs/net/lpc1700-cmsis-lite-2011.01.26-i686-1/lib/libDriversLPC17xxgnu.a(lpc17xx_uart.o)
                0x00009648                UART_CheckBusy
 .text.UART_FIFOConfig
                0x00009674      0x184 /opt/york/cs/net/lpc1700-cmsis-lite-2011.01.26-i686-1/lib/libDriversLPC17xxgnu.a(lpc17xx_uart.o)
                0x00009674                UART_FIFOConfig
 .text.UART_FIFOConfigStructInit
                0x000097f8       0x34 /opt/york/cs/net/lpc1700-cmsis-lite-2011.01.26-i686-1/lib/libDriversLPC17xxgnu.a(lpc17xx_uart.o)
                0x000097f8                UART_FIFOConfigStructInit
 .text.UART_ABCmd
                0x0000982c      0x15c /opt/york/cs/net/lpc1700-cmsis-lite-2011.01.26-i686-1/lib/libDriversLPC17xxgnu.a(lpc17xx_uart.o)
                0x0000982c                UART_ABCmd
 .text.UART_ABClearIntPending
                0x00009988       0x88 /opt/york/cs/net/lpc1700-cmsis-lite-2011.01.26-i686-1/lib/libDriversLPC17xxgnu.a(lpc17xx_uart.o)
                0x00009988                UART_ABClearIntPending
 .text.UART_TxCmd
                0x00009a10       0xe8 /opt/york/cs/net/lpc1700-cmsis-lite-2011.01.26-i686-1/lib/libDriversLPC17xxgnu.a(lpc17xx_uart.o)
                0x00009a10                UART_TxCmd
 .text.UART_IrDAInvtInputCmd
                0x00009af8       0x84 /opt/york/cs/net/lpc1700-cmsis-lite-2011.01.26-i686-1/lib/libDriversLPC17xxgnu.a(lpc17xx_uart.o)
                0x00009af8                UART_IrDAInvtInputCmd
 .text.UART_IrDACmd
                0x00009b7c       0x80 /opt/york/cs/net/lpc1700-cmsis-lite-2011.01.26-i686-1/lib/libDriversLPC17xxgnu.a(lpc17xx_uart.o)
                0x00009b7c                UART_IrDACmd
 .text.UART_IrDAPulseDivConfig
                0x00009bfc       0xac /opt/york/cs/net/lpc1700-cmsis-lite-2011.01.26-i686-1/lib/libDriversLPC17xxgnu.a(lpc17xx_uart.o)
                0x00009bfc                UART_IrDAPulseDivConfig
 .text.UART_FullModemForcePinState
                0x00009ca8       0xcc /opt/york/cs/net/lpc1700-cmsis-lite-2011.01.26-i686-1/lib/libDriversLPC17xxgnu.a(lpc17xx_uart.o)
                0x00009ca8                UART_FullModemForcePinState
 .text.UART_FullModemConfigMode
                0x00009d74       0xd8 /opt/york/cs/net/lpc1700-cmsis-lite-2011.01.26-i686-1/lib/libDriversLPC17xxgnu.a(lpc17xx_uart.o)
                0x00009d74                UART_FullModemConfigMode
 .text.UART_FullModemGetStatus
                0x00009e4c       0x38 /opt/york/cs/net/lpc1700-cmsis-lite-2011.01.26-i686-1/lib/libDriversLPC17xxgnu.a(lpc17xx_uart.o)
                0x00009e4c                UART_FullModemGetStatus
 .text.UART_RS485Config
                0x00009e84      0x1bc /opt/york/cs/net/lpc1700-cmsis-lite-2011.01.26-i686-1/lib/libDriversLPC17xxgnu.a(lpc17xx_uart.o)
                0x00009e84                UART_RS485Config
 .text.UART_RS485ReceiverCmd
                0x0000a040       0x48 /opt/york/cs/net/lpc1700-cmsis-lite-2011.01.26-i686-1/lib/libDriversLPC17xxgnu.a(lpc17xx_uart.o)
                0x0000a040                UART_RS485ReceiverCmd
 .text.UART_RS485Send
                0x0000a088       0x84 /opt/york/cs/net/lpc1700-cmsis-lite-2011.01.26-i686-1/lib/libDriversLPC17xxgnu.a(lpc17xx_uart.o)
                0x0000a088                UART_RS485Send
 .text.UART_RS485SendSlvAddr
                0x0000a10c       0x28 /opt/york/cs/net/lpc1700-cmsis-lite-2011.01.26-i686-1/lib/libDriversLPC17xxgnu.a(lpc17xx_uart.o)
                0x0000a10c                UART_RS485SendSlvAddr
 .text.UART_RS485SendData
                0x0000a134       0x28 /opt/york/cs/net/lpc1700-cmsis-lite-2011.01.26-i686-1/lib/libDriversLPC17xxgnu.a(lpc17xx_uart.o)
                0x0000a134                UART_RS485SendData
 .text          0x0000a15c        0x0 /opt/york/cs/net/lpc1700-cmsis-lite-2011.01.26-i686-1/lib/libDriversLPC17xxgnu.a(lpc17xx_clkpwr.o)
 .text.CLKPWR_SetPCLKDiv
                0x0000a15c       0xd4 /opt/york/cs/net/lpc1700-cmsis-lite-2011.01.26-i686-1/lib/libDriversLPC17xxgnu.a(lpc17xx_clkpwr.o)
                0x0000a15c                CLKPWR_SetPCLKDiv
 .text.CLKPWR_GetPCLKSEL
                0x0000a230       0x54 /opt/york/cs/net/lpc1700-cmsis-lite-2011.01.26-i686-1/lib/libDriversLPC17xxgnu.a(lpc17xx_clkpwr.o)
                0x0000a230                CLKPWR_GetPCLKSEL
 .text.CLKPWR_GetPCLK
                0x0000a284       0x70 /opt/york/cs/net/lpc1700-cmsis-lite-2011.01.26-i686-1/lib/libDriversLPC17xxgnu.a(lpc17xx_clkpwr.o)
                0x0000a284                CLKPWR_GetPCLK
 .text.CLKPWR_ConfigPPWR
                0x0000a2f4       0x80 /opt/york/cs/net/lpc1700-cmsis-lite-2011.01.26-i686-1/lib/libDriversLPC17xxgnu.a(lpc17xx_clkpwr.o)
                0x0000a2f4                CLKPWR_ConfigPPWR
 .text.CLKPWR_Sleep
                0x0000a374       0x1c /opt/york/cs/net/lpc1700-cmsis-lite-2011.01.26-i686-1/lib/libDriversLPC17xxgnu.a(lpc17xx_clkpwr.o)
                0x0000a374                CLKPWR_Sleep
 .text.CLKPWR_DeepSleep
                0x0000a390       0x2c /opt/york/cs/net/lpc1700-cmsis-lite-2011.01.26-i686-1/lib/libDriversLPC17xxgnu.a(lpc17xx_clkpwr.o)
                0x0000a390                CLKPWR_DeepSleep
 .text.CLKPWR_PowerDown
                0x0000a3bc       0x2c /opt/york/cs/net/lpc1700-cmsis-lite-2011.01.26-i686-1/lib/libDriversLPC17xxgnu.a(lpc17xx_clkpwr.o)
                0x0000a3bc                CLKPWR_PowerDown
 .text.CLKPWR_DeepPowerDown
                0x0000a3e8       0x2c /opt/york/cs/net/lpc1700-cmsis-lite-2011.01.26-i686-1/lib/libDriversLPC17xxgnu.a(lpc17xx_clkpwr.o)
                0x0000a3e8                CLKPWR_DeepPowerDown
 .text          0x0000a414        0x0 /opt/york/cs/net/lpc1700-cmsis-lite-2011.01.26-i686-1/lib/libDriversLPC17xxgnu.a(lpc17xx_libcfg_default.o)
 .text.check_failed
                0x0000a414        0xc /opt/york/cs/net/lpc1700-cmsis-lite-2011.01.26-i686-1/lib/libDriversLPC17xxgnu.a(lpc17xx_libcfg_default.o)
                0x0000a414                check_failed
 .text          0x0000a420        0x0 /opt/york/cs/net/sourcery-g++-lite-arm-eabi-2010.09.51-i686-1/bin/../lib/gcc/arm-none-eabi/4.5.1/thumb2/crtend.o
 .text          0x0000a420        0x0 /opt/york/cs/net/sourcery-g++-lite-arm-eabi-2010.09.51-i686-1/bin/../lib/gcc/arm-none-eabi/4.5.1/thumb2/crtn.o
 *(.plt)
 *(.gnu.warning)
 *(.glue_7t)
 .glue_7t       0x00000000        0x0 linker stubs
 *(.glue_7)
 .glue_7        0x00000000        0x0 linker stubs
 *(.vfp11_veneer)
 .vfp11_veneer  0x00000000        0x0 linker stubs
 *(.rodata .rodata.* .gnu.linkonce.r.*)
 .rodata.DbcTbl
                0x0000a420        0xc ff.o
 .rodata        0x0000a42c       0x50 ff.o
 .rodata.cst32.1625
                0x0000a47c       0x10 ff.o
 .rodata.cst.1624
                0x0000a48c       0x10 ff.o
 .rodata.badchr.1608
                0x0000a49c       0x14 ff.o
 .rodata        0x0000a4b0       0x34 main.o
 .rodata        0x0000a4e4       0x70 sound.o
 .rodata        0x0000a554       0x20 xprintf.o
 .rodata        0x0000a574       0x10 /opt/york/cs/net/lpc1700-cmsis-lite-2011.01.26-i686-1/lib/libDriversLPC17xxgnu.a(lpc17xx_uart.o)
 *(.ARM.extab* .gnu.linkonce.armextab.*)
 .ARM.extab.cs3.reset
                0x0000a584        0x0 /opt/york/cs/net/lpc1700-cmsis-lite-2011.01.26-i686-1/lib/startup_LPC17xx.o
 *(.gcc_except_table)
 *(.eh_frame_hdr)
 *(.eh_frame)
                0x0000a584                . = ALIGN (0x4)
 *(.init)
 .init          0x0000a584        0x4 /opt/york/cs/net/sourcery-g++-lite-arm-eabi-2010.09.51-i686-1/bin/../lib/gcc/arm-none-eabi/4.5.1/thumb2/crti.o
                0x0000a584                _init
 .init          0x0000a588        0x8 /opt/york/cs/net/sourcery-g++-lite-arm-eabi-2010.09.51-i686-1/bin/../lib/gcc/arm-none-eabi/4.5.1/thumb2/crtn.o
                0x0000a590                . = ALIGN (0x4)
                0x0000a590                __preinit_array_start = .
 *(.preinit_array)
                0x0000a590                __preinit_array_end = .
                0x0000a590                . = ALIGN (0x4)
                0x0000a590                __init_array_start = .
 *(SORT(.init_array.*))
 *(.init_array)
 .init_array    0x0000a590        0x4 /opt/york/cs/net/sourcery-g++-lite-arm-eabi-2010.09.51-i686-1/bin/../lib/gcc/arm-none-eabi/4.5.1/thumb2/crtbegin.o
                0x0000a594                __init_array_end = .
                0x0000a594                . = ALIGN (0x4)
 *crtbegin.o(.ctors)
 *(EXCLUDE_FILE(*crtend.o) .ctors)
 *(SORT(.ctors.*))
 *crtend.o(.ctors)
                0x0000a594                . = ALIGN (0x4)
 *(.fini)
 .fini          0x0000a594        0x4 /opt/york/cs/net/sourcery-g++-lite-arm-eabi-2010.09.51-i686-1/bin/../lib/gcc/arm-none-eabi/4.5.1/thumb2/crti.o
                0x0000a594                _fini
 .fini          0x0000a598        0x8 /opt/york/cs/net/sourcery-g++-lite-arm-eabi-2010.09.51-i686-1/bin/../lib/gcc/arm-none-eabi/4.5.1/thumb2/crtn.o
                0x0000a5a0                . = ALIGN (0x4)
                0x0000a5a0                __fini_array_start = .
 *(.fini_array)
 .fini_array    0x0000a5a0        0x4 /opt/york/cs/net/sourcery-g++-lite-arm-eabi-2010.09.51-i686-1/bin/../lib/gcc/arm-none-eabi/4.5.1/thumb2/crtbegin.o
 *(SORT(.fini_array.*))
                0x0000a5a4                __fini_array_end = .
 *crtbegin.o(.dtors)
 *(EXCLUDE_FILE(*crtend.o) .dtors)
 *(SORT(.dtors.*))
 *crtend.o(.dtors)
                0x0000a5a4                . = ALIGN (0x4)
                0x0000a5a4                __cs3_regions = .
                0x0000a5a4        0x4 LONG 0x0
                0x0000a5a8        0x4 LONG 0xa690 __cs3_region_init_ram
                0x0000a5ac        0x4 LONG 0x10000000 __cs3_region_start_ram
                0x0000a5b0        0x4 LONG 0x10 __cs3_region_init_size_ram
                0x0000a5b4        0x4 LONG 0x940 __cs3_region_zero_size_ram
                0x0000a5b8                __exidx_start = .

.v4_bx          0x0000a5b8        0x0
 .v4_bx         0x00000000        0x0 linker stubs

.ARM.exidx      0x0000a5b8        0x8
 *(.ARM.exidx* .gnu.linkonce.armexidx.*)
 .ARM.exidx.cs3.reset
                0x0000a5b8        0x8 /opt/york/cs/net/lpc1700-cmsis-lite-2011.01.26-i686-1/lib/startup_LPC17xx.o
                0x0000a5c0                __exidx_end = .

.VECTOR         0x0000a5c0       0xcc
 .VECTOR        0x0000a5c0       0xcc startup176x.o
                0x0000a5c0                vector

.text.align     0x0000a68c        0x4
                0x0000a690                . = ALIGN (0x8)
 *fill*         0x0000a68c        0x4 00
                0x0000a690                _etext = .
                0x00080000                __cs3_region_size_rom = 0x80000
                0x00000001                __cs3_region_num = 0x1

.data           0x10000000       0x10 load address 0x0000a690
                0x10000000                __cs3_region_start_ram = .
 *(.cs3.region-head.ram)
 *(.jcr)
 .jcr           0x10000000        0x0 /opt/york/cs/net/sourcery-g++-lite-arm-eabi-2010.09.51-i686-1/bin/../lib/gcc/arm-none-eabi/4.5.1/thumb2/crtbegin.o
 .jcr           0x10000000        0x4 /opt/york/cs/net/sourcery-g++-lite-arm-eabi-2010.09.51-i686-1/bin/../lib/gcc/arm-none-eabi/4.5.1/thumb2/crtend.o
 *(.got.plt)
 *(.got)
 *(.shdata)
 *(.data .data.* .gnu.linkonce.d.*)
 .data          0x10000004        0x0 /opt/york/cs/net/sourcery-g++-lite-arm-eabi-2010.09.51-i686-1/bin/../lib/gcc/arm-none-eabi/4.5.1/thumb2/crti.o
 .data          0x10000004        0x4 /opt/york/cs/net/sourcery-g++-lite-arm-eabi-2010.09.51-i686-1/bin/../lib/gcc/arm-none-eabi/4.5.1/thumb2/crtbegin.o
                0x10000004                __dso_handle
 .data          0x10000008        0x0 crp.o
 .data          0x10000008        0x0 ff.o
 .data          0x10000008        0x0 ffunicode.o
 .data          0x10000008        0x0 main.o
 .data          0x10000008        0x0 mmc_176x_ssp.o
 .data.Stat     0x10000008        0x1 mmc_176x_ssp.o
 .data          0x10000009        0x0 rtc176x.o
 .data          0x10000009        0x0 serial.o
 .data          0x10000009        0x0 sound.o
 .data          0x10000009        0x0 startup176x.o
 .data          0x10000009        0x0 uart176x.o
 .data          0x10000009        0x0 xprintf.o
 .data          0x10000009        0x0 /opt/york/cs/net/lpc1700-cmsis-lite-2011.01.26-i686-1/lib/core_cm3.o
 .data          0x10000009        0x0 /opt/york/cs/net/lpc1700-cmsis-lite-2011.01.26-i686-1/lib/system_LPC17xx.o
 *fill*         0x10000009        0x3 00
 .data.SystemCoreClock
                0x1000000c        0x4 /opt/york/cs/net/lpc1700-cmsis-lite-2011.01.26-i686-1/lib/system_LPC17xx.o
                0x1000000c                SystemCoreClock
 .data          0x10000010        0x0 /opt/york/cs/net/lpc1700-cmsis-lite-2011.01.26-i686-1/lib/startup_LPC17xx.o
 .data          0x10000010        0x0 /opt/york/cs/net/sourcery-g++-lite-arm-eabi-2010.09.51-i686-1/arm-none-eabi/lib/thumb2/libcs3.a(start_c.o)
 .data          0x10000010        0x0 /opt/york/cs/net/sourcery-g++-lite-arm-eabi-2010.09.51-i686-1/arm-none-eabi/lib/thumb2/libcs3unhosted.a(unhosted-start.o)
 .data          0x10000010        0x0 /opt/york/cs/net/sourcery-g++-lite-arm-eabi-2010.09.51-i686-1/arm-none-eabi/lib/thumb2/libc.a(lib_a-init.o)
 .data          0x10000010        0x0 /opt/york/cs/net/lpc1700-cmsis-lite-2011.01.26-i686-1/lib/libDriversLPC17xxgnu.a(lpc17xx_pinsel.o)
 .data          0x10000010        0x0 /opt/york/cs/net/lpc1700-cmsis-lite-2011.01.26-i686-1/lib/libDriversLPC17xxgnu.a(lpc17xx_uart.o)
 .data          0x10000010        0x0 /opt/york/cs/net/lpc1700-cmsis-lite-2011.01.26-i686-1/lib/libDriversLPC17xxgnu.a(lpc17xx_clkpwr.o)
 .data          0x10000010        0x0 /opt/york/cs/net/lpc1700-cmsis-lite-2011.01.26-i686-1/lib/libDriversLPC17xxgnu.a(lpc17xx_libcfg_default.o)
 .data          0x10000010        0x0 /opt/york/cs/net/sourcery-g++-lite-arm-eabi-2010.09.51-i686-1/bin/../lib/gcc/arm-none-eabi/4.5.1/thumb2/crtend.o
 .data          0x10000010        0x0 /opt/york/cs/net/sourcery-g++-lite-arm-eabi-2010.09.51-i686-1/bin/../lib/gcc/arm-none-eabi/4.5.1/thumb2/crtn.o
 *(.ram)
                0x10000010                . = ALIGN (0x8)
                0x10000010                _edata = .

.CRP            0x10000010        0x4 load address 0x0000a6a0
 .CRP           0x10000010        0x4 crp.o
                0x10000010                _crp_magic

.STACK          0x10000018      0x800 load address 0x0000a6a4
 .STACK         0x10000018      0x800 startup176x.o
                0x10000018                mstk

.bss            0x10000818      0x138 load address 0x0000aea4
 *(.shbss)
 *(.bss .bss.* .gnu.linkonce.b.*)
 .bss           0x10000818        0x0 /opt/york/cs/net/sourcery-g++-lite-arm-eabi-2010.09.51-i686-1/bin/../lib/gcc/arm-none-eabi/4.5.1/thumb2/crti.o
 .bss           0x10000818        0x1 /opt/york/cs/net/sourcery-g++-lite-arm-eabi-2010.09.51-i686-1/bin/../lib/gcc/arm-none-eabi/4.5.1/thumb2/crtbegin.o
 .bss           0x10000819        0x0 crp.o
 .bss           0x10000819        0x0 ff.o
 *fill*         0x10000819        0x3 00
 .bss.FatFs     0x1000081c        0x4 ff.o
 .bss.Fsid      0x10000820        0x2 ff.o
 .bss.CurrVol   0x10000822        0x1 ff.o
 .bss           0x10000823        0x0 ffunicode.o
 .bss           0x10000823        0x0 main.o
 .bss           0x10000823        0x0 mmc_176x_ssp.o
 *fill*         0x10000823        0x1 00
 .bss.Timer1    0x10000824        0x4 mmc_176x_ssp.o
 .bss.Timer2    0x10000828        0x4 mmc_176x_ssp.o
 .bss.CardType  0x1000082c        0x1 mmc_176x_ssp.o
 .bss           0x1000082d        0x0 rtc176x.o
 .bss           0x1000082d        0x0 serial.o
 .bss           0x1000082d        0x0 sound.o
 *fill*         0x1000082d        0x3 00
 .bss.WavFifo   0x10000830        0x4 sound.o
 .bss           0x10000834        0x0 startup176x.o
 .bss           0x10000834        0x0 uart176x.o
 .bss.TxBuff0   0x10000834       0x88 uart176x.o
 .bss.RxBuff0   0x100008bc       0x88 uart176x.o
 .bss           0x10000944        0x0 xprintf.o
 .bss.outptr    0x10000944        0x4 xprintf.o
 .bss           0x10000948        0x0 /opt/york/cs/net/lpc1700-cmsis-lite-2011.01.26-i686-1/lib/core_cm3.o
 .bss           0x10000948        0x0 /opt/york/cs/net/lpc1700-cmsis-lite-2011.01.26-i686-1/lib/system_LPC17xx.o
 .bss           0x10000948        0x0 /opt/york/cs/net/lpc1700-cmsis-lite-2011.01.26-i686-1/lib/startup_LPC17xx.o
 .bss           0x10000948        0x0 /opt/york/cs/net/sourcery-g++-lite-arm-eabi-2010.09.51-i686-1/arm-none-eabi/lib/thumb2/libcs3.a(start_c.o)
 .bss           0x10000948        0x0 /opt/york/cs/net/sourcery-g++-lite-arm-eabi-2010.09.51-i686-1/arm-none-eabi/lib/thumb2/libcs3unhosted.a(unhosted-start.o)
 .bss           0x10000948        0x0 /opt/york/cs/net/sourcery-g++-lite-arm-eabi-2010.09.51-i686-1/arm-none-eabi/lib/thumb2/libc.a(lib_a-init.o)
 .bss           0x10000948        0x0 /opt/york/cs/net/lpc1700-cmsis-lite-2011.01.26-i686-1/lib/libDriversLPC17xxgnu.a(lpc17xx_pinsel.o)
 .bss           0x10000948        0x0 /opt/york/cs/net/lpc1700-cmsis-lite-2011.01.26-i686-1/lib/libDriversLPC17xxgnu.a(lpc17xx_uart.o)
 .bss           0x10000948        0x0 /opt/york/cs/net/lpc1700-cmsis-lite-2011.01.26-i686-1/lib/libDriversLPC17xxgnu.a(lpc17xx_clkpwr.o)
 .bss           0x10000948        0x0 /opt/york/cs/net/lpc1700-cmsis-lite-2011.01.26-i686-1/lib/libDriversLPC17xxgnu.a(lpc17xx_libcfg_default.o)
 .bss           0x10000948        0x0 /opt/york/cs/net/sourcery-g++-lite-arm-eabi-2010.09.51-i686-1/bin/../lib/gcc/arm-none-eabi/4.5.1/thumb2/crtend.o
 .bss           0x10000948        0x0 /opt/york/cs/net/sourcery-g++-lite-arm-eabi-2010.09.51-i686-1/bin/../lib/gcc/arm-none-eabi/4.5.1/thumb2/crtn.o
 *(COMMON)
 COMMON         0x10000948        0x8 xprintf.o
                0x10000948                xfunc_in
                0x1000094c                xfunc_out
 *(.ram.b)
                0x10000950                . = ALIGN (0x8)
                0x10000950                _end = .
                0x10000950                __end = .

.usb_ram
 *.o(USB_RAM)

.heap           0x10000950     0x1000
 *(.heap)
 .heap          0x10000950     0x1000 /opt/york/cs/net/lpc1700-cmsis-lite-2011.01.26-i686-1/lib/startup_LPC17xx.o
                0x10000950                __cs3_heap_start
                0x10001950                __cs3_heap_end

.stack          0x10007f00      0x100
 *(.stack)
 .stack         0x10007f00      0x100 /opt/york/cs/net/lpc1700-cmsis-lite-2011.01.26-i686-1/lib/startup_LPC17xx.o
                0x10007f00                __cs3_stack_mem
                0x10008000                _estack = .
                0x10008000                PROVIDE (estack, .)
                0x0000a690                __cs3_region_init_ram = LOADADDR (.data)
                0x00000010                __cs3_region_init_size_ram = (_edata - __cs3_region_start_ram)
                0x00000940                __cs3_region_zero_size_ram = (_end - _edata)
                0x00008000                __cs3_region_size_ram = 0x8000
                0x00000001                __cs3_region_num = 0x1

.stab
 *(.stab)

.stabstr
 *(.stabstr)

.debug
 *(.debug)

.line
 *(.line)

.debug_srcinfo
 *(.debug_srcinfo)

.debug_sfnames
 *(.debug_sfnames)

.comment        0x00000000       0x2a
 .comment       0x00000000       0x2a crp.o
                                 0x2b (size before relaxing)
 .comment       0x00000000       0x2b ff.o
 .comment       0x00000000       0x2b ffunicode.o
 .comment       0x00000000       0x2b main.o
 .comment       0x00000000       0x2b mmc_176x_ssp.o
 .comment       0x00000000       0x2b rtc176x.o
 .comment       0x00000000       0x2b serial.o
 .comment       0x00000000       0x2b sound.o
 .comment       0x00000000       0x2b startup176x.o
 .comment       0x00000000       0x2b uart176x.o
 .comment       0x00000000       0x2b xprintf.o
 .comment       0x00000000       0x2b /opt/york/cs/net/lpc1700-cmsis-lite-2011.01.26-i686-1/lib/core_cm3.o
 .comment       0x00000000       0x2b /opt/york/cs/net/lpc1700-cmsis-lite-2011.01.26-i686-1/lib/system_LPC17xx.o
 .comment       0x00000000       0x2b /opt/york/cs/net/lpc1700-cmsis-lite-2011.01.26-i686-1/lib/libDriversLPC17xxgnu.a(lpc17xx_pinsel.o)
 .comment       0x00000000       0x2b /opt/york/cs/net/lpc1700-cmsis-lite-2011.01.26-i686-1/lib/libDriversLPC17xxgnu.a(lpc17xx_uart.o)
 .comment       0x00000000       0x2b /opt/york/cs/net/lpc1700-cmsis-lite-2011.01.26-i686-1/lib/libDriversLPC17xxgnu.a(lpc17xx_clkpwr.o)
 .comment       0x00000000       0x2b /opt/york/cs/net/lpc1700-cmsis-lite-2011.01.26-i686-1/lib/libDriversLPC17xxgnu.a(lpc17xx_libcfg_default.o)

.debug_aranges  0x00000000      0x690
 *(.debug_aranges)
 .debug_aranges
                0x00000000      0x248 ff.o
 .debug_aranges
                0x00000248       0x20 main.o
 .debug_aranges
                0x00000268       0xa0 mmc_176x_ssp.o
 .debug_aranges
                0x00000308       0x30 rtc176x.o
 .debug_aranges
                0x00000338       0x28 serial.o
 .debug_aranges
                0x00000360       0x38 sound.o
 .debug_aranges
                0x00000398       0x38 startup176x.o
 .debug_aranges
                0x000003d0       0x40 uart176x.o
 .debug_aranges
                0x00000410       0x70 xprintf.o
 .debug_aranges
                0x00000480       0x28 /opt/york/cs/net/lpc1700-cmsis-lite-2011.01.26-i686-1/lib/system_LPC17xx.o
 .debug_aranges
                0x000004a8       0x28 /opt/york/cs/net/lpc1700-cmsis-lite-2011.01.26-i686-1/lib/startup_LPC17xx.o
 .debug_aranges
                0x000004d0       0x48 /opt/york/cs/net/lpc1700-cmsis-lite-2011.01.26-i686-1/lib/libDriversLPC17xxgnu.a(lpc17xx_pinsel.o)
 .debug_aranges
                0x00000518      0x100 /opt/york/cs/net/lpc1700-cmsis-lite-2011.01.26-i686-1/lib/libDriversLPC17xxgnu.a(lpc17xx_uart.o)
 .debug_aranges
                0x00000618       0x58 /opt/york/cs/net/lpc1700-cmsis-lite-2011.01.26-i686-1/lib/libDriversLPC17xxgnu.a(lpc17xx_clkpwr.o)
 .debug_aranges
                0x00000670       0x20 /opt/york/cs/net/lpc1700-cmsis-lite-2011.01.26-i686-1/lib/libDriversLPC17xxgnu.a(lpc17xx_libcfg_default.o)

.debug_pubnames
                0x00000000      0x87b
 *(.debug_pubnames)
 .debug_pubnames
                0x00000000       0x21 crp.o
 .debug_pubnames
                0x00000021      0x191 ff.o
 .debug_pubnames
                0x000001b2       0x1b main.o
 .debug_pubnames
                0x000001cd       0x75 mmc_176x_ssp.o
 .debug_pubnames
                0x00000242       0x45 rtc176x.o
 .debug_pubnames
                0x00000287       0x40 serial.o
 .debug_pubnames
                0x000002c7       0x54 sound.o
 .debug_pubnames
                0x0000031b       0x68 startup176x.o
 .debug_pubnames
                0x00000383       0x63 uart176x.o
 .debug_pubnames
                0x000003e6       0x9e xprintf.o
 .debug_pubnames
                0x00000484       0x4f /opt/york/cs/net/lpc1700-cmsis-lite-2011.01.26-i686-1/lib/system_LPC17xx.o
 .debug_pubnames
                0x000004d3       0x59 /opt/york/cs/net/lpc1700-cmsis-lite-2011.01.26-i686-1/lib/libDriversLPC17xxgnu.a(lpc17xx_pinsel.o)
 .debug_pubnames
                0x0000052c      0x271 /opt/york/cs/net/lpc1700-cmsis-lite-2011.01.26-i686-1/lib/libDriversLPC17xxgnu.a(lpc17xx_uart.o)
 .debug_pubnames
                0x0000079d       0xbb /opt/york/cs/net/lpc1700-cmsis-lite-2011.01.26-i686-1/lib/libDriversLPC17xxgnu.a(lpc17xx_clkpwr.o)
 .debug_pubnames
                0x00000858       0x23 /opt/york/cs/net/lpc1700-cmsis-lite-2011.01.26-i686-1/lib/libDriversLPC17xxgnu.a(lpc17xx_libcfg_default.o)

.debug_info     0x00000000     0x68f3
 *(.debug_info .gnu.linkonce.wi.*)
 .debug_info    0x00000000       0x3f crp.o
 .debug_info    0x0000003f     0x2584 ff.o
 .debug_info    0x000025c3       0x49 ffunicode.o
 .debug_info    0x0000260c      0x431 main.o
 .debug_info    0x00002a3d      0x60b mmc_176x_ssp.o
 .debug_info    0x00003048      0x1a1 rtc176x.o
 .debug_info    0x000031e9      0x4e4 serial.o
 .debug_info    0x000036cd      0x5cc sound.o
 .debug_info    0x00003c99      0x14b startup176x.o
 .debug_info    0x00003de4      0x23b uart176x.o
 .debug_info    0x0000401f      0x512 xprintf.o
 .debug_info    0x00004531       0x68 /opt/york/cs/net/lpc1700-cmsis-lite-2011.01.26-i686-1/lib/core_cm3.o
 .debug_info    0x00004599      0x509 /opt/york/cs/net/lpc1700-cmsis-lite-2011.01.26-i686-1/lib/system_LPC17xx.o
 .debug_info    0x00004aa2       0xc1 /opt/york/cs/net/lpc1700-cmsis-lite-2011.01.26-i686-1/lib/startup_LPC17xx.o
 .debug_info    0x00004b63      0x4b5 /opt/york/cs/net/lpc1700-cmsis-lite-2011.01.26-i686-1/lib/libDriversLPC17xxgnu.a(lpc17xx_pinsel.o)
 .debug_info    0x00005018     0x114d /opt/york/cs/net/lpc1700-cmsis-lite-2011.01.26-i686-1/lib/libDriversLPC17xxgnu.a(lpc17xx_uart.o)
 .debug_info    0x00006165      0x6c5 /opt/york/cs/net/lpc1700-cmsis-lite-2011.01.26-i686-1/lib/libDriversLPC17xxgnu.a(lpc17xx_clkpwr.o)
 .debug_info    0x0000682a       0xc9 /opt/york/cs/net/lpc1700-cmsis-lite-2011.01.26-i686-1/lib/libDriversLPC17xxgnu.a(lpc17xx_libcfg_default.o)

.debug_abbrev   0x00000000     0x1188
 *(.debug_abbrev)
 .debug_abbrev  0x00000000       0x30 crp.o
 .debug_abbrev  0x00000030      0x1a5 ff.o
 .debug_abbrev  0x000001d5       0x1f ffunicode.o
 .debug_abbrev  0x000001f4       0xff main.o
 .debug_abbrev  0x000002f3      0x1a5 mmc_176x_ssp.o
 .debug_abbrev  0x00000498       0xcf rtc176x.o
 .debug_abbrev  0x00000567      0x177 serial.o
 .debug_abbrev  0x000006de      0x138 sound.o
 .debug_abbrev  0x00000816       0xc6 startup176x.o
 .debug_abbrev  0x000008dc      0x106 uart176x.o
 .debug_abbrev  0x000009e2      0x182 xprintf.o
 .debug_abbrev  0x00000b64       0x28 /opt/york/cs/net/lpc1700-cmsis-lite-2011.01.26-i686-1/lib/core_cm3.o
 .debug_abbrev  0x00000b8c      0x102 /opt/york/cs/net/lpc1700-cmsis-lite-2011.01.26-i686-1/lib/system_LPC17xx.o
 .debug_abbrev  0x00000c8e       0x12 /opt/york/cs/net/lpc1700-cmsis-lite-2011.01.26-i686-1/lib/startup_LPC17xx.o
 .debug_abbrev  0x00000ca0      0x11d /opt/york/cs/net/lpc1700-cmsis-lite-2011.01.26-i686-1/lib/libDriversLPC17xxgnu.a(lpc17xx_pinsel.o)
 .debug_abbrev  0x00000dbd      0x1ce /opt/york/cs/net/lpc1700-cmsis-lite-2011.01.26-i686-1/lib/libDriversLPC17xxgnu.a(lpc17xx_uart.o)
 .debug_abbrev  0x00000f8b      0x195 /opt/york/cs/net/lpc1700-cmsis-lite-2011.01.26-i686-1/lib/libDriversLPC17xxgnu.a(lpc17xx_clkpwr.o)
 .debug_abbrev  0x00001120       0x68 /opt/york/cs/net/lpc1700-cmsis-lite-2011.01.26-i686-1/lib/libDriversLPC17xxgnu.a(lpc17xx_libcfg_default.o)

.debug_line     0x00000000     0x3730
 *(.debug_line)
 .debug_line    0x00000000       0x26 crp.o
 .debug_line    0x00000026     0x15ba ff.o
 .debug_line    0x000015e0       0x1d ffunicode.o
 .debug_line    0x000015fd       0x5a main.o
 .debug_line    0x00001657      0x4f8 mmc_176x_ssp.o
 .debug_line    0x00001b4f      0x110 rtc176x.o
 .debug_line    0x00001c5f      0x15e serial.o
 .debug_line    0x00001dbd      0x29c sound.o
 .debug_line    0x00002059      0x11e startup176x.o
 .debug_line    0x00002177      0x161 uart176x.o
 .debug_line    0x000022d8      0x3a0 xprintf.o
 .debug_line    0x00002678       0x1d /opt/york/cs/net/lpc1700-cmsis-lite-2011.01.26-i686-1/lib/core_cm3.o
 .debug_line    0x00002695      0x1e4 /opt/york/cs/net/lpc1700-cmsis-lite-2011.01.26-i686-1/lib/system_LPC17xx.o
 .debug_line    0x00002879       0xb1 /opt/york/cs/net/lpc1700-cmsis-lite-2011.01.26-i686-1/lib/startup_LPC17xx.o
 .debug_line    0x0000292a      0x220 /opt/york/cs/net/lpc1700-cmsis-lite-2011.01.26-i686-1/lib/libDriversLPC17xxgnu.a(lpc17xx_pinsel.o)
 .debug_line    0x00002b4a      0x888 /opt/york/cs/net/lpc1700-cmsis-lite-2011.01.26-i686-1/lib/libDriversLPC17xxgnu.a(lpc17xx_uart.o)
 .debug_line    0x000033d2      0x29a /opt/york/cs/net/lpc1700-cmsis-lite-2011.01.26-i686-1/lib/libDriversLPC17xxgnu.a(lpc17xx_clkpwr.o)
 .debug_line    0x0000366c       0xc4 /opt/york/cs/net/lpc1700-cmsis-lite-2011.01.26-i686-1/lib/libDriversLPC17xxgnu.a(lpc17xx_libcfg_default.o)

.debug_frame    0x00000000     0x14b0
 *(.debug_frame)
 .debug_frame   0x00000000      0x8a8 ff.o
 .debug_frame   0x000008a8       0x30 main.o
 .debug_frame   0x000008d8      0x208 mmc_176x_ssp.o
 .debug_frame   0x00000ae0       0x60 rtc176x.o
 .debug_frame   0x00000b40       0x50 serial.o
 .debug_frame   0x00000b90       0x88 sound.o
 .debug_frame   0x00000c18       0x68 startup176x.o
 .debug_frame   0x00000c80       0x94 uart176x.o
 .debug_frame   0x00000d14      0x184 xprintf.o
 .debug_frame   0x00000e98       0x40 /opt/york/cs/net/lpc1700-cmsis-lite-2011.01.26-i686-1/lib/system_LPC17xx.o
 .debug_frame   0x00000ed8       0x40 /opt/york/cs/net/sourcery-g++-lite-arm-eabi-2010.09.51-i686-1/arm-none-eabi/lib/thumb2/libcs3.a(start_c.o)
 .debug_frame   0x00000f18       0x2c /opt/york/cs/net/sourcery-g++-lite-arm-eabi-2010.09.51-i686-1/arm-none-eabi/lib/thumb2/libc.a(lib_a-init.o)
 .debug_frame   0x00000f44       0xbc /opt/york/cs/net/lpc1700-cmsis-lite-2011.01.26-i686-1/lib/libDriversLPC17xxgnu.a(lpc17xx_pinsel.o)
 .debug_frame   0x00001000      0x3a0 /opt/york/cs/net/lpc1700-cmsis-lite-2011.01.26-i686-1/lib/libDriversLPC17xxgnu.a(lpc17xx_uart.o)
 .debug_frame   0x000013a0       0xe4 /opt/york/cs/net/lpc1700-cmsis-lite-2011.01.26-i686-1/lib/libDriversLPC17xxgnu.a(lpc17xx_clkpwr.o)
 .debug_frame   0x00001484       0x2c /opt/york/cs/net/lpc1700-cmsis-lite-2011.01.26-i686-1/lib/libDriversLPC17xxgnu.a(lpc17xx_libcfg_default.o)

.debug_str      0x00000000     0x19fe
 *(.debug_str)
 .debug_str     0x00000000       0x40 crp.o
                                 0x52 (size before relaxing)
 .debug_str     0x00000040      0x675 ff.o
                                0x714 (size before relaxing)
 .debug_str     0x000006b5        0xc ffunicode.o
                                 0x80 (size before relaxing)
 .debug_str     0x000006c1       0x58 main.o
                                0x2e9 (size before relaxing)
 .debug_str     0x00000719      0x115 mmc_176x_ssp.o
                                0x234 (size before relaxing)
 .debug_str     0x0000082e       0x54 rtc176x.o
                                0x118 (size before relaxing)
 .debug_str     0x00000882      0x2f1 serial.o
                                0x3ca (size before relaxing)
 .debug_str     0x00000b73       0x75 sound.o
                                0x243 (size before relaxing)
 .debug_str     0x00000be8       0x4c startup176x.o
                                0x10d (size before relaxing)
 .debug_str     0x00000c34       0x58 uart176x.o
                                0x12a (size before relaxing)
 .debug_str     0x00000c8c       0x86 xprintf.o
                                0x12e (size before relaxing)
 .debug_str     0x00000d12       0x42 /opt/york/cs/net/lpc1700-cmsis-lite-2011.01.26-i686-1/lib/core_cm3.o
                                 0xd2 (size before relaxing)
 .debug_str     0x00000d54      0x1d9 /opt/york/cs/net/lpc1700-cmsis-lite-2011.01.26-i686-1/lib/system_LPC17xx.o
                                0x2d5 (size before relaxing)
 .debug_str     0x00000f2d      0x235 /opt/york/cs/net/lpc1700-cmsis-lite-2011.01.26-i686-1/lib/libDriversLPC17xxgnu.a(lpc17xx_pinsel.o)
                                0x359 (size before relaxing)
 .debug_str     0x00001162      0x7a8 /opt/york/cs/net/lpc1700-cmsis-lite-2011.01.26-i686-1/lib/libDriversLPC17xxgnu.a(lpc17xx_uart.o)
                                0xb32 (size before relaxing)
 .debug_str     0x0000190a       0xc4 /opt/york/cs/net/lpc1700-cmsis-lite-2011.01.26-i686-1/lib/libDriversLPC17xxgnu.a(lpc17xx_clkpwr.o)
                                0x380 (size before relaxing)
 .debug_str     0x000019ce       0x30 /opt/york/cs/net/lpc1700-cmsis-lite-2011.01.26-i686-1/lib/libDriversLPC17xxgnu.a(lpc17xx_libcfg_default.o)
                                0x107 (size before relaxing)

.debug_loc      0x00000000     0x2300
 *(.debug_loc)
 .debug_loc     0x00000000      0xf80 ff.o
 .debug_loc     0x00000f80       0x3a main.o
 .debug_loc     0x00000fba      0x388 mmc_176x_ssp.o
 .debug_loc     0x00001342       0x9c rtc176x.o
 .debug_loc     0x000013de       0x70 serial.o
 .debug_loc     0x0000144e       0xd6 sound.o
 .debug_loc     0x00001524       0x84 startup176x.o
 .debug_loc     0x000015a8      0x100 uart176x.o
 .debug_loc     0x000016a8      0x28e xprintf.o
 .debug_loc     0x00001936       0x58 /opt/york/cs/net/lpc1700-cmsis-lite-2011.01.26-i686-1/lib/system_LPC17xx.o
 .debug_loc     0x0000198e      0x150 /opt/york/cs/net/lpc1700-cmsis-lite-2011.01.26-i686-1/lib/libDriversLPC17xxgnu.a(lpc17xx_pinsel.o)
 .debug_loc     0x00001ade      0x65a /opt/york/cs/net/lpc1700-cmsis-lite-2011.01.26-i686-1/lib/libDriversLPC17xxgnu.a(lpc17xx_uart.o)
 .debug_loc     0x00002138      0x190 /opt/york/cs/net/lpc1700-cmsis-lite-2011.01.26-i686-1/lib/libDriversLPC17xxgnu.a(lpc17xx_clkpwr.o)
 .debug_loc     0x000022c8       0x38 /opt/york/cs/net/lpc1700-cmsis-lite-2011.01.26-i686-1/lib/libDriversLPC17xxgnu.a(lpc17xx_libcfg_default.o)

.debug_macinfo
 *(.debug_macinfo)

.debug_weaknames
 *(.debug_weaknames)

.debug_funcnames
 *(.debug_funcnames)

.debug_typenames
 *(.debug_typenames)

.debug_varnames
 *(.debug_varnames)

.note.gnu.arm.ident
 *(.note.gnu.arm.ident)

.ARM.attributes
                0x00000000       0x25
 *(.ARM.attributes)
 .ARM.attributes
                0x00000000       0x19 /opt/york/cs/net/sourcery-g++-lite-arm-eabi-2010.09.51-i686-1/bin/../lib/gcc/arm-none-eabi/4.5.1/thumb2/crti.o
 .ARM.attributes
                0x00000019       0x29 /opt/york/cs/net/sourcery-g++-lite-arm-eabi-2010.09.51-i686-1/bin/../lib/gcc/arm-none-eabi/4.5.1/thumb2/crtbegin.o
 .ARM.attributes
                0x00000042       0x31 crp.o
 .ARM.attributes
                0x00000073       0x31 ff.o
 .ARM.attributes
                0x000000a4       0x31 ffunicode.o
 .ARM.attributes
                0x000000d5       0x31 main.o
 .ARM.attributes
                0x00000106       0x31 mmc_176x_ssp.o
 .ARM.attributes
                0x00000137       0x31 rtc176x.o
 .ARM.attributes
                0x00000168       0x31 serial.o
 .ARM.attributes
                0x00000199       0x31 sound.o
 .ARM.attributes
                0x000001ca       0x31 startup176x.o
 .ARM.attributes
                0x000001fb       0x31 uart176x.o
 .ARM.attributes
                0x0000022c       0x31 xprintf.o
 .ARM.attributes
                0x0000025d       0x31 /opt/york/cs/net/lpc1700-cmsis-lite-2011.01.26-i686-1/lib/core_cm3.o
 .ARM.attributes
                0x0000028e       0x31 /opt/york/cs/net/lpc1700-cmsis-lite-2011.01.26-i686-1/lib/system_LPC17xx.o
 .ARM.attributes
                0x000002bf       0x21 /opt/york/cs/net/lpc1700-cmsis-lite-2011.01.26-i686-1/lib/startup_LPC17xx.o
 .ARM.attributes
                0x000002e0       0x29 /opt/york/cs/net/sourcery-g++-lite-arm-eabi-2010.09.51-i686-1/arm-none-eabi/lib/thumb2/libcs3.a(start_c.o)
 .ARM.attributes
                0x00000309       0x19 /opt/york/cs/net/sourcery-g++-lite-arm-eabi-2010.09.51-i686-1/arm-none-eabi/lib/thumb2/libcs3unhosted.a(unhosted-start.o)
 .ARM.attributes
                0x00000322       0x29 /opt/york/cs/net/sourcery-g++-lite-arm-eabi-2010.09.51-i686-1/arm-none-eabi/lib/thumb2/libc.a(lib_a-init.o)
 .ARM.attributes
                0x0000034b       0x31 /opt/york/cs/net/lpc1700-cmsis-lite-2011.01.26-i686-1/lib/libDriversLPC17xxgnu.a(lpc17xx_pinsel.o)
 .ARM.attributes
                0x0000037c       0x31 /opt/york/cs/net/lpc1700-cmsis-lite-2011.01.26-i686-1/lib/libDriversLPC17xxgnu.a(lpc17xx_uart.o)
 .ARM.attributes
                0x000003ad       0x31 /opt/york/cs/net/lpc1700-cmsis-lite-2011.01.26-i686-1/lib/libDriversLPC17xxgnu.a(lpc17xx_clkpwr.o)
 .ARM.attributes
                0x000003de       0x31 /opt/york/cs/net/lpc1700-cmsis-lite-2011.01.26-i686-1/lib/libDriversLPC17xxgnu.a(lpc17xx_libcfg_default.o)
 .ARM.attributes
                0x0000040f       0x29 /opt/york/cs/net/sourcery-g++-lite-arm-eabi-2010.09.51-i686-1/bin/../lib/gcc/arm-none-eabi/4.5.1/thumb2/crtend.o
 .ARM.attributes
                0x00000438       0x19 /opt/york/cs/net/sourcery-g++-lite-arm-eabi-2010.09.51-i686-1/bin/../lib/gcc/arm-none-eabi/4.5.1/thumb2/crtn.o

/DISCARD/
 *(.note.GNU-stack)
LOAD /opt/york/cs/net/lpc1700-cmsis-lite-2011.01.26-i686-1/lib/libDriversLPC17xxgnu.a
START GROUP
LOAD /opt/york/cs/net/sourcery-g++-lite-arm-eabi-2010.09.51-i686-1/bin/../lib/gcc/arm-none-eabi/4.5.1/thumb2/libgcc.a
LOAD /opt/york/cs/net/sourcery-g++-lite-arm-eabi-2010.09.51-i686-1/arm-none-eabi/lib/thumb2/libc.a
END GROUP
LOAD /opt/york/cs/net/sourcery-g++-lite-arm-eabi-2010.09.51-i686-1/bin/../lib/gcc/arm-none-eabi/4.5.1/thumb2/crtend.o
LOAD /opt/york/cs/net/sourcery-g++-lite-arm-eabi-2010.09.51-i686-1/bin/../lib/gcc/arm-none-eabi/4.5.1/thumb2/crtn.o
OUTPUT(bin/sd elf32-littlearm)

.debug_pubtypes
                0x00000000      0x7c8
 .debug_pubtypes
                0x00000000       0xda ff.o
 .debug_pubtypes
                0x000000da       0x12 ffunicode.o
 .debug_pubtypes
                0x000000ec       0x7a main.o
 .debug_pubtypes
                0x00000166       0x68 mmc_176x_ssp.o
 .debug_pubtypes
                0x000001ce       0x40 rtc176x.o
 .debug_pubtypes
                0x0000020e       0xf7 serial.o
 .debug_pubtypes
                0x00000305       0x93 sound.o
 .debug_pubtypes
                0x00000398       0x1f startup176x.o
 .debug_pubtypes
                0x000003b7       0x38 uart176x.o
 .debug_pubtypes
                0x000003ef       0x3f xprintf.o
 .debug_pubtypes
                0x0000042e       0x12 /opt/york/cs/net/lpc1700-cmsis-lite-2011.01.26-i686-1/lib/core_cm3.o
 .debug_pubtypes
                0x00000440       0x57 /opt/york/cs/net/lpc1700-cmsis-lite-2011.01.26-i686-1/lib/system_LPC17xx.o
 .debug_pubtypes
                0x00000497       0x76 /opt/york/cs/net/lpc1700-cmsis-lite-2011.01.26-i686-1/lib/libDriversLPC17xxgnu.a(lpc17xx_pinsel.o)
 .debug_pubtypes
                0x0000050d      0x225 /opt/york/cs/net/lpc1700-cmsis-lite-2011.01.26-i686-1/lib/libDriversLPC17xxgnu.a(lpc17xx_uart.o)
 .debug_pubtypes
                0x00000732       0x6b /opt/york/cs/net/lpc1700-cmsis-lite-2011.01.26-i686-1/lib/libDriversLPC17xxgnu.a(lpc17xx_clkpwr.o)
 .debug_pubtypes
                0x0000079d       0x2b /opt/york/cs/net/lpc1700-cmsis-lite-2011.01.26-i686-1/lib/libDriversLPC17xxgnu.a(lpc17xx_libcfg_default.o)

.debug_ranges   0x00000000      0x5a8
 .debug_ranges  0x00000000      0x238 ff.o
 .debug_ranges  0x00000238       0x10 main.o
 .debug_ranges  0x00000248       0x90 mmc_176x_ssp.o
 .debug_ranges  0x000002d8       0x20 rtc176x.o
 .debug_ranges  0x000002f8       0x18 serial.o
 .debug_ranges  0x00000310       0x28 sound.o
 .debug_ranges  0x00000338       0x28 startup176x.o
 .debug_ranges  0x00000360       0x30 uart176x.o
 .debug_ranges  0x00000390       0x60 xprintf.o
 .debug_ranges  0x000003f0       0x18 /opt/york/cs/net/lpc1700-cmsis-lite-2011.01.26-i686-1/lib/system_LPC17xx.o
 .debug_ranges  0x00000408       0x20 /opt/york/cs/net/lpc1700-cmsis-lite-2011.01.26-i686-1/lib/startup_LPC17xx.o
 .debug_ranges  0x00000428       0x38 /opt/york/cs/net/lpc1700-cmsis-lite-2011.01.26-i686-1/lib/libDriversLPC17xxgnu.a(lpc17xx_pinsel.o)
 .debug_ranges  0x00000460       0xf0 /opt/york/cs/net/lpc1700-cmsis-lite-2011.01.26-i686-1/lib/libDriversLPC17xxgnu.a(lpc17xx_uart.o)
 .debug_ranges  0x00000550       0x48 /opt/york/cs/net/lpc1700-cmsis-lite-2011.01.26-i686-1/lib/libDriversLPC17xxgnu.a(lpc17xx_clkpwr.o)
 .debug_ranges  0x00000598       0x10 /opt/york/cs/net/lpc1700-cmsis-lite-2011.01.26-i686-1/lib/libDriversLPC17xxgnu.a(lpc17xx_libcfg_default.o)
