Archive member included because of file (symbol)

/opt/york/cs/net/sourcery-g++-lite-arm-eabi-2010.09.51-i686-1/arm-none-eabi/lib/thumb2/libc.a(lib_a-printf.o)
                              main.o (printf)
/opt/york/cs/net/sourcery-g++-lite-arm-eabi-2010.09.51-i686-1/arm-none-eabi/lib/thumb2/libc.a(lib_a-vfprintf.o)
                              /opt/york/cs/net/sourcery-g++-lite-arm-eabi-2010.09.51-i686-1/arm-none-eabi/lib/thumb2/libc.a(lib_a-printf.o) (_vfprintf_r)
/opt/york/cs/net/sourcery-g++-lite-arm-eabi-2010.09.51-i686-1/arm-none-eabi/lib/thumb2/libc.a(lib_a-wsetup.o)
                              /opt/york/cs/net/sourcery-g++-lite-arm-eabi-2010.09.51-i686-1/arm-none-eabi/lib/thumb2/libc.a(lib_a-vfprintf.o) (__swsetup_r)
/opt/york/cs/net/sourcery-g++-lite-arm-eabi-2010.09.51-i686-1/arm-none-eabi/lib/thumb2/libc.a(lib_a-dtoa.o)
                              /opt/york/cs/net/sourcery-g++-lite-arm-eabi-2010.09.51-i686-1/arm-none-eabi/lib/thumb2/libc.a(lib_a-vfprintf.o) (_dtoa_r)
/opt/york/cs/net/sourcery-g++-lite-arm-eabi-2010.09.51-i686-1/arm-none-eabi/lib/thumb2/libc.a(lib_a-fflush.o)
                              /opt/york/cs/net/sourcery-g++-lite-arm-eabi-2010.09.51-i686-1/arm-none-eabi/lib/thumb2/libc.a(lib_a-vfprintf.o) (_fflush_r)
/opt/york/cs/net/sourcery-g++-lite-arm-eabi-2010.09.51-i686-1/arm-none-eabi/lib/thumb2/libc.a(lib_a-findfp.o)
                              /opt/york/cs/net/sourcery-g++-lite-arm-eabi-2010.09.51-i686-1/arm-none-eabi/lib/thumb2/libc.a(lib_a-printf.o) (__sinit)
/opt/york/cs/net/sourcery-g++-lite-arm-eabi-2010.09.51-i686-1/arm-none-eabi/lib/thumb2/libc.a(lib_a-freer.o)
                              /opt/york/cs/net/sourcery-g++-lite-arm-eabi-2010.09.51-i686-1/arm-none-eabi/lib/thumb2/libc.a(lib_a-wsetup.o) (_free_r)
/opt/york/cs/net/sourcery-g++-lite-arm-eabi-2010.09.51-i686-1/arm-none-eabi/lib/thumb2/libc.a(lib_a-fwalk.o)
                              /opt/york/cs/net/sourcery-g++-lite-arm-eabi-2010.09.51-i686-1/arm-none-eabi/lib/thumb2/libc.a(lib_a-findfp.o) (_fwalk)
/opt/york/cs/net/sourcery-g++-lite-arm-eabi-2010.09.51-i686-1/arm-none-eabi/lib/thumb2/libc.a(lib_a-impure.o)
                              /opt/york/cs/net/sourcery-g++-lite-arm-eabi-2010.09.51-i686-1/arm-none-eabi/lib/thumb2/libc.a(lib_a-printf.o) (_impure_ptr)
/opt/york/cs/net/sourcery-g++-lite-arm-eabi-2010.09.51-i686-1/arm-none-eabi/lib/thumb2/libc.a(lib_a-locale.o)
                              /opt/york/cs/net/sourcery-g++-lite-arm-eabi-2010.09.51-i686-1/arm-none-eabi/lib/thumb2/libc.a(lib_a-vfprintf.o) (_localeconv_r)
/opt/york/cs/net/sourcery-g++-lite-arm-eabi-2010.09.51-i686-1/arm-none-eabi/lib/thumb2/libc.a(lib_a-makebuf.o)
                              /opt/york/cs/net/sourcery-g++-lite-arm-eabi-2010.09.51-i686-1/arm-none-eabi/lib/thumb2/libc.a(lib_a-wsetup.o) (__smakebuf_r)
/opt/york/cs/net/sourcery-g++-lite-arm-eabi-2010.09.51-i686-1/arm-none-eabi/lib/thumb2/libc.a(lib_a-malloc.o)
                              /opt/york/cs/net/sourcery-g++-lite-arm-eabi-2010.09.51-i686-1/arm-none-eabi/lib/thumb2/libc.a(lib_a-dtoa.o) (malloc)
/opt/york/cs/net/sourcery-g++-lite-arm-eabi-2010.09.51-i686-1/arm-none-eabi/lib/thumb2/libc.a(lib_a-mallocr.o)
                              /opt/york/cs/net/sourcery-g++-lite-arm-eabi-2010.09.51-i686-1/arm-none-eabi/lib/thumb2/libc.a(lib_a-findfp.o) (_malloc_r)
/opt/york/cs/net/sourcery-g++-lite-arm-eabi-2010.09.51-i686-1/arm-none-eabi/lib/thumb2/libc.a(lib_a-memchr.o)
                              /opt/york/cs/net/sourcery-g++-lite-arm-eabi-2010.09.51-i686-1/arm-none-eabi/lib/thumb2/libc.a(lib_a-vfprintf.o) (memchr)
/opt/york/cs/net/sourcery-g++-lite-arm-eabi-2010.09.51-i686-1/arm-none-eabi/lib/thumb2/libc.a(lib_a-memcpy.o)
                              /opt/york/cs/net/sourcery-g++-lite-arm-eabi-2010.09.51-i686-1/arm-none-eabi/lib/thumb2/libc.a(lib_a-dtoa.o) (memcpy)
/opt/york/cs/net/sourcery-g++-lite-arm-eabi-2010.09.51-i686-1/arm-none-eabi/lib/thumb2/libc.a(lib_a-memset.o)
                              /opt/york/cs/net/sourcery-g++-lite-arm-eabi-2010.09.51-i686-1/arm-none-eabi/lib/thumb2/libc.a(lib_a-findfp.o) (memset)
/opt/york/cs/net/sourcery-g++-lite-arm-eabi-2010.09.51-i686-1/arm-none-eabi/lib/thumb2/libc.a(lib_a-mlock.o)
                              /opt/york/cs/net/sourcery-g++-lite-arm-eabi-2010.09.51-i686-1/arm-none-eabi/lib/thumb2/libc.a(lib_a-freer.o) (__malloc_lock)
/opt/york/cs/net/sourcery-g++-lite-arm-eabi-2010.09.51-i686-1/arm-none-eabi/lib/thumb2/libc.a(lib_a-mprec.o)
                              /opt/york/cs/net/sourcery-g++-lite-arm-eabi-2010.09.51-i686-1/arm-none-eabi/lib/thumb2/libc.a(lib_a-dtoa.o) (_Balloc)
/opt/york/cs/net/sourcery-g++-lite-arm-eabi-2010.09.51-i686-1/arm-none-eabi/lib/thumb2/libc.a(lib_a-s_fpclassify.o)
                              /opt/york/cs/net/sourcery-g++-lite-arm-eabi-2010.09.51-i686-1/arm-none-eabi/lib/thumb2/libc.a(lib_a-vfprintf.o) (__fpclassifyd)
[...]
Memory Configuration

Name             Origin             Length             Attributes
rom              0x00000000         0x00080000         xr
ram              0x10000000         0x00008000         xrw
ram1             0x2007c000         0x00004000         xrw
ram2             0x20080000         0x00004000         xrw
*default*        0x00000000         0xffffffff

Linker script and memory map

LOAD /opt/york/cs/net/sourcery-g++-lite-arm-eabi-2010.09.51-i686-1/bin/../lib/gcc/arm-none-eabi/4.5.1/thumb2/crti.o
LOAD /opt/york/cs/net/sourcery-g++-lite-arm-eabi-2010.09.51-i686-1/bin/../lib/gcc/arm-none-eabi/4.5.1/thumb2/crtbegin.o
LOAD crp.o
LOAD ff.o
LOAD ffunicode.o
LOAD main.o
LOAD mmc_176x_ssp.o
LOAD rtc176x.o
LOAD sound.o
LOAD startup176x.o
LOAD uart176x.o
LOAD xprintf.o
LOAD /opt/york/cs/net/lpc1700-cmsis-lite-2011.01.26-i686-1/lib/core_cm3.o
LOAD /opt/york/cs/net/lpc1700-cmsis-lite-2011.01.26-i686-1/lib/system_LPC17xx.o
LOAD /opt/york/cs/net/lpc1700-cmsis-lite-2011.01.26-i686-1/lib/startup_LPC17xx.o
START GROUP
LOAD /opt/york/cs/net/sourcery-g++-lite-arm-eabi-2010.09.51-i686-1/arm-none-eabi/lib/thumb2/libc.a
LOAD /opt/york/cs/net/sourcery-g++-lite-arm-eabi-2010.09.51-i686-1/arm-none-eabi/lib/thumb2/libg.a
LOAD /opt/york/cs/net/sourcery-g++-lite-arm-eabi-2010.09.51-i686-1/arm-none-eabi/lib/thumb2/libstdc++.a
LOAD /opt/york/cs/net/sourcery-g++-lite-arm-eabi-2010.09.51-i686-1/arm-none-eabi/lib/thumb2/libsupc++.a
LOAD /opt/york/cs/net/sourcery-g++-lite-arm-eabi-2010.09.51-i686-1/bin/../lib/gcc/arm-none-eabi/4.5.1/thumb2/libgcc.a
LOAD /opt/york/cs/net/sourcery-g++-lite-arm-eabi-2010.09.51-i686-1/arm-none-eabi/lib/thumb2/libm.a
END GROUP
START GROUP
LOAD /opt/york/cs/net/sourcery-g++-lite-arm-eabi-2010.09.51-i686-1/bin/../lib/gcc/arm-none-eabi/4.5.1/thumb2/libgcc.a
LOAD /opt/york/cs/net/sourcery-g++-lite-arm-eabi-2010.09.51-i686-1/arm-none-eabi/lib/thumb2/libc.a
LOAD /opt/york/cs/net/sourcery-g++-lite-arm-eabi-2010.09.51-i686-1/arm-none-eabi/lib/thumb2/libcs3.a
LOAD /opt/york/cs/net/sourcery-g++-lite-arm-eabi-2010.09.51-i686-1/arm-none-eabi/lib/thumb2/libcs3unhosted.a
LOAD /opt/york/cs/net/sourcery-g++-lite-arm-eabi-2010.09.51-i686-1/arm-none-eabi/lib/thumb2/libcs3micro.a
END GROUP
                0x10008000                PROVIDE (__cs3_stack, (__cs3_region_start_ram + __cs3_region_size_ram))
                0x00006ea8                PROVIDE (__cs3_stack_size, ((__cs3_region_start_ram + __cs3_region_size_ram) - _end))
                0x10001158                PROVIDE (__cs3_heap_start, _end)
                0x10008000                PROVIDE (__cs3_heap_end, (__cs3_region_start_ram + __cs3_region_size_ram))

.text           0x00000000    0x100c4
 CREATE_OBJECT_SYMBOLS
                0x00000000                __cs3_region_start_rom = .
 *(.cs3.region-head.rom)
                0x00000000                __cs3_interrupt_vector = __cs3_interrupt_vector_cortex_m
 *(.cs3.interrupt_vector)
 .cs3.interrupt_vector
                0x00000000       0xcc /opt/york/cs/net/lpc1700-cmsis-lite-2011.01.26-i686-1/lib/startup_LPC17xx.o
                0x00000000                __cs3_interrupt_vector_cortex_m
                0x00000001                ASSERT ((. != __cs3_interrupt_vector_cortex_m), No interrupt vector)
 *(.rom)
 *(.rom.b)
                0x000000cc                __cs3_reset = __cs3_reset_cortex_m
 *(.cs3.reset)
 .cs3.reset     0x000000cc       0x10 /opt/york/cs/net/lpc1700-cmsis-lite-2011.01.26-i686-1/lib/startup_LPC17xx.o
                0x000000cc                __cs3_reset_cortex_m
                0x00000001                ASSERT ((. != __cs3_reset), No reset code)
 *(.text .text.* .gnu.linkonce.t.*)
 .text          0x000000dc        0x0 /opt/york/cs/net/sourcery-g++-lite-arm-eabi-2010.09.51-i686-1/bin/../lib/gcc/arm-none-eabi/4.5.1/thumb2/crti.o
 .text          0x000000dc       0x30 /opt/york/cs/net/sourcery-g++-lite-arm-eabi-2010.09.51-i686-1/bin/../lib/gcc/arm-none-eabi/4.5.1/thumb2/crtbegin.o
 .text          0x0000010c        0x0 crp.o
 .text          0x0000010c        0x0 ff.o
 .text.ld_word  0x0000010c       0x34 ff.o
 .text.ld_dword
                0x00000140       0x58 ff.o
 .text.st_word  0x00000198       0x40 ff.o
 .text.st_dword
                0x000001d8       0x6c ff.o
 .text.mem_cpy  0x00000244       0x4c ff.o
 .text.mem_set  0x00000290       0x38 ff.o
 .text.mem_cmp  0x000002c8       0x5c ff.o
 .text.chk_chr  0x00000324       0x38 ff.o
 .text.dbc_1st  0x0000035c       0x68 ff.o
 .text.dbc_2nd  0x000003c4       0x8c ff.o
 .text.sync_window
                0x00000450       0x90 ff.o
 .text.move_window
                0x000004e0       0x68 ff.o
 .text.sync_fs  0x00000548       0xf8 ff.o
 .text.clst2sect
                0x00000640       0x44 ff.o
 .text.get_fat  0x00000684      0x180 ff.o
 .text.put_fat  0x00000804      0x218 ff.o
 .text.remove_chain
                0x00000a1c       0xdc ff.o
 .text.create_chain
                0x00000af8      0x1c4 ff.o
 .text.dir_clear
                0x00000cbc       0xa4 ff.o
 .text.dir_sdi  0x00000d60      0x114 ff.o
 .text.dir_next
                0x00000e74      0x164 ff.o
 .text.dir_alloc
                0x00000fd8       0x9c ff.o
 .text.ld_clust
                0x00001074       0x48 ff.o
 .text.st_clust
                0x000010bc       0x44 ff.o
 .text.dir_read
                0x00001100       0xc4 ff.o
 .text.dir_find
                0x000011c4       0xbc ff.o
 .text.dir_register
                0x00001280       0x74 ff.o
 .text.dir_remove
                0x000012f4       0x44 ff.o
 .text.get_fileinfo
                0x00001338       0xf4 ff.o
 .text.get_achar
                0x0000142c       0x7c ff.o
 .text.pattern_matching
                0x000014a8      0x128 ff.o
 .text.create_name
                0x000015d0      0x258 ff.o
 .text.follow_path
                0x00001828      0x140 ff.o
 .text.get_ldnumber
                0x00001968       0x9c ff.o
 .text.check_fs
                0x00001a04       0xcc ff.o
 .text.find_volume
                0x00001ad0      0x540 ff.o
 .text.validate
                0x00002010       0x74 ff.o
 .text.f_mount  0x00002084       0x98 ff.o
                0x00002084                f_mount
 .text.f_open   0x0000211c      0x354 ff.o
                0x0000211c                f_open
 .text.f_read   0x00002470      0x2b8 ff.o
                0x00002470                f_read
 .text.f_write  0x00002728      0x324 ff.o
                0x00002728                f_write
 .text.f_sync   0x00002a4c      0x11c ff.o
                0x00002a4c                f_sync
 .text.f_close  0x00002b68       0x44 ff.o
                0x00002b68                f_close
 .text.f_chdrive
                0x00002bac       0x3c ff.o
                0x00002bac                f_chdrive
 .text.f_chdir  0x00002be8       0xa4 ff.o
                0x00002be8                f_chdir
 .text.f_getcwd
                0x00002c8c      0x220 ff.o
                0x00002c8c                f_getcwd
 .text.f_lseek  0x00002eac      0x2a4 ff.o
                0x00002eac                f_lseek
 .text.f_opendir
                0x00003150       0xc4 ff.o
                0x00003150                f_opendir
 .text.f_closedir
                0x00003214       0x34 ff.o
                0x00003214                f_closedir
 .text.f_readdir
                0x00003248       0x88 ff.o
                0x00003248                f_readdir
 .text.f_findnext
                0x000032d0       0x5c ff.o
                0x000032d0                f_findnext
 .text.f_findfirst
                0x0000332c       0x40 ff.o
                0x0000332c                f_findfirst
 .text.f_stat   0x0000336c       0x80 ff.o
                0x0000336c                f_stat
 .text.f_getfree
                0x000033ec      0x198 ff.o
                0x000033ec                f_getfree
 .text.f_truncate
                0x00003584      0x148 ff.o
                0x00003584                f_truncate
 .text.f_unlink
                0x000036cc      0x18c ff.o
                0x000036cc                f_unlink
 .text.f_mkdir  0x00003858      0x1f8 ff.o
                0x00003858                f_mkdir
 .text.f_rename
                0x00003a50      0x228 ff.o
                0x00003a50                f_rename
 .text.f_chmod  0x00003c78       0xd0 ff.o
                0x00003c78                f_chmod
 .text.f_utime  0x00003d48       0xb4 ff.o
                0x00003d48                f_utime
 .text.f_getlabel
                0x00003dfc      0x164 ff.o
                0x00003dfc                f_getlabel
 .text.f_setlabel
                0x00003f60      0x270 ff.o
                0x00003f60                f_setlabel
 .text.f_mkfs   0x000041d0      0x9d8 ff.o
                0x000041d0                f_mkfs
 .text.f_gets   0x00004ba8       0x8c ff.o
                0x00004ba8                f_gets
 .text.putc_bfd
                0x00004c34       0x80 ff.o
 .text.putc_flush
                0x00004cb4       0x50 ff.o
 .text.putc_init
                0x00004d04       0x28 ff.o
 .text.f_putc   0x00004d2c       0x3c ff.o
                0x00004d2c                f_putc
 .text.f_puts   0x00004d68       0x50 ff.o
                0x00004d68                f_puts
 .text.f_printf
                0x00004db8      0x524 ff.o
                0x00004db8                f_printf
 .text          0x000052dc        0x0 ffunicode.o
 .text          0x000052dc        0x0 main.o
 .text.main     0x000052dc       0x88 main.o
                0x000052dc                main
 .text          0x00005364        0x0 mmc_176x_ssp.o
 .text.xchg_spi
                0x00005364       0x44 mmc_176x_ssp.o
 .text.rcvr_spi_multi
                0x000053a8      0x134 mmc_176x_ssp.o
 .text.xmit_spi_multi
                0x000054dc      0x134 mmc_176x_ssp.o
 .text.wait_ready
                0x00005610       0x48 mmc_176x_ssp.o
 .text.deselect
                0x00005658       0x1c mmc_176x_ssp.o
 .text.select   0x00005674       0x3c mmc_176x_ssp.o
 .text.power_on
                0x000056b0      0x100 mmc_176x_ssp.o
 .text.power_off
                0x000057b0       0x10 mmc_176x_ssp.o
 .text.rcvr_datablock
                0x000057c0       0x6c mmc_176x_ssp.o
 .text.xmit_datablock
                0x0000582c       0x74 mmc_176x_ssp.o
 .text.send_cmd
                0x000058a0       0xfc mmc_176x_ssp.o
 .text.disk_initialize
                0x0000599c      0x25c mmc_176x_ssp.o
                0x0000599c                disk_initialize
 .text.disk_status
                0x00005bf8       0x30 mmc_176x_ssp.o
                0x00005bf8                disk_status
 .text.disk_read
                0x00005c28       0xd0 mmc_176x_ssp.o
                0x00005c28                disk_read
 .text.disk_write
                0x00005cf8      0x128 mmc_176x_ssp.o
                0x00005cf8                disk_write
 .text.disk_ioctl
                0x00005e20      0x578 mmc_176x_ssp.o
                0x00005e20                disk_ioctl
 .text.disk_timerproc
                0x00006398       0xa4 mmc_176x_ssp.o
                0x00006398                disk_timerproc
 .text          0x0000643c        0x0 rtc176x.o
 .text.rtc_initialize
                0x0000643c       0x38 rtc176x.o
                0x0000643c                rtc_initialize
 .text.rtc_gettime
                0x00006474      0x11c rtc176x.o
                0x00006474                rtc_gettime
 .text.rtc_settime
                0x00006590       0xa4 rtc176x.o
                0x00006590                rtc_settime
 .text          0x00006634        0x0 sound.o
 .text.TIMER3_IRQHandler
                0x00006634      0x20c sound.o
                0x00006634                TIMER3_IRQHandler
 .text.sound_start
                0x00006840      0x20c sound.o
                0x00006840                sound_start
 .text.sound_stop
                0x00006a4c       0xd4 sound.o
                0x00006a4c                sound_stop
 .text.load_wav
                0x00006b20      0x640 sound.o
                0x00006b20                load_wav
 .text          0x00007160        0x0 startup176x.o
 .text.Reset_Handler
                0x00007160      0x14c startup176x.o
                0x00007160                Reset_Handler
 .text.Exception_Trap
                0x000072ac        0x8 startup176x.o
                0x000072ac                DebugMon_Handler
                0x000072ac                SysTick_Handler
                0x000072ac                PendSV_Handler
                0x000072ac                NMI_Handler
                0x000072ac                UsageFault_Handler
                0x000072ac                Exception_Trap
                0x000072ac                MemManage_Handler
                0x000072ac                HardFault_Hander
                0x000072ac                BusFault_Handler
 .text.IRQ_Trap
                0x000072b4        0x8 startup176x.o
                0x000072b4                TIMER2_IRQHandler
                0x000072b4                RIT_IRQHandler
                0x000072b4                I2C0_IRQHandler
                0x000072b4                PWM1_IRQHandler
                0x000072b4                I2C1_IRQHandler
                0x000072b4                EINT2_IRQHandler
                0x000072b4                UART1_IRQHandler
                0x000072b4                EINT3_IRQHandler
                0x000072b4                PLL0_IRQHandler
                0x000072b4                CAN_IRQHandler
                0x000072b4                PLL1_IRQHandler
                0x000072b4                SSP0_IRQHandler
                0x000072b4                I2S_IRQHandler
                0x000072b4                I2C2_IRQHandler
                0x000072b4                RTC_IRQHandler
                0x000072b4                TIMER0_IRQHandler
                0x000072b4                SPI_IRQHandler
                0x000072b4                EINT1_IRQHandler
                0x000072b4                TIMER1_IRQHandler
                0x000072b4                ETHER_IRQHandler
                0x000072b4                UART2_IRQHandler
                0x000072b4                ADC_IRQHandler
                0x000072b4                SSP1_IRQHandler
                0x000072b4                GPDMA_IRQHandler
                0x000072b4                USB_IRQHandler
                0x000072b4                BOD_IRQHandler
                0x000072b4                WDT_IRQHandler
                0x000072b4                QEI_IRQHandler
                0x000072b4                IRQ_Trap
                0x000072b4                EINT0_IRQHandler
                0x000072b4                USBACT_IRQHandler
                0x000072b4                CANACT_IRQHandler
                0x000072b4                UART3_IRQHandler
                0x000072b4                MCPWM_IRQHandler
 .text.SVC_Handler
                0x000072bc        0x8 startup176x.o
                0x000072bc                SVC_Handler
 .text          0x000072c4        0x0 uart176x.o
 .text.UART0_IRQHandler
                0x000072c4      0x198 uart176x.o
                0x000072c4                UART0_IRQHandler
 .text.uart0_test
                0x0000745c       0x18 uart176x.o
                0x0000745c                uart0_test
 .text.uart0_getc
                0x00007474       0x8c uart176x.o
                0x00007474                uart0_getc
 .text.uart0_putc
                0x00007500       0xbc uart176x.o
                0x00007500                uart0_putc
 .text.uart0_init
                0x000075bc      0x160 uart176x.o
                0x000075bc                uart0_init
 .text          0x0000771c        0x0 xprintf.o
 .text.xputc    0x0000771c       0x6c xprintf.o
                0x0000771c                xputc
 .text.xputs    0x00007788       0x2c xprintf.o
                0x00007788                xputs
 .text.xfputs   0x000077b4       0x54 xprintf.o
                0x000077b4                xfputs
 .text.xvprintf
                0x00007808      0x394 xprintf.o
 .text.xprintf  0x00007b9c       0x24 xprintf.o
                0x00007b9c                xprintf
 .text.xsprintf
                0x00007bc0       0x50 xprintf.o
                0x00007bc0                xsprintf
 .text.xfprintf
                0x00007c10       0x4c xprintf.o
                0x00007c10                xfprintf
 .text.put_dump
                0x00007c5c      0x120 xprintf.o
                0x00007c5c                put_dump
 .text.xgets    0x00007d7c       0xd0 xprintf.o
                0x00007d7c                xgets
 .text.xfgets   0x00007e4c       0x48 xprintf.o
                0x00007e4c                xfgets
 .text.xatoi    0x00007e94      0x184 xprintf.o
                0x00007e94                xatoi
 .text          0x00008018        0x0 /opt/york/cs/net/lpc1700-cmsis-lite-2011.01.26-i686-1/lib/core_cm3.o
 .text          0x00008018        0x0 /opt/york/cs/net/lpc1700-cmsis-lite-2011.01.26-i686-1/lib/system_LPC17xx.o
 .text.SystemCoreClockUpdate
                0x00008018      0x228 /opt/york/cs/net/lpc1700-cmsis-lite-2011.01.26-i686-1/lib/system_LPC17xx.o
                0x00008018                SystemCoreClockUpdate
 .text.SystemInit
                0x00008240      0x240 /opt/york/cs/net/lpc1700-cmsis-lite-2011.01.26-i686-1/lib/system_LPC17xx.o
                0x00008240                SystemInit
 .text          0x00008480       0x14 /opt/york/cs/net/lpc1700-cmsis-lite-2011.01.26-i686-1/lib/startup_LPC17xx.o
                0x00008482                HardFault_Handler
                0x00008492                USBActivity_IRQHandler
                0x00008492                CANActivity_IRQHandler
                0x00008492                Default_Handler
                0x00008492                DMA_IRQHandler
                0x00008492                ENET_IRQHandler
 .text          0x00008494       0x64 /opt/york/cs/net/sourcery-g++-lite-arm-eabi-2010.09.51-i686-1/arm-none-eabi/lib/thumb2/libc.a(lib_a-printf.o)
                0x00008494                _printf_r
                0x000084c0                printf
 .text          0x000084f8     0x1998 /opt/york/cs/net/sourcery-g++-lite-arm-eabi-2010.09.51-i686-1/arm-none-eabi/lib/thumb2/libc.a(lib_a-vfprintf.o)
                0x000084f8                _vfprintf_r
                0x00009e74                vfprintf
 .text          0x00009e90      0x104 /opt/york/cs/net/sourcery-g++-lite-arm-eabi-2010.09.51-i686-1/arm-none-eabi/lib/thumb2/libc.a(lib_a-wsetup.o)
                0x00009e90                __swsetup_r
 *fill*         0x00009f94        0x4 00
 .text          0x00009f98     0x1000 /opt/york/cs/net/sourcery-g++-lite-arm-eabi-2010.09.51-i686-1/arm-none-eabi/lib/thumb2/libc.a(lib_a-dtoa.o)
                0x0000a0c4                _dtoa_r
 .text          0x0000af98      0x1f4 /opt/york/cs/net/sourcery-g++-lite-arm-eabi-2010.09.51-i686-1/arm-none-eabi/lib/thumb2/libc.a(lib_a-fflush.o)
                0x0000af98                _fflush_r
                0x0000b164                fflush
 .text          0x0000b18c      0x220 /opt/york/cs/net/sourcery-g++-lite-arm-eabi-2010.09.51-i686-1/arm-none-eabi/lib/thumb2/libc.a(lib_a-findfp.o)
                0x0000b194                _cleanup_r
                0x0000b1a0                __sfmoreglue
                0x0000b1d0                _cleanup
                0x0000b1dc                __sinit
                0x0000b2e4                __sfp
                0x0000b36c                __sfp_lock_acquire
                0x0000b370                __sfp_lock_release
                0x0000b374                __sinit_lock_acquire
                0x0000b378                __sinit_lock_release
                0x0000b37c                __fp_lock_all
                0x0000b394                __fp_unlock_all
 .text          0x0000b3ac      0x240 /opt/york/cs/net/sourcery-g++-lite-arm-eabi-2010.09.51-i686-1/arm-none-eabi/lib/thumb2/libc.a(lib_a-freer.o)
                0x0000b3ac                _malloc_trim_r
                0x0000b454                _free_r
 .text          0x0000b5ec       0xa0 /opt/york/cs/net/sourcery-g++-lite-arm-eabi-2010.09.51-i686-1/arm-none-eabi/lib/thumb2/libc.a(lib_a-fwalk.o)
                0x0000b5ec                _fwalk
                0x0000b638                _fwalk_reent
 .text          0x0000b68c        0x0 /opt/york/cs/net/sourcery-g++-lite-arm-eabi-2010.09.51-i686-1/arm-none-eabi/lib/thumb2/libc.a(lib_a-impure.o)
 .text          0x0000b68c       0xa0 /opt/york/cs/net/sourcery-g++-lite-arm-eabi-2010.09.51-i686-1/arm-none-eabi/lib/thumb2/libc.a(lib_a-locale.o)
                0x0000b68c                _setlocale_r
                0x0000b6e8                __locale_charset
                0x0000b6f4                __locale_mb_cur_max
                0x0000b700                __locale_msgcharset
                0x0000b708                __locale_cjk_lang
                0x0000b70c                _localeconv_r
                0x0000b714                setlocale
                0x0000b724                localeconv
 .text          0x0000b72c       0xec /opt/york/cs/net/sourcery-g++-lite-arm-eabi-2010.09.51-i686-1/arm-none-eabi/lib/thumb2/libc.a(lib_a-makebuf.o)
                0x0000b72c                __smakebuf_r
 .text          0x0000b818       0x20 /opt/york/cs/net/sourcery-g++-lite-arm-eabi-2010.09.51-i686-1/arm-none-eabi/lib/thumb2/libc.a(lib_a-malloc.o)
                0x0000b818                malloc
                0x0000b828                free
 .text          0x0000b838      0x57c /opt/york/cs/net/sourcery-g++-lite-arm-eabi-2010.09.51-i686-1/arm-none-eabi/lib/thumb2/libc.a(lib_a-mallocr.o)
                0x0000b838                _malloc_r
 .text          0x0000bdb4       0x88 /opt/york/cs/net/sourcery-g++-lite-arm-eabi-2010.09.51-i686-1/arm-none-eabi/lib/thumb2/libc.a(lib_a-memchr.o)
                0x0000bdb4                memchr
 .text          0x0000be3c      0x150 /opt/york/cs/net/sourcery-g++-lite-arm-eabi-2010.09.51-i686-1/arm-none-eabi/lib/thumb2/libc.a(lib_a-memcpy.o)
                0x0000be3c                memcpy
 .text          0x0000bf8c       0xb4 /opt/york/cs/net/sourcery-g++-lite-arm-eabi-2010.09.51-i686-1/arm-none-eabi/lib/thumb2/libc.a(lib_a-memset.o)
                0x0000bf8c                memset
 .text          0x0000c040        0x8 /opt/york/cs/net/sourcery-g++-lite-arm-eabi-2010.09.51-i686-1/arm-none-eabi/lib/thumb2/libc.a(lib_a-mlock.o)
                0x0000c040                __malloc_lock
                0x0000c044                __malloc_unlock
 .text          0x0000c048      0x920 /opt/york/cs/net/sourcery-g++-lite-arm-eabi-2010.09.51-i686-1/arm-none-eabi/lib/thumb2/libc.a(lib_a-mprec.o)
                0x0000c048                _Balloc
                0x0000c0b0                _Bfree
                0x0000c0e8                __multadd
                0x0000c16c                __s2b
                0x0000c200                __hi0bits
                0x0000c240                __lo0bits
                0x0000c2a4                __i2b
                0x0000c2b8                __multiply
                0x0000c3e0                __pow5mult
                0x0000c484                __lshift
                0x0000c530                __mcmp
                0x0000c56c                __mdiff
                0x0000c664                __ulp
                0x0000c6ac                __b2d
                0x0000c758                __d2b
                0x0000c820                __ratio
                0x0000c890                _mprec_log10
                0x0000c8c4                __copybits
                0x0000c90c                __any_on
 .text          0x0000c968       0x90 /opt/york/cs/net/sourcery-g++-lite-arm-eabi-2010.09.51-i686-1/arm-none-eabi/lib/thumb2/libc.a(lib_a-s_fpclassify.o)
                0x0000c968                __fpclassifyd
 .text          0x0000c9f8       0x28 /opt/york/cs/net/sourcery-g++-lite-arm-eabi-2010.09.51-i686-1/arm-none-eabi/lib/thumb2/libc.a(lib_a-sbrkr.o)
                0x0000c9f8                _sbrk_r
 .text          0x0000ca20       0x94 /opt/york/cs/net/sourcery-g++-lite-arm-eabi-2010.09.51-i686-1/arm-none-eabi/lib/thumb2/libc.a(lib_a-stdio.o)
                0x0000ca20                __sread
                0x0000ca44                __seofread
                0x0000ca48                __swrite
                0x0000ca84                __sseek
                0x0000caac                __sclose
 .text          0x0000cab4      0x1dc /opt/york/cs/net/sourcery-g++-lite-arm-eabi-2010.09.51-i686-1/arm-none-eabi/lib/thumb2/libc.a(lib_a-strcmp.o)
                0x0000cab4                strcmp
 .text          0x0000cc90       0x60 /opt/york/cs/net/sourcery-g++-lite-arm-eabi-2010.09.51-i686-1/arm-none-eabi/lib/thumb2/libc.a(lib_a-strlen.o)
                0x0000cc90                strlen
 .text          0x0000ccf0      0xdc0 /opt/york/cs/net/sourcery-g++-lite-arm-eabi-2010.09.51-i686-1/arm-none-eabi/lib/thumb2/libc.a(lib_a-vfiprintf.o)
                0x0000ccf0                __sprint_r
                0x0000cd74                _vfiprintf_r
                0x0000da94                vfiprintf
 .text          0x0000dab0       0x2c /opt/york/cs/net/sourcery-g++-lite-arm-eabi-2010.09.51-i686-1/arm-none-eabi/lib/thumb2/libc.a(lib_a-writer.o)
                0x0000dab0                _write_r
 .text          0x0000dadc       0x5c /opt/york/cs/net/sourcery-g++-lite-arm-eabi-2010.09.51-i686-1/arm-none-eabi/lib/thumb2/libc.a(lib_a-callocr.o)
                0x0000dadc                _calloc_r
 .text          0x0000db38       0x28 /opt/york/cs/net/sourcery-g++-lite-arm-eabi-2010.09.51-i686-1/arm-none-eabi/lib/thumb2/libc.a(lib_a-closer.o)
                0x0000db38                _close_r
 .text          0x0000db60       0xc4 /opt/york/cs/net/sourcery-g++-lite-arm-eabi-2010.09.51-i686-1/arm-none-eabi/lib/thumb2/libc.a(lib_a-fclose.o)
                0x0000db60                _fclose_r
                0x0000dc14                fclose
 .text          0x0000dc24      0x140 /opt/york/cs/net/sourcery-g++-lite-arm-eabi-2010.09.51-i686-1/arm-none-eabi/lib/thumb2/libc.a(lib_a-fputwc.o)
                0x0000dc24                _fputwc_r
                0x0000dd0c                fputwc
 .text          0x0000dd64       0x2c /opt/york/cs/net/sourcery-g++-lite-arm-eabi-2010.09.51-i686-1/arm-none-eabi/lib/thumb2/libc.a(lib_a-fstatr.o)
                0x0000dd64                _fstat_r
 .text          0x0000dd90      0x338 /opt/york/cs/net/sourcery-g++-lite-arm-eabi-2010.09.51-i686-1/arm-none-eabi/lib/thumb2/libc.a(lib_a-fvwrite.o)
                0x0000dd90                __sfvwrite_r
 .text          0x0000e0c8       0x28 /opt/york/cs/net/sourcery-g++-lite-arm-eabi-2010.09.51-i686-1/arm-none-eabi/lib/thumb2/libc.a(lib_a-isattyr.o)
                0x0000e0c8                _isatty_r
 .text          0x0000e0f0       0x2c /opt/york/cs/net/sourcery-g++-lite-arm-eabi-2010.09.51-i686-1/arm-none-eabi/lib/thumb2/libc.a(lib_a-lseekr.o)
                0x0000e0f0                _lseek_r
 .text          0x0000e11c       0xa0 /opt/york/cs/net/sourcery-g++-lite-arm-eabi-2010.09.51-i686-1/arm-none-eabi/lib/thumb2/libc.a(lib_a-memmove.o)
                0x0000e11c                memmove
 .text          0x0000e1bc       0x2c /opt/york/cs/net/sourcery-g++-lite-arm-eabi-2010.09.51-i686-1/arm-none-eabi/lib/thumb2/libc.a(lib_a-readr.o)
                0x0000e1bc                _read_r
 .text          0x0000e1e8      0x41c /opt/york/cs/net/sourcery-g++-lite-arm-eabi-2010.09.51-i686-1/arm-none-eabi/lib/thumb2/libc.a(lib_a-reallocr.o)
                0x0000e1e8                _realloc_r
 .text          0x0000e604      0x114 /opt/york/cs/net/sourcery-g++-lite-arm-eabi-2010.09.51-i686-1/arm-none-eabi/lib/thumb2/libc.a(lib_a-reent.o)
                0x0000e604                cleanup_glue
                0x0000e620                _reclaim_reent
                0x0000e6e0                _wrapup_reent
 .text          0x0000e718       0xfc /opt/york/cs/net/sourcery-g++-lite-arm-eabi-2010.09.51-i686-1/arm-none-eabi/lib/thumb2/libc.a(lib_a-wbuf.o)
                0x0000e718                __swbuf_r
                0x0000e804                __swbuf
 .text          0x0000e814       0xd0 /opt/york/cs/net/sourcery-g++-lite-arm-eabi-2010.09.51-i686-1/arm-none-eabi/lib/thumb2/libc.a(lib_a-wcrtomb.o)
                0x0000e814                _wcrtomb_r
                0x0000e870                wcrtomb
 .text          0x0000e8e4       0x4c /opt/york/cs/net/sourcery-g++-lite-arm-eabi-2010.09.51-i686-1/arm-none-eabi/lib/thumb2/libc.a(lib_a-wctomb_r.o)
                0x0000e8e4                __ascii_wctomb
                0x0000e900                _wctomb_r
 .text          0x0000e930      0x278 /opt/york/cs/net/sourcery-g++-lite-arm-eabi-2010.09.51-i686-1/bin/../lib/gcc/arm-none-eabi/4.5.1/thumb2/libgcc.a(_udivsi3.o)
                0x0000e930                __udivsi3
                0x0000e930                __aeabi_uidiv
                0x0000eb8c                __aeabi_uidivmod
 .text          0x0000eba8        0x4 /opt/york/cs/net/sourcery-g++-lite-arm-eabi-2010.09.51-i686-1/bin/../lib/gcc/arm-none-eabi/4.5.1/thumb2/libgcc.a(_dvmd_tls.o)
                0x0000eba8                __aeabi_ldiv0
                0x0000eba8                __aeabi_idiv0
 .text          0x0000ebac      0x370 /opt/york/cs/net/sourcery-g++-lite-arm-eabi-2010.09.51-i686-1/bin/../lib/gcc/arm-none-eabi/4.5.1/thumb2/libgcc.a(_arm_addsubdf3.o)
                0x0000ebac                __aeabi_drsub
                0x0000ebb4                __aeabi_dsub
                0x0000ebb4                __subdf3
                0x0000ebb8                __adddf3
                0x0000ebb8                __aeabi_dadd
                0x0000ee30                __aeabi_ui2d
                0x0000ee30                __floatunsidf
                0x0000ee50                __floatsidf
                0x0000ee50                __aeabi_i2d
                0x0000ee74                __extendsfdf2
                0x0000ee74                __aeabi_f2d
                0x0000eeb0                __aeabi_ul2d
                0x0000eeb0                __floatundidf
                0x0000eec0                __floatdidf
                0x0000eec0                __aeabi_l2d
 .text          0x0000ef1c      0x424 /opt/york/cs/net/sourcery-g++-lite-arm-eabi-2010.09.51-i686-1/bin/../lib/gcc/arm-none-eabi/4.5.1/thumb2/libgcc.a(_arm_muldivdf3.o)
                0x0000ef1c                __aeabi_dmul
                0x0000ef1c                __muldf3
                0x0000f170                __aeabi_ddiv
                0x0000f170                __divdf3
 .text          0x0000f340      0x110 /opt/york/cs/net/sourcery-g++-lite-arm-eabi-2010.09.51-i686-1/bin/../lib/gcc/arm-none-eabi/4.5.1/thumb2/libgcc.a(_arm_cmpdf2.o)
                0x0000f340                __gtdf2
                0x0000f340                __gedf2
                0x0000f348                __ltdf2
                0x0000f348                __ledf2
                0x0000f350                __cmpdf2
                0x0000f350                __eqdf2
                0x0000f350                __nedf2
                0x0000f3cc                __aeabi_cdrcmple
                0x0000f3dc                __aeabi_cdcmple
                0x0000f3dc                __aeabi_cdcmpeq
                0x0000f3ec                __aeabi_dcmpeq
                0x0000f400                __aeabi_dcmplt
                0x0000f414                __aeabi_dcmple
                0x0000f428                __aeabi_dcmpge
                0x0000f43c                __aeabi_dcmpgt
 .text          0x0000f450       0x50 /opt/york/cs/net/sourcery-g++-lite-arm-eabi-2010.09.51-i686-1/bin/../lib/gcc/arm-none-eabi/4.5.1/thumb2/libgcc.a(_arm_fixdfsi.o)
                0x0000f450                __fixdfsi
                0x0000f450                __aeabi_d2iz
 .text          0x0000f4a0       0x2c /opt/york/cs/net/sourcery-g++-lite-arm-eabi-2010.09.51-i686-1/bin/../lib/gcc/arm-none-eabi/4.5.1/thumb2/libgcc.a(_aeabi_uldivmod.o)
                0x0000f4a0                __aeabi_uldivmod
 .text          0x0000f4cc       0x60 /opt/york/cs/net/sourcery-g++-lite-arm-eabi-2010.09.51-i686-1/bin/../lib/gcc/arm-none-eabi/4.5.1/thumb2/libgcc.a(bpabi.o)
                0x0000f4cc                __gnu_ldivmod_helper
                0x0000f4fc                __gnu_uldivmod_helper
 .text          0x0000f52c      0x364 /opt/york/cs/net/sourcery-g++-lite-arm-eabi-2010.09.51-i686-1/bin/../lib/gcc/arm-none-eabi/4.5.1/thumb2/libgcc.a(_divdi3.o)
                0x0000f52c                __divdi3
 .text          0x0000f890      0x314 /opt/york/cs/net/sourcery-g++-lite-arm-eabi-2010.09.51-i686-1/bin/../lib/gcc/arm-none-eabi/4.5.1/thumb2/libgcc.a(_udivdi3.o)
                0x0000f890                __udivdi3
 .text          0x0000fba4       0x30 /opt/york/cs/net/sourcery-g++-lite-arm-eabi-2010.09.51-i686-1/arm-none-eabi/lib/thumb2/libcs3.a(start_c.o)
                0x0000fba4                __cs3_premain
 .text.cs3.init
                0x0000fbd4       0x50 /opt/york/cs/net/sourcery-g++-lite-arm-eabi-2010.09.51-i686-1/arm-none-eabi/lib/thumb2/libcs3.a(start_c.o)
                0x0000fbd4                __cs3_start_c
 .text          0x0000fc24       0x10 /opt/york/cs/net/sourcery-g++-lite-arm-eabi-2010.09.51-i686-1/arm-none-eabi/lib/thumb2/libcs3unhosted.a(unhosted-_close.o)
                0x0000fc24                _close
 .text          0x0000fc34       0x10 /opt/york/cs/net/sourcery-g++-lite-arm-eabi-2010.09.51-i686-1/arm-none-eabi/lib/thumb2/libcs3unhosted.a(unhosted-_fstat.o)
                0x0000fc34                _fstat
 .text          0x0000fc44        0xe /opt/york/cs/net/sourcery-g++-lite-arm-eabi-2010.09.51-i686-1/arm-none-eabi/lib/thumb2/libcs3unhosted.a(unhosted-isatty.o)
                0x0000fc44                _isatty
 .text          0x0000fc52       0x10 /opt/york/cs/net/sourcery-g++-lite-arm-eabi-2010.09.51-i686-1/arm-none-eabi/lib/thumb2/libcs3unhosted.a(unhosted-_lseek.o)
                0x0000fc52                _lseek
 .text          0x0000fc62       0x10 /opt/york/cs/net/sourcery-g++-lite-arm-eabi-2010.09.51-i686-1/arm-none-eabi/lib/thumb2/libcs3unhosted.a(unhosted-_read.o)
                0x0000fc62                _read
 .text          0x0000fc72       0x10 /opt/york/cs/net/sourcery-g++-lite-arm-eabi-2010.09.51-i686-1/arm-none-eabi/lib/thumb2/libcs3unhosted.a(unhosted-_write.o)
                0x0000fc72                _write
 *fill*         0x0000fc82        0x2 00
 .text          0x0000fc84       0x40 /opt/york/cs/net/sourcery-g++-lite-arm-eabi-2010.09.51-i686-1/arm-none-eabi/lib/thumb2/libcs3unhosted.a(unhosted-sbrk.o)
                0x0000fc84                _sbrk
 .text          0x0000fcc4        0x0 /opt/york/cs/net/sourcery-g++-lite-arm-eabi-2010.09.51-i686-1/arm-none-eabi/lib/thumb2/libcs3unhosted.a(unhosted-start.o)
 .text.cs3.init
                0x0000fcc4       0x10 /opt/york/cs/net/sourcery-g++-lite-arm-eabi-2010.09.51-i686-1/arm-none-eabi/lib/thumb2/libcs3unhosted.a(unhosted-start.o)
                0x0000fcc4                _start
 .text          0x0000fcd4        0xc /opt/york/cs/net/sourcery-g++-lite-arm-eabi-2010.09.51-i686-1/arm-none-eabi/lib/thumb2/libc.a(lib_a-errno.o)
                0x0000fcd4                __errno
 .text          0x0000fce0       0x50 /opt/york/cs/net/sourcery-g++-lite-arm-eabi-2010.09.51-i686-1/arm-none-eabi/lib/thumb2/libc.a(lib_a-init.o)
                0x0000fce0                __libc_init_array
 .text          0x0000fd30        0x0 /opt/york/cs/net/sourcery-g++-lite-arm-eabi-2010.09.51-i686-1/arm-none-eabi/lib/thumb2/libcs3.a(heap.o)
 .text          0x0000fd30        0x0 /opt/york/cs/net/sourcery-g++-lite-arm-eabi-2010.09.51-i686-1/bin/../lib/gcc/arm-none-eabi/4.5.1/thumb2/crtend.o
 .text          0x0000fd30        0x0 /opt/york/cs/net/sourcery-g++-lite-arm-eabi-2010.09.51-i686-1/bin/../lib/gcc/arm-none-eabi/4.5.1/thumb2/crtn.o
 *(.plt)
 *(.gnu.warning)
 .gnu.warning   0x00000000        0x0 /opt/york/cs/net/sourcery-g++-lite-arm-eabi-2010.09.51-i686-1/arm-none-eabi/lib/thumb2/libcs3unhosted.a(unhosted-_close.o)
 .gnu.warning   0x00000000        0x0 /opt/york/cs/net/sourcery-g++-lite-arm-eabi-2010.09.51-i686-1/arm-none-eabi/lib/thumb2/libcs3unhosted.a(unhosted-_fstat.o)
 .gnu.warning   0x00000000        0x0 /opt/york/cs/net/sourcery-g++-lite-arm-eabi-2010.09.51-i686-1/arm-none-eabi/lib/thumb2/libcs3unhosted.a(unhosted-isatty.o)
 .gnu.warning   0x00000000        0x0 /opt/york/cs/net/sourcery-g++-lite-arm-eabi-2010.09.51-i686-1/arm-none-eabi/lib/thumb2/libcs3unhosted.a(unhosted-_lseek.o)
 .gnu.warning   0x00000000        0x0 /opt/york/cs/net/sourcery-g++-lite-arm-eabi-2010.09.51-i686-1/arm-none-eabi/lib/thumb2/libcs3unhosted.a(unhosted-_read.o)
 .gnu.warning   0x00000000        0x0 /opt/york/cs/net/sourcery-g++-lite-arm-eabi-2010.09.51-i686-1/arm-none-eabi/lib/thumb2/libcs3unhosted.a(unhosted-_write.o)
 *(.glue_7t)
 .glue_7t       0x00000000        0x0 linker stubs
 *(.glue_7)
 .glue_7        0x00000000        0x0 linker stubs
 *(.vfp11_veneer)
 .vfp11_veneer  0x00000000        0x0 linker stubs
 *(.rodata .rodata.* .gnu.linkonce.r.*)
 .rodata.DbcTbl
                0x0000fd30        0xc ff.o
 .rodata        0x0000fd3c       0x50 ff.o
 .rodata.cst32.1625
                0x0000fd8c       0x10 ff.o
 .rodata.cst.1624
                0x0000fd9c       0x10 ff.o
 .rodata.badchr.1608
                0x0000fdac       0x14 ff.o
 .rodata        0x0000fdc0       0x10 main.o
 .rodata        0x0000fdd0       0x70 sound.o
 .rodata        0x0000fe40       0x20 xprintf.o
 .rodata        0x0000fe60       0x20 /opt/york/cs/net/sourcery-g++-lite-arm-eabi-2010.09.51-i686-1/arm-none-eabi/lib/thumb2/libc.a(lib_a-vfprintf.o)
 .rodata.str1.4
                0x0000fe80       0x42 /opt/york/cs/net/sourcery-g++-lite-arm-eabi-2010.09.51-i686-1/arm-none-eabi/lib/thumb2/libc.a(lib_a-vfprintf.o)
                                 0x44 (size before relaxing)
 *fill*         0x0000fec2        0x2 00
 .rodata.str1.4
                0x0000fec4       0x10 /opt/york/cs/net/sourcery-g++-lite-arm-eabi-2010.09.51-i686-1/arm-none-eabi/lib/thumb2/libc.a(lib_a-dtoa.o)
                                 0x14 (size before relaxing)
 .rodata        0x0000fed4       0x60 /opt/york/cs/net/sourcery-g++-lite-arm-eabi-2010.09.51-i686-1/arm-none-eabi/lib/thumb2/libc.a(lib_a-findfp.o)
                0x0000fed4                __sf_fake_stdin
                0x0000fef4                __sf_fake_stdout
                0x0000ff14                __sf_fake_stderr
 .rodata        0x0000ff34        0x4 /opt/york/cs/net/sourcery-g++-lite-arm-eabi-2010.09.51-i686-1/arm-none-eabi/lib/thumb2/libc.a(lib_a-impure.o)
                0x0000ff34                _global_impure_ptr
 .rodata.str1.4
                0x0000ff38        0x2 /opt/york/cs/net/sourcery-g++-lite-arm-eabi-2010.09.51-i686-1/arm-none-eabi/lib/thumb2/libc.a(lib_a-impure.o)
                                  0x4 (size before relaxing)
 *fill*         0x0000ff3a        0x2 00
 .rodata.str1.4
                0x0000ff3c        0xc /opt/york/cs/net/sourcery-g++-lite-arm-eabi-2010.09.51-i686-1/arm-none-eabi/lib/thumb2/libc.a(lib_a-locale.o)
                                 0x14 (size before relaxing)
 .rodata        0x0000ff48      0x128 /opt/york/cs/net/sourcery-g++-lite-arm-eabi-2010.09.51-i686-1/arm-none-eabi/lib/thumb2/libc.a(lib_a-mprec.o)
                0x0000ff58                __mprec_tens
                0x00010020                __mprec_bigtens
                0x00010048                __mprec_tinytens
 .rodata        0x00010070       0x20 /opt/york/cs/net/sourcery-g++-lite-arm-eabi-2010.09.51-i686-1/arm-none-eabi/lib/thumb2/libc.a(lib_a-vfiprintf.o)
 .rodata.str1.4
                0x00000000       0x30 /opt/york/cs/net/sourcery-g++-lite-arm-eabi-2010.09.51-i686-1/arm-none-eabi/lib/thumb2/libc.a(lib_a-vfiprintf.o)
 *(.ARM.extab* .gnu.linkonce.armextab.*)
 .ARM.extab.cs3.reset
                0x00010090        0x0 /opt/york/cs/net/lpc1700-cmsis-lite-2011.01.26-i686-1/lib/startup_LPC17xx.o
 .ARM.extab     0x00010090        0x0 /opt/york/cs/net/sourcery-g++-lite-arm-eabi-2010.09.51-i686-1/bin/../lib/gcc/arm-none-eabi/4.5.1/thumb2/libgcc.a(_divdi3.o)
 .ARM.extab     0x00010090        0x0 /opt/york/cs/net/sourcery-g++-lite-arm-eabi-2010.09.51-i686-1/bin/../lib/gcc/arm-none-eabi/4.5.1/thumb2/libgcc.a(_udivdi3.o)
 *(.gcc_except_table)
 *(.eh_frame_hdr)
 *(.eh_frame)
                0x00010090                . = ALIGN (0x4)
 *(.init)
 .init          0x00010090        0x4 /opt/york/cs/net/sourcery-g++-lite-arm-eabi-2010.09.51-i686-1/bin/../lib/gcc/arm-none-eabi/4.5.1/thumb2/crti.o
                0x00010090                _init
 .init          0x00010094        0x8 /opt/york/cs/net/sourcery-g++-lite-arm-eabi-2010.09.51-i686-1/bin/../lib/gcc/arm-none-eabi/4.5.1/thumb2/crtn.o
                0x0001009c                . = ALIGN (0x4)
                0x0001009c                __preinit_array_start = .
 *(.preinit_array)
                0x0001009c                __preinit_array_end = .
                0x0001009c                . = ALIGN (0x4)
                0x0001009c                __init_array_start = .
 *(SORT(.init_array.*))
 *(.init_array)
 .init_array    0x0001009c        0x4 /opt/york/cs/net/sourcery-g++-lite-arm-eabi-2010.09.51-i686-1/bin/../lib/gcc/arm-none-eabi/4.5.1/thumb2/crtbegin.o
                0x000100a0                __init_array_end = .
                0x000100a0                . = ALIGN (0x4)
 *crtbegin.o(.ctors)
 *(EXCLUDE_FILE(*crtend.o) .ctors)
 *(SORT(.ctors.*))
 *crtend.o(.ctors)
                0x000100a0                . = ALIGN (0x4)
 *(.fini)
 .fini          0x000100a0        0x4 /opt/york/cs/net/sourcery-g++-lite-arm-eabi-2010.09.51-i686-1/bin/../lib/gcc/arm-none-eabi/4.5.1/thumb2/crti.o
                0x000100a0                _fini
 .fini          0x000100a4        0x8 /opt/york/cs/net/sourcery-g++-lite-arm-eabi-2010.09.51-i686-1/bin/../lib/gcc/arm-none-eabi/4.5.1/thumb2/crtn.o
                0x000100ac                . = ALIGN (0x4)
                0x000100ac                __fini_array_start = .
 *(.fini_array)
 .fini_array    0x000100ac        0x4 /opt/york/cs/net/sourcery-g++-lite-arm-eabi-2010.09.51-i686-1/bin/../lib/gcc/arm-none-eabi/4.5.1/thumb2/crtbegin.o
 *(SORT(.fini_array.*))
                0x000100b0                __fini_array_end = .
 *crtbegin.o(.dtors)
 *(EXCLUDE_FILE(*crtend.o) .dtors)
 *(SORT(.dtors.*))
 *crtend.o(.dtors)
                0x000100b0                . = ALIGN (0x4)
                0x000100b0                __cs3_regions = .
                0x000100b0        0x4 LONG 0x0
                0x000100b4        0x4 LONG 0x10198 __cs3_region_init_ram
                0x000100b8        0x4 LONG 0x10000000 __cs3_region_start_ram
                0x000100bc        0x4 LONG 0x5a0 __cs3_region_init_size_ram
                0x000100c0        0x4 LONG 0xbb8 __cs3_region_zero_size_ram
                0x000100c4                __exidx_start = .

.v4_bx          0x000100c4        0x0
 .v4_bx         0x00000000        0x0 linker stubs

.ARM.exidx      0x000100c4        0x8
 *(.ARM.exidx* .gnu.linkonce.armexidx.*)
 .ARM.exidx.cs3.reset
                0x000100c4        0x8 /opt/york/cs/net/lpc1700-cmsis-lite-2011.01.26-i686-1/lib/startup_LPC17xx.o
 .ARM.exidx     0x000100cc        0x0 /opt/york/cs/net/sourcery-g++-lite-arm-eabi-2010.09.51-i686-1/bin/../lib/gcc/arm-none-eabi/4.5.1/thumb2/libgcc.a(_divdi3.o)
                                  0x8 (size before relaxing)
 .ARM.exidx     0x000100cc        0x0 /opt/york/cs/net/sourcery-g++-lite-arm-eabi-2010.09.51-i686-1/bin/../lib/gcc/arm-none-eabi/4.5.1/thumb2/libgcc.a(_udivdi3.o)
                                  0x8 (size before relaxing)
                0x000100cc                __exidx_end = .

.VECTOR         0x000100cc       0xcc
 .VECTOR        0x000100cc       0xcc startup176x.o
                0x000100cc                vector

.text.align     0x00010198        0x0
                0x00010198                . = ALIGN (0x8)
                0x00010198                _etext = .
                0x00080000                __cs3_region_size_rom = 0x80000
                0x00000001                __cs3_region_num = 0x1

.data           0x10000000      0x5a0 load address 0x00010198
                0x10000000                __cs3_region_start_ram = .
 *(.cs3.region-head.ram)
 *(.jcr)
 .jcr           0x10000000        0x0 /opt/york/cs/net/sourcery-g++-lite-arm-eabi-2010.09.51-i686-1/bin/../lib/gcc/arm-none-eabi/4.5.1/thumb2/crtbegin.o
 .jcr           0x10000000        0x4 /opt/york/cs/net/sourcery-g++-lite-arm-eabi-2010.09.51-i686-1/bin/../lib/gcc/arm-none-eabi/4.5.1/thumb2/crtend.o
 *(.got.plt)
 *(.got)
 *(.shdata)
 *(.data .data.* .gnu.linkonce.d.*)
 .data          0x10000004        0x0 /opt/york/cs/net/sourcery-g++-lite-arm-eabi-2010.09.51-i686-1/bin/../lib/gcc/arm-none-eabi/4.5.1/thumb2/crti.o
 .data          0x10000004        0x4 /opt/york/cs/net/sourcery-g++-lite-arm-eabi-2010.09.51-i686-1/bin/../lib/gcc/arm-none-eabi/4.5.1/thumb2/crtbegin.o
                0x10000004                __dso_handle
 .data          0x10000008        0x0 crp.o
 .data          0x10000008        0x0 ff.o
 .data          0x10000008        0x0 ffunicode.o
 .data          0x10000008        0x0 main.o
 .data          0x10000008        0x0 mmc_176x_ssp.o
 .data.Stat     0x10000008        0x1 mmc_176x_ssp.o
 .data          0x10000009        0x0 rtc176x.o
 .data          0x10000009        0x0 sound.o
 .data          0x10000009        0x0 startup176x.o
 .data          0x10000009        0x0 uart176x.o
 .data          0x10000009        0x0 xprintf.o
 .data          0x10000009        0x0 /opt/york/cs/net/lpc1700-cmsis-lite-2011.01.26-i686-1/lib/core_cm3.o
 .data          0x10000009        0x0 /opt/york/cs/net/lpc1700-cmsis-lite-2011.01.26-i686-1/lib/system_LPC17xx.o
 *fill*         0x10000009        0x3 00
 .data.SystemCoreClock
                0x1000000c        0x4 /opt/york/cs/net/lpc1700-cmsis-lite-2011.01.26-i686-1/lib/system_LPC17xx.o
                0x1000000c                SystemCoreClock
 .data          0x10000010        0x0 /opt/york/cs/net/lpc1700-cmsis-lite-2011.01.26-i686-1/lib/startup_LPC17xx.o
 .data          0x10000010        0x0 /opt/york/cs/net/sourcery-g++-lite-arm-eabi-2010.09.51-i686-1/arm-none-eabi/lib/thumb2/libc.a(lib_a-printf.o)
 .data          0x10000010        0x0 /opt/york/cs/net/sourcery-g++-lite-arm-eabi-2010.09.51-i686-1/arm-none-eabi/lib/thumb2/libc.a(lib_a-vfprintf.o)
 .data          0x10000010        0x0 /opt/york/cs/net/sourcery-g++-lite-arm-eabi-2010.09.51-i686-1/arm-none-eabi/lib/thumb2/libc.a(lib_a-wsetup.o)
 .data          0x10000010        0x0 /opt/york/cs/net/sourcery-g++-lite-arm-eabi-2010.09.51-i686-1/arm-none-eabi/lib/thumb2/libc.a(lib_a-dtoa.o)
 .data          0x10000010        0x0 /opt/york/cs/net/sourcery-g++-lite-arm-eabi-2010.09.51-i686-1/arm-none-eabi/lib/thumb2/libc.a(lib_a-fflush.o)
 .data          0x10000010        0x0 /opt/york/cs/net/sourcery-g++-lite-arm-eabi-2010.09.51-i686-1/arm-none-eabi/lib/thumb2/libc.a(lib_a-findfp.o)
 .data          0x10000010        0x0 /opt/york/cs/net/sourcery-g++-lite-arm-eabi-2010.09.51-i686-1/arm-none-eabi/lib/thumb2/libc.a(lib_a-freer.o)
 .data          0x10000010        0x0 /opt/york/cs/net/sourcery-g++-lite-arm-eabi-2010.09.51-i686-1/arm-none-eabi/lib/thumb2/libc.a(lib_a-fwalk.o)
 .data          0x10000010       0xf4 /opt/york/cs/net/sourcery-g++-lite-arm-eabi-2010.09.51-i686-1/arm-none-eabi/lib/thumb2/libc.a(lib_a-impure.o)
                0x10000010                _impure_ptr
 .data          0x10000104       0x7c /opt/york/cs/net/sourcery-g++-lite-arm-eabi-2010.09.51-i686-1/arm-none-eabi/lib/thumb2/libc.a(lib_a-locale.o)
                0x10000124                __mb_cur_max
 .data          0x10000180        0x0 /opt/york/cs/net/sourcery-g++-lite-arm-eabi-2010.09.51-i686-1/arm-none-eabi/lib/thumb2/libc.a(lib_a-makebuf.o)
 .data          0x10000180        0x0 /opt/york/cs/net/sourcery-g++-lite-arm-eabi-2010.09.51-i686-1/arm-none-eabi/lib/thumb2/libc.a(lib_a-malloc.o)
 .data          0x10000180      0x410 /opt/york/cs/net/sourcery-g++-lite-arm-eabi-2010.09.51-i686-1/arm-none-eabi/lib/thumb2/libc.a(lib_a-mallocr.o)
                0x10000180                __malloc_av_
                0x10000588                __malloc_sbrk_base
                0x1000058c                __malloc_trim_threshold
 .data          0x10000590        0x0 /opt/york/cs/net/sourcery-g++-lite-arm-eabi-2010.09.51-i686-1/arm-none-eabi/lib/thumb2/libc.a(lib_a-memchr.o)
 .data          0x10000590        0x0 /opt/york/cs/net/sourcery-g++-lite-arm-eabi-2010.09.51-i686-1/arm-none-eabi/lib/thumb2/libc.a(lib_a-memcpy.o)
 .data          0x10000590        0x0 /opt/york/cs/net/sourcery-g++-lite-arm-eabi-2010.09.51-i686-1/arm-none-eabi/lib/thumb2/libc.a(lib_a-memset.o)
 .data          0x10000590        0x0 /opt/york/cs/net/sourcery-g++-lite-arm-eabi-2010.09.51-i686-1/arm-none-eabi/lib/thumb2/libc.a(lib_a-mlock.o)
 .data          0x10000590        0x0 /opt/york/cs/net/sourcery-g++-lite-arm-eabi-2010.09.51-i686-1/arm-none-eabi/lib/thumb2/libc.a(lib_a-mprec.o)
 .data          0x10000590        0x0 /opt/york/cs/net/sourcery-g++-lite-arm-eabi-2010.09.51-i686-1/arm-none-eabi/lib/thumb2/libc.a(lib_a-s_fpclassify.o)
 .data          0x10000590        0x0 /opt/york/cs/net/sourcery-g++-lite-arm-eabi-2010.09.51-i686-1/arm-none-eabi/lib/thumb2/libc.a(lib_a-sbrkr.o)
 .data          0x10000590        0x0 /opt/york/cs/net/sourcery-g++-lite-arm-eabi-2010.09.51-i686-1/arm-none-eabi/lib/thumb2/libc.a(lib_a-stdio.o)
 .data          0x10000590        0x0 /opt/york/cs/net/sourcery-g++-lite-arm-eabi-2010.09.51-i686-1/arm-none-eabi/lib/thumb2/libc.a(lib_a-strcmp.o)
 .data          0x10000590        0x0 /opt/york/cs/net/sourcery-g++-lite-arm-eabi-2010.09.51-i686-1/arm-none-eabi/lib/thumb2/libc.a(lib_a-strlen.o)
 .data          0x10000590        0x0 /opt/york/cs/net/sourcery-g++-lite-arm-eabi-2010.09.51-i686-1/arm-none-eabi/lib/thumb2/libc.a(lib_a-vfiprintf.o)
 .data          0x10000590        0x0 /opt/york/cs/net/sourcery-g++-lite-arm-eabi-2010.09.51-i686-1/arm-none-eabi/lib/thumb2/libc.a(lib_a-writer.o)
 .data          0x10000590        0x0 /opt/york/cs/net/sourcery-g++-lite-arm-eabi-2010.09.51-i686-1/arm-none-eabi/lib/thumb2/libc.a(lib_a-callocr.o)
 .data          0x10000590        0x0 /opt/york/cs/net/sourcery-g++-lite-arm-eabi-2010.09.51-i686-1/arm-none-eabi/lib/thumb2/libc.a(lib_a-closer.o)
 .data          0x10000590        0x0 /opt/york/cs/net/sourcery-g++-lite-arm-eabi-2010.09.51-i686-1/arm-none-eabi/lib/thumb2/libc.a(lib_a-fclose.o)
 .data          0x10000590        0x0 /opt/york/cs/net/sourcery-g++-lite-arm-eabi-2010.09.51-i686-1/arm-none-eabi/lib/thumb2/libc.a(lib_a-fputwc.o)
 .data          0x10000590        0x0 /opt/york/cs/net/sourcery-g++-lite-arm-eabi-2010.09.51-i686-1/arm-none-eabi/lib/thumb2/libc.a(lib_a-fstatr.o)
 .data          0x10000590        0x0 /opt/york/cs/net/sourcery-g++-lite-arm-eabi-2010.09.51-i686-1/arm-none-eabi/lib/thumb2/libc.a(lib_a-fvwrite.o)
 .data          0x10000590        0x0 /opt/york/cs/net/sourcery-g++-lite-arm-eabi-2010.09.51-i686-1/arm-none-eabi/lib/thumb2/libc.a(lib_a-isattyr.o)
 .data          0x10000590        0x0 /opt/york/cs/net/sourcery-g++-lite-arm-eabi-2010.09.51-i686-1/arm-none-eabi/lib/thumb2/libc.a(lib_a-lseekr.o)
 .data          0x10000590        0x0 /opt/york/cs/net/sourcery-g++-lite-arm-eabi-2010.09.51-i686-1/arm-none-eabi/lib/thumb2/libc.a(lib_a-memmove.o)
 .data          0x10000590        0x0 /opt/york/cs/net/sourcery-g++-lite-arm-eabi-2010.09.51-i686-1/arm-none-eabi/lib/thumb2/libc.a(lib_a-readr.o)
 .data          0x10000590        0x0 /opt/york/cs/net/sourcery-g++-lite-arm-eabi-2010.09.51-i686-1/arm-none-eabi/lib/thumb2/libc.a(lib_a-reallocr.o)
 .data          0x10000590        0x0 /opt/york/cs/net/sourcery-g++-lite-arm-eabi-2010.09.51-i686-1/arm-none-eabi/lib/thumb2/libc.a(lib_a-reent.o)
 .data          0x10000590        0x0 /opt/york/cs/net/sourcery-g++-lite-arm-eabi-2010.09.51-i686-1/arm-none-eabi/lib/thumb2/libc.a(lib_a-wbuf.o)
 .data          0x10000590        0x0 /opt/york/cs/net/sourcery-g++-lite-arm-eabi-2010.09.51-i686-1/arm-none-eabi/lib/thumb2/libc.a(lib_a-wcrtomb.o)
 .data          0x10000590        0x4 /opt/york/cs/net/sourcery-g++-lite-arm-eabi-2010.09.51-i686-1/arm-none-eabi/lib/thumb2/libc.a(lib_a-wctomb_r.o)
                0x10000590                __wctomb
 .data          0x10000594        0x0 /opt/york/cs/net/sourcery-g++-lite-arm-eabi-2010.09.51-i686-1/bin/../lib/gcc/arm-none-eabi/4.5.1/thumb2/libgcc.a(_udivsi3.o)
 .data          0x10000594        0x0 /opt/york/cs/net/sourcery-g++-lite-arm-eabi-2010.09.51-i686-1/bin/../lib/gcc/arm-none-eabi/4.5.1/thumb2/libgcc.a(_dvmd_tls.o)
 .data          0x10000594        0x0 /opt/york/cs/net/sourcery-g++-lite-arm-eabi-2010.09.51-i686-1/bin/../lib/gcc/arm-none-eabi/4.5.1/thumb2/libgcc.a(_arm_addsubdf3.o)
 .data          0x10000594        0x0 /opt/york/cs/net/sourcery-g++-lite-arm-eabi-2010.09.51-i686-1/bin/../lib/gcc/arm-none-eabi/4.5.1/thumb2/libgcc.a(_arm_muldivdf3.o)
 .data          0x10000594        0x0 /opt/york/cs/net/sourcery-g++-lite-arm-eabi-2010.09.51-i686-1/bin/../lib/gcc/arm-none-eabi/4.5.1/thumb2/libgcc.a(_arm_cmpdf2.o)
 .data          0x10000594        0x0 /opt/york/cs/net/sourcery-g++-lite-arm-eabi-2010.09.51-i686-1/bin/../lib/gcc/arm-none-eabi/4.5.1/thumb2/libgcc.a(_arm_fixdfsi.o)
 .data          0x10000594        0x0 /opt/york/cs/net/sourcery-g++-lite-arm-eabi-2010.09.51-i686-1/bin/../lib/gcc/arm-none-eabi/4.5.1/thumb2/libgcc.a(_aeabi_uldivmod.o)
 .data          0x10000594        0x0 /opt/york/cs/net/sourcery-g++-lite-arm-eabi-2010.09.51-i686-1/bin/../lib/gcc/arm-none-eabi/4.5.1/thumb2/libgcc.a(bpabi.o)
 .data          0x10000594        0x0 /opt/york/cs/net/sourcery-g++-lite-arm-eabi-2010.09.51-i686-1/bin/../lib/gcc/arm-none-eabi/4.5.1/thumb2/libgcc.a(_divdi3.o)
 .data          0x10000594        0x0 /opt/york/cs/net/sourcery-g++-lite-arm-eabi-2010.09.51-i686-1/bin/../lib/gcc/arm-none-eabi/4.5.1/thumb2/libgcc.a(_udivdi3.o)
 .data          0x10000594        0x0 /opt/york/cs/net/sourcery-g++-lite-arm-eabi-2010.09.51-i686-1/arm-none-eabi/lib/thumb2/libcs3.a(start_c.o)
 .data          0x10000594        0x0 /opt/york/cs/net/sourcery-g++-lite-arm-eabi-2010.09.51-i686-1/arm-none-eabi/lib/thumb2/libcs3unhosted.a(unhosted-_close.o)
 .data          0x10000594        0x0 /opt/york/cs/net/sourcery-g++-lite-arm-eabi-2010.09.51-i686-1/arm-none-eabi/lib/thumb2/libcs3unhosted.a(unhosted-_fstat.o)
 .data          0x10000594        0x0 /opt/york/cs/net/sourcery-g++-lite-arm-eabi-2010.09.51-i686-1/arm-none-eabi/lib/thumb2/libcs3unhosted.a(unhosted-isatty.o)
 .data          0x10000594        0x0 /opt/york/cs/net/sourcery-g++-lite-arm-eabi-2010.09.51-i686-1/arm-none-eabi/lib/thumb2/libcs3unhosted.a(unhosted-_lseek.o)
 .data          0x10000594        0x0 /opt/york/cs/net/sourcery-g++-lite-arm-eabi-2010.09.51-i686-1/arm-none-eabi/lib/thumb2/libcs3unhosted.a(unhosted-_read.o)
 .data          0x10000594        0x0 /opt/york/cs/net/sourcery-g++-lite-arm-eabi-2010.09.51-i686-1/arm-none-eabi/lib/thumb2/libcs3unhosted.a(unhosted-_write.o)
 .data          0x10000594        0x4 /opt/york/cs/net/sourcery-g++-lite-arm-eabi-2010.09.51-i686-1/arm-none-eabi/lib/thumb2/libcs3unhosted.a(unhosted-sbrk.o)
 .data          0x10000598        0x0 /opt/york/cs/net/sourcery-g++-lite-arm-eabi-2010.09.51-i686-1/arm-none-eabi/lib/thumb2/libcs3unhosted.a(unhosted-start.o)
 .data          0x10000598        0x0 /opt/york/cs/net/sourcery-g++-lite-arm-eabi-2010.09.51-i686-1/arm-none-eabi/lib/thumb2/libc.a(lib_a-errno.o)
 .data          0x10000598        0x0 /opt/york/cs/net/sourcery-g++-lite-arm-eabi-2010.09.51-i686-1/arm-none-eabi/lib/thumb2/libc.a(lib_a-init.o)
 .data          0x10000598        0x4 /opt/york/cs/net/sourcery-g++-lite-arm-eabi-2010.09.51-i686-1/arm-none-eabi/lib/thumb2/libcs3.a(heap.o)
                0x10000598                __cs3_heap_limit
 .data          0x1000059c        0x0 /opt/york/cs/net/sourcery-g++-lite-arm-eabi-2010.09.51-i686-1/bin/../lib/gcc/arm-none-eabi/4.5.1/thumb2/crtend.o
 .data          0x1000059c        0x0 /opt/york/cs/net/sourcery-g++-lite-arm-eabi-2010.09.51-i686-1/bin/../lib/gcc/arm-none-eabi/4.5.1/thumb2/crtn.o
 *(.ram)
                0x100005a0                . = ALIGN (0x8)
 *fill*         0x1000059c        0x4 00
                0x100005a0                _edata = .

.CRP            0x100005a0        0x4 load address 0x00010738
 .CRP           0x100005a0        0x4 crp.o
                0x100005a0                _crp_magic

.STACK          0x100005a8      0x800 load address 0x0001073c
 .STACK         0x100005a8      0x800 startup176x.o
                0x100005a8                mstk

.bss            0x10000da8      0x3b0 load address 0x00010f3c
 *(.shbss)
 *(.bss .bss.* .gnu.linkonce.b.*)
 .bss           0x10000da8        0x0 /opt/york/cs/net/sourcery-g++-lite-arm-eabi-2010.09.51-i686-1/bin/../lib/gcc/arm-none-eabi/4.5.1/thumb2/crti.o
 .bss           0x10000da8        0x1 /opt/york/cs/net/sourcery-g++-lite-arm-eabi-2010.09.51-i686-1/bin/../lib/gcc/arm-none-eabi/4.5.1/thumb2/crtbegin.o
 .bss           0x10000da9        0x0 crp.o
 .bss           0x10000da9        0x0 ff.o
 *fill*         0x10000da9        0x3 00
 .bss.FatFs     0x10000dac        0x4 ff.o
 .bss.Fsid      0x10000db0        0x2 ff.o
 .bss.CurrVol   0x10000db2        0x1 ff.o
 .bss           0x10000db3        0x0 ffunicode.o
 .bss           0x10000db3        0x0 main.o
 .bss           0x10000db3        0x0 mmc_176x_ssp.o
 *fill*         0x10000db3        0x1 00
 .bss.Timer1    0x10000db4        0x4 mmc_176x_ssp.o
 .bss.Timer2    0x10000db8        0x4 mmc_176x_ssp.o
 .bss.CardType  0x10000dbc        0x1 mmc_176x_ssp.o
 .bss           0x10000dbd        0x0 rtc176x.o
 .bss           0x10000dbd        0x0 sound.o
 *fill*         0x10000dbd        0x3 00
 .bss.WavFifo   0x10000dc0        0x4 sound.o
 .bss           0x10000dc4        0x0 startup176x.o
 .bss           0x10000dc4        0x0 uart176x.o
 .bss.TxBuff0   0x10000dc4       0x88 uart176x.o
 .bss.RxBuff0   0x10000e4c       0x88 uart176x.o
 .bss           0x10000ed4        0x0 xprintf.o
 .bss.outptr    0x10000ed4        0x4 xprintf.o
 .bss           0x10000ed8        0x0 /opt/york/cs/net/lpc1700-cmsis-lite-2011.01.26-i686-1/lib/core_cm3.o
 .bss           0x10000ed8        0x0 /opt/york/cs/net/lpc1700-cmsis-lite-2011.01.26-i686-1/lib/system_LPC17xx.o
 .bss           0x10000ed8        0x0 /opt/york/cs/net/lpc1700-cmsis-lite-2011.01.26-i686-1/lib/startup_LPC17xx.o
 .bss           0x10000ed8        0x0 /opt/york/cs/net/sourcery-g++-lite-arm-eabi-2010.09.51-i686-1/arm-none-eabi/lib/thumb2/libc.a(lib_a-printf.o)
 .bss           0x10000ed8        0x0 /opt/york/cs/net/sourcery-g++-lite-arm-eabi-2010.09.51-i686-1/arm-none-eabi/lib/thumb2/libc.a(lib_a-vfprintf.o)
 .bss           0x10000ed8        0x0 /opt/york/cs/net/sourcery-g++-lite-arm-eabi-2010.09.51-i686-1/arm-none-eabi/lib/thumb2/libc.a(lib_a-wsetup.o)
 .bss           0x10000ed8        0x0 /opt/york/cs/net/sourcery-g++-lite-arm-eabi-2010.09.51-i686-1/arm-none-eabi/lib/thumb2/libc.a(lib_a-dtoa.o)
 .bss           0x10000ed8        0x0 /opt/york/cs/net/sourcery-g++-lite-arm-eabi-2010.09.51-i686-1/arm-none-eabi/lib/thumb2/libc.a(lib_a-fflush.o)
 .bss           0x10000ed8        0x0 /opt/york/cs/net/sourcery-g++-lite-arm-eabi-2010.09.51-i686-1/arm-none-eabi/lib/thumb2/libc.a(lib_a-findfp.o)
 .bss           0x10000ed8        0x0 /opt/york/cs/net/sourcery-g++-lite-arm-eabi-2010.09.51-i686-1/arm-none-eabi/lib/thumb2/libc.a(lib_a-freer.o)
 .bss           0x10000ed8        0x0 /opt/york/cs/net/sourcery-g++-lite-arm-eabi-2010.09.51-i686-1/arm-none-eabi/lib/thumb2/libc.a(lib_a-fwalk.o)
 .bss           0x10000ed8        0x0 /opt/york/cs/net/sourcery-g++-lite-arm-eabi-2010.09.51-i686-1/arm-none-eabi/lib/thumb2/libc.a(lib_a-impure.o)
 .bss           0x10000ed8        0xc /opt/york/cs/net/sourcery-g++-lite-arm-eabi-2010.09.51-i686-1/arm-none-eabi/lib/thumb2/libc.a(lib_a-locale.o)
                0x10000ed8                __nlocale_changed
                0x10000edc                __mlocale_changed
                0x10000ee0                _PathLocale
 .bss           0x10000ee4        0x0 /opt/york/cs/net/sourcery-g++-lite-arm-eabi-2010.09.51-i686-1/arm-none-eabi/lib/thumb2/libc.a(lib_a-makebuf.o)
 .bss           0x10000ee4        0x0 /opt/york/cs/net/sourcery-g++-lite-arm-eabi-2010.09.51-i686-1/arm-none-eabi/lib/thumb2/libc.a(lib_a-malloc.o)
 .bss           0x10000ee4       0x34 /opt/york/cs/net/sourcery-g++-lite-arm-eabi-2010.09.51-i686-1/arm-none-eabi/lib/thumb2/libc.a(lib_a-mallocr.o)
                0x10000ee4                __malloc_top_pad
                0x10000ee8                __malloc_current_mallinfo
                0x10000f10                __malloc_max_sbrked_mem
                0x10000f14                __malloc_max_total_mem
 .bss           0x10000f18        0x0 /opt/york/cs/net/sourcery-g++-lite-arm-eabi-2010.09.51-i686-1/arm-none-eabi/lib/thumb2/libc.a(lib_a-memchr.o)
 .bss           0x10000f18        0x0 /opt/york/cs/net/sourcery-g++-lite-arm-eabi-2010.09.51-i686-1/arm-none-eabi/lib/thumb2/libc.a(lib_a-memcpy.o)
 .bss           0x10000f18        0x0 /opt/york/cs/net/sourcery-g++-lite-arm-eabi-2010.09.51-i686-1/arm-none-eabi/lib/thumb2/libc.a(lib_a-memset.o)
 .bss           0x10000f18        0x0 /opt/york/cs/net/sourcery-g++-lite-arm-eabi-2010.09.51-i686-1/arm-none-eabi/lib/thumb2/libc.a(lib_a-mlock.o)
 .bss           0x10000f18        0x0 /opt/york/cs/net/sourcery-g++-lite-arm-eabi-2010.09.51-i686-1/arm-none-eabi/lib/thumb2/libc.a(lib_a-mprec.o)
 .bss           0x10000f18        0x0 /opt/york/cs/net/sourcery-g++-lite-arm-eabi-2010.09.51-i686-1/arm-none-eabi/lib/thumb2/libc.a(lib_a-s_fpclassify.o)
 .bss           0x10000f18        0x0 /opt/york/cs/net/sourcery-g++-lite-arm-eabi-2010.09.51-i686-1/arm-none-eabi/lib/thumb2/libc.a(lib_a-sbrkr.o)
 .bss           0x10000f18        0x0 /opt/york/cs/net/sourcery-g++-lite-arm-eabi-2010.09.51-i686-1/arm-none-eabi/lib/thumb2/libc.a(lib_a-stdio.o)
 .bss           0x10000f18        0x0 /opt/york/cs/net/sourcery-g++-lite-arm-eabi-2010.09.51-i686-1/arm-none-eabi/lib/thumb2/libc.a(lib_a-strcmp.o)
 .bss           0x10000f18        0x0 /opt/york/cs/net/sourcery-g++-lite-arm-eabi-2010.09.51-i686-1/arm-none-eabi/lib/thumb2/libc.a(lib_a-strlen.o)
 .bss           0x10000f18        0x0 /opt/york/cs/net/sourcery-g++-lite-arm-eabi-2010.09.51-i686-1/arm-none-eabi/lib/thumb2/libc.a(lib_a-vfiprintf.o)
 .bss           0x10000f18        0x0 /opt/york/cs/net/sourcery-g++-lite-arm-eabi-2010.09.51-i686-1/arm-none-eabi/lib/thumb2/libc.a(lib_a-writer.o)
 .bss           0x10000f18        0x0 /opt/york/cs/net/sourcery-g++-lite-arm-eabi-2010.09.51-i686-1/arm-none-eabi/lib/thumb2/libc.a(lib_a-callocr.o)
 .bss           0x10000f18        0x0 /opt/york/cs/net/sourcery-g++-lite-arm-eabi-2010.09.51-i686-1/arm-none-eabi/lib/thumb2/libc.a(lib_a-closer.o)
 .bss           0x10000f18        0x0 /opt/york/cs/net/sourcery-g++-lite-arm-eabi-2010.09.51-i686-1/arm-none-eabi/lib/thumb2/libc.a(lib_a-fclose.o)
 .bss           0x10000f18        0x0 /opt/york/cs/net/sourcery-g++-lite-arm-eabi-2010.09.51-i686-1/arm-none-eabi/lib/thumb2/libc.a(lib_a-fputwc.o)
 .bss           0x10000f18        0x0 /opt/york/cs/net/sourcery-g++-lite-arm-eabi-2010.09.51-i686-1/arm-none-eabi/lib/thumb2/libc.a(lib_a-fstatr.o)
 .bss           0x10000f18        0x0 /opt/york/cs/net/sourcery-g++-lite-arm-eabi-2010.09.51-i686-1/arm-none-eabi/lib/thumb2/libc.a(lib_a-fvwrite.o)
 .bss           0x10000f18        0x0 /opt/york/cs/net/sourcery-g++-lite-arm-eabi-2010.09.51-i686-1/arm-none-eabi/lib/thumb2/libc.a(lib_a-isattyr.o)
 .bss           0x10000f18        0x0 /opt/york/cs/net/sourcery-g++-lite-arm-eabi-2010.09.51-i686-1/arm-none-eabi/lib/thumb2/libc.a(lib_a-lseekr.o)
 .bss           0x10000f18        0x0 /opt/york/cs/net/sourcery-g++-lite-arm-eabi-2010.09.51-i686-1/arm-none-eabi/lib/thumb2/libc.a(lib_a-memmove.o)
 .bss           0x10000f18        0x0 /opt/york/cs/net/sourcery-g++-lite-arm-eabi-2010.09.51-i686-1/arm-none-eabi/lib/thumb2/libc.a(lib_a-readr.o)
 .bss           0x10000f18        0x0 /opt/york/cs/net/sourcery-g++-lite-arm-eabi-2010.09.51-i686-1/arm-none-eabi/lib/thumb2/libc.a(lib_a-reallocr.o)
 .bss           0x10000f18        0x0 /opt/york/cs/net/sourcery-g++-lite-arm-eabi-2010.09.51-i686-1/arm-none-eabi/lib/thumb2/libc.a(lib_a-reent.o)
 .bss           0x10000f18        0x0 /opt/york/cs/net/sourcery-g++-lite-arm-eabi-2010.09.51-i686-1/arm-none-eabi/lib/thumb2/libc.a(lib_a-wbuf.o)
 .bss           0x10000f18        0x0 /opt/york/cs/net/sourcery-g++-lite-arm-eabi-2010.09.51-i686-1/arm-none-eabi/lib/thumb2/libc.a(lib_a-wcrtomb.o)
 .bss           0x10000f18        0x0 /opt/york/cs/net/sourcery-g++-lite-arm-eabi-2010.09.51-i686-1/arm-none-eabi/lib/thumb2/libc.a(lib_a-wctomb_r.o)
 .bss           0x10000f18        0x0 /opt/york/cs/net/sourcery-g++-lite-arm-eabi-2010.09.51-i686-1/bin/../lib/gcc/arm-none-eabi/4.5.1/thumb2/libgcc.a(_udivsi3.o)
 .bss           0x10000f18        0x0 /opt/york/cs/net/sourcery-g++-lite-arm-eabi-2010.09.51-i686-1/bin/../lib/gcc/arm-none-eabi/4.5.1/thumb2/libgcc.a(_dvmd_tls.o)
 .bss           0x10000f18        0x0 /opt/york/cs/net/sourcery-g++-lite-arm-eabi-2010.09.51-i686-1/bin/../lib/gcc/arm-none-eabi/4.5.1/thumb2/libgcc.a(_arm_addsubdf3.o)
 .bss           0x10000f18        0x0 /opt/york/cs/net/sourcery-g++-lite-arm-eabi-2010.09.51-i686-1/bin/../lib/gcc/arm-none-eabi/4.5.1/thumb2/libgcc.a(_arm_muldivdf3.o)
 .bss           0x10000f18        0x0 /opt/york/cs/net/sourcery-g++-lite-arm-eabi-2010.09.51-i686-1/bin/../lib/gcc/arm-none-eabi/4.5.1/thumb2/libgcc.a(_arm_cmpdf2.o)
 .bss           0x10000f18        0x0 /opt/york/cs/net/sourcery-g++-lite-arm-eabi-2010.09.51-i686-1/bin/../lib/gcc/arm-none-eabi/4.5.1/thumb2/libgcc.a(_arm_fixdfsi.o)
 .bss           0x10000f18        0x0 /opt/york/cs/net/sourcery-g++-lite-arm-eabi-2010.09.51-i686-1/bin/../lib/gcc/arm-none-eabi/4.5.1/thumb2/libgcc.a(_aeabi_uldivmod.o)
 .bss           0x10000f18        0x0 /opt/york/cs/net/sourcery-g++-lite-arm-eabi-2010.09.51-i686-1/bin/../lib/gcc/arm-none-eabi/4.5.1/thumb2/libgcc.a(bpabi.o)
 .bss           0x10000f18        0x0 /opt/york/cs/net/sourcery-g++-lite-arm-eabi-2010.09.51-i686-1/bin/../lib/gcc/arm-none-eabi/4.5.1/thumb2/libgcc.a(_divdi3.o)
 .bss           0x10000f18        0x0 /opt/york/cs/net/sourcery-g++-lite-arm-eabi-2010.09.51-i686-1/bin/../lib/gcc/arm-none-eabi/4.5.1/thumb2/libgcc.a(_udivdi3.o)
 .bss           0x10000f18        0x0 /opt/york/cs/net/sourcery-g++-lite-arm-eabi-2010.09.51-i686-1/arm-none-eabi/lib/thumb2/libcs3.a(start_c.o)
 .bss           0x10000f18        0x0 /opt/york/cs/net/sourcery-g++-lite-arm-eabi-2010.09.51-i686-1/arm-none-eabi/lib/thumb2/libcs3unhosted.a(unhosted-_close.o)
 .bss           0x10000f18        0x0 /opt/york/cs/net/sourcery-g++-lite-arm-eabi-2010.09.51-i686-1/arm-none-eabi/lib/thumb2/libcs3unhosted.a(unhosted-_fstat.o)
 .bss           0x10000f18        0x0 /opt/york/cs/net/sourcery-g++-lite-arm-eabi-2010.09.51-i686-1/arm-none-eabi/lib/thumb2/libcs3unhosted.a(unhosted-isatty.o)
 .bss           0x10000f18        0x0 /opt/york/cs/net/sourcery-g++-lite-arm-eabi-2010.09.51-i686-1/arm-none-eabi/lib/thumb2/libcs3unhosted.a(unhosted-_lseek.o)
 .bss           0x10000f18        0x0 /opt/york/cs/net/sourcery-g++-lite-arm-eabi-2010.09.51-i686-1/arm-none-eabi/lib/thumb2/libcs3unhosted.a(unhosted-_read.o)
 .bss           0x10000f18        0x0 /opt/york/cs/net/sourcery-g++-lite-arm-eabi-2010.09.51-i686-1/arm-none-eabi/lib/thumb2/libcs3unhosted.a(unhosted-_write.o)
 .bss           0x10000f18        0x0 /opt/york/cs/net/sourcery-g++-lite-arm-eabi-2010.09.51-i686-1/arm-none-eabi/lib/thumb2/libcs3unhosted.a(unhosted-sbrk.o)
 .bss           0x10000f18        0x0 /opt/york/cs/net/sourcery-g++-lite-arm-eabi-2010.09.51-i686-1/arm-none-eabi/lib/thumb2/libcs3unhosted.a(unhosted-start.o)
 .bss           0x10000f18        0x0 /opt/york/cs/net/sourcery-g++-lite-arm-eabi-2010.09.51-i686-1/arm-none-eabi/lib/thumb2/libc.a(lib_a-errno.o)
 .bss           0x10000f18        0x0 /opt/york/cs/net/sourcery-g++-lite-arm-eabi-2010.09.51-i686-1/arm-none-eabi/lib/thumb2/libc.a(lib_a-init.o)
 .bss           0x10000f18        0x0 /opt/york/cs/net/sourcery-g++-lite-arm-eabi-2010.09.51-i686-1/arm-none-eabi/lib/thumb2/libcs3.a(heap.o)
 .bss           0x10000f18        0x0 /opt/york/cs/net/sourcery-g++-lite-arm-eabi-2010.09.51-i686-1/bin/../lib/gcc/arm-none-eabi/4.5.1/thumb2/crtend.o
 .bss           0x10000f18        0x0 /opt/york/cs/net/sourcery-g++-lite-arm-eabi-2010.09.51-i686-1/bin/../lib/gcc/arm-none-eabi/4.5.1/thumb2/crtn.o
 *(COMMON)
 COMMON         0x10000f18      0x234 main.o
                0x10000f18                FatFs
 COMMON         0x1000114c        0x8 xprintf.o
                0x1000114c                xfunc_in
                0x10001150                xfunc_out
 COMMON         0x10001154        0x4 /opt/york/cs/net/sourcery-g++-lite-arm-eabi-2010.09.51-i686-1/arm-none-eabi/lib/thumb2/libc.a(lib_a-reent.o)
                0x10001154                errno
 *(.ram.b)
                0x10001158                . = ALIGN (0x8)
                0x10001158                _end = .
                0x10001158                __end = .

.usb_ram
 *.o(USB_RAM)

.heap           0x10001158     0x1000
 *(.heap)
 .heap          0x10001158     0x1000 /opt/york/cs/net/lpc1700-cmsis-lite-2011.01.26-i686-1/lib/startup_LPC17xx.o
                0x10001158                __cs3_heap_start
                0x10002158                __cs3_heap_end

.stack          0x10007f00      0x100
 *(.stack)
 .stack         0x10007f00      0x100 /opt/york/cs/net/lpc1700-cmsis-lite-2011.01.26-i686-1/lib/startup_LPC17xx.o
                0x10007f00                __cs3_stack_mem
                0x10008000                _estack = .
                0x10008000                PROVIDE (estack, .)
                0x00010198                __cs3_region_init_ram = LOADADDR (.data)
                0x000005a0                __cs3_region_init_size_ram = (_edata - __cs3_region_start_ram)
                0x00000bb8                __cs3_region_zero_size_ram = (_end - _edata)
                0x00008000                __cs3_region_size_ram = 0x8000
                0x00000001                __cs3_region_num = 0x1

.stab
 *(.stab)

.stabstr
 *(.stabstr)

.debug
 *(.debug)

.line
 *(.line)

.debug_srcinfo
 *(.debug_srcinfo)

.debug_sfnames
 *(.debug_sfnames)

.comment        0x00000000       0x2a
 .comment       0x00000000       0x2a crp.o
                                 0x2b (size before relaxing)
 .comment       0x00000000       0x2b ff.o
 .comment       0x00000000       0x2b ffunicode.o
 .comment       0x00000000       0x2b main.o
 .comment       0x00000000       0x2b mmc_176x_ssp.o
 .comment       0x00000000       0x2b rtc176x.o
 .comment       0x00000000       0x2b sound.o
 .comment       0x00000000       0x2b startup176x.o
 .comment       0x00000000       0x2b uart176x.o
 .comment       0x00000000       0x2b xprintf.o
 .comment       0x00000000       0x2b /opt/york/cs/net/lpc1700-cmsis-lite-2011.01.26-i686-1/lib/core_cm3.o
 .comment       0x00000000       0x2b /opt/york/cs/net/lpc1700-cmsis-lite-2011.01.26-i686-1/lib/system_LPC17xx.o

.debug_aranges  0x00000000      0x4a8
 *(.debug_aranges)
 .debug_aranges
                0x00000000      0x248 ff.o
 .debug_aranges
                0x00000248       0x20 main.o
 .debug_aranges
                0x00000268       0xa0 mmc_176x_ssp.o
 .debug_aranges
                0x00000308       0x30 rtc176x.o
 .debug_aranges
                0x00000338       0x38 sound.o
 .debug_aranges
                0x00000370       0x38 startup176x.o
 .debug_aranges
                0x000003a8       0x40 uart176x.o
 .debug_aranges
                0x000003e8       0x70 xprintf.o
 .debug_aranges
                0x00000458       0x28 /opt/york/cs/net/lpc1700-cmsis-lite-2011.01.26-i686-1/lib/system_LPC17xx.o
 .debug_aranges
                0x00000480       0x28 /opt/york/cs/net/lpc1700-cmsis-lite-2011.01.26-i686-1/lib/startup_LPC17xx.o

.debug_pubnames
                0x00000000      0x49d
 *(.debug_pubnames)
 .debug_pubnames
                0x00000000       0x21 crp.o
 .debug_pubnames
                0x00000021      0x191 ff.o
 .debug_pubnames
                0x000001b2       0x25 main.o
 .debug_pubnames
                0x000001d7       0x75 mmc_176x_ssp.o
 .debug_pubnames
                0x0000024c       0x45 rtc176x.o
 .debug_pubnames
                0x00000291       0x54 sound.o
 .debug_pubnames
                0x000002e5       0x68 startup176x.o
 .debug_pubnames
                0x0000034d       0x63 uart176x.o
 .debug_pubnames
                0x000003b0       0x9e xprintf.o
 .debug_pubnames
                0x0000044e       0x4f /opt/york/cs/net/lpc1700-cmsis-lite-2011.01.26-i686-1/lib/system_LPC17xx.o

.debug_info     0x00000000     0x464e
 *(.debug_info .gnu.linkonce.wi.*)
 .debug_info    0x00000000       0x3f crp.o
 .debug_info    0x0000003f     0x2584 ff.o
 .debug_info    0x000025c3       0x49 ffunicode.o
 .debug_info    0x0000260c      0x400 main.o
 .debug_info    0x00002a0c      0x60b mmc_176x_ssp.o
 .debug_info    0x00003017      0x1a1 rtc176x.o
 .debug_info    0x000031b8      0x5cc sound.o
 .debug_info    0x00003784      0x14b startup176x.o
 .debug_info    0x000038cf      0x23b uart176x.o
 .debug_info    0x00003b0a      0x512 xprintf.o
 .debug_info    0x0000401c       0x68 /opt/york/cs/net/lpc1700-cmsis-lite-2011.01.26-i686-1/lib/core_cm3.o
 .debug_info    0x00004084      0x509 /opt/york/cs/net/lpc1700-cmsis-lite-2011.01.26-i686-1/lib/system_LPC17xx.o
 .debug_info    0x0000458d       0xc1 /opt/york/cs/net/lpc1700-cmsis-lite-2011.01.26-i686-1/lib/startup_LPC17xx.o

.debug_abbrev   0x00000000      0xb67
 *(.debug_abbrev)
 .debug_abbrev  0x00000000       0x30 crp.o
 .debug_abbrev  0x00000030      0x1a5 ff.o
 .debug_abbrev  0x000001d5       0x1f ffunicode.o
 .debug_abbrev  0x000001f4      0x13d main.o
 .debug_abbrev  0x00000331      0x1a5 mmc_176x_ssp.o
 .debug_abbrev  0x000004d6       0xcf rtc176x.o
 .debug_abbrev  0x000005a5      0x138 sound.o
 .debug_abbrev  0x000006dd       0xc6 startup176x.o
 .debug_abbrev  0x000007a3      0x106 uart176x.o
 .debug_abbrev  0x000008a9      0x182 xprintf.o
 .debug_abbrev  0x00000a2b       0x28 /opt/york/cs/net/lpc1700-cmsis-lite-2011.01.26-i686-1/lib/core_cm3.o
 .debug_abbrev  0x00000a53      0x102 /opt/york/cs/net/lpc1700-cmsis-lite-2011.01.26-i686-1/lib/system_LPC17xx.o
 .debug_abbrev  0x00000b55       0x12 /opt/york/cs/net/lpc1700-cmsis-lite-2011.01.26-i686-1/lib/startup_LPC17xx.o

.debug_line     0x00000000     0x27c6
 *(.debug_line)
 .debug_line    0x00000000       0x26 crp.o
 .debug_line    0x00000026     0x15ba ff.o
 .debug_line    0x000015e0       0x1d ffunicode.o
 .debug_line    0x000015fd       0x54 main.o
 .debug_line    0x00001651      0x4f8 mmc_176x_ssp.o
 .debug_line    0x00001b49      0x110 rtc176x.o
 .debug_line    0x00001c59      0x29c sound.o
 .debug_line    0x00001ef5      0x11e startup176x.o
 .debug_line    0x00002013      0x161 uart176x.o
 .debug_line    0x00002174      0x3a0 xprintf.o
 .debug_line    0x00002514       0x1d /opt/york/cs/net/lpc1700-cmsis-lite-2011.01.26-i686-1/lib/core_cm3.o
 .debug_line    0x00002531      0x1e4 /opt/york/cs/net/lpc1700-cmsis-lite-2011.01.26-i686-1/lib/system_LPC17xx.o
 .debug_line    0x00002715       0xb1 /opt/york/cs/net/lpc1700-cmsis-lite-2011.01.26-i686-1/lib/startup_LPC17xx.o

.debug_frame    0x00000000     0x1dd0
 *(.debug_frame)
 .debug_frame   0x00000000      0x8a8 ff.o
 .debug_frame   0x000008a8       0x30 main.o
 .debug_frame   0x000008d8      0x208 mmc_176x_ssp.o
 .debug_frame   0x00000ae0       0x60 rtc176x.o
 .debug_frame   0x00000b40       0x88 sound.o
 .debug_frame   0x00000bc8       0x68 startup176x.o
 .debug_frame   0x00000c30       0x94 uart176x.o
 .debug_frame   0x00000cc4      0x184 xprintf.o
 .debug_frame   0x00000e48       0x40 /opt/york/cs/net/lpc1700-cmsis-lite-2011.01.26-i686-1/lib/system_LPC17xx.o
 .debug_frame   0x00000e88       0x5c /opt/york/cs/net/sourcery-g++-lite-arm-eabi-2010.09.51-i686-1/arm-none-eabi/lib/thumb2/libc.a(lib_a-printf.o)
 .debug_frame   0x00000ee4       0x58 /opt/york/cs/net/sourcery-g++-lite-arm-eabi-2010.09.51-i686-1/arm-none-eabi/lib/thumb2/libc.a(lib_a-vfprintf.o)
 .debug_frame   0x00000f3c       0x2c /opt/york/cs/net/sourcery-g++-lite-arm-eabi-2010.09.51-i686-1/arm-none-eabi/lib/thumb2/libc.a(lib_a-wsetup.o)
 .debug_frame   0x00000f68       0x68 /opt/york/cs/net/sourcery-g++-lite-arm-eabi-2010.09.51-i686-1/arm-none-eabi/lib/thumb2/libc.a(lib_a-dtoa.o)
 .debug_frame   0x00000fd0       0x40 /opt/york/cs/net/sourcery-g++-lite-arm-eabi-2010.09.51-i686-1/arm-none-eabi/lib/thumb2/libc.a(lib_a-fflush.o)
 .debug_frame   0x00001010      0x114 /opt/york/cs/net/sourcery-g++-lite-arm-eabi-2010.09.51-i686-1/arm-none-eabi/lib/thumb2/libc.a(lib_a-findfp.o)
 .debug_frame   0x00001124       0x50 /opt/york/cs/net/sourcery-g++-lite-arm-eabi-2010.09.51-i686-1/arm-none-eabi/lib/thumb2/libc.a(lib_a-freer.o)
 .debug_frame   0x00001174       0x54 /opt/york/cs/net/sourcery-g++-lite-arm-eabi-2010.09.51-i686-1/arm-none-eabi/lib/thumb2/libc.a(lib_a-fwalk.o)
 .debug_frame   0x000011c8       0x98 /opt/york/cs/net/sourcery-g++-lite-arm-eabi-2010.09.51-i686-1/arm-none-eabi/lib/thumb2/libc.a(lib_a-locale.o)
 .debug_frame   0x00001260       0x34 /opt/york/cs/net/sourcery-g++-lite-arm-eabi-2010.09.51-i686-1/arm-none-eabi/lib/thumb2/libc.a(lib_a-makebuf.o)
 .debug_frame   0x00001294       0x30 /opt/york/cs/net/sourcery-g++-lite-arm-eabi-2010.09.51-i686-1/arm-none-eabi/lib/thumb2/libc.a(lib_a-malloc.o)
 .debug_frame   0x000012c4       0x3c /opt/york/cs/net/sourcery-g++-lite-arm-eabi-2010.09.51-i686-1/arm-none-eabi/lib/thumb2/libc.a(lib_a-mallocr.o)
 .debug_frame   0x00001300       0x2c /opt/york/cs/net/sourcery-g++-lite-arm-eabi-2010.09.51-i686-1/arm-none-eabi/lib/thumb2/libc.a(lib_a-memchr.o)
 .debug_frame   0x0000132c       0x30 /opt/york/cs/net/sourcery-g++-lite-arm-eabi-2010.09.51-i686-1/arm-none-eabi/lib/thumb2/libc.a(lib_a-memcpy.o)
 .debug_frame   0x0000135c       0x2c /opt/york/cs/net/sourcery-g++-lite-arm-eabi-2010.09.51-i686-1/arm-none-eabi/lib/thumb2/libc.a(lib_a-memset.o)
 .debug_frame   0x00001388       0x30 /opt/york/cs/net/sourcery-g++-lite-arm-eabi-2010.09.51-i686-1/arm-none-eabi/lib/thumb2/libc.a(lib_a-mlock.o)
 .debug_frame   0x000013b8      0x244 /opt/york/cs/net/sourcery-g++-lite-arm-eabi-2010.09.51-i686-1/arm-none-eabi/lib/thumb2/libc.a(lib_a-mprec.o)
 .debug_frame   0x000015fc       0x28 /opt/york/cs/net/sourcery-g++-lite-arm-eabi-2010.09.51-i686-1/arm-none-eabi/lib/thumb2/libc.a(lib_a-s_fpclassify.o)
 .debug_frame   0x00001624       0x2c /opt/york/cs/net/sourcery-g++-lite-arm-eabi-2010.09.51-i686-1/arm-none-eabi/lib/thumb2/libc.a(lib_a-sbrkr.o)
 .debug_frame   0x00001650       0x80 /opt/york/cs/net/sourcery-g++-lite-arm-eabi-2010.09.51-i686-1/arm-none-eabi/lib/thumb2/libc.a(lib_a-stdio.o)
 .debug_frame   0x000016d0       0x30 /opt/york/cs/net/sourcery-g++-lite-arm-eabi-2010.09.51-i686-1/arm-none-eabi/lib/thumb2/libc.a(lib_a-strcmp.o)
 .debug_frame   0x00001700       0x20 /opt/york/cs/net/sourcery-g++-lite-arm-eabi-2010.09.51-i686-1/arm-none-eabi/lib/thumb2/libc.a(lib_a-strlen.o)
 .debug_frame   0x00001720       0x7c /opt/york/cs/net/sourcery-g++-lite-arm-eabi-2010.09.51-i686-1/arm-none-eabi/lib/thumb2/libc.a(lib_a-vfiprintf.o)
 .debug_frame   0x0000179c       0x2c /opt/york/cs/net/sourcery-g++-lite-arm-eabi-2010.09.51-i686-1/arm-none-eabi/lib/thumb2/libc.a(lib_a-writer.o)
 .debug_frame   0x000017c8       0x2c /opt/york/cs/net/sourcery-g++-lite-arm-eabi-2010.09.51-i686-1/arm-none-eabi/lib/thumb2/libc.a(lib_a-callocr.o)
 .debug_frame   0x000017f4       0x2c /opt/york/cs/net/sourcery-g++-lite-arm-eabi-2010.09.51-i686-1/arm-none-eabi/lib/thumb2/libc.a(lib_a-closer.o)
 .debug_frame   0x00001820       0x3c /opt/york/cs/net/sourcery-g++-lite-arm-eabi-2010.09.51-i686-1/arm-none-eabi/lib/thumb2/libc.a(lib_a-fclose.o)
 .debug_frame   0x0000185c       0x54 /opt/york/cs/net/sourcery-g++-lite-arm-eabi-2010.09.51-i686-1/arm-none-eabi/lib/thumb2/libc.a(lib_a-fputwc.o)
 .debug_frame   0x000018b0       0x2c /opt/york/cs/net/sourcery-g++-lite-arm-eabi-2010.09.51-i686-1/arm-none-eabi/lib/thumb2/libc.a(lib_a-fstatr.o)
 .debug_frame   0x000018dc       0x3c /opt/york/cs/net/sourcery-g++-lite-arm-eabi-2010.09.51-i686-1/arm-none-eabi/lib/thumb2/libc.a(lib_a-fvwrite.o)
 .debug_frame   0x00001918       0x2c /opt/york/cs/net/sourcery-g++-lite-arm-eabi-2010.09.51-i686-1/arm-none-eabi/lib/thumb2/libc.a(lib_a-isattyr.o)
 .debug_frame   0x00001944       0x2c /opt/york/cs/net/sourcery-g++-lite-arm-eabi-2010.09.51-i686-1/arm-none-eabi/lib/thumb2/libc.a(lib_a-lseekr.o)
 .debug_frame   0x00001970       0x2c /opt/york/cs/net/sourcery-g++-lite-arm-eabi-2010.09.51-i686-1/arm-none-eabi/lib/thumb2/libc.a(lib_a-memmove.o)
 .debug_frame   0x0000199c       0x2c /opt/york/cs/net/sourcery-g++-lite-arm-eabi-2010.09.51-i686-1/arm-none-eabi/lib/thumb2/libc.a(lib_a-readr.o)
 .debug_frame   0x000019c8       0x3c /opt/york/cs/net/sourcery-g++-lite-arm-eabi-2010.09.51-i686-1/arm-none-eabi/lib/thumb2/libc.a(lib_a-reallocr.o)
 .debug_frame   0x00001a04       0x64 /opt/york/cs/net/sourcery-g++-lite-arm-eabi-2010.09.51-i686-1/arm-none-eabi/lib/thumb2/libc.a(lib_a-reent.o)
 .debug_frame   0x00001a68       0x3c /opt/york/cs/net/sourcery-g++-lite-arm-eabi-2010.09.51-i686-1/arm-none-eabi/lib/thumb2/libc.a(lib_a-wbuf.o)
 .debug_frame   0x00001aa4       0x5c /opt/york/cs/net/sourcery-g++-lite-arm-eabi-2010.09.51-i686-1/arm-none-eabi/lib/thumb2/libc.a(lib_a-wcrtomb.o)
 .debug_frame   0x00001b00       0x44 /opt/york/cs/net/sourcery-g++-lite-arm-eabi-2010.09.51-i686-1/arm-none-eabi/lib/thumb2/libc.a(lib_a-wctomb_r.o)
 .debug_frame   0x00001b44       0x20 /opt/york/cs/net/sourcery-g++-lite-arm-eabi-2010.09.51-i686-1/bin/../lib/gcc/arm-none-eabi/4.5.1/thumb2/libgcc.a(_udivsi3.o)
 .debug_frame   0x00001b64       0x50 /opt/york/cs/net/sourcery-g++-lite-arm-eabi-2010.09.51-i686-1/bin/../lib/gcc/arm-none-eabi/4.5.1/thumb2/libgcc.a(bpabi.o)
 .debug_frame   0x00001bb4       0x3c /opt/york/cs/net/sourcery-g++-lite-arm-eabi-2010.09.51-i686-1/bin/../lib/gcc/arm-none-eabi/4.5.1/thumb2/libgcc.a(_divdi3.o)
 .debug_frame   0x00001bf0       0x3c /opt/york/cs/net/sourcery-g++-lite-arm-eabi-2010.09.51-i686-1/bin/../lib/gcc/arm-none-eabi/4.5.1/thumb2/libgcc.a(_udivdi3.o)
 .debug_frame   0x00001c2c       0x40 /opt/york/cs/net/sourcery-g++-lite-arm-eabi-2010.09.51-i686-1/arm-none-eabi/lib/thumb2/libcs3.a(start_c.o)
 .debug_frame   0x00001c6c       0x28 /opt/york/cs/net/sourcery-g++-lite-arm-eabi-2010.09.51-i686-1/arm-none-eabi/lib/thumb2/libcs3unhosted.a(unhosted-_close.o)
 .debug_frame   0x00001c94       0x28 /opt/york/cs/net/sourcery-g++-lite-arm-eabi-2010.09.51-i686-1/arm-none-eabi/lib/thumb2/libcs3unhosted.a(unhosted-_fstat.o)
 .debug_frame   0x00001cbc       0x28 /opt/york/cs/net/sourcery-g++-lite-arm-eabi-2010.09.51-i686-1/arm-none-eabi/lib/thumb2/libcs3unhosted.a(unhosted-isatty.o)
 .debug_frame   0x00001ce4       0x28 /opt/york/cs/net/sourcery-g++-lite-arm-eabi-2010.09.51-i686-1/arm-none-eabi/lib/thumb2/libcs3unhosted.a(unhosted-_lseek.o)
 .debug_frame   0x00001d0c       0x28 /opt/york/cs/net/sourcery-g++-lite-arm-eabi-2010.09.51-i686-1/arm-none-eabi/lib/thumb2/libcs3unhosted.a(unhosted-_read.o)
 .debug_frame   0x00001d34       0x28 /opt/york/cs/net/sourcery-g++-lite-arm-eabi-2010.09.51-i686-1/arm-none-eabi/lib/thumb2/libcs3unhosted.a(unhosted-_write.o)
 .debug_frame   0x00001d5c       0x28 /opt/york/cs/net/sourcery-g++-lite-arm-eabi-2010.09.51-i686-1/arm-none-eabi/lib/thumb2/libcs3unhosted.a(unhosted-sbrk.o)
 .debug_frame   0x00001d84       0x20 /opt/york/cs/net/sourcery-g++-lite-arm-eabi-2010.09.51-i686-1/arm-none-eabi/lib/thumb2/libc.a(lib_a-errno.o)
 .debug_frame   0x00001da4       0x2c /opt/york/cs/net/sourcery-g++-lite-arm-eabi-2010.09.51-i686-1/arm-none-eabi/lib/thumb2/libc.a(lib_a-init.o)

.debug_str      0x00000000      0xc77
 *(.debug_str)
 .debug_str     0x00000000       0x40 crp.o
                                 0x52 (size before relaxing)
 .debug_str     0x00000040      0x67a ff.o
                                0x714 (size before relaxing)
 .debug_str     0x000006ba        0xc ffunicode.o
                                 0x80 (size before relaxing)
 .debug_str     0x000006c6       0x3b main.o
                                0x2ea (size before relaxing)
 .debug_str     0x00000701      0x115 mmc_176x_ssp.o
                                0x234 (size before relaxing)
 .debug_str     0x00000816       0x54 rtc176x.o
                                0x118 (size before relaxing)
 .debug_str     0x0000086a       0x75 sound.o
                                0x244 (size before relaxing)
 .debug_str     0x000008df       0x4c startup176x.o
                                0x10d (size before relaxing)
 .debug_str     0x0000092b       0x58 uart176x.o
                                0x12a (size before relaxing)
 .debug_str     0x00000983       0x86 xprintf.o
                                0x12e (size before relaxing)
 .debug_str     0x00000a09       0x42 /opt/york/cs/net/lpc1700-cmsis-lite-2011.01.26-i686-1/lib/core_cm3.o
                                 0xd2 (size before relaxing)
 .debug_str     0x00000a4b      0x22c /opt/york/cs/net/lpc1700-cmsis-lite-2011.01.26-i686-1/lib/system_LPC17xx.o
                                0x2d5 (size before relaxing)

.debug_loc      0x00000000     0x191e
 *(.debug_loc)
 .debug_loc     0x00000000      0xf80 ff.o
 .debug_loc     0x00000f80       0x3a main.o
 .debug_loc     0x00000fba      0x388 mmc_176x_ssp.o
 .debug_loc     0x00001342       0x9c rtc176x.o
 .debug_loc     0x000013de       0xd6 sound.o
 .debug_loc     0x000014b4       0x84 startup176x.o
 .debug_loc     0x00001538      0x100 uart176x.o
 .debug_loc     0x00001638      0x28e xprintf.o
 .debug_loc     0x000018c6       0x58 /opt/york/cs/net/lpc1700-cmsis-lite-2011.01.26-i686-1/lib/system_LPC17xx.o

.debug_macinfo
 *(.debug_macinfo)

.debug_weaknames
 *(.debug_weaknames)

.debug_funcnames
 *(.debug_funcnames)

.debug_typenames
 *(.debug_typenames)

.debug_varnames
 *(.debug_varnames)

.note.gnu.arm.ident
 *(.note.gnu.arm.ident)

.ARM.attributes
                0x00000000       0x25
 *(.ARM.attributes)
 .ARM.attributes
                0x00000000       0x19 /opt/york/cs/net/sourcery-g++-lite-arm-eabi-2010.09.51-i686-1/bin/../lib/gcc/arm-none-eabi/4.5.1/thumb2/crti.o
 .ARM.attributes
                0x00000019       0x29 /opt/york/cs/net/sourcery-g++-lite-arm-eabi-2010.09.51-i686-1/bin/../lib/gcc/arm-none-eabi/4.5.1/thumb2/crtbegin.o
 .ARM.attributes
                0x00000042       0x31 crp.o
 .ARM.attributes
                0x00000073       0x31 ff.o
 .ARM.attributes
                0x000000a4       0x31 ffunicode.o
 .ARM.attributes
                0x000000d5       0x31 main.o
 .ARM.attributes
                0x00000106       0x31 mmc_176x_ssp.o
 .ARM.attributes
                0x00000137       0x31 rtc176x.o
 .ARM.attributes
                0x00000168       0x31 sound.o
 .ARM.attributes
                0x00000199       0x31 startup176x.o
 .ARM.attributes
                0x000001ca       0x31 uart176x.o
 .ARM.attributes
                0x000001fb       0x31 xprintf.o
 .ARM.attributes
                0x0000022c       0x31 /opt/york/cs/net/lpc1700-cmsis-lite-2011.01.26-i686-1/lib/core_cm3.o
 .ARM.attributes
                0x0000025d       0x31 /opt/york/cs/net/lpc1700-cmsis-lite-2011.01.26-i686-1/lib/system_LPC17xx.o
 .ARM.attributes
                0x0000028e       0x21 /opt/york/cs/net/lpc1700-cmsis-lite-2011.01.26-i686-1/lib/startup_LPC17xx.o
 .ARM.attributes
                0x000002af       0x29 /opt/york/cs/net/sourcery-g++-lite-arm-eabi-2010.09.51-i686-1/arm-none-eabi/lib/thumb2/libc.a(lib_a-printf.o)
 .ARM.attributes
                0x000002d8       0x29 /opt/york/cs/net/sourcery-g++-lite-arm-eabi-2010.09.51-i686-1/arm-none-eabi/lib/thumb2/libc.a(lib_a-vfprintf.o)
 .ARM.attributes
                0x00000301       0x29 /opt/york/cs/net/sourcery-g++-lite-arm-eabi-2010.09.51-i686-1/arm-none-eabi/lib/thumb2/libc.a(lib_a-wsetup.o)
 .ARM.attributes
                0x0000032a       0x29 /opt/york/cs/net/sourcery-g++-lite-arm-eabi-2010.09.51-i686-1/arm-none-eabi/lib/thumb2/libc.a(lib_a-dtoa.o)
 .ARM.attributes
                0x00000353       0x29 /opt/york/cs/net/sourcery-g++-lite-arm-eabi-2010.09.51-i686-1/arm-none-eabi/lib/thumb2/libc.a(lib_a-fflush.o)
 .ARM.attributes
                0x0000037c       0x29 /opt/york/cs/net/sourcery-g++-lite-arm-eabi-2010.09.51-i686-1/arm-none-eabi/lib/thumb2/libc.a(lib_a-findfp.o)
 .ARM.attributes
                0x000003a5       0x29 /opt/york/cs/net/sourcery-g++-lite-arm-eabi-2010.09.51-i686-1/arm-none-eabi/lib/thumb2/libc.a(lib_a-freer.o)
 .ARM.attributes
                0x000003ce       0x29 /opt/york/cs/net/sourcery-g++-lite-arm-eabi-2010.09.51-i686-1/arm-none-eabi/lib/thumb2/libc.a(lib_a-fwalk.o)
 .ARM.attributes
                0x000003f7       0x29 /opt/york/cs/net/sourcery-g++-lite-arm-eabi-2010.09.51-i686-1/arm-none-eabi/lib/thumb2/libc.a(lib_a-impure.o)
 .ARM.attributes
                0x00000420       0x29 /opt/york/cs/net/sourcery-g++-lite-arm-eabi-2010.09.51-i686-1/arm-none-eabi/lib/thumb2/libc.a(lib_a-locale.o)
 .ARM.attributes
                0x00000449       0x29 /opt/york/cs/net/sourcery-g++-lite-arm-eabi-2010.09.51-i686-1/arm-none-eabi/lib/thumb2/libc.a(lib_a-makebuf.o)
 .ARM.attributes
                0x00000472       0x29 /opt/york/cs/net/sourcery-g++-lite-arm-eabi-2010.09.51-i686-1/arm-none-eabi/lib/thumb2/libc.a(lib_a-malloc.o)
 .ARM.attributes
                0x0000049b       0x29 /opt/york/cs/net/sourcery-g++-lite-arm-eabi-2010.09.51-i686-1/arm-none-eabi/lib/thumb2/libc.a(lib_a-mallocr.o)
 .ARM.attributes
                0x000004c4       0x29 /opt/york/cs/net/sourcery-g++-lite-arm-eabi-2010.09.51-i686-1/arm-none-eabi/lib/thumb2/libc.a(lib_a-memchr.o)
 .ARM.attributes
                0x000004ed       0x29 /opt/york/cs/net/sourcery-g++-lite-arm-eabi-2010.09.51-i686-1/arm-none-eabi/lib/thumb2/libc.a(lib_a-memcpy.o)
 .ARM.attributes
                0x00000516       0x29 /opt/york/cs/net/sourcery-g++-lite-arm-eabi-2010.09.51-i686-1/arm-none-eabi/lib/thumb2/libc.a(lib_a-memset.o)
 .ARM.attributes
                0x0000053f       0x29 /opt/york/cs/net/sourcery-g++-lite-arm-eabi-2010.09.51-i686-1/arm-none-eabi/lib/thumb2/libc.a(lib_a-mlock.o)
 .ARM.attributes
                0x00000568       0x29 /opt/york/cs/net/sourcery-g++-lite-arm-eabi-2010.09.51-i686-1/arm-none-eabi/lib/thumb2/libc.a(lib_a-mprec.o)
 .ARM.attributes
                0x00000591       0x29 /opt/york/cs/net/sourcery-g++-lite-arm-eabi-2010.09.51-i686-1/arm-none-eabi/lib/thumb2/libc.a(lib_a-s_fpclassify.o)
 .ARM.attributes
                0x000005ba       0x29 /opt/york/cs/net/sourcery-g++-lite-arm-eabi-2010.09.51-i686-1/arm-none-eabi/lib/thumb2/libc.a(lib_a-sbrkr.o)
 .ARM.attributes
                0x000005e3       0x29 /opt/york/cs/net/sourcery-g++-lite-arm-eabi-2010.09.51-i686-1/arm-none-eabi/lib/thumb2/libc.a(lib_a-stdio.o)
 .ARM.attributes
                0x0000060c       0x29 /opt/york/cs/net/sourcery-g++-lite-arm-eabi-2010.09.51-i686-1/arm-none-eabi/lib/thumb2/libc.a(lib_a-strcmp.o)
 .ARM.attributes
                0x00000635       0x29 /opt/york/cs/net/sourcery-g++-lite-arm-eabi-2010.09.51-i686-1/arm-none-eabi/lib/thumb2/libc.a(lib_a-strlen.o)
 .ARM.attributes
                0x0000065e       0x29 /opt/york/cs/net/sourcery-g++-lite-arm-eabi-2010.09.51-i686-1/arm-none-eabi/lib/thumb2/libc.a(lib_a-vfiprintf.o)
 .ARM.attributes
                0x00000687       0x29 /opt/york/cs/net/sourcery-g++-lite-arm-eabi-2010.09.51-i686-1/arm-none-eabi/lib/thumb2/libc.a(lib_a-writer.o)
 .ARM.attributes
                0x000006b0       0x29 /opt/york/cs/net/sourcery-g++-lite-arm-eabi-2010.09.51-i686-1/arm-none-eabi/lib/thumb2/libc.a(lib_a-callocr.o)
 .ARM.attributes
                0x000006d9       0x29 /opt/york/cs/net/sourcery-g++-lite-arm-eabi-2010.09.51-i686-1/arm-none-eabi/lib/thumb2/libc.a(lib_a-closer.o)
 .ARM.attributes
                0x00000702       0x29 /opt/york/cs/net/sourcery-g++-lite-arm-eabi-2010.09.51-i686-1/arm-none-eabi/lib/thumb2/libc.a(lib_a-fclose.o)
 .ARM.attributes
                0x0000072b       0x29 /opt/york/cs/net/sourcery-g++-lite-arm-eabi-2010.09.51-i686-1/arm-none-eabi/lib/thumb2/libc.a(lib_a-fputwc.o)
 .ARM.attributes
                0x00000754       0x29 /opt/york/cs/net/sourcery-g++-lite-arm-eabi-2010.09.51-i686-1/arm-none-eabi/lib/thumb2/libc.a(lib_a-fstatr.o)
 .ARM.attributes
                0x0000077d       0x29 /opt/york/cs/net/sourcery-g++-lite-arm-eabi-2010.09.51-i686-1/arm-none-eabi/lib/thumb2/libc.a(lib_a-fvwrite.o)
 .ARM.attributes
                0x000007a6       0x29 /opt/york/cs/net/sourcery-g++-lite-arm-eabi-2010.09.51-i686-1/arm-none-eabi/lib/thumb2/libc.a(lib_a-isattyr.o)
 .ARM.attributes
                0x000007cf       0x29 /opt/york/cs/net/sourcery-g++-lite-arm-eabi-2010.09.51-i686-1/arm-none-eabi/lib/thumb2/libc.a(lib_a-lseekr.o)
 .ARM.attributes
                0x000007f8       0x29 /opt/york/cs/net/sourcery-g++-lite-arm-eabi-2010.09.51-i686-1/arm-none-eabi/lib/thumb2/libc.a(lib_a-memmove.o)
 .ARM.attributes
                0x00000821       0x29 /opt/york/cs/net/sourcery-g++-lite-arm-eabi-2010.09.51-i686-1/arm-none-eabi/lib/thumb2/libc.a(lib_a-readr.o)
 .ARM.attributes
                0x0000084a       0x29 /opt/york/cs/net/sourcery-g++-lite-arm-eabi-2010.09.51-i686-1/arm-none-eabi/lib/thumb2/libc.a(lib_a-reallocr.o)
 .ARM.attributes
                0x00000873       0x29 /opt/york/cs/net/sourcery-g++-lite-arm-eabi-2010.09.51-i686-1/arm-none-eabi/lib/thumb2/libc.a(lib_a-reent.o)
 .ARM.attributes
                0x0000089c       0x29 /opt/york/cs/net/sourcery-g++-lite-arm-eabi-2010.09.51-i686-1/arm-none-eabi/lib/thumb2/libc.a(lib_a-wbuf.o)
 .ARM.attributes
                0x000008c5       0x29 /opt/york/cs/net/sourcery-g++-lite-arm-eabi-2010.09.51-i686-1/arm-none-eabi/lib/thumb2/libc.a(lib_a-wcrtomb.o)
 .ARM.attributes
                0x000008ee       0x29 /opt/york/cs/net/sourcery-g++-lite-arm-eabi-2010.09.51-i686-1/arm-none-eabi/lib/thumb2/libc.a(lib_a-wctomb_r.o)
 .ARM.attributes
                0x00000917       0x1b /opt/york/cs/net/sourcery-g++-lite-arm-eabi-2010.09.51-i686-1/bin/../lib/gcc/arm-none-eabi/4.5.1/thumb2/libgcc.a(_udivsi3.o)
 .ARM.attributes